packages/noble/Account/src/Resources/js/Pages/BankAccounts/Create.tsx(38,34): error TS2555: Expected at least 4 arguments, but got 1.
packages/noble/Account/src/Resources/js/Pages/BankAccounts/Edit.tsx(22,89): error TS2769: No overload matches this call.
  Overload 2 of 2, '(rememberKey: string, initialValues?: EditBankAccountFormData): InertiaFormProps<EditBankAccountFormData>', gave the following error.
    Argument of type '{ account_number: string; account_name: string; bank_name: string; branch_name: string; account_type: string; payment_gateway: string; opening_balance: string | number; current_balance: string | number; ... 4 more ...; gl_account_id: string; }' is not assignable to parameter of type 'string'.
packages/noble/Account/src/Resources/js/Pages/BankAccounts/Edit.tsx(38,34): error TS2555: Expected at least 4 arguments, but got 1.
packages/noble/Account/src/Resources/js/Pages/BankTransactions/Index.tsx(62,63): error TS2344: Type 'BankTransactionsIndexProps' does not satisfy the constraint 'PageProps'.
  Index signature for type 'string' is missing in type 'BankTransactionsIndexProps'.
packages/noble/Account/src/Resources/js/Pages/BankTransactions/Index.tsx(370,57): error TS2339: Property 'data' does not exist on type 'any[] | { data: BankTransaction[]; links: any[]; meta: any; }'.
  Property 'data' does not exist on type 'any[]'.
packages/noble/Account/src/Resources/js/Pages/BankTransactions/Index.tsx(397,44): error TS2339: Property 'data' does not exist on type 'any[] | { data: BankTransaction[]; links: any[]; meta: any; }'.
  Property 'data' does not exist on type 'any[]'.
packages/noble/Account/src/Resources/js/Pages/BankTransactions/Index.tsx(399,52): error TS2339: Property 'data' does not exist on type 'any[] | { data: BankTransaction[]; links: any[]; meta: any; }'.
  Property 'data' does not exist on type 'any[]'.
packages/noble/Account/src/Resources/js/Pages/BankTransactions/Index.tsx(553,25): error TS2322: Type 'any[] | { data: BankTransaction[]; links: any[]; meta: any; } | { current_page: number; last_page: number; per_page: number; total: number; from: number; to: number; }' is not assignable to type '{ current_page: number; last_page: number; per_page: number; total: number; from: number; to: number; }'.
  Type 'any[]' is missing the following properties from type '{ current_page: number; last_page: number; per_page: number; total: number; from: number; to: number; }': current_page, last_page, per_page, total, and 2 more.
packages/noble/Account/src/Resources/js/Pages/BankTransfers/Create.tsx(23,30): error TS2352: Conversion of type 'PageProps & { errors: Errors & ErrorBag; }' to type '{ bankaccounts: BankAccount[]; }' may be a mistake because neither type sufficiently overlaps with the other. If this was intentional, convert the expression to 'unknown' first.
  Property 'bankaccounts' is missing in type 'PageProps & { errors: Errors & ErrorBag; }' but required in type '{ bankaccounts: BankAccount[]; }'.
packages/noble/Account/src/Resources/js/Pages/BankTransfers/Edit.tsx(24,30): error TS2352: Conversion of type 'PageProps & { errors: Errors & ErrorBag; }' to type '{ bankaccounts: BankAccount[]; }' may be a mistake because neither type sufficiently overlaps with the other. If this was intentional, convert the expression to 'unknown' first.
  Property 'bankaccounts' is missing in type 'PageProps & { errors: Errors & ErrorBag; }' but required in type '{ bankaccounts: BankAccount[]; }'.
packages/noble/Account/src/Resources/js/Pages/BankTransfers/Index.tsx(29,59): error TS2344: Type 'BankTransfersIndexProps' does not satisfy the constraint 'PageProps'.
  Index signature for type 'string' is missing in type 'BankTransfersIndexProps'.
packages/noble/Account/src/Resources/js/Pages/BankTransfers/Index.tsx(65,14): error TS2304: Cannot find name 'Badge'.
packages/noble/Account/src/Resources/js/Pages/BankTransfers/Index.tsx(67,15): error TS2304: Cannot find name 'Badge'.
packages/noble/Account/src/Resources/js/Pages/BankTransfers/Index.tsx(456,25): error TS2322: Type '{ [key: string]: any; data: BankTransfer[]; current_page: number; last_page: number; per_page: number; total: number; links: any; meta: any; } | { current_page: number; last_page: number; per_page: number; total: number; from: number; to: number; }' is not assignable to type '{ current_page: number; last_page: number; per_page: number; total: number; from: number; to: number; }'.
  Type '{ [key: string]: any; data: BankTransfer[]; current_page: number; last_page: number; per_page: number; total: number; links: any; meta: any; }' is missing the following properties from type '{ current_page: number; last_page: number; per_page: number; total: number; from: number; to: number; }': from, to
packages/noble/Account/src/Resources/js/Pages/ChartOfAccounts/Edit.tsx(23,92): error TS2769: No overload matches this call.
  Overload 2 of 2, '(rememberKey: string, initialValues?: EditChartOfAccountFormData): InertiaFormProps<EditChartOfAccountFormData>', gave the following error.
    Argument of type '{ account_code: string; account_name: string; normal_balance: string; opening_balance: string | number; current_balance: string | number; is_active: boolean; description: string; account_type_id: string; parent_account_id: string; }' is not assignable to parameter of type 'string'.
packages/noble/Account/src/Resources/js/Pages/ChartOfAccounts/Show.tsx(60,95): error TS2344: Type 'ShowProps' does not satisfy the constraint 'PageProps'.
  Index signature for type 'string' is missing in type 'ShowProps'.
packages/noble/Account/src/Resources/js/Pages/ChartOfAccounts/types.ts(12,5): error TS2374: Duplicate index signature for type 'string'.
packages/noble/Account/src/Resources/js/Pages/ChartOfAccounts/types.ts(29,5): error TS2374: Duplicate index signature for type 'string'.
packages/noble/Account/src/Resources/js/Pages/CreditNotes/Create.tsx(43,50): error TS2344: Type 'CreateProps' does not satisfy the constraint 'PageProps'.
  Index signature for type 'string' is missing in type 'CreateProps'.
packages/noble/Account/src/Resources/js/Pages/CreditNotes/Index.tsx(163,108): error TS2339: Property 'id' does not exist on type '{ return_number: string; }'.
packages/noble/Account/src/Resources/js/Pages/CreditNotes/Index.tsx(514,109): error TS2339: Property 'id' does not exist on type '{ return_number: string; }'.
packages/noble/Account/src/Resources/js/Pages/CustomerPayments/Create.tsx(142,55): error TS2358: The left-hand side of an 'instanceof' expression must be of type 'any', an object type or a type parameter.
packages/noble/Account/src/Resources/js/Pages/CustomerPayments/Index.tsx(90,26): error TS2339: Property 'date_from' does not exist on type '{ search: string; customer_id: string; status: string; date_range: string; }'.
packages/noble/Account/src/Resources/js/Pages/CustomerPayments/Index.tsx(91,26): error TS2339: Property 'date_to' does not exist on type '{ search: string; customer_id: string; status: string; date_range: string; }'.
packages/noble/Account/src/Resources/js/Pages/CustomerPayments/Index.tsx(412,52): error TS2339: Property 'data' does not exist on type 'any[] | PaginatedCustomerPayments'.
  Property 'data' does not exist on type 'any[]'.
packages/noble/Account/src/Resources/js/Pages/CustomerPayments/Index.tsx(443,39): error TS2339: Property 'data' does not exist on type 'any[] | PaginatedCustomerPayments'.
  Property 'data' does not exist on type 'any[]'.
packages/noble/Account/src/Resources/js/Pages/CustomerPayments/Index.tsx(445,47): error TS2339: Property 'data' does not exist on type 'any[] | PaginatedCustomerPayments'.
  Property 'data' does not exist on type 'any[]'.
packages/noble/Account/src/Resources/js/Pages/CustomerPayments/Index.tsx(646,58): error TS2339: Property 'meta' does not exist on type 'any[] | PaginatedCustomerPayments'.
  Property 'meta' does not exist on type 'any[]'.
packages/noble/Account/src/Resources/js/Pages/Dashboard/ClientDashboard.tsx(47,13): error TS2322: Type '{ children: Element[]; breadcrumbs: { label: string; }[]; pageTitleClass: string; pageTitle: string; }' is not assignable to type 'IntrinsicAttributes & { header?: ReactNode; breadcrumbs?: { label: string; url?: string; }[]; pageTitle?: string; pageActions?: ReactNode; className?: string; } & { ...; }'.
  Property 'pageTitleClass' does not exist on type 'IntrinsicAttributes & { header?: ReactNode; breadcrumbs?: { label: string; url?: string; }[]; pageTitle?: string; pageActions?: ReactNode; className?: string; } & { ...; }'.
packages/noble/Account/src/Resources/js/Pages/Dashboard/ClientDashboard.tsx(94,22): error TS2741: Property 'dataKey' is missing in type '{ data: { month: string; payments: number; }[]; height: number; showTooltip: true; showGrid: true; lines: { dataKey: string; color: string; name: string; }[]; xAxisKey: string; showLegend: true; }' but required in type 'LineChartProps'.
packages/noble/Account/src/Resources/js/Pages/Dashboard/CompanyDashboard.tsx(56,13): error TS2322: Type '{ children: Element[]; breadcrumbs: { label: string; }[]; pageTitle: string; pageTitleClass: string; }' is not assignable to type 'IntrinsicAttributes & { header?: ReactNode; breadcrumbs?: { label: string; url?: string; }[]; pageTitle?: string; pageActions?: ReactNode; className?: string; } & { ...; }'.
  Property 'pageTitleClass' does not exist on type 'IntrinsicAttributes & { header?: ReactNode; breadcrumbs?: { label: string; url?: string; }[]; pageTitle?: string; pageActions?: ReactNode; className?: string; } & { ...; }'.
packages/noble/Account/src/Resources/js/Pages/Dashboard/CompanyDashboard.tsx(120,30): error TS2741: Property 'dataKey' is missing in type '{ data: { month: string; customer_payments: number; }[]; height: number; showTooltip: true; showGrid: true; lines: { dataKey: string; color: string; name: string; }[]; xAxisKey: string; showLegend: true; }' but required in type 'LineChartProps'.
packages/noble/Account/src/Resources/js/Pages/Dashboard/CompanyDashboard.tsx(169,30): error TS2741: Property 'dataKey' is missing in type '{ data: { month: string; vendor_payments: number; }[]; height: number; showTooltip: true; showGrid: true; lines: { dataKey: string; color: string; name: string; }[]; xAxisKey: string; showLegend: true; }' but required in type 'LineChartProps'.
packages/noble/Account/src/Resources/js/Pages/Dashboard/StaffDashboard.tsx(30,13): error TS2322: Type '{ children: Element[]; breadcrumbs: { label: string; }[]; pageTitle: string; pageTitleClass: string; }' is not assignable to type 'IntrinsicAttributes & { header?: ReactNode; breadcrumbs?: { label: string; url?: string; }[]; pageTitle?: string; pageActions?: ReactNode; className?: string; } & { ...; }'.
  Property 'pageTitleClass' does not exist on type 'IntrinsicAttributes & { header?: ReactNode; breadcrumbs?: { label: string; url?: string; }[]; pageTitle?: string; pageActions?: ReactNode; className?: string; } & { ...; }'.
packages/noble/Account/src/Resources/js/Pages/Dashboard/VendorDashboard.tsx(47,13): error TS2322: Type '{ children: Element[]; breadcrumbs: { label: string; }[]; pageTitleClass: string; pageTitle: string; }' is not assignable to type 'IntrinsicAttributes & { header?: ReactNode; breadcrumbs?: { label: string; url?: string; }[]; pageTitle?: string; pageActions?: ReactNode; className?: string; } & { ...; }'.
  Property 'pageTitleClass' does not exist on type 'IntrinsicAttributes & { header?: ReactNode; breadcrumbs?: { label: string; url?: string; }[]; pageTitle?: string; pageActions?: ReactNode; className?: string; } & { ...; }'.
packages/noble/Account/src/Resources/js/Pages/Dashboard/VendorDashboard.tsx(96,22): error TS2741: Property 'dataKey' is missing in type '{ data: { month: string; payments: number; }[]; height: number; showTooltip: true; showGrid: true; lines: { dataKey: string; color: string; name: string; }[]; xAxisKey: string; showLegend: true; }' but required in type 'LineChartProps'.
packages/noble/Account/src/Resources/js/Pages/DebitNotes/Create.tsx(43,43): error TS2344: Type 'CreateProps' does not satisfy the constraint 'PageProps'.
  Index signature for type 'string' is missing in type 'CreateProps'.
packages/noble/Account/src/Resources/js/Pages/DebitNotes/Index.tsx(164,113): error TS2339: Property 'id' does not exist on type '{ return_number: string; }'.
packages/noble/Account/src/Resources/js/Pages/DebitNotes/Index.tsx(516,111): error TS2339: Property 'id' does not exist on type '{ return_number: string; }'.
packages/noble/Account/src/Resources/js/Pages/Expenses/Create.tsx(97,55): error TS2358: The left-hand side of an 'instanceof' expression must be of type 'any', an object type or a type parameter.
packages/noble/Account/src/Resources/js/Pages/Expenses/Edit.tsx(110,55): error TS2358: The left-hand side of an 'instanceof' expression must be of type 'any', an object type or a type parameter.
packages/noble/Account/src/Resources/js/Pages/Expenses/Index.tsx(86,17): error TS2344: Type 'ExpenseIndexProps' does not satisfy the constraint 'PageProps'.
  Index signature for type 'string' is missing in type 'ExpenseIndexProps'.
packages/noble/Account/src/Resources/js/Pages/Expenses/Index.tsx(144,26): error TS2339: Property 'date_from' does not exist on type '{ search: string; category_id: string; status: string; date_range: string; bank_account_id: string; }'.
packages/noble/Account/src/Resources/js/Pages/Expenses/Index.tsx(145,26): error TS2339: Property 'date_to' does not exist on type '{ search: string; category_id: string; status: string; date_range: string; bank_account_id: string; }'.
packages/noble/Account/src/Resources/js/Pages/Expenses/Index.tsx(167,26): error TS2339: Property 'date_from' does not exist on type '{ search: string; category_id: string; status: string; date_range: string; bank_account_id: string; }'.
packages/noble/Account/src/Resources/js/Pages/Expenses/Index.tsx(168,26): error TS2339: Property 'date_to' does not exist on type '{ search: string; category_id: string; status: string; date_range: string; bank_account_id: string; }'.
packages/noble/Account/src/Resources/js/Pages/Expenses/Index.tsx(514,37): error TS2322: Type 'Expense[] | { data: Expense[]; meta?: any; }' is not assignable to type 'Expense[]'.
  Type '{ data: Expense[]; meta?: any; }' is missing the following properties from type 'Expense[]': length, pop, push, concat, and 35 more.
packages/noble/Account/src/Resources/js/Pages/Expenses/Index.tsx(549,58): error TS2339: Property 'length' does not exist on type 'Expense[] | { data: Expense[]; meta?: any; }'.
  Property 'length' does not exist on type '{ data: Expense[]; meta?: any; }'.
packages/noble/Account/src/Resources/js/Pages/Expenses/Index.tsx(551,67): error TS2339: Property 'map' does not exist on type 'Expense[] | { data: Expense[]; meta?: any; }'.
  Property 'map' does not exist on type '{ data: Expense[]; meta?: any; }'.
packages/noble/Account/src/Resources/js/Pages/Expenses/Index.tsx(783,25): error TS2740: Type '{ data: Expense[]; meta?: any; }' is missing the following properties from type '{ current_page: number; last_page: number; per_page: number; total: number; from: number; to: number; }': current_page, last_page, per_page, total, and 2 more.
packages/noble/Account/src/Resources/js/Pages/Expenses/Index.tsx(804,25): error TS2739: Type 'Expense' is missing the following properties from type 'Expense': category_id, bank_account_id, chart_of_account_id, description
packages/noble/Account/src/Resources/js/Pages/Expenses/Index.tsx(814,39): error TS2739: Type 'Expense' is missing the following properties from type 'Expense': description, creator
packages/noble/Account/src/Resources/js/Pages/Reports/CustomerBalance.tsx(49,66): error TS2322: Type 'Dispatch<SetStateAction<boolean>>' is not assignable to type '(checked: CheckedState) => void'.
  Types of parameters 'value' and 'checked' are incompatible.
    Type 'CheckedState' is not assignable to type 'SetStateAction<boolean>'.
      Type '"indeterminate"' is not assignable to type 'SetStateAction<boolean>'.
packages/noble/Account/src/Resources/js/Pages/Reports/Index.tsx(27,45): error TS2344: Type 'ReportsIndexProps' does not satisfy the constraint 'PageProps'.
  Index signature for type 'string' is missing in type 'ReportsIndexProps'.
packages/noble/Account/src/Resources/js/Pages/Reports/VendorBalance.tsx(49,66): error TS2322: Type 'Dispatch<SetStateAction<boolean>>' is not assignable to type '(checked: CheckedState) => void'.
  Types of parameters 'value' and 'checked' are incompatible.
    Type 'CheckedState' is not assignable to type 'SetStateAction<boolean>'.
      Type '"indeterminate"' is not assignable to type 'SetStateAction<boolean>'.
packages/noble/Account/src/Resources/js/Pages/Revenues/Create.tsx(97,55): error TS2358: The left-hand side of an 'instanceof' expression must be of type 'any', an object type or a type parameter.
packages/noble/Account/src/Resources/js/Pages/Revenues/Edit.tsx(110,55): error TS2358: The left-hand side of an 'instanceof' expression must be of type 'any', an object type or a type parameter.
packages/noble/Account/src/Resources/js/Pages/Revenues/Index.tsx(86,17): error TS2344: Type 'RevenueIndexProps' does not satisfy the constraint 'PageProps'.
  Index signature for type 'string' is missing in type 'RevenueIndexProps'.
packages/noble/Account/src/Resources/js/Pages/Revenues/Index.tsx(153,26): error TS2339: Property 'date_from' does not exist on type '{ search: string; category_id: string; status: string; date_range: string; bank_account_id: string; }'.
packages/noble/Account/src/Resources/js/Pages/Revenues/Index.tsx(154,26): error TS2339: Property 'date_to' does not exist on type '{ search: string; category_id: string; status: string; date_range: string; bank_account_id: string; }'.
packages/noble/Account/src/Resources/js/Pages/Revenues/Index.tsx(176,26): error TS2339: Property 'date_from' does not exist on type '{ search: string; category_id: string; status: string; date_range: string; bank_account_id: string; }'.
packages/noble/Account/src/Resources/js/Pages/Revenues/Index.tsx(177,26): error TS2339: Property 'date_to' does not exist on type '{ search: string; category_id: string; status: string; date_range: string; bank_account_id: string; }'.
packages/noble/Account/src/Resources/js/Pages/Revenues/Index.tsx(203,17): error TS2304: Cannot find name 'Badge'.
packages/noble/Account/src/Resources/js/Pages/Revenues/Index.tsx(203,64): error TS2304: Cannot find name 'Badge'.
packages/noble/Account/src/Resources/js/Pages/Revenues/Index.tsx(542,52): error TS2339: Property 'data' does not exist on type 'any[] | { data: Revenue[]; meta?: any; }'.
  Property 'data' does not exist on type 'any[]'.
packages/noble/Account/src/Resources/js/Pages/Revenues/Index.tsx(577,40): error TS2339: Property 'data' does not exist on type 'any[] | { data: Revenue[]; meta?: any; }'.
  Property 'data' does not exist on type 'any[]'.
packages/noble/Account/src/Resources/js/Pages/Revenues/Index.tsx(579,48): error TS2339: Property 'data' does not exist on type 'any[] | { data: Revenue[]; meta?: any; }'.
  Property 'data' does not exist on type 'any[]'.
packages/noble/Account/src/Resources/js/Pages/Revenues/Index.tsx(811,25): error TS2322: Type 'any[] | { data: Revenue[]; meta?: any; }' is not assignable to type '{ current_page: number; last_page: number; per_page: number; total: number; from: number; to: number; }'.
  Type 'any[]' is missing the following properties from type '{ current_page: number; last_page: number; per_page: number; total: number; from: number; to: number; }': current_page, last_page, per_page, total, and 2 more.
packages/noble/Account/src/Resources/js/Pages/Revenues/Index.tsx(832,25): error TS2739: Type 'Revenue' is missing the following properties from type 'Revenue': category_id, bank_account_id, description
packages/noble/Account/src/Resources/js/Pages/Revenues/Index.tsx(842,39): error TS2739: Type 'Revenue' is missing the following properties from type 'Revenue': description, creator
packages/noble/Account/src/Resources/js/Pages/SystemSetup/AccountTypes/Edit.tsx(109,47): error TS2339: Property 'is_system_type' does not exist on type 'AccountType'.
packages/noble/Account/src/Resources/js/Pages/SystemSetup/AccountTypes/Index.tsx(47,44): error TS2344: Type 'Props' does not satisfy the constraint 'PageProps'.
  Index signature for type 'string' is missing in type 'Props'.
packages/noble/Account/src/Resources/js/Pages/SystemSetup/AccountTypes/Index.tsx(127,51): error TS2339: Property 'is_system_type' does not exist on type 'AccountType'.
packages/noble/Account/src/Resources/js/Pages/SystemSetup/ExpenseCategories/Index.tsx(168,45): error TS2740: Type 'PaginatedData<ExpenseCategories>' is missing the following properties from type 'any[]': length, pop, push, concat, and 35 more.
packages/noble/Account/src/Resources/js/Pages/SystemSetup/ExpenseCategories/Index.tsx(195,26): error TS2741: Property 'data' is missing in type '{ expensecategories: ExpenseCategories; onSuccess: () => void; chartofaccounts: any[]; }' but required in type 'EditExpenseCategoriesProps'.
packages/noble/Account/src/Resources/js/Pages/SystemSetup/ExpenseCategories/types.ts(10,18): error TS2304: Cannot find name 'ChartOfAccount'.
packages/noble/Account/src/Resources/js/Pages/SystemSetup/RevenueCategories/Index.tsx(169,45): error TS2740: Type 'PaginatedData<RevenueCategories>' is missing the following properties from type 'any[]': length, pop, push, concat, and 35 more.
packages/noble/Account/src/Resources/js/Pages/SystemSetup/RevenueCategories/Index.tsx(196,26): error TS2741: Property 'data' is missing in type '{ revenuecategories: RevenueCategories; onSuccess: () => void; chartofaccounts: any[]; }' but required in type 'EditRevenueCategoriesProps'.
packages/noble/Account/src/Resources/js/Pages/SystemSetup/RevenueCategories/types.ts(10,18): error TS2304: Cannot find name 'ChartOfAccount'.
packages/noble/Account/src/Resources/js/Pages/VendorPayments/Create.tsx(143,55): error TS2358: The left-hand side of an 'instanceof' expression must be of type 'any', an object type or a type parameter.
packages/noble/Account/src/Resources/js/Pages/VendorPayments/Index.tsx(110,26): error TS2339: Property 'date_from' does not exist on type '{ vendor_id: string; status: string; search: string; date_range: string; bank_account_id: string; }'.
packages/noble/Account/src/Resources/js/Pages/VendorPayments/Index.tsx(111,26): error TS2339: Property 'date_to' does not exist on type '{ vendor_id: string; status: string; search: string; date_range: string; bank_account_id: string; }'.
packages/noble/Account/src/Resources/js/Pages/VendorPayments/Index.tsx(471,53): error TS2339: Property 'data' does not exist on type 'any[] | PaginatedVendorPayments'.
  Property 'data' does not exist on type 'any[]'.
packages/noble/Account/src/Resources/js/Pages/VendorPayments/Index.tsx(503,40): error TS2339: Property 'data' does not exist on type 'any[] | PaginatedVendorPayments'.
  Property 'data' does not exist on type 'any[]'.
packages/noble/Account/src/Resources/js/Pages/VendorPayments/Index.tsx(503,57): error TS2339: Property 'data' does not exist on type 'any[] | PaginatedVendorPayments'.
  Property 'data' does not exist on type 'any[]'.
packages/noble/Account/src/Resources/js/Pages/VendorPayments/Index.tsx(505,47): error TS2339: Property 'data' does not exist on type 'any[] | PaginatedVendorPayments'.
  Property 'data' does not exist on type 'any[]'.
packages/noble/Account/src/Resources/js/Pages/VendorPayments/Index.tsx(708,25): error TS2322: Type 'any[] | PaginatedVendorPayments | { current_page: number; last_page: number; per_page: number; total: number; from: number; to: number; }' is not assignable to type '{ current_page: number; last_page: number; per_page: number; total: number; from: number; to: number; }'.
  Type 'any[]' is missing the following properties from type '{ current_page: number; last_page: number; per_page: number; total: number; from: number; to: number; }': current_page, last_page, per_page, total, and 2 more.
packages/noble/Account/src/Resources/js/Pages/Vendors/Edit.tsx(16,86): error TS2769: No overload matches this call.
  Overload 1 of 2, '(initialValues?: CreateVendorFormData): InertiaFormProps<CreateVendorFormData>', gave the following error.
    Argument of type 'Vendor' is not assignable to parameter of type 'CreateVendorFormData'.
      Types of property 'user_id' are incompatible.
        Type 'number' is not assignable to type 'string'.
  Overload 2 of 2, '(rememberKey: string, initialValues?: CreateVendorFormData): InertiaFormProps<CreateVendorFormData>', gave the following error.
    Argument of type 'Vendor' is not assignable to parameter of type 'string'.
packages/noble/Account/src/Resources/js/Pages/Vendors/Index.tsx(32,59): error TS2345: Argument of type '{ company_name: string; vendor_code: string; tax_number: string; }' is not assignable to parameter of type 'VendorFilters | (() => VendorFilters)'.
  Property 'contact_person_name' is missing in type '{ company_name: string; vendor_code: string; tax_number: string; }' but required in type 'VendorFilters'.
packages/noble/Account/src/Resources/js/Pages/Vendors/Index.tsx(96,20): error TS2345: Argument of type '{ company_name: string; vendor_code: string; tax_number: string; }' is not assignable to parameter of type 'SetStateAction<VendorFilters>'.
  Property 'contact_person_name' is missing in type '{ company_name: string; vendor_code: string; tax_number: string; }' but required in type 'VendorFilters'.
packages/noble/BudgetPlanner/src/Resources/js/Pages/BudgetMonitorings/Index.tsx(79,26): error TS2339: Property 'date_from' does not exist on type '{ search: string; budget_id: string; date_range: string; }'.
packages/noble/BudgetPlanner/src/Resources/js/Pages/BudgetMonitorings/Index.tsx(80,26): error TS2339: Property 'date_to' does not exist on type '{ search: string; budget_id: string; date_range: string; }'.
packages/noble/Contract/src/Resources/js/Pages/Contracts/components/CommentsTab.tsx(94,29): error TS2322: Type '{ value: string; onChange: (value: string) => void; onSearch: () => void; onClear: () => void; placeholder: string; className: string; }' is not assignable to type 'IntrinsicAttributes & SearchInputProps'.
  Property 'onClear' does not exist on type 'IntrinsicAttributes & SearchInputProps'.
packages/noble/Contract/src/Resources/js/Pages/Contracts/components/ContractPDFExport.tsx(115,36): error TS2345: Argument of type '{ margin: number; filename: string; image: { type: string; quality: number; }; html2canvas: { scale: number; }; jsPDF: { unit: string; format: string; orientation: string; }; }' is not assignable to parameter of type 'Html2PdfOptions'.
  The types of 'image.type' are incompatible between these types.
    Type 'string' is not assignable to type '"png" | "jpeg" | "webp"'.
packages/noble/Contract/src/Resources/js/Pages/Contracts/components/NotesTab.tsx(94,29): error TS2322: Type '{ value: string; onChange: (value: string) => void; onSearch: () => void; onClear: () => void; placeholder: string; className: string; }' is not assignable to type 'IntrinsicAttributes & SearchInputProps'.
  Property 'onClear' does not exist on type 'IntrinsicAttributes & SearchInputProps'.
packages/noble/Contract/src/Resources/js/Pages/Contracts/components/RenewalsTab.tsx(154,33): error TS2322: Type '{ value: string; onChange: (value: string) => void; onSearch: () => void; onClear: () => void; placeholder: string; className: string; }' is not assignable to type 'IntrinsicAttributes & SearchInputProps'.
  Property 'onClear' does not exist on type 'IntrinsicAttributes & SearchInputProps'.
packages/noble/Contract/src/Resources/js/Pages/Contracts/Create.tsx(18,57): error TS2769: No overload matches this call.
  Overload 1 of 2, '(initialValues?: CreateContractFormData): InertiaFormProps<CreateContractFormData>', gave the following error.
    Type 'string' is not assignable to type 'boolean'.
  Overload 2 of 2, '(rememberKey: string, initialValues?: CreateContractFormData): InertiaFormProps<CreateContractFormData>', gave the following error.
    Argument of type '{ subject: string; user_id: string; value: string; type_id: string; start_date: string; end_date: string; description: string; status: string; sync_to_google_calendar: boolean; }' is not assignable to parameter of type 'string'.
packages/noble/Contract/src/Resources/js/Pages/Contracts/Create.tsx(117,69): error TS2345: Argument of type 'string' is not assignable to parameter of type 'boolean'.
packages/noble/Contract/src/Resources/js/Pages/Contracts/Edit.tsx(18,56): error TS2769: No overload matches this call.
  Overload 1 of 2, '(initialValues?: EditContractFormData): InertiaFormProps<EditContractFormData>', gave the following error.
    Type 'string' is not assignable to type 'boolean'.
  Overload 2 of 2, '(rememberKey: string, initialValues?: EditContractFormData): InertiaFormProps<EditContractFormData>', gave the following error.
    Argument of type '{ subject: string; user_id: string; value: string; type_id: string; start_date: string; end_date: string; description: string; status: string; }' is not assignable to parameter of type 'string'.
packages/noble/Contract/src/Resources/js/Pages/Contracts/Edit.tsx(114,69): error TS2345: Argument of type 'string' is not assignable to parameter of type 'boolean'.
packages/noble/Contract/src/Resources/js/Pages/Contracts/Preview.tsx(33,40): error TS2344: Type 'ContractPreviewProps' does not satisfy the constraint 'PageProps'.
  Index signature for type 'string' is missing in type 'ContractPreviewProps'.
packages/noble/Contract/src/Resources/js/Pages/Contracts/Preview.tsx(51,18): error TS2345: Argument of type '{ margin: number; filename: string; image: { type: string; quality: number; }; html2canvas: { scale: number; }; jsPDF: { unit: string; format: string; orientation: string; }; }' is not assignable to parameter of type 'Html2PdfOptions'.
  The types of 'image.type' are incompatible between these types.
    Type 'string' is not assignable to type '"png" | "jpeg" | "webp"'.
packages/noble/Contract/src/Resources/js/Pages/Contracts/Preview.tsx(243,20): error TS2322: Type '{ children: string; jsx: true; }' is not assignable to type 'DetailedHTMLProps<StyleHTMLAttributes<HTMLStyleElement>, HTMLStyleElement>'.
  Property 'jsx' does not exist on type 'DetailedHTMLProps<StyleHTMLAttributes<HTMLStyleElement>, HTMLStyleElement>'.
packages/noble/Contract/src/Resources/js/Pages/ContractTypes/Index.tsx(169,53): error TS2339: Property 'creator_id' does not exist on type 'ContractType'.
packages/noble/Contract/src/Resources/js/Pages/ContractTypes/Index.tsx(170,56): error TS2551: Property 'created_by' does not exist on type 'ContractType'. Did you mean 'created_at'?
packages/noble/Contract/src/Resources/js/Pages/ContractTypes/Index.tsx(188,53): error TS2339: Property 'creator_id' does not exist on type 'ContractType'.
packages/noble/Contract/src/Resources/js/Pages/ContractTypes/Index.tsx(189,56): error TS2551: Property 'created_by' does not exist on type 'ContractType'. Did you mean 'created_at'?
packages/noble/DoubleEntry/src/Resources/js/Pages/BalanceSheets/Comparison.tsx(53,42): error TS2344: Type 'ComparisonProps' does not satisfy the constraint 'PageProps'.
  Index signature for type 'string' is missing in type 'ComparisonProps'.
packages/noble/DoubleEntry/src/Resources/js/Pages/BalanceSheets/Comparison.tsx(74,38): error TS2551: Property 'current_period' does not exist on type '{ id: number; currentPeriod: { id: number; balance_sheet_date: string; financial_year: string; total_assets: number; total_liabilities: number; total_equity: number; items: { id: number; section_type: string; sub_section: string; amount: number; account: { ...; }; }[]; }; previousPeriod: { ...; }; }'. Did you mean 'currentPeriod'?
packages/noble/DoubleEntry/src/Resources/js/Pages/BalanceSheets/Comparison.tsx(75,39): error TS2551: Property 'previous_period' does not exist on type '{ id: number; currentPeriod: { id: number; balance_sheet_date: string; financial_year: string; total_assets: number; total_liabilities: number; total_equity: number; items: { id: number; section_type: string; sub_section: string; amount: number; account: { ...; }; }[]; }; previousPeriod: { ...; }; }'. Did you mean 'previousPeriod'?
packages/noble/DoubleEntry/src/Resources/js/Pages/BalanceSheets/Comparison.tsx(197,36): error TS2339: Property 'user' does not exist on type 'unknown'.
packages/noble/DoubleEntry/src/Resources/js/Pages/BalanceSheets/Comparison.tsx(202,70): error TS2551: Property 'current_period' does not exist on type '{ id: number; currentPeriod: { id: number; balance_sheet_date: string; financial_year: string; total_assets: number; total_liabilities: number; total_equity: number; items: { id: number; section_type: string; sub_section: string; amount: number; account: { ...; }; }[]; }; previousPeriod: { ...; }; }'. Did you mean 'currentPeriod'?
packages/noble/DoubleEntry/src/Resources/js/Pages/BalanceSheets/Comparison.tsx(204,56): error TS2551: Property 'previous_period' does not exist on type '{ id: number; currentPeriod: { id: number; balance_sheet_date: string; financial_year: string; total_assets: number; total_liabilities: number; total_equity: number; items: { id: number; section_type: string; sub_section: string; amount: number; account: { ...; }; }[]; }; previousPeriod: { ...; }; }'. Did you mean 'previousPeriod'?
packages/noble/DoubleEntry/src/Resources/js/Pages/BalanceSheets/ComparisonPrint.tsx(16,36): error TS2344: Type 'ComparisonPrintProps' does not satisfy the constraint 'PageProps'.
  Index signature for type 'string' is missing in type 'ComparisonPrintProps'.
packages/noble/DoubleEntry/src/Resources/js/Pages/BalanceSheets/ComparisonPrint.tsx(19,38): error TS2551: Property 'current_period' does not exist on type '{ currentPeriod: any; previousPeriod: any; }'. Did you mean 'currentPeriod'?
packages/noble/DoubleEntry/src/Resources/js/Pages/BalanceSheets/ComparisonPrint.tsx(20,39): error TS2551: Property 'previous_period' does not exist on type '{ currentPeriod: any; previousPeriod: any; }'. Did you mean 'previousPeriod'?
packages/noble/DoubleEntry/src/Resources/js/Pages/BalanceSheets/Comparisons.tsx(34,37): error TS2344: Type 'ComparisonsProps' does not satisfy the constraint 'PageProps'.
  Index signature for type 'string' is missing in type 'ComparisonsProps'.
packages/noble/DoubleEntry/src/Resources/js/Pages/BalanceSheets/Comparisons.tsx(96,37): error TS2740: Type '{ data: { id: number; comparison_date: string; current_period: { id: number; balance_sheet_date: string; financial_year: string; }; previous_period: { id: number; balance_sheet_date: string; financial_year: string; }; }[]; links: any[]; meta: any; }' is missing the following properties from type '{ current_page: number; last_page: number; per_page: number; total: number; from: number; to: number; }': current_page, last_page, per_page, total, and 2 more.
packages/noble/DoubleEntry/src/Resources/js/Pages/BalanceSheets/Index.tsx(27,45): error TS2344: Type 'BalanceSheetsIndexProps' does not satisfy the constraint 'PageProps'.
  Index signature for type 'string' is missing in type 'BalanceSheetsIndexProps'.
packages/noble/DoubleEntry/src/Resources/js/Pages/BalanceSheets/Index.tsx(384,33): error TS2322: Type '({ key: string; header: string; sortable: boolean; render: (value: string) => string; } | { key: string; header: string; sortable: boolean; render?: undefined; } | { key: string; header: Element; sortable: boolean; render: (value: number) => Element; } | { ...; } | { ...; } | { ...; })[]' is not assignable to type 'Column<BalanceSheet>[]'.
  Type '{ key: string; header: string; sortable: boolean; render: (value: string) => string; } | { key: string; header: string; sortable: boolean; render?: undefined; } | { key: string; header: Element; sortable: boolean; render: (value: number) => Element; } | { ...; } | { ...; } | { ...; }' is not assignable to type 'Column<BalanceSheet>'.
    Type '{ key: string; header: JSX.Element; sortable: boolean; render: (value: number) => JSX.Element; }' is not assignable to type 'Column<BalanceSheet>'.
      Types of property 'header' are incompatible.
        Type 'Element' is not assignable to type 'string'.
packages/noble/DoubleEntry/src/Resources/js/Pages/BalanceSheets/Index.tsx(409,25): error TS2322: Type '{ [key: string]: any; data: BalanceSheet[]; links: any[]; meta: any; } | { current_page: number; last_page: number; per_page: number; total: number; from: number; to: number; }' is not assignable to type '{ current_page: number; last_page: number; per_page: number; total: number; from: number; to: number; }'.
  Type '{ [key: string]: any; data: BalanceSheet[]; links: any[]; meta: any; }' is missing the following properties from type '{ current_page: number; last_page: number; per_page: number; total: number; from: number; to: number; }': current_page, last_page, per_page, total, and 2 more.
packages/noble/DoubleEntry/src/Resources/js/Pages/BalanceSheets/Print.tsx(10,52): error TS2344: Type 'BalanceSheetViewProps' does not satisfy the constraint 'PageProps'.
  Index signature for type 'string' is missing in type 'BalanceSheetViewProps'.
packages/noble/DoubleEntry/src/Resources/js/Pages/BalanceSheets/View.tsx(27,17): error TS2344: Type 'BalanceSheetViewProps' does not satisfy the constraint 'PageProps'.
  Index signature for type 'string' is missing in type 'BalanceSheetViewProps'.
packages/noble/DoubleEntry/src/Resources/js/Pages/BalanceSheets/View.tsx(50,26): error TS2345: Argument of type 'number[]' is not assignable to parameter of type 'string | number'.
packages/noble/DoubleEntry/src/Resources/js/Pages/LedgerSummary/Index.tsx(53,49): error TS2344: Type 'LedgerSummaryProps' does not satisfy the constraint 'PageProps'.
  Index signature for type 'string' is missing in type 'LedgerSummaryProps'.
packages/noble/DoubleEntry/src/Resources/js/Pages/LedgerSummary/Index.tsx(256,33): error TS2322: Type '({ key: string; header: string; sortable: boolean; render?: undefined; } | { key: string; header: string; sortable: boolean; render: (value: string, entry: LedgerEntry) => string; } | { ...; })[]' is not assignable to type 'Column<LedgerEntry>[]'.
  Type '{ key: string; header: string; sortable: boolean; render?: undefined; } | { key: string; header: string; sortable: boolean; render: (value: string, entry: LedgerEntry) => string; } | { ...; }' is not assignable to type 'Column<LedgerEntry>'.
    Type '{ key: string; header: JSX.Element; sortable: boolean; render: (value: number) => JSX.Element; }' is not assignable to type 'Column<LedgerEntry>'.
      Types of property 'header' are incompatible.
        Type 'Element' is not assignable to type 'string'.
packages/noble/DoubleEntry/src/Resources/js/Pages/LedgerSummary/Index.tsx(285,25): error TS2322: Type '{ data: LedgerEntry[]; links: any[]; meta: any; } | { current_page: number; last_page: number; per_page: number; total: number; from: number; to: number; }' is not assignable to type '{ current_page: number; last_page: number; per_page: number; total: number; from: number; to: number; }'.
  Type '{ data: LedgerEntry[]; links: any[]; meta: any; }' is missing the following properties from type '{ current_page: number; last_page: number; per_page: number; total: number; from: number; to: number; }': current_page, last_page, per_page, total, and 2 more.
packages/noble/DoubleEntry/src/Resources/js/Pages/LedgerSummary/Print.tsx(33,59): error TS2344: Type 'LedgerSummaryProps' does not satisfy the constraint 'PageProps'.
  Index signature for type 'string' is missing in type 'LedgerSummaryProps'.
packages/noble/DoubleEntry/src/Resources/js/Pages/ProfitLoss/Index.tsx(40,42): error TS2344: Type 'ProfitLossProps' does not satisfy the constraint 'PageProps'.
  Index signature for type 'string' is missing in type 'ProfitLossProps'.
packages/noble/DoubleEntry/src/Resources/js/Pages/ProfitLoss/Print.tsx(30,36): error TS2344: Type 'ProfitLossProps' does not satisfy the constraint 'PageProps'.
  Index signature for type 'string' is missing in type 'ProfitLossProps'.
packages/noble/DoubleEntry/src/Resources/js/Pages/Reports/Index.tsx(29,45): error TS2344: Type 'ReportsIndexProps' does not satisfy the constraint 'PageProps'.
  Index signature for type 'string' is missing in type 'ReportsIndexProps'.
packages/noble/DoubleEntry/src/Resources/js/Pages/Reports/Print/AccountBalance.tsx(41,39): error TS2344: Type 'PrintProps' does not satisfy the constraint 'PageProps'.
  Index signature for type 'string' is missing in type 'PrintProps'.
packages/noble/DoubleEntry/src/Resources/js/Pages/Reports/Print/AccountStatement.tsx(39,56): error TS2344: Type 'PrintProps' does not satisfy the constraint 'PageProps'.
  Index signature for type 'string' is missing in type 'PrintProps'.
packages/noble/DoubleEntry/src/Resources/js/Pages/Reports/Print/CashFlow.tsx(26,39): error TS2344: Type 'PrintProps' does not satisfy the constraint 'PageProps'.
  Index signature for type 'string' is missing in type 'PrintProps'.
packages/noble/DoubleEntry/src/Resources/js/Pages/Reports/Print/ExpenseReport.tsx(28,39): error TS2344: Type 'PrintProps' does not satisfy the constraint 'PageProps'.
  Index signature for type 'string' is missing in type 'PrintProps'.
packages/noble/DoubleEntry/src/Resources/js/Pages/Reports/Print/GeneralLedger.tsx(39,56): error TS2344: Type 'PrintProps' does not satisfy the constraint 'PageProps'.
  Index signature for type 'string' is missing in type 'PrintProps'.
packages/noble/DoubleEntry/src/Resources/js/Pages/Reports/Print/JournalEntry.tsx(38,39): error TS2344: Type 'PrintProps' does not satisfy the constraint 'PageProps'.
  Index signature for type 'string' is missing in type 'PrintProps'.
packages/noble/DoubleEntry/src/Resources/js/Pages/TrialBalance/Index.tsx(41,44): error TS2344: Type 'TrialBalanceProps' does not satisfy the constraint 'PageProps'.
  Index signature for type 'string' is missing in type 'TrialBalanceProps'.
packages/noble/DoubleEntry/src/Resources/js/Pages/TrialBalance/Print.tsx(30,38): error TS2344: Type 'TrialBalanceProps' does not satisfy the constraint 'PageProps'.
  Index signature for type 'string' is missing in type 'TrialBalanceProps'.
packages/noble/FormBuilder/src/Resources/js/components/ConversionSetup.tsx(109,17): error TS2322: Type 'string' is not assignable to type 'number'.
packages/noble/FormBuilder/src/Resources/js/components/ConversionSetup.tsx(126,21): error TS2367: This comparison appears to be unintentional because the types 'number' and 'string' have no overlap.
packages/noble/FormBuilder/src/Resources/js/components/ConversionSetup.tsx(127,21): error TS2367: This comparison appears to be unintentional because the types 'number' and 'string' have no overlap.
packages/noble/FormBuilder/src/Resources/js/components/ConversionSetup.tsx(298,61): error TS2367: This comparison appears to be unintentional because the types 'number' and 'string' have no overlap.
packages/noble/FormBuilder/src/Resources/js/components/ConversionSetup.tsx(313,87): error TS2345: Argument of type '{ [x: string]: number | string[] | number[]; }' is not assignable to parameter of type 'Record<string, number>'.
  'string' index signatures are incompatible.
    Type 'number | string[] | number[]' is not assignable to type 'number'.
      Type 'string[]' is not assignable to type 'number'.
packages/noble/FormBuilder/src/Resources/js/Pages/Forms/Conversion.tsx(94,21): error TS2353: Object literal may only specify known properties, and 'lead_pipelines' does not exist in type '{ conversion?: { module_name: string; submodule_name?: string; is_active: boolean; field_mappings: Record<string, number>; }; available_modules: Record<string, any>; form_fields: { ...; }[]; users?: { ...; }[]; }'.
packages/noble/FormBuilder/src/Resources/js/Pages/Forms/Edit.tsx(457,95): error TS2345: Argument of type 'string | number' is not assignable to parameter of type 'string'.
  Type 'number' is not assignable to type 'string'.
packages/noble/FormBuilder/src/Resources/js/Pages/Forms/Edit.tsx(469,95): error TS2345: Argument of type 'string | number' is not assignable to parameter of type 'string'.
  Type 'number' is not assignable to type 'string'.
packages/noble/FormBuilder/src/Resources/js/Pages/Forms/Edit.tsx(485,104): error TS2345: Argument of type 'string | number' is not assignable to parameter of type 'string'.
  Type 'number' is not assignable to type 'string'.
packages/noble/FormBuilder/src/Resources/js/Pages/Forms/Edit.tsx(503,89): error TS2345: Argument of type 'string | number' is not assignable to parameter of type 'string'.
  Type 'number' is not assignable to type 'string'.
packages/noble/FormBuilder/src/Resources/js/Pages/Forms/Edit.tsx(523,89): error TS2345: Argument of type 'string | number' is not assignable to parameter of type 'string'.
  Type 'number' is not assignable to type 'string'.
packages/noble/FormBuilder/src/Resources/js/Pages/Forms/Edit.tsx(544,93): error TS2345: Argument of type 'string | number' is not assignable to parameter of type 'string'.
  Type 'number' is not assignable to type 'string'.
packages/noble/FormBuilder/src/Resources/js/Pages/Forms/Edit.tsx(569,102): error TS2345: Argument of type 'string | number' is not assignable to parameter of type 'string'.
  Type 'number' is not assignable to type 'string'.
packages/noble/FormBuilder/src/Resources/js/Pages/Forms/Edit.tsx(589,97): error TS2345: Argument of type 'string | number' is not assignable to parameter of type 'string'.
  Type 'number' is not assignable to type 'string'.
packages/noble/FormBuilder/src/Resources/js/Pages/Forms/Edit.tsx(605,97): error TS2345: Argument of type 'string | number' is not assignable to parameter of type 'string'.
  Type 'number' is not assignable to type 'string'.
packages/noble/FormBuilder/src/Resources/js/Pages/Forms/Edit.tsx(625,93): error TS2345: Argument of type 'string | number' is not assignable to parameter of type 'string'.
  Type 'number' is not assignable to type 'string'.
packages/noble/FormBuilder/src/Resources/js/Pages/Forms/Edit.tsx(639,93): error TS2345: Argument of type 'string | number' is not assignable to parameter of type 'string'.
  Type 'number' is not assignable to type 'string'.
packages/noble/FormBuilder/src/Resources/js/Pages/Forms/Index.tsx(539,25): error TS2740: Type '{ data: Form[]; links: any; meta: any; }' is missing the following properties from type '{ current_page: number; last_page: number; per_page: number; total: number; from: number; to: number; }': current_page, last_page, per_page, total, and 2 more.
packages/noble/Goal/src/Resources/js/Pages/Categories/Index.tsx(275,51): error TS2339: Property 'data' does not exist on type 'any[] | PaginatedCategories'.
  Property 'data' does not exist on type 'any[]'.
packages/noble/Goal/src/Resources/js/Pages/Categories/Index.tsx(302,25): error TS2322: Type 'any[] | PaginatedCategories | { current_page: number; last_page: number; per_page: number; total: number; from: number; to: number; }' is not assignable to type '{ current_page: number; last_page: number; per_page: number; total: number; from: number; to: number; }'.
  Type 'any[]' is missing the following properties from type '{ current_page: number; last_page: number; per_page: number; total: number; from: number; to: number; }': current_page, last_page, per_page, total, and 2 more.
packages/noble/Goal/src/Resources/js/Pages/Contributions/Create.tsx(82,25): error TS2322: Type 'number' is not assignable to type 'string'.
packages/noble/Goal/src/Resources/js/Pages/Contributions/Create.tsx(83,77): error TS2345: Argument of type 'string' is not assignable to parameter of type 'number'.
packages/noble/Goal/src/Resources/js/Pages/Contributions/Edit.tsx(82,25): error TS2322: Type 'number' is not assignable to type 'string'.
packages/noble/Goal/src/Resources/js/Pages/Contributions/Edit.tsx(83,77): error TS2345: Argument of type 'string' is not assignable to parameter of type 'number'.
packages/noble/Goal/src/Resources/js/Pages/Goals/View.tsx(93,90): error TS2339: Property 'account_name' does not exist on type '{ id: number; name: string; }'.
packages/noble/Goal/src/Resources/js/Pages/Milestones/Index.tsx(23,10): error TS2724: '"./types"' has no exported member named 'GoalMilestone'. Did you mean 'Milestone'?
packages/noble/Goal/src/Resources/js/Pages/Tracking/View.tsx(17,34): error TS2344: Type 'ViewProps' does not satisfy the constraint 'PageProps'.
  Index signature for type 'string' is missing in type 'ViewProps'.
packages/noble/Hrm/src/Resources/js/Pages/Announcements/Edit.tsx(19,90): error TS2769: No overload matches this call.
  Overload 1 of 2, '(initialValues?: EditAnnouncementFormData): InertiaFormProps<EditAnnouncementFormData>', gave the following error.
    Argument of type '{ title: string; announcement_category_id: string; departments: any[]; priority: string; status: string; start_date: string; end_date: string; description: string; }' is not assignable to parameter of type 'EditAnnouncementFormData'.
      Property 'id' is missing in type '{ title: string; announcement_category_id: string; departments: any[]; priority: string; status: string; start_date: string; end_date: string; description: string; }' but required in type 'EditAnnouncementFormData'.
  Overload 2 of 2, '(rememberKey: string, initialValues?: EditAnnouncementFormData): InertiaFormProps<EditAnnouncementFormData>', gave the following error.
    Argument of type '{ title: string; announcement_category_id: string; departments: any[]; priority: string; status: string; start_date: string; end_date: string; description: string; }' is not assignable to parameter of type 'string'.
packages/noble/Hrm/src/Resources/js/Pages/Announcements/Index.tsx(401,58): error TS2339: Property 'data' does not exist on type 'any[] | PaginatedAnnouncements'.
  Property 'data' does not exist on type 'any[]'.
packages/noble/Hrm/src/Resources/js/Pages/Announcements/Index.tsx(432,45): error TS2339: Property 'data' does not exist on type 'any[] | PaginatedAnnouncements'.
  Property 'data' does not exist on type 'any[]'.
packages/noble/Hrm/src/Resources/js/Pages/Announcements/Index.tsx(434,53): error TS2339: Property 'data' does not exist on type 'any[] | PaginatedAnnouncements'.
  Property 'data' does not exist on type 'any[]'.
packages/noble/Hrm/src/Resources/js/Pages/Announcements/Index.tsx(627,25): error TS2322: Type 'any[] | PaginatedAnnouncements | { current_page: number; last_page: number; per_page: number; total: number; from: number; to: number; }' is not assignable to type '{ current_page: number; last_page: number; per_page: number; total: number; from: number; to: number; }'.
  Type 'any[]' is missing the following properties from type '{ current_page: number; last_page: number; per_page: number; total: number; from: number; to: number; }': current_page, last_page, per_page, total, and 2 more.
packages/noble/Hrm/src/Resources/js/Pages/Attendances/Show.tsx(72,43): error TS2367: This comparison appears to be unintentional because the types '"half_day" | "absent"' and '"half day"' have no overlap.
packages/noble/Hrm/src/Resources/js/Pages/Awards/Index.tsx(370,51): error TS2339: Property 'data' does not exist on type 'any[] | PaginatedAwards'.
  Property 'data' does not exist on type 'any[]'.
packages/noble/Hrm/src/Resources/js/Pages/Awards/Index.tsx(396,38): error TS2339: Property 'data' does not exist on type 'any[] | PaginatedAwards'.
  Property 'data' does not exist on type 'any[]'.
packages/noble/Hrm/src/Resources/js/Pages/Awards/Index.tsx(398,46): error TS2339: Property 'data' does not exist on type 'any[] | PaginatedAwards'.
  Property 'data' does not exist on type 'any[]'.
packages/noble/Hrm/src/Resources/js/Pages/Awards/Index.tsx(550,25): error TS2322: Type 'any[] | PaginatedAwards | { current_page: number; last_page: number; per_page: number; total: number; from: number; to: number; }' is not assignable to type '{ current_page: number; last_page: number; per_page: number; total: number; from: number; to: number; }'.
  Type 'any[]' is missing the following properties from type '{ current_page: number; last_page: number; per_page: number; total: number; from: number; to: number; }': current_page, last_page, per_page, total, and 2 more.
packages/noble/Hrm/src/Resources/js/Pages/Awards/Index.tsx(557,48): error TS2367: This comparison appears to be unintentional because the types '"" | "view" | "add" | "edit"' and '"status"' have no overlap.
packages/noble/Hrm/src/Resources/js/Pages/Awards/Index.tsx(564,14): error TS2367: This comparison appears to be unintentional because the types '"" | "view" | "add" | "edit"' and '"status"' have no overlap.
packages/noble/Hrm/src/Resources/js/Pages/Contracts/Index.tsx(120,63): error TS2345: Argument of type 'boolean' is not assignable to parameter of type 'SetStateAction<string>'.
packages/noble/Hrm/src/Resources/js/Pages/Employees/Create.tsx(48,89): error TS2769: No overload matches this call.
  Overload 1 of 2, '(initialValues?: CreateEmployeeFormData): InertiaFormProps<CreateEmployeeFormData>', gave the following error.
    Argument of type '{ employee_id: any; application_id: string; name_ar: string; date_of_birth: string; gender: string; shift_id: string; date_of_joining: string; employment_type: string; nationality: string; marital_status: string; ... 64 more ...; attachment_ids: undefined[]; }' is not assignable to parameter of type 'CreateEmployeeFormData'.
      Property 'documents' is missing in type '{ employee_id: any; application_id: string; name_ar: string; date_of_birth: string; gender: string; shift_id: string; date_of_joining: string; employment_type: string; nationality: string; marital_status: string; ... 64 more ...; attachment_ids: undefined[]; }' but required in type 'CreateEmployeeFormData'.
  Overload 2 of 2, '(rememberKey: string, initialValues?: CreateEmployeeFormData): InertiaFormProps<CreateEmployeeFormData>', gave the following error.
    Argument of type '{ employee_id: any; application_id: string; name_ar: string; date_of_birth: string; gender: string; shift_id: string; date_of_joining: string; employment_type: string; nationality: string; marital_status: string; ... 64 more ...; attachment_ids: undefined[]; }' is not assignable to parameter of type 'string'.
packages/noble/Hrm/src/Resources/js/Pages/Employees/Create.tsx(1258,41): error TS2322: Type 'number[]' is not assignable to type 'string | string[]'.
  Type 'number[]' is not assignable to type 'string[]'.
    Type 'number' is not assignable to type 'string'.
packages/noble/Hrm/src/Resources/js/Pages/Employees/Create.tsx(1259,86): error TS2345: Argument of type 'string | string[]' is not assignable to parameter of type 'number[]'.
  Type 'string' is not assignable to type 'number[]'.
packages/noble/Hrm/src/Resources/js/Pages/Employees/Edit.tsx(40,86): error TS2769: No overload matches this call.
  Overload 1 of 2, '(initialValues?: EditEmployeeFormData): InertiaFormProps<EditEmployeeFormData>', gave the following error.
    Argument of type '{ employee_id: any; application_id: any; name_ar: any; date_of_birth: any; gender: any; nationality: any; marital_status: any; marital_status2: any; place_of_birth: any; religion: any; no_of_dependents: any; ... 63 more ...; attachment_ids: undefined[]; }' is not assignable to parameter of type 'EditEmployeeFormData'.
      Property 'documents' is missing in type '{ employee_id: any; application_id: any; name_ar: any; date_of_birth: any; gender: any; nationality: any; marital_status: any; marital_status2: any; place_of_birth: any; religion: any; no_of_dependents: any; ... 63 more ...; attachment_ids: undefined[]; }' but required in type 'EditEmployeeFormData'.
  Overload 2 of 2, '(rememberKey: string, initialValues?: EditEmployeeFormData): InertiaFormProps<EditEmployeeFormData>', gave the following error.
    Argument of type '{ employee_id: any; application_id: any; name_ar: any; date_of_birth: any; gender: any; nationality: any; marital_status: any; marital_status2: any; place_of_birth: any; religion: any; no_of_dependents: any; ... 63 more ...; attachment_ids: undefined[]; }' is not assignable to parameter of type 'string'.
packages/noble/Hrm/src/Resources/js/Pages/Employees/Edit.tsx(1106,41): error TS2322: Type 'number[]' is not assignable to type 'string | string[]'.
  Type 'number[]' is not assignable to type 'string[]'.
    Type 'number' is not assignable to type 'string'.
packages/noble/Hrm/src/Resources/js/Pages/Employees/Index.tsx(244,36): error TS2304: Cannot find name 'cn'.
packages/noble/Hrm/src/Resources/js/Pages/Employees/Index.tsx(258,46): error TS2304: Cannot find name 'formatCurrency'.
packages/noble/Hrm/src/Resources/js/Pages/Employees/Index.tsx(410,87): error TS2339: Property 'total' does not exist on type 'any[] | PaginatedEmployees'.
  Property 'total' does not exist on type 'any[]'.
packages/noble/Hrm/src/Resources/js/Pages/Employees/Index.tsx(423,41): error TS2339: Property 'data' does not exist on type 'any[] | PaginatedEmployees'.
  Property 'data' does not exist on type 'any[]'.
packages/noble/Hrm/src/Resources/js/Pages/Employees/Index.tsx(567,54): error TS2339: Property 'data' does not exist on type 'any[] | PaginatedEmployees'.
  Property 'data' does not exist on type 'any[]'.
packages/noble/Hrm/src/Resources/js/Pages/Employees/Index.tsx(578,49): error TS2339: Property 'data' does not exist on type 'any[] | PaginatedEmployees'.
  Property 'data' does not exist on type 'any[]'.
packages/noble/Hrm/src/Resources/js/Pages/Employees/Index.tsx(626,63): error TS2304: Cannot find name 'formatCurrency'.
packages/noble/Hrm/src/Resources/js/Pages/Employees/Index.tsx(681,25): error TS2322: Type 'any[] | PaginatedEmployees' is not assignable to type '{ current_page: number; last_page: number; per_page: number; total: number; from: number; to: number; }'.
  Type 'any[]' is missing the following properties from type '{ current_page: number; last_page: number; per_page: number; total: number; from: number; to: number; }': current_page, last_page, per_page, total, and 2 more.
packages/noble/Hrm/src/Resources/js/Pages/EmployeeTransfers/Create.tsx(20,97): error TS2769: No overload matches this call.
  Overload 1 of 2, '(initialValues?: CreateEmployeeTransferFormData): InertiaFormProps<CreateEmployeeTransferFormData>', gave the following error.
    Argument of type '{ employee_id: string; to_branch_id: string; to_department_id: string; to_designation_id: string; effective_date: string; reason: string; document: string; }' is not assignable to parameter of type 'CreateEmployeeTransferFormData'.
      Type '{ employee_id: string; to_branch_id: string; to_department_id: string; to_designation_id: string; effective_date: string; reason: string; document: string; }' is missing the following properties from type 'CreateEmployeeTransferFormData': transfer_date, status, from_branch_id, from_department_id, and 2 more.
  Overload 2 of 2, '(rememberKey: string, initialValues?: CreateEmployeeTransferFormData): InertiaFormProps<CreateEmployeeTransferFormData>', gave the following error.
    Argument of type '{ employee_id: string; to_branch_id: string; to_department_id: string; to_designation_id: string; effective_date: string; reason: string; document: string; }' is not assignable to parameter of type 'string'.
packages/noble/Hrm/src/Resources/js/Pages/EmployeeTransfers/Edit.tsx(22,94): error TS2769: No overload matches this call.
  Overload 1 of 2, '(initialValues?: EditEmployeeTransferFormData): InertiaFormProps<EditEmployeeTransferFormData>', gave the following error.
    Argument of type '{ employee_id: string; to_branch_id: string; to_department_id: string; to_designation_id: string; effective_date: string; reason: string; document: string; }' is not assignable to parameter of type 'EditEmployeeTransferFormData'.
      Type '{ employee_id: string; to_branch_id: string; to_department_id: string; to_designation_id: string; effective_date: string; reason: string; document: string; }' is missing the following properties from type 'EditEmployeeTransferFormData': transfer_date, status, from_branch_id, from_department_id, and 2 more.
  Overload 2 of 2, '(rememberKey: string, initialValues?: EditEmployeeTransferFormData): InertiaFormProps<EditEmployeeTransferFormData>', gave the following error.
    Argument of type '{ employee_id: string; to_branch_id: string; to_department_id: string; to_designation_id: string; effective_date: string; reason: string; document: string; }' is not assignable to parameter of type 'string'.
packages/noble/Hrm/src/Resources/js/Pages/Events/Calendar.tsx(29,32): error TS2344: Type 'CalendarProps' does not satisfy the constraint 'PageProps'.
  Index signature for type 'string' is missing in type 'CalendarProps'.
packages/noble/Hrm/src/Resources/js/Pages/Events/Calendar.tsx(35,39): error TS2353: Object literal may only specify known properties, and 'href' does not exist in type '{ label: string; url?: string; }'.
packages/noble/Hrm/src/Resources/js/Pages/Events/Create.tsx(19,86): error TS2769: No overload matches this call.
  Overload 1 of 2, '(initialValues?: CreateEventFormData): InertiaFormProps<CreateEventFormData>', gave the following error.
    Argument of type '{ title: string; event_type_id: string; start_date: string; end_date: string; start_time: string; end_time: string; location: string; description: string; departments: undefined[]; color: string; sync_to_google_calendar: boolean; }' is not assignable to parameter of type 'CreateEventFormData'.
      Type '{ title: string; event_type_id: string; start_date: string; end_date: string; start_time: string; end_time: string; location: string; description: string; departments: undefined[]; color: string; sync_to_google_calendar: boolean; }' is missing the following properties from type 'CreateEventFormData': status, approved_by
  Overload 2 of 2, '(rememberKey: string, initialValues?: CreateEventFormData): InertiaFormProps<CreateEventFormData>', gave the following error.
    Argument of type '{ title: string; event_type_id: string; start_date: string; end_date: string; start_time: string; end_time: string; location: string; description: string; departments: undefined[]; color: string; sync_to_google_calendar: boolean; }' is not assignable to parameter of type 'string'.
packages/noble/Hrm/src/Resources/js/Pages/Events/Edit.tsx(19,56): error TS2769: No overload matches this call.
  Overload 1 of 2, '(initialValues?: EditEventFormData): InertiaFormProps<EditEventFormData>', gave the following error.
    Type 'string | number' is not assignable to type 'string'.
      Type 'number' is not assignable to type 'string'.
  Overload 2 of 2, '(rememberKey: string, initialValues?: EditEventFormData): InertiaFormProps<EditEventFormData>', gave the following error.
    Argument of type '{ title: string; event_type_id: string | number; start_date: string; end_date: string; start_time: string; end_time: string; location: string; description: string; departments: any; color: any; }' is not assignable to parameter of type 'string'.
packages/noble/Hrm/src/Resources/js/Pages/Events/Index.tsx(539,77): error TS2339: Property 'name' does not exist on type 'number'.
packages/noble/Hrm/src/Resources/js/Pages/Events/View.tsx(93,77): error TS2339: Property 'name' does not exist on type 'number'.
packages/noble/Hrm/src/Resources/js/Pages/Holidays/Edit.tsx(22,56): error TS2769: No overload matches this call.
  Overload 1 of 2, '(initialValues?: EditHolidayFormData): InertiaFormProps<EditHolidayFormData>', gave the following error.
    Type 'string | number' is not assignable to type 'string'.
      Type 'number' is not assignable to type 'string'.
  Overload 2 of 2, '(rememberKey: string, initialValues?: EditHolidayFormData): InertiaFormProps<EditHolidayFormData>', gave the following error.
    Argument of type '{ name: string; start_date: string; end_date: string; holiday_type_id: string | number; description: string; is_paid: boolean; is_sync_google_calendar: boolean; is_sync_outlook_calendar: boolean; }' is not assignable to parameter of type 'string'.
packages/noble/Hrm/src/Resources/js/Pages/HrmDocuments/Create.tsx(19,89): error TS2769: No overload matches this call.
  Overload 1 of 2, '(initialValues?: CreateDocumentFormData): InertiaFormProps<CreateDocumentFormData>', gave the following error.
    Argument of type '{ title: string; description: string; document_category_id: string; document: string; }' is not assignable to parameter of type 'CreateDocumentFormData'.
      Type '{ title: string; description: string; document_category_id: string; document: string; }' is missing the following properties from type 'CreateDocumentFormData': effective_date, status, uploaded_by, approved_by
  Overload 2 of 2, '(rememberKey: string, initialValues?: CreateDocumentFormData): InertiaFormProps<CreateDocumentFormData>', gave the following error.
    Argument of type '{ title: string; description: string; document_category_id: string; document: string; }' is not assignable to parameter of type 'string'.
packages/noble/Hrm/src/Resources/js/Pages/HrmDocuments/Edit.tsx(19,56): error TS2769: No overload matches this call.
  Overload 1 of 2, '(initialValues?: EditDocumentFormData): InertiaFormProps<EditDocumentFormData>', gave the following error.
    Type 'string | number' is not assignable to type 'string'.
      Type 'number' is not assignable to type 'string'.
  Overload 2 of 2, '(rememberKey: string, initialValues?: EditDocumentFormData): InertiaFormProps<EditDocumentFormData>', gave the following error.
    Argument of type '{ title: string; description: string; document_category_id: string | number; document: string; }' is not assignable to parameter of type 'string'.
packages/noble/Hrm/src/Resources/js/Pages/HrmDocuments/Index.tsx(516,84): error TS2339: Property 'name' does not exist on type 'number'.
packages/noble/Hrm/src/Resources/js/Pages/HrmDocuments/Index.tsx(526,80): error TS2339: Property 'name' does not exist on type 'number'.
packages/noble/Hrm/src/Resources/js/Pages/HrmDocuments/View.tsx(87,77): error TS2339: Property 'name' does not exist on type 'number'.
packages/noble/Hrm/src/Resources/js/Pages/HrmDocuments/View.tsx(92,77): error TS2339: Property 'name' does not exist on type 'number'.
packages/noble/Hrm/src/Resources/js/Pages/Index.tsx(477,67): error TS2339: Property 'avatar' does not exist on type '{ name: string; leave_type: string; days: number; }'.
packages/noble/Hrm/src/Resources/js/Pages/Index.tsx(479,92): error TS2339: Property 'avatar' does not exist on type '{ name: string; leave_type: string; days: number; }'.
packages/noble/Hrm/src/Resources/js/Pages/Index.tsx(544,67): error TS2339: Property 'avatar' does not exist on type '{ name: string; department: string; }'.
packages/noble/Hrm/src/Resources/js/Pages/Index.tsx(546,92): error TS2339: Property 'avatar' does not exist on type '{ name: string; department: string; }'.
packages/noble/Hrm/src/Resources/js/Pages/Index.tsx(563,71): error TS2339: Property 'employee_id' does not exist on type '{ name: string; department: string; }'.
packages/noble/Hrm/src/Resources/js/Pages/Index.tsx(594,74): error TS2322: Type '{ events: { id: number; title: string; startDate: string; endDate: string; time: string; description: string; type: string; color: string; }[]; height: number; }' is not assignable to type 'IntrinsicAttributes & CalendarViewProps'.
  Property 'height' does not exist on type 'IntrinsicAttributes & CalendarViewProps'.
packages/noble/Hrm/src/Resources/js/Pages/LeaveApplications/View.tsx(117,92): error TS2339: Property 'name' does not exist on type 'number'.
packages/noble/Hrm/src/Resources/js/Pages/LeaveBalance/Index.tsx(28,39): error TS2344: Type 'LeaveBalanceIndexProps' does not satisfy the constraint 'PageProps'.
  Index signature for type 'string' is missing in type 'LeaveBalanceIndexProps'.
packages/noble/Hrm/src/Resources/js/Pages/LeaveBalance/Index.tsx(43,47): error TS2339: Property 'avatar' does not exist on type 'LeaveBalanceData'.
packages/noble/Hrm/src/Resources/js/Pages/LeaveBalance/Index.tsx(45,72): error TS2339: Property 'avatar' does not exist on type 'LeaveBalanceData'.
packages/noble/Hrm/src/Resources/js/Pages/LeaveBalance/Index.tsx(46,59): error TS2339: Property 'name' does not exist on type 'LeaveBalanceData'.
packages/noble/Hrm/src/Resources/js/Pages/LeaveTypes/Edit.tsx(19,56): error TS2769: No overload matches this call.
  Overload 1 of 2, '(initialValues?: EditLeaveTypeFormData): InertiaFormProps<EditLeaveTypeFormData>', gave the following error.
    Type 'string | number' is not assignable to type 'string'.
      Type 'number' is not assignable to type 'string'.
  Overload 2 of 2, '(rememberKey: string, initialValues?: EditLeaveTypeFormData): InertiaFormProps<EditLeaveTypeFormData>', gave the following error.
    Argument of type '{ name: string; description: string; max_days_per_year: string | number; is_paid: boolean; color: any; }' is not assignable to parameter of type 'string'.
packages/noble/Hrm/src/Resources/js/Pages/Payrolls/Edit.tsx(22,85): error TS2769: No overload matches this call.
  Overload 2 of 2, '(rememberKey: string, initialValues?: EditPayrollFormData): InertiaFormProps<EditPayrollFormData>', gave the following error.
    Argument of type '{ title: string; payroll_frequency: string; pay_period_start: string; pay_period_end: string; pay_date: string; notes: string; total_gross_pay: string | number; total_deductions: string | number; ... 4 more ...; bank_account_id: any; }' is not assignable to parameter of type 'string'.
packages/noble/Hrm/src/Resources/js/Pages/Payrolls/payslip/Payslip.tsx(59,38): error TS2344: Type 'PayslipProps' does not satisfy the constraint 'PageProps'.
  Index signature for type 'string' is missing in type 'PayslipProps'.
packages/noble/Hrm/src/Resources/js/Pages/Payrolls/payslip/Payslip.tsx(137,63): error TS2339: Property 'designation' does not exist on type '{ id: number; name: string; email: string; user: { name: string; email: string; }; }'.
packages/noble/Hrm/src/Resources/js/Pages/Payrolls/payslip/Payslip.tsx(145,62): error TS2339: Property 'employee_id' does not exist on type '{ id: number; name: string; email: string; user: { name: string; email: string; }; }'.
packages/noble/Hrm/src/Resources/js/Pages/Payrolls/payslip/Payslip.tsx(153,63): error TS2339: Property 'bank_name' does not exist on type '{ id: number; name: string; email: string; user: { name: string; email: string; }; }'.
packages/noble/Hrm/src/Resources/js/Pages/Payrolls/payslip/Payslip.tsx(161,63): error TS2339: Property 'account_number' does not exist on type '{ id: number; name: string; email: string; user: { name: string; email: string; }; }'.
packages/noble/Hrm/src/Resources/js/Pages/Payrolls/payslip/Payslip.tsx(169,63): error TS2339: Property 'ifsc_code' does not exist on type '{ id: number; name: string; email: string; user: { name: string; email: string; }; }'.
packages/noble/Hrm/src/Resources/js/Pages/Payrolls/Show.tsx(73,39): error TS2344: Type 'ShowProps' does not satisfy the constraint 'PageProps'.
  Index signature for type 'string' is missing in type 'ShowProps'.
packages/noble/Hrm/src/Resources/js/Pages/Payrolls/Show.tsx(197,93): error TS2339: Property 'status' does not exist on type 'PayrollEntry'.
packages/noble/Hrm/src/Resources/js/Pages/Payrolls/Show.tsx(254,96): error TS2339: Property 'status' does not exist on type 'PayrollEntry'.
packages/noble/Hrm/src/Resources/js/Pages/Payrolls/Show.tsx(451,17): error TS2740: Type 'PayrollEntry' is missing the following properties from type 'PayrollEntry': attendance_overtime_rate, half_days, manual_overtime_hours, attendance_overtime_hours, and 4 more.
packages/noble/Hrm/src/Resources/js/Pages/Promotions/Create.tsx(22,90): error TS2769: No overload matches this call.
  Overload 1 of 2, '(initialValues?: CreatePromotionFormData): InertiaFormProps<CreatePromotionFormData>', gave the following error.
    Argument of type '{ employee_id: string; current_branch_id: string; current_department_id: string; current_designation_id: string; effective_date: string; reason: string; document: string; }' is not assignable to parameter of type 'CreatePromotionFormData'.
      Type '{ employee_id: string; current_branch_id: string; current_department_id: string; current_designation_id: string; effective_date: string; reason: string; document: string; }' is missing the following properties from type 'CreatePromotionFormData': previous_branch_id, previous_department_id, previous_designation_id, status, and 2 more.
  Overload 2 of 2, '(rememberKey: string, initialValues?: CreatePromotionFormData): InertiaFormProps<CreatePromotionFormData>', gave the following error.
    Argument of type '{ employee_id: string; current_branch_id: string; current_department_id: string; current_designation_id: string; effective_date: string; reason: string; document: string; }' is not assignable to parameter of type 'string'.
packages/noble/Hrm/src/Resources/js/Pages/Promotions/Edit.tsx(22,87): error TS2769: No overload matches this call.
  Overload 1 of 2, '(initialValues?: EditPromotionFormData): InertiaFormProps<EditPromotionFormData>', gave the following error.
    Argument of type '{ employee_id: any; current_branch_id: any; current_department_id: any; current_designation_id: any; effective_date: any; reason: any; document: any; }' is not assignable to parameter of type 'EditPromotionFormData'.
      Type '{ employee_id: any; current_branch_id: any; current_department_id: any; current_designation_id: any; effective_date: any; reason: any; document: any; }' is missing the following properties from type 'EditPromotionFormData': previous_branch_id, previous_department_id, previous_designation_id, status, and 2 more.
  Overload 2 of 2, '(rememberKey: string, initialValues?: EditPromotionFormData): InertiaFormProps<EditPromotionFormData>', gave the following error.
    Argument of type '{ employee_id: any; current_branch_id: any; current_department_id: any; current_designation_id: any; effective_date: any; reason: any; document: any; }' is not assignable to parameter of type 'string'.
packages/noble/Hrm/src/Resources/js/Pages/SetSalary/Index.tsx(50,60): error TS2344: Type 'SetSalaryIndexProps' does not satisfy the constraint 'PageProps'.
  Index signature for type 'string' is missing in type 'SetSalaryIndexProps'.
packages/noble/Hrm/src/Resources/js/Pages/SetSalary/Index.tsx(262,50): error TS2339: Property 'data' does not exist on type 'any[] | { data: Employee[]; links: any[]; meta: any; }'.
  Property 'data' does not exist on type 'any[]'.
packages/noble/Hrm/src/Resources/js/Pages/SetSalary/Index.tsx(285,25): error TS2322: Type 'any[] | { data: Employee[]; links: any[]; meta: any; } | { current_page: number; last_page: number; per_page: number; total: number; from: number; to: number; }' is not assignable to type '{ current_page: number; last_page: number; per_page: number; total: number; from: number; to: number; }'.
  Type 'any[]' is missing the following properties from type '{ current_page: number; last_page: number; per_page: number; total: number; from: number; to: number; }': current_page, last_page, per_page, total, and 2 more.
packages/noble/Hrm/src/Resources/js/Pages/SetSalary/Show.tsx(129,17): error TS2344: Type 'SetSalaryShowProps' does not satisfy the constraint 'PageProps'.
  Index signature for type 'string' is missing in type 'SetSalaryShowProps'.
packages/noble/Hrm/src/Resources/js/Pages/SetSalary/Show.tsx(440,100): error TS2345: Argument of type 'number[]' is not assignable to parameter of type 'string | number'.
packages/noble/Hrm/src/Resources/js/Pages/SetSalary/Show.tsx(556,109): error TS2345: Argument of type 'number[]' is not assignable to parameter of type 'string | number'.
packages/noble/Hrm/src/Resources/js/Pages/SetSalary/Show.tsx(748,104): error TS2345: Argument of type 'number[]' is not assignable to parameter of type 'string | number'.
packages/noble/Hrm/src/Resources/js/Pages/SetSalary/Show.tsx(894,108): error TS2345: Argument of type 'number[]' is not assignable to parameter of type 'string | number'.
packages/noble/Hrm/src/Resources/js/Pages/SetSalary/Show.tsx(994,35): error TS2719: Type 'Overtime' is not assignable to type 'Overtime'. Two different types with this name exist, but they are unrelated.
  Property 'start_date' is optional in type 'Overtime' but required in type 'Overtime'.
packages/noble/Hrm/src/Resources/js/Pages/Shifts/Create.tsx(19,86): error TS2769: No overload matches this call.
  Overload 1 of 2, '(initialValues?: CreateShiftFormData): InertiaFormProps<CreateShiftFormData>', gave the following error.
    Argument of type '{ shift_name: string; start_time: string; end_time: string; break_start_time: string; break_end_time: string; is_night_shift: false; }' is not assignable to parameter of type 'CreateShiftFormData'.
      Type '{ shift_name: string; start_time: string; end_time: string; break_start_time: string; break_end_time: string; is_night_shift: false; }' is missing the following properties from type 'CreateShiftFormData': creator_id, created_by
  Overload 2 of 2, '(rememberKey: string, initialValues?: CreateShiftFormData): InertiaFormProps<CreateShiftFormData>', gave the following error.
    Argument of type '{ shift_name: string; start_time: string; end_time: string; break_start_time: string; break_end_time: string; is_night_shift: boolean; }' is not assignable to parameter of type 'string'.
packages/noble/Hrm/src/Resources/js/Pages/Shifts/Edit.tsx(19,83): error TS2769: No overload matches this call.
  Overload 1 of 2, '(initialValues?: EditShiftFormData): InertiaFormProps<EditShiftFormData>', gave the following error.
    Argument of type '{ shift_name: string; start_time: string; end_time: string; break_start_time: string; break_end_time: string; is_night_shift: boolean; }' is not assignable to parameter of type 'EditShiftFormData'.
      Type '{ shift_name: string; start_time: string; end_time: string; break_start_time: string; break_end_time: string; is_night_shift: boolean; }' is missing the following properties from type 'EditShiftFormData': creator_id, created_by
  Overload 2 of 2, '(rememberKey: string, initialValues?: EditShiftFormData): InertiaFormProps<EditShiftFormData>', gave the following error.
    Argument of type '{ shift_name: string; start_time: string; end_time: string; break_start_time: string; break_end_time: string; is_night_shift: boolean; }' is not assignable to parameter of type 'string'.
packages/noble/Hrm/src/Resources/js/Pages/SystemSetup/AllowanceTypes/Index.tsx(144,45): error TS2740: Type 'PaginatedData<AllowanceType>' is missing the following properties from type 'AllowanceType[]': length, pop, push, concat, and 35 more.
packages/noble/Hrm/src/Resources/js/Pages/SystemSetup/AllowanceTypes/Index.tsx(171,26): error TS2741: Property 'data' is missing in type '{ allowancetype: AllowanceType; onSuccess: () => void; }' but required in type 'EditAllowanceTypeProps'.
packages/noble/Hrm/src/Resources/js/Pages/SystemSetup/AnnouncementCategories/Index.tsx(141,45): error TS2322: Type 'any[] | PaginatedAnnouncementCategories' is not assignable to type 'any[]'.
  Type 'PaginatedData<AnnouncementCategory>' is missing the following properties from type 'any[]': length, pop, push, concat, and 35 more.
packages/noble/Hrm/src/Resources/js/Pages/SystemSetup/AnnouncementCategories/Index.tsx(168,26): error TS2741: Property 'data' is missing in type '{ announcementcategory: AnnouncementCategory; onSuccess: () => void; }' but required in type 'EditAnnouncementCategoryProps'.
packages/noble/Hrm/src/Resources/js/Pages/SystemSetup/AwardTypes/Index.tsx(144,45): error TS2740: Type 'PaginatedData<AwardType>' is missing the following properties from type 'AwardType[]': length, pop, push, concat, and 35 more.
packages/noble/Hrm/src/Resources/js/Pages/SystemSetup/AwardTypes/Index.tsx(169,26): error TS2741: Property 'data' is missing in type '{ awardtype: AwardType; onSuccess: () => void; }' but required in type 'EditAwardTypeProps'.
packages/noble/Hrm/src/Resources/js/Pages/SystemSetup/Branches/Index.tsx(139,45): error TS2322: Type 'any[] | PaginatedBranches' is not assignable to type 'any[]'.
  Type 'PaginatedData<Branch>' is missing the following properties from type 'any[]': length, pop, push, concat, and 35 more.
packages/noble/Hrm/src/Resources/js/Pages/SystemSetup/Branches/Index.tsx(164,26): error TS2741: Property 'data' is missing in type '{ branch: Branch; onSuccess: () => void; }' but required in type 'EditBranchProps'.
packages/noble/Hrm/src/Resources/js/Pages/SystemSetup/ComplaintTypes/Index.tsx(139,45): error TS2740: Type 'PaginatedData<ComplaintType>' is missing the following properties from type 'ComplaintType[]': length, pop, push, concat, and 35 more.
packages/noble/Hrm/src/Resources/js/Pages/SystemSetup/ComplaintTypes/Index.tsx(166,26): error TS2741: Property 'data' is missing in type '{ complainttype: ComplaintType; onSuccess: () => void; }' but required in type 'EditComplaintTypeProps'.
packages/noble/Hrm/src/Resources/js/Pages/SystemSetup/DeductionTypes/Index.tsx(144,45): error TS2740: Type 'PaginatedData<DeductionType>' is missing the following properties from type 'DeductionType[]': length, pop, push, concat, and 35 more.
packages/noble/Hrm/src/Resources/js/Pages/SystemSetup/DeductionTypes/Index.tsx(171,26): error TS2741: Property 'data' is missing in type '{ deductiontype: DeductionType; onSuccess: () => void; }' but required in type 'EditDeductionTypeProps'.
packages/noble/Hrm/src/Resources/js/Pages/SystemSetup/Departments/Index.tsx(145,45): error TS2322: Type 'any[] | PaginatedDepartments' is not assignable to type 'any[]'.
  Type 'PaginatedData<Department>' is missing the following properties from type 'any[]': length, pop, push, concat, and 35 more.
packages/noble/Hrm/src/Resources/js/Pages/SystemSetup/Departments/Index.tsx(170,26): error TS2741: Property 'data' is missing in type '{ department: Department; onSuccess: () => void; branches: any[]; }' but required in type 'EditDepartmentProps'.
packages/noble/Hrm/src/Resources/js/Pages/SystemSetup/Departments/types.ts(7,14): error TS2304: Cannot find name 'Branch'.
packages/noble/Hrm/src/Resources/js/Pages/SystemSetup/Designations/Index.tsx(151,45): error TS2322: Type 'any[] | PaginatedDesignations' is not assignable to type 'any[]'.
  Type 'PaginatedData<Designation>' is missing the following properties from type 'any[]': length, pop, push, concat, and 35 more.
packages/noble/Hrm/src/Resources/js/Pages/SystemSetup/Designations/Index.tsx(178,26): error TS2741: Property 'data' is missing in type '{ designation: Designation; onSuccess: () => void; branches: any[]; departments: any[]; }' but required in type 'EditDesignationProps'.
packages/noble/Hrm/src/Resources/js/Pages/SystemSetup/Designations/types.ts(7,14): error TS2304: Cannot find name 'Branch'.
packages/noble/Hrm/src/Resources/js/Pages/SystemSetup/Designations/types.ts(9,18): error TS2304: Cannot find name 'Department'.
packages/noble/Hrm/src/Resources/js/Pages/SystemSetup/DocumentCategories/Index.tsx(155,45): error TS2740: Type 'PaginatedData<DocumentCategory>' is missing the following properties from type 'DocumentCategory[]': length, pop, push, concat, and 35 more.
packages/noble/Hrm/src/Resources/js/Pages/SystemSetup/DocumentCategories/Index.tsx(182,26): error TS2741: Property 'data' is missing in type '{ documentcategory: DocumentCategory; onSuccess: () => void; }' but required in type 'EditDocumentCategoryProps'.
packages/noble/Hrm/src/Resources/js/Pages/SystemSetup/EmployeeDocumentTypes/Index.tsx(160,45): error TS2740: Type 'PaginatedData<EmployeeDocumentType>' is missing the following properties from type 'EmployeeDocumentType[]': length, pop, push, concat, and 35 more.
packages/noble/Hrm/src/Resources/js/Pages/SystemSetup/EmployeeDocumentTypes/Index.tsx(187,26): error TS2741: Property 'data' is missing in type '{ employeedocumenttype: EmployeeDocumentType; onSuccess: () => void; }' but required in type 'EditEmployeeDocumentTypeProps'.
packages/noble/Hrm/src/Resources/js/Pages/SystemSetup/EventTypes/Index.tsx(139,45): error TS2740: Type 'PaginatedData<EventType>' is missing the following properties from type 'EventType[]': length, pop, push, concat, and 35 more.
packages/noble/Hrm/src/Resources/js/Pages/SystemSetup/EventTypes/Index.tsx(164,26): error TS2741: Property 'data' is missing in type '{ eventtype: EventType; onSuccess: () => void; }' but required in type 'EditEventTypeProps'.
packages/noble/Hrm/src/Resources/js/Pages/SystemSetup/HolidayTypes/Index.tsx(139,45): error TS2740: Type 'PaginatedData<HolidayType>' is missing the following properties from type 'HolidayType[]': length, pop, push, concat, and 35 more.
packages/noble/Hrm/src/Resources/js/Pages/SystemSetup/HolidayTypes/Index.tsx(164,26): error TS2741: Property 'data' is missing in type '{ holidaytype: HolidayType; onSuccess: () => void; }' but required in type 'EditHolidayTypeProps'.
packages/noble/Hrm/src/Resources/js/Pages/SystemSetup/IpRestricts/Index.tsx(25,64): error TS2367: This comparison appears to be unintentional because the types 'boolean' and 'string' have no overlap.
packages/noble/Hrm/src/Resources/js/Pages/SystemSetup/IpRestricts/Index.tsx(163,45): error TS2740: Type 'PaginatedData<IpRestrict>' is missing the following properties from type 'IpRestrict[]': length, pop, push, concat, and 35 more.
packages/noble/Hrm/src/Resources/js/Pages/SystemSetup/IpRestricts/Index.tsx(188,26): error TS2741: Property 'data' is missing in type '{ iprestrict: IpRestrict; onSuccess: () => void; }' but required in type 'EditIpRestrictProps'.
packages/noble/Hrm/src/Resources/js/Pages/SystemSetup/LoanTypes/Index.tsx(144,45): error TS2740: Type 'PaginatedData<LoanType>' is missing the following properties from type 'LoanType[]': length, pop, push, concat, and 35 more.
packages/noble/Hrm/src/Resources/js/Pages/SystemSetup/LoanTypes/Index.tsx(169,26): error TS2741: Property 'data' is missing in type '{ loantype: LoanType; onSuccess: () => void; }' but required in type 'EditLoanTypeProps'.
packages/noble/Hrm/src/Resources/js/Pages/SystemSetup/TerminationTypes/Index.tsx(141,45): error TS2740: Type 'PaginatedData<TerminationType>' is missing the following properties from type 'TerminationType[]': length, pop, push, concat, and 35 more.
packages/noble/Hrm/src/Resources/js/Pages/SystemSetup/TerminationTypes/Index.tsx(168,26): error TS2741: Property 'data' is missing in type '{ terminationtype: TerminationType; onSuccess: () => void; }' but required in type 'EditTerminationTypeProps'.
packages/noble/Hrm/src/Resources/js/Pages/SystemSetup/WarningTypes/Index.tsx(139,45): error TS2740: Type 'PaginatedData<WarningType>' is missing the following properties from type 'WarningType[]': length, pop, push, concat, and 35 more.
packages/noble/Hrm/src/Resources/js/Pages/SystemSetup/WarningTypes/Index.tsx(164,26): error TS2741: Property 'data' is missing in type '{ warningtype: WarningType; onSuccess: () => void; }' but required in type 'EditWarningTypeProps'.
packages/noble/Hrm/src/Resources/js/Pages/SystemSetup/WorkingDays/Index.tsx(14,43): error TS2344: Type 'WorkingDaysIndexProps' does not satisfy the constraint 'PageProps'.
  Index signature for type 'string' is missing in type 'WorkingDaysIndexProps'.
packages/noble/LandingPage/src/Resources/js/Pages/components/Modules.tsx(1,47): error TS2304: Cannot find name 'ModulesProps'.
packages/noble/LandingPage/src/Resources/js/Pages/components/settings/CTA.tsx(125,33): error TS2322: Type '{ value: any; onChange: (value: string | string[]) => void; accept: string; placeholder: string; }' is not assignable to type 'IntrinsicAttributes & MediaPickerProps'.
  Property 'accept' does not exist on type 'IntrinsicAttributes & MediaPickerProps'.
packages/noble/LandingPage/src/Resources/js/Pages/CustomPages/Create.tsx(130,33): error TS2322: Type '{ content: string; onChange: (value: string) => void; placeholder: string; required: true; }' is not assignable to type 'IntrinsicAttributes & RichTextEditorProps'.
  Property 'required' does not exist on type 'IntrinsicAttributes & RichTextEditorProps'.
packages/noble/LandingPage/src/Resources/js/Pages/CustomPages/Edit.tsx(130,33): error TS2322: Type '{ content: string; onChange: (value: string) => void; placeholder: string; required: true; }' is not assignable to type 'IntrinsicAttributes & RichTextEditorProps'.
  Property 'required' does not exist on type 'IntrinsicAttributes & RichTextEditorProps'.
packages/noble/LandingPage/src/Resources/js/Pages/CustomPages/Show.tsx(45,57): error TS2322: Type '{ title: string; description: string; }' is not assignable to type 'IntrinsicAttributes & InertiaHeadProps'.
  Property 'description' does not exist on type 'IntrinsicAttributes & InertiaHeadProps'.
packages/noble/LandingPage/src/Resources/js/Pages/Marketplace.tsx(86,61): error TS2322: Type '{ name: string; slug: string; description: string; price: string; yearly_price?: string; image?: string; }[]' is not assignable to type '{ id: number; name: string; package_name: string; description: string; price: string; yearly_price?: string; image?: string; monthly_price?: number; }[]'.
  Type '{ name: string; slug: string; description: string; price: string; yearly_price?: string; image?: string; }' is missing the following properties from type '{ id: number; name: string; package_name: string; description: string; price: string; yearly_price?: string; image?: string; monthly_price?: number; }': id, package_name
packages/noble/LandingPage/src/Resources/js/Pages/marketplace/Modules.tsx(54,103): error TS2339: Property 'slug' does not exist on type '{ id: number; name: string; package_name: string; description: string; price: string; yearly_price?: string; image?: string; monthly_price?: number; }'.
packages/noble/LandingPage/src/Resources/js/Pages/marketplace/Settings.tsx(132,41): error TS2339: Property 'module' does not exist on type 'Module'.
packages/noble/LandingPage/src/Resources/js/Pages/marketplace/Settings.tsx(134,77): error TS2339: Property 'module' does not exist on type 'Module'.
packages/noble/LandingPage/src/Resources/js/Pages/marketplace/Settings.tsx(137,60): error TS2339: Property 'module' does not exist on type 'Module'.
packages/noble/LandingPage/src/Resources/js/Pages/marketplace/Settings.tsx(183,39): error TS2339: Property 'success' does not exist on type 'unknown'.
packages/noble/LandingPage/src/Resources/js/Pages/marketplace/Settings.tsx(184,52): error TS2339: Property 'success' does not exist on type 'unknown'.
packages/noble/LandingPage/src/Resources/js/Pages/marketplace/Settings.tsx(245,74): error TS2339: Property 'module' does not exist on type 'Module'.
packages/noble/LandingPage/src/Resources/js/Pages/marketplace/Settings.tsx(248,68): error TS2339: Property 'module' does not exist on type 'Module'.
packages/noble/LandingPage/src/Resources/js/Pages/marketplace/Settings.tsx(252,66): error TS2339: Property 'module' does not exist on type 'Module'.
packages/noble/LandingPage/src/Resources/js/Pages/marketplace/Settings.tsx(260,66): error TS2339: Property 'module' does not exist on type 'Module'.
packages/noble/Lead/src/Resources/js/Pages/Dashboard/UserDashboard.tsx(214,54): error TS2339: Property 'total_amount' does not exist on type '{ assigned_leads: number; assigned_deals: number; completed_tasks: number; pending_tasks: number; }'.
packages/noble/Lead/src/Resources/js/Pages/Deals/Create.tsx(18,85): error TS2769: No overload matches this call.
  Overload 1 of 2, '(initialValues?: CreateDealFormData): InertiaFormProps<CreateDealFormData>', gave the following error.
    Argument of type '{ name: string; price: string; phone: string; clients: undefined[]; }' is not assignable to parameter of type 'CreateDealFormData'.
      Type '{ name: string; price: string; phone: string; clients: undefined[]; }' is missing the following properties from type 'CreateDealFormData': pipeline_id, stage_id, group_id, sources, and 8 more.
  Overload 2 of 2, '(rememberKey: string, initialValues?: CreateDealFormData): InertiaFormProps<CreateDealFormData>', gave the following error.
    Argument of type '{ name: string; price: string; phone: string; clients: undefined[]; }' is not assignable to parameter of type 'string'.
packages/noble/Lead/src/Resources/js/Pages/Deals/LabelView.tsx(28,24): error TS2352: Conversion of type 'PageProps & { errors: Errors & ErrorBag; }' to type '{ labels: Label[]; }' may be a mistake because neither type sufficiently overlaps with the other. If this was intentional, convert the expression to 'unknown' first.
  Property 'labels' is missing in type 'PageProps & { errors: Errors & ErrorBag; }' but required in type '{ labels: Label[]; }'.
packages/noble/Lead/src/Resources/js/Pages/Deals/Show.tsx(34,17): error TS2344: Type 'DealShowProps' does not satisfy the constraint 'PageProps'.
  Index signature for type 'string' is missing in type 'DealShowProps'.
packages/noble/Lead/src/Resources/js/Pages/Deals/Show.tsx(124,25): error TS2322: Type '{ deal: Deal; onRegisterAddHandler: (handler: () => void) => void; onDealUpdate: Dispatch<SetStateAction<Deal>>; }' is not assignable to type 'IntrinsicAttributes & TasksProps'.
  Property 'onDealUpdate' does not exist on type 'IntrinsicAttributes & TasksProps'.
packages/noble/Lead/src/Resources/js/Pages/Deals/Show.tsx(133,25): error TS2322: Type '{ deal: Deal; availableUsers: any[]; onRegisterAddHandler: (handler: () => void) => void; onDealUpdate: Dispatch<SetStateAction<Deal>>; }' is not assignable to type 'IntrinsicAttributes & UsersProps'.
  Property 'onDealUpdate' does not exist on type 'IntrinsicAttributes & UsersProps'.
packages/noble/Lead/src/Resources/js/Pages/Deals/Show.tsx(142,25): error TS2322: Type '{ deal: Deal; availableProducts: any[]; onRegisterAddHandler: (handler: () => void) => void; onDealUpdate: Dispatch<SetStateAction<Deal>>; }' is not assignable to type 'IntrinsicAttributes & ProductsProps'.
  Property 'onDealUpdate' does not exist on type 'IntrinsicAttributes & ProductsProps'.
packages/noble/Lead/src/Resources/js/Pages/Deals/Show.tsx(151,25): error TS2322: Type '{ deal: Deal; availableSources: any[]; onRegisterAddHandler: (handler: () => void) => void; onDealUpdate: Dispatch<SetStateAction<Deal>>; }' is not assignable to type 'IntrinsicAttributes & SourcesProps'.
  Property 'onDealUpdate' does not exist on type 'IntrinsicAttributes & SourcesProps'.
packages/noble/Lead/src/Resources/js/Pages/Deals/Show.tsx(155,50): error TS2322: Type '{ deal: Deal; onDealUpdate: Dispatch<SetStateAction<Deal>>; }' is not assignable to type 'IntrinsicAttributes & FilesProps'.
  Property 'onDealUpdate' does not exist on type 'IntrinsicAttributes & FilesProps'.
packages/noble/Lead/src/Resources/js/Pages/Deals/Show.tsx(161,25): error TS2322: Type '{ deal: Deal; onRegisterAddHandler: (handler: () => void) => void; onDealUpdate: Dispatch<SetStateAction<Deal>>; }' is not assignable to type 'IntrinsicAttributes & CallsProps'.
  Property 'onDealUpdate' does not exist on type 'IntrinsicAttributes & CallsProps'.
packages/noble/Lead/src/Resources/js/Pages/Deals/Show.tsx(165,53): error TS2322: Type '{ deal: Deal; onDealUpdate: Dispatch<SetStateAction<Deal>>; }' is not assignable to type 'IntrinsicAttributes & ActivityProps'.
  Property 'onDealUpdate' does not exist on type 'IntrinsicAttributes & ActivityProps'.
packages/noble/Lead/src/Resources/js/Pages/Deals/Show.tsx(172,25): error TS2322: Type '{ deal: Deal; availableClients: any[]; onRegisterAddHandler: (handler: () => void) => void; onDealUpdate: Dispatch<SetStateAction<Deal>>; }' is not assignable to type 'IntrinsicAttributes & ClientsProps'.
  Property 'onDealUpdate' does not exist on type 'IntrinsicAttributes & ClientsProps'.
packages/noble/Lead/src/Resources/js/Pages/Deals/Show.tsx(191,13): error TS2322: Type 'Element' is not assignable to type 'string'.
packages/noble/Lead/src/Resources/js/Pages/Deals/Show/Products.tsx(101,105): error TS2339: Property 'split' does not exist on type 'never'.
packages/noble/Lead/src/Resources/js/Pages/Deals/Show/Tasks.tsx(66,33): error TS2345: Argument of type '{ name: string; date: string; time: string; priority: string; status: string; }' is not assignable to parameter of type 'SetStateAction<{ name: string; date: string; time: string; priority: string; status: string; sync_to_google_calendar: boolean; }>'.
  Property 'sync_to_google_calendar' is missing in type '{ name: string; date: string; time: string; priority: string; status: string; }' but required in type '{ name: string; date: string; time: string; priority: string; status: string; sync_to_google_calendar: boolean; }'.
packages/noble/Lead/src/Resources/js/Pages/Deals/Show/Tasks.tsx(80,37): error TS2345: Argument of type '{ name: string; date: string; time: string; priority: string; status: string; }' is not assignable to parameter of type 'SetStateAction<{ name: string; date: string; time: string; priority: string; status: string; sync_to_google_calendar: boolean; }>'.
  Property 'sync_to_google_calendar' is missing in type '{ name: string; date: string; time: string; priority: string; status: string; }' but required in type '{ name: string; date: string; time: string; priority: string; status: string; sync_to_google_calendar: boolean; }'.
packages/noble/Lead/src/Resources/js/Pages/Deals/Show/Tasks.tsx(104,25): error TS2345: Argument of type '{ name: any; date: string; time: any; priority: any; status: any; }' is not assignable to parameter of type 'SetStateAction<{ name: string; date: string; time: string; priority: string; status: string; sync_to_google_calendar: boolean; }>'.
  Property 'sync_to_google_calendar' is missing in type '{ name: any; date: string; time: any; priority: any; status: any; }' but required in type '{ name: string; date: string; time: string; priority: string; status: string; sync_to_google_calendar: boolean; }'.
packages/noble/Lead/src/Resources/js/Pages/Deals/Show/Tasks.tsx(112,25): error TS2345: Argument of type '{ name: string; date: string; time: string; priority: string; status: string; }' is not assignable to parameter of type 'SetStateAction<{ name: string; date: string; time: string; priority: string; status: string; sync_to_google_calendar: boolean; }>'.
  Property 'sync_to_google_calendar' is missing in type '{ name: string; date: string; time: string; priority: string; status: string; }' but required in type '{ name: string; date: string; time: string; priority: string; status: string; sync_to_google_calendar: boolean; }'.
packages/noble/Lead/src/Resources/js/Pages/Deals/Show/Tasks.tsx(261,37): error TS2345: Argument of type '{ name: string; date: string; time: string; priority: string; status: string; }' is not assignable to parameter of type 'SetStateAction<{ name: string; date: string; time: string; priority: string; status: string; sync_to_google_calendar: boolean; }>'.
  Property 'sync_to_google_calendar' is missing in type '{ name: string; date: string; time: string; priority: string; status: string; }' but required in type '{ name: string; date: string; time: string; priority: string; status: string; sync_to_google_calendar: boolean; }'.
packages/noble/Lead/src/Resources/js/Pages/Leads/LabelView.tsx(28,24): error TS2352: Conversion of type 'PageProps & { errors: Errors & ErrorBag; }' to type '{ labels: Label[]; }' may be a mistake because neither type sufficiently overlaps with the other. If this was intentional, convert the expression to 'unknown' first.
  Property 'labels' is missing in type 'PageProps & { errors: Errors & ErrorBag; }' but required in type '{ labels: Label[]; }'.
packages/noble/Lead/src/Resources/js/Pages/Leads/Show/Index.tsx(163,13): error TS2322: Type 'Element' is not assignable to type 'string'.
packages/noble/Lead/src/Resources/js/Pages/Leads/Show/Products.tsx(112,48): error TS2339: Property 'split' does not exist on type 'string | string[]'.
  Property 'split' does not exist on type 'string[]'.
packages/noble/Lead/src/Resources/js/Pages/Leads/Show/Sources.tsx(112,48): error TS2339: Property 'split' does not exist on type 'string | string[]'.
  Property 'split' does not exist on type 'string[]'.
packages/noble/Lead/src/Resources/js/Pages/Leads/Show/Tasks.tsx(65,33): error TS2345: Argument of type '{ name: string; date: string; time: string; priority: string; status: string; }' is not assignable to parameter of type 'SetStateAction<{ name: string; date: string; time: string; priority: string; status: string; sync_to_google_calendar: boolean; }>'.
  Property 'sync_to_google_calendar' is missing in type '{ name: string; date: string; time: string; priority: string; status: string; }' but required in type '{ name: string; date: string; time: string; priority: string; status: string; sync_to_google_calendar: boolean; }'.
packages/noble/Lead/src/Resources/js/Pages/Leads/Show/Tasks.tsx(79,37): error TS2345: Argument of type '{ name: string; date: string; time: string; priority: string; status: string; }' is not assignable to parameter of type 'SetStateAction<{ name: string; date: string; time: string; priority: string; status: string; sync_to_google_calendar: boolean; }>'.
  Property 'sync_to_google_calendar' is missing in type '{ name: string; date: string; time: string; priority: string; status: string; }' but required in type '{ name: string; date: string; time: string; priority: string; status: string; sync_to_google_calendar: boolean; }'.
packages/noble/Lead/src/Resources/js/Pages/Leads/Show/Tasks.tsx(103,25): error TS2345: Argument of type '{ name: any; date: string; time: any; priority: any; status: any; }' is not assignable to parameter of type 'SetStateAction<{ name: string; date: string; time: string; priority: string; status: string; sync_to_google_calendar: boolean; }>'.
  Property 'sync_to_google_calendar' is missing in type '{ name: any; date: string; time: any; priority: any; status: any; }' but required in type '{ name: string; date: string; time: string; priority: string; status: string; sync_to_google_calendar: boolean; }'.
packages/noble/Lead/src/Resources/js/Pages/Leads/Show/Tasks.tsx(111,25): error TS2345: Argument of type '{ name: string; date: string; time: string; priority: string; status: string; }' is not assignable to parameter of type 'SetStateAction<{ name: string; date: string; time: string; priority: string; status: string; sync_to_google_calendar: boolean; }>'.
  Property 'sync_to_google_calendar' is missing in type '{ name: string; date: string; time: string; priority: string; status: string; }' but required in type '{ name: string; date: string; time: string; priority: string; status: string; sync_to_google_calendar: boolean; }'.
packages/noble/Lead/src/Resources/js/Pages/Leads/Show/Tasks.tsx(261,37): error TS2345: Argument of type '{ name: string; date: string; time: string; priority: string; status: string; }' is not assignable to parameter of type 'SetStateAction<{ name: string; date: string; time: string; priority: string; status: string; sync_to_google_calendar: boolean; }>'.
  Property 'sync_to_google_calendar' is missing in type '{ name: string; date: string; time: string; priority: string; status: string; }' but required in type '{ name: string; date: string; time: string; priority: string; status: string; sync_to_google_calendar: boolean; }'.
packages/noble/Lead/src/Resources/js/Pages/Reports/DealReports.tsx(39,17): error TS2344: Type 'DealReportsProps' does not satisfy the constraint 'PageProps'.
  Index signature for type 'string' is missing in type 'DealReportsProps'.
packages/noble/Lead/src/Resources/js/Pages/Reports/DealReports.tsx(220,79): error TS2345: Argument of type 'unknown' is not assignable to parameter of type 'SetStateAction<any[]>'.
packages/noble/Lead/src/Resources/js/Pages/Reports/LeadReports.tsx(38,17): error TS2344: Type 'LeadReportsProps' does not satisfy the constraint 'PageProps'.
  Index signature for type 'string' is missing in type 'LeadReportsProps'.
packages/noble/Lead/src/Resources/js/Pages/Reports/LeadReports.tsx(216,79): error TS2345: Argument of type 'unknown' is not assignable to parameter of type 'SetStateAction<any[]>'.
packages/noble/Lead/src/Resources/js/Pages/SystemSetup/DealStages/Index.tsx(309,26): error TS2741: Property 'data' is missing in type '{ dealstage: DealStage; onSuccess: () => void; pipelines: any[]; }' but required in type 'EditDealStageProps'.
packages/noble/Lead/src/Resources/js/Pages/SystemSetup/DealStages/types.ts(8,16): error TS2304: Cannot find name 'Pipeline'.
packages/noble/Lead/src/Resources/js/Pages/SystemSetup/Labels/Index.tsx(268,26): error TS2741: Property 'data' is missing in type '{ label: Label; onSuccess: () => void; pipelines: any[]; }' but required in type 'EditLabelProps'.
packages/noble/Lead/src/Resources/js/Pages/SystemSetup/Labels/types.ts(8,16): error TS2304: Cannot find name 'Pipeline'.
packages/noble/Lead/src/Resources/js/Pages/SystemSetup/LeadStages/Index.tsx(310,26): error TS2741: Property 'data' is missing in type '{ leadstage: LeadStage; onSuccess: () => void; pipelines: any[]; }' but required in type 'EditLeadStageProps'.
packages/noble/Lead/src/Resources/js/Pages/SystemSetup/LeadStages/types.ts(8,16): error TS2304: Cannot find name 'Pipeline'.
packages/noble/Lead/src/Resources/js/Pages/SystemSetup/Pipelines/Index.tsx(141,45): error TS2740: Type 'PaginatedData<Pipeline>' is missing the following properties from type 'Pipeline[]': length, pop, push, concat, and 35 more.
packages/noble/Lead/src/Resources/js/Pages/SystemSetup/Pipelines/Index.tsx(166,26): error TS2741: Property 'data' is missing in type '{ pipeline: Pipeline; onSuccess: () => void; }' but required in type 'EditPipelineProps'.
packages/noble/Lead/src/Resources/js/Pages/SystemSetup/Sources/Index.tsx(141,45): error TS2740: Type 'PaginatedData<Source>' is missing the following properties from type 'Source[]': length, pop, push, concat, and 35 more.
packages/noble/Lead/src/Resources/js/Pages/SystemSetup/Sources/Index.tsx(166,26): error TS2741: Property 'data' is missing in type '{ source: Source; onSuccess: () => void; }' but required in type 'EditSourceProps'.
packages/noble/Performance/src/Resources/js/Pages/EmployeeGoals/Index.tsx(88,64): error TS2344: Type 'Props' does not satisfy the constraint 'PageProps'.
  Index signature for type 'string' is missing in type 'Props'.
packages/noble/Performance/src/Resources/js/Pages/EmployeeGoals/Index.tsx(691,29): error TS2740: Type '{ data: EmployeeGoal[]; links: any[]; meta: any; }' is missing the following properties from type '{ current_page: number; last_page: number; per_page: number; total: number; from: number; to: number; }': current_page, last_page, per_page, total, and 2 more.
packages/noble/Performance/src/Resources/js/Pages/EmployeeGoals/Index.tsx(714,29): error TS2739: Type 'EmployeeGoal' is missing the following properties from type 'EmployeeGoal': employee_id, goal_type_id
packages/noble/Performance/src/Resources/js/Pages/EmployeeGoals/Index.tsx(723,51): error TS2741: Property 'updated_at' is missing in type 'EmployeeGoal' but required in type 'EmployeeGoal'.
packages/noble/Performance/src/Resources/js/Pages/EmployeeReviews/Conduct.tsx(39,80): error TS2344: Type 'ConductProps' does not satisfy the constraint 'PageProps'.
  Index signature for type 'string' is missing in type 'ConductProps'.
packages/noble/Performance/src/Resources/js/Pages/EmployeeReviews/Edit.tsx(53,74): error TS2769: No overload matches this call.
  Overload 1 of 2, '(initialValues?: FormData): InertiaFormProps<FormData>', gave the following error.
    Argument of type '{ user_id: string; reviewer_id: string; review_cycle_id: string; review_date: string; status: string; }' is not assignable to parameter of type 'FormData'.
      Property 'comments' is missing in type '{ user_id: string; reviewer_id: string; review_cycle_id: string; review_date: string; status: string; }' but required in type 'FormData'.
  Overload 2 of 2, '(rememberKey: string, initialValues?: FormData): InertiaFormProps<FormData>', gave the following error.
    Argument of type '{ user_id: string; reviewer_id: string; review_cycle_id: string; review_date: string; status: string; }' is not assignable to parameter of type 'string'.
packages/noble/Performance/src/Resources/js/Pages/EmployeeReviews/Index.tsx(67,13): error TS2339: Property 'additionalButtons' does not exist on type 'PageButton[]'.
packages/noble/Performance/src/Resources/js/Pages/EmployeeReviews/Index.tsx(678,73): error TS2339: Property 'additionalButtons' does not exist on type 'PageButton[]'.
packages/noble/Performance/src/Resources/js/Pages/EmployeeReviews/Index.tsx(835,29): error TS2739: Type 'EmployeeReview' is missing the following properties from type 'EmployeeReview': user_id, reviewer_id, review_cycle_id, comments
packages/noble/Performance/src/Resources/js/Pages/EmployeeReviews/Show.tsx(93,105): error TS2339: Property 'id' does not exist on type '{ name: string; }'.
packages/noble/Performance/src/Resources/js/Pages/EmployeeReviews/Show.tsx(103,100): error TS2339: Property 'id' does not exist on type '{ name: string; }'.
packages/noble/Performance/src/Resources/js/Pages/EmployeeReviews/Show.tsx(116,106): error TS2339: Property 'id' does not exist on type '{ name: string; }'.
packages/noble/Performance/src/Resources/js/Pages/Indicators/Index.tsx(76,59): error TS2344: Type 'Props' does not satisfy the constraint 'PageProps'.
  Index signature for type 'string' is missing in type 'Props'.
packages/noble/Performance/src/Resources/js/Pages/Indicators/Index.tsx(600,29): error TS2740: Type '{ data: PerformanceIndicator[]; links: any[]; meta: any; }' is missing the following properties from type '{ current_page: number; last_page: number; per_page: number; total: number; from: number; to: number; }': current_page, last_page, per_page, total, and 2 more.
packages/noble/Performance/src/Resources/js/Pages/Indicators/Index.tsx(620,40): error TS2741: Property 'category_id' is missing in type 'PerformanceIndicator' but required in type 'PerformanceIndicator'.
packages/noble/Performance/src/Resources/js/Pages/Indicators/Index.tsx(625,51): error TS2741: Property 'updated_at' is missing in type 'PerformanceIndicator' but required in type 'PerformanceIndicator'.
packages/noble/Performance/src/Resources/js/Pages/ReviewCycles/Index.tsx(555,77): error TS2739: Type 'ReviewCycle' is missing the following properties from type 'ReviewCycle': creator, created_by, employee_reviews
packages/noble/Performance/src/Resources/js/Pages/SystemSetup/GoalTypes/Index.tsx(39,41): error TS2344: Type 'Props' does not satisfy the constraint 'PageProps'.
  Index signature for type 'string' is missing in type 'Props'.
packages/noble/Performance/src/Resources/js/Pages/SystemSetup/IndicatorCategories/Index.tsx(39,47): error TS2344: Type 'Props' does not satisfy the constraint 'PageProps'.
  Index signature for type 'string' is missing in type 'Props'.
packages/noble/Pos/src/Resources/js/Pages/Barcode/Index.tsx(35,36): error TS2344: Type 'IndexProps' does not satisfy the constraint 'PageProps'.
  Index signature for type 'string' is missing in type 'IndexProps'.
packages/noble/Pos/src/Resources/js/Pages/Barcode/Index.tsx(245,53): error TS2322: Type 'Element' is not assignable to type 'string'.
packages/noble/Pos/src/Resources/js/Pages/Barcode/Print.tsx(13,18): error TS2339: Property 'forEach' does not exist on type 'unknown'.
packages/noble/Pos/src/Resources/js/Pages/Barcode/Print.tsx(32,38): error TS2345: Argument of type '{ margin: number; filename: string; image: { type: string; quality: number; }; html2canvas: { scale: number; useCORS: boolean; letterRendering: boolean; }; jsPDF: { unit: string; format: string; orientation: string; }; }' is not assignable to parameter of type 'Html2PdfOptions'.
  The types of 'image.type' are incompatible between these types.
    Type 'string' is not assignable to type '"png" | "jpeg" | "webp"'.
packages/noble/Pos/src/Resources/js/Pages/Barcode/Print.tsx(32,48): error TS2345: Argument of type 'Element' is not assignable to parameter of type 'string | HTMLElement | HTMLCanvasElement | HTMLImageElement'.
  Type 'Element' is missing the following properties from type 'HTMLImageElement': align, alt, border, complete, and 156 more.
packages/noble/Pos/src/Resources/js/Pages/Barcode/Print.tsx(44,28): error TS2339: Property 'map' does not exist on type 'unknown'.
packages/noble/Pos/src/Resources/js/Pages/Barcode/Print.tsx(46,26): error TS2554: Expected 1-3 arguments, but got 0.
packages/noble/Pos/src/Resources/js/Pages/Dashboard/ClientDashboard.tsx(116,26): error TS2741: Property 'dataKey' is missing in type '{ data: { month: string; spending: number; }[]; height: number; showTooltip: true; showGrid: true; lines: { dataKey: string; color: string; name: string; }[]; xAxisKey: string; showLegend: true; }' but required in type 'LineChartProps'.
packages/noble/Pos/src/Resources/js/Pages/Dashboard/Index.tsx(151,26): error TS2741: Property 'dataKey' is missing in type '{ data: { date: string; sales: number; }[]; height: number; showTooltip: true; showGrid: true; lines: { dataKey: string; color: string; name: string; }[]; xAxisKey: string; showLegend: true; }' but required in type 'LineChartProps'.
packages/noble/Pos/src/Resources/js/Pages/Pos/DownloadReceipt.tsx(136,30): error TS2345: Argument of type '{ margin: number; filename: string; image: { type: string; quality: number; }; html2canvas: { scale: number; }; jsPDF: { unit: string; format: number[]; orientation: string; }; }' is not assignable to parameter of type 'Html2PdfOptions'.
  The types of 'image.type' are incompatible between these types.
    Type 'string' is not assignable to type '"png" | "jpeg" | "webp"'.
packages/noble/Pos/src/Resources/js/Pages/PosOrder/Index.tsx(57,37): error TS2344: Type 'IndexProps' does not satisfy the constraint 'PageProps'.
  Index signature for type 'string' is missing in type 'IndexProps'.
packages/noble/Pos/src/Resources/js/Pages/PosOrder/Index.tsx(135,75): error TS2339: Property 'total' does not exist on type 'PosSale'.
packages/noble/Pos/src/Resources/js/Pages/PosOrder/Index.tsx(351,101): error TS2339: Property 'total' does not exist on type 'PosSale'.
packages/noble/Pos/src/Resources/js/Pages/PosOrder/Index.tsx(376,25): error TS2740: Type '{ data: PosSale[]; links: any[]; meta: any; }' is missing the following properties from type '{ current_page: number; last_page: number; per_page: number; total: number; from: number; to: number; }': current_page, last_page, per_page, total, and 2 more.
packages/noble/Pos/src/Resources/js/Pages/PosOrder/Print.tsx(74,38): error TS2345: Argument of type '{ margin: number; filename: string; image: { type: string; quality: number; }; html2canvas: { scale: number; }; jsPDF: { unit: string; format: string; orientation: string; }; }' is not assignable to parameter of type 'Html2PdfOptions'.
  The types of 'image.type' are incompatible between these types.
    Type 'string' is not assignable to type '"png" | "jpeg" | "webp"'.
packages/noble/Pos/src/Resources/js/Pages/PosOrder/Print.tsx(74,48): error TS2345: Argument of type 'Element' is not assignable to parameter of type 'string | HTMLElement | HTMLCanvasElement | HTMLImageElement'.
  Type 'Element' is missing the following properties from type 'HTMLImageElement': align, alt, border, complete, and 156 more.
packages/noble/Pos/src/Resources/js/Pages/PosOrder/Print.tsx(252,20): error TS2322: Type '{ children: string; jsx: true; global: true; }' is not assignable to type 'DetailedHTMLProps<StyleHTMLAttributes<HTMLStyleElement>, HTMLStyleElement>'.
  Property 'jsx' does not exist on type 'DetailedHTMLProps<StyleHTMLAttributes<HTMLStyleElement>, HTMLStyleElement>'.
packages/noble/Pos/src/Resources/js/Pages/PosOrder/Show.tsx(59,30): error TS2344: Type 'ShowProps' does not satisfy the constraint 'PageProps'.
  Index signature for type 'string' is missing in type 'ShowProps'.
packages/noble/Pos/src/Resources/js/Pages/PosOrder/Show.tsx(99,94): error TS2551: Property 'total_amount' does not exist on type 'PosSale'. Did you mean 'tax_amount'?
packages/noble/Pos/src/Resources/js/Pages/PosOrder/Show.tsx(255,88): error TS2339: Property 'subtotal' does not exist on type 'PosSale'.
packages/noble/Pos/src/Resources/js/Pages/PosOrder/Show.tsx(260,63): error TS2339: Property 'discount_amount' does not exist on type 'PosSale'.
packages/noble/Pos/src/Resources/js/Pages/PosOrder/Show.tsx(271,66): error TS2551: Property 'total_amount' does not exist on type 'PosSale'. Did you mean 'tax_amount'?
packages/noble/Pos/src/Resources/js/Pages/Reports/Customers.tsx(142,66): error TS2339: Property 'name' does not exist on type '{ customer_id: number; total_orders: number; total_spent: number; avg_order_value: number; last_order_date: string; customer?: { name: string; }; }'.
packages/noble/Pos/src/Resources/js/Pages/Reports/Customers.tsx(195,59): error TS2339: Property 'customer' does not exist on type 'PieLabelRenderProps'.
packages/noble/ProductService/src/Resources/js/Pages/Items/Create.tsx(111,13): error TS2353: Object literal may only specify known properties, and 'transform' does not exist in type 'Partial<Visit & { onCancelToken: ({ cancel }: { cancel: VoidFunction; }) => void; onBefore: GlobalEventCallback<"before">; onStart: GlobalEventCallback<"start">; ... 4 more ...; onError: GlobalEventCallback<...>; }>'.
packages/noble/ProductService/src/Resources/js/Pages/Items/Create.tsx(126,17): error TS2322: Type 'Element' is not assignable to type 'string'.
packages/noble/ProductService/src/Resources/js/Pages/Items/Create.tsx(374,87): error TS2345: Argument of type 'string | string[]' is not assignable to parameter of type 'string'.
  Type 'string[]' is not assignable to type 'string'.
packages/noble/ProductService/src/Resources/js/Pages/Items/Edit.tsx(26,78): error TS2769: No overload matches this call.
  Overload 1 of 2, '(initialValues?: ItemFormData): InertiaFormProps<ItemFormData>', gave the following error.
    Argument of type '{ images: any; id: number; name: string; sku?: string; tax_id?: number; category_id?: number; description?: string; long_description?: string; is_active: boolean; created_at: string; sale_price?: number; ... 5 more ...; image?: string; }' is not assignable to parameter of type 'ItemFormData'.
      Types of property 'category_id' are incompatible.
        Type 'number' is not assignable to type 'string'.
  Overload 2 of 2, '(rememberKey: string, initialValues?: ItemFormData): InertiaFormProps<ItemFormData>', gave the following error.
    Argument of type '{ images: any; id: number; name: string; sku?: string; tax_id?: number; category_id?: number; description?: string; long_description?: string; is_active: boolean; created_at: string; sale_price?: number; ... 5 more ...; image?: string; }' is not assignable to parameter of type 'string'.
packages/noble/ProductService/src/Resources/js/Pages/Items/Edit.tsx(28,22): error TS2551: Property 'images' does not exist on type 'Item'. Did you mean 'image'?
packages/noble/ProductService/src/Resources/js/Pages/Items/Edit.tsx(28,44): error TS2551: Property 'images' does not exist on type 'Item'. Did you mean 'image'?
packages/noble/ProductService/src/Resources/js/Pages/Items/Edit.tsx(28,82): error TS2551: Property 'images' does not exist on type 'Item'. Did you mean 'image'?
packages/noble/ProductService/src/Resources/js/Pages/Items/Edit.tsx(28,97): error TS2551: Property 'images' does not exist on type 'Item'. Did you mean 'image'?
packages/noble/ProductService/src/Resources/js/Pages/Items/Edit.tsx(88,13): error TS2353: Object literal may only specify known properties, and 'transform' does not exist in type 'Partial<Visit & { onCancelToken: ({ cancel }: { cancel: VoidFunction; }) => void; onBefore: GlobalEventCallback<"before">; onStart: GlobalEventCallback<"start">; ... 4 more ...; onError: GlobalEventCallback<...>; }>'.
packages/noble/ProductService/src/Resources/js/Pages/Items/Edit.tsx(105,17): error TS2322: Type 'Element' is not assignable to type 'string'.
packages/noble/ProductService/src/Resources/js/Pages/Items/Edit.tsx(335,87): error TS2345: Argument of type 'string | string[]' is not assignable to parameter of type 'string'.
  Type 'string[]' is not assignable to type 'string'.
packages/noble/ProductService/src/Resources/js/Pages/Items/Index.tsx(414,53): error TS2339: Property 'data' does not exist on type 'any[] | PaginatedItems'.
  Property 'data' does not exist on type 'any[]'.
packages/noble/ProductService/src/Resources/js/Pages/Items/Index.tsx(440,40): error TS2339: Property 'data' does not exist on type 'any[] | PaginatedItems'.
  Property 'data' does not exist on type 'any[]'.
packages/noble/ProductService/src/Resources/js/Pages/Items/Index.tsx(442,48): error TS2339: Property 'data' does not exist on type 'any[] | PaginatedItems'.
  Property 'data' does not exist on type 'any[]'.
packages/noble/ProductService/src/Resources/js/Pages/Items/Index.tsx(645,29): error TS2322: Type 'any[] | PaginatedItems' is not assignable to type '{ current_page: number; last_page: number; per_page: number; total: number; from: number; to: number; }'.
  Type 'any[]' is missing the following properties from type '{ current_page: number; last_page: number; per_page: number; total: number; from: number; to: number; }': current_page, last_page, per_page, total, and 2 more.
packages/noble/ProductService/src/Resources/js/Pages/Items/Show.tsx(49,30): error TS2344: Type 'ShowItemPageProps' does not satisfy the constraint 'PageProps'.
  Index signature for type 'string' is missing in type 'ShowItemPageProps'.
packages/noble/ProductService/src/Resources/js/Pages/Stock/Index.tsx(55,50): error TS2344: Type 'StockIndexProps' does not satisfy the constraint 'PageProps'.
  Index signature for type 'string' is missing in type 'StockIndexProps'.
packages/noble/ProductService/src/Resources/js/Pages/Stock/Index.tsx(155,25): error TS2353: Object literal may only specify known properties, and 'onClick' does not exist in type '{ label: string; url?: string; }'.
packages/noble/ProductService/src/Resources/js/Pages/SystemSetup/Categories/Index.tsx(148,45): error TS2322: Type 'any[] | PaginatedItemCategories' is not assignable to type 'any[]'.
  Type 'PaginatedData<ItemCategory>' is missing the following properties from type 'any[]': length, pop, push, concat, and 35 more.
packages/noble/ProductService/src/Resources/js/Pages/SystemSetup/Categories/Index.tsx(173,26): error TS2741: Property 'data' is missing in type '{ category: ItemCategory; onSuccess: () => void; }' but required in type 'EditItemCategoryProps'.
packages/noble/ProductService/src/Resources/js/Pages/SystemSetup/Taxes/Index.tsx(22,37): error TS2344: Type 'TaxesIndexProps' does not satisfy the constraint 'PageProps'.
  Index signature for type 'string' is missing in type 'TaxesIndexProps'.
packages/noble/ProductService/src/Resources/js/Pages/SystemSetup/Units/Index.tsx(22,37): error TS2344: Type 'UnitsIndexProps' does not satisfy the constraint 'PageProps'.
  Index signature for type 'string' is missing in type 'UnitsIndexProps'.
packages/noble/Recruitment/src/Resources/js/Pages/CandidateAssessments/Create.tsx(17,57): error TS2769: No overload matches this call.
  Overload 1 of 2, '(initialValues?: CreateCandidateAssessmentFormData): InertiaFormProps<CreateCandidateAssessmentFormData>', gave the following error.
    Type 'string' is not assignable to type 'boolean'.
  Overload 2 of 2, '(rememberKey: string, initialValues?: CreateCandidateAssessmentFormData): InertiaFormProps<CreateCandidateAssessmentFormData>', gave the following error.
    Argument of type '{ assessment_name: string; score: string; max_score: string; pass_fail_status: string; comments: string; assessment_date: string; candidate_id: string; conducted_by: string; }' is not assignable to parameter of type 'string'.
packages/noble/Recruitment/src/Resources/js/Pages/CandidateAssessments/Create.tsx(128,79): error TS2345: Argument of type 'string' is not assignable to parameter of type 'boolean'.
packages/noble/Recruitment/src/Resources/js/Pages/CandidateAssessments/Edit.tsx(18,97): error TS2769: No overload matches this call.
  Overload 2 of 2, '(rememberKey: string, initialValues?: EditCandidateAssessmentFormData): InertiaFormProps<EditCandidateAssessmentFormData>', gave the following error.
    Argument of type '{ assessment_name: any; score: string | number; max_score: string | number; pass_fail_status: string; comments: string; assessment_date: any; candidate_id: string; conducted_by: any; }' is not assignable to parameter of type 'string'.
packages/noble/Recruitment/src/Resources/js/Pages/CandidateAssessments/Edit.tsx(26,57): error TS2339: Property 'id' does not exist on type 'number'.
packages/noble/Recruitment/src/Resources/js/Pages/CandidateAssessments/Edit.tsx(129,79): error TS2345: Argument of type 'string' is not assignable to parameter of type 'boolean'.
packages/noble/Recruitment/src/Resources/js/Pages/CandidateAssessments/Index.tsx(353,37): error TS2322: Type 'string' is not assignable to type 'Date'.
packages/noble/Recruitment/src/Resources/js/Pages/CandidateAssessments/Index.tsx(442,66): error TS2538: Type 'boolean' cannot be used as an index type.
packages/noble/Recruitment/src/Resources/js/Pages/CandidateAssessments/Index.tsx(445,53): error TS2352: Conversion of type 'boolean' to type 'string | number | symbol' may be a mistake because neither type sufficiently overlaps with the other. If this was intentional, convert the expression to 'unknown' first.
packages/noble/Recruitment/src/Resources/js/Pages/CandidateAssessments/Index.tsx(471,96): error TS2339: Property 'name' does not exist on type 'number'.
packages/noble/Recruitment/src/Resources/js/Pages/CandidateAssessments/View.tsx(68,95): error TS2339: Property 'name' does not exist on type 'number'.
packages/noble/Recruitment/src/Resources/js/Pages/CandidateAssessments/View.tsx(79,118): error TS2345: Argument of type 'boolean' is not assignable to parameter of type 'string'.
packages/noble/Recruitment/src/Resources/js/Pages/CandidateAssessments/View.tsx(81,50): error TS2345: Argument of type 'boolean' is not assignable to parameter of type 'string'.
packages/noble/Recruitment/src/Resources/js/Pages/CandidateOnboardings/Edit.tsx(17,56): error TS2769: No overload matches this call.
  Overload 1 of 2, '(initialValues?: EditCandidateOnboardingFormData): InertiaFormProps<EditCandidateOnboardingFormData>', gave the following error.
    Type 'string | boolean' is not assignable to type 'string'.
      Type 'boolean' is not assignable to type 'string'.
  Overload 2 of 2, '(rememberKey: string, initialValues?: EditCandidateOnboardingFormData): InertiaFormProps<EditCandidateOnboardingFormData>', gave the following error.
    Argument of type '{ candidate_id: any; checklist_id: any; start_date: string; buddy_employee_id: any; status: string | true; }' is not assignable to parameter of type 'string'.
packages/noble/Recruitment/src/Resources/js/Pages/CandidateOnboardings/Index.tsx(364,37): error TS2322: Type 'string' is not assignable to type 'Date'.
packages/noble/Recruitment/src/Resources/js/Pages/CandidateOnboardings/Index.tsx(529,117): error TS2345: Argument of type 'boolean' is not assignable to parameter of type 'string'.
packages/noble/Recruitment/src/Resources/js/Pages/CandidateOnboardings/Index.tsx(531,60): error TS2345: Argument of type '[boolean]' is not assignable to parameter of type '[key: string | string[], options: TOptionsBase & $Dictionary & { defaultValue: string; }] | [key: string | string[], defaultValue: string, options?: TOptionsBase & $Dictionary] | [key: ...]'.
  Type '[boolean]' is not assignable to type '[key: string | TemplateStringsArray | (string | TemplateStringsArray)[], options?: TOptionsBase & $Dictionary & { ...; }]'.
    Type at position 0 in source is not compatible with type at position 0 in target.
      Type 'boolean' is not assignable to type 'string | TemplateStringsArray | (string | TemplateStringsArray)[]'.
packages/noble/Recruitment/src/Resources/js/Pages/CandidateOnboardings/Index.tsx(586,98): error TS2345: Argument of type 'CandidateOnboarding' is not assignable to parameter of type 'string | number'.
packages/noble/Recruitment/src/Resources/js/Pages/CandidateOnboardings/View.tsx(80,109): error TS2345: Argument of type 'boolean' is not assignable to parameter of type 'string'.
packages/noble/Recruitment/src/Resources/js/Pages/CandidateOnboardings/View.tsx(82,40): error TS2345: Argument of type '[boolean]' is not assignable to parameter of type '[key: string | string[], options: TOptionsBase & $Dictionary & { defaultValue: string; }] | [key: string | string[], defaultValue: string, options?: TOptionsBase & $Dictionary] | [key: ...]'.
  Type '[boolean]' is not assignable to type '[key: string | TemplateStringsArray | (string | TemplateStringsArray)[], options?: TOptionsBase & $Dictionary & { ...; }]'.
    Type at position 0 in source is not compatible with type at position 0 in target.
      Type 'boolean' is not assignable to type 'string | TemplateStringsArray | (string | TemplateStringsArray)[]'.
packages/noble/Recruitment/src/Resources/js/Pages/Candidates/Create.tsx(78,57): error TS2769: No overload matches this call.
  Overload 1 of 2, '(initialValues?: CreateCandidateFormData): InertiaFormProps<CreateCandidateFormData>', gave the following error.
    Type 'string' is not assignable to type 'boolean'.
  Overload 2 of 2, '(rememberKey: string, initialValues?: CreateCandidateFormData): InertiaFormProps<CreateCandidateFormData>', gave the following error.
    Argument of type '{ first_name: string; last_name: string; email: string; phone: string; gender: string; dob: string; country: string; state: string; city: string; job_id: string; source_id: string; current_company: string; ... 14 more ...; custom_question: string; }' is not assignable to parameter of type 'string'.
packages/noble/Recruitment/src/Resources/js/Pages/Candidates/Index.tsx(521,66): error TS2538: Type 'boolean' cannot be used as an index type.
packages/noble/Recruitment/src/Resources/js/Pages/Candidates/Index.tsx(523,62): error TS2352: Conversion of type 'boolean' to type 'string | number | symbol' may be a mistake because neither type sufficiently overlaps with the other. If this was intentional, convert the expression to 'unknown' first.
packages/noble/Recruitment/src/Resources/js/Pages/Candidates/Show.tsx(108,91): error TS2352: Conversion of type 'boolean' to type 'string | number | symbol' may be a mistake because neither type sufficiently overlaps with the other. If this was intentional, convert the expression to 'unknown' first.
packages/noble/Recruitment/src/Resources/js/Pages/Candidates/Show.tsx(110,50): error TS2538: Type 'boolean' cannot be used as an index type.
packages/noble/Recruitment/src/Resources/js/Pages/ChecklistItems/Edit.tsx(18,56): error TS2769: No overload matches this call.
  Overload 1 of 2, '(initialValues?: EditChecklistItemFormData): InertiaFormProps<EditChecklistItemFormData>', gave the following error.
    Type 'string | number' is not assignable to type 'string'.
      Type 'number' is not assignable to type 'string'.
  Overload 2 of 2, '(rememberKey: string, initialValues?: EditChecklistItemFormData): InertiaFormProps<EditChecklistItemFormData>', gave the following error.
    Argument of type '{ checklist_id: string; task_name: string; description: string; category: string; assigned_to_role: string; due_day: string | number; is_required: boolean; status: boolean; }' is not assignable to parameter of type 'string'.
packages/noble/Recruitment/src/Resources/js/Pages/ChecklistItems/Index.tsx(596,98): error TS2345: Argument of type 'ChecklistItem' is not assignable to parameter of type 'string | number'.
packages/noble/Recruitment/src/Resources/js/Pages/CustomQuestions/Create.tsx(20,95): error TS2769: No overload matches this call.
  Overload 2 of 2, '(rememberKey: string, initialValues?: CreateCustomQuestionFormData): InertiaFormProps<CreateCustomQuestionFormData>', gave the following error.
    Argument of type '{ question: string; type: string; options: string; is_required: boolean; is_active: boolean; sort_order: number; }' is not assignable to parameter of type 'string'.
packages/noble/Recruitment/src/Resources/js/Pages/CustomQuestions/Create.tsx(62,25): error TS2322: Type 'string | boolean' is not assignable to type 'string'.
  Type 'boolean' is not assignable to type 'string'.
packages/noble/Recruitment/src/Resources/js/Pages/CustomQuestions/Create.tsx(64,45): error TS2345: Argument of type 'string' is not assignable to parameter of type 'boolean'.
packages/noble/Recruitment/src/Resources/js/Pages/CustomQuestions/Create.tsx(92,67): error TS2345: Argument of type 'boolean' is not assignable to parameter of type 'string'.
packages/noble/Recruitment/src/Resources/js/Pages/CustomQuestions/Create.tsx(192,64): error TS2345: Argument of type 'number' is not assignable to parameter of type 'string'.
packages/noble/Recruitment/src/Resources/js/Pages/CustomQuestions/Edit.tsx(33,92): error TS2769: No overload matches this call.
  Overload 2 of 2, '(rememberKey: string, initialValues?: EditCustomQuestionFormData): InertiaFormProps<EditCustomQuestionFormData>', gave the following error.
    Argument of type '{ question: string; type: string | boolean; options: string; is_required: boolean; is_active: boolean; sort_order: number; }' is not assignable to parameter of type 'string'.
packages/noble/Recruitment/src/Resources/js/Pages/CustomQuestions/Edit.tsx(75,25): error TS2322: Type 'string | boolean' is not assignable to type 'string'.
  Type 'boolean' is not assignable to type 'string'.
packages/noble/Recruitment/src/Resources/js/Pages/CustomQuestions/Edit.tsx(77,45): error TS2345: Argument of type 'string' is not assignable to parameter of type 'boolean'.
packages/noble/Recruitment/src/Resources/js/Pages/CustomQuestions/Edit.tsx(105,67): error TS2345: Argument of type 'boolean' is not assignable to parameter of type 'string'.
packages/noble/Recruitment/src/Resources/js/Pages/CustomQuestions/Edit.tsx(205,64): error TS2345: Argument of type 'number' is not assignable to parameter of type 'string'.
packages/noble/Recruitment/src/Resources/js/Pages/CustomQuestions/View.tsx(48,66): error TS2538: Type 'boolean' cannot be used as an index type.
packages/noble/Recruitment/src/Resources/js/Pages/Dashboard/StaffDashboard.tsx(71,39): error TS2344: Type 'StaffDashboardProps' does not satisfy the constraint 'PageProps'.
  Index signature for type 'string' is missing in type 'StaffDashboardProps'.
packages/noble/Recruitment/src/Resources/js/Pages/Frontend/JobApply.tsx(195,10): error TS2741: Property 'title' is missing in type '{ children: (Element | Element[])[]; userSlug: string; brandSettings: { logo?: string; favicon?: string; titleText?: string; footerText?: string; }; }' but required in type 'FrontendLayoutProps'.
packages/noble/Recruitment/src/Resources/js/Pages/Frontend/JobApply.tsx(280,53): error TS2322: Type '{ label: string; value: string; onChange: (value: string) => void; placeholder: string; id: string; name: string; }' is not assignable to type 'IntrinsicAttributes & PhoneInputProps'.
  Property 'name' does not exist on type 'IntrinsicAttributes & PhoneInputProps'.
packages/noble/Recruitment/src/Resources/js/Pages/Frontend/JobDetails.tsx(86,10): error TS2741: Property 'title' is missing in type '{ children: (Element | Element[])[]; userSlug: string; brandSettings: { logo?: string; favicon?: string; titleText?: string; footerText?: string; }; }' but required in type 'FrontendLayoutProps'.
packages/noble/Recruitment/src/Resources/js/Pages/Frontend/JobTerms.tsx(34,10): error TS2741: Property 'title' is missing in type '{ children: (Element | Element[])[]; userSlug: string; brandSettings: { logo?: string; favicon?: string; titleText?: string; footerText?: string; }; }' but required in type 'FrontendLayoutProps'.
packages/noble/Recruitment/src/Resources/js/Pages/Frontend/NotFound.tsx(23,10): error TS2741: Property 'title' is missing in type '{ children: Element[]; userSlug: string; brandSettings: { logo?: string; favicon?: string; titleText?: string; footerText?: string; }; }' but required in type 'FrontendLayoutProps'.
packages/noble/Recruitment/src/Resources/js/Pages/Frontend/Success.tsx(123,10): error TS2741: Property 'title' is missing in type '{ children: (Element | Element[])[]; userSlug: string; brandSettings: { logo?: string; favicon?: string; titleText?: string; footerText?: string; }; }' but required in type 'FrontendLayoutProps'.
packages/noble/Recruitment/src/Resources/js/Pages/Frontend/TrackingDetails.tsx(263,10): error TS2741: Property 'title' is missing in type '{ children: (Element | Element[])[]; userSlug: string; brandSettings: { logo: string; favicon: string; titleText: string; footerText: string; }; currentPage: string; }' but required in type 'FrontendLayoutProps'.
packages/noble/Recruitment/src/Resources/js/Pages/Frontend/TrackingDetails.tsx(358,76): error TS2339: Property 'details' does not exist on type '{ status: number; title: string; description: string; date: string; completed: boolean; }'.
packages/noble/Recruitment/src/Resources/js/Pages/Frontend/TrackingDetails.tsx(367,86): error TS2339: Property 'details' does not exist on type '{ status: number; title: string; description: string; date: string; completed: boolean; }'.
packages/noble/Recruitment/src/Resources/js/Pages/Frontend/TrackingDetails.tsx(368,75): error TS2339: Property 'details' does not exist on type '{ status: number; title: string; description: string; date: string; completed: boolean; }'.
packages/noble/Recruitment/src/Resources/js/Pages/Frontend/TrackingDetails.tsx(374,92): error TS2339: Property 'details' does not exist on type '{ status: number; title: string; description: string; date: string; completed: boolean; }'.
packages/noble/Recruitment/src/Resources/js/Pages/Frontend/TrackingDetails.tsx(378,67): error TS2339: Property 'details' does not exist on type '{ status: number; title: string; description: string; date: string; completed: boolean; }'.
packages/noble/Recruitment/src/Resources/js/Pages/Frontend/TrackingDetails.tsx(381,81): error TS2339: Property 'details' does not exist on type '{ status: number; title: string; description: string; date: string; completed: boolean; }'.
packages/noble/Recruitment/src/Resources/js/Pages/Frontend/TrackingDetails.tsx(384,67): error TS2339: Property 'details' does not exist on type '{ status: number; title: string; description: string; date: string; completed: boolean; }'.
packages/noble/Recruitment/src/Resources/js/Pages/Frontend/TrackingDetails.tsx(388,84): error TS2339: Property 'details' does not exist on type '{ status: number; title: string; description: string; date: string; completed: boolean; }'.
packages/noble/Recruitment/src/Resources/js/Pages/Frontend/TrackingDetails.tsx(400,75): error TS2339: Property 'details' does not exist on type '{ status: number; title: string; description: string; date: string; completed: boolean; }'.
packages/noble/Recruitment/src/Resources/js/Pages/Frontend/TrackingDetails.tsx(400,98): error TS2339: Property 'details' does not exist on type '{ status: number; title: string; description: string; date: string; completed: boolean; }'.
packages/noble/Recruitment/src/Resources/js/Pages/Frontend/TrackingDetails.tsx(403,75): error TS2339: Property 'details' does not exist on type '{ status: number; title: string; description: string; date: string; completed: boolean; }'.
packages/noble/Recruitment/src/Resources/js/Pages/Frontend/TrackingDetails.tsx(408,75): error TS2339: Property 'details' does not exist on type '{ status: number; title: string; description: string; date: string; completed: boolean; }'.
packages/noble/Recruitment/src/Resources/js/Pages/Frontend/TrackingDetails.tsx(413,75): error TS2339: Property 'details' does not exist on type '{ status: number; title: string; description: string; date: string; completed: boolean; }'.
packages/noble/Recruitment/src/Resources/js/Pages/Frontend/TrackingDetails.tsx(418,75): error TS2339: Property 'details' does not exist on type '{ status: number; title: string; description: string; date: string; completed: boolean; }'.
packages/noble/Recruitment/src/Resources/js/Pages/Frontend/TrackingDetails.tsx(430,76): error TS2339: Property 'details' does not exist on type '{ status: number; title: string; description: string; date: string; completed: boolean; }'.
packages/noble/Recruitment/src/Resources/js/Pages/Frontend/TrackingDetails.tsx(439,92): error TS2339: Property 'details' does not exist on type '{ status: number; title: string; description: string; date: string; completed: boolean; }'.
packages/noble/Recruitment/src/Resources/js/Pages/Frontend/TrackingDetails.tsx(446,75): error TS2339: Property 'details' does not exist on type '{ status: number; title: string; description: string; date: string; completed: boolean; }'.
packages/noble/Recruitment/src/Resources/js/Pages/Frontend/TrackingDetails.tsx(449,67): error TS2339: Property 'details' does not exist on type '{ status: number; title: string; description: string; date: string; completed: boolean; }'.
packages/noble/Recruitment/src/Resources/js/Pages/Frontend/TrackingDetails.tsx(454,79): error TS2339: Property 'details' does not exist on type '{ status: number; title: string; description: string; date: string; completed: boolean; }'.
packages/noble/Recruitment/src/Resources/js/Pages/Frontend/TrackingDetails.tsx(462,86): error TS2339: Property 'details' does not exist on type '{ status: number; title: string; description: string; date: string; completed: boolean; }'.
packages/noble/Recruitment/src/Resources/js/Pages/Frontend/TrackingDetails.tsx(469,86): error TS2339: Property 'details' does not exist on type '{ status: number; title: string; description: string; date: string; completed: boolean; }'.
packages/noble/Recruitment/src/Resources/js/Pages/Frontend/TrackingDetails.tsx(472,67): error TS2339: Property 'details' does not exist on type '{ status: number; title: string; description: string; date: string; completed: boolean; }'.
packages/noble/Recruitment/src/Resources/js/Pages/Frontend/TrackingDetails.tsx(478,79): error TS2339: Property 'details' does not exist on type '{ status: number; title: string; description: string; date: string; completed: boolean; }'.
packages/noble/Recruitment/src/Resources/js/Pages/Frontend/TrackingDetails.tsx(485,63): error TS2339: Property 'details' does not exist on type '{ status: number; title: string; description: string; date: string; completed: boolean; }'.
packages/noble/Recruitment/src/Resources/js/Pages/Frontend/TrackingDetails.tsx(490,98): error TS2339: Property 'details' does not exist on type '{ status: number; title: string; description: string; date: string; completed: boolean; }'.
packages/noble/Recruitment/src/Resources/js/Pages/Frontend/TrackingDetails.tsx(492,102): error TS2339: Property 'details' does not exist on type '{ status: number; title: string; description: string; date: string; completed: boolean; }'.
packages/noble/Recruitment/src/Resources/js/Pages/Frontend/TrackingDetails.tsx(495,93): error TS2339: Property 'details' does not exist on type '{ status: number; title: string; description: string; date: string; completed: boolean; }'.
packages/noble/Recruitment/src/Resources/js/Pages/Frontend/TrackingDetails.tsx(503,98): error TS2339: Property 'details' does not exist on type '{ status: number; title: string; description: string; date: string; completed: boolean; }'.
packages/noble/Recruitment/src/Resources/js/Pages/Frontend/TrackingDetails.tsx(505,102): error TS2339: Property 'details' does not exist on type '{ status: number; title: string; description: string; date: string; completed: boolean; }'.
packages/noble/Recruitment/src/Resources/js/Pages/Frontend/TrackingDetails.tsx(507,93): error TS2339: Property 'details' does not exist on type '{ status: number; title: string; description: string; date: string; completed: boolean; }'.
packages/noble/Recruitment/src/Resources/js/Pages/Frontend/TrackingDetails.tsx(514,63): error TS2339: Property 'details' does not exist on type '{ status: number; title: string; description: string; date: string; completed: boolean; }'.
packages/noble/Recruitment/src/Resources/js/Pages/Frontend/TrackingDetails.tsx(520,63): error TS2339: Property 'details' does not exist on type '{ status: number; title: string; description: string; date: string; completed: boolean; }'.
packages/noble/Recruitment/src/Resources/js/Pages/Frontend/TrackingDetails.tsx(526,63): error TS2339: Property 'details' does not exist on type '{ status: number; title: string; description: string; date: string; completed: boolean; }'.
packages/noble/Recruitment/src/Resources/js/Pages/Frontend/TrackingDetails.tsx(532,63): error TS2339: Property 'details' does not exist on type '{ status: number; title: string; description: string; date: string; completed: boolean; }'.
packages/noble/Recruitment/src/Resources/js/Pages/Frontend/TrackingForm.tsx(88,10): error TS2741: Property 'title' is missing in type '{ children: (Element | Element[])[]; userSlug: string; brandSettings: { logo?: string; favicon?: string; titleText?: string; footerText?: string; }; currentPage: string; }' but required in type 'FrontendLayoutProps'.
packages/noble/Recruitment/src/Resources/js/Pages/InterviewFeedbacks/Create.tsx(21,57): error TS2769: No overload matches this call.
  Overload 1 of 2, '(initialValues?: CreateInterviewFeedbackFormData): InertiaFormProps<CreateInterviewFeedbackFormData>', gave the following error.
    Type 'string' is not assignable to type 'boolean'.
  Overload 2 of 2, '(rememberKey: string, initialValues?: CreateInterviewFeedbackFormData): InertiaFormProps<CreateInterviewFeedbackFormData>', gave the following error.
    Argument of type '{ technical_rating: string; communication_rating: string; cultural_fit_rating: string; overall_rating: string; strengths: string; weaknesses: string; comments: string; recommendation: string; interview_id: string; interviewer_ids: string[]; }' is not assignable to parameter of type 'string'.
packages/noble/Recruitment/src/Resources/js/Pages/InterviewFeedbacks/Create.tsx(175,77): error TS2345: Argument of type 'string' is not assignable to parameter of type 'boolean'.
packages/noble/Recruitment/src/Resources/js/Pages/InterviewFeedbacks/Edit.tsx(21,95): error TS2769: No overload matches this call.
  Overload 2 of 2, '(rememberKey: string, initialValues?: EditInterviewFeedbackFormData): InertiaFormProps<EditInterviewFeedbackFormData>', gave the following error.
    Argument of type '{ technical_rating: string | number; communication_rating: string | number; cultural_fit_rating: string | number; overall_rating: string | number; strengths: string; weaknesses: string; comments: string; recommendation: string; interview_id: string; interviewer_ids: any; }' is not assignable to parameter of type 'string'.
packages/noble/Recruitment/src/Resources/js/Pages/InterviewFeedbacks/Edit.tsx(190,77): error TS2345: Argument of type 'string' is not assignable to parameter of type 'boolean'.
packages/noble/Recruitment/src/Resources/js/Pages/InterviewFeedbacks/Index.tsx(478,60): error TS2538: Type 'boolean' cannot be used as an index type.
packages/noble/Recruitment/src/Resources/js/Pages/InterviewFeedbacks/Index.tsx(480,70): error TS2538: Type 'boolean' cannot be used as an index type.
packages/noble/Recruitment/src/Resources/js/Pages/InterviewFeedbacks/View.tsx(21,54): error TS2538: Type 'boolean' cannot be used as an index type.
packages/noble/Recruitment/src/Resources/js/Pages/InterviewFeedbacks/View.tsx(70,101): error TS2345: Argument of type 'boolean' is not assignable to parameter of type 'string'.
packages/noble/Recruitment/src/Resources/js/Pages/InterviewRounds/Create.tsx(19,57): error TS2769: No overload matches this call.
  Overload 1 of 2, '(initialValues?: CreateInterviewRoundFormData): InertiaFormProps<CreateInterviewRoundFormData>', gave the following error.
    Type 'string' is not assignable to type 'boolean'.
  Overload 2 of 2, '(rememberKey: string, initialValues?: CreateInterviewRoundFormData): InertiaFormProps<CreateInterviewRoundFormData>', gave the following error.
    Argument of type '{ name: string; sequence_number: string; description: string; status: string; job_id: string; }' is not assignable to parameter of type 'string'.
packages/noble/Recruitment/src/Resources/js/Pages/InterviewRounds/Create.tsx(118,112): error TS2345: Argument of type 'string' is not assignable to parameter of type 'boolean'.
packages/noble/Recruitment/src/Resources/js/Pages/InterviewRounds/Edit.tsx(19,92): error TS2769: No overload matches this call.
  Overload 2 of 2, '(rememberKey: string, initialValues?: EditInterviewRoundFormData): InertiaFormProps<EditInterviewRoundFormData>', gave the following error.
    Argument of type '{ name: string; sequence_number: string | number; description: string; status: string; job_id: string; }' is not assignable to parameter of type 'string'.
packages/noble/Recruitment/src/Resources/js/Pages/InterviewRounds/Edit.tsx(118,112): error TS2345: Argument of type 'string' is not assignable to parameter of type 'boolean'.
packages/noble/Recruitment/src/Resources/js/Pages/InterviewRounds/View.tsx(58,41): error TS2367: This comparison appears to be unintentional because the types 'boolean' and 'string' have no overlap.
packages/noble/Recruitment/src/Resources/js/Pages/InterviewRounds/View.tsx(63,38): error TS2367: This comparison appears to be unintentional because the types 'boolean' and 'string' have no overlap.
packages/noble/Recruitment/src/Resources/js/Pages/Interviews/Create.tsx(25,57): error TS2769: No overload matches this call.
  Overload 1 of 2, '(initialValues?: CreateInterviewFormData): InertiaFormProps<CreateInterviewFormData>', gave the following error.
    Type 'string' is not assignable to type 'boolean'.
  Overload 2 of 2, '(rememberKey: string, initialValues?: CreateInterviewFormData): InertiaFormProps<CreateInterviewFormData>', gave the following error.
    Argument of type '{ scheduled_date: string; scheduled_time: string; duration: string; location: string; meeting_link: string; interviewer_ids: string[]; status: string; candidate_id: string; round_id: string; interview_type_id: string; sync_to_google_calendar: boolean; }' is not assignable to parameter of type 'string'.
packages/noble/Recruitment/src/Resources/js/Pages/Interviews/Edit.tsx(24,87): error TS2769: No overload matches this call.
  Overload 2 of 2, '(rememberKey: string, initialValues?: EditInterviewFormData): InertiaFormProps<EditInterviewFormData>', gave the following error.
    Argument of type '{ scheduled_date: any; scheduled_time: any; duration: string | number; location: string; meeting_link: any; interviewer_ids: string[]; status: string; candidate_id: string; round_id: string; interview_type_id: string; }' is not assignable to parameter of type 'string'.
packages/noble/Recruitment/src/Resources/js/Pages/Interviews/Edit.tsx(290,112): error TS2345: Argument of type 'string' is not assignable to parameter of type 'boolean'.
packages/noble/Recruitment/src/Resources/js/Pages/Interviews/Index.tsx(512,45): error TS2367: This comparison appears to be unintentional because the types 'boolean' and 'number' have no overlap.
packages/noble/Recruitment/src/Resources/js/Pages/Interviews/Index.tsx(513,45): error TS2367: This comparison appears to be unintentional because the types 'boolean' and 'string' have no overlap.
packages/noble/Recruitment/src/Resources/js/Pages/Interviews/Show.tsx(27,35): error TS2344: Type 'InterviewShowProps' does not satisfy the constraint 'PageProps'.
  Index signature for type 'string' is missing in type 'InterviewShowProps'.
packages/noble/Recruitment/src/Resources/js/Pages/Interviews/Show.tsx(48,9): error TS2367: This comparison appears to be unintentional because the types 'boolean' and 'number' have no overlap.
packages/noble/Recruitment/src/Resources/js/Pages/Interviews/Show.tsx(49,9): error TS2367: This comparison appears to be unintentional because the types 'boolean' and 'string' have no overlap.
packages/noble/Recruitment/src/Resources/js/Pages/Interviews/View.tsx(34,9): error TS2367: This comparison appears to be unintentional because the types 'boolean' and 'number' have no overlap.
packages/noble/Recruitment/src/Resources/js/Pages/Interviews/View.tsx(35,9): error TS2367: This comparison appears to be unintentional because the types 'boolean' and 'string' have no overlap.
packages/noble/Recruitment/src/Resources/js/Pages/JobPostings/Create.tsx(24,57): error TS2769: No overload matches this call.
  Overload 1 of 2, '(initialValues?: CreateJobPostingFormData): InertiaFormProps<CreateJobPostingFormData>', gave the following error.
    Type 'string' is not assignable to type 'boolean'.
  Overload 2 of 2, '(rememberKey: string, initialValues?: CreateJobPostingFormData): InertiaFormProps<CreateJobPostingFormData>', gave the following error.
    Argument of type '{ title: string; position: string; priority: string; job_application: string; application_url: string; branch_id: string; applicant: undefined[]; visibility: undefined[]; min_experience: string; ... 17 more ...; skills: undefined[]; }' is not assignable to parameter of type 'string'.
packages/noble/Recruitment/src/Resources/js/Pages/JobPostings/Create.tsx(579,25): error TS2322: Type '{ value: string[]; onChange: (skills: string[]) => void; placeholder: string; allowCustom: true; required: true; }' is not assignable to type 'IntrinsicAttributes & TagsInputProps & RefAttributes<HTMLDivElement>'.
  Property 'required' does not exist on type 'IntrinsicAttributes & TagsInputProps & RefAttributes<HTMLDivElement>'.
packages/noble/Recruitment/src/Resources/js/Pages/JobPostings/Edit.tsx(23,88): error TS2769: No overload matches this call.
  Overload 2 of 2, '(rememberKey: string, initialValues?: EditJobPostingFormData): InertiaFormProps<EditJobPostingFormData>', gave the following error.
    Argument of type '{ title: string; position: any; priority: any; job_application: any; application_url: any; branch_id: any; applicant: any[]; visibility: any[]; min_experience: string | number; max_experience: string | number; ... 15 more ...; skills: string[]; }' is not assignable to parameter of type 'string'.
packages/noble/Recruitment/src/Resources/js/Pages/JobPostings/Edit.tsx(627,25): error TS2322: Type '{ value: string[]; onChange: (skills: string[]) => void; placeholder: string; allowCustom: true; required: true; }' is not assignable to type 'IntrinsicAttributes & TagsInputProps & RefAttributes<HTMLDivElement>'.
  Property 'required' does not exist on type 'IntrinsicAttributes & TagsInputProps & RefAttributes<HTMLDivElement>'.
packages/noble/Recruitment/src/Resources/js/Pages/JobPostings/Index.tsx(226,55): error TS2367: This comparison appears to be unintentional because the types 'boolean' and 'string' have no overlap.
packages/noble/Recruitment/src/Resources/js/Pages/JobPostings/Index.tsx(226,88): error TS2367: This comparison appears to be unintentional because the types 'boolean' and 'string' have no overlap.
packages/noble/Recruitment/src/Resources/js/Pages/JobPostings/Index.tsx(231,52): error TS2367: This comparison appears to be unintentional because the types 'boolean' and 'string' have no overlap.
packages/noble/Recruitment/src/Resources/js/Pages/JobPostings/Index.tsx(231,85): error TS2367: This comparison appears to be unintentional because the types 'boolean' and 'string' have no overlap.
packages/noble/Recruitment/src/Resources/js/Pages/JobPostings/Index.tsx(240,52): error TS2367: This comparison appears to be unintentional because the types 'boolean' and 'string' have no overlap.
packages/noble/Recruitment/src/Resources/js/Pages/JobPostings/Index.tsx(240,85): error TS2367: This comparison appears to be unintentional because the types 'boolean' and 'string' have no overlap.
packages/noble/Recruitment/src/Resources/js/Pages/JobPostings/Index.tsx(520,73): error TS2538: Type 'boolean' cannot be used as an index type.
packages/noble/Recruitment/src/Resources/js/Pages/JobPostings/Index.tsx(644,81): error TS2367: This comparison appears to be unintentional because the types 'boolean' and 'string' have no overlap.
packages/noble/Recruitment/src/Resources/js/Pages/JobPostings/Index.tsx(645,81): error TS2367: This comparison appears to be unintentional because the types 'boolean' and 'string' have no overlap.
packages/noble/Recruitment/src/Resources/js/Pages/JobPostings/Index.tsx(650,78): error TS2367: This comparison appears to be unintentional because the types 'boolean' and 'string' have no overlap.
packages/noble/Recruitment/src/Resources/js/Pages/JobPostings/Index.tsx(651,77): error TS2367: This comparison appears to be unintentional because the types 'boolean' and 'string' have no overlap.
packages/noble/Recruitment/src/Resources/js/Pages/JobPostings/Index.tsx(660,78): error TS2367: This comparison appears to be unintentional because the types 'boolean' and 'string' have no overlap.
packages/noble/Recruitment/src/Resources/js/Pages/JobPostings/Index.tsx(661,77): error TS2367: This comparison appears to be unintentional because the types 'boolean' and 'string' have no overlap.
packages/noble/Recruitment/src/Resources/js/Pages/JobPostings/Show.tsx(34,37): error TS2538: Type 'boolean' cannot be used as an index type.
packages/noble/Recruitment/src/Resources/js/Pages/Offers/ConvertToEmployee.tsx(87,39): error TS2339: Property 'phone' does not exist on type '{ first_name: string; last_name: string; email: string; }'.
packages/noble/Recruitment/src/Resources/js/Pages/Offers/Create.tsx(22,86): error TS2769: No overload matches this call.
  Overload 2 of 2, '(rememberKey: string, initialValues?: CreateOfferFormData): InertiaFormProps<CreateOfferFormData>', gave the following error.
    Argument of type '{ candidate_id: string; job_id: string; offer_date: string; position: string; department_id: string; salary: string; bonus: string; equity: string; benefits: string; start_date: string; expiration_date: string; offer_letter_path: string; status: string; response_date: string; decline_reason: string; }' is not assignable to parameter of type 'string'.
packages/noble/Recruitment/src/Resources/js/Pages/Offers/Create.tsx(126,76): error TS2345: Argument of type 'string' is not assignable to parameter of type 'boolean'.
packages/noble/Recruitment/src/Resources/js/Pages/Offers/Edit.tsx(18,83): error TS2769: No overload matches this call.
  Overload 2 of 2, '(rememberKey: string, initialValues?: EditOfferFormData): InertiaFormProps<EditOfferFormData>', gave the following error.
    Argument of type '{ candidate_id: any; position: any; department_id: string; salary: string | number; bonus: string | number; equity: any; start_date: any; expiration_date: any; status: string; benefits: string; }' is not assignable to parameter of type 'string'.
packages/noble/Recruitment/src/Resources/js/Pages/Offers/Edit.tsx(101,76): error TS2345: Argument of type 'string' is not assignable to parameter of type 'boolean'.
packages/noble/Recruitment/src/Resources/js/Pages/Offers/Edit.tsx(191,112): error TS2345: Argument of type 'string' is not assignable to parameter of type 'boolean'.
packages/noble/Recruitment/src/Resources/js/Pages/Offers/Index.tsx(45,58): error TS2345: Argument of type '{ position: string; candidate_id: string; start_date: string; expiration_date: string; status: string; approval_status: string; offer_date: string; }' is not assignable to parameter of type 'OfferFilters | (() => OfferFilters)'.
  Type '{ position: string; candidate_id: string; start_date: string; expiration_date: string; status: string; approval_status: string; offer_date: string; }' is missing the following properties from type 'OfferFilters': benefits, decline_reason, job_id
packages/noble/Recruitment/src/Resources/js/Pages/Offers/Index.tsx(122,20): error TS2345: Argument of type '{ position: string; candidate_id: string; start_date: string; expiration_date: string; status: string; approval_status: string; offer_date: string; }' is not assignable to parameter of type 'SetStateAction<OfferFilters>'.
  Type '{ position: string; candidate_id: string; start_date: string; expiration_date: string; status: string; approval_status: string; offer_date: string; }' is missing the following properties from type 'OfferFilters': benefits, decline_reason, job_id
packages/noble/Recruitment/src/Resources/js/Pages/Offers/Index.tsx(301,26): error TS2367: This comparison appears to be unintentional because the types 'boolean' and 'string' have no overlap.
packages/noble/Recruitment/src/Resources/js/Pages/Offers/Index.tsx(318,26): error TS2367: This comparison appears to be unintentional because the types 'boolean' and 'string' have no overlap.
packages/noble/Recruitment/src/Resources/js/Pages/Offers/Index.tsx(559,37): error TS2322: Type 'string' is not assignable to type 'Date'.
packages/noble/Recruitment/src/Resources/js/Pages/Offers/Index.tsx(659,66): error TS2538: Type 'boolean' cannot be used as an index type.
packages/noble/Recruitment/src/Resources/js/Pages/Offers/Index.tsx(661,62): error TS2352: Conversion of type 'boolean' to type 'string | number | symbol' may be a mistake because neither type sufficiently overlaps with the other. If this was intentional, convert the expression to 'unknown' first.
packages/noble/Recruitment/src/Resources/js/Pages/Offers/Index.tsx(776,62): error TS2367: This comparison appears to be unintentional because the types 'boolean' and 'string' have no overlap.
packages/noble/Recruitment/src/Resources/js/Pages/Offers/Index.tsx(801,62): error TS2367: This comparison appears to be unintentional because the types 'boolean' and 'string' have no overlap.
packages/noble/Recruitment/src/Resources/js/Pages/Offers/OfferLetterPdf.tsx(67,78): error TS2344: Type 'OfferLetterPdfProps' does not satisfy the constraint 'PageProps'.
  Index signature for type 'string' is missing in type 'OfferLetterPdfProps'.
packages/noble/Recruitment/src/Resources/js/Pages/Offers/OfferLetterPdf.tsx(88,18): error TS2345: Argument of type '{ margin: number; filename: string; image: { type: string; quality: number; }; html2canvas: { scale: number; }; jsPDF: { unit: string; format: string; orientation: string; }; }' is not assignable to parameter of type 'Html2PdfOptions'.
  The types of 'image.type' are incompatible between these types.
    Type 'string' is not assignable to type '"png" | "jpeg" | "webp"'.
packages/noble/Recruitment/src/Resources/js/Pages/Offers/View.tsx(81,118): error TS2345: Argument of type 'boolean' is not assignable to parameter of type 'string'.
packages/noble/Recruitment/src/Resources/js/Pages/Offers/View.tsx(83,42): error TS2345: Argument of type 'boolean' is not assignable to parameter of type 'string'.
packages/noble/Recruitment/src/Resources/js/Pages/SystemSetup/AboutCompany/Index.tsx(25,40): error TS2344: Type 'SettingsProps' does not satisfy the constraint 'PageProps'.
  Index signature for type 'string' is missing in type 'SettingsProps'.
packages/noble/Recruitment/src/Resources/js/Pages/SystemSetup/ApplicationTips/Index.tsx(27,40): error TS2344: Type 'SettingsProps' does not satisfy the constraint 'PageProps'.
  Index signature for type 'string' is missing in type 'SettingsProps'.
packages/noble/Recruitment/src/Resources/js/Pages/SystemSetup/ApplicationTips/Index.tsx(88,17): error TS2322: Type '{ tips: Tip[]; }' is not assignable to type 'FormDataConvertible'.
  Type '{ tips: Tip[]; }' is not assignable to type '{ [key: string]: FormDataConvertible; }'.
    Property 'tips' is incompatible with index signature.
      Type 'Tip[]' is not assignable to type 'FormDataConvertible'.
        Type 'Tip[]' is not assignable to type 'FormDataConvertible[]'.
          Type 'Tip' is not assignable to type 'FormDataConvertible'.
            Type 'Tip' is not assignable to type '{ [key: string]: FormDataConvertible; }'.
              Index signature for type 'string' is missing in type 'Tip'.
packages/noble/Recruitment/src/Resources/js/Pages/SystemSetup/BrandSettings/Index.tsx(27,40): error TS2344: Type 'SettingsProps' does not satisfy the constraint 'PageProps'.
  Index signature for type 'string' is missing in type 'SettingsProps'.
packages/noble/Recruitment/src/Resources/js/Pages/SystemSetup/CandidateSources/Index.tsx(160,45): error TS2740: Type 'PaginatedData<CandidateSources>' is missing the following properties from type 'CandidateSources[]': length, pop, push, concat, and 35 more.
packages/noble/Recruitment/src/Resources/js/Pages/SystemSetup/CandidateSources/Index.tsx(187,26): error TS2741: Property 'data' is missing in type '{ candidatesources: CandidateSources; onSuccess: () => void; }' but required in type 'EditCandidateSourcesProps'.
packages/noble/Recruitment/src/Resources/js/Pages/SystemSetup/DashboardWelcomeCard/Index.tsx(111,45): error TS2322: Type '{ value: string; onChange: (icon: string) => void; placeholder: string; required: true; }' is not assignable to type 'IntrinsicAttributes & IconPickerProps'.
  Property 'required' does not exist on type 'IntrinsicAttributes & IconPickerProps'.
packages/noble/Recruitment/src/Resources/js/Pages/SystemSetup/InterviewTypes/Index.tsx(158,45): error TS2740: Type 'PaginatedData<InterviewType>' is missing the following properties from type 'InterviewType[]': length, pop, push, concat, and 35 more.
packages/noble/Recruitment/src/Resources/js/Pages/SystemSetup/InterviewTypes/Index.tsx(185,26): error TS2741: Property 'data' is missing in type '{ interviewtype: InterviewType; onSuccess: () => void; }' but required in type 'EditInterviewTypeProps'.
packages/noble/Recruitment/src/Resources/js/Pages/SystemSetup/JobCategories/Index.tsx(159,45): error TS2740: Type 'PaginatedData<JobCategory>' is missing the following properties from type 'JobCategory[]': length, pop, push, concat, and 35 more.
packages/noble/Recruitment/src/Resources/js/Pages/SystemSetup/JobCategories/Index.tsx(184,26): error TS2741: Property 'data' is missing in type '{ jobcategory: JobCategory; onSuccess: () => void; }' but required in type 'EditJobCategoryProps'.
packages/noble/Recruitment/src/Resources/js/Pages/SystemSetup/JobTypes/Index.tsx(158,45): error TS2740: Type 'PaginatedData<JobType>' is missing the following properties from type 'JobType[]': length, pop, push, concat, and 35 more.
packages/noble/Recruitment/src/Resources/js/Pages/SystemSetup/JobTypes/Index.tsx(183,26): error TS2741: Property 'data' is missing in type '{ jobtype: JobType; onSuccess: () => void; }' but required in type 'EditJobTypeProps'.
packages/noble/Recruitment/src/Resources/js/Pages/SystemSetup/NeedHelp/Index.tsx(25,40): error TS2344: Type 'SettingsProps' does not satisfy the constraint 'PageProps'.
  Index signature for type 'string' is missing in type 'SettingsProps'.
packages/noble/Recruitment/src/Resources/js/Pages/SystemSetup/OfferLetterTemplate/Index.tsx(24,40): error TS2344: Type 'SettingsProps' does not satisfy the constraint 'PageProps'.
  Index signature for type 'string' is missing in type 'SettingsProps'.
packages/noble/Recruitment/src/Resources/js/Pages/SystemSetup/OnboardingChecklists/Index.tsx(201,45): error TS2740: Type 'PaginatedData<OnboardingChecklist>' is missing the following properties from type 'OnboardingChecklist[]': length, pop, push, concat, and 35 more.
packages/noble/Recruitment/src/Resources/js/Pages/SystemSetup/OnboardingChecklists/Index.tsx(228,26): error TS2741: Property 'data' is missing in type '{ onboardingchecklist: OnboardingChecklist; onSuccess: () => void; }' but required in type 'EditOnboardingChecklistProps'.
packages/noble/Recruitment/src/Resources/js/Pages/SystemSetup/TrackingFaq/Index.tsx(29,40): error TS2344: Type 'SettingsProps' does not satisfy the constraint 'PageProps'.
  Index signature for type 'string' is missing in type 'SettingsProps'.
packages/noble/Recruitment/src/Resources/js/Pages/SystemSetup/TrackingFaq/Index.tsx(93,17): error TS2322: Type '{ faqs: Faq[]; }' is not assignable to type 'FormDataConvertible'.
  Type '{ faqs: Faq[]; }' is not assignable to type '{ [key: string]: FormDataConvertible; }'.
    Property 'faqs' is incompatible with index signature.
      Type 'Faq[]' is not assignable to type 'FormDataConvertible'.
        Type 'Faq[]' is not assignable to type 'FormDataConvertible[]'.
          Type 'Faq' is not assignable to type 'FormDataConvertible'.
            Type 'Faq' is not assignable to type '{ [key: string]: FormDataConvertible; }'.
              Index signature for type 'string' is missing in type 'Faq'.
packages/noble/Recruitment/src/Resources/js/Pages/SystemSetup/WhatHappensNext/Index.tsx(31,40): error TS2344: Type 'SettingsProps' does not satisfy the constraint 'PageProps'.
  Index signature for type 'string' is missing in type 'SettingsProps'.
packages/noble/Recruitment/src/Resources/js/Pages/SystemSetup/WhatHappensNext/Index.tsx(98,17): error TS2322: Type '{ steps: Step[]; }' is not assignable to type 'FormDataConvertible'.
  Type '{ steps: Step[]; }' is not assignable to type '{ [key: string]: FormDataConvertible; }'.
    Property 'steps' is incompatible with index signature.
      Type 'Step[]' is not assignable to type 'FormDataConvertible'.
        Type 'Step[]' is not assignable to type 'FormDataConvertible[]'.
          Type 'Step' is not assignable to type 'FormDataConvertible'.
            Type 'Step' is not assignable to type '{ [key: string]: FormDataConvertible; }'.
              Index signature for type 'string' is missing in type 'Step'.
packages/noble/SupportTicket/src/Resources/js/faq/Import.tsx(3,28): error TS2305: Module '"@/Components/ui/card"' has no exported member 'CardBody'.
packages/noble/SupportTicket/src/Resources/js/faq/Import.tsx(3,44): error TS1149: File name 'C:/Users/DION-SERVER/Desktop/noble.dion.sy/resources/js/Components/ui/card.tsx' differs from already included file name 'C:/Users/DION-SERVER/Desktop/noble.dion.sy/resources/js/components/ui/card.tsx' only in casing.
  The file is in the program because:
    Imported via '@/components/ui/card' from file 'C:/Users/DION-SERVER/Desktop/noble.dion.sy/resources/js/pages/settings/components/brand-settings.tsx'
    Imported via '@/components/ui/card' from file 'C:/Users/DION-SERVER/Desktop/noble.dion.sy/resources/js/pages/settings/components/company-settings.tsx'
    Imported via '@/components/ui/card' from file 'C:/Users/DION-SERVER/Desktop/noble.dion.sy/resources/js/pages/settings/components/system-settings.tsx'
    Imported via '@/components/ui/card' from file 'C:/Users/DION-SERVER/Desktop/noble.dion.sy/resources/js/pages/settings/components/currency-settings.tsx'
    Imported via '@/components/ui/card' from file 'C:/Users/DION-SERVER/Desktop/noble.dion.sy/resources/js/pages/settings/components/seo-settings.tsx'
    Imported via '@/components/ui/card' from file 'C:/Users/DION-SERVER/Desktop/noble.dion.sy/resources/js/pages/settings/components/storage-settings.tsx'
    Imported via '@/components/ui/card' from file 'C:/Users/DION-SERVER/Desktop/noble.dion.sy/resources/js/pages/settings/components/email-settings.tsx'
    Imported via '@/components/ui/card' from file 'C:/Users/DION-SERVER/Desktop/noble.dion.sy/resources/js/pages/settings/components/pusher-settings.tsx'
    Imported via '@/components/ui/card' from file 'C:/Users/DION-SERVER/Desktop/noble.dion.sy/resources/js/pages/settings/components/email-notification-settings.tsx'
    Imported via '@/components/ui/card' from file 'C:/Users/DION-SERVER/Desktop/noble.dion.sy/resources/js/pages/settings/components/cookie-settings.tsx'
    Imported via '@/components/ui/card' from file 'C:/Users/DION-SERVER/Desktop/noble.dion.sy/resources/js/pages/settings/components/bank-transfer-settings.tsx'
    Imported via '@/components/ui/card' from file 'C:/Users/DION-SERVER/Desktop/noble.dion.sy/resources/js/pages/settings/components/cache-settings.tsx'
    Imported via '@/components/ui/card' from file 'C:/Users/DION-SERVER/Desktop/noble.dion.sy/resources/js/components/cookie-consent.tsx'
    Matched by include pattern 'resources/js/**/*.tsx' in 'C:/Users/DION-SERVER/Desktop/noble.dion.sy/tsconfig.json'
    Imported via './card' from file 'C:/Users/DION-SERVER/Desktop/noble.dion.sy/resources/js/components/ui/data-table.tsx'
    Imported via '@/components/ui/card' from file 'C:/Users/DION-SERVER/Desktop/noble.dion.sy/resources/js/components/ui/subscription-info.tsx'
    Imported via '@/components/ui/card' from file 'C:/Users/DION-SERVER/Desktop/noble.dion.sy/resources/js/pages/CompanyDashboard.tsx'
    Imported via '@/components/ui/card' from file 'C:/Users/DION-SERVER/Desktop/noble.dion.sy/resources/js/pages/StaffDashboard.tsx'
    Imported via '@/components/ui/card' from file 'C:/Users/DION-SERVER/Desktop/noble.dion.sy/resources/js/pages/SuperAdminDashboard.tsx'
    Imported via '@/components/ui/card' from file 'C:/Users/DION-SERVER/Desktop/noble.dion.sy/resources/js/pages/dashboard.tsx'
    Imported via '@/components/ui/card' from file 'C:/Users/DION-SERVER/Desktop/noble.dion.sy/resources/js/pages/media-library.tsx'
    Imported via '@/components/ui/card' from file 'C:/Users/DION-SERVER/Desktop/noble.dion.sy/resources/js/pages/EmailTemplates/Edit.tsx'
    Imported via '@/components/ui/card' from file 'C:/Users/DION-SERVER/Desktop/noble.dion.sy/resources/js/pages/EmailTemplates/Index.tsx'
    Imported via '@/components/ui/card' from file 'C:/Users/DION-SERVER/Desktop/noble.dion.sy/resources/js/pages/Installer/Environment.tsx'
    Imported via '@/components/ui/card' from file 'C:/Users/DION-SERVER/Desktop/noble.dion.sy/resources/js/pages/MissionCommand/Dashboard.tsx'
    Imported via '@/components/ui/card' from file 'C:/Users/DION-SERVER/Desktop/noble.dion.sy/resources/js/pages/MissionCommand/Gamification.tsx'
    Imported via '@/components/ui/card' from file 'C:/Users/DION-SERVER/Desktop/noble.dion.sy/resources/js/pages/MissionCommand/NotificationsHub.tsx'
    Imported via '@/components/ui/card' from file 'C:/Users/DION-SERVER/Desktop/noble.dion.sy/resources/js/pages/MissionCommand/AffiliateEngine/Index.tsx'
    Imported via '@/components/ui/card' from file 'C:/Users/DION-SERVER/Desktop/noble.dion.sy/resources/js/pages/MissionCommand/NobleFlow/Index.tsx'
    Imported via '@/components/ui/card' from file 'C:/Users/DION-SERVER/Desktop/noble.dion.sy/resources/js/pages/MissionCommand/PredictiveFinance/Index.tsx'
    Imported via '@/components/ui/card' from file 'C:/Users/DION-SERVER/Desktop/noble.dion.sy/resources/js/pages/MissionCommand/SecurityAudit/Index.tsx'
    Imported via '@/components/ui/card' from file 'C:/Users/DION-SERVER/Desktop/noble.dion.sy/resources/js/pages/MissionCommand/UnifiedInbox/Index.tsx'
    Imported via '@/components/ui/card' from file 'C:/Users/DION-SERVER/Desktop/noble.dion.sy/resources/js/pages/Purchase/Create.tsx'
    Imported via '@/components/ui/card' from file 'C:/Users/DION-SERVER/Desktop/noble.dion.sy/resources/js/pages/Purchase/Edit.tsx'
    Imported via '@/components/ui/card' from file 'C:/Users/DION-SERVER/Desktop/noble.dion.sy/resources/js/pages/Purchase/Index.tsx'
    Imported via '@/components/ui/card' from file 'C:/Users/DION-SERVER/Desktop/noble.dion.sy/resources/js/pages/Purchase/View.tsx'
    Imported via '@/components/ui/card' from file 'C:/Users/DION-SERVER/Desktop/noble.dion.sy/resources/js/pages/PurchaseReturns/Create.tsx'
    Imported via '@/components/ui/card' from file 'C:/Users/DION-SERVER/Desktop/noble.dion.sy/resources/js/pages/PurchaseReturns/Index.tsx'
    Imported via '@/components/ui/card' from file 'C:/Users/DION-SERVER/Desktop/noble.dion.sy/resources/js/pages/PurchaseReturns/View.tsx'
    Imported via '@/components/ui/card' from file 'C:/Users/DION-SERVER/Desktop/noble.dion.sy/resources/js/pages/Sales/Create.tsx'
    Imported via '@/components/ui/card' from file 'C:/Users/DION-SERVER/Desktop/noble.dion.sy/resources/js/pages/Sales/Edit.tsx'
    Imported via '@/components/ui/card' from file 'C:/Users/DION-SERVER/Desktop/noble.dion.sy/resources/js/pages/Sales/Index.tsx'
    Imported via '@/components/ui/card' from file 'C:/Users/DION-SERVER/Desktop/noble.dion.sy/resources/js/pages/Sales/View.tsx'
    Imported via '@/components/ui/card' from file 'C:/Users/DION-SERVER/Desktop/noble.dion.sy/resources/js/pages/SalesProposals/Create.tsx'
    Imported via '@/components/ui/card' from file 'C:/Users/DION-SERVER/Desktop/noble.dion.sy/resources/js/pages/SalesProposals/Edit.tsx'
    Imported via '@/components/ui/card' from file 'C:/Users/DION-SERVER/Desktop/noble.dion.sy/resources/js/pages/SalesProposals/Index.tsx'
    Imported via '@/components/ui/card' from file 'C:/Users/DION-SERVER/Desktop/noble.dion.sy/resources/js/pages/SalesProposals/View.tsx'
    Imported via '@/components/ui/card' from file 'C:/Users/DION-SERVER/Desktop/noble.dion.sy/resources/js/pages/SalesReturns/Create.tsx'
    Imported via '@/components/ui/card' from file 'C:/Users/DION-SERVER/Desktop/noble.dion.sy/resources/js/pages/SalesReturns/Index.tsx'
    Imported via '@/components/ui/card' from file 'C:/Users/DION-SERVER/Desktop/noble.dion.sy/resources/js/pages/SalesReturns/View.tsx'
    Imported via '@/components/ui/card' from file 'C:/Users/DION-SERVER/Desktop/noble.dion.sy/resources/js/pages/Transfers/Index.tsx'
    Imported via '@/components/ui/card' from file 'C:/Users/DION-SERVER/Desktop/noble.dion.sy/resources/js/pages/Updater/Index.tsx'
    Imported via '@/components/ui/card' from file 'C:/Users/DION-SERVER/Desktop/noble.dion.sy/resources/js/pages/audit-logs/Show.tsx'
    Imported via '@/components/ui/card' from file 'C:/Users/DION-SERVER/Desktop/noble.dion.sy/resources/js/pages/bank-transfer/index.tsx'
    Imported via '@/components/ui/card' from file 'C:/Users/DION-SERVER/Desktop/noble.dion.sy/resources/js/pages/coupons/details.tsx'
    Imported via '@/components/ui/card' from file 'C:/Users/DION-SERVER/Desktop/noble.dion.sy/resources/js/pages/coupons/index.tsx'
    Imported via '@/components/ui/card' from file 'C:/Users/DION-SERVER/Desktop/noble.dion.sy/resources/js/pages/helpdesk/categories/index.tsx'
    Imported via '@/components/ui/card' from file 'C:/Users/DION-SERVER/Desktop/noble.dion.sy/resources/js/pages/helpdesk/tickets/index.tsx'
    Imported via '@/components/ui/card' from file 'C:/Users/DION-SERVER/Desktop/noble.dion.sy/resources/js/pages/helpdesk/tickets/show.tsx'
    Imported via '@/components/ui/card' from file 'C:/Users/DION-SERVER/Desktop/noble.dion.sy/resources/js/pages/languages/manage.tsx'
    Imported via '@/components/ui/card' from file 'C:/Users/DION-SERVER/Desktop/noble.dion.sy/resources/js/pages/messenger/index.tsx'
    Imported via '@/components/ui/card' from file 'C:/Users/DION-SERVER/Desktop/noble.dion.sy/resources/js/pages/modules/index.tsx'
    Imported via '@/components/ui/card' from file 'C:/Users/DION-SERVER/Desktop/noble.dion.sy/resources/js/pages/modules/upload.tsx'
    Imported via '@/components/ui/card' from file 'C:/Users/DION-SERVER/Desktop/noble.dion.sy/resources/js/pages/notification-templates/Edit.tsx'
    Imported via '@/components/ui/card' from file 'C:/Users/DION-SERVER/Desktop/noble.dion.sy/resources/js/pages/notification-templates/Index.tsx'
    Imported via '@/components/ui/card' from file 'C:/Users/DION-SERVER/Desktop/noble.dion.sy/resources/js/pages/orders/index.tsx'
    Imported via '@/components/ui/card' from file 'C:/Users/DION-SERVER/Desktop/noble.dion.sy/resources/js/pages/plans/create.tsx'
    Imported via '@/components/ui/card' from file 'C:/Users/DION-SERVER/Desktop/noble.dion.sy/resources/js/pages/plans/form.tsx'
    Imported via '@/components/ui/card' from file 'C:/Users/DION-SERVER/Desktop/noble.dion.sy/resources/js/pages/plans/edit.tsx'
    Imported via '@/components/ui/card' from file 'C:/Users/DION-SERVER/Desktop/noble.dion.sy/resources/js/pages/plans/subscription-layout.tsx'
    Imported via '@/components/ui/card' from file 'C:/Users/DION-SERVER/Desktop/noble.dion.sy/resources/js/pages/profile/edit.tsx'
    Imported via '@/components/ui/card' from file 'C:/Users/DION-SERVER/Desktop/noble.dion.sy/resources/js/pages/reports/View.tsx'
    Imported via '@/components/ui/card' from file 'C:/Users/DION-SERVER/Desktop/noble.dion.sy/resources/js/pages/roles/create.tsx'
    Imported via '@/components/ui/card' from file 'C:/Users/DION-SERVER/Desktop/noble.dion.sy/resources/js/pages/roles/edit.tsx'
    Imported via '@/components/ui/card' from file 'C:/Users/DION-SERVER/Desktop/noble.dion.sy/resources/js/pages/roles/index.tsx'
    Imported via '@/components/ui/card' from file 'C:/Users/DION-SERVER/Desktop/noble.dion.sy/resources/js/pages/users/index.tsx'
    Imported via '@/components/ui/card' from file 'C:/Users/DION-SERVER/Desktop/noble.dion.sy/resources/js/pages/users/login-history.tsx'
    Imported via '@/components/ui/card' from file 'C:/Users/DION-SERVER/Desktop/noble.dion.sy/resources/js/pages/warehouses/index.tsx'
    Imported via '@/components/ui/card' from file 'C:/Users/DION-SERVER/Desktop/noble.dion.sy/packages/noble/AIAssistant/src/Resources/js/settings/components/ai-assistant-settings.tsx'
    Imported via '@/components/ui/card' from file 'C:/Users/DION-SERVER/Desktop/noble.dion.sy/packages/noble/Account/src/Resources/js/Pages/BankAccounts/Index.tsx'
    Imported via '@/components/ui/card' from file 'C:/Users/DION-SERVER/Desktop/noble.dion.sy/packages/noble/Account/src/Resources/js/Pages/BankTransactions/Index.tsx'
    Imported via '@/components/ui/card' from file 'C:/Users/DION-SERVER/Desktop/noble.dion.sy/packages/noble/Account/src/Resources/js/Pages/BankTransfers/Index.tsx'
    Imported via '@/components/ui/card' from file 'C:/Users/DION-SERVER/Desktop/noble.dion.sy/packages/noble/Account/src/Resources/js/Pages/ChartOfAccounts/Index.tsx'
    Imported via '@/components/ui/card' from file 'C:/Users/DION-SERVER/Desktop/noble.dion.sy/packages/noble/Account/src/Resources/js/Pages/ChartOfAccounts/Show.tsx'
    Imported via '@/components/ui/card' from file 'C:/Users/DION-SERVER/Desktop/noble.dion.sy/packages/noble/Account/src/Resources/js/Pages/CreditNotes/Create.tsx'
    Imported via '@/components/ui/card' from file 'C:/Users/DION-SERVER/Desktop/noble.dion.sy/packages/noble/Account/src/Resources/js/Pages/CreditNotes/Index.tsx'
    Imported via '@/components/ui/card' from file 'C:/Users/DION-SERVER/Desktop/noble.dion.sy/packages/noble/Account/src/Resources/js/Pages/CreditNotes/View.tsx'
    Imported via '@/components/ui/card' from file 'C:/Users/DION-SERVER/Desktop/noble.dion.sy/packages/noble/Account/src/Resources/js/Pages/CustomerPayments/Create.tsx'
    Imported via '@/components/ui/card' from file 'C:/Users/DION-SERVER/Desktop/noble.dion.sy/packages/noble/Account/src/Resources/js/Pages/CustomerPayments/Index.tsx'
    Imported via '@/components/ui/card' from file 'C:/Users/DION-SERVER/Desktop/noble.dion.sy/packages/noble/Account/src/Resources/js/Pages/CustomerPayments/View.tsx'
    Imported via '@/components/ui/card' from file 'C:/Users/DION-SERVER/Desktop/noble.dion.sy/packages/noble/Account/src/Resources/js/Pages/Customers/Index.tsx'
    Imported via '@/components/ui/card' from file 'C:/Users/DION-SERVER/Desktop/noble.dion.sy/packages/noble/Account/src/Resources/js/Pages/Dashboard/ClientDashboard.tsx'
    Imported via '@/components/ui/card' from file 'C:/Users/DION-SERVER/Desktop/noble.dion.sy/packages/noble/Account/src/Resources/js/Pages/Dashboard/CompanyDashboard.tsx'
    Imported via '@/components/ui/card' from file 'C:/Users/DION-SERVER/Desktop/noble.dion.sy/packages/noble/Account/src/Resources/js/Pages/Dashboard/StaffDashboard.tsx'
    Imported via '@/components/ui/card' from file 'C:/Users/DION-SERVER/Desktop/noble.dion.sy/packages/noble/Account/src/Resources/js/Pages/Dashboard/VendorDashboard.tsx'
    Imported via '@/components/ui/card' from file 'C:/Users/DION-SERVER/Desktop/noble.dion.sy/packages/noble/Account/src/Resources/js/Pages/DebitNotes/Create.tsx'
    Imported via '@/components/ui/card' from file 'C:/Users/DION-SERVER/Desktop/noble.dion.sy/packages/noble/Account/src/Resources/js/Pages/DebitNotes/Index.tsx'
    Imported via '@/components/ui/card' from file 'C:/Users/DION-SERVER/Desktop/noble.dion.sy/packages/noble/Account/src/Resources/js/Pages/DebitNotes/View.tsx'
    Imported via '@/components/ui/card' from file 'C:/Users/DION-SERVER/Desktop/noble.dion.sy/packages/noble/Account/src/Resources/js/Pages/Expenses/Index.tsx'
    Imported via '@/components/ui/card' from file 'C:/Users/DION-SERVER/Desktop/noble.dion.sy/packages/noble/Account/src/Resources/js/Pages/Expenses/View.tsx'
    Imported via '@/components/ui/card' from file 'C:/Users/DION-SERVER/Desktop/noble.dion.sy/packages/noble/Account/src/Resources/js/Pages/Reports/BillAging.tsx'
    Imported via '@/components/ui/card' from file 'C:/Users/DION-SERVER/Desktop/noble.dion.sy/packages/noble/Account/src/Resources/js/Pages/Reports/CustomerBalance.tsx'
    Imported via '@/components/ui/card' from file 'C:/Users/DION-SERVER/Desktop/noble.dion.sy/packages/noble/Account/src/Resources/js/Pages/Reports/CustomerDetail.tsx'
    Imported via '@/components/ui/card' from file 'C:/Users/DION-SERVER/Desktop/noble.dion.sy/packages/noble/Account/src/Resources/js/Pages/Reports/IncomeStatement.tsx'
    Imported via '@/components/ui/card' from file 'C:/Users/DION-SERVER/Desktop/noble.dion.sy/packages/noble/Account/src/Resources/js/Pages/Reports/Index.tsx'
    Imported via '@/components/ui/card' from file 'C:/Users/DION-SERVER/Desktop/noble.dion.sy/packages/noble/Account/src/Resources/js/Pages/Reports/InvoiceAging.tsx'
    Imported via '@/components/ui/card' from file 'C:/Users/DION-SERVER/Desktop/noble.dion.sy/packages/noble/Account/src/Resources/js/Pages/Reports/TaxSummary.tsx'
    Imported via '@/components/ui/card' from file 'C:/Users/DION-SERVER/Desktop/noble.dion.sy/packages/noble/Account/src/Resources/js/Pages/Reports/VendorBalance.tsx'
    Imported via '@/components/ui/card' from file 'C:/Users/DION-SERVER/Desktop/noble.dion.sy/packages/noble/Account/src/Resources/js/Pages/Reports/VendorDetail.tsx'
    Imported via '@/components/ui/card' from file 'C:/Users/DION-SERVER/Desktop/noble.dion.sy/packages/noble/Account/src/Resources/js/Pages/Revenues/Index.tsx'
    Imported via '@/components/ui/card' from file 'C:/Users/DION-SERVER/Desktop/noble.dion.sy/packages/noble/Account/src/Resources/js/Pages/Revenues/View.tsx'
    Imported via '@/components/ui/card' from file 'C:/Users/DION-SERVER/Desktop/noble.dion.sy/packages/noble/Account/src/Resources/js/Pages/SystemSetup/AccountTypes/Index.tsx'
    Imported via '@/components/ui/card' from file 'C:/Users/DION-SERVER/Desktop/noble.dion.sy/packages/noble/Account/src/Resources/js/Pages/SystemSetup/ExpenseCategories/Index.tsx'
    Imported via '@/components/ui/card' from file 'C:/Users/DION-SERVER/Desktop/noble.dion.sy/packages/noble/Account/src/Resources/js/Pages/SystemSetup/RevenueCategories/Index.tsx'
    Imported via '@/components/ui/card' from file 'C:/Users/DION-SERVER/Desktop/noble.dion.sy/packages/noble/Account/src/Resources/js/Pages/VendorPayments/Create.tsx'
    Imported via '@/components/ui/card' from file 'C:/Users/DION-SERVER/Desktop/noble.dion.sy/packages/noble/Account/src/Resources/js/Pages/VendorPayments/Index.tsx'
    Imported via '@/components/ui/card' from file 'C:/Users/DION-SERVER/Desktop/noble.dion.sy/packages/noble/Account/src/Resources/js/Pages/VendorPayments/View.tsx'
    Imported via '@/components/ui/card' from file 'C:/Users/DION-SERVER/Desktop/noble.dion.sy/packages/noble/Account/src/Resources/js/Pages/Vendors/Index.tsx'
    Imported via '@/components/ui/card' from file 'C:/Users/DION-SERVER/Desktop/noble.dion.sy/packages/noble/BudgetPlanner/src/Resources/js/Pages/BudgetAllocations/Index.tsx'
    Imported via '@/components/ui/card' from file 'C:/Users/DION-SERVER/Desktop/noble.dion.sy/packages/noble/BudgetPlanner/src/Resources/js/Pages/BudgetMonitorings/Index.tsx'
    Imported via '@/components/ui/card' from file 'C:/Users/DION-SERVER/Desktop/noble.dion.sy/packages/noble/BudgetPlanner/src/Resources/js/Pages/BudgetPeriods/Index.tsx'
    Imported via '@/components/ui/card' from file 'C:/Users/DION-SERVER/Desktop/noble.dion.sy/packages/noble/BudgetPlanner/src/Resources/js/Pages/Budgets/Index.tsx'
    Imported via '@/components/ui/card' from file 'C:/Users/DION-SERVER/Desktop/noble.dion.sy/packages/noble/Calendar/src/Resources/js/Pages/Calendar/Index.tsx'
    Imported via '@/components/ui/card' from file 'C:/Users/DION-SERVER/Desktop/noble.dion.sy/packages/noble/Calendar/src/Resources/js/settings/components/google-calendar-settings.tsx'
    Imported via '@/components/ui/card' from file 'C:/Users/DION-SERVER/Desktop/noble.dion.sy/packages/noble/Contract/src/Resources/js/Pages/ContractTypes/Index.tsx'
    Imported via '@/components/ui/card' from file 'C:/Users/DION-SERVER/Desktop/noble.dion.sy/packages/noble/Contract/src/Resources/js/Pages/Contracts/Index.tsx'
    Imported via '@/components/ui/card' from file 'C:/Users/DION-SERVER/Desktop/noble.dion.sy/packages/noble/Contract/src/Resources/js/Pages/Contracts/Preview.tsx'
    Imported via '@/components/ui/card' from file 'C:/Users/DION-SERVER/Desktop/noble.dion.sy/packages/noble/Contract/src/Resources/js/Pages/Contracts/Show.tsx'
    Imported via '@/components/ui/card' from file 'C:/Users/DION-SERVER/Desktop/noble.dion.sy/packages/noble/Contract/src/Resources/js/Pages/Contracts/components/AttachmentsTab.tsx'
    Imported via '@/components/ui/card' from file 'C:/Users/DION-SERVER/Desktop/noble.dion.sy/packages/noble/Contract/src/Resources/js/Pages/Contracts/components/CommentsTab.tsx'
    Imported via '@/components/ui/card' from file 'C:/Users/DION-SERVER/Desktop/noble.dion.sy/packages/noble/Contract/src/Resources/js/Pages/Contracts/components/NotesTab.tsx'
    Imported via '@/components/ui/card' from file 'C:/Users/DION-SERVER/Desktop/noble.dion.sy/packages/noble/Contract/src/Resources/js/Pages/Contracts/components/RenewalsTab.tsx'
    Imported via '@/components/ui/card' from file 'C:/Users/DION-SERVER/Desktop/noble.dion.sy/packages/noble/Contract/src/Resources/js/settings/components/contract-settings.tsx'
    Imported via '@/components/ui/card' from file 'C:/Users/DION-SERVER/Desktop/noble.dion.sy/packages/noble/DoubleEntry/src/Resources/js/Pages/BalanceSheets/Comparison.tsx'
    Imported via '@/components/ui/card' from file 'C:/Users/DION-SERVER/Desktop/noble.dion.sy/packages/noble/DoubleEntry/src/Resources/js/Pages/BalanceSheets/Comparisons.tsx'
    Imported via '@/components/ui/card' from file 'C:/Users/DION-SERVER/Desktop/noble.dion.sy/packages/noble/DoubleEntry/src/Resources/js/Pages/BalanceSheets/Index.tsx'
    Imported via '@/components/ui/card' from file 'C:/Users/DION-SERVER/Desktop/noble.dion.sy/packages/noble/DoubleEntry/src/Resources/js/Pages/BalanceSheets/View.tsx'
    Imported via '@/components/ui/card' from file 'C:/Users/DION-SERVER/Desktop/noble.dion.sy/packages/noble/DoubleEntry/src/Resources/js/Pages/LedgerSummary/Index.tsx'
    Imported via '@/components/ui/card' from file 'C:/Users/DION-SERVER/Desktop/noble.dion.sy/packages/noble/DoubleEntry/src/Resources/js/Pages/ProfitLoss/Index.tsx'
    Imported via '@/components/ui/card' from file 'C:/Users/DION-SERVER/Desktop/noble.dion.sy/packages/noble/DoubleEntry/src/Resources/js/Pages/Reports/AccountBalance.tsx'
    Imported via '@/components/ui/card' from file 'C:/Users/DION-SERVER/Desktop/noble.dion.sy/packages/noble/DoubleEntry/src/Resources/js/Pages/Reports/AccountStatement.tsx'
    Imported via '@/components/ui/card' from file 'C:/Users/DION-SERVER/Desktop/noble.dion.sy/packages/noble/DoubleEntry/src/Resources/js/Pages/Reports/CashFlow.tsx'
    Imported via '@/components/ui/card' from file 'C:/Users/DION-SERVER/Desktop/noble.dion.sy/packages/noble/DoubleEntry/src/Resources/js/Pages/Reports/ExpenseReport.tsx'
    Imported via '@/components/ui/card' from file 'C:/Users/DION-SERVER/Desktop/noble.dion.sy/packages/noble/DoubleEntry/src/Resources/js/Pages/Reports/GeneralLedger.tsx'
    Imported via '@/components/ui/card' from file 'C:/Users/DION-SERVER/Desktop/noble.dion.sy/packages/noble/DoubleEntry/src/Resources/js/Pages/Reports/Index.tsx'
    Imported via '@/components/ui/card' from file 'C:/Users/DION-SERVER/Desktop/noble.dion.sy/packages/noble/DoubleEntry/src/Resources/js/Pages/Reports/JournalEntry.tsx'
    Imported via '@/components/ui/card' from file 'C:/Users/DION-SERVER/Desktop/noble.dion.sy/packages/noble/DoubleEntry/src/Resources/js/Pages/TrialBalance/Index.tsx'
    Imported via '@/components/ui/card' from file 'C:/Users/DION-SERVER/Desktop/noble.dion.sy/packages/noble/FormBuilder/src/Resources/js/components/ConversionSetup.tsx'
    Imported via '@/components/ui/card' from file 'C:/Users/DION-SERVER/Desktop/noble.dion.sy/packages/noble/FormBuilder/src/Resources/js/Pages/Forms/Create.tsx'
    Imported via '@/components/ui/card' from file 'C:/Users/DION-SERVER/Desktop/noble.dion.sy/packages/noble/FormBuilder/src/Resources/js/Pages/Forms/Edit.tsx'
    Imported via '@/components/ui/card' from file 'C:/Users/DION-SERVER/Desktop/noble.dion.sy/packages/noble/FormBuilder/src/Resources/js/Pages/Forms/Index.tsx'
    Imported via '@/components/ui/card' from file 'C:/Users/DION-SERVER/Desktop/noble.dion.sy/packages/noble/FormBuilder/src/Resources/js/Pages/Forms/Responses.tsx'
    Imported via '@/components/ui/card' from file 'C:/Users/DION-SERVER/Desktop/noble.dion.sy/packages/noble/FormBuilder/src/Resources/js/Pages/Public/Form.tsx'
    Imported via '@/components/ui/card' from file 'C:/Users/DION-SERVER/Desktop/noble.dion.sy/packages/noble/Goal/src/Resources/js/Pages/Categories/Index.tsx'
    Imported via '@/components/ui/card' from file 'C:/Users/DION-SERVER/Desktop/noble.dion.sy/packages/noble/Goal/src/Resources/js/Pages/Contributions/Index.tsx'
    Imported via '@/components/ui/card' from file 'C:/Users/DION-SERVER/Desktop/noble.dion.sy/packages/noble/Goal/src/Resources/js/Pages/Goals/Index.tsx'
    Imported via '@/components/ui/card' from file 'C:/Users/DION-SERVER/Desktop/noble.dion.sy/packages/noble/Goal/src/Resources/js/Pages/Goals/View.tsx'
    Imported via '@/components/ui/card' from file 'C:/Users/DION-SERVER/Desktop/noble.dion.sy/packages/noble/Goal/src/Resources/js/Pages/Milestones/Index.tsx'
    Imported via '@/components/ui/card' from file 'C:/Users/DION-SERVER/Desktop/noble.dion.sy/packages/noble/Goal/src/Resources/js/Pages/Milestones/View.tsx'
    Imported via '@/components/ui/card' from file 'C:/Users/DION-SERVER/Desktop/noble.dion.sy/packages/noble/Goal/src/Resources/js/Pages/Tracking/Index.tsx'
    Imported via '@/components/ui/card' from file 'C:/Users/DION-SERVER/Desktop/noble.dion.sy/packages/noble/Goal/src/Resources/js/Pages/Tracking/View.tsx'
    Imported via '@/components/ui/card' from file 'C:/Users/DION-SERVER/Desktop/noble.dion.sy/packages/noble/GoogleCaptcha/src/Resources/js/settings/components/google-captcha-settings.tsx'
    Imported via '@/components/ui/card' from file 'C:/Users/DION-SERVER/Desktop/noble.dion.sy/packages/noble/Hrm/src/Resources/js/Pages/Index.tsx'
    Imported via '@/components/ui/card' from file 'C:/Users/DION-SERVER/Desktop/noble.dion.sy/packages/noble/Hrm/src/Resources/js/Pages/Acknowledgments/Index.tsx'
    Imported via '@/components/ui/card' from file 'C:/Users/DION-SERVER/Desktop/noble.dion.sy/packages/noble/Hrm/src/Resources/js/Pages/Announcements/Index.tsx'
    Imported via '@/components/ui/card' from file 'C:/Users/DION-SERVER/Desktop/noble.dion.sy/packages/noble/Hrm/src/Resources/js/Pages/Assets/Index.tsx'
    Imported via '@/components/ui/card' from file 'C:/Users/DION-SERVER/Desktop/noble.dion.sy/packages/noble/Hrm/src/Resources/js/Pages/Attendances/Index.tsx'
    Imported via '@/components/ui/card' from file 'C:/Users/DION-SERVER/Desktop/noble.dion.sy/packages/noble/Hrm/src/Resources/js/Pages/Attendances/Tracker.tsx'
    Imported via '@/components/ui/card' from file 'C:/Users/DION-SERVER/Desktop/noble.dion.sy/packages/noble/Hrm/src/Resources/js/Pages/Awards/Index.tsx'
    Imported via '@/components/ui/card' from file 'C:/Users/DION-SERVER/Desktop/noble.dion.sy/packages/noble/Hrm/src/Resources/js/Pages/BiometricLogs/Index.tsx'
    Imported via '@/components/ui/card' from file 'C:/Users/DION-SERVER/Desktop/noble.dion.sy/packages/noble/Hrm/src/Resources/js/Pages/Complaints/Index.tsx'
    Imported via '@/components/ui/card' from file 'C:/Users/DION-SERVER/Desktop/noble.dion.sy/packages/noble/Hrm/src/Resources/js/Pages/Contracts/Index.tsx'
    Imported via '@/components/ui/card' from file 'C:/Users/DION-SERVER/Desktop/noble.dion.sy/packages/noble/Hrm/src/Resources/js/Pages/Dashboard/company-dashboard.tsx'
    Imported via '@/components/ui/card' from file 'C:/Users/DION-SERVER/Desktop/noble.dion.sy/packages/noble/Hrm/src/Resources/js/Pages/Dashboard/employee-dashboard.tsx'
    Imported via '@/components/ui/card' from file 'C:/Users/DION-SERVER/Desktop/noble.dion.sy/packages/noble/Hrm/src/Resources/js/Pages/EmployeeTransfers/Index.tsx'
    Imported via '@/components/ui/card' from file 'C:/Users/DION-SERVER/Desktop/noble.dion.sy/packages/noble/Hrm/src/Resources/js/Pages/Employees/Create.tsx'
    Imported via '@/components/ui/card' from file 'C:/Users/DION-SERVER/Desktop/noble.dion.sy/packages/noble/Hrm/src/Resources/js/Pages/Employees/Edit.tsx'
    Imported via '@/components/ui/card' from file 'C:/Users/DION-SERVER/Desktop/noble.dion.sy/packages/noble/Hrm/src/Resources/js/Pages/Employees/Expiries.tsx'
    Imported via '@/components/ui/card' from file 'C:/Users/DION-SERVER/Desktop/noble.dion.sy/packages/noble/Hrm/src/Resources/js/Pages/Employees/Index.tsx'
    Imported via '@/components/ui/card' from file 'C:/Users/DION-SERVER/Desktop/noble.dion.sy/packages/noble/Hrm/src/Resources/js/Pages/Employees/Show.tsx'
    Imported via '@/components/ui/card' from file 'C:/Users/DION-SERVER/Desktop/noble.dion.sy/packages/noble/Hrm/src/Resources/js/Pages/Events/Calendar.tsx'
    Imported via '@/components/ui/card' from file 'C:/Users/DION-SERVER/Desktop/noble.dion.sy/packages/noble/Hrm/src/Resources/js/Pages/Events/Index.tsx'
    Imported via '@/components/ui/card' from file 'C:/Users/DION-SERVER/Desktop/noble.dion.sy/packages/noble/Hrm/src/Resources/js/Pages/FinalSettlement/Index.tsx'
    Imported via '@/components/ui/card' from file 'C:/Users/DION-SERVER/Desktop/noble.dion.sy/packages/noble/Hrm/src/Resources/js/Pages/Holidays/Index.tsx'
    Imported via '@/components/ui/card' from file 'C:/Users/DION-SERVER/Desktop/noble.dion.sy/packages/noble/Hrm/src/Resources/js/Pages/HrmDocuments/Index.tsx'
    Imported via '@/components/ui/card' from file 'C:/Users/DION-SERVER/Desktop/noble.dion.sy/packages/noble/Hrm/src/Resources/js/Pages/LeaveApplications/Index.tsx'
    Imported via '@/components/ui/card' from file 'C:/Users/DION-SERVER/Desktop/noble.dion.sy/packages/noble/Hrm/src/Resources/js/Pages/LeaveApplications/Timeline.tsx'
    Imported via '@/components/ui/card' from file 'C:/Users/DION-SERVER/Desktop/noble.dion.sy/packages/noble/Hrm/src/Resources/js/Pages/LeaveBalance/Index.tsx'
    Imported via '@/components/ui/card' from file 'C:/Users/DION-SERVER/Desktop/noble.dion.sy/packages/noble/Hrm/src/Resources/js/Pages/LeaveTypes/Index.tsx'
    Imported via '@/components/ui/card' from file 'C:/Users/DION-SERVER/Desktop/noble.dion.sy/packages/noble/Hrm/src/Resources/js/Pages/Onboarding/Index.tsx'
    Imported via '@/components/ui/card' from file 'C:/Users/DION-SERVER/Desktop/noble.dion.sy/packages/noble/Hrm/src/Resources/js/Pages/Payrolls/Index.tsx'
    Imported via '@/components/ui/card' from file 'C:/Users/DION-SERVER/Desktop/noble.dion.sy/packages/noble/Hrm/src/Resources/js/Pages/Payrolls/payslip/PayslipModal.tsx'
    Imported via '@/components/ui/card' from file 'C:/Users/DION-SERVER/Desktop/noble.dion.sy/packages/noble/Hrm/src/Resources/js/Pages/Payrolls/Show.tsx'
    Imported via '@/components/ui/card' from file 'C:/Users/DION-SERVER/Desktop/noble.dion.sy/packages/noble/Hrm/src/Resources/js/Pages/Promotions/Index.tsx'
    Imported via '@/components/ui/card' from file 'C:/Users/DION-SERVER/Desktop/noble.dion.sy/packages/noble/Hrm/src/Resources/js/Pages/Resignations/Index.tsx'
    Imported via '@/components/ui/card' from file 'C:/Users/DION-SERVER/Desktop/noble.dion.sy/packages/noble/Hrm/src/Resources/js/Pages/SetSalary/Index.tsx'
    Imported via '@/components/ui/card' from file 'C:/Users/DION-SERVER/Desktop/noble.dion.sy/packages/noble/Hrm/src/Resources/js/Pages/SetSalary/Show.tsx'
    Imported via '@/components/ui/card' from file 'C:/Users/DION-SERVER/Desktop/noble.dion.sy/packages/noble/Hrm/src/Resources/js/Pages/Shifts/Index.tsx'
    Imported via '@/components/ui/card' from file 'C:/Users/DION-SERVER/Desktop/noble.dion.sy/packages/noble/Hrm/src/Resources/js/Pages/Shifts/Scheduler.tsx'
    Imported via '@/components/ui/card' from file 'C:/Users/DION-SERVER/Desktop/noble.dion.sy/packages/noble/Hrm/src/Resources/js/Pages/SystemSetup/AllowanceTypes/Index.tsx'
    Imported via '@/components/ui/card' from file 'C:/Users/DION-SERVER/Desktop/noble.dion.sy/packages/noble/Hrm/src/Resources/js/Pages/SystemSetup/AnnouncementCategories/Index.tsx'
    Imported via '@/components/ui/card' from file 'C:/Users/DION-SERVER/Desktop/noble.dion.sy/packages/noble/Hrm/src/Resources/js/Pages/SystemSetup/AwardTypes/Index.tsx'
    Imported via '@/components/ui/card' from file 'C:/Users/DION-SERVER/Desktop/noble.dion.sy/packages/noble/Hrm/src/Resources/js/Pages/SystemSetup/Branches/Index.tsx'
    Imported via '@/components/ui/card' from file 'C:/Users/DION-SERVER/Desktop/noble.dion.sy/packages/noble/Hrm/src/Resources/js/Pages/SystemSetup/ComplaintTypes/Index.tsx'
    Imported via '@/components/ui/card' from file 'C:/Users/DION-SERVER/Desktop/noble.dion.sy/packages/noble/Hrm/src/Resources/js/Pages/SystemSetup/DeductionTypes/Index.tsx'
    Imported via '@/components/ui/card' from file 'C:/Users/DION-SERVER/Desktop/noble.dion.sy/packages/noble/Hrm/src/Resources/js/Pages/SystemSetup/Departments/Index.tsx'
    Imported via '@/components/ui/card' from file 'C:/Users/DION-SERVER/Desktop/noble.dion.sy/packages/noble/Hrm/src/Resources/js/Pages/SystemSetup/Designations/Index.tsx'
    Imported via '@/components/ui/card' from file 'C:/Users/DION-SERVER/Desktop/noble.dion.sy/packages/noble/Hrm/src/Resources/js/Pages/SystemSetup/DocumentCategories/Index.tsx'
    Imported via '@/components/ui/card' from file 'C:/Users/DION-SERVER/Desktop/noble.dion.sy/packages/noble/Hrm/src/Resources/js/Pages/SystemSetup/EmployeeDocumentTypes/Index.tsx'
    Imported via '@/components/ui/card' from file 'C:/Users/DION-SERVER/Desktop/noble.dion.sy/packages/noble/Hrm/src/Resources/js/Pages/SystemSetup/EventTypes/Index.tsx'
    Imported via '@/components/ui/card' from file 'C:/Users/DION-SERVER/Desktop/noble.dion.sy/packages/noble/Hrm/src/Resources/js/Pages/SystemSetup/HolidayTypes/Index.tsx'
    Imported via '@/components/ui/card' from file 'C:/Users/DION-SERVER/Desktop/noble.dion.sy/packages/noble/Hrm/src/Resources/js/Pages/SystemSetup/IpRestricts/Index.tsx'
    Imported via '@/components/ui/card' from file 'C:/Users/DION-SERVER/Desktop/noble.dion.sy/packages/noble/Hrm/src/Resources/js/Pages/SystemSetup/LoanTypes/Index.tsx'
    Imported via '@/components/ui/card' from file 'C:/Users/DION-SERVER/Desktop/noble.dion.sy/packages/noble/Hrm/src/Resources/js/Pages/SystemSetup/TerminationTypes/Index.tsx'
    Imported via '@/components/ui/card' from file 'C:/Users/DION-SERVER/Desktop/noble.dion.sy/packages/noble/Hrm/src/Resources/js/Pages/SystemSetup/ViolationTypes/Index.tsx'
    Imported via '@/components/ui/card' from file 'C:/Users/DION-SERVER/Desktop/noble.dion.sy/packages/noble/Hrm/src/Resources/js/Pages/SystemSetup/WarningTypes/Index.tsx'
    Imported via '@/components/ui/card' from file 'C:/Users/DION-SERVER/Desktop/noble.dion.sy/packages/noble/Hrm/src/Resources/js/Pages/SystemSetup/WorkingDays/Index.tsx'
    Imported via '@/components/ui/card' from file 'C:/Users/DION-SERVER/Desktop/noble.dion.sy/packages/noble/Hrm/src/Resources/js/Pages/Terminations/Index.tsx'
    Imported via '@/components/ui/card' from file 'C:/Users/DION-SERVER/Desktop/noble.dion.sy/packages/noble/Hrm/src/Resources/js/Pages/VacationSettlement/Index.tsx'
    Imported via '@/components/ui/card' from file 'C:/Users/DION-SERVER/Desktop/noble.dion.sy/packages/noble/Hrm/src/Resources/js/Pages/Violations/Index.tsx'
    Imported via '@/components/ui/card' from file 'C:/Users/DION-SERVER/Desktop/noble.dion.sy/packages/noble/Hrm/src/Resources/js/Pages/Warnings/Index.tsx'
    Imported via '@/components/ui/card' from file 'C:/Users/DION-SERVER/Desktop/noble.dion.sy/packages/noble/LandingPage/src/Resources/js/Pages/Settings.tsx'
    Imported via '@/components/ui/card' from file 'C:/Users/DION-SERVER/Desktop/noble.dion.sy/packages/noble/LandingPage/src/Resources/js/Pages/components/settings/General.tsx'
    Imported via '@/components/ui/card' from file 'C:/Users/DION-SERVER/Desktop/noble.dion.sy/packages/noble/LandingPage/src/Resources/js/Pages/components/settings/Hero.tsx'
    Imported via '@/components/ui/card' from file 'C:/Users/DION-SERVER/Desktop/noble.dion.sy/packages/noble/LandingPage/src/Resources/js/Pages/components/settings/Header.tsx'
    Imported via '@/components/ui/card' from file 'C:/Users/DION-SERVER/Desktop/noble.dion.sy/packages/noble/LandingPage/src/Resources/js/Pages/components/settings/Features.tsx'
    Imported via '@/components/ui/card' from file 'C:/Users/DION-SERVER/Desktop/noble.dion.sy/packages/noble/LandingPage/src/Resources/js/Pages/components/settings/Stats.tsx'
    Imported via '@/components/ui/card' from file 'C:/Users/DION-SERVER/Desktop/noble.dion.sy/packages/noble/LandingPage/src/Resources/js/Pages/components/settings/Modules.tsx'
    Imported via '@/components/ui/card' from file 'C:/Users/DION-SERVER/Desktop/noble.dion.sy/packages/noble/LandingPage/src/Resources/js/Pages/components/settings/Benefits.tsx'
    Imported via '@/components/ui/card' from file 'C:/Users/DION-SERVER/Desktop/noble.dion.sy/packages/noble/LandingPage/src/Resources/js/Pages/components/settings/Gallery.tsx'
    Imported via '@/components/ui/card' from file 'C:/Users/DION-SERVER/Desktop/noble.dion.sy/packages/noble/LandingPage/src/Resources/js/Pages/components/settings/CTA.tsx'
    Imported via '@/components/ui/card' from file 'C:/Users/DION-SERVER/Desktop/noble.dion.sy/packages/noble/LandingPage/src/Resources/js/Pages/components/settings/Footer.tsx'
    Imported via '@/components/ui/card' from file 'C:/Users/DION-SERVER/Desktop/noble.dion.sy/packages/noble/LandingPage/src/Resources/js/Pages/components/settings/Order.tsx'
    Imported via '@/components/ui/card' from file 'C:/Users/DION-SERVER/Desktop/noble.dion.sy/packages/noble/LandingPage/src/Resources/js/Pages/components/settings/Colors.tsx'
    Imported via '@/components/ui/card' from file 'C:/Users/DION-SERVER/Desktop/noble.dion.sy/packages/noble/LandingPage/src/Resources/js/Pages/components/settings/Pricing.tsx'
    Imported via '@/components/ui/card' from file 'C:/Users/DION-SERVER/Desktop/noble.dion.sy/packages/noble/LandingPage/src/Resources/js/Pages/CustomPages/Create.tsx'
    Imported via '@/components/ui/card' from file 'C:/Users/DION-SERVER/Desktop/noble.dion.sy/packages/noble/LandingPage/src/Resources/js/Pages/CustomPages/Edit.tsx'
    Imported via '@/components/ui/card' from file 'C:/Users/DION-SERVER/Desktop/noble.dion.sy/packages/noble/LandingPage/src/Resources/js/Pages/CustomPages/Index.tsx'
    Imported via '@/components/ui/card' from file 'C:/Users/DION-SERVER/Desktop/noble.dion.sy/packages/noble/LandingPage/src/Resources/js/Pages/NewsletterSubscribers/Index.tsx'
    Imported via '@/components/ui/card' from file 'C:/Users/DION-SERVER/Desktop/noble.dion.sy/packages/noble/LandingPage/src/Resources/js/Pages/marketplace/Settings.tsx'
    Imported via '@/components/ui/card' from file 'C:/Users/DION-SERVER/Desktop/noble.dion.sy/packages/noble/Lead/src/Resources/js/Pages/Dashboard/ClientDashboard.tsx'
    Imported via '@/components/ui/card' from file 'C:/Users/DION-SERVER/Desktop/noble.dion.sy/packages/noble/Lead/src/Resources/js/Pages/Dashboard/CompanyDashboard.tsx'
    Imported via '@/components/ui/card' from file 'C:/Users/DION-SERVER/Desktop/noble.dion.sy/packages/noble/Lead/src/Resources/js/Pages/Dashboard/UserDashboard.tsx'
    Imported via '@/components/ui/card' from file 'C:/Users/DION-SERVER/Desktop/noble.dion.sy/packages/noble/Lead/src/Resources/js/Pages/Deals/Index.tsx'
    Imported via '@/components/ui/card' from file 'C:/Users/DION-SERVER/Desktop/noble.dion.sy/packages/noble/Lead/src/Resources/js/Pages/Deals/Show.tsx'
    Imported via '@/components/ui/card' from file 'C:/Users/DION-SERVER/Desktop/noble.dion.sy/packages/noble/Lead/src/Resources/js/Pages/Deals/Show/Files.tsx'
    Imported via '@/components/ui/card' from file 'C:/Users/DION-SERVER/Desktop/noble.dion.sy/packages/noble/Lead/src/Resources/js/Pages/Leads/Index.tsx'
    Imported via '@/components/ui/card' from file 'C:/Users/DION-SERVER/Desktop/noble.dion.sy/packages/noble/Lead/src/Resources/js/Pages/Leads/Show/Index.tsx'
    Imported via '@/components/ui/card' from file 'C:/Users/DION-SERVER/Desktop/noble.dion.sy/packages/noble/Lead/src/Resources/js/Pages/Leads/Show/Files.tsx'
    Imported via '@/components/ui/card' from file 'C:/Users/DION-SERVER/Desktop/noble.dion.sy/packages/noble/Lead/src/Resources/js/Pages/Reports/DealReports.tsx'
    Imported via '@/components/ui/card' from file 'C:/Users/DION-SERVER/Desktop/noble.dion.sy/packages/noble/Lead/src/Resources/js/Pages/Reports/Index.tsx'
    Imported via '@/components/ui/card' from file 'C:/Users/DION-SERVER/Desktop/noble.dion.sy/packages/noble/Lead/src/Resources/js/Pages/Reports/LeadReports.tsx'
    Imported via '@/components/ui/card' from file 'C:/Users/DION-SERVER/Desktop/noble.dion.sy/packages/noble/Lead/src/Resources/js/Pages/SystemSetup/DealStages/Index.tsx'
    Imported via '@/components/ui/card' from file 'C:/Users/DION-SERVER/Desktop/noble.dion.sy/packages/noble/Lead/src/Resources/js/Pages/SystemSetup/Labels/Index.tsx'
    Imported via '@/components/ui/card' from file 'C:/Users/DION-SERVER/Desktop/noble.dion.sy/packages/noble/Lead/src/Resources/js/Pages/SystemSetup/LeadStages/Index.tsx'
    Imported via '@/components/ui/card' from file 'C:/Users/DION-SERVER/Desktop/noble.dion.sy/packages/noble/Lead/src/Resources/js/Pages/SystemSetup/Pipelines/Index.tsx'
    Imported via '@/components/ui/card' from file 'C:/Users/DION-SERVER/Desktop/noble.dion.sy/packages/noble/Lead/src/Resources/js/Pages/SystemSetup/Sources/Index.tsx'
    Imported via '@/components/ui/card' from file 'C:/Users/DION-SERVER/Desktop/noble.dion.sy/packages/noble/Paypal/src/Resources/js/settings/components/paypal-settings.tsx'
    Imported via '@/components/ui/card' from file 'C:/Users/DION-SERVER/Desktop/noble.dion.sy/packages/noble/Performance/src/Resources/js/Pages/EmployeeGoals/Index.tsx'
    Imported via '@/components/ui/card' from file 'C:/Users/DION-SERVER/Desktop/noble.dion.sy/packages/noble/Performance/src/Resources/js/Pages/EmployeeReviews/Conduct.tsx'
    Imported via '@/components/ui/card' from file 'C:/Users/DION-SERVER/Desktop/noble.dion.sy/packages/noble/Performance/src/Resources/js/Pages/EmployeeReviews/Index.tsx'
    Imported via '@/components/ui/card' from file 'C:/Users/DION-SERVER/Desktop/noble.dion.sy/packages/noble/Performance/src/Resources/js/Pages/Indicators/Index.tsx'
    Imported via '@/components/ui/card' from file 'C:/Users/DION-SERVER/Desktop/noble.dion.sy/packages/noble/Performance/src/Resources/js/Pages/ReviewCycles/Index.tsx'
    Imported via '@/components/ui/card' from file 'C:/Users/DION-SERVER/Desktop/noble.dion.sy/packages/noble/Performance/src/Resources/js/Pages/SystemSetup/GoalTypes/Index.tsx'
    Imported via '@/components/ui/card' from file 'C:/Users/DION-SERVER/Desktop/noble.dion.sy/packages/noble/Performance/src/Resources/js/Pages/SystemSetup/IndicatorCategories/Index.tsx'
    Imported via '@/components/ui/card' from file 'C:/Users/DION-SERVER/Desktop/noble.dion.sy/packages/noble/Pos/src/Resources/js/Pages/Barcode/Index.tsx'
    Imported via '@/components/ui/card' from file 'C:/Users/DION-SERVER/Desktop/noble.dion.sy/packages/noble/Pos/src/Resources/js/Pages/Dashboard/ClientDashboard.tsx'
    Imported via '@/components/ui/card' from file 'C:/Users/DION-SERVER/Desktop/noble.dion.sy/packages/noble/Pos/src/Resources/js/Pages/Dashboard/Index.tsx'
    Imported via '@/components/ui/card' from file 'C:/Users/DION-SERVER/Desktop/noble.dion.sy/packages/noble/Pos/src/Resources/js/Pages/Pos/Create.tsx'
    Imported via '@/components/ui/card' from file 'C:/Users/DION-SERVER/Desktop/noble.dion.sy/packages/noble/Pos/src/Resources/js/Pages/PosOrder/Index.tsx'
    Imported via '@/components/ui/card' from file 'C:/Users/DION-SERVER/Desktop/noble.dion.sy/packages/noble/Pos/src/Resources/js/Pages/PosOrder/Show.tsx'
    Imported via '@/components/ui/card' from file 'C:/Users/DION-SERVER/Desktop/noble.dion.sy/packages/noble/Pos/src/Resources/js/Pages/Reports/Customers.tsx'
    Imported via '@/components/ui/card' from file 'C:/Users/DION-SERVER/Desktop/noble.dion.sy/packages/noble/Pos/src/Resources/js/Pages/Reports/Products.tsx'
    Imported via '@/components/ui/card' from file 'C:/Users/DION-SERVER/Desktop/noble.dion.sy/packages/noble/Pos/src/Resources/js/Pages/Reports/Sales.tsx'
    Imported via '@/components/ui/card' from file 'C:/Users/DION-SERVER/Desktop/noble.dion.sy/packages/noble/ProductService/src/Resources/js/Pages/Items/Create.tsx'
    Imported via '@/components/ui/card' from file 'C:/Users/DION-SERVER/Desktop/noble.dion.sy/packages/noble/ProductService/src/Resources/js/Pages/Items/Edit.tsx'
    Imported via '@/components/ui/card' from file 'C:/Users/DION-SERVER/Desktop/noble.dion.sy/packages/noble/ProductService/src/Resources/js/Pages/Items/Index.tsx'
    Imported via '@/components/ui/card' from file 'C:/Users/DION-SERVER/Desktop/noble.dion.sy/packages/noble/ProductService/src/Resources/js/Pages/Items/Show.tsx'
    Imported via '@/components/ui/card' from file 'C:/Users/DION-SERVER/Desktop/noble.dion.sy/packages/noble/ProductService/src/Resources/js/Pages/Stock/Index.tsx'
    Imported via '@/components/ui/card' from file 'C:/Users/DION-SERVER/Desktop/noble.dion.sy/packages/noble/ProductService/src/Resources/js/Pages/SystemSetup/Categories/Index.tsx'
    Imported via '@/components/ui/card' from file 'C:/Users/DION-SERVER/Desktop/noble.dion.sy/packages/noble/ProductService/src/Resources/js/Pages/SystemSetup/Taxes/Index.tsx'
    Imported via '@/components/ui/card' from file 'C:/Users/DION-SERVER/Desktop/noble.dion.sy/packages/noble/ProductService/src/Resources/js/Pages/SystemSetup/Units/Index.tsx'
    Imported via '@/components/ui/card' from file 'C:/Users/DION-SERVER/Desktop/noble.dion.sy/packages/noble/Quotation/src/Resources/js/Pages/Quotations/Create.tsx'
    Imported via '@/components/ui/card' from file 'C:/Users/DION-SERVER/Desktop/noble.dion.sy/packages/noble/Quotation/src/Resources/js/Pages/Quotations/Edit.tsx'
    Imported via '@/components/ui/card' from file 'C:/Users/DION-SERVER/Desktop/noble.dion.sy/packages/noble/Quotation/src/Resources/js/Pages/Quotations/Index.tsx'
    Imported via '@/components/ui/card' from file 'C:/Users/DION-SERVER/Desktop/noble.dion.sy/packages/noble/Quotation/src/Resources/js/Pages/Quotations/View.tsx'
    Imported via '@/components/ui/card' from file 'C:/Users/DION-SERVER/Desktop/noble.dion.sy/packages/noble/Recruitment/src/Resources/js/Pages/Index.tsx'
    Imported via '@/components/ui/card' from file 'C:/Users/DION-SERVER/Desktop/noble.dion.sy/packages/noble/Recruitment/src/Resources/js/Pages/CandidateAssessments/Index.tsx'
    Imported via '@/components/ui/card' from file 'C:/Users/DION-SERVER/Desktop/noble.dion.sy/packages/noble/Recruitment/src/Resources/js/Pages/CandidateOnboardings/Index.tsx'
    Imported via '@/components/ui/card' from file 'C:/Users/DION-SERVER/Desktop/noble.dion.sy/packages/noble/Recruitment/src/Resources/js/Pages/Candidates/Index.tsx'
    Imported via '@/components/ui/card' from file 'C:/Users/DION-SERVER/Desktop/noble.dion.sy/packages/noble/Recruitment/src/Resources/js/Pages/Candidates/Show.tsx'
    Imported via '@/components/ui/card' from file 'C:/Users/DION-SERVER/Desktop/noble.dion.sy/packages/noble/Recruitment/src/Resources/js/Pages/ChecklistItems/Index.tsx'
    Imported via '@/components/ui/card' from file 'C:/Users/DION-SERVER/Desktop/noble.dion.sy/packages/noble/Recruitment/src/Resources/js/Pages/CustomQuestions/Index.tsx'
    Imported via '@/components/ui/card' from file 'C:/Users/DION-SERVER/Desktop/noble.dion.sy/packages/noble/Recruitment/src/Resources/js/Pages/Dashboard/StaffDashboard.tsx'
    Imported via '@/components/ui/card' from file 'C:/Users/DION-SERVER/Desktop/noble.dion.sy/packages/noble/Recruitment/src/Resources/js/Pages/Frontend/JobApply.tsx'
    Imported via '@/components/ui/card' from file 'C:/Users/DION-SERVER/Desktop/noble.dion.sy/packages/noble/Recruitment/src/Resources/js/Pages/Frontend/JobDetails.tsx'
    Imported via '@/components/ui/card' from file 'C:/Users/DION-SERVER/Desktop/noble.dion.sy/packages/noble/Recruitment/src/Resources/js/Pages/Frontend/JobListings.tsx'
    Imported via '@/components/ui/card' from file 'C:/Users/DION-SERVER/Desktop/noble.dion.sy/packages/noble/Recruitment/src/Resources/js/Pages/Frontend/JobTerms.tsx'
    Imported via '@/components/ui/card' from file 'C:/Users/DION-SERVER/Desktop/noble.dion.sy/packages/noble/Recruitment/src/Resources/js/Pages/Frontend/NotFound.tsx'
    Imported via '@/components/ui/card' from file 'C:/Users/DION-SERVER/Desktop/noble.dion.sy/packages/noble/Recruitment/src/Resources/js/Pages/Frontend/Success.tsx'
    Imported via '@/components/ui/card' from file 'C:/Users/DION-SERVER/Desktop/noble.dion.sy/packages/noble/Recruitment/src/Resources/js/Pages/Frontend/TrackingDetails.tsx'
    Imported via '@/components/ui/card' from file 'C:/Users/DION-SERVER/Desktop/noble.dion.sy/packages/noble/Recruitment/src/Resources/js/Pages/Frontend/TrackingForm.tsx'
    Imported via '@/components/ui/card' from file 'C:/Users/DION-SERVER/Desktop/noble.dion.sy/packages/noble/Recruitment/src/Resources/js/Pages/InterviewFeedbacks/Index.tsx'
    Imported via '@/components/ui/card' from file 'C:/Users/DION-SERVER/Desktop/noble.dion.sy/packages/noble/Recruitment/src/Resources/js/Pages/InterviewRounds/Index.tsx'
    Imported via '@/components/ui/card' from file 'C:/Users/DION-SERVER/Desktop/noble.dion.sy/packages/noble/Recruitment/src/Resources/js/Pages/Interviews/Index.tsx'
    Imported via '@/components/ui/card' from file 'C:/Users/DION-SERVER/Desktop/noble.dion.sy/packages/noble/Recruitment/src/Resources/js/Pages/Interviews/Show.tsx'
    Imported via '@/components/ui/card' from file 'C:/Users/DION-SERVER/Desktop/noble.dion.sy/packages/noble/Recruitment/src/Resources/js/Pages/JobLocations/Index.tsx'
    Imported via '@/components/ui/card' from file 'C:/Users/DION-SERVER/Desktop/noble.dion.sy/packages/noble/Recruitment/src/Resources/js/Pages/JobPostings/Index.tsx'
    Imported via '@/components/ui/card' from file 'C:/Users/DION-SERVER/Desktop/noble.dion.sy/packages/noble/Recruitment/src/Resources/js/Pages/JobPostings/Show.tsx'
    Imported via '@/components/ui/card' from file 'C:/Users/DION-SERVER/Desktop/noble.dion.sy/packages/noble/Recruitment/src/Resources/js/Pages/Offers/ConvertToEmployee.tsx'
    Imported via '@/components/ui/card' from file 'C:/Users/DION-SERVER/Desktop/noble.dion.sy/packages/noble/Recruitment/src/Resources/js/Pages/Offers/Index.tsx'
    Imported via '@/components/ui/card' from file 'C:/Users/DION-SERVER/Desktop/noble.dion.sy/packages/noble/Recruitment/src/Resources/js/Pages/SystemSetup/AboutCompany/Index.tsx'
    Imported via '@/components/ui/card' from file 'C:/Users/DION-SERVER/Desktop/noble.dion.sy/packages/noble/Recruitment/src/Resources/js/Pages/SystemSetup/ApplicationTips/Index.tsx'
    Imported via '@/components/ui/card' from file 'C:/Users/DION-SERVER/Desktop/noble.dion.sy/packages/noble/Recruitment/src/Resources/js/Pages/SystemSetup/BrandSettings/Index.tsx'
    Imported via '@/components/ui/card' from file 'C:/Users/DION-SERVER/Desktop/noble.dion.sy/packages/noble/Recruitment/src/Resources/js/Pages/SystemSetup/CandidateSources/Index.tsx'
    Imported via '@/components/ui/card' from file 'C:/Users/DION-SERVER/Desktop/noble.dion.sy/packages/noble/Recruitment/src/Resources/js/Pages/SystemSetup/DashboardWelcomeCard/Index.tsx'
    Imported via '@/components/ui/card' from file 'C:/Users/DION-SERVER/Desktop/noble.dion.sy/packages/noble/Recruitment/src/Resources/js/Pages/SystemSetup/InterviewTypes/Index.tsx'
    Imported via '@/components/ui/card' from file 'C:/Users/DION-SERVER/Desktop/noble.dion.sy/packages/noble/Recruitment/src/Resources/js/Pages/SystemSetup/JobCategories/Index.tsx'
    Imported via '@/components/ui/card' from file 'C:/Users/DION-SERVER/Desktop/noble.dion.sy/packages/noble/Recruitment/src/Resources/js/Pages/SystemSetup/JobTypes/Index.tsx'
    Imported via '@/components/ui/card' from file 'C:/Users/DION-SERVER/Desktop/noble.dion.sy/packages/noble/Recruitment/src/Resources/js/Pages/SystemSetup/NeedHelp/Index.tsx'
    Imported via '@/components/ui/card' from file 'C:/Users/DION-SERVER/Desktop/noble.dion.sy/packages/noble/Recruitment/src/Resources/js/Pages/SystemSetup/OfferLetterTemplate/Index.tsx'
    Imported via '@/components/ui/card' from file 'C:/Users/DION-SERVER/Desktop/noble.dion.sy/packages/noble/Recruitment/src/Resources/js/Pages/SystemSetup/OnboardingChecklists/Index.tsx'
    Imported via '@/components/ui/card' from file 'C:/Users/DION-SERVER/Desktop/noble.dion.sy/packages/noble/Recruitment/src/Resources/js/Pages/SystemSetup/TrackingFaq/Index.tsx'
    Imported via '@/components/ui/card' from file 'C:/Users/DION-SERVER/Desktop/noble.dion.sy/packages/noble/Recruitment/src/Resources/js/Pages/SystemSetup/WhatHappensNext/Index.tsx'
    Imported via '@/components/ui/card' from file 'C:/Users/DION-SERVER/Desktop/noble.dion.sy/packages/noble/Slack/src/Resources/js/settings/components/slack-settings.tsx'
    Imported via '@/components/ui/card' from file 'C:/Users/DION-SERVER/Desktop/noble.dion.sy/packages/noble/Stripe/src/Resources/js/settings/components/stripe-settings.tsx'
    Imported via '@/components/ui/card' from file 'C:/Users/DION-SERVER/Desktop/noble.dion.sy/packages/noble/SupportTicket/src/Resources/js/Pages/Search.tsx'
    Imported via '@/components/ui/card' from file 'C:/Users/DION-SERVER/Desktop/noble.dion.sy/packages/noble/SupportTicket/src/Resources/js/Pages/Show.tsx'
    Imported via '@/components/ui/card' from file 'C:/Users/DION-SERVER/Desktop/noble.dion.sy/packages/noble/SupportTicket/src/Resources/js/Pages/Categories/Index.tsx'
    Imported via '@/components/ui/card' from file 'C:/Users/DION-SERVER/Desktop/noble.dion.sy/packages/noble/SupportTicket/src/Resources/js/Pages/Contact/Index.tsx'
    Imported via '@/components/ui/card' from file 'C:/Users/DION-SERVER/Desktop/noble.dion.sy/packages/noble/SupportTicket/src/Resources/js/Pages/Dashboard/ClientDashboard.tsx'
    Imported via '@/components/ui/card' from file 'C:/Users/DION-SERVER/Desktop/noble.dion.sy/packages/noble/SupportTicket/src/Resources/js/Pages/Dashboard/Index.tsx'
    Imported via '@/components/ui/card' from file 'C:/Users/DION-SERVER/Desktop/noble.dion.sy/packages/noble/SupportTicket/src/Resources/js/Pages/Dashboard/StaffDashboard.tsx'
    Imported via '@/components/ui/card' from file 'C:/Users/DION-SERVER/Desktop/noble.dion.sy/packages/noble/SupportTicket/src/Resources/js/Pages/Dashboard/VendorDashboard.tsx'
    Imported via '@/components/ui/card' from file 'C:/Users/DION-SERVER/Desktop/noble.dion.sy/packages/noble/SupportTicket/src/Resources/js/Pages/FAQ/Import.tsx'
    Imported via '@/components/ui/card' from file 'C:/Users/DION-SERVER/Desktop/noble.dion.sy/packages/noble/SupportTicket/src/Resources/js/Pages/FAQ/Index.tsx'
    Imported via '@/components/ui/card' from file 'C:/Users/DION-SERVER/Desktop/noble.dion.sy/packages/noble/SupportTicket/src/Resources/js/Pages/Frontend/Contact.tsx'
    Imported via '@/components/ui/card' from file 'C:/Users/DION-SERVER/Desktop/noble.dion.sy/packages/noble/SupportTicket/src/Resources/js/Pages/Frontend/CreateTicket.tsx'
    Imported via '@/components/ui/card' from file 'C:/Users/DION-SERVER/Desktop/noble.dion.sy/packages/noble/SupportTicket/src/Resources/js/Pages/Frontend/CustomPage.tsx'
    Imported via '@/components/ui/card' from file 'C:/Users/DION-SERVER/Desktop/noble.dion.sy/packages/noble/SupportTicket/src/Resources/js/Pages/Frontend/Faq.tsx'
    Imported via '@/components/ui/card' from file 'C:/Users/DION-SERVER/Desktop/noble.dion.sy/packages/noble/SupportTicket/src/Resources/js/Pages/Frontend/Index.tsx'
    Imported via '@/components/ui/card' from file 'C:/Users/DION-SERVER/Desktop/noble.dion.sy/packages/noble/SupportTicket/src/Resources/js/Pages/Frontend/Knowledge.tsx'
    Imported via '@/components/ui/card' from file 'C:/Users/DION-SERVER/Desktop/noble.dion.sy/packages/noble/SupportTicket/src/Resources/js/Pages/Frontend/KnowledgeArticle.tsx'
    Imported via '@/components/ui/card' from file 'C:/Users/DION-SERVER/Desktop/noble.dion.sy/packages/noble/SupportTicket/src/Resources/js/Pages/Frontend/PrivacyPolicy.tsx'
    Imported via '@/components/ui/card' from file 'C:/Users/DION-SERVER/Desktop/noble.dion.sy/packages/noble/SupportTicket/src/Resources/js/Pages/Frontend/SearchTicket.tsx'
    Imported via '@/components/ui/card' from file 'C:/Users/DION-SERVER/Desktop/noble.dion.sy/packages/noble/SupportTicket/src/Resources/js/Pages/Frontend/TermsConditions.tsx'
    Imported via '@/components/ui/card' from file 'C:/Users/DION-SERVER/Desktop/noble.dion.sy/packages/noble/SupportTicket/src/Resources/js/Pages/Knowledge/Import.tsx'
    Imported via '@/components/ui/card' from file 'C:/Users/DION-SERVER/Desktop/noble.dion.sy/packages/noble/SupportTicket/src/Resources/js/Pages/Knowledge/Index.tsx'
    Imported via '@/components/ui/card' from file 'C:/Users/DION-SERVER/Desktop/noble.dion.sy/packages/noble/SupportTicket/src/Resources/js/Pages/SystemSetup/cta-section.tsx'
    Imported via '@/components/ui/card' from file 'C:/Users/DION-SERVER/Desktop/noble.dion.sy/packages/noble/SupportTicket/src/Resources/js/Pages/SystemSetup/support-information.tsx'
    Imported via '@/components/ui/card' from file 'C:/Users/DION-SERVER/Desktop/noble.dion.sy/packages/noble/SupportTicket/src/Resources/js/Pages/SystemSetup/title-section.tsx'
    Imported via '@/components/ui/card' from file 'C:/Users/DION-SERVER/Desktop/noble.dion.sy/packages/noble/SupportTicket/src/Resources/js/Pages/SystemSetup/BrandSettings/Index.tsx'
    Imported via '@/components/ui/card' from file 'C:/Users/DION-SERVER/Desktop/noble.dion.sy/packages/noble/SupportTicket/src/Resources/js/Pages/SystemSetup/Categories/Index.tsx'
    Imported via '@/components/ui/card' from file 'C:/Users/DION-SERVER/Desktop/noble.dion.sy/packages/noble/SupportTicket/src/Resources/js/Pages/SystemSetup/ContactInformation/Index.tsx'
    Imported via '@/components/ui/card' from file 'C:/Users/DION-SERVER/Desktop/noble.dion.sy/packages/noble/SupportTicket/src/Resources/js/Pages/SystemSetup/CustomPages/Index.tsx'
    Imported via '@/components/ui/card' from file 'C:/Users/DION-SERVER/Desktop/noble.dion.sy/packages/noble/SupportTicket/src/Resources/js/Pages/SystemSetup/KnowledgeCategories/Index.tsx'
    Imported via '@/components/ui/card' from file 'C:/Users/DION-SERVER/Desktop/noble.dion.sy/packages/noble/SupportTicket/src/Resources/js/Pages/SystemSetup/PrivacyPolicy/Index.tsx'
    Imported via '@/components/ui/card' from file 'C:/Users/DION-SERVER/Desktop/noble.dion.sy/packages/noble/SupportTicket/src/Resources/js/Pages/SystemSetup/QuickLinks/Index.tsx'
    Imported via '@/components/ui/card' from file 'C:/Users/DION-SERVER/Desktop/noble.dion.sy/packages/noble/SupportTicket/src/Resources/js/Pages/SystemSetup/TermsConditions/Index.tsx'
    Imported via '@/components/ui/card' from file 'C:/Users/DION-SERVER/Desktop/noble.dion.sy/packages/noble/SupportTicket/src/Resources/js/Pages/Tickets/Create.tsx'
    Imported via '@/components/ui/card' from file 'C:/Users/DION-SERVER/Desktop/noble.dion.sy/packages/noble/SupportTicket/src/Resources/js/Pages/Tickets/Edit.tsx'
    Imported via '@/components/ui/card' from file 'C:/Users/DION-SERVER/Desktop/noble.dion.sy/packages/noble/SupportTicket/src/Resources/js/Pages/Tickets/EditReply.tsx'
    Imported via '@/components/ui/card' from file 'C:/Users/DION-SERVER/Desktop/noble.dion.sy/packages/noble/SupportTicket/src/Resources/js/Pages/Tickets/Index.tsx'
    Imported via '@/Components/ui/card' from file 'C:/Users/DION-SERVER/Desktop/noble.dion.sy/packages/noble/SupportTicket/src/Resources/js/faq/Import.tsx'
    Imported via '@/Components/ui/card' from file 'C:/Users/DION-SERVER/Desktop/noble.dion.sy/packages/noble/SupportTicket/src/Resources/js/knowledge/Import.tsx'
    Imported via '@/components/ui/card' from file 'C:/Users/DION-SERVER/Desktop/noble.dion.sy/packages/noble/SupportTicket/src/Resources/js/settings/components/support-setting.tsx'
    Imported via '@/components/ui/card' from file 'C:/Users/DION-SERVER/Desktop/noble.dion.sy/packages/noble/Taskly/src/Resources/js/Pages/Bugs/Index.tsx'
    Imported via '@/components/ui/card' from file 'C:/Users/DION-SERVER/Desktop/noble.dion.sy/packages/noble/Taskly/src/Resources/js/Pages/Dashboard/ClientDashboard.tsx'
    Imported via '@/components/ui/card' from file 'C:/Users/DION-SERVER/Desktop/noble.dion.sy/packages/noble/Taskly/src/Resources/js/Pages/Dashboard/CompanyDashboard.tsx'
    Imported via '@/components/ui/card' from file 'C:/Users/DION-SERVER/Desktop/noble.dion.sy/packages/noble/Taskly/src/Resources/js/Pages/Dashboard/StaffDashboard.tsx'
    Imported via '@/components/ui/card' from file 'C:/Users/DION-SERVER/Desktop/noble.dion.sy/packages/noble/Taskly/src/Resources/js/Pages/Project/Gantt.tsx'
    Imported via '@/components/ui/card' from file 'C:/Users/DION-SERVER/Desktop/noble.dion.sy/packages/noble/Taskly/src/Resources/js/Pages/Project/Index.tsx'
    Imported via '@/components/ui/card' from file 'C:/Users/DION-SERVER/Desktop/noble.dion.sy/packages/noble/Taskly/src/Resources/js/Pages/Project/View.tsx'
    Imported via '@/components/ui/card' from file 'C:/Users/DION-SERVER/Desktop/noble.dion.sy/packages/noble/Taskly/src/Resources/js/Pages/Report/Index.tsx'
    Imported via '@/components/ui/card' from file 'C:/Users/DION-SERVER/Desktop/noble.dion.sy/packages/noble/Taskly/src/Resources/js/Pages/Report/View.tsx'
    Imported via '@/components/ui/card' from file 'C:/Users/DION-SERVER/Desktop/noble.dion.sy/packages/noble/Taskly/src/Resources/js/Pages/SystemSetup/BugStages/Index.tsx'
    Imported via '@/components/ui/card' from file 'C:/Users/DION-SERVER/Desktop/noble.dion.sy/packages/noble/Taskly/src/Resources/js/Pages/SystemSetup/TaskStages/Index.tsx'
    Imported via '@/components/ui/card' from file 'C:/Users/DION-SERVER/Desktop/noble.dion.sy/packages/noble/Taskly/src/Resources/js/Pages/Tasks/Calendar.tsx'
    Imported via '@/components/ui/card' from file 'C:/Users/DION-SERVER/Desktop/noble.dion.sy/packages/noble/Taskly/src/Resources/js/Pages/Tasks/Index.tsx'
    Imported via '@/components/ui/card' from file 'C:/Users/DION-SERVER/Desktop/noble.dion.sy/packages/noble/Taskly/src/Resources/js/Pages/Tasks/View.tsx'
    Imported via '@/components/ui/card' from file 'C:/Users/DION-SERVER/Desktop/noble.dion.sy/packages/noble/Telegram/src/Resources/js/settings/components/telegram-settings.tsx'
    Imported via '@/components/ui/card' from file 'C:/Users/DION-SERVER/Desktop/noble.dion.sy/packages/noble/Timesheet/src/Resources/js/Pages/Index.tsx'
    Imported via '@/components/ui/card' from file 'C:/Users/DION-SERVER/Desktop/noble.dion.sy/packages/noble/Training/src/Resources/js/Pages/feedbacks/index.tsx'
    Imported via '@/components/ui/card' from file 'C:/Users/DION-SERVER/Desktop/noble.dion.sy/packages/noble/Training/src/Resources/js/Pages/tasks/index.tsx'
    Imported via '@/components/ui/card' from file 'C:/Users/DION-SERVER/Desktop/noble.dion.sy/packages/noble/Training/src/Resources/js/Pages/trainers/index.tsx'
    Imported via '@/components/ui/card' from file 'C:/Users/DION-SERVER/Desktop/noble.dion.sy/packages/noble/Training/src/Resources/js/Pages/training-types/index.tsx'
    Imported via '@/components/ui/card' from file 'C:/Users/DION-SERVER/Desktop/noble.dion.sy/packages/noble/Training/src/Resources/js/Pages/trainings/index.tsx'
    Imported via '@/components/ui/card' from file 'C:/Users/DION-SERVER/Desktop/noble.dion.sy/packages/noble/Twilio/src/Resources/js/settings/components/twilio-settings.tsx'
    Imported via '@/components/ui/card' from file 'C:/Users/DION-SERVER/Desktop/noble.dion.sy/packages/noble/Webhook/src/Resources/js/settings/components/webhook-settings.tsx'
    Imported via '@/components/ui/card' from file 'C:/Users/DION-SERVER/Desktop/noble.dion.sy/packages/noble/ZoomMeeting/src/Resources/js/Pages/ZoomMeetings/Index.tsx'
    Imported via '@/components/ui/card' from file 'C:/Users/DION-SERVER/Desktop/noble.dion.sy/packages/noble/ZoomMeeting/src/Resources/js/settings/components/zoom-meeting-settings.tsx'
packages/noble/SupportTicket/src/Resources/js/faq/Import.tsx(4,24): error TS1149: File name 'C:/Users/DION-SERVER/Desktop/noble.dion.sy/resources/js/Components/ui/button.tsx' differs from already included file name 'C:/Users/DION-SERVER/Desktop/noble.dion.sy/resources/js/components/ui/button.tsx' only in casing.
  The file is in the program because:
    Imported via '@/components/ui/button' from file 'C:/Users/DION-SERVER/Desktop/noble.dion.sy/resources/js/pages/settings/components/brand-settings.tsx'
    Imported via './ui/button' from file 'C:/Users/DION-SERVER/Desktop/noble.dion.sy/resources/js/components/MediaPicker.tsx'
    Imported via './ui/button' from file 'C:/Users/DION-SERVER/Desktop/noble.dion.sy/resources/js/components/MediaLibraryModal.tsx'
    Imported via '@/components/ui/button' from file 'C:/Users/DION-SERVER/Desktop/noble.dion.sy/resources/js/pages/settings/components/company-settings.tsx'
    Imported via '@/components/ui/button' from file 'C:/Users/DION-SERVER/Desktop/noble.dion.sy/resources/js/pages/settings/components/system-settings.tsx'
    Imported via '@/components/ui/button' from file 'C:/Users/DION-SERVER/Desktop/noble.dion.sy/resources/js/pages/settings/components/currency-settings.tsx'
    Imported via '@/components/ui/button' from file 'C:/Users/DION-SERVER/Desktop/noble.dion.sy/resources/js/pages/settings/components/seo-settings.tsx'
    Imported via '@/components/ui/button' from file 'C:/Users/DION-SERVER/Desktop/noble.dion.sy/resources/js/pages/settings/components/storage-settings.tsx'
    Imported via '@/components/ui/button' from file 'C:/Users/DION-SERVER/Desktop/noble.dion.sy/resources/js/pages/settings/components/email-settings.tsx'
    Imported via '@/components/ui/button' from file 'C:/Users/DION-SERVER/Desktop/noble.dion.sy/resources/js/pages/settings/components/pusher-settings.tsx'
    Imported via '@/components/ui/button' from file 'C:/Users/DION-SERVER/Desktop/noble.dion.sy/resources/js/pages/settings/components/email-notification-settings.tsx'
    Imported via '@/components/ui/button' from file 'C:/Users/DION-SERVER/Desktop/noble.dion.sy/resources/js/pages/settings/components/cookie-settings.tsx'
    Imported via '@/components/ui/button' from file 'C:/Users/DION-SERVER/Desktop/noble.dion.sy/resources/js/pages/settings/components/bank-transfer-settings.tsx'
    Imported via '@/components/ui/button' from file 'C:/Users/DION-SERVER/Desktop/noble.dion.sy/resources/js/pages/settings/components/cache-settings.tsx'
    Imported via './ui/button' from file 'C:/Users/DION-SERVER/Desktop/noble.dion.sy/resources/js/components/ModuleAttachments.tsx'
    Imported via '@/components/ui/button' from file 'C:/Users/DION-SERVER/Desktop/noble.dion.sy/resources/js/components/QRCodeModal.tsx'
    Imported via './button' from file 'C:/Users/DION-SERVER/Desktop/noble.dion.sy/resources/js/components/ui/icon-picker.tsx'
    Imported via '@/components/ui/button' from file 'C:/Users/DION-SERVER/Desktop/noble.dion.sy/resources/js/components/ui/sidebar.tsx'
    Imported via '@/components/ui/button' from file 'C:/Users/DION-SERVER/Desktop/noble.dion.sy/resources/js/components/nav-user.tsx'
    Imported via '@/components/ui/button' from file 'C:/Users/DION-SERVER/Desktop/noble.dion.sy/resources/js/components/appearance-dropdown.tsx'
    Imported via '@/components/ui/button' from file 'C:/Users/DION-SERVER/Desktop/noble.dion.sy/resources/js/components/cookie-consent.tsx'
    Imported via '@/components/ui/button' from file 'C:/Users/DION-SERVER/Desktop/noble.dion.sy/resources/js/components/create-language-modal.tsx'
    Imported via '@/components/ui/button' from file 'C:/Users/DION-SERVER/Desktop/noble.dion.sy/resources/js/components/no-records-found.tsx'
    Imported via '@/components/ui/button' from file 'C:/Users/DION-SERVER/Desktop/noble.dion.sy/resources/js/components/theme-toggle.tsx'
    Imported via '@/components/ui/button' from file 'C:/Users/DION-SERVER/Desktop/noble.dion.sy/resources/js/components/ui/alert-dialog.tsx'
    Matched by include pattern 'resources/js/**/*.tsx' in 'C:/Users/DION-SERVER/Desktop/noble.dion.sy/tsconfig.json'
    Imported via './button' from file 'C:/Users/DION-SERVER/Desktop/noble.dion.sy/resources/js/components/ui/calendar.tsx'
    Imported via './button' from file 'C:/Users/DION-SERVER/Desktop/noble.dion.sy/resources/js/components/ui/data-table.tsx'
    Imported via '@/components/ui/button' from file 'C:/Users/DION-SERVER/Desktop/noble.dion.sy/resources/js/components/ui/date-picker.tsx'
    Imported via '@/components/ui/button' from file 'C:/Users/DION-SERVER/Desktop/noble.dion.sy/resources/js/components/ui/date-range-picker.tsx'
    Imported via '@/components/ui/button' from file 'C:/Users/DION-SERVER/Desktop/noble.dion.sy/resources/js/components/ui/datetime-range-picker.tsx'
    Imported via '@/components/ui/button' from file 'C:/Users/DION-SERVER/Desktop/noble.dion.sy/resources/js/components/ui/emoji-picker.tsx'
    Imported via '@/components/ui/button' from file 'C:/Users/DION-SERVER/Desktop/noble.dion.sy/resources/js/components/ui/filter-button.tsx'
    Imported via '@/components/ui/button' from file 'C:/Users/DION-SERVER/Desktop/noble.dion.sy/resources/js/components/ui/generate-code.tsx'
    Imported via './button' from file 'C:/Users/DION-SERVER/Desktop/noble.dion.sy/resources/js/components/ui/image-slider.tsx'
    Imported via '@/components/ui/button' from file 'C:/Users/DION-SERVER/Desktop/noble.dion.sy/resources/js/components/ui/list-grid-toggle.tsx'
    Imported via '@/components/ui/button' from file 'C:/Users/DION-SERVER/Desktop/noble.dion.sy/resources/js/components/ui/module-card.tsx'
    Imported via './button' from file 'C:/Users/DION-SERVER/Desktop/noble.dion.sy/resources/js/components/ui/multi-select.tsx'
    Imported via '@/components/ui/button' from file 'C:/Users/DION-SERVER/Desktop/noble.dion.sy/resources/js/components/ui/pagination.tsx'
    Imported via './button' from file 'C:/Users/DION-SERVER/Desktop/noble.dion.sy/resources/js/components/ui/repeater.tsx'
    Imported via '@/components/ui/button' from file 'C:/Users/DION-SERVER/Desktop/noble.dion.sy/resources/js/components/ui/time-picker.tsx'
    Imported via './button' from file 'C:/Users/DION-SERVER/Desktop/noble.dion.sy/resources/js/components/ui/rich-text-editor.tsx'
    Imported via './button' from file 'C:/Users/DION-SERVER/Desktop/noble.dion.sy/resources/js/components/ui/search-input.tsx'
    Imported via '@/components/ui/button' from file 'C:/Users/DION-SERVER/Desktop/noble.dion.sy/resources/js/components/ui/year-picker.tsx'
    Imported via '@/components/ui/button' from file 'C:/Users/DION-SERVER/Desktop/noble.dion.sy/resources/js/layouts/authenticated-layout.tsx'
    Imported via '@/components/ui/button' from file 'C:/Users/DION-SERVER/Desktop/noble.dion.sy/resources/js/pages/dashboard.tsx'
    Imported via '@/components/ui/button' from file 'C:/Users/DION-SERVER/Desktop/noble.dion.sy/resources/js/pages/media-library.tsx'
    Imported via '@/components/ui/button' from file 'C:/Users/DION-SERVER/Desktop/noble.dion.sy/resources/js/pages/EmailTemplates/Edit.tsx'
    Imported via '@/components/ui/button' from file 'C:/Users/DION-SERVER/Desktop/noble.dion.sy/resources/js/pages/EmailTemplates/Index.tsx'
    Imported via '@/components/ui/button' from file 'C:/Users/DION-SERVER/Desktop/noble.dion.sy/resources/js/pages/Installer/Environment.tsx'
    Imported via '@/components/ui/button' from file 'C:/Users/DION-SERVER/Desktop/noble.dion.sy/resources/js/pages/MissionCommand/Gamification.tsx'
    Imported via '@/components/ui/button' from file 'C:/Users/DION-SERVER/Desktop/noble.dion.sy/resources/js/pages/MissionCommand/NotificationsHub.tsx'
    Imported via '@/components/ui/button' from file 'C:/Users/DION-SERVER/Desktop/noble.dion.sy/resources/js/pages/MissionCommand/AffiliateEngine/Index.tsx'
    Imported via '@/components/ui/button' from file 'C:/Users/DION-SERVER/Desktop/noble.dion.sy/resources/js/pages/MissionCommand/NobleFlow/Index.tsx'
    Imported via '@/components/ui/button' from file 'C:/Users/DION-SERVER/Desktop/noble.dion.sy/resources/js/pages/MissionCommand/SecurityAudit/Index.tsx'
    Imported via '@/components/ui/button' from file 'C:/Users/DION-SERVER/Desktop/noble.dion.sy/resources/js/pages/MissionCommand/UnifiedInbox/Index.tsx'
    Imported via '@/components/ui/button' from file 'C:/Users/DION-SERVER/Desktop/noble.dion.sy/resources/js/pages/Purchase/components/InvoiceItemsTable.tsx'
    Imported via '@/components/ui/button' from file 'C:/Users/DION-SERVER/Desktop/noble.dion.sy/resources/js/pages/Purchase/Create.tsx'
    Imported via '@/components/ui/button' from file 'C:/Users/DION-SERVER/Desktop/noble.dion.sy/resources/js/pages/Purchase/Edit.tsx'
    Imported via '@/components/ui/button' from file 'C:/Users/DION-SERVER/Desktop/noble.dion.sy/resources/js/pages/Purchase/Index.tsx'
    Imported via '@/components/ui/button' from file 'C:/Users/DION-SERVER/Desktop/noble.dion.sy/resources/js/pages/Purchase/View.tsx'
    Imported via '@/components/ui/button' from file 'C:/Users/DION-SERVER/Desktop/noble.dion.sy/resources/js/pages/PurchaseReturns/Create.tsx'
    Imported via '@/components/ui/button' from file 'C:/Users/DION-SERVER/Desktop/noble.dion.sy/resources/js/pages/PurchaseReturns/Index.tsx'
    Imported via '@/components/ui/button' from file 'C:/Users/DION-SERVER/Desktop/noble.dion.sy/resources/js/pages/PurchaseReturns/View.tsx'
    Imported via '@/components/ui/button' from file 'C:/Users/DION-SERVER/Desktop/noble.dion.sy/resources/js/pages/Sales/components/InvoiceItemsTable.tsx'
    Imported via '@/components/ui/button' from file 'C:/Users/DION-SERVER/Desktop/noble.dion.sy/resources/js/pages/Sales/Create.tsx'
    Imported via '@/components/ui/button' from file 'C:/Users/DION-SERVER/Desktop/noble.dion.sy/resources/js/pages/Sales/Edit.tsx'
    Imported via '@/components/ui/button' from file 'C:/Users/DION-SERVER/Desktop/noble.dion.sy/resources/js/pages/Sales/Index.tsx'
    Imported via '@/components/ui/button' from file 'C:/Users/DION-SERVER/Desktop/noble.dion.sy/resources/js/pages/Sales/View.tsx'
    Imported via '@/components/ui/button' from file 'C:/Users/DION-SERVER/Desktop/noble.dion.sy/resources/js/pages/SalesProposals/Create.tsx'
    Imported via '@/components/ui/button' from file 'C:/Users/DION-SERVER/Desktop/noble.dion.sy/resources/js/pages/SalesProposals/Edit.tsx'
    Imported via '@/components/ui/button' from file 'C:/Users/DION-SERVER/Desktop/noble.dion.sy/resources/js/pages/SalesProposals/Index.tsx'
    Imported via '@/components/ui/button' from file 'C:/Users/DION-SERVER/Desktop/noble.dion.sy/resources/js/pages/SalesProposals/View.tsx'
    Imported via '@/components/ui/button' from file 'C:/Users/DION-SERVER/Desktop/noble.dion.sy/resources/js/pages/SalesReturns/Create.tsx'
    Imported via '@/components/ui/button' from file 'C:/Users/DION-SERVER/Desktop/noble.dion.sy/resources/js/pages/SalesReturns/Index.tsx'
    Imported via '@/components/ui/button' from file 'C:/Users/DION-SERVER/Desktop/noble.dion.sy/resources/js/pages/SalesReturns/View.tsx'
    Imported via '@/components/ui/button' from file 'C:/Users/DION-SERVER/Desktop/noble.dion.sy/resources/js/pages/Transfers/Index.tsx'
    Imported via '@/components/ui/button' from file 'C:/Users/DION-SERVER/Desktop/noble.dion.sy/resources/js/pages/Transfers/create.tsx'
    Imported via '@/components/ui/button' from file 'C:/Users/DION-SERVER/Desktop/noble.dion.sy/resources/js/pages/Updater/Index.tsx'
    Imported via '@/components/ui/button' from file 'C:/Users/DION-SERVER/Desktop/noble.dion.sy/resources/js/pages/auth/confirm-password.tsx'
    Imported via '@/components/ui/button' from file 'C:/Users/DION-SERVER/Desktop/noble.dion.sy/resources/js/pages/auth/forgot-password.tsx'
    Imported via '@/components/ui/button' from file 'C:/Users/DION-SERVER/Desktop/noble.dion.sy/resources/js/pages/auth/login.tsx'
    Imported via '@/components/ui/button' from file 'C:/Users/DION-SERVER/Desktop/noble.dion.sy/resources/js/pages/auth/register.tsx'
    Imported via '@/components/ui/button' from file 'C:/Users/DION-SERVER/Desktop/noble.dion.sy/resources/js/pages/auth/reset-password.tsx'
    Imported via '@/components/ui/button' from file 'C:/Users/DION-SERVER/Desktop/noble.dion.sy/resources/js/pages/auth/verify-email.tsx'
    Imported via '@/components/ui/button' from file 'C:/Users/DION-SERVER/Desktop/noble.dion.sy/resources/js/pages/bank-transfer/index.tsx'
    Imported via '@/components/ui/button' from file 'C:/Users/DION-SERVER/Desktop/noble.dion.sy/resources/js/pages/coupons/create.tsx'
    Imported via '@/components/ui/button' from file 'C:/Users/DION-SERVER/Desktop/noble.dion.sy/resources/js/pages/coupons/details.tsx'
    Imported via '@/components/ui/button' from file 'C:/Users/DION-SERVER/Desktop/noble.dion.sy/resources/js/pages/coupons/edit.tsx'
    Imported via '@/components/ui/button' from file 'C:/Users/DION-SERVER/Desktop/noble.dion.sy/resources/js/pages/coupons/index.tsx'
    Imported via '@/components/ui/button' from file 'C:/Users/DION-SERVER/Desktop/noble.dion.sy/resources/js/pages/helpdesk/categories/create.tsx'
    Imported via '@/components/ui/button' from file 'C:/Users/DION-SERVER/Desktop/noble.dion.sy/resources/js/pages/helpdesk/categories/edit.tsx'
    Imported via '@/components/ui/button' from file 'C:/Users/DION-SERVER/Desktop/noble.dion.sy/resources/js/pages/helpdesk/categories/index.tsx'
    Imported via '@/components/ui/button' from file 'C:/Users/DION-SERVER/Desktop/noble.dion.sy/resources/js/pages/helpdesk/components/ChatMessage.tsx'
    Imported via '@/components/ui/button' from file 'C:/Users/DION-SERVER/Desktop/noble.dion.sy/resources/js/pages/helpdesk/components/ReplyForm.tsx'
    Imported via '@/components/ui/button' from file 'C:/Users/DION-SERVER/Desktop/noble.dion.sy/resources/js/pages/helpdesk/tickets/create.tsx'
    Imported via '@/components/ui/button' from file 'C:/Users/DION-SERVER/Desktop/noble.dion.sy/resources/js/pages/helpdesk/tickets/edit.tsx'
    Imported via '@/components/ui/button' from file 'C:/Users/DION-SERVER/Desktop/noble.dion.sy/resources/js/pages/helpdesk/tickets/index.tsx'
    Imported via '@/components/ui/button' from file 'C:/Users/DION-SERVER/Desktop/noble.dion.sy/resources/js/pages/languages/manage.tsx'
    Imported via '@/components/ui/button' from file 'C:/Users/DION-SERVER/Desktop/noble.dion.sy/resources/js/pages/messenger/index.tsx'
    Imported via '@/components/ui/button' from file 'C:/Users/DION-SERVER/Desktop/noble.dion.sy/resources/js/pages/modules/index.tsx'
    Imported via '@/components/ui/button' from file 'C:/Users/DION-SERVER/Desktop/noble.dion.sy/resources/js/pages/modules/upload.tsx'
    Imported via '@/components/ui/button' from file 'C:/Users/DION-SERVER/Desktop/noble.dion.sy/resources/js/pages/notification-templates/Edit.tsx'
    Imported via '@/components/ui/button' from file 'C:/Users/DION-SERVER/Desktop/noble.dion.sy/resources/js/pages/notification-templates/Index.tsx'
    Imported via '@/components/ui/button' from file 'C:/Users/DION-SERVER/Desktop/noble.dion.sy/resources/js/pages/orders/index.tsx'
    Imported via '@/components/ui/button' from file 'C:/Users/DION-SERVER/Desktop/noble.dion.sy/resources/js/pages/plans/form.tsx'
    Imported via '@/components/ui/button' from file 'C:/Users/DION-SERVER/Desktop/noble.dion.sy/resources/js/pages/plans/index.tsx'
    Imported via '@/components/ui/button' from file 'C:/Users/DION-SERVER/Desktop/noble.dion.sy/resources/js/pages/plans/subscription-layout.tsx'
    Imported via '@/components/ui/button' from file 'C:/Users/DION-SERVER/Desktop/noble.dion.sy/resources/js/pages/profile/partials/update-password-form.tsx'
    Imported via '@/components/ui/button' from file 'C:/Users/DION-SERVER/Desktop/noble.dion.sy/resources/js/pages/profile/partials/update-profile-information-form.tsx'
    Imported via '@/components/ui/button' from file 'C:/Users/DION-SERVER/Desktop/noble.dion.sy/resources/js/pages/roles/create.tsx'
    Imported via '@/components/ui/button' from file 'C:/Users/DION-SERVER/Desktop/noble.dion.sy/resources/js/pages/roles/edit.tsx'
    Imported via '@/components/ui/button' from file 'C:/Users/DION-SERVER/Desktop/noble.dion.sy/resources/js/pages/roles/index.tsx'
    Imported via '@/components/ui/button' from file 'C:/Users/DION-SERVER/Desktop/noble.dion.sy/resources/js/pages/settings/index.tsx'
    Imported via '@/components/ui/button' from file 'C:/Users/DION-SERVER/Desktop/noble.dion.sy/resources/js/pages/users/assign-plan.tsx'
    Imported via '@/components/ui/button' from file 'C:/Users/DION-SERVER/Desktop/noble.dion.sy/resources/js/pages/users/change-password.tsx'
    Imported via '@/components/ui/button' from file 'C:/Users/DION-SERVER/Desktop/noble.dion.sy/resources/js/pages/users/create.tsx'
    Imported via '@/components/ui/button' from file 'C:/Users/DION-SERVER/Desktop/noble.dion.sy/resources/js/pages/users/edit.tsx'
    Imported via '@/components/ui/button' from file 'C:/Users/DION-SERVER/Desktop/noble.dion.sy/resources/js/pages/users/index.tsx'
    Imported via '@/components/ui/button' from file 'C:/Users/DION-SERVER/Desktop/noble.dion.sy/resources/js/pages/users/login-history.tsx'
    Imported via '@/components/ui/button' from file 'C:/Users/DION-SERVER/Desktop/noble.dion.sy/resources/js/pages/warehouses/create.tsx'
    Imported via '@/components/ui/button' from file 'C:/Users/DION-SERVER/Desktop/noble.dion.sy/resources/js/pages/warehouses/edit.tsx'
    Imported via '@/components/ui/button' from file 'C:/Users/DION-SERVER/Desktop/noble.dion.sy/resources/js/pages/warehouses/index.tsx'
    Imported via '@/components/ui/button' from file 'C:/Users/DION-SERVER/Desktop/noble.dion.sy/packages/noble/AIAssistant/src/Resources/js/components/AIGenerationModal.tsx'
    Imported via '@/components/ui/button' from file 'C:/Users/DION-SERVER/Desktop/noble.dion.sy/packages/noble/AIAssistant/src/Resources/js/hooks/useAIField.tsx'
    Imported via '@/components/ui/button' from file 'C:/Users/DION-SERVER/Desktop/noble.dion.sy/packages/noble/AIAssistant/src/Resources/js/settings/components/ai-assistant-settings.tsx'
    Imported via '@/components/ui/button' from file 'C:/Users/DION-SERVER/Desktop/noble.dion.sy/packages/noble/Account/src/Resources/js/Pages/BankAccounts/Create.tsx'
    Imported via '@/components/ui/button' from file 'C:/Users/DION-SERVER/Desktop/noble.dion.sy/packages/noble/Account/src/Resources/js/Pages/BankAccounts/Edit.tsx'
    Imported via '@/components/ui/button' from file 'C:/Users/DION-SERVER/Desktop/noble.dion.sy/packages/noble/Account/src/Resources/js/Pages/BankAccounts/Index.tsx'
    Imported via '@/components/ui/button' from file 'C:/Users/DION-SERVER/Desktop/noble.dion.sy/packages/noble/Account/src/Resources/js/Pages/BankTransactions/Index.tsx'
    Imported via '@/components/ui/button' from file 'C:/Users/DION-SERVER/Desktop/noble.dion.sy/packages/noble/Account/src/Resources/js/Pages/BankTransfers/Create.tsx'
    Imported via '@/components/ui/button' from file 'C:/Users/DION-SERVER/Desktop/noble.dion.sy/packages/noble/Account/src/Resources/js/Pages/BankTransfers/Edit.tsx'
    Imported via '@/components/ui/button' from file 'C:/Users/DION-SERVER/Desktop/noble.dion.sy/packages/noble/Account/src/Resources/js/Pages/BankTransfers/Index.tsx'
    Imported via '@/components/ui/button' from file 'C:/Users/DION-SERVER/Desktop/noble.dion.sy/packages/noble/Account/src/Resources/js/Pages/ChartOfAccounts/Create.tsx'
    Imported via '@/components/ui/button' from file 'C:/Users/DION-SERVER/Desktop/noble.dion.sy/packages/noble/Account/src/Resources/js/Pages/ChartOfAccounts/Edit.tsx'
    Imported via '@/components/ui/button' from file 'C:/Users/DION-SERVER/Desktop/noble.dion.sy/packages/noble/Account/src/Resources/js/Pages/ChartOfAccounts/Index.tsx'
    Imported via '@/components/ui/button' from file 'C:/Users/DION-SERVER/Desktop/noble.dion.sy/packages/noble/Account/src/Resources/js/Pages/ChartOfAccounts/Show.tsx'
    Imported via '@/components/ui/button' from file 'C:/Users/DION-SERVER/Desktop/noble.dion.sy/packages/noble/Account/src/Resources/js/Pages/CreditNotes/Create.tsx'
    Imported via '@/components/ui/button' from file 'C:/Users/DION-SERVER/Desktop/noble.dion.sy/packages/noble/Account/src/Resources/js/Pages/CreditNotes/Index.tsx'
    Imported via '@/components/ui/button' from file 'C:/Users/DION-SERVER/Desktop/noble.dion.sy/packages/noble/Account/src/Resources/js/Pages/CreditNotes/View.tsx'
    Imported via '@/components/ui/button' from file 'C:/Users/DION-SERVER/Desktop/noble.dion.sy/packages/noble/Account/src/Resources/js/Pages/CustomerPayments/Create.tsx'
    Imported via '@/components/ui/button' from file 'C:/Users/DION-SERVER/Desktop/noble.dion.sy/packages/noble/Account/src/Resources/js/Pages/CustomerPayments/Index.tsx'
    Imported via '@/components/ui/button' from file 'C:/Users/DION-SERVER/Desktop/noble.dion.sy/packages/noble/Account/src/Resources/js/Pages/Customers/Create.tsx'
    Imported via '@/components/ui/button' from file 'C:/Users/DION-SERVER/Desktop/noble.dion.sy/packages/noble/Account/src/Resources/js/Pages/Customers/Edit.tsx'
    Imported via '@/components/ui/button' from file 'C:/Users/DION-SERVER/Desktop/noble.dion.sy/packages/noble/Account/src/Resources/js/Pages/Customers/Index.tsx'
    Imported via '@/components/ui/button' from file 'C:/Users/DION-SERVER/Desktop/noble.dion.sy/packages/noble/Account/src/Resources/js/Pages/DebitNotes/Create.tsx'
    Imported via '@/components/ui/button' from file 'C:/Users/DION-SERVER/Desktop/noble.dion.sy/packages/noble/Account/src/Resources/js/Pages/DebitNotes/Index.tsx'
    Imported via '@/components/ui/button' from file 'C:/Users/DION-SERVER/Desktop/noble.dion.sy/packages/noble/Account/src/Resources/js/Pages/DebitNotes/View.tsx'
    Imported via '@/components/ui/button' from file 'C:/Users/DION-SERVER/Desktop/noble.dion.sy/packages/noble/Account/src/Resources/js/Pages/Expenses/Create.tsx'
    Imported via '@/components/ui/button' from file 'C:/Users/DION-SERVER/Desktop/noble.dion.sy/packages/noble/Account/src/Resources/js/Pages/Expenses/Edit.tsx'
    Imported via '@/components/ui/button' from file 'C:/Users/DION-SERVER/Desktop/noble.dion.sy/packages/noble/Account/src/Resources/js/Pages/Expenses/Index.tsx'
    Imported via '@/components/ui/button' from file 'C:/Users/DION-SERVER/Desktop/noble.dion.sy/packages/noble/Account/src/Resources/js/Pages/Reports/BillAging.tsx'
    Imported via '@/components/ui/button' from file 'C:/Users/DION-SERVER/Desktop/noble.dion.sy/packages/noble/Account/src/Resources/js/Pages/Reports/CustomerBalance.tsx'
    Imported via '@/components/ui/button' from file 'C:/Users/DION-SERVER/Desktop/noble.dion.sy/packages/noble/Account/src/Resources/js/Pages/Reports/CustomerDetail.tsx'
    Imported via '@/components/ui/button' from file 'C:/Users/DION-SERVER/Desktop/noble.dion.sy/packages/noble/Account/src/Resources/js/Pages/Reports/IncomeStatement.tsx'
    Imported via '@/components/ui/button' from file 'C:/Users/DION-SERVER/Desktop/noble.dion.sy/packages/noble/Account/src/Resources/js/Pages/Reports/InvoiceAging.tsx'
    Imported via '@/components/ui/button' from file 'C:/Users/DION-SERVER/Desktop/noble.dion.sy/packages/noble/Account/src/Resources/js/Pages/Reports/TaxSummary.tsx'
    Imported via '@/components/ui/button' from file 'C:/Users/DION-SERVER/Desktop/noble.dion.sy/packages/noble/Account/src/Resources/js/Pages/Reports/VendorBalance.tsx'
    Imported via '@/components/ui/button' from file 'C:/Users/DION-SERVER/Desktop/noble.dion.sy/packages/noble/Account/src/Resources/js/Pages/Reports/VendorDetail.tsx'
    Imported via '@/components/ui/button' from file 'C:/Users/DION-SERVER/Desktop/noble.dion.sy/packages/noble/Account/src/Resources/js/Pages/Revenues/Create.tsx'
    Imported via '@/components/ui/button' from file 'C:/Users/DION-SERVER/Desktop/noble.dion.sy/packages/noble/Account/src/Resources/js/Pages/Revenues/Edit.tsx'
    Imported via '@/components/ui/button' from file 'C:/Users/DION-SERVER/Desktop/noble.dion.sy/packages/noble/Account/src/Resources/js/Pages/Revenues/Index.tsx'
    Imported via '@/components/ui/button' from file 'C:/Users/DION-SERVER/Desktop/noble.dion.sy/packages/noble/Account/src/Resources/js/Pages/SystemSetup/SystemSetupSidebar.tsx'
    Imported via '@/components/ui/button' from file 'C:/Users/DION-SERVER/Desktop/noble.dion.sy/packages/noble/Account/src/Resources/js/Pages/SystemSetup/AccountTypes/Create.tsx'
    Imported via '@/components/ui/button' from file 'C:/Users/DION-SERVER/Desktop/noble.dion.sy/packages/noble/Account/src/Resources/js/Pages/SystemSetup/AccountTypes/Edit.tsx'
    Imported via '@/components/ui/button' from file 'C:/Users/DION-SERVER/Desktop/noble.dion.sy/packages/noble/Account/src/Resources/js/Pages/SystemSetup/AccountTypes/Index.tsx'
    Imported via '@/components/ui/button' from file 'C:/Users/DION-SERVER/Desktop/noble.dion.sy/packages/noble/Account/src/Resources/js/Pages/SystemSetup/ExpenseCategories/Create.tsx'
    Imported via '@/components/ui/button' from file 'C:/Users/DION-SERVER/Desktop/noble.dion.sy/packages/noble/Account/src/Resources/js/Pages/SystemSetup/ExpenseCategories/Edit.tsx'
    Imported via '@/components/ui/button' from file 'C:/Users/DION-SERVER/Desktop/noble.dion.sy/packages/noble/Account/src/Resources/js/Pages/SystemSetup/ExpenseCategories/Index.tsx'
    Imported via '@/components/ui/button' from file 'C:/Users/DION-SERVER/Desktop/noble.dion.sy/packages/noble/Account/src/Resources/js/Pages/SystemSetup/RevenueCategories/Create.tsx'
    Imported via '@/components/ui/button' from file 'C:/Users/DION-SERVER/Desktop/noble.dion.sy/packages/noble/Account/src/Resources/js/Pages/SystemSetup/RevenueCategories/Edit.tsx'
    Imported via '@/components/ui/button' from file 'C:/Users/DION-SERVER/Desktop/noble.dion.sy/packages/noble/Account/src/Resources/js/Pages/SystemSetup/RevenueCategories/Index.tsx'
    Imported via '@/components/ui/button' from file 'C:/Users/DION-SERVER/Desktop/noble.dion.sy/packages/noble/Account/src/Resources/js/Pages/VendorPayments/Create.tsx'
    Imported via '@/components/ui/button' from file 'C:/Users/DION-SERVER/Desktop/noble.dion.sy/packages/noble/Account/src/Resources/js/Pages/VendorPayments/Index.tsx'
    Imported via '@/components/ui/button' from file 'C:/Users/DION-SERVER/Desktop/noble.dion.sy/packages/noble/Account/src/Resources/js/Pages/Vendors/Create.tsx'
    Imported via '@/components/ui/button' from file 'C:/Users/DION-SERVER/Desktop/noble.dion.sy/packages/noble/Account/src/Resources/js/Pages/Vendors/Edit.tsx'
    Imported via '@/components/ui/button' from file 'C:/Users/DION-SERVER/Desktop/noble.dion.sy/packages/noble/Account/src/Resources/js/Pages/Vendors/Index.tsx'
    Imported via '@/components/ui/button' from file 'C:/Users/DION-SERVER/Desktop/noble.dion.sy/packages/noble/BudgetPlanner/src/Resources/js/Pages/BudgetAllocations/Create.tsx'
    Imported via '@/components/ui/button' from file 'C:/Users/DION-SERVER/Desktop/noble.dion.sy/packages/noble/BudgetPlanner/src/Resources/js/Pages/BudgetAllocations/Edit.tsx'
    Imported via '@/components/ui/button' from file 'C:/Users/DION-SERVER/Desktop/noble.dion.sy/packages/noble/BudgetPlanner/src/Resources/js/Pages/BudgetAllocations/Index.tsx'
    Imported via '@/components/ui/button' from file 'C:/Users/DION-SERVER/Desktop/noble.dion.sy/packages/noble/BudgetPlanner/src/Resources/js/Pages/BudgetMonitorings/Index.tsx'
    Imported via '@/components/ui/button' from file 'C:/Users/DION-SERVER/Desktop/noble.dion.sy/packages/noble/BudgetPlanner/src/Resources/js/Pages/BudgetPeriods/Create.tsx'
    Imported via '@/components/ui/button' from file 'C:/Users/DION-SERVER/Desktop/noble.dion.sy/packages/noble/BudgetPlanner/src/Resources/js/Pages/BudgetPeriods/Edit.tsx'
    Imported via '@/components/ui/button' from file 'C:/Users/DION-SERVER/Desktop/noble.dion.sy/packages/noble/BudgetPlanner/src/Resources/js/Pages/BudgetPeriods/Index.tsx'
    Imported via '@/components/ui/button' from file 'C:/Users/DION-SERVER/Desktop/noble.dion.sy/packages/noble/BudgetPlanner/src/Resources/js/Pages/Budgets/Create.tsx'
    Imported via '@/components/ui/button' from file 'C:/Users/DION-SERVER/Desktop/noble.dion.sy/packages/noble/BudgetPlanner/src/Resources/js/Pages/Budgets/Edit.tsx'
    Imported via '@/components/ui/button' from file 'C:/Users/DION-SERVER/Desktop/noble.dion.sy/packages/noble/BudgetPlanner/src/Resources/js/Pages/Budgets/Index.tsx'
    Imported via '@/components/ui/button' from file 'C:/Users/DION-SERVER/Desktop/noble.dion.sy/packages/noble/Calendar/src/Resources/js/settings/components/google-calendar-settings.tsx'
    Imported via '@/components/ui/button' from file 'C:/Users/DION-SERVER/Desktop/noble.dion.sy/packages/noble/Contract/src/Resources/js/Pages/ContractTypes/Create.tsx'
    Imported via '@/components/ui/button' from file 'C:/Users/DION-SERVER/Desktop/noble.dion.sy/packages/noble/Contract/src/Resources/js/Pages/ContractTypes/Edit.tsx'
    Imported via '@/components/ui/button' from file 'C:/Users/DION-SERVER/Desktop/noble.dion.sy/packages/noble/Contract/src/Resources/js/Pages/ContractTypes/Index.tsx'
    Imported via '@/components/ui/button' from file 'C:/Users/DION-SERVER/Desktop/noble.dion.sy/packages/noble/Contract/src/Resources/js/Pages/Contracts/Create.tsx'
    Imported via '@/components/ui/button' from file 'C:/Users/DION-SERVER/Desktop/noble.dion.sy/packages/noble/Contract/src/Resources/js/Pages/Contracts/Duplicate.tsx'
    Imported via '@/components/ui/button' from file 'C:/Users/DION-SERVER/Desktop/noble.dion.sy/packages/noble/Contract/src/Resources/js/Pages/Contracts/Edit.tsx'
    Imported via '@/components/ui/button' from file 'C:/Users/DION-SERVER/Desktop/noble.dion.sy/packages/noble/Contract/src/Resources/js/Pages/Contracts/Index.tsx'
    Imported via '@/components/ui/button' from file 'C:/Users/DION-SERVER/Desktop/noble.dion.sy/packages/noble/Contract/src/Resources/js/Pages/Contracts/components/DuplicateButton.tsx'
    Imported via '@/components/ui/button' from file 'C:/Users/DION-SERVER/Desktop/noble.dion.sy/packages/noble/Contract/src/Resources/js/Pages/Contracts/Preview.tsx'
    Imported via '@/components/ui/button' from file 'C:/Users/DION-SERVER/Desktop/noble.dion.sy/packages/noble/Contract/src/Resources/js/Pages/Contracts/Show.tsx'
    Imported via '@/components/ui/button' from file 'C:/Users/DION-SERVER/Desktop/noble.dion.sy/packages/noble/Contract/src/Resources/js/Pages/Contracts/components/AttachmentsTab.tsx'
    Imported via '@/components/ui/button' from file 'C:/Users/DION-SERVER/Desktop/noble.dion.sy/packages/noble/Contract/src/Resources/js/Pages/Contracts/components/CommentsTab.tsx'
    Imported via '@/components/ui/button' from file 'C:/Users/DION-SERVER/Desktop/noble.dion.sy/packages/noble/Contract/src/Resources/js/Pages/Contracts/components/NotesTab.tsx'
    Imported via '@/components/ui/button' from file 'C:/Users/DION-SERVER/Desktop/noble.dion.sy/packages/noble/Contract/src/Resources/js/Pages/Contracts/components/RenewalsTab.tsx'
    Imported via '@/components/ui/button' from file 'C:/Users/DION-SERVER/Desktop/noble.dion.sy/packages/noble/Contract/src/Resources/js/Pages/Contracts/components/SignatureModal.tsx'
    Imported via '@/components/ui/button' from file 'C:/Users/DION-SERVER/Desktop/noble.dion.sy/packages/noble/Contract/src/Resources/js/Pages/Contracts/components/ContractPDFExport.tsx'
    Imported via '@/components/ui/button' from file 'C:/Users/DION-SERVER/Desktop/noble.dion.sy/packages/noble/Contract/src/Resources/js/settings/components/contract-settings.tsx'
    Imported via '@/components/ui/button' from file 'C:/Users/DION-SERVER/Desktop/noble.dion.sy/packages/noble/DoubleEntry/src/Resources/js/Pages/BalanceSheets/Compare.tsx'
    Imported via '@/components/ui/button' from file 'C:/Users/DION-SERVER/Desktop/noble.dion.sy/packages/noble/DoubleEntry/src/Resources/js/Pages/BalanceSheets/Comparison.tsx'
    Imported via '@/components/ui/button' from file 'C:/Users/DION-SERVER/Desktop/noble.dion.sy/packages/noble/DoubleEntry/src/Resources/js/Pages/BalanceSheets/Comparisons.tsx'
    Imported via '@/components/ui/button' from file 'C:/Users/DION-SERVER/Desktop/noble.dion.sy/packages/noble/DoubleEntry/src/Resources/js/Pages/BalanceSheets/Generate.tsx'
    Imported via '@/components/ui/button' from file 'C:/Users/DION-SERVER/Desktop/noble.dion.sy/packages/noble/DoubleEntry/src/Resources/js/Pages/BalanceSheets/Index.tsx'
    Imported via '@/components/ui/button' from file 'C:/Users/DION-SERVER/Desktop/noble.dion.sy/packages/noble/DoubleEntry/src/Resources/js/Pages/BalanceSheets/YearEndClose.tsx'
    Imported via '@/components/ui/button' from file 'C:/Users/DION-SERVER/Desktop/noble.dion.sy/packages/noble/DoubleEntry/src/Resources/js/Pages/BalanceSheets/Note.tsx'
    Imported via '@/components/ui/button' from file 'C:/Users/DION-SERVER/Desktop/noble.dion.sy/packages/noble/DoubleEntry/src/Resources/js/Pages/BalanceSheets/View.tsx'
    Imported via '@/components/ui/button' from file 'C:/Users/DION-SERVER/Desktop/noble.dion.sy/packages/noble/DoubleEntry/src/Resources/js/Pages/LedgerSummary/Index.tsx'
    Imported via '@/components/ui/button' from file 'C:/Users/DION-SERVER/Desktop/noble.dion.sy/packages/noble/DoubleEntry/src/Resources/js/Pages/ProfitLoss/Index.tsx'
    Imported via '@/components/ui/button' from file 'C:/Users/DION-SERVER/Desktop/noble.dion.sy/packages/noble/DoubleEntry/src/Resources/js/Pages/Reports/AccountBalance.tsx'
    Imported via '@/components/ui/button' from file 'C:/Users/DION-SERVER/Desktop/noble.dion.sy/packages/noble/DoubleEntry/src/Resources/js/Pages/Reports/AccountStatement.tsx'
    Imported via '@/components/ui/button' from file 'C:/Users/DION-SERVER/Desktop/noble.dion.sy/packages/noble/DoubleEntry/src/Resources/js/Pages/Reports/CashFlow.tsx'
    Imported via '@/components/ui/button' from file 'C:/Users/DION-SERVER/Desktop/noble.dion.sy/packages/noble/DoubleEntry/src/Resources/js/Pages/Reports/ExpenseReport.tsx'
    Imported via '@/components/ui/button' from file 'C:/Users/DION-SERVER/Desktop/noble.dion.sy/packages/noble/DoubleEntry/src/Resources/js/Pages/Reports/GeneralLedger.tsx'
    Imported via '@/components/ui/button' from file 'C:/Users/DION-SERVER/Desktop/noble.dion.sy/packages/noble/DoubleEntry/src/Resources/js/Pages/Reports/JournalEntry.tsx'
    Imported via '@/components/ui/button' from file 'C:/Users/DION-SERVER/Desktop/noble.dion.sy/packages/noble/DoubleEntry/src/Resources/js/Pages/TrialBalance/Index.tsx'
    Imported via '@/components/ui/button' from file 'C:/Users/DION-SERVER/Desktop/noble.dion.sy/packages/noble/FormBuilder/src/Resources/js/Pages/Forms/Conversion.tsx'
    Imported via '@/components/ui/button' from file 'C:/Users/DION-SERVER/Desktop/noble.dion.sy/packages/noble/FormBuilder/src/Resources/js/components/ConversionSetup.tsx'
    Imported via '@/components/ui/button' from file 'C:/Users/DION-SERVER/Desktop/noble.dion.sy/packages/noble/FormBuilder/src/Resources/js/Pages/Forms/Create.tsx'
    Imported via '@/components/ui/button' from file 'C:/Users/DION-SERVER/Desktop/noble.dion.sy/packages/noble/FormBuilder/src/Resources/js/Pages/Forms/Edit.tsx'
    Imported via '@/components/ui/button' from file 'C:/Users/DION-SERVER/Desktop/noble.dion.sy/packages/noble/FormBuilder/src/Resources/js/Pages/Forms/Index.tsx'
    Imported via '@/components/ui/button' from file 'C:/Users/DION-SERVER/Desktop/noble.dion.sy/packages/noble/FormBuilder/src/Resources/js/Pages/Forms/Responses.tsx'
    Imported via '@/components/ui/button' from file 'C:/Users/DION-SERVER/Desktop/noble.dion.sy/packages/noble/FormBuilder/src/Resources/js/Pages/Public/Form.tsx'
    Imported via '@/components/ui/button' from file 'C:/Users/DION-SERVER/Desktop/noble.dion.sy/packages/noble/Goal/src/Resources/js/Pages/Categories/Create.tsx'
    Imported via '@/components/ui/button' from file 'C:/Users/DION-SERVER/Desktop/noble.dion.sy/packages/noble/Goal/src/Resources/js/Pages/Categories/Edit.tsx'
    Imported via '@/components/ui/button' from file 'C:/Users/DION-SERVER/Desktop/noble.dion.sy/packages/noble/Goal/src/Resources/js/Pages/Categories/Index.tsx'
    Imported via '@/components/ui/button' from file 'C:/Users/DION-SERVER/Desktop/noble.dion.sy/packages/noble/Goal/src/Resources/js/Pages/Contributions/Create.tsx'
    Imported via '@/components/ui/button' from file 'C:/Users/DION-SERVER/Desktop/noble.dion.sy/packages/noble/Goal/src/Resources/js/Pages/Contributions/Edit.tsx'
    Imported via '@/components/ui/button' from file 'C:/Users/DION-SERVER/Desktop/noble.dion.sy/packages/noble/Goal/src/Resources/js/Pages/Contributions/Index.tsx'
    Imported via '@/components/ui/button' from file 'C:/Users/DION-SERVER/Desktop/noble.dion.sy/packages/noble/Goal/src/Resources/js/Pages/Goals/Create.tsx'
    Imported via '@/components/ui/button' from file 'C:/Users/DION-SERVER/Desktop/noble.dion.sy/packages/noble/Goal/src/Resources/js/Pages/Goals/Edit.tsx'
    Imported via '@/components/ui/button' from file 'C:/Users/DION-SERVER/Desktop/noble.dion.sy/packages/noble/Goal/src/Resources/js/Pages/Goals/Index.tsx'
    Imported via '@/components/ui/button' from file 'C:/Users/DION-SERVER/Desktop/noble.dion.sy/packages/noble/Goal/src/Resources/js/Pages/Milestones/Create.tsx'
    Imported via '@/components/ui/button' from file 'C:/Users/DION-SERVER/Desktop/noble.dion.sy/packages/noble/Goal/src/Resources/js/Pages/Milestones/Edit.tsx'
    Imported via '@/components/ui/button' from file 'C:/Users/DION-SERVER/Desktop/noble.dion.sy/packages/noble/Goal/src/Resources/js/Pages/Milestones/Index.tsx'
    Imported via '@/components/ui/button' from file 'C:/Users/DION-SERVER/Desktop/noble.dion.sy/packages/noble/Goal/src/Resources/js/Pages/Tracking/Create.tsx'
    Imported via '@/components/ui/button' from file 'C:/Users/DION-SERVER/Desktop/noble.dion.sy/packages/noble/Goal/src/Resources/js/Pages/Tracking/Edit.tsx'
    Imported via '@/components/ui/button' from file 'C:/Users/DION-SERVER/Desktop/noble.dion.sy/packages/noble/Goal/src/Resources/js/Pages/Tracking/Index.tsx'
    Imported via '@/components/ui/button' from file 'C:/Users/DION-SERVER/Desktop/noble.dion.sy/packages/noble/GoogleCaptcha/src/Resources/js/settings/components/google-captcha-settings.tsx'
    Imported via '@/components/ui/button' from file 'C:/Users/DION-SERVER/Desktop/noble.dion.sy/packages/noble/Hrm/src/Resources/js/Pages/Index.tsx'
    Imported via '@/components/ui/button' from file 'C:/Users/DION-SERVER/Desktop/noble.dion.sy/packages/noble/Hrm/src/Resources/js/Pages/Acknowledgments/Create.tsx'
    Imported via '@/components/ui/button' from file 'C:/Users/DION-SERVER/Desktop/noble.dion.sy/packages/noble/Hrm/src/Resources/js/Pages/Acknowledgments/Edit.tsx'
    Imported via '@/components/ui/button' from file 'C:/Users/DION-SERVER/Desktop/noble.dion.sy/packages/noble/Hrm/src/Resources/js/Pages/Acknowledgments/Index.tsx'
    Imported via '@/components/ui/button' from file 'C:/Users/DION-SERVER/Desktop/noble.dion.sy/packages/noble/Hrm/src/Resources/js/Pages/Acknowledgments/StatusModal.tsx'
    Imported via '@/components/ui/button' from file 'C:/Users/DION-SERVER/Desktop/noble.dion.sy/packages/noble/Hrm/src/Resources/js/Pages/Announcements/Create.tsx'
    Imported via '@/components/ui/button' from file 'C:/Users/DION-SERVER/Desktop/noble.dion.sy/packages/noble/Hrm/src/Resources/js/Pages/Announcements/Edit.tsx'
    Imported via '@/components/ui/button' from file 'C:/Users/DION-SERVER/Desktop/noble.dion.sy/packages/noble/Hrm/src/Resources/js/Pages/Announcements/Index.tsx'
    Imported via '@/components/ui/button' from file 'C:/Users/DION-SERVER/Desktop/noble.dion.sy/packages/noble/Hrm/src/Resources/js/Pages/Announcements/UpdateStatus.tsx'
    Imported via '@/components/ui/button' from file 'C:/Users/DION-SERVER/Desktop/noble.dion.sy/packages/noble/Hrm/src/Resources/js/Pages/Assets/Index.tsx'
    Imported via '@/components/ui/button' from file 'C:/Users/DION-SERVER/Desktop/noble.dion.sy/packages/noble/Hrm/src/Resources/js/Pages/Attendances/Create.tsx'
    Imported via '@/components/ui/button' from file 'C:/Users/DION-SERVER/Desktop/noble.dion.sy/packages/noble/Hrm/src/Resources/js/Pages/Attendances/Edit.tsx'
    Imported via '@/components/ui/button' from file 'C:/Users/DION-SERVER/Desktop/noble.dion.sy/packages/noble/Hrm/src/Resources/js/Pages/Attendances/Index.tsx'
    Imported via '@/components/ui/button' from file 'C:/Users/DION-SERVER/Desktop/noble.dion.sy/packages/noble/Hrm/src/Resources/js/Pages/Awards/Create.tsx'
    Imported via '@/components/ui/button' from file 'C:/Users/DION-SERVER/Desktop/noble.dion.sy/packages/noble/Hrm/src/Resources/js/Pages/Awards/Edit.tsx'
    Imported via '@/components/ui/button' from file 'C:/Users/DION-SERVER/Desktop/noble.dion.sy/packages/noble/Hrm/src/Resources/js/Pages/Awards/Index.tsx'
    Imported via '@/components/ui/button' from file 'C:/Users/DION-SERVER/Desktop/noble.dion.sy/packages/noble/Hrm/src/Resources/js/Pages/Awards/StatusUpdate.tsx'
    Imported via '@/components/ui/button' from file 'C:/Users/DION-SERVER/Desktop/noble.dion.sy/packages/noble/Hrm/src/Resources/js/Pages/BiometricLogs/Index.tsx'
    Imported via '@/components/ui/button' from file 'C:/Users/DION-SERVER/Desktop/noble.dion.sy/packages/noble/Hrm/src/Resources/js/Pages/Complaints/ComplaintStatus.tsx'
    Imported via '@/components/ui/button' from file 'C:/Users/DION-SERVER/Desktop/noble.dion.sy/packages/noble/Hrm/src/Resources/js/Pages/Complaints/Create.tsx'
    Imported via '@/components/ui/button' from file 'C:/Users/DION-SERVER/Desktop/noble.dion.sy/packages/noble/Hrm/src/Resources/js/Pages/Complaints/Edit.tsx'
    Imported via '@/components/ui/button' from file 'C:/Users/DION-SERVER/Desktop/noble.dion.sy/packages/noble/Hrm/src/Resources/js/Pages/Complaints/Index.tsx'
    Imported via '@/components/ui/button' from file 'C:/Users/DION-SERVER/Desktop/noble.dion.sy/packages/noble/Hrm/src/Resources/js/Pages/Contracts/Index.tsx'
    Imported via '@/components/ui/button' from file 'C:/Users/DION-SERVER/Desktop/noble.dion.sy/packages/noble/Hrm/src/Resources/js/Pages/Dashboard/company-dashboard.tsx'
    Imported via '@/components/ui/button' from file 'C:/Users/DION-SERVER/Desktop/noble.dion.sy/packages/noble/Hrm/src/Resources/js/Pages/Dashboard/employee-dashboard.tsx'
    Imported via '@/components/ui/button' from file 'C:/Users/DION-SERVER/Desktop/noble.dion.sy/packages/noble/Hrm/src/Resources/js/Pages/EmployeeTransfers/Create.tsx'
    Imported via '@/components/ui/button' from file 'C:/Users/DION-SERVER/Desktop/noble.dion.sy/packages/noble/Hrm/src/Resources/js/Pages/EmployeeTransfers/Edit.tsx'
    Imported via '@/components/ui/button' from file 'C:/Users/DION-SERVER/Desktop/noble.dion.sy/packages/noble/Hrm/src/Resources/js/Pages/EmployeeTransfers/Index.tsx'
    Imported via '@/components/ui/button' from file 'C:/Users/DION-SERVER/Desktop/noble.dion.sy/packages/noble/Hrm/src/Resources/js/Pages/EmployeeTransfers/View.tsx'
    Imported via '@/components/ui/button' from file 'C:/Users/DION-SERVER/Desktop/noble.dion.sy/packages/noble/Hrm/src/Resources/js/Pages/EmployeeTransfers/StatusModal.tsx'
    Imported via '@/components/ui/button' from file 'C:/Users/DION-SERVER/Desktop/noble.dion.sy/packages/noble/Hrm/src/Resources/js/Pages/Employees/Create.tsx'
    Imported via '@/components/ui/button' from file 'C:/Users/DION-SERVER/Desktop/noble.dion.sy/packages/noble/Hrm/src/Resources/js/Pages/Employees/Edit.tsx'
    Imported via '@/components/ui/button' from file 'C:/Users/DION-SERVER/Desktop/noble.dion.sy/packages/noble/Hrm/src/Resources/js/Pages/Employees/Index.tsx'
    Imported via '@/components/ui/button' from file 'C:/Users/DION-SERVER/Desktop/noble.dion.sy/packages/noble/Hrm/src/Resources/js/Pages/Events/Calendar.tsx'
    Imported via '@/components/ui/button' from file 'C:/Users/DION-SERVER/Desktop/noble.dion.sy/packages/noble/Hrm/src/Resources/js/Pages/Events/Create.tsx'
    Imported via '@/components/ui/button' from file 'C:/Users/DION-SERVER/Desktop/noble.dion.sy/packages/noble/Hrm/src/Resources/js/Pages/Events/Edit.tsx'
    Imported via '@/components/ui/button' from file 'C:/Users/DION-SERVER/Desktop/noble.dion.sy/packages/noble/Hrm/src/Resources/js/Pages/Events/Index.tsx'
    Imported via '@/components/ui/button' from file 'C:/Users/DION-SERVER/Desktop/noble.dion.sy/packages/noble/Hrm/src/Resources/js/Pages/Events/StatusUpdate.tsx'
    Imported via '@/components/ui/button' from file 'C:/Users/DION-SERVER/Desktop/noble.dion.sy/packages/noble/Hrm/src/Resources/js/Pages/FinalSettlement/Index.tsx'
    Imported via '@/components/ui/button' from file 'C:/Users/DION-SERVER/Desktop/noble.dion.sy/packages/noble/Hrm/src/Resources/js/Pages/Holidays/Create.tsx'
    Imported via '@/components/ui/button' from file 'C:/Users/DION-SERVER/Desktop/noble.dion.sy/packages/noble/Hrm/src/Resources/js/Pages/Holidays/Edit.tsx'
    Imported via '@/components/ui/button' from file 'C:/Users/DION-SERVER/Desktop/noble.dion.sy/packages/noble/Hrm/src/Resources/js/Pages/Holidays/Index.tsx'
    Imported via '@/components/ui/button' from file 'C:/Users/DION-SERVER/Desktop/noble.dion.sy/packages/noble/Hrm/src/Resources/js/Pages/HrmDocuments/Action.tsx'
    Imported via '@/components/ui/button' from file 'C:/Users/DION-SERVER/Desktop/noble.dion.sy/packages/noble/Hrm/src/Resources/js/Pages/HrmDocuments/Create.tsx'
    Imported via '@/components/ui/button' from file 'C:/Users/DION-SERVER/Desktop/noble.dion.sy/packages/noble/Hrm/src/Resources/js/Pages/HrmDocuments/Edit.tsx'
    Imported via '@/components/ui/button' from file 'C:/Users/DION-SERVER/Desktop/noble.dion.sy/packages/noble/Hrm/src/Resources/js/Pages/HrmDocuments/Index.tsx'
    Imported via '@/components/ui/button' from file 'C:/Users/DION-SERVER/Desktop/noble.dion.sy/packages/noble/Hrm/src/Resources/js/Pages/LeaveApplications/Create.tsx'
    Imported via '@/components/ui/button' from file 'C:/Users/DION-SERVER/Desktop/noble.dion.sy/packages/noble/Hrm/src/Resources/js/Pages/LeaveApplications/Edit.tsx'
    Imported via '@/components/ui/button' from file 'C:/Users/DION-SERVER/Desktop/noble.dion.sy/packages/noble/Hrm/src/Resources/js/Pages/LeaveApplications/Index.tsx'
    Imported via '@/components/ui/button' from file 'C:/Users/DION-SERVER/Desktop/noble.dion.sy/packages/noble/Hrm/src/Resources/js/Pages/LeaveApplications/StatusUpdate.tsx'
    Imported via '@/components/ui/button' from file 'C:/Users/DION-SERVER/Desktop/noble.dion.sy/packages/noble/Hrm/src/Resources/js/Pages/LeaveApplications/Timeline.tsx'
    Imported via '@/components/ui/button' from file 'C:/Users/DION-SERVER/Desktop/noble.dion.sy/packages/noble/Hrm/src/Resources/js/Pages/LeaveTypes/Create.tsx'
    Imported via '@/components/ui/button' from file 'C:/Users/DION-SERVER/Desktop/noble.dion.sy/packages/noble/Hrm/src/Resources/js/Pages/LeaveTypes/Edit.tsx'
    Imported via '@/components/ui/button' from file 'C:/Users/DION-SERVER/Desktop/noble.dion.sy/packages/noble/Hrm/src/Resources/js/Pages/LeaveTypes/Index.tsx'
    Imported via '@/components/ui/button' from file 'C:/Users/DION-SERVER/Desktop/noble.dion.sy/packages/noble/Hrm/src/Resources/js/Pages/Onboarding/Index.tsx'
    Imported via '@/components/ui/button' from file 'C:/Users/DION-SERVER/Desktop/noble.dion.sy/packages/noble/Hrm/src/Resources/js/Pages/OrgChart/Index.tsx'
    Imported via '@/components/ui/button' from file 'C:/Users/DION-SERVER/Desktop/noble.dion.sy/packages/noble/Hrm/src/Resources/js/Pages/Payrolls/Create.tsx'
    Imported via '@/components/ui/button' from file 'C:/Users/DION-SERVER/Desktop/noble.dion.sy/packages/noble/Hrm/src/Resources/js/Pages/Payrolls/Edit.tsx'
    Imported via '@/components/ui/button' from file 'C:/Users/DION-SERVER/Desktop/noble.dion.sy/packages/noble/Hrm/src/Resources/js/Pages/Payrolls/Index.tsx'
    Imported via '@/components/ui/button' from file 'C:/Users/DION-SERVER/Desktop/noble.dion.sy/packages/noble/Hrm/src/Resources/js/Pages/Payrolls/Show.tsx'
    Imported via '@/components/ui/button' from file 'C:/Users/DION-SERVER/Desktop/noble.dion.sy/packages/noble/Hrm/src/Resources/js/Pages/Promotions/Create.tsx'
    Imported via '@/components/ui/button' from file 'C:/Users/DION-SERVER/Desktop/noble.dion.sy/packages/noble/Hrm/src/Resources/js/Pages/Promotions/Edit.tsx'
    Imported via '@/components/ui/button' from file 'C:/Users/DION-SERVER/Desktop/noble.dion.sy/packages/noble/Hrm/src/Resources/js/Pages/Promotions/Index.tsx'
    Imported via '@/components/ui/button' from file 'C:/Users/DION-SERVER/Desktop/noble.dion.sy/packages/noble/Hrm/src/Resources/js/Pages/Promotions/View.tsx'
    Imported via '@/components/ui/button' from file 'C:/Users/DION-SERVER/Desktop/noble.dion.sy/packages/noble/Hrm/src/Resources/js/Pages/Promotions/StatusUpdateModal.tsx'
    Imported via '@/components/ui/button' from file 'C:/Users/DION-SERVER/Desktop/noble.dion.sy/packages/noble/Hrm/src/Resources/js/Pages/Resignations/Create.tsx'
    Imported via '@/components/ui/button' from file 'C:/Users/DION-SERVER/Desktop/noble.dion.sy/packages/noble/Hrm/src/Resources/js/Pages/Resignations/Edit.tsx'
    Imported via '@/components/ui/button' from file 'C:/Users/DION-SERVER/Desktop/noble.dion.sy/packages/noble/Hrm/src/Resources/js/Pages/Resignations/Index.tsx'
    Imported via '@/components/ui/button' from file 'C:/Users/DION-SERVER/Desktop/noble.dion.sy/packages/noble/Hrm/src/Resources/js/Pages/Resignations/StatusUpdate.tsx'
    Imported via '@/components/ui/button' from file 'C:/Users/DION-SERVER/Desktop/noble.dion.sy/packages/noble/Hrm/src/Resources/js/Pages/Resignations/View.tsx'
    Imported via '@/components/ui/button' from file 'C:/Users/DION-SERVER/Desktop/noble.dion.sy/packages/noble/Hrm/src/Resources/js/Pages/Resignations/ResignationStatusModal.tsx'
    Imported via '@/components/ui/button' from file 'C:/Users/DION-SERVER/Desktop/noble.dion.sy/packages/noble/Hrm/src/Resources/js/Pages/SetSalary/Index.tsx'
    Imported via '@/components/ui/button' from file 'C:/Users/DION-SERVER/Desktop/noble.dion.sy/packages/noble/Hrm/src/Resources/js/Pages/SetSalary/Show.tsx'
    Imported via '@/components/ui/button' from file 'C:/Users/DION-SERVER/Desktop/noble.dion.sy/packages/noble/Hrm/src/Resources/js/Pages/SetSalary/Allowances/Create.tsx'
    Imported via '@/components/ui/button' from file 'C:/Users/DION-SERVER/Desktop/noble.dion.sy/packages/noble/Hrm/src/Resources/js/Pages/SetSalary/Allowances/Edit.tsx'
    Imported via '@/components/ui/button' from file 'C:/Users/DION-SERVER/Desktop/noble.dion.sy/packages/noble/Hrm/src/Resources/js/Pages/SetSalary/Deductions/Create.tsx'
    Imported via '@/components/ui/button' from file 'C:/Users/DION-SERVER/Desktop/noble.dion.sy/packages/noble/Hrm/src/Resources/js/Pages/SetSalary/Deductions/Edit.tsx'
    Imported via '@/components/ui/button' from file 'C:/Users/DION-SERVER/Desktop/noble.dion.sy/packages/noble/Hrm/src/Resources/js/Pages/SetSalary/Loans/Create.tsx'
    Imported via '@/components/ui/button' from file 'C:/Users/DION-SERVER/Desktop/noble.dion.sy/packages/noble/Hrm/src/Resources/js/Pages/SetSalary/Loans/Edit.tsx'
    Imported via '@/components/ui/button' from file 'C:/Users/DION-SERVER/Desktop/noble.dion.sy/packages/noble/Hrm/src/Resources/js/Pages/SetSalary/Loans/StatusUpdate.tsx'
    Imported via '@/components/ui/button' from file 'C:/Users/DION-SERVER/Desktop/noble.dion.sy/packages/noble/Hrm/src/Resources/js/Pages/SetSalary/Overtimes/Create.tsx'
    Imported via '@/components/ui/button' from file 'C:/Users/DION-SERVER/Desktop/noble.dion.sy/packages/noble/Hrm/src/Resources/js/Pages/SetSalary/Overtimes/Edit.tsx'
    Imported via '@/components/ui/button' from file 'C:/Users/DION-SERVER/Desktop/noble.dion.sy/packages/noble/Hrm/src/Resources/js/Pages/Shifts/Create.tsx'
    Imported via '@/components/ui/button' from file 'C:/Users/DION-SERVER/Desktop/noble.dion.sy/packages/noble/Hrm/src/Resources/js/Pages/Shifts/Edit.tsx'
    Imported via '@/components/ui/button' from file 'C:/Users/DION-SERVER/Desktop/noble.dion.sy/packages/noble/Hrm/src/Resources/js/Pages/Shifts/Index.tsx'
    Imported via '@/components/ui/button' from file 'C:/Users/DION-SERVER/Desktop/noble.dion.sy/packages/noble/Hrm/src/Resources/js/Pages/Shifts/Scheduler.tsx'
    Imported via '@/components/ui/button' from file 'C:/Users/DION-SERVER/Desktop/noble.dion.sy/packages/noble/Hrm/src/Resources/js/Pages/SystemSetup/SystemSetupSidebar.tsx'
    Imported via '@/components/ui/button' from file 'C:/Users/DION-SERVER/Desktop/noble.dion.sy/packages/noble/Hrm/src/Resources/js/Pages/SystemSetup/AllowanceTypes/Create.tsx'
    Imported via '@/components/ui/button' from file 'C:/Users/DION-SERVER/Desktop/noble.dion.sy/packages/noble/Hrm/src/Resources/js/Pages/SystemSetup/AllowanceTypes/Edit.tsx'
    Imported via '@/components/ui/button' from file 'C:/Users/DION-SERVER/Desktop/noble.dion.sy/packages/noble/Hrm/src/Resources/js/Pages/SystemSetup/AllowanceTypes/Index.tsx'
    Imported via '@/components/ui/button' from file 'C:/Users/DION-SERVER/Desktop/noble.dion.sy/packages/noble/Hrm/src/Resources/js/Pages/SystemSetup/AnnouncementCategories/Create.tsx'
    Imported via '@/components/ui/button' from file 'C:/Users/DION-SERVER/Desktop/noble.dion.sy/packages/noble/Hrm/src/Resources/js/Pages/SystemSetup/AnnouncementCategories/Edit.tsx'
    Imported via '@/components/ui/button' from file 'C:/Users/DION-SERVER/Desktop/noble.dion.sy/packages/noble/Hrm/src/Resources/js/Pages/SystemSetup/AnnouncementCategories/Index.tsx'
    Imported via '@/components/ui/button' from file 'C:/Users/DION-SERVER/Desktop/noble.dion.sy/packages/noble/Hrm/src/Resources/js/Pages/SystemSetup/AwardTypes/Create.tsx'
    Imported via '@/components/ui/button' from file 'C:/Users/DION-SERVER/Desktop/noble.dion.sy/packages/noble/Hrm/src/Resources/js/Pages/SystemSetup/AwardTypes/Edit.tsx'
    Imported via '@/components/ui/button' from file 'C:/Users/DION-SERVER/Desktop/noble.dion.sy/packages/noble/Hrm/src/Resources/js/Pages/SystemSetup/AwardTypes/Index.tsx'
    Imported via '@/components/ui/button' from file 'C:/Users/DION-SERVER/Desktop/noble.dion.sy/packages/noble/Hrm/src/Resources/js/Pages/SystemSetup/Branches/Create.tsx'
    Imported via '@/components/ui/button' from file 'C:/Users/DION-SERVER/Desktop/noble.dion.sy/packages/noble/Hrm/src/Resources/js/Pages/SystemSetup/Branches/Edit.tsx'
    Imported via '@/components/ui/button' from file 'C:/Users/DION-SERVER/Desktop/noble.dion.sy/packages/noble/Hrm/src/Resources/js/Pages/SystemSetup/Branches/Index.tsx'
    Imported via '@/components/ui/button' from file 'C:/Users/DION-SERVER/Desktop/noble.dion.sy/packages/noble/Hrm/src/Resources/js/Pages/SystemSetup/ComplaintTypes/Create.tsx'
    Imported via '@/components/ui/button' from file 'C:/Users/DION-SERVER/Desktop/noble.dion.sy/packages/noble/Hrm/src/Resources/js/Pages/SystemSetup/ComplaintTypes/Edit.tsx'
    Imported via '@/components/ui/button' from file 'C:/Users/DION-SERVER/Desktop/noble.dion.sy/packages/noble/Hrm/src/Resources/js/Pages/SystemSetup/ComplaintTypes/Index.tsx'
    Imported via '@/components/ui/button' from file 'C:/Users/DION-SERVER/Desktop/noble.dion.sy/packages/noble/Hrm/src/Resources/js/Pages/SystemSetup/DeductionTypes/Create.tsx'
    Imported via '@/components/ui/button' from file 'C:/Users/DION-SERVER/Desktop/noble.dion.sy/packages/noble/Hrm/src/Resources/js/Pages/SystemSetup/DeductionTypes/Edit.tsx'
    Imported via '@/components/ui/button' from file 'C:/Users/DION-SERVER/Desktop/noble.dion.sy/packages/noble/Hrm/src/Resources/js/Pages/SystemSetup/DeductionTypes/Index.tsx'
    Imported via '@/components/ui/button' from file 'C:/Users/DION-SERVER/Desktop/noble.dion.sy/packages/noble/Hrm/src/Resources/js/Pages/SystemSetup/Departments/Create.tsx'
    Imported via '@/components/ui/button' from file 'C:/Users/DION-SERVER/Desktop/noble.dion.sy/packages/noble/Hrm/src/Resources/js/Pages/SystemSetup/Departments/Edit.tsx'
    Imported via '@/components/ui/button' from file 'C:/Users/DION-SERVER/Desktop/noble.dion.sy/packages/noble/Hrm/src/Resources/js/Pages/SystemSetup/Departments/Index.tsx'
    Imported via '@/components/ui/button' from file 'C:/Users/DION-SERVER/Desktop/noble.dion.sy/packages/noble/Hrm/src/Resources/js/Pages/SystemSetup/Designations/Create.tsx'
    Imported via '@/components/ui/button' from file 'C:/Users/DION-SERVER/Desktop/noble.dion.sy/packages/noble/Hrm/src/Resources/js/Pages/SystemSetup/Designations/Edit.tsx'
    Imported via '@/components/ui/button' from file 'C:/Users/DION-SERVER/Desktop/noble.dion.sy/packages/noble/Hrm/src/Resources/js/Pages/SystemSetup/Designations/Index.tsx'
    Imported via '@/components/ui/button' from file 'C:/Users/DION-SERVER/Desktop/noble.dion.sy/packages/noble/Hrm/src/Resources/js/Pages/SystemSetup/DocumentCategories/Create.tsx'
    Imported via '@/components/ui/button' from file 'C:/Users/DION-SERVER/Desktop/noble.dion.sy/packages/noble/Hrm/src/Resources/js/Pages/SystemSetup/DocumentCategories/Edit.tsx'
    Imported via '@/components/ui/button' from file 'C:/Users/DION-SERVER/Desktop/noble.dion.sy/packages/noble/Hrm/src/Resources/js/Pages/SystemSetup/DocumentCategories/Index.tsx'
    Imported via '@/components/ui/button' from file 'C:/Users/DION-SERVER/Desktop/noble.dion.sy/packages/noble/Hrm/src/Resources/js/Pages/SystemSetup/EmployeeDocumentTypes/Create.tsx'
    Imported via '@/components/ui/button' from file 'C:/Users/DION-SERVER/Desktop/noble.dion.sy/packages/noble/Hrm/src/Resources/js/Pages/SystemSetup/EmployeeDocumentTypes/Edit.tsx'
    Imported via '@/components/ui/button' from file 'C:/Users/DION-SERVER/Desktop/noble.dion.sy/packages/noble/Hrm/src/Resources/js/Pages/SystemSetup/EmployeeDocumentTypes/Index.tsx'
    Imported via '@/components/ui/button' from file 'C:/Users/DION-SERVER/Desktop/noble.dion.sy/packages/noble/Hrm/src/Resources/js/Pages/SystemSetup/EventTypes/Create.tsx'
    Imported via '@/components/ui/button' from file 'C:/Users/DION-SERVER/Desktop/noble.dion.sy/packages/noble/Hrm/src/Resources/js/Pages/SystemSetup/EventTypes/Edit.tsx'
    Imported via '@/components/ui/button' from file 'C:/Users/DION-SERVER/Desktop/noble.dion.sy/packages/noble/Hrm/src/Resources/js/Pages/SystemSetup/EventTypes/Index.tsx'
    Imported via '@/components/ui/button' from file 'C:/Users/DION-SERVER/Desktop/noble.dion.sy/packages/noble/Hrm/src/Resources/js/Pages/SystemSetup/HolidayTypes/Create.tsx'
    Imported via '@/components/ui/button' from file 'C:/Users/DION-SERVER/Desktop/noble.dion.sy/packages/noble/Hrm/src/Resources/js/Pages/SystemSetup/HolidayTypes/Edit.tsx'
    Imported via '@/components/ui/button' from file 'C:/Users/DION-SERVER/Desktop/noble.dion.sy/packages/noble/Hrm/src/Resources/js/Pages/SystemSetup/HolidayTypes/Index.tsx'
    Imported via '@/components/ui/button' from file 'C:/Users/DION-SERVER/Desktop/noble.dion.sy/packages/noble/Hrm/src/Resources/js/Pages/SystemSetup/IpRestricts/Create.tsx'
    Imported via '@/components/ui/button' from file 'C:/Users/DION-SERVER/Desktop/noble.dion.sy/packages/noble/Hrm/src/Resources/js/Pages/SystemSetup/IpRestricts/Edit.tsx'
    Imported via '@/components/ui/button' from file 'C:/Users/DION-SERVER/Desktop/noble.dion.sy/packages/noble/Hrm/src/Resources/js/Pages/SystemSetup/IpRestricts/Index.tsx'
    Imported via '@/components/ui/button' from file 'C:/Users/DION-SERVER/Desktop/noble.dion.sy/packages/noble/Hrm/src/Resources/js/Pages/SystemSetup/LoanTypes/Create.tsx'
    Imported via '@/components/ui/button' from file 'C:/Users/DION-SERVER/Desktop/noble.dion.sy/packages/noble/Hrm/src/Resources/js/Pages/SystemSetup/LoanTypes/Edit.tsx'
    Imported via '@/components/ui/button' from file 'C:/Users/DION-SERVER/Desktop/noble.dion.sy/packages/noble/Hrm/src/Resources/js/Pages/SystemSetup/LoanTypes/Index.tsx'
    Imported via '@/components/ui/button' from file 'C:/Users/DION-SERVER/Desktop/noble.dion.sy/packages/noble/Hrm/src/Resources/js/Pages/SystemSetup/TerminationTypes/Create.tsx'
    Imported via '@/components/ui/button' from file 'C:/Users/DION-SERVER/Desktop/noble.dion.sy/packages/noble/Hrm/src/Resources/js/Pages/SystemSetup/TerminationTypes/Edit.tsx'
    Imported via '@/components/ui/button' from file 'C:/Users/DION-SERVER/Desktop/noble.dion.sy/packages/noble/Hrm/src/Resources/js/Pages/SystemSetup/TerminationTypes/Index.tsx'
    Imported via '@/components/ui/button' from file 'C:/Users/DION-SERVER/Desktop/noble.dion.sy/packages/noble/Hrm/src/Resources/js/Pages/SystemSetup/ViolationTypes/Index.tsx'
    Imported via '@/components/ui/button' from file 'C:/Users/DION-SERVER/Desktop/noble.dion.sy/packages/noble/Hrm/src/Resources/js/Pages/SystemSetup/WarningTypes/Create.tsx'
    Imported via '@/components/ui/button' from file 'C:/Users/DION-SERVER/Desktop/noble.dion.sy/packages/noble/Hrm/src/Resources/js/Pages/SystemSetup/WarningTypes/Edit.tsx'
    Imported via '@/components/ui/button' from file 'C:/Users/DION-SERVER/Desktop/noble.dion.sy/packages/noble/Hrm/src/Resources/js/Pages/SystemSetup/WarningTypes/Index.tsx'
    Imported via '@/components/ui/button' from file 'C:/Users/DION-SERVER/Desktop/noble.dion.sy/packages/noble/Hrm/src/Resources/js/Pages/SystemSetup/WorkingDays/Index.tsx'
    Imported via '@/components/ui/button' from file 'C:/Users/DION-SERVER/Desktop/noble.dion.sy/packages/noble/Hrm/src/Resources/js/Pages/Terminations/Create.tsx'
    Imported via '@/components/ui/button' from file 'C:/Users/DION-SERVER/Desktop/noble.dion.sy/packages/noble/Hrm/src/Resources/js/Pages/Terminations/Edit.tsx'
    Imported via '@/components/ui/button' from file 'C:/Users/DION-SERVER/Desktop/noble.dion.sy/packages/noble/Hrm/src/Resources/js/Pages/Terminations/Index.tsx'
    Imported via '@/components/ui/button' from file 'C:/Users/DION-SERVER/Desktop/noble.dion.sy/packages/noble/Hrm/src/Resources/js/Pages/Terminations/TerminationStatusModal.tsx'
    Imported via '@/components/ui/button' from file 'C:/Users/DION-SERVER/Desktop/noble.dion.sy/packages/noble/Hrm/src/Resources/js/Pages/Terminations/View.tsx'
    Imported via '@/components/ui/button' from file 'C:/Users/DION-SERVER/Desktop/noble.dion.sy/packages/noble/Hrm/src/Resources/js/Pages/VacationSettlement/Index.tsx'
    Imported via '@/components/ui/button' from file 'C:/Users/DION-SERVER/Desktop/noble.dion.sy/packages/noble/Hrm/src/Resources/js/Pages/Violations/Index.tsx'
    Imported via '@/components/ui/button' from file 'C:/Users/DION-SERVER/Desktop/noble.dion.sy/packages/noble/Hrm/src/Resources/js/Pages/Warnings/Create.tsx'
    Imported via '@/components/ui/button' from file 'C:/Users/DION-SERVER/Desktop/noble.dion.sy/packages/noble/Hrm/src/Resources/js/Pages/Warnings/Edit.tsx'
    Imported via '@/components/ui/button' from file 'C:/Users/DION-SERVER/Desktop/noble.dion.sy/packages/noble/Hrm/src/Resources/js/Pages/Warnings/Index.tsx'
    Imported via '@/components/ui/button' from file 'C:/Users/DION-SERVER/Desktop/noble.dion.sy/packages/noble/Hrm/src/Resources/js/Pages/Warnings/Response.tsx'
    Imported via '@/components/ui/button' from file 'C:/Users/DION-SERVER/Desktop/noble.dion.sy/packages/noble/LandingPage/src/Resources/js/Pages/components/AddonCard.tsx'
    Imported via '@/components/ui/button' from file 'C:/Users/DION-SERVER/Desktop/noble.dion.sy/packages/noble/LandingPage/src/Resources/js/Pages/Settings.tsx'
    Imported via '@/components/ui/button' from file 'C:/Users/DION-SERVER/Desktop/noble.dion.sy/packages/noble/LandingPage/src/Resources/js/Pages/components/settings/CTA.tsx'
    Imported via '@/components/ui/button' from file 'C:/Users/DION-SERVER/Desktop/noble.dion.sy/packages/noble/LandingPage/src/Resources/js/Pages/components/settings/Footer.tsx'
    Imported via '@/components/ui/button' from file 'C:/Users/DION-SERVER/Desktop/noble.dion.sy/packages/noble/LandingPage/src/Resources/js/Pages/CustomPages/Create.tsx'
    Imported via '@/components/ui/button' from file 'C:/Users/DION-SERVER/Desktop/noble.dion.sy/packages/noble/LandingPage/src/Resources/js/Pages/CustomPages/Edit.tsx'
    Imported via '@/components/ui/button' from file 'C:/Users/DION-SERVER/Desktop/noble.dion.sy/packages/noble/LandingPage/src/Resources/js/Pages/CustomPages/Index.tsx'
    Imported via '@/components/ui/button' from file 'C:/Users/DION-SERVER/Desktop/noble.dion.sy/packages/noble/LandingPage/src/Resources/js/Pages/NewsletterSubscribers/Index.tsx'
    Imported via '@/components/ui/button' from file 'C:/Users/DION-SERVER/Desktop/noble.dion.sy/packages/noble/LandingPage/src/Resources/js/Pages/marketplace/Settings.tsx'
    Imported via '@/components/ui/button' from file 'C:/Users/DION-SERVER/Desktop/noble.dion.sy/packages/noble/Lead/src/Resources/js/Pages/Dashboard/CompanyDashboard.tsx'
    Imported via '@/components/ui/button' from file 'C:/Users/DION-SERVER/Desktop/noble.dion.sy/packages/noble/Lead/src/Resources/js/Pages/Deals/Create.tsx'
    Imported via '@/components/ui/button' from file 'C:/Users/DION-SERVER/Desktop/noble.dion.sy/packages/noble/Lead/src/Resources/js/Pages/Deals/Edit.tsx'
    Imported via '@/components/ui/button' from file 'C:/Users/DION-SERVER/Desktop/noble.dion.sy/packages/noble/Lead/src/Resources/js/Pages/Deals/Index.tsx'
    Imported via '@/components/ui/button' from file 'C:/Users/DION-SERVER/Desktop/noble.dion.sy/packages/noble/Lead/src/Resources/js/Pages/Deals/View.tsx'
    Imported via '@/components/ui/button' from file 'C:/Users/DION-SERVER/Desktop/noble.dion.sy/packages/noble/Lead/src/Resources/js/Pages/Deals/LabelView.tsx'
    Imported via '@/components/ui/button' from file 'C:/Users/DION-SERVER/Desktop/noble.dion.sy/packages/noble/Lead/src/Resources/js/Pages/Deals/Show.tsx'
    Imported via '@/components/ui/button' from file 'C:/Users/DION-SERVER/Desktop/noble.dion.sy/packages/noble/Lead/src/Resources/js/Pages/Deals/Show/DealShowSidebar.tsx'
    Imported via '@/components/ui/button' from file 'C:/Users/DION-SERVER/Desktop/noble.dion.sy/packages/noble/Lead/src/Resources/js/Pages/Deals/Show/General.tsx'
    Imported via '@/components/ui/button' from file 'C:/Users/DION-SERVER/Desktop/noble.dion.sy/packages/noble/Lead/src/Resources/js/Pages/Deals/Show/Tasks.tsx'
    Imported via '@/components/ui/button' from file 'C:/Users/DION-SERVER/Desktop/noble.dion.sy/packages/noble/Lead/src/Resources/js/Pages/Deals/Show/Users.tsx'
    Imported via '@/components/ui/button' from file 'C:/Users/DION-SERVER/Desktop/noble.dion.sy/packages/noble/Lead/src/Resources/js/Pages/Deals/Show/Products.tsx'
    Imported via '@/components/ui/button' from file 'C:/Users/DION-SERVER/Desktop/noble.dion.sy/packages/noble/Lead/src/Resources/js/Pages/Deals/Show/Sources.tsx'
    Imported via '@/components/ui/button' from file 'C:/Users/DION-SERVER/Desktop/noble.dion.sy/packages/noble/Lead/src/Resources/js/Pages/Deals/Show/Files.tsx'
    Imported via '@/components/ui/button' from file 'C:/Users/DION-SERVER/Desktop/noble.dion.sy/packages/noble/Lead/src/Resources/js/Pages/Deals/Show/Calls.tsx'
    Imported via '@/components/ui/button' from file 'C:/Users/DION-SERVER/Desktop/noble.dion.sy/packages/noble/Lead/src/Resources/js/Pages/Deals/Show/Clients.tsx'
    Imported via '@/components/ui/button' from file 'C:/Users/DION-SERVER/Desktop/noble.dion.sy/packages/noble/Lead/src/Resources/js/Pages/Deals/Show/Discussions.tsx'
    Imported via '@/components/ui/button' from file 'C:/Users/DION-SERVER/Desktop/noble.dion.sy/packages/noble/Lead/src/Resources/js/Pages/Deals/Show/Emails.tsx'
    Imported via '@/components/ui/button' from file 'C:/Users/DION-SERVER/Desktop/noble.dion.sy/packages/noble/Lead/src/Resources/js/Pages/Leads/Create.tsx'
    Imported via '@/components/ui/button' from file 'C:/Users/DION-SERVER/Desktop/noble.dion.sy/packages/noble/Lead/src/Resources/js/Pages/Leads/Edit.tsx'
    Imported via '@/components/ui/button' from file 'C:/Users/DION-SERVER/Desktop/noble.dion.sy/packages/noble/Lead/src/Resources/js/Pages/Leads/Index.tsx'
    Imported via '@/components/ui/button' from file 'C:/Users/DION-SERVER/Desktop/noble.dion.sy/packages/noble/Lead/src/Resources/js/Pages/Leads/LabelView.tsx'
    Imported via '@/components/ui/button' from file 'C:/Users/DION-SERVER/Desktop/noble.dion.sy/packages/noble/Lead/src/Resources/js/Pages/Leads/Show/Index.tsx'
    Imported via '@/components/ui/button' from file 'C:/Users/DION-SERVER/Desktop/noble.dion.sy/packages/noble/Lead/src/Resources/js/Pages/Leads/Show/LeadSidebar.tsx'
    Imported via '@/components/ui/button' from file 'C:/Users/DION-SERVER/Desktop/noble.dion.sy/packages/noble/Lead/src/Resources/js/Pages/Leads/Show/General.tsx'
    Imported via '@/components/ui/button' from file 'C:/Users/DION-SERVER/Desktop/noble.dion.sy/packages/noble/Lead/src/Resources/js/Pages/Leads/Show/Tasks.tsx'
    Imported via '@/components/ui/button' from file 'C:/Users/DION-SERVER/Desktop/noble.dion.sy/packages/noble/Lead/src/Resources/js/Pages/Leads/Show/Users.tsx'
    Imported via '@/components/ui/button' from file 'C:/Users/DION-SERVER/Desktop/noble.dion.sy/packages/noble/Lead/src/Resources/js/Pages/Leads/Show/Products.tsx'
    Imported via '@/components/ui/button' from file 'C:/Users/DION-SERVER/Desktop/noble.dion.sy/packages/noble/Lead/src/Resources/js/Pages/Leads/Show/Sources.tsx'
    Imported via '@/components/ui/button' from file 'C:/Users/DION-SERVER/Desktop/noble.dion.sy/packages/noble/Lead/src/Resources/js/Pages/Leads/Show/Calls.tsx'
    Imported via '@/components/ui/button' from file 'C:/Users/DION-SERVER/Desktop/noble.dion.sy/packages/noble/Lead/src/Resources/js/Pages/Leads/Show/Files.tsx'
    Imported via '@/components/ui/button' from file 'C:/Users/DION-SERVER/Desktop/noble.dion.sy/packages/noble/Lead/src/Resources/js/Pages/Leads/Show/ConvertToDeal.tsx'
    Imported via '@/components/ui/button' from file 'C:/Users/DION-SERVER/Desktop/noble.dion.sy/packages/noble/Lead/src/Resources/js/Pages/Leads/Show/Discussions.tsx'
    Imported via '@/components/ui/button' from file 'C:/Users/DION-SERVER/Desktop/noble.dion.sy/packages/noble/Lead/src/Resources/js/Pages/Leads/Show/Emails.tsx'
    Imported via '@/components/ui/button' from file 'C:/Users/DION-SERVER/Desktop/noble.dion.sy/packages/noble/Lead/src/Resources/js/Pages/Reports/DealReports.tsx'
    Imported via '@/components/ui/button' from file 'C:/Users/DION-SERVER/Desktop/noble.dion.sy/packages/noble/Lead/src/Resources/js/Pages/Reports/Index.tsx'
    Imported via '@/components/ui/button' from file 'C:/Users/DION-SERVER/Desktop/noble.dion.sy/packages/noble/Lead/src/Resources/js/Pages/Reports/LeadReports.tsx'
    Imported via '@/components/ui/button' from file 'C:/Users/DION-SERVER/Desktop/noble.dion.sy/packages/noble/Lead/src/Resources/js/Pages/SystemSetup/SystemSetupSidebar.tsx'
    Imported via '@/components/ui/button' from file 'C:/Users/DION-SERVER/Desktop/noble.dion.sy/packages/noble/Lead/src/Resources/js/Pages/SystemSetup/DealStages/Create.tsx'
    Imported via '@/components/ui/button' from file 'C:/Users/DION-SERVER/Desktop/noble.dion.sy/packages/noble/Lead/src/Resources/js/Pages/SystemSetup/DealStages/Edit.tsx'
    Imported via '@/components/ui/button' from file 'C:/Users/DION-SERVER/Desktop/noble.dion.sy/packages/noble/Lead/src/Resources/js/Pages/SystemSetup/DealStages/Index.tsx'
    Imported via '@/components/ui/button' from file 'C:/Users/DION-SERVER/Desktop/noble.dion.sy/packages/noble/Lead/src/Resources/js/Pages/SystemSetup/Labels/Create.tsx'
    Imported via '@/components/ui/button' from file 'C:/Users/DION-SERVER/Desktop/noble.dion.sy/packages/noble/Lead/src/Resources/js/Pages/SystemSetup/Labels/Edit.tsx'
    Imported via '@/components/ui/button' from file 'C:/Users/DION-SERVER/Desktop/noble.dion.sy/packages/noble/Lead/src/Resources/js/Pages/SystemSetup/Labels/Index.tsx'
    Imported via '@/components/ui/button' from file 'C:/Users/DION-SERVER/Desktop/noble.dion.sy/packages/noble/Lead/src/Resources/js/Pages/SystemSetup/LeadStages/Create.tsx'
    Imported via '@/components/ui/button' from file 'C:/Users/DION-SERVER/Desktop/noble.dion.sy/packages/noble/Lead/src/Resources/js/Pages/SystemSetup/LeadStages/Edit.tsx'
    Imported via '@/components/ui/button' from file 'C:/Users/DION-SERVER/Desktop/noble.dion.sy/packages/noble/Lead/src/Resources/js/Pages/SystemSetup/LeadStages/Index.tsx'
    Imported via '@/components/ui/button' from file 'C:/Users/DION-SERVER/Desktop/noble.dion.sy/packages/noble/Lead/src/Resources/js/Pages/SystemSetup/Pipelines/Create.tsx'
    Imported via '@/components/ui/button' from file 'C:/Users/DION-SERVER/Desktop/noble.dion.sy/packages/noble/Lead/src/Resources/js/Pages/SystemSetup/Pipelines/Edit.tsx'
    Imported via '@/components/ui/button' from file 'C:/Users/DION-SERVER/Desktop/noble.dion.sy/packages/noble/Lead/src/Resources/js/Pages/SystemSetup/Pipelines/Index.tsx'
    Imported via '@/components/ui/button' from file 'C:/Users/DION-SERVER/Desktop/noble.dion.sy/packages/noble/Lead/src/Resources/js/Pages/SystemSetup/Sources/Create.tsx'
    Imported via '@/components/ui/button' from file 'C:/Users/DION-SERVER/Desktop/noble.dion.sy/packages/noble/Lead/src/Resources/js/Pages/SystemSetup/Sources/Edit.tsx'
    Imported via '@/components/ui/button' from file 'C:/Users/DION-SERVER/Desktop/noble.dion.sy/packages/noble/Lead/src/Resources/js/Pages/SystemSetup/Sources/Index.tsx'
    Imported via '@/components/ui/button' from file 'C:/Users/DION-SERVER/Desktop/noble.dion.sy/packages/noble/Paypal/src/Resources/js/settings/components/paypal-settings.tsx'
    Imported via '@/components/ui/button' from file 'C:/Users/DION-SERVER/Desktop/noble.dion.sy/packages/noble/Performance/src/Resources/js/Pages/EmployeeGoals/Create.tsx'
    Imported via '@/components/ui/button' from file 'C:/Users/DION-SERVER/Desktop/noble.dion.sy/packages/noble/Performance/src/Resources/js/Pages/EmployeeGoals/Edit.tsx'
    Imported via '@/components/ui/button' from file 'C:/Users/DION-SERVER/Desktop/noble.dion.sy/packages/noble/Performance/src/Resources/js/Pages/EmployeeGoals/Index.tsx'
    Imported via '@/components/ui/button' from file 'C:/Users/DION-SERVER/Desktop/noble.dion.sy/packages/noble/Performance/src/Resources/js/Pages/EmployeeReviews/Conduct.tsx'
    Imported via '@/components/ui/button' from file 'C:/Users/DION-SERVER/Desktop/noble.dion.sy/packages/noble/Performance/src/Resources/js/Pages/EmployeeReviews/Create.tsx'
    Imported via '@/components/ui/button' from file 'C:/Users/DION-SERVER/Desktop/noble.dion.sy/packages/noble/Performance/src/Resources/js/Pages/EmployeeReviews/Edit.tsx'
    Imported via '@/components/ui/button' from file 'C:/Users/DION-SERVER/Desktop/noble.dion.sy/packages/noble/Performance/src/Resources/js/Pages/EmployeeReviews/Index.tsx'
    Imported via '@/components/ui/button' from file 'C:/Users/DION-SERVER/Desktop/noble.dion.sy/packages/noble/Performance/src/Resources/js/Pages/Indicators/Create.tsx'
    Imported via '@/components/ui/button' from file 'C:/Users/DION-SERVER/Desktop/noble.dion.sy/packages/noble/Performance/src/Resources/js/Pages/Indicators/Edit.tsx'
    Imported via '@/components/ui/button' from file 'C:/Users/DION-SERVER/Desktop/noble.dion.sy/packages/noble/Performance/src/Resources/js/Pages/Indicators/Index.tsx'
    Imported via '@/components/ui/button' from file 'C:/Users/DION-SERVER/Desktop/noble.dion.sy/packages/noble/Performance/src/Resources/js/Pages/ReviewCycles/Create.tsx'
    Imported via '@/components/ui/button' from file 'C:/Users/DION-SERVER/Desktop/noble.dion.sy/packages/noble/Performance/src/Resources/js/Pages/ReviewCycles/Edit.tsx'
    Imported via '@/components/ui/button' from file 'C:/Users/DION-SERVER/Desktop/noble.dion.sy/packages/noble/Performance/src/Resources/js/Pages/ReviewCycles/Index.tsx'
    Imported via '@/components/ui/button' from file 'C:/Users/DION-SERVER/Desktop/noble.dion.sy/packages/noble/Performance/src/Resources/js/Pages/SystemSetup/SystemSetupSidebar.tsx'
    Imported via '@/components/ui/button' from file 'C:/Users/DION-SERVER/Desktop/noble.dion.sy/packages/noble/Performance/src/Resources/js/Pages/SystemSetup/GoalTypes/Create.tsx'
    Imported via '@/components/ui/button' from file 'C:/Users/DION-SERVER/Desktop/noble.dion.sy/packages/noble/Performance/src/Resources/js/Pages/SystemSetup/GoalTypes/Edit.tsx'
    Imported via '@/components/ui/button' from file 'C:/Users/DION-SERVER/Desktop/noble.dion.sy/packages/noble/Performance/src/Resources/js/Pages/SystemSetup/GoalTypes/Index.tsx'
    Imported via '@/components/ui/button' from file 'C:/Users/DION-SERVER/Desktop/noble.dion.sy/packages/noble/Performance/src/Resources/js/Pages/SystemSetup/IndicatorCategories/Create.tsx'
    Imported via '@/components/ui/button' from file 'C:/Users/DION-SERVER/Desktop/noble.dion.sy/packages/noble/Performance/src/Resources/js/Pages/SystemSetup/IndicatorCategories/Edit.tsx'
    Imported via '@/components/ui/button' from file 'C:/Users/DION-SERVER/Desktop/noble.dion.sy/packages/noble/Performance/src/Resources/js/Pages/SystemSetup/IndicatorCategories/Index.tsx'
    Imported via '@/components/ui/button' from file 'C:/Users/DION-SERVER/Desktop/noble.dion.sy/packages/noble/Pos/src/Resources/js/Pages/Barcode/Index.tsx'
    Imported via '@/components/ui/button' from file 'C:/Users/DION-SERVER/Desktop/noble.dion.sy/packages/noble/Pos/src/Resources/js/Pages/Dashboard/Index.tsx'
    Imported via '@/components/ui/button' from file 'C:/Users/DION-SERVER/Desktop/noble.dion.sy/packages/noble/Pos/src/Resources/js/Pages/Pos/Create.tsx'
    Imported via '@/components/ui/button' from file 'C:/Users/DION-SERVER/Desktop/noble.dion.sy/packages/noble/Pos/src/Resources/js/Pages/Pos/ReceiptModal.tsx'
    Imported via '@/components/ui/button' from file 'C:/Users/DION-SERVER/Desktop/noble.dion.sy/packages/noble/Pos/src/Resources/js/Pages/PosOrder/Index.tsx'
    Imported via '@/components/ui/button' from file 'C:/Users/DION-SERVER/Desktop/noble.dion.sy/packages/noble/Pos/src/Resources/js/Pages/PosOrder/Show.tsx'
    Imported via '@/components/ui/button' from file 'C:/Users/DION-SERVER/Desktop/noble.dion.sy/packages/noble/ProductService/src/Resources/js/Pages/Items/Create.tsx'
    Imported via '@/components/ui/button' from file 'C:/Users/DION-SERVER/Desktop/noble.dion.sy/packages/noble/ProductService/src/Resources/js/Pages/Items/Edit.tsx'
    Imported via '@/components/ui/button' from file 'C:/Users/DION-SERVER/Desktop/noble.dion.sy/packages/noble/ProductService/src/Resources/js/Pages/Items/Index.tsx'
    Imported via '@/components/ui/button' from file 'C:/Users/DION-SERVER/Desktop/noble.dion.sy/packages/noble/ProductService/src/Resources/js/Pages/Stock/Index.tsx'
    Imported via '@/components/ui/button' from file 'C:/Users/DION-SERVER/Desktop/noble.dion.sy/packages/noble/ProductService/src/Resources/js/Pages/SystemSetup/SystemSetupSidebar.tsx'
    Imported via '@/components/ui/button' from file 'C:/Users/DION-SERVER/Desktop/noble.dion.sy/packages/noble/ProductService/src/Resources/js/Pages/SystemSetup/Categories/Create.tsx'
    Imported via '@/components/ui/button' from file 'C:/Users/DION-SERVER/Desktop/noble.dion.sy/packages/noble/ProductService/src/Resources/js/Pages/SystemSetup/Categories/Edit.tsx'
    Imported via '@/components/ui/button' from file 'C:/Users/DION-SERVER/Desktop/noble.dion.sy/packages/noble/ProductService/src/Resources/js/Pages/SystemSetup/Categories/Index.tsx'
    Imported via '@/components/ui/button' from file 'C:/Users/DION-SERVER/Desktop/noble.dion.sy/packages/noble/ProductService/src/Resources/js/Pages/SystemSetup/Taxes/Create.tsx'
    Imported via '@/components/ui/button' from file 'C:/Users/DION-SERVER/Desktop/noble.dion.sy/packages/noble/ProductService/src/Resources/js/Pages/SystemSetup/Taxes/Edit.tsx'
    Imported via '@/components/ui/button' from file 'C:/Users/DION-SERVER/Desktop/noble.dion.sy/packages/noble/ProductService/src/Resources/js/Pages/SystemSetup/Taxes/Index.tsx'
    Imported via '@/components/ui/button' from file 'C:/Users/DION-SERVER/Desktop/noble.dion.sy/packages/noble/ProductService/src/Resources/js/Pages/SystemSetup/Units/Create.tsx'
    Imported via '@/components/ui/button' from file 'C:/Users/DION-SERVER/Desktop/noble.dion.sy/packages/noble/ProductService/src/Resources/js/Pages/SystemSetup/Units/Edit.tsx'
    Imported via '@/components/ui/button' from file 'C:/Users/DION-SERVER/Desktop/noble.dion.sy/packages/noble/ProductService/src/Resources/js/Pages/SystemSetup/Units/Index.tsx'
    Imported via '@/components/ui/button' from file 'C:/Users/DION-SERVER/Desktop/noble.dion.sy/packages/noble/Quotation/src/Resources/js/Pages/Quotations/components/QuotationItemsTable.tsx'
    Imported via '@/components/ui/button' from file 'C:/Users/DION-SERVER/Desktop/noble.dion.sy/packages/noble/Quotation/src/Resources/js/Pages/Quotations/Create.tsx'
    Imported via '@/components/ui/button' from file 'C:/Users/DION-SERVER/Desktop/noble.dion.sy/packages/noble/Quotation/src/Resources/js/Pages/Quotations/Edit.tsx'
    Imported via '@/components/ui/button' from file 'C:/Users/DION-SERVER/Desktop/noble.dion.sy/packages/noble/Quotation/src/Resources/js/Pages/Quotations/Index.tsx'
    Imported via '@/components/ui/button' from file 'C:/Users/DION-SERVER/Desktop/noble.dion.sy/packages/noble/Quotation/src/Resources/js/Pages/Quotations/View.tsx'
    Imported via '@/components/ui/button' from file 'C:/Users/DION-SERVER/Desktop/noble.dion.sy/packages/noble/Recruitment/src/Resources/js/Components/IconSelector.tsx'
    Imported via '@/components/ui/button' from file 'C:/Users/DION-SERVER/Desktop/noble.dion.sy/packages/noble/Recruitment/src/Resources/js/Components/Frontend/FrontendHeader.tsx'
    Imported via '@/components/ui/button' from file 'C:/Users/DION-SERVER/Desktop/noble.dion.sy/packages/noble/Recruitment/src/Resources/js/Pages/Index.tsx'
    Imported via '@/components/ui/button' from file 'C:/Users/DION-SERVER/Desktop/noble.dion.sy/packages/noble/Recruitment/src/Resources/js/Pages/CandidateAssessments/Create.tsx'
    Imported via '@/components/ui/button' from file 'C:/Users/DION-SERVER/Desktop/noble.dion.sy/packages/noble/Recruitment/src/Resources/js/Pages/CandidateAssessments/Edit.tsx'
    Imported via '@/components/ui/button' from file 'C:/Users/DION-SERVER/Desktop/noble.dion.sy/packages/noble/Recruitment/src/Resources/js/Pages/CandidateAssessments/Index.tsx'
    Imported via '@/components/ui/button' from file 'C:/Users/DION-SERVER/Desktop/noble.dion.sy/packages/noble/Recruitment/src/Resources/js/Pages/CandidateOnboardings/Create.tsx'
    Imported via '@/components/ui/button' from file 'C:/Users/DION-SERVER/Desktop/noble.dion.sy/packages/noble/Recruitment/src/Resources/js/Pages/CandidateOnboardings/Edit.tsx'
    Imported via '@/components/ui/button' from file 'C:/Users/DION-SERVER/Desktop/noble.dion.sy/packages/noble/Recruitment/src/Resources/js/Pages/CandidateOnboardings/Index.tsx'
    Imported via '@/components/ui/button' from file 'C:/Users/DION-SERVER/Desktop/noble.dion.sy/packages/noble/Recruitment/src/Resources/js/Pages/Candidates/Create.tsx'
    Imported via '@/components/ui/button' from file 'C:/Users/DION-SERVER/Desktop/noble.dion.sy/packages/noble/Recruitment/src/Resources/js/Pages/Candidates/Edit.tsx'
    Imported via '@/components/ui/button' from file 'C:/Users/DION-SERVER/Desktop/noble.dion.sy/packages/noble/Recruitment/src/Resources/js/Pages/Candidates/Index.tsx'
    Imported via '@/components/ui/button' from file 'C:/Users/DION-SERVER/Desktop/noble.dion.sy/packages/noble/Recruitment/src/Resources/js/Pages/Candidates/Show.tsx'
    Imported via '@/components/ui/button' from file 'C:/Users/DION-SERVER/Desktop/noble.dion.sy/packages/noble/Recruitment/src/Resources/js/Pages/ChecklistItems/Create.tsx'
    Imported via '@/components/ui/button' from file 'C:/Users/DION-SERVER/Desktop/noble.dion.sy/packages/noble/Recruitment/src/Resources/js/Pages/ChecklistItems/Edit.tsx'
    Imported via '@/components/ui/button' from file 'C:/Users/DION-SERVER/Desktop/noble.dion.sy/packages/noble/Recruitment/src/Resources/js/Pages/ChecklistItems/Index.tsx'
    Imported via '@/components/ui/button' from file 'C:/Users/DION-SERVER/Desktop/noble.dion.sy/packages/noble/Recruitment/src/Resources/js/Pages/CustomQuestions/Create.tsx'
    Imported via '@/components/ui/button' from file 'C:/Users/DION-SERVER/Desktop/noble.dion.sy/packages/noble/Recruitment/src/Resources/js/Pages/CustomQuestions/Edit.tsx'
    Imported via '@/components/ui/button' from file 'C:/Users/DION-SERVER/Desktop/noble.dion.sy/packages/noble/Recruitment/src/Resources/js/Pages/CustomQuestions/Index.tsx'
    Imported via '@/components/ui/button' from file 'C:/Users/DION-SERVER/Desktop/noble.dion.sy/packages/noble/Recruitment/src/Resources/js/Pages/Dashboard/StaffDashboard.tsx'
    Imported via '@/components/ui/button' from file 'C:/Users/DION-SERVER/Desktop/noble.dion.sy/packages/noble/Recruitment/src/Resources/js/Pages/Frontend/JobApply.tsx'
    Imported via '@/components/ui/button' from file 'C:/Users/DION-SERVER/Desktop/noble.dion.sy/packages/noble/Recruitment/src/Resources/js/Pages/Frontend/JobDetails.tsx'
    Imported via '@/components/ui/button' from file 'C:/Users/DION-SERVER/Desktop/noble.dion.sy/packages/noble/Recruitment/src/Resources/js/Pages/Frontend/JobListings.tsx'
    Imported via '@/components/ui/button' from file 'C:/Users/DION-SERVER/Desktop/noble.dion.sy/packages/noble/Recruitment/src/Resources/js/Pages/Frontend/JobTerms.tsx'
    Imported via '@/components/ui/button' from file 'C:/Users/DION-SERVER/Desktop/noble.dion.sy/packages/noble/Recruitment/src/Resources/js/Pages/Frontend/NotFound.tsx'
    Imported via '@/components/ui/button' from file 'C:/Users/DION-SERVER/Desktop/noble.dion.sy/packages/noble/Recruitment/src/Resources/js/Pages/Frontend/Success.tsx'
    Imported via '@/components/ui/button' from file 'C:/Users/DION-SERVER/Desktop/noble.dion.sy/packages/noble/Recruitment/src/Resources/js/Pages/Frontend/TrackingDetails.tsx'
    Imported via '@/components/ui/button' from file 'C:/Users/DION-SERVER/Desktop/noble.dion.sy/packages/noble/Recruitment/src/Resources/js/Pages/Frontend/TrackingForm.tsx'
    Imported via '@/components/ui/button' from file 'C:/Users/DION-SERVER/Desktop/noble.dion.sy/packages/noble/Recruitment/src/Resources/js/Pages/InterviewFeedbacks/Create.tsx'
    Imported via '@/components/ui/button' from file 'C:/Users/DION-SERVER/Desktop/noble.dion.sy/packages/noble/Recruitment/src/Resources/js/Pages/InterviewFeedbacks/Edit.tsx'
    Imported via '@/components/ui/button' from file 'C:/Users/DION-SERVER/Desktop/noble.dion.sy/packages/noble/Recruitment/src/Resources/js/Pages/InterviewFeedbacks/Index.tsx'
    Imported via '@/components/ui/button' from file 'C:/Users/DION-SERVER/Desktop/noble.dion.sy/packages/noble/Recruitment/src/Resources/js/Pages/InterviewRounds/Create.tsx'
    Imported via '@/components/ui/button' from file 'C:/Users/DION-SERVER/Desktop/noble.dion.sy/packages/noble/Recruitment/src/Resources/js/Pages/InterviewRounds/Edit.tsx'
    Imported via '@/components/ui/button' from file 'C:/Users/DION-SERVER/Desktop/noble.dion.sy/packages/noble/Recruitment/src/Resources/js/Pages/InterviewRounds/Index.tsx'
    Imported via '@/components/ui/button' from file 'C:/Users/DION-SERVER/Desktop/noble.dion.sy/packages/noble/Recruitment/src/Resources/js/Pages/Interviews/Create.tsx'
    Imported via '@/components/ui/button' from file 'C:/Users/DION-SERVER/Desktop/noble.dion.sy/packages/noble/Recruitment/src/Resources/js/Pages/Interviews/Edit.tsx'
    Imported via '@/components/ui/button' from file 'C:/Users/DION-SERVER/Desktop/noble.dion.sy/packages/noble/Recruitment/src/Resources/js/Pages/Interviews/Index.tsx'
    Imported via '@/components/ui/button' from file 'C:/Users/DION-SERVER/Desktop/noble.dion.sy/packages/noble/Recruitment/src/Resources/js/Pages/JobLocations/Create.tsx'
    Imported via '@/components/ui/button' from file 'C:/Users/DION-SERVER/Desktop/noble.dion.sy/packages/noble/Recruitment/src/Resources/js/Pages/JobLocations/Edit.tsx'
    Imported via '@/components/ui/button' from file 'C:/Users/DION-SERVER/Desktop/noble.dion.sy/packages/noble/Recruitment/src/Resources/js/Pages/JobLocations/Index.tsx'
    Imported via '@/components/ui/button' from file 'C:/Users/DION-SERVER/Desktop/noble.dion.sy/packages/noble/Recruitment/src/Resources/js/Pages/JobPostings/Create.tsx'
    Imported via '@/components/ui/button' from file 'C:/Users/DION-SERVER/Desktop/noble.dion.sy/packages/noble/Recruitment/src/Resources/js/Pages/JobPostings/Edit.tsx'
    Imported via '@/components/ui/button' from file 'C:/Users/DION-SERVER/Desktop/noble.dion.sy/packages/noble/Recruitment/src/Resources/js/Pages/JobPostings/Index.tsx'
    Imported via '@/components/ui/button' from file 'C:/Users/DION-SERVER/Desktop/noble.dion.sy/packages/noble/Recruitment/src/Resources/js/Pages/JobPostings/Show.tsx'
    Imported via '@/components/ui/button' from file 'C:/Users/DION-SERVER/Desktop/noble.dion.sy/packages/noble/Recruitment/src/Resources/js/Pages/Offers/ConvertToEmployee.tsx'
    Imported via '@/components/ui/button' from file 'C:/Users/DION-SERVER/Desktop/noble.dion.sy/packages/noble/Recruitment/src/Resources/js/Pages/Offers/Create.tsx'
    Imported via '@/components/ui/button' from file 'C:/Users/DION-SERVER/Desktop/noble.dion.sy/packages/noble/Recruitment/src/Resources/js/Pages/Offers/Edit.tsx'
    Imported via '@/components/ui/button' from file 'C:/Users/DION-SERVER/Desktop/noble.dion.sy/packages/noble/Recruitment/src/Resources/js/Pages/Offers/Index.tsx'
    Imported via '@/components/ui/button' from file 'C:/Users/DION-SERVER/Desktop/noble.dion.sy/packages/noble/Recruitment/src/Resources/js/Pages/Offers/View.tsx'
    Imported via '@/components/ui/button' from file 'C:/Users/DION-SERVER/Desktop/noble.dion.sy/packages/noble/Recruitment/src/Resources/js/Pages/Offers/OfferLetterPdf.tsx'
    Imported via '@/components/ui/button' from file 'C:/Users/DION-SERVER/Desktop/noble.dion.sy/packages/noble/Recruitment/src/Resources/js/Pages/SystemSetup/SystemSetupSidebar.tsx'
    Imported via '@/components/ui/button' from file 'C:/Users/DION-SERVER/Desktop/noble.dion.sy/packages/noble/Recruitment/src/Resources/js/Pages/SystemSetup/AboutCompany/Index.tsx'
    Imported via '@/components/ui/button' from file 'C:/Users/DION-SERVER/Desktop/noble.dion.sy/packages/noble/Recruitment/src/Resources/js/Pages/SystemSetup/ApplicationTips/Index.tsx'
    Imported via '@/components/ui/button' from file 'C:/Users/DION-SERVER/Desktop/noble.dion.sy/packages/noble/Recruitment/src/Resources/js/Pages/SystemSetup/BrandSettings/Index.tsx'
    Imported via '@/components/ui/button' from file 'C:/Users/DION-SERVER/Desktop/noble.dion.sy/packages/noble/Recruitment/src/Resources/js/Pages/SystemSetup/CandidateSources/Create.tsx'
    Imported via '@/components/ui/button' from file 'C:/Users/DION-SERVER/Desktop/noble.dion.sy/packages/noble/Recruitment/src/Resources/js/Pages/SystemSetup/CandidateSources/Edit.tsx'
    Imported via '@/components/ui/button' from file 'C:/Users/DION-SERVER/Desktop/noble.dion.sy/packages/noble/Recruitment/src/Resources/js/Pages/SystemSetup/CandidateSources/Index.tsx'
    Imported via '@/components/ui/button' from file 'C:/Users/DION-SERVER/Desktop/noble.dion.sy/packages/noble/Recruitment/src/Resources/js/Pages/SystemSetup/DashboardWelcomeCard/Index.tsx'
    Imported via '@/components/ui/button' from file 'C:/Users/DION-SERVER/Desktop/noble.dion.sy/packages/noble/Recruitment/src/Resources/js/Pages/SystemSetup/InterviewTypes/Create.tsx'
    Imported via '@/components/ui/button' from file 'C:/Users/DION-SERVER/Desktop/noble.dion.sy/packages/noble/Recruitment/src/Resources/js/Pages/SystemSetup/InterviewTypes/Edit.tsx'
    Imported via '@/components/ui/button' from file 'C:/Users/DION-SERVER/Desktop/noble.dion.sy/packages/noble/Recruitment/src/Resources/js/Pages/SystemSetup/InterviewTypes/Index.tsx'
    Imported via '@/components/ui/button' from file 'C:/Users/DION-SERVER/Desktop/noble.dion.sy/packages/noble/Recruitment/src/Resources/js/Pages/SystemSetup/JobCategories/Create.tsx'
    Imported via '@/components/ui/button' from file 'C:/Users/DION-SERVER/Desktop/noble.dion.sy/packages/noble/Recruitment/src/Resources/js/Pages/SystemSetup/JobCategories/Edit.tsx'
    Imported via '@/components/ui/button' from file 'C:/Users/DION-SERVER/Desktop/noble.dion.sy/packages/noble/Recruitment/src/Resources/js/Pages/SystemSetup/JobCategories/Index.tsx'
    Imported via '@/components/ui/button' from file 'C:/Users/DION-SERVER/Desktop/noble.dion.sy/packages/noble/Recruitment/src/Resources/js/Pages/SystemSetup/JobTypes/Create.tsx'
    Imported via '@/components/ui/button' from file 'C:/Users/DION-SERVER/Desktop/noble.dion.sy/packages/noble/Recruitment/src/Resources/js/Pages/SystemSetup/JobTypes/Edit.tsx'
    Imported via '@/components/ui/button' from file 'C:/Users/DION-SERVER/Desktop/noble.dion.sy/packages/noble/Recruitment/src/Resources/js/Pages/SystemSetup/JobTypes/Index.tsx'
    Imported via '@/components/ui/button' from file 'C:/Users/DION-SERVER/Desktop/noble.dion.sy/packages/noble/Recruitment/src/Resources/js/Pages/SystemSetup/NeedHelp/Index.tsx'
    Imported via '@/components/ui/button' from file 'C:/Users/DION-SERVER/Desktop/noble.dion.sy/packages/noble/Recruitment/src/Resources/js/Pages/SystemSetup/OfferLetterTemplate/Index.tsx'
    Imported via '@/components/ui/button' from file 'C:/Users/DION-SERVER/Desktop/noble.dion.sy/packages/noble/Recruitment/src/Resources/js/Pages/SystemSetup/OnboardingChecklists/Create.tsx'
    Imported via '@/components/ui/button' from file 'C:/Users/DION-SERVER/Desktop/noble.dion.sy/packages/noble/Recruitment/src/Resources/js/Pages/SystemSetup/OnboardingChecklists/Edit.tsx'
    Imported via '@/components/ui/button' from file 'C:/Users/DION-SERVER/Desktop/noble.dion.sy/packages/noble/Recruitment/src/Resources/js/Pages/SystemSetup/OnboardingChecklists/Index.tsx'
    Imported via '@/components/ui/button' from file 'C:/Users/DION-SERVER/Desktop/noble.dion.sy/packages/noble/Recruitment/src/Resources/js/Pages/SystemSetup/TrackingFaq/Index.tsx'
    Imported via '@/components/ui/button' from file 'C:/Users/DION-SERVER/Desktop/noble.dion.sy/packages/noble/Recruitment/src/Resources/js/Pages/SystemSetup/WhatHappensNext/Index.tsx'
    Imported via '@/components/ui/button' from file 'C:/Users/DION-SERVER/Desktop/noble.dion.sy/packages/noble/Slack/src/Resources/js/settings/components/slack-settings.tsx'
    Imported via '@/components/ui/button' from file 'C:/Users/DION-SERVER/Desktop/noble.dion.sy/packages/noble/Stripe/src/Resources/js/settings/components/stripe-settings.tsx'
    Imported via '@/components/ui/button' from file 'C:/Users/DION-SERVER/Desktop/noble.dion.sy/packages/noble/SupportTicket/src/Resources/js/Pages/Layout.tsx'
    Imported via '@/components/ui/button' from file 'C:/Users/DION-SERVER/Desktop/noble.dion.sy/packages/noble/SupportTicket/src/Resources/js/Pages/Search.tsx'
    Imported via '@/components/ui/button' from file 'C:/Users/DION-SERVER/Desktop/noble.dion.sy/packages/noble/SupportTicket/src/Resources/js/Pages/Frontend/Layouts/SupportTicketLayout.tsx'
    Imported via '@/components/ui/button' from file 'C:/Users/DION-SERVER/Desktop/noble.dion.sy/packages/noble/SupportTicket/src/Resources/js/Pages/Show.tsx'
    Imported via '@/components/ui/button' from file 'C:/Users/DION-SERVER/Desktop/noble.dion.sy/packages/noble/SupportTicket/src/Resources/js/Pages/Categories/Index.tsx'
    Imported via '@/components/ui/button' from file 'C:/Users/DION-SERVER/Desktop/noble.dion.sy/packages/noble/SupportTicket/src/Resources/js/Pages/Contact/Index.tsx'
    Imported via '@/components/ui/button' from file 'C:/Users/DION-SERVER/Desktop/noble.dion.sy/packages/noble/SupportTicket/src/Resources/js/Pages/Dashboard/ClientDashboard.tsx'
    Imported via '@/components/ui/button' from file 'C:/Users/DION-SERVER/Desktop/noble.dion.sy/packages/noble/SupportTicket/src/Resources/js/Pages/Dashboard/Index.tsx'
    Imported via '@/components/ui/button' from file 'C:/Users/DION-SERVER/Desktop/noble.dion.sy/packages/noble/SupportTicket/src/Resources/js/Pages/Dashboard/StaffDashboard.tsx'
    Imported via '@/components/ui/button' from file 'C:/Users/DION-SERVER/Desktop/noble.dion.sy/packages/noble/SupportTicket/src/Resources/js/Pages/Dashboard/VendorDashboard.tsx'
    Imported via '@/components/ui/button' from file 'C:/Users/DION-SERVER/Desktop/noble.dion.sy/packages/noble/SupportTicket/src/Resources/js/Pages/FAQ/Create.tsx'
    Imported via '@/components/ui/button' from file 'C:/Users/DION-SERVER/Desktop/noble.dion.sy/packages/noble/SupportTicket/src/Resources/js/Pages/FAQ/Edit.tsx'
    Imported via '@/components/ui/button' from file 'C:/Users/DION-SERVER/Desktop/noble.dion.sy/packages/noble/SupportTicket/src/Resources/js/Pages/FAQ/Import.tsx'
    Imported via '@/components/ui/button' from file 'C:/Users/DION-SERVER/Desktop/noble.dion.sy/packages/noble/SupportTicket/src/Resources/js/Pages/FAQ/ImportDialog.tsx'
    Imported via '@/components/ui/button' from file 'C:/Users/DION-SERVER/Desktop/noble.dion.sy/packages/noble/SupportTicket/src/Resources/js/Pages/FAQ/Index.tsx'
    Imported via '@/components/ui/button' from file 'C:/Users/DION-SERVER/Desktop/noble.dion.sy/packages/noble/SupportTicket/src/Resources/js/Pages/Frontend/Contact.tsx'
    Imported via '@/components/ui/button' from file 'C:/Users/DION-SERVER/Desktop/noble.dion.sy/packages/noble/SupportTicket/src/Resources/js/Pages/Frontend/CreateTicket.tsx'
    Imported via '@/components/ui/button' from file 'C:/Users/DION-SERVER/Desktop/noble.dion.sy/packages/noble/SupportTicket/src/Resources/js/Pages/Frontend/Faq.tsx'
    Imported via '@/components/ui/button' from file 'C:/Users/DION-SERVER/Desktop/noble.dion.sy/packages/noble/SupportTicket/src/Resources/js/Pages/Frontend/Index.tsx'
    Imported via '@/components/ui/button' from file 'C:/Users/DION-SERVER/Desktop/noble.dion.sy/packages/noble/SupportTicket/src/Resources/js/Pages/Frontend/Knowledge.tsx'
    Imported via '@/components/ui/button' from file 'C:/Users/DION-SERVER/Desktop/noble.dion.sy/packages/noble/SupportTicket/src/Resources/js/Pages/Frontend/KnowledgeArticle.tsx'
    Imported via '@/components/ui/button' from file 'C:/Users/DION-SERVER/Desktop/noble.dion.sy/packages/noble/SupportTicket/src/Resources/js/Pages/Frontend/SearchTicket.tsx'
    Imported via '@/components/ui/button' from file 'C:/Users/DION-SERVER/Desktop/noble.dion.sy/packages/noble/SupportTicket/src/Resources/js/Pages/Knowledge/Create.tsx'
    Imported via '@/components/ui/button' from file 'C:/Users/DION-SERVER/Desktop/noble.dion.sy/packages/noble/SupportTicket/src/Resources/js/Pages/Knowledge/Edit.tsx'
    Imported via '@/components/ui/button' from file 'C:/Users/DION-SERVER/Desktop/noble.dion.sy/packages/noble/SupportTicket/src/Resources/js/Pages/Knowledge/Import.tsx'
    Imported via '@/components/ui/button' from file 'C:/Users/DION-SERVER/Desktop/noble.dion.sy/packages/noble/SupportTicket/src/Resources/js/Pages/Knowledge/ImportDialog.tsx'
    Imported via '@/components/ui/button' from file 'C:/Users/DION-SERVER/Desktop/noble.dion.sy/packages/noble/SupportTicket/src/Resources/js/Pages/Knowledge/Index.tsx'
    Imported via '@/components/ui/button' from file 'C:/Users/DION-SERVER/Desktop/noble.dion.sy/packages/noble/SupportTicket/src/Resources/js/Pages/SystemSetup/SystemSetupSidebar.tsx'
    Imported via '@/components/ui/button' from file 'C:/Users/DION-SERVER/Desktop/noble.dion.sy/packages/noble/SupportTicket/src/Resources/js/Pages/SystemSetup/cta-section.tsx'
    Imported via '@/components/ui/button' from file 'C:/Users/DION-SERVER/Desktop/noble.dion.sy/packages/noble/SupportTicket/src/Resources/js/Pages/SystemSetup/support-information.tsx'
    Imported via '@/components/ui/button' from file 'C:/Users/DION-SERVER/Desktop/noble.dion.sy/packages/noble/SupportTicket/src/Resources/js/Pages/SystemSetup/title-section.tsx'
    Imported via '@/components/ui/button' from file 'C:/Users/DION-SERVER/Desktop/noble.dion.sy/packages/noble/SupportTicket/src/Resources/js/Pages/SystemSetup/BrandSettings/Index.tsx'
    Imported via '@/components/ui/button' from file 'C:/Users/DION-SERVER/Desktop/noble.dion.sy/packages/noble/SupportTicket/src/Resources/js/Pages/SystemSetup/Categories/Create.tsx'
    Imported via '@/components/ui/button' from file 'C:/Users/DION-SERVER/Desktop/noble.dion.sy/packages/noble/SupportTicket/src/Resources/js/Pages/SystemSetup/Categories/Edit.tsx'
    Imported via '@/components/ui/button' from file 'C:/Users/DION-SERVER/Desktop/noble.dion.sy/packages/noble/SupportTicket/src/Resources/js/Pages/SystemSetup/Categories/Index.tsx'
    Imported via '@/components/ui/button' from file 'C:/Users/DION-SERVER/Desktop/noble.dion.sy/packages/noble/SupportTicket/src/Resources/js/Pages/SystemSetup/ContactInformation/Index.tsx'
    Imported via '@/components/ui/button' from file 'C:/Users/DION-SERVER/Desktop/noble.dion.sy/packages/noble/SupportTicket/src/Resources/js/Pages/SystemSetup/CustomPages/Create.tsx'
    Imported via '@/components/ui/button' from file 'C:/Users/DION-SERVER/Desktop/noble.dion.sy/packages/noble/SupportTicket/src/Resources/js/Pages/SystemSetup/CustomPages/Edit.tsx'
    Imported via '@/components/ui/button' from file 'C:/Users/DION-SERVER/Desktop/noble.dion.sy/packages/noble/SupportTicket/src/Resources/js/Pages/SystemSetup/CustomPages/Index.tsx'
    Imported via '@/components/ui/button' from file 'C:/Users/DION-SERVER/Desktop/noble.dion.sy/packages/noble/SupportTicket/src/Resources/js/Pages/SystemSetup/KnowledgeCategories/Create.tsx'
    Imported via '@/components/ui/button' from file 'C:/Users/DION-SERVER/Desktop/noble.dion.sy/packages/noble/SupportTicket/src/Resources/js/Pages/SystemSetup/KnowledgeCategories/Edit.tsx'
    Imported via '@/components/ui/button' from file 'C:/Users/DION-SERVER/Desktop/noble.dion.sy/packages/noble/SupportTicket/src/Resources/js/Pages/SystemSetup/KnowledgeCategories/Index.tsx'
    Imported via '@/components/ui/button' from file 'C:/Users/DION-SERVER/Desktop/noble.dion.sy/packages/noble/SupportTicket/src/Resources/js/Pages/SystemSetup/PrivacyPolicy/Index.tsx'
    Imported via '@/components/ui/button' from file 'C:/Users/DION-SERVER/Desktop/noble.dion.sy/packages/noble/SupportTicket/src/Resources/js/Pages/SystemSetup/QuickLinks/Create.tsx'
    Imported via '@/components/ui/button' from file 'C:/Users/DION-SERVER/Desktop/noble.dion.sy/packages/noble/SupportTicket/src/Resources/js/Pages/SystemSetup/QuickLinks/Edit.tsx'
    Imported via '@/components/ui/button' from file 'C:/Users/DION-SERVER/Desktop/noble.dion.sy/packages/noble/SupportTicket/src/Resources/js/Pages/SystemSetup/QuickLinks/Index.tsx'
    Imported via '@/components/ui/button' from file 'C:/Users/DION-SERVER/Desktop/noble.dion.sy/packages/noble/SupportTicket/src/Resources/js/Pages/SystemSetup/TermsConditions/Index.tsx'
    Imported via '@/components/ui/button' from file 'C:/Users/DION-SERVER/Desktop/noble.dion.sy/packages/noble/SupportTicket/src/Resources/js/Pages/Tickets/Create.tsx'
    Imported via '@/components/ui/button' from file 'C:/Users/DION-SERVER/Desktop/noble.dion.sy/packages/noble/SupportTicket/src/Resources/js/Pages/Tickets/Edit.tsx'
    Imported via '@/components/ui/button' from file 'C:/Users/DION-SERVER/Desktop/noble.dion.sy/packages/noble/SupportTicket/src/Resources/js/Pages/Tickets/EditReply.tsx'
    Imported via '@/components/ui/button' from file 'C:/Users/DION-SERVER/Desktop/noble.dion.sy/packages/noble/SupportTicket/src/Resources/js/Pages/Tickets/Index.tsx'
    Imported via '@/Components/ui/button' from file 'C:/Users/DION-SERVER/Desktop/noble.dion.sy/packages/noble/SupportTicket/src/Resources/js/faq/Import.tsx'
    Imported via '@/Components/ui/button' from file 'C:/Users/DION-SERVER/Desktop/noble.dion.sy/packages/noble/SupportTicket/src/Resources/js/knowledge/Import.tsx'
    Imported via '@/components/ui/button' from file 'C:/Users/DION-SERVER/Desktop/noble.dion.sy/packages/noble/SupportTicket/src/Resources/js/settings/components/support-setting.tsx'
    Imported via '@/components/ui/button' from file 'C:/Users/DION-SERVER/Desktop/noble.dion.sy/packages/noble/Taskly/src/Resources/js/Pages/Bugs/Create.tsx'
    Imported via '@/components/ui/button' from file 'C:/Users/DION-SERVER/Desktop/noble.dion.sy/packages/noble/Taskly/src/Resources/js/Pages/Bugs/Edit.tsx'
    Imported via '@/components/ui/button' from file 'C:/Users/DION-SERVER/Desktop/noble.dion.sy/packages/noble/Taskly/src/Resources/js/Pages/Bugs/Index.tsx'
    Imported via '@/components/ui/button' from file 'C:/Users/DION-SERVER/Desktop/noble.dion.sy/packages/noble/Taskly/src/Resources/js/Pages/Bugs/View.tsx'
    Imported via '@/components/ui/button' from file 'C:/Users/DION-SERVER/Desktop/noble.dion.sy/packages/noble/Taskly/src/Resources/js/Pages/Bugs/Kanban.tsx'
    Imported via '@/components/ui/button' from file 'C:/Users/DION-SERVER/Desktop/noble.dion.sy/packages/noble/Taskly/src/Resources/js/Pages/Project/Create.tsx'
    Imported via '@/components/ui/button' from file 'C:/Users/DION-SERVER/Desktop/noble.dion.sy/packages/noble/Taskly/src/Resources/js/Pages/Project/DuplicateModal.tsx'
    Imported via '@/components/ui/button' from file 'C:/Users/DION-SERVER/Desktop/noble.dion.sy/packages/noble/Taskly/src/Resources/js/Pages/Project/Edit.tsx'
    Imported via '@/components/ui/button' from file 'C:/Users/DION-SERVER/Desktop/noble.dion.sy/packages/noble/Taskly/src/Resources/js/Pages/Project/Index.tsx'
    Imported via '@/components/ui/button' from file 'C:/Users/DION-SERVER/Desktop/noble.dion.sy/packages/noble/Taskly/src/Resources/js/Pages/Project/View.tsx'
    Imported via '@/components/ui/button' from file 'C:/Users/DION-SERVER/Desktop/noble.dion.sy/packages/noble/Taskly/src/Resources/js/Pages/Report/Index.tsx'
    Imported via '@/components/ui/button' from file 'C:/Users/DION-SERVER/Desktop/noble.dion.sy/packages/noble/Taskly/src/Resources/js/Pages/SystemSetup/SystemSetupSidebar.tsx'
    Imported via '@/components/ui/button' from file 'C:/Users/DION-SERVER/Desktop/noble.dion.sy/packages/noble/Taskly/src/Resources/js/Pages/SystemSetup/BugStages/Create.tsx'
    Imported via '@/components/ui/button' from file 'C:/Users/DION-SERVER/Desktop/noble.dion.sy/packages/noble/Taskly/src/Resources/js/Pages/SystemSetup/BugStages/Edit.tsx'
    Imported via '@/components/ui/button' from file 'C:/Users/DION-SERVER/Desktop/noble.dion.sy/packages/noble/Taskly/src/Resources/js/Pages/SystemSetup/BugStages/Index.tsx'
    Imported via '@/components/ui/button' from file 'C:/Users/DION-SERVER/Desktop/noble.dion.sy/packages/noble/Taskly/src/Resources/js/Pages/SystemSetup/TaskStages/Create.tsx'
    Imported via '@/components/ui/button' from file 'C:/Users/DION-SERVER/Desktop/noble.dion.sy/packages/noble/Taskly/src/Resources/js/Pages/SystemSetup/TaskStages/Edit.tsx'
    Imported via '@/components/ui/button' from file 'C:/Users/DION-SERVER/Desktop/noble.dion.sy/packages/noble/Taskly/src/Resources/js/Pages/SystemSetup/TaskStages/Index.tsx'
    Imported via '@/components/ui/button' from file 'C:/Users/DION-SERVER/Desktop/noble.dion.sy/packages/noble/Taskly/src/Resources/js/Pages/Tasks/Calendar.tsx'
    Imported via '@/components/ui/button' from file 'C:/Users/DION-SERVER/Desktop/noble.dion.sy/packages/noble/Taskly/src/Resources/js/Pages/Tasks/Create.tsx'
    Imported via '@/components/ui/button' from file 'C:/Users/DION-SERVER/Desktop/noble.dion.sy/packages/noble/Taskly/src/Resources/js/Pages/Tasks/Edit.tsx'
    Imported via '@/components/ui/button' from file 'C:/Users/DION-SERVER/Desktop/noble.dion.sy/packages/noble/Taskly/src/Resources/js/Pages/Tasks/Index.tsx'
    Imported via '@/components/ui/button' from file 'C:/Users/DION-SERVER/Desktop/noble.dion.sy/packages/noble/Taskly/src/Resources/js/Pages/Tasks/View.tsx'
    Imported via '@/components/ui/button' from file 'C:/Users/DION-SERVER/Desktop/noble.dion.sy/packages/noble/Taskly/src/Resources/js/Pages/Tasks/Kanban.tsx'
    Imported via '@/components/ui/button' from file 'C:/Users/DION-SERVER/Desktop/noble.dion.sy/packages/noble/Telegram/src/Resources/js/settings/components/telegram-settings.tsx'
    Imported via '@/components/ui/button' from file 'C:/Users/DION-SERVER/Desktop/noble.dion.sy/packages/noble/Timesheet/src/Resources/js/Pages/Create.tsx'
    Imported via '@/components/ui/button' from file 'C:/Users/DION-SERVER/Desktop/noble.dion.sy/packages/noble/Timesheet/src/Resources/js/Pages/Edit.tsx'
    Imported via '@/components/ui/button' from file 'C:/Users/DION-SERVER/Desktop/noble.dion.sy/packages/noble/Timesheet/src/Resources/js/Pages/Index.tsx'
    Imported via '@/components/ui/button' from file 'C:/Users/DION-SERVER/Desktop/noble.dion.sy/packages/noble/Training/src/Resources/js/Pages/feedbacks/index.tsx'
    Imported via '@/components/ui/button' from file 'C:/Users/DION-SERVER/Desktop/noble.dion.sy/packages/noble/Training/src/Resources/js/Pages/tasks/create.tsx'
    Imported via '@/components/ui/button' from file 'C:/Users/DION-SERVER/Desktop/noble.dion.sy/packages/noble/Training/src/Resources/js/Pages/tasks/edit.tsx'
    Imported via '@/components/ui/button' from file 'C:/Users/DION-SERVER/Desktop/noble.dion.sy/packages/noble/Training/src/Resources/js/Pages/tasks/index.tsx'
    Imported via '@/components/ui/button' from file 'C:/Users/DION-SERVER/Desktop/noble.dion.sy/packages/noble/Training/src/Resources/js/Pages/trainers/create.tsx'
    Imported via '@/components/ui/button' from file 'C:/Users/DION-SERVER/Desktop/noble.dion.sy/packages/noble/Training/src/Resources/js/Pages/trainers/edit.tsx'
    Imported via '@/components/ui/button' from file 'C:/Users/DION-SERVER/Desktop/noble.dion.sy/packages/noble/Training/src/Resources/js/Pages/trainers/index.tsx'
    Imported via '@/components/ui/button' from file 'C:/Users/DION-SERVER/Desktop/noble.dion.sy/packages/noble/Training/src/Resources/js/Pages/training-types/create.tsx'
    Imported via '@/components/ui/button' from file 'C:/Users/DION-SERVER/Desktop/noble.dion.sy/packages/noble/Training/src/Resources/js/Pages/training-types/edit.tsx'
    Imported via '@/components/ui/button' from file 'C:/Users/DION-SERVER/Desktop/noble.dion.sy/packages/noble/Training/src/Resources/js/Pages/training-types/index.tsx'
    Imported via '@/components/ui/button' from file 'C:/Users/DION-SERVER/Desktop/noble.dion.sy/packages/noble/Training/src/Resources/js/Pages/trainings/create.tsx'
    Imported via '@/components/ui/button' from file 'C:/Users/DION-SERVER/Desktop/noble.dion.sy/packages/noble/Training/src/Resources/js/Pages/trainings/edit.tsx'
    Imported via '@/components/ui/button' from file 'C:/Users/DION-SERVER/Desktop/noble.dion.sy/packages/noble/Training/src/Resources/js/Pages/trainings/index.tsx'
    Imported via '@/components/ui/button' from file 'C:/Users/DION-SERVER/Desktop/noble.dion.sy/packages/noble/Twilio/src/Resources/js/settings/components/twilio-settings.tsx'
    Imported via '@/components/ui/button' from file 'C:/Users/DION-SERVER/Desktop/noble.dion.sy/packages/noble/Webhook/src/Resources/js/settings/components/webhook-settings.tsx'
    Imported via '@/components/ui/button' from file 'C:/Users/DION-SERVER/Desktop/noble.dion.sy/packages/noble/ZoomMeeting/src/Resources/js/Pages/ZoomMeetings/Create.tsx'
    Imported via '@/components/ui/button' from file 'C:/Users/DION-SERVER/Desktop/noble.dion.sy/packages/noble/ZoomMeeting/src/Resources/js/Pages/ZoomMeetings/Edit.tsx'
    Imported via '@/components/ui/button' from file 'C:/Users/DION-SERVER/Desktop/noble.dion.sy/packages/noble/ZoomMeeting/src/Resources/js/Pages/ZoomMeetings/Index.tsx'
    Imported via '@/components/ui/button' from file 'C:/Users/DION-SERVER/Desktop/noble.dion.sy/packages/noble/ZoomMeeting/src/Resources/js/Pages/ZoomMeetings/Show.tsx'
    Imported via '@/components/ui/button' from file 'C:/Users/DION-SERVER/Desktop/noble.dion.sy/packages/noble/ZoomMeeting/src/Resources/js/settings/components/zoom-meeting-settings.tsx'
packages/noble/SupportTicket/src/Resources/js/faq/Import.tsx(5,23): error TS1149: File name 'C:/Users/DION-SERVER/Desktop/noble.dion.sy/resources/js/Components/ui/input.tsx' differs from already included file name 'C:/Users/DION-SERVER/Desktop/noble.dion.sy/resources/js/components/ui/input.tsx' only in casing.
  The file is in the program because:
    Imported via '@/components/ui/input' from file 'C:/Users/DION-SERVER/Desktop/noble.dion.sy/resources/js/pages/settings/components/brand-settings.tsx'
    Imported via './ui/input' from file 'C:/Users/DION-SERVER/Desktop/noble.dion.sy/resources/js/components/MediaPicker.tsx'
    Imported via './ui/input' from file 'C:/Users/DION-SERVER/Desktop/noble.dion.sy/resources/js/components/MediaLibraryModal.tsx'
    Imported via './input' from file 'C:/Users/DION-SERVER/Desktop/noble.dion.sy/resources/js/components/ui/select.tsx'
    Imported via '@/components/ui/input' from file 'C:/Users/DION-SERVER/Desktop/noble.dion.sy/resources/js/pages/settings/components/company-settings.tsx'
    Imported via '@/components/ui/input' from file 'C:/Users/DION-SERVER/Desktop/noble.dion.sy/resources/js/pages/settings/components/system-settings.tsx'
    Imported via '@/components/ui/input' from file 'C:/Users/DION-SERVER/Desktop/noble.dion.sy/resources/js/pages/settings/components/currency-settings.tsx'
    Imported via '@/components/ui/input' from file 'C:/Users/DION-SERVER/Desktop/noble.dion.sy/resources/js/pages/settings/components/seo-settings.tsx'
    Imported via '@/components/ui/input' from file 'C:/Users/DION-SERVER/Desktop/noble.dion.sy/resources/js/pages/settings/components/storage-settings.tsx'
    Imported via '@/components/ui/input' from file 'C:/Users/DION-SERVER/Desktop/noble.dion.sy/resources/js/pages/settings/components/email-settings.tsx'
    Imported via '@/components/ui/input' from file 'C:/Users/DION-SERVER/Desktop/noble.dion.sy/resources/js/pages/settings/components/pusher-settings.tsx'
    Imported via '@/components/ui/input' from file 'C:/Users/DION-SERVER/Desktop/noble.dion.sy/resources/js/pages/settings/components/cookie-settings.tsx'
    Imported via '@/components/ui/input' from file 'C:/Users/DION-SERVER/Desktop/noble.dion.sy/resources/js/pages/settings/components/bank-transfer-settings.tsx'
    Imported via './input' from file 'C:/Users/DION-SERVER/Desktop/noble.dion.sy/resources/js/components/ui/icon-picker.tsx'
    Imported via '@/components/ui/input' from file 'C:/Users/DION-SERVER/Desktop/noble.dion.sy/resources/js/components/ui/sidebar.tsx'
    Imported via '@/components/ui/input' from file 'C:/Users/DION-SERVER/Desktop/noble.dion.sy/resources/js/components/create-language-modal.tsx'
    Imported via './input' from file 'C:/Users/DION-SERVER/Desktop/noble.dion.sy/resources/js/components/ui/currency-input.tsx'
    Imported via './input' from file 'C:/Users/DION-SERVER/Desktop/noble.dion.sy/resources/js/components/ui/data-table.tsx'
    Matched by include pattern 'resources/js/**/*.tsx' in 'C:/Users/DION-SERVER/Desktop/noble.dion.sy/tsconfig.json'
    Imported via '@/components/ui/input' from file 'C:/Users/DION-SERVER/Desktop/noble.dion.sy/resources/js/components/ui/module-card.tsx'
    Imported via './input' from file 'C:/Users/DION-SERVER/Desktop/noble.dion.sy/resources/js/components/ui/multi-select.tsx'
    Imported via './input' from file 'C:/Users/DION-SERVER/Desktop/noble.dion.sy/resources/js/components/ui/phone-input.tsx'
    Imported via './input' from file 'C:/Users/DION-SERVER/Desktop/noble.dion.sy/resources/js/components/ui/repeater.tsx'
    Imported via './input' from file 'C:/Users/DION-SERVER/Desktop/noble.dion.sy/resources/js/components/ui/search-input.tsx'
    Imported via './input' from file 'C:/Users/DION-SERVER/Desktop/noble.dion.sy/resources/js/components/ui/tags-input.tsx'
    Imported via '@/components/ui/input' from file 'C:/Users/DION-SERVER/Desktop/noble.dion.sy/resources/js/components/ui/translation-item.tsx'
    Imported via '@/components/ui/input' from file 'C:/Users/DION-SERVER/Desktop/noble.dion.sy/resources/js/pages/media-library.tsx'
    Imported via '@/components/ui/input' from file 'C:/Users/DION-SERVER/Desktop/noble.dion.sy/resources/js/pages/EmailTemplates/Edit.tsx'
    Imported via '@/components/ui/input' from file 'C:/Users/DION-SERVER/Desktop/noble.dion.sy/resources/js/pages/EmailTemplates/Index.tsx'
    Imported via '@/components/ui/input' from file 'C:/Users/DION-SERVER/Desktop/noble.dion.sy/resources/js/pages/Installer/Environment.tsx'
    Imported via '@/components/ui/input' from file 'C:/Users/DION-SERVER/Desktop/noble.dion.sy/resources/js/pages/MissionCommand/Gamification.tsx'
    Imported via '@/components/ui/input' from file 'C:/Users/DION-SERVER/Desktop/noble.dion.sy/resources/js/pages/MissionCommand/NotificationsHub.tsx'
    Imported via '@/components/ui/input' from file 'C:/Users/DION-SERVER/Desktop/noble.dion.sy/resources/js/pages/MissionCommand/AffiliateEngine/Index.tsx'
    Imported via '@/components/ui/input' from file 'C:/Users/DION-SERVER/Desktop/noble.dion.sy/resources/js/pages/MissionCommand/SecurityAudit/Index.tsx'
    Imported via '@/components/ui/input' from file 'C:/Users/DION-SERVER/Desktop/noble.dion.sy/resources/js/pages/MissionCommand/UnifiedInbox/Index.tsx'
    Imported via '@/components/ui/input' from file 'C:/Users/DION-SERVER/Desktop/noble.dion.sy/resources/js/pages/Purchase/components/InvoiceItemsTable.tsx'
    Imported via '@/components/ui/input' from file 'C:/Users/DION-SERVER/Desktop/noble.dion.sy/resources/js/pages/Purchase/Create.tsx'
    Imported via '@/components/ui/input' from file 'C:/Users/DION-SERVER/Desktop/noble.dion.sy/resources/js/pages/Purchase/Edit.tsx'
    Imported via '@/components/ui/input' from file 'C:/Users/DION-SERVER/Desktop/noble.dion.sy/resources/js/pages/Purchase/Index.tsx'
    Imported via '@/components/ui/input' from file 'C:/Users/DION-SERVER/Desktop/noble.dion.sy/resources/js/pages/PurchaseReturns/Create.tsx'
    Imported via '@/components/ui/input' from file 'C:/Users/DION-SERVER/Desktop/noble.dion.sy/resources/js/pages/Sales/components/InvoiceItemsTable.tsx'
    Imported via '@/components/ui/input' from file 'C:/Users/DION-SERVER/Desktop/noble.dion.sy/resources/js/pages/Sales/Create.tsx'
    Imported via '@/components/ui/input' from file 'C:/Users/DION-SERVER/Desktop/noble.dion.sy/resources/js/pages/Sales/Edit.tsx'
    Imported via '@/components/ui/input' from file 'C:/Users/DION-SERVER/Desktop/noble.dion.sy/resources/js/pages/SalesProposals/Create.tsx'
    Imported via '@/components/ui/input' from file 'C:/Users/DION-SERVER/Desktop/noble.dion.sy/resources/js/pages/SalesProposals/Edit.tsx'
    Imported via '@/components/ui/input' from file 'C:/Users/DION-SERVER/Desktop/noble.dion.sy/resources/js/pages/SalesReturns/Create.tsx'
    Imported via '@/components/ui/input' from file 'C:/Users/DION-SERVER/Desktop/noble.dion.sy/resources/js/pages/Transfers/Index.tsx'
    Imported via '@/components/ui/input' from file 'C:/Users/DION-SERVER/Desktop/noble.dion.sy/resources/js/pages/Transfers/create.tsx'
    Imported via '@/components/ui/input' from file 'C:/Users/DION-SERVER/Desktop/noble.dion.sy/resources/js/pages/auth/confirm-password.tsx'
    Imported via '@/components/ui/input' from file 'C:/Users/DION-SERVER/Desktop/noble.dion.sy/resources/js/pages/auth/forgot-password.tsx'
    Imported via '@/components/ui/input' from file 'C:/Users/DION-SERVER/Desktop/noble.dion.sy/resources/js/pages/auth/login.tsx'
    Imported via '@/components/ui/input' from file 'C:/Users/DION-SERVER/Desktop/noble.dion.sy/resources/js/pages/auth/register.tsx'
    Imported via '@/components/ui/input' from file 'C:/Users/DION-SERVER/Desktop/noble.dion.sy/resources/js/pages/auth/reset-password.tsx'
    Imported via '@/components/ui/input' from file 'C:/Users/DION-SERVER/Desktop/noble.dion.sy/resources/js/pages/bank-transfer/index.tsx'
    Imported via '@/components/ui/input' from file 'C:/Users/DION-SERVER/Desktop/noble.dion.sy/resources/js/pages/coupons/create.tsx'
    Imported via '@/components/ui/input' from file 'C:/Users/DION-SERVER/Desktop/noble.dion.sy/resources/js/pages/coupons/details.tsx'
    Imported via '@/components/ui/input' from file 'C:/Users/DION-SERVER/Desktop/noble.dion.sy/resources/js/pages/coupons/edit.tsx'
    Imported via '@/components/ui/input' from file 'C:/Users/DION-SERVER/Desktop/noble.dion.sy/resources/js/pages/coupons/index.tsx'
    Imported via '@/components/ui/input' from file 'C:/Users/DION-SERVER/Desktop/noble.dion.sy/resources/js/pages/helpdesk/categories/create.tsx'
    Imported via '@/components/ui/input' from file 'C:/Users/DION-SERVER/Desktop/noble.dion.sy/resources/js/pages/helpdesk/categories/edit.tsx'
    Imported via '@/components/ui/input' from file 'C:/Users/DION-SERVER/Desktop/noble.dion.sy/resources/js/pages/helpdesk/tickets/create.tsx'
    Imported via '@/components/ui/input' from file 'C:/Users/DION-SERVER/Desktop/noble.dion.sy/resources/js/pages/helpdesk/tickets/edit.tsx'
    Imported via '@/components/ui/input' from file 'C:/Users/DION-SERVER/Desktop/noble.dion.sy/resources/js/pages/helpdesk/tickets/index.tsx'
    Imported via '@/components/ui/input' from file 'C:/Users/DION-SERVER/Desktop/noble.dion.sy/resources/js/pages/languages/manage.tsx'
    Imported via '@/components/ui/input' from file 'C:/Users/DION-SERVER/Desktop/noble.dion.sy/resources/js/pages/messenger/index.tsx'
    Imported via '@/components/ui/input' from file 'C:/Users/DION-SERVER/Desktop/noble.dion.sy/resources/js/pages/notification-templates/Edit.tsx'
    Imported via '@/components/ui/input' from file 'C:/Users/DION-SERVER/Desktop/noble.dion.sy/resources/js/pages/plans/form.tsx'
    Imported via '@/components/ui/input' from file 'C:/Users/DION-SERVER/Desktop/noble.dion.sy/resources/js/pages/plans/index.tsx'
    Imported via '@/components/ui/input' from file 'C:/Users/DION-SERVER/Desktop/noble.dion.sy/resources/js/pages/plans/subscription-layout.tsx'
    Imported via '@/components/ui/input' from file 'C:/Users/DION-SERVER/Desktop/noble.dion.sy/resources/js/pages/profile/partials/update-password-form.tsx'
    Imported via '@/components/ui/input' from file 'C:/Users/DION-SERVER/Desktop/noble.dion.sy/resources/js/pages/profile/partials/update-profile-information-form.tsx'
    Imported via '@/components/ui/input' from file 'C:/Users/DION-SERVER/Desktop/noble.dion.sy/resources/js/pages/roles/create.tsx'
    Imported via '@/components/ui/input' from file 'C:/Users/DION-SERVER/Desktop/noble.dion.sy/resources/js/pages/roles/edit.tsx'
    Imported via '@/components/ui/input' from file 'C:/Users/DION-SERVER/Desktop/noble.dion.sy/resources/js/pages/roles/index.tsx'
    Imported via '@/components/ui/input' from file 'C:/Users/DION-SERVER/Desktop/noble.dion.sy/resources/js/pages/users/assign-plan.tsx'
    Imported via '@/components/ui/input' from file 'C:/Users/DION-SERVER/Desktop/noble.dion.sy/resources/js/pages/users/change-password.tsx'
    Imported via '@/components/ui/input' from file 'C:/Users/DION-SERVER/Desktop/noble.dion.sy/resources/js/pages/users/create.tsx'
    Imported via '@/components/ui/input' from file 'C:/Users/DION-SERVER/Desktop/noble.dion.sy/resources/js/pages/users/edit.tsx'
    Imported via '@/components/ui/input' from file 'C:/Users/DION-SERVER/Desktop/noble.dion.sy/resources/js/pages/users/index.tsx'
    Imported via '@/components/ui/input' from file 'C:/Users/DION-SERVER/Desktop/noble.dion.sy/resources/js/pages/users/login-history.tsx'
    Imported via '@/components/ui/input' from file 'C:/Users/DION-SERVER/Desktop/noble.dion.sy/resources/js/pages/warehouses/create.tsx'
    Imported via '@/components/ui/input' from file 'C:/Users/DION-SERVER/Desktop/noble.dion.sy/resources/js/pages/warehouses/edit.tsx'
    Imported via '@/components/ui/input' from file 'C:/Users/DION-SERVER/Desktop/noble.dion.sy/resources/js/pages/warehouses/index.tsx'
    Imported via '@/components/ui/input' from file 'C:/Users/DION-SERVER/Desktop/noble.dion.sy/packages/noble/AIAssistant/src/Resources/js/settings/components/ai-assistant-settings.tsx'
    Imported via '@/components/ui/input' from file 'C:/Users/DION-SERVER/Desktop/noble.dion.sy/packages/noble/Account/src/Resources/js/Pages/BankAccounts/Create.tsx'
    Imported via '@/components/ui/input' from file 'C:/Users/DION-SERVER/Desktop/noble.dion.sy/packages/noble/Account/src/Resources/js/Pages/BankAccounts/Edit.tsx'
    Imported via '@/components/ui/input' from file 'C:/Users/DION-SERVER/Desktop/noble.dion.sy/packages/noble/Account/src/Resources/js/Pages/BankAccounts/Index.tsx'
    Imported via '@/components/ui/input' from file 'C:/Users/DION-SERVER/Desktop/noble.dion.sy/packages/noble/Account/src/Resources/js/Pages/BankTransactions/Index.tsx'
    Imported via '@/components/ui/input' from file 'C:/Users/DION-SERVER/Desktop/noble.dion.sy/packages/noble/Account/src/Resources/js/Pages/BankTransfers/Create.tsx'
    Imported via '@/components/ui/input' from file 'C:/Users/DION-SERVER/Desktop/noble.dion.sy/packages/noble/Account/src/Resources/js/Pages/BankTransfers/Edit.tsx'
    Imported via '@/components/ui/input' from file 'C:/Users/DION-SERVER/Desktop/noble.dion.sy/packages/noble/Account/src/Resources/js/Pages/BankTransfers/Index.tsx'
    Imported via '@/components/ui/input' from file 'C:/Users/DION-SERVER/Desktop/noble.dion.sy/packages/noble/Account/src/Resources/js/Pages/ChartOfAccounts/Create.tsx'
    Imported via '@/components/ui/input' from file 'C:/Users/DION-SERVER/Desktop/noble.dion.sy/packages/noble/Account/src/Resources/js/Pages/ChartOfAccounts/Edit.tsx'
    Imported via '@/components/ui/input' from file 'C:/Users/DION-SERVER/Desktop/noble.dion.sy/packages/noble/Account/src/Resources/js/Pages/CreditNotes/Create.tsx'
    Imported via '@/components/ui/input' from file 'C:/Users/DION-SERVER/Desktop/noble.dion.sy/packages/noble/Account/src/Resources/js/Pages/CustomerPayments/Create.tsx'
    Imported via '@/components/ui/input' from file 'C:/Users/DION-SERVER/Desktop/noble.dion.sy/packages/noble/Account/src/Resources/js/Pages/Customers/Create.tsx'
    Imported via '@/components/ui/input' from file 'C:/Users/DION-SERVER/Desktop/noble.dion.sy/packages/noble/Account/src/Resources/js/Pages/Customers/Edit.tsx'
    Imported via '@/components/ui/input' from file 'C:/Users/DION-SERVER/Desktop/noble.dion.sy/packages/noble/Account/src/Resources/js/Pages/Customers/Index.tsx'
    Imported via '@/components/ui/input' from file 'C:/Users/DION-SERVER/Desktop/noble.dion.sy/packages/noble/Account/src/Resources/js/Pages/DebitNotes/Create.tsx'
    Imported via '@/components/ui/input' from file 'C:/Users/DION-SERVER/Desktop/noble.dion.sy/packages/noble/Account/src/Resources/js/Pages/Expenses/Create.tsx'
    Imported via '@/components/ui/input' from file 'C:/Users/DION-SERVER/Desktop/noble.dion.sy/packages/noble/Account/src/Resources/js/Pages/Expenses/Edit.tsx'
    Imported via '@/components/ui/input' from file 'C:/Users/DION-SERVER/Desktop/noble.dion.sy/packages/noble/Account/src/Resources/js/Pages/Revenues/Create.tsx'
    Imported via '@/components/ui/input' from file 'C:/Users/DION-SERVER/Desktop/noble.dion.sy/packages/noble/Account/src/Resources/js/Pages/Revenues/Edit.tsx'
    Imported via '@/components/ui/input' from file 'C:/Users/DION-SERVER/Desktop/noble.dion.sy/packages/noble/Account/src/Resources/js/Pages/SystemSetup/AccountTypes/Create.tsx'
    Imported via '@/components/ui/input' from file 'C:/Users/DION-SERVER/Desktop/noble.dion.sy/packages/noble/Account/src/Resources/js/Pages/SystemSetup/AccountTypes/Edit.tsx'
    Imported via '@/components/ui/input' from file 'C:/Users/DION-SERVER/Desktop/noble.dion.sy/packages/noble/Account/src/Resources/js/Pages/SystemSetup/ExpenseCategories/Create.tsx'
    Imported via '@/components/ui/input' from file 'C:/Users/DION-SERVER/Desktop/noble.dion.sy/packages/noble/Account/src/Resources/js/Pages/SystemSetup/ExpenseCategories/Edit.tsx'
    Imported via '@/components/ui/input' from file 'C:/Users/DION-SERVER/Desktop/noble.dion.sy/packages/noble/Account/src/Resources/js/Pages/SystemSetup/RevenueCategories/Create.tsx'
    Imported via '@/components/ui/input' from file 'C:/Users/DION-SERVER/Desktop/noble.dion.sy/packages/noble/Account/src/Resources/js/Pages/SystemSetup/RevenueCategories/Edit.tsx'
    Imported via '@/components/ui/input' from file 'C:/Users/DION-SERVER/Desktop/noble.dion.sy/packages/noble/Account/src/Resources/js/Pages/VendorPayments/Create.tsx'
    Imported via '@/components/ui/input' from file 'C:/Users/DION-SERVER/Desktop/noble.dion.sy/packages/noble/Account/src/Resources/js/Pages/VendorPayments/Index.tsx'
    Imported via '@/components/ui/input' from file 'C:/Users/DION-SERVER/Desktop/noble.dion.sy/packages/noble/Account/src/Resources/js/Pages/Vendors/Create.tsx'
    Imported via '@/components/ui/input' from file 'C:/Users/DION-SERVER/Desktop/noble.dion.sy/packages/noble/Account/src/Resources/js/Pages/Vendors/Edit.tsx'
    Imported via '@/components/ui/input' from file 'C:/Users/DION-SERVER/Desktop/noble.dion.sy/packages/noble/Account/src/Resources/js/Pages/Vendors/Index.tsx'
    Imported via '@/components/ui/input' from file 'C:/Users/DION-SERVER/Desktop/noble.dion.sy/packages/noble/BudgetPlanner/src/Resources/js/Pages/BudgetPeriods/Create.tsx'
    Imported via '@/components/ui/input' from file 'C:/Users/DION-SERVER/Desktop/noble.dion.sy/packages/noble/BudgetPlanner/src/Resources/js/Pages/BudgetPeriods/Edit.tsx'
    Imported via '@/components/ui/input' from file 'C:/Users/DION-SERVER/Desktop/noble.dion.sy/packages/noble/BudgetPlanner/src/Resources/js/Pages/BudgetPeriods/Index.tsx'
    Imported via '@/components/ui/input' from file 'C:/Users/DION-SERVER/Desktop/noble.dion.sy/packages/noble/BudgetPlanner/src/Resources/js/Pages/Budgets/Create.tsx'
    Imported via '@/components/ui/input' from file 'C:/Users/DION-SERVER/Desktop/noble.dion.sy/packages/noble/BudgetPlanner/src/Resources/js/Pages/Budgets/Edit.tsx'
    Imported via '@/components/ui/input' from file 'C:/Users/DION-SERVER/Desktop/noble.dion.sy/packages/noble/Calendar/src/Resources/js/settings/components/google-calendar-settings.tsx'
    Imported via '@/components/ui/input' from file 'C:/Users/DION-SERVER/Desktop/noble.dion.sy/packages/noble/Contract/src/Resources/js/Pages/ContractTypes/Create.tsx'
    Imported via '@/components/ui/input' from file 'C:/Users/DION-SERVER/Desktop/noble.dion.sy/packages/noble/Contract/src/Resources/js/Pages/ContractTypes/Edit.tsx'
    Imported via '@/components/ui/input' from file 'C:/Users/DION-SERVER/Desktop/noble.dion.sy/packages/noble/Contract/src/Resources/js/Pages/Contracts/Create.tsx'
    Imported via '@/components/ui/input' from file 'C:/Users/DION-SERVER/Desktop/noble.dion.sy/packages/noble/Contract/src/Resources/js/Pages/Contracts/Duplicate.tsx'
    Imported via '@/components/ui/input' from file 'C:/Users/DION-SERVER/Desktop/noble.dion.sy/packages/noble/Contract/src/Resources/js/Pages/Contracts/Edit.tsx'
    Imported via '@/components/ui/input' from file 'C:/Users/DION-SERVER/Desktop/noble.dion.sy/packages/noble/Contract/src/Resources/js/settings/components/contract-settings.tsx'
    Imported via '@/components/ui/input' from file 'C:/Users/DION-SERVER/Desktop/noble.dion.sy/packages/noble/DoubleEntry/src/Resources/js/Pages/BalanceSheets/Generate.tsx'
    Imported via '@/components/ui/input' from file 'C:/Users/DION-SERVER/Desktop/noble.dion.sy/packages/noble/DoubleEntry/src/Resources/js/Pages/BalanceSheets/Index.tsx'
    Imported via '@/components/ui/input' from file 'C:/Users/DION-SERVER/Desktop/noble.dion.sy/packages/noble/DoubleEntry/src/Resources/js/Pages/BalanceSheets/YearEndClose.tsx'
    Imported via '@/components/ui/input' from file 'C:/Users/DION-SERVER/Desktop/noble.dion.sy/packages/noble/DoubleEntry/src/Resources/js/Pages/BalanceSheets/Note.tsx'
    Imported via '@/components/ui/input' from file 'C:/Users/DION-SERVER/Desktop/noble.dion.sy/packages/noble/DoubleEntry/src/Resources/js/Pages/BalanceSheets/View.tsx'
    Imported via '@/components/ui/input' from file 'C:/Users/DION-SERVER/Desktop/noble.dion.sy/packages/noble/DoubleEntry/src/Resources/js/Pages/LedgerSummary/Index.tsx'
    Imported via '@/components/ui/input' from file 'C:/Users/DION-SERVER/Desktop/noble.dion.sy/packages/noble/FormBuilder/src/Resources/js/Pages/Forms/Create.tsx'
    Imported via '@/components/ui/input' from file 'C:/Users/DION-SERVER/Desktop/noble.dion.sy/packages/noble/FormBuilder/src/Resources/js/Pages/Forms/Edit.tsx'
    Imported via '@/components/ui/input' from file 'C:/Users/DION-SERVER/Desktop/noble.dion.sy/packages/noble/FormBuilder/src/Resources/js/components/FormField.tsx'
    Imported via '@/components/ui/input' from file 'C:/Users/DION-SERVER/Desktop/noble.dion.sy/packages/noble/Goal/src/Resources/js/Pages/Categories/Create.tsx'
    Imported via '@/components/ui/input' from file 'C:/Users/DION-SERVER/Desktop/noble.dion.sy/packages/noble/Goal/src/Resources/js/Pages/Categories/Edit.tsx'
    Imported via '@/components/ui/input' from file 'C:/Users/DION-SERVER/Desktop/noble.dion.sy/packages/noble/Goal/src/Resources/js/Pages/Contributions/Create.tsx'
    Imported via '@/components/ui/input' from file 'C:/Users/DION-SERVER/Desktop/noble.dion.sy/packages/noble/Goal/src/Resources/js/Pages/Contributions/Edit.tsx'
    Imported via '@/components/ui/input' from file 'C:/Users/DION-SERVER/Desktop/noble.dion.sy/packages/noble/Goal/src/Resources/js/Pages/Goals/Create.tsx'
    Imported via '@/components/ui/input' from file 'C:/Users/DION-SERVER/Desktop/noble.dion.sy/packages/noble/Goal/src/Resources/js/Pages/Goals/Edit.tsx'
    Imported via '@/components/ui/input' from file 'C:/Users/DION-SERVER/Desktop/noble.dion.sy/packages/noble/Goal/src/Resources/js/Pages/Milestones/Create.tsx'
    Imported via '@/components/ui/input' from file 'C:/Users/DION-SERVER/Desktop/noble.dion.sy/packages/noble/Goal/src/Resources/js/Pages/Milestones/Edit.tsx'
    Imported via '@/components/ui/input' from file 'C:/Users/DION-SERVER/Desktop/noble.dion.sy/packages/noble/Goal/src/Resources/js/Pages/Tracking/Create.tsx'
    Imported via '@/components/ui/input' from file 'C:/Users/DION-SERVER/Desktop/noble.dion.sy/packages/noble/Goal/src/Resources/js/Pages/Tracking/Edit.tsx'
    Imported via '@/components/ui/input' from file 'C:/Users/DION-SERVER/Desktop/noble.dion.sy/packages/noble/GoogleCaptcha/src/Resources/js/settings/components/google-captcha-settings.tsx'
    Imported via '@/components/ui/input' from file 'C:/Users/DION-SERVER/Desktop/noble.dion.sy/packages/noble/Hrm/src/Resources/js/Pages/Announcements/Create.tsx'
    Imported via '@/components/ui/input' from file 'C:/Users/DION-SERVER/Desktop/noble.dion.sy/packages/noble/Hrm/src/Resources/js/Pages/Announcements/Edit.tsx'
    Imported via '@/components/ui/input' from file 'C:/Users/DION-SERVER/Desktop/noble.dion.sy/packages/noble/Hrm/src/Resources/js/Pages/Assets/Index.tsx'
    Imported via '@/components/ui/input' from file 'C:/Users/DION-SERVER/Desktop/noble.dion.sy/packages/noble/Hrm/src/Resources/js/Pages/Attendances/Create.tsx'
    Imported via '@/components/ui/input' from file 'C:/Users/DION-SERVER/Desktop/noble.dion.sy/packages/noble/Hrm/src/Resources/js/Pages/Attendances/Edit.tsx'
    Imported via '@/components/ui/input' from file 'C:/Users/DION-SERVER/Desktop/noble.dion.sy/packages/noble/Hrm/src/Resources/js/Pages/Attendances/Index.tsx'
    Imported via '@/components/ui/input' from file 'C:/Users/DION-SERVER/Desktop/noble.dion.sy/packages/noble/Hrm/src/Resources/js/Pages/Attendances/Tracker.tsx'
    Imported via '@/components/ui/input' from file 'C:/Users/DION-SERVER/Desktop/noble.dion.sy/packages/noble/Hrm/src/Resources/js/Pages/Awards/Create.tsx'
    Imported via '@/components/ui/input' from file 'C:/Users/DION-SERVER/Desktop/noble.dion.sy/packages/noble/Hrm/src/Resources/js/Pages/Awards/Edit.tsx'
    Imported via '@/components/ui/input' from file 'C:/Users/DION-SERVER/Desktop/noble.dion.sy/packages/noble/Hrm/src/Resources/js/Pages/Complaints/Create.tsx'
    Imported via '@/components/ui/input' from file 'C:/Users/DION-SERVER/Desktop/noble.dion.sy/packages/noble/Hrm/src/Resources/js/Pages/Complaints/Edit.tsx'
    Imported via '@/components/ui/input' from file 'C:/Users/DION-SERVER/Desktop/noble.dion.sy/packages/noble/Hrm/src/Resources/js/Pages/Contracts/Index.tsx'
    Imported via '@/components/ui/input' from file 'C:/Users/DION-SERVER/Desktop/noble.dion.sy/packages/noble/Hrm/src/Resources/js/Pages/Employees/Create.tsx'
    Imported via '@/components/ui/input' from file 'C:/Users/DION-SERVER/Desktop/noble.dion.sy/packages/noble/Hrm/src/Resources/js/Pages/Employees/Edit.tsx'
    Imported via '@/components/ui/input' from file 'C:/Users/DION-SERVER/Desktop/noble.dion.sy/packages/noble/Hrm/src/Resources/js/Pages/Events/Create.tsx'
    Imported via '@/components/ui/input' from file 'C:/Users/DION-SERVER/Desktop/noble.dion.sy/packages/noble/Hrm/src/Resources/js/Pages/Events/Edit.tsx'
    Imported via '@/components/ui/input' from file 'C:/Users/DION-SERVER/Desktop/noble.dion.sy/packages/noble/Hrm/src/Resources/js/Pages/FinalSettlement/Index.tsx'
    Imported via '@/components/ui/input' from file 'C:/Users/DION-SERVER/Desktop/noble.dion.sy/packages/noble/Hrm/src/Resources/js/Pages/Holidays/Create.tsx'
    Imported via '@/components/ui/input' from file 'C:/Users/DION-SERVER/Desktop/noble.dion.sy/packages/noble/Hrm/src/Resources/js/Pages/Holidays/Edit.tsx'
    Imported via '@/components/ui/input' from file 'C:/Users/DION-SERVER/Desktop/noble.dion.sy/packages/noble/Hrm/src/Resources/js/Pages/HrmDocuments/Create.tsx'
    Imported via '@/components/ui/input' from file 'C:/Users/DION-SERVER/Desktop/noble.dion.sy/packages/noble/Hrm/src/Resources/js/Pages/HrmDocuments/Edit.tsx'
    Imported via '@/components/ui/input' from file 'C:/Users/DION-SERVER/Desktop/noble.dion.sy/packages/noble/Hrm/src/Resources/js/Pages/LeaveApplications/Index.tsx'
    Imported via '@/components/ui/input' from file 'C:/Users/DION-SERVER/Desktop/noble.dion.sy/packages/noble/Hrm/src/Resources/js/Pages/LeaveTypes/Create.tsx'
    Imported via '@/components/ui/input' from file 'C:/Users/DION-SERVER/Desktop/noble.dion.sy/packages/noble/Hrm/src/Resources/js/Pages/LeaveTypes/Edit.tsx'
    Imported via '@/components/ui/input' from file 'C:/Users/DION-SERVER/Desktop/noble.dion.sy/packages/noble/Hrm/src/Resources/js/Pages/Onboarding/Index.tsx'
    Imported via '@/components/ui/input' from file 'C:/Users/DION-SERVER/Desktop/noble.dion.sy/packages/noble/Hrm/src/Resources/js/Pages/Payrolls/Create.tsx'
    Imported via '@/components/ui/input' from file 'C:/Users/DION-SERVER/Desktop/noble.dion.sy/packages/noble/Hrm/src/Resources/js/Pages/Payrolls/Edit.tsx'
    Imported via '@/components/ui/input' from file 'C:/Users/DION-SERVER/Desktop/noble.dion.sy/packages/noble/Hrm/src/Resources/js/Pages/Resignations/Create.tsx'
    Imported via '@/components/ui/input' from file 'C:/Users/DION-SERVER/Desktop/noble.dion.sy/packages/noble/Hrm/src/Resources/js/Pages/Resignations/Edit.tsx'
    Imported via '@/components/ui/input' from file 'C:/Users/DION-SERVER/Desktop/noble.dion.sy/packages/noble/Hrm/src/Resources/js/Pages/SetSalary/Show.tsx'
    Imported via '@/components/ui/input' from file 'C:/Users/DION-SERVER/Desktop/noble.dion.sy/packages/noble/Hrm/src/Resources/js/Pages/SetSalary/Allowances/Create.tsx'
    Imported via '@/components/ui/input' from file 'C:/Users/DION-SERVER/Desktop/noble.dion.sy/packages/noble/Hrm/src/Resources/js/Pages/SetSalary/Allowances/Edit.tsx'
    Imported via '@/components/ui/input' from file 'C:/Users/DION-SERVER/Desktop/noble.dion.sy/packages/noble/Hrm/src/Resources/js/Pages/SetSalary/Deductions/Create.tsx'
    Imported via '@/components/ui/input' from file 'C:/Users/DION-SERVER/Desktop/noble.dion.sy/packages/noble/Hrm/src/Resources/js/Pages/SetSalary/Deductions/Edit.tsx'
    Imported via '@/components/ui/input' from file 'C:/Users/DION-SERVER/Desktop/noble.dion.sy/packages/noble/Hrm/src/Resources/js/Pages/SetSalary/Loans/Create.tsx'
    Imported via '@/components/ui/input' from file 'C:/Users/DION-SERVER/Desktop/noble.dion.sy/packages/noble/Hrm/src/Resources/js/Pages/SetSalary/Loans/Edit.tsx'
    Imported via '@/components/ui/input' from file 'C:/Users/DION-SERVER/Desktop/noble.dion.sy/packages/noble/Hrm/src/Resources/js/Pages/SetSalary/Overtimes/Create.tsx'
    Imported via '@/components/ui/input' from file 'C:/Users/DION-SERVER/Desktop/noble.dion.sy/packages/noble/Hrm/src/Resources/js/Pages/SetSalary/Overtimes/Edit.tsx'
    Imported via '@/components/ui/input' from file 'C:/Users/DION-SERVER/Desktop/noble.dion.sy/packages/noble/Hrm/src/Resources/js/Pages/Shifts/Create.tsx'
    Imported via '@/components/ui/input' from file 'C:/Users/DION-SERVER/Desktop/noble.dion.sy/packages/noble/Hrm/src/Resources/js/Pages/Shifts/Edit.tsx'
    Imported via '@/components/ui/input' from file 'C:/Users/DION-SERVER/Desktop/noble.dion.sy/packages/noble/Hrm/src/Resources/js/Pages/SystemSetup/AllowanceTypes/Create.tsx'
    Imported via '@/components/ui/input' from file 'C:/Users/DION-SERVER/Desktop/noble.dion.sy/packages/noble/Hrm/src/Resources/js/Pages/SystemSetup/AllowanceTypes/Edit.tsx'
    Imported via '@/components/ui/input' from file 'C:/Users/DION-SERVER/Desktop/noble.dion.sy/packages/noble/Hrm/src/Resources/js/Pages/SystemSetup/AnnouncementCategories/Create.tsx'
    Imported via '@/components/ui/input' from file 'C:/Users/DION-SERVER/Desktop/noble.dion.sy/packages/noble/Hrm/src/Resources/js/Pages/SystemSetup/AnnouncementCategories/Edit.tsx'
    Imported via '@/components/ui/input' from file 'C:/Users/DION-SERVER/Desktop/noble.dion.sy/packages/noble/Hrm/src/Resources/js/Pages/SystemSetup/AwardTypes/Create.tsx'
    Imported via '@/components/ui/input' from file 'C:/Users/DION-SERVER/Desktop/noble.dion.sy/packages/noble/Hrm/src/Resources/js/Pages/SystemSetup/AwardTypes/Edit.tsx'
    Imported via '@/components/ui/input' from file 'C:/Users/DION-SERVER/Desktop/noble.dion.sy/packages/noble/Hrm/src/Resources/js/Pages/SystemSetup/Branches/Create.tsx'
    Imported via '@/components/ui/input' from file 'C:/Users/DION-SERVER/Desktop/noble.dion.sy/packages/noble/Hrm/src/Resources/js/Pages/SystemSetup/Branches/Edit.tsx'
    Imported via '@/components/ui/input' from file 'C:/Users/DION-SERVER/Desktop/noble.dion.sy/packages/noble/Hrm/src/Resources/js/Pages/SystemSetup/ComplaintTypes/Create.tsx'
    Imported via '@/components/ui/input' from file 'C:/Users/DION-SERVER/Desktop/noble.dion.sy/packages/noble/Hrm/src/Resources/js/Pages/SystemSetup/ComplaintTypes/Edit.tsx'
    Imported via '@/components/ui/input' from file 'C:/Users/DION-SERVER/Desktop/noble.dion.sy/packages/noble/Hrm/src/Resources/js/Pages/SystemSetup/DeductionTypes/Create.tsx'
    Imported via '@/components/ui/input' from file 'C:/Users/DION-SERVER/Desktop/noble.dion.sy/packages/noble/Hrm/src/Resources/js/Pages/SystemSetup/DeductionTypes/Edit.tsx'
    Imported via '@/components/ui/input' from file 'C:/Users/DION-SERVER/Desktop/noble.dion.sy/packages/noble/Hrm/src/Resources/js/Pages/SystemSetup/Departments/Create.tsx'
    Imported via '@/components/ui/input' from file 'C:/Users/DION-SERVER/Desktop/noble.dion.sy/packages/noble/Hrm/src/Resources/js/Pages/SystemSetup/Departments/Edit.tsx'
    Imported via '@/components/ui/input' from file 'C:/Users/DION-SERVER/Desktop/noble.dion.sy/packages/noble/Hrm/src/Resources/js/Pages/SystemSetup/Designations/Create.tsx'
    Imported via '@/components/ui/input' from file 'C:/Users/DION-SERVER/Desktop/noble.dion.sy/packages/noble/Hrm/src/Resources/js/Pages/SystemSetup/Designations/Edit.tsx'
    Imported via '@/components/ui/input' from file 'C:/Users/DION-SERVER/Desktop/noble.dion.sy/packages/noble/Hrm/src/Resources/js/Pages/SystemSetup/DocumentCategories/Create.tsx'
    Imported via '@/components/ui/input' from file 'C:/Users/DION-SERVER/Desktop/noble.dion.sy/packages/noble/Hrm/src/Resources/js/Pages/SystemSetup/DocumentCategories/Edit.tsx'
    Imported via '@/components/ui/input' from file 'C:/Users/DION-SERVER/Desktop/noble.dion.sy/packages/noble/Hrm/src/Resources/js/Pages/SystemSetup/EmployeeDocumentTypes/Create.tsx'
    Imported via '@/components/ui/input' from file 'C:/Users/DION-SERVER/Desktop/noble.dion.sy/packages/noble/Hrm/src/Resources/js/Pages/SystemSetup/EmployeeDocumentTypes/Edit.tsx'
    Imported via '@/components/ui/input' from file 'C:/Users/DION-SERVER/Desktop/noble.dion.sy/packages/noble/Hrm/src/Resources/js/Pages/SystemSetup/EventTypes/Create.tsx'
    Imported via '@/components/ui/input' from file 'C:/Users/DION-SERVER/Desktop/noble.dion.sy/packages/noble/Hrm/src/Resources/js/Pages/SystemSetup/EventTypes/Edit.tsx'
    Imported via '@/components/ui/input' from file 'C:/Users/DION-SERVER/Desktop/noble.dion.sy/packages/noble/Hrm/src/Resources/js/Pages/SystemSetup/HolidayTypes/Create.tsx'
    Imported via '@/components/ui/input' from file 'C:/Users/DION-SERVER/Desktop/noble.dion.sy/packages/noble/Hrm/src/Resources/js/Pages/SystemSetup/HolidayTypes/Edit.tsx'
    Imported via '@/components/ui/input' from file 'C:/Users/DION-SERVER/Desktop/noble.dion.sy/packages/noble/Hrm/src/Resources/js/Pages/SystemSetup/IpRestricts/Create.tsx'
    Imported via '@/components/ui/input' from file 'C:/Users/DION-SERVER/Desktop/noble.dion.sy/packages/noble/Hrm/src/Resources/js/Pages/SystemSetup/IpRestricts/Edit.tsx'
    Imported via '@/components/ui/input' from file 'C:/Users/DION-SERVER/Desktop/noble.dion.sy/packages/noble/Hrm/src/Resources/js/Pages/SystemSetup/LoanTypes/Create.tsx'
    Imported via '@/components/ui/input' from file 'C:/Users/DION-SERVER/Desktop/noble.dion.sy/packages/noble/Hrm/src/Resources/js/Pages/SystemSetup/LoanTypes/Edit.tsx'
    Imported via '@/components/ui/input' from file 'C:/Users/DION-SERVER/Desktop/noble.dion.sy/packages/noble/Hrm/src/Resources/js/Pages/SystemSetup/TerminationTypes/Create.tsx'
    Imported via '@/components/ui/input' from file 'C:/Users/DION-SERVER/Desktop/noble.dion.sy/packages/noble/Hrm/src/Resources/js/Pages/SystemSetup/TerminationTypes/Edit.tsx'
    Imported via '@/components/ui/input' from file 'C:/Users/DION-SERVER/Desktop/noble.dion.sy/packages/noble/Hrm/src/Resources/js/Pages/SystemSetup/ViolationTypes/Index.tsx'
    Imported via '@/components/ui/input' from file 'C:/Users/DION-SERVER/Desktop/noble.dion.sy/packages/noble/Hrm/src/Resources/js/Pages/SystemSetup/WarningTypes/Create.tsx'
    Imported via '@/components/ui/input' from file 'C:/Users/DION-SERVER/Desktop/noble.dion.sy/packages/noble/Hrm/src/Resources/js/Pages/SystemSetup/WarningTypes/Edit.tsx'
    Imported via '@/components/ui/input' from file 'C:/Users/DION-SERVER/Desktop/noble.dion.sy/packages/noble/Hrm/src/Resources/js/Pages/Terminations/Create.tsx'
    Imported via '@/components/ui/input' from file 'C:/Users/DION-SERVER/Desktop/noble.dion.sy/packages/noble/Hrm/src/Resources/js/Pages/Terminations/Edit.tsx'
    Imported via '@/components/ui/input' from file 'C:/Users/DION-SERVER/Desktop/noble.dion.sy/packages/noble/Hrm/src/Resources/js/Pages/VacationSettlement/Index.tsx'
    Imported via '@/components/ui/input' from file 'C:/Users/DION-SERVER/Desktop/noble.dion.sy/packages/noble/Hrm/src/Resources/js/Pages/Violations/Index.tsx'
    Imported via '@/components/ui/input' from file 'C:/Users/DION-SERVER/Desktop/noble.dion.sy/packages/noble/Hrm/src/Resources/js/Pages/Warnings/Create.tsx'
    Imported via '@/components/ui/input' from file 'C:/Users/DION-SERVER/Desktop/noble.dion.sy/packages/noble/Hrm/src/Resources/js/Pages/Warnings/Edit.tsx'
    Imported via '@/components/ui/input' from file 'C:/Users/DION-SERVER/Desktop/noble.dion.sy/packages/noble/LandingPage/src/Resources/js/Pages/components/settings/General.tsx'
    Imported via '@/components/ui/input' from file 'C:/Users/DION-SERVER/Desktop/noble.dion.sy/packages/noble/LandingPage/src/Resources/js/Pages/components/settings/Hero.tsx'
    Imported via '@/components/ui/input' from file 'C:/Users/DION-SERVER/Desktop/noble.dion.sy/packages/noble/LandingPage/src/Resources/js/Pages/components/settings/Header.tsx'
    Imported via '@/components/ui/input' from file 'C:/Users/DION-SERVER/Desktop/noble.dion.sy/packages/noble/LandingPage/src/Resources/js/Pages/components/settings/Features.tsx'
    Imported via '@/components/ui/input' from file 'C:/Users/DION-SERVER/Desktop/noble.dion.sy/packages/noble/LandingPage/src/Resources/js/Pages/components/settings/Modules.tsx'
    Imported via '@/components/ui/input' from file 'C:/Users/DION-SERVER/Desktop/noble.dion.sy/packages/noble/LandingPage/src/Resources/js/Pages/components/settings/Benefits.tsx'
    Imported via '@/components/ui/input' from file 'C:/Users/DION-SERVER/Desktop/noble.dion.sy/packages/noble/LandingPage/src/Resources/js/Pages/components/settings/Gallery.tsx'
    Imported via '@/components/ui/input' from file 'C:/Users/DION-SERVER/Desktop/noble.dion.sy/packages/noble/LandingPage/src/Resources/js/Pages/components/settings/CTA.tsx'
    Imported via '@/components/ui/input' from file 'C:/Users/DION-SERVER/Desktop/noble.dion.sy/packages/noble/LandingPage/src/Resources/js/Pages/components/settings/Footer.tsx'
    Imported via '@/components/ui/input' from file 'C:/Users/DION-SERVER/Desktop/noble.dion.sy/packages/noble/LandingPage/src/Resources/js/Pages/components/settings/Colors.tsx'
    Imported via '@/components/ui/input' from file 'C:/Users/DION-SERVER/Desktop/noble.dion.sy/packages/noble/LandingPage/src/Resources/js/Pages/components/settings/Pricing.tsx'
    Imported via '@/components/ui/input' from file 'C:/Users/DION-SERVER/Desktop/noble.dion.sy/packages/noble/LandingPage/src/Resources/js/Pages/CustomPages/Create.tsx'
    Imported via '@/components/ui/input' from file 'C:/Users/DION-SERVER/Desktop/noble.dion.sy/packages/noble/LandingPage/src/Resources/js/Pages/CustomPages/Edit.tsx'
    Imported via '@/components/ui/input' from file 'C:/Users/DION-SERVER/Desktop/noble.dion.sy/packages/noble/LandingPage/src/Resources/js/Pages/marketplace/Settings.tsx'
    Imported via '@/components/ui/input' from file 'C:/Users/DION-SERVER/Desktop/noble.dion.sy/packages/noble/Lead/src/Resources/js/Pages/Deals/Create.tsx'
    Imported via '@/components/ui/input' from file 'C:/Users/DION-SERVER/Desktop/noble.dion.sy/packages/noble/Lead/src/Resources/js/Pages/Deals/Edit.tsx'
    Imported via '@/components/ui/input' from file 'C:/Users/DION-SERVER/Desktop/noble.dion.sy/packages/noble/Lead/src/Resources/js/Pages/Deals/Show/General.tsx'
    Imported via '@/components/ui/input' from file 'C:/Users/DION-SERVER/Desktop/noble.dion.sy/packages/noble/Lead/src/Resources/js/Pages/Deals/Show/Tasks.tsx'
    Imported via '@/components/ui/input' from file 'C:/Users/DION-SERVER/Desktop/noble.dion.sy/packages/noble/Lead/src/Resources/js/Pages/Deals/Show/Calls.tsx'
    Imported via '@/components/ui/input' from file 'C:/Users/DION-SERVER/Desktop/noble.dion.sy/packages/noble/Lead/src/Resources/js/Pages/Deals/Show/Emails.tsx'
    Imported via '@/components/ui/input' from file 'C:/Users/DION-SERVER/Desktop/noble.dion.sy/packages/noble/Lead/src/Resources/js/Pages/Leads/Create.tsx'
    Imported via '@/components/ui/input' from file 'C:/Users/DION-SERVER/Desktop/noble.dion.sy/packages/noble/Lead/src/Resources/js/Pages/Leads/Edit.tsx'
    Imported via '@/components/ui/input' from file 'C:/Users/DION-SERVER/Desktop/noble.dion.sy/packages/noble/Lead/src/Resources/js/Pages/Leads/Show/General.tsx'
    Imported via '@/components/ui/input' from file 'C:/Users/DION-SERVER/Desktop/noble.dion.sy/packages/noble/Lead/src/Resources/js/Pages/Leads/Show/Tasks.tsx'
    Imported via '@/components/ui/input' from file 'C:/Users/DION-SERVER/Desktop/noble.dion.sy/packages/noble/Lead/src/Resources/js/Pages/Leads/Show/Calls.tsx'
    Imported via '@/components/ui/input' from file 'C:/Users/DION-SERVER/Desktop/noble.dion.sy/packages/noble/Lead/src/Resources/js/Pages/Leads/Show/ConvertToDeal.tsx'
    Imported via '@/components/ui/input' from file 'C:/Users/DION-SERVER/Desktop/noble.dion.sy/packages/noble/Lead/src/Resources/js/Pages/Leads/Show/Emails.tsx'
    Imported via '@/components/ui/input' from file 'C:/Users/DION-SERVER/Desktop/noble.dion.sy/packages/noble/Lead/src/Resources/js/Pages/Reports/DealReports.tsx'
    Imported via '@/components/ui/input' from file 'C:/Users/DION-SERVER/Desktop/noble.dion.sy/packages/noble/Lead/src/Resources/js/Pages/Reports/LeadReports.tsx'
    Imported via '@/components/ui/input' from file 'C:/Users/DION-SERVER/Desktop/noble.dion.sy/packages/noble/Lead/src/Resources/js/Pages/SystemSetup/DealStages/Create.tsx'
    Imported via '@/components/ui/input' from file 'C:/Users/DION-SERVER/Desktop/noble.dion.sy/packages/noble/Lead/src/Resources/js/Pages/SystemSetup/DealStages/Edit.tsx'
    Imported via '@/components/ui/input' from file 'C:/Users/DION-SERVER/Desktop/noble.dion.sy/packages/noble/Lead/src/Resources/js/Pages/SystemSetup/Labels/Create.tsx'
    Imported via '@/components/ui/input' from file 'C:/Users/DION-SERVER/Desktop/noble.dion.sy/packages/noble/Lead/src/Resources/js/Pages/SystemSetup/Labels/Edit.tsx'
    Imported via '@/components/ui/input' from file 'C:/Users/DION-SERVER/Desktop/noble.dion.sy/packages/noble/Lead/src/Resources/js/Pages/SystemSetup/LeadStages/Create.tsx'
    Imported via '@/components/ui/input' from file 'C:/Users/DION-SERVER/Desktop/noble.dion.sy/packages/noble/Lead/src/Resources/js/Pages/SystemSetup/LeadStages/Edit.tsx'
    Imported via '@/components/ui/input' from file 'C:/Users/DION-SERVER/Desktop/noble.dion.sy/packages/noble/Lead/src/Resources/js/Pages/SystemSetup/Pipelines/Create.tsx'
    Imported via '@/components/ui/input' from file 'C:/Users/DION-SERVER/Desktop/noble.dion.sy/packages/noble/Lead/src/Resources/js/Pages/SystemSetup/Pipelines/Edit.tsx'
    Imported via '@/components/ui/input' from file 'C:/Users/DION-SERVER/Desktop/noble.dion.sy/packages/noble/Lead/src/Resources/js/Pages/SystemSetup/Sources/Create.tsx'
    Imported via '@/components/ui/input' from file 'C:/Users/DION-SERVER/Desktop/noble.dion.sy/packages/noble/Lead/src/Resources/js/Pages/SystemSetup/Sources/Edit.tsx'
    Imported via '@/components/ui/input' from file 'C:/Users/DION-SERVER/Desktop/noble.dion.sy/packages/noble/Paypal/src/Resources/js/settings/components/paypal-settings.tsx'
    Imported via '@/components/ui/input' from file 'C:/Users/DION-SERVER/Desktop/noble.dion.sy/packages/noble/Performance/src/Resources/js/Pages/EmployeeGoals/Create.tsx'
    Imported via '@/components/ui/input' from file 'C:/Users/DION-SERVER/Desktop/noble.dion.sy/packages/noble/Performance/src/Resources/js/Pages/EmployeeGoals/Edit.tsx'
    Imported via '@/components/ui/input' from file 'C:/Users/DION-SERVER/Desktop/noble.dion.sy/packages/noble/Performance/src/Resources/js/Pages/EmployeeReviews/Create.tsx'
    Imported via '@/components/ui/input' from file 'C:/Users/DION-SERVER/Desktop/noble.dion.sy/packages/noble/Performance/src/Resources/js/Pages/EmployeeReviews/Edit.tsx'
    Imported via '@/components/ui/input' from file 'C:/Users/DION-SERVER/Desktop/noble.dion.sy/packages/noble/Performance/src/Resources/js/Pages/Indicators/Create.tsx'
    Imported via '@/components/ui/input' from file 'C:/Users/DION-SERVER/Desktop/noble.dion.sy/packages/noble/Performance/src/Resources/js/Pages/Indicators/Edit.tsx'
    Imported via '@/components/ui/input' from file 'C:/Users/DION-SERVER/Desktop/noble.dion.sy/packages/noble/Performance/src/Resources/js/Pages/Indicators/Index.tsx'
    Imported via '@/components/ui/input' from file 'C:/Users/DION-SERVER/Desktop/noble.dion.sy/packages/noble/Performance/src/Resources/js/Pages/ReviewCycles/Create.tsx'
    Imported via '@/components/ui/input' from file 'C:/Users/DION-SERVER/Desktop/noble.dion.sy/packages/noble/Performance/src/Resources/js/Pages/ReviewCycles/Edit.tsx'
    Imported via '@/components/ui/input' from file 'C:/Users/DION-SERVER/Desktop/noble.dion.sy/packages/noble/Performance/src/Resources/js/Pages/ReviewCycles/Index.tsx'
    Imported via '@/components/ui/input' from file 'C:/Users/DION-SERVER/Desktop/noble.dion.sy/packages/noble/Performance/src/Resources/js/Pages/SystemSetup/GoalTypes/Create.tsx'
    Imported via '@/components/ui/input' from file 'C:/Users/DION-SERVER/Desktop/noble.dion.sy/packages/noble/Performance/src/Resources/js/Pages/SystemSetup/GoalTypes/Edit.tsx'
    Imported via '@/components/ui/input' from file 'C:/Users/DION-SERVER/Desktop/noble.dion.sy/packages/noble/Performance/src/Resources/js/Pages/SystemSetup/IndicatorCategories/Create.tsx'
    Imported via '@/components/ui/input' from file 'C:/Users/DION-SERVER/Desktop/noble.dion.sy/packages/noble/Performance/src/Resources/js/Pages/SystemSetup/IndicatorCategories/Edit.tsx'
    Imported via '@/components/ui/input' from file 'C:/Users/DION-SERVER/Desktop/noble.dion.sy/packages/noble/Pos/src/Resources/js/Pages/Barcode/Index.tsx'
    Imported via '@/components/ui/input' from file 'C:/Users/DION-SERVER/Desktop/noble.dion.sy/packages/noble/Pos/src/Resources/js/Pages/Pos/Create.tsx'
    Imported via '@/components/ui/input' from file 'C:/Users/DION-SERVER/Desktop/noble.dion.sy/packages/noble/Pos/src/Resources/js/Pages/PosOrder/Index.tsx'
    Imported via '@/components/ui/input' from file 'C:/Users/DION-SERVER/Desktop/noble.dion.sy/packages/noble/ProductService/src/Resources/js/Pages/Items/Create.tsx'
    Imported via '@/components/ui/input' from file 'C:/Users/DION-SERVER/Desktop/noble.dion.sy/packages/noble/ProductService/src/Resources/js/Pages/Items/Edit.tsx'
    Imported via '@/components/ui/input' from file 'C:/Users/DION-SERVER/Desktop/noble.dion.sy/packages/noble/ProductService/src/Resources/js/Pages/Items/Index.tsx'
    Imported via '@/components/ui/input' from file 'C:/Users/DION-SERVER/Desktop/noble.dion.sy/packages/noble/ProductService/src/Resources/js/Pages/Stock/Index.tsx'
    Imported via '@/components/ui/input' from file 'C:/Users/DION-SERVER/Desktop/noble.dion.sy/packages/noble/ProductService/src/Resources/js/Pages/SystemSetup/Categories/Create.tsx'
    Imported via '@/components/ui/input' from file 'C:/Users/DION-SERVER/Desktop/noble.dion.sy/packages/noble/ProductService/src/Resources/js/Pages/SystemSetup/Categories/Edit.tsx'
    Imported via '@/components/ui/input' from file 'C:/Users/DION-SERVER/Desktop/noble.dion.sy/packages/noble/ProductService/src/Resources/js/Pages/SystemSetup/Taxes/Create.tsx'
    Imported via '@/components/ui/input' from file 'C:/Users/DION-SERVER/Desktop/noble.dion.sy/packages/noble/ProductService/src/Resources/js/Pages/SystemSetup/Taxes/Edit.tsx'
    Imported via '@/components/ui/input' from file 'C:/Users/DION-SERVER/Desktop/noble.dion.sy/packages/noble/ProductService/src/Resources/js/Pages/SystemSetup/Units/Create.tsx'
    Imported via '@/components/ui/input' from file 'C:/Users/DION-SERVER/Desktop/noble.dion.sy/packages/noble/ProductService/src/Resources/js/Pages/SystemSetup/Units/Edit.tsx'
    Imported via '@/components/ui/input' from file 'C:/Users/DION-SERVER/Desktop/noble.dion.sy/packages/noble/Quotation/src/Resources/js/Pages/Quotations/components/QuotationItemsTable.tsx'
    Imported via '@/components/ui/input' from file 'C:/Users/DION-SERVER/Desktop/noble.dion.sy/packages/noble/Quotation/src/Resources/js/Pages/Quotations/Create.tsx'
    Imported via '@/components/ui/input' from file 'C:/Users/DION-SERVER/Desktop/noble.dion.sy/packages/noble/Quotation/src/Resources/js/Pages/Quotations/Edit.tsx'
    Imported via '@/components/ui/input' from file 'C:/Users/DION-SERVER/Desktop/noble.dion.sy/packages/noble/Recruitment/src/Resources/js/Components/IconSelector.tsx'
    Imported via '@/components/ui/input' from file 'C:/Users/DION-SERVER/Desktop/noble.dion.sy/packages/noble/Recruitment/src/Resources/js/Pages/CandidateAssessments/Create.tsx'
    Imported via '@/components/ui/input' from file 'C:/Users/DION-SERVER/Desktop/noble.dion.sy/packages/noble/Recruitment/src/Resources/js/Pages/CandidateAssessments/Edit.tsx'
    Imported via '@/components/ui/input' from file 'C:/Users/DION-SERVER/Desktop/noble.dion.sy/packages/noble/Recruitment/src/Resources/js/Pages/CandidateAssessments/Index.tsx'
    Imported via '@/components/ui/input' from file 'C:/Users/DION-SERVER/Desktop/noble.dion.sy/packages/noble/Recruitment/src/Resources/js/Pages/CandidateOnboardings/Create.tsx'
    Imported via '@/components/ui/input' from file 'C:/Users/DION-SERVER/Desktop/noble.dion.sy/packages/noble/Recruitment/src/Resources/js/Pages/CandidateOnboardings/Edit.tsx'
    Imported via '@/components/ui/input' from file 'C:/Users/DION-SERVER/Desktop/noble.dion.sy/packages/noble/Recruitment/src/Resources/js/Pages/CandidateOnboardings/Index.tsx'
    Imported via '@/components/ui/input' from file 'C:/Users/DION-SERVER/Desktop/noble.dion.sy/packages/noble/Recruitment/src/Resources/js/Pages/Candidates/Create.tsx'
    Imported via '@/components/ui/input' from file 'C:/Users/DION-SERVER/Desktop/noble.dion.sy/packages/noble/Recruitment/src/Resources/js/Pages/Candidates/Edit.tsx'
    Imported via '@/components/ui/input' from file 'C:/Users/DION-SERVER/Desktop/noble.dion.sy/packages/noble/Recruitment/src/Resources/js/Pages/Candidates/Index.tsx'
    Imported via '@/components/ui/input' from file 'C:/Users/DION-SERVER/Desktop/noble.dion.sy/packages/noble/Recruitment/src/Resources/js/Pages/ChecklistItems/Create.tsx'
    Imported via '@/components/ui/input' from file 'C:/Users/DION-SERVER/Desktop/noble.dion.sy/packages/noble/Recruitment/src/Resources/js/Pages/ChecklistItems/Edit.tsx'
    Imported via '@/components/ui/input' from file 'C:/Users/DION-SERVER/Desktop/noble.dion.sy/packages/noble/Recruitment/src/Resources/js/Pages/CustomQuestions/Create.tsx'
    Imported via '@/components/ui/input' from file 'C:/Users/DION-SERVER/Desktop/noble.dion.sy/packages/noble/Recruitment/src/Resources/js/Pages/CustomQuestions/Edit.tsx'
    Imported via '@/components/ui/input' from file 'C:/Users/DION-SERVER/Desktop/noble.dion.sy/packages/noble/Recruitment/src/Resources/js/Pages/Frontend/JobApply.tsx'
    Imported via '@/components/ui/input' from file 'C:/Users/DION-SERVER/Desktop/noble.dion.sy/packages/noble/Recruitment/src/Resources/js/Pages/Frontend/JobListings.tsx'
    Imported via '@/components/ui/input' from file 'C:/Users/DION-SERVER/Desktop/noble.dion.sy/packages/noble/Recruitment/src/Resources/js/Pages/Frontend/TrackingForm.tsx'
    Imported via '@/components/ui/input' from file 'C:/Users/DION-SERVER/Desktop/noble.dion.sy/packages/noble/Recruitment/src/Resources/js/Pages/InterviewFeedbacks/Create.tsx'
    Imported via '@/components/ui/input' from file 'C:/Users/DION-SERVER/Desktop/noble.dion.sy/packages/noble/Recruitment/src/Resources/js/Pages/InterviewFeedbacks/Edit.tsx'
    Imported via '@/components/ui/input' from file 'C:/Users/DION-SERVER/Desktop/noble.dion.sy/packages/noble/Recruitment/src/Resources/js/Pages/InterviewRounds/Create.tsx'
    Imported via '@/components/ui/input' from file 'C:/Users/DION-SERVER/Desktop/noble.dion.sy/packages/noble/Recruitment/src/Resources/js/Pages/InterviewRounds/Edit.tsx'
    Imported via '@/components/ui/input' from file 'C:/Users/DION-SERVER/Desktop/noble.dion.sy/packages/noble/Recruitment/src/Resources/js/Pages/Interviews/Create.tsx'
    Imported via '@/components/ui/input' from file 'C:/Users/DION-SERVER/Desktop/noble.dion.sy/packages/noble/Recruitment/src/Resources/js/Pages/Interviews/Edit.tsx'
    Imported via '@/components/ui/input' from file 'C:/Users/DION-SERVER/Desktop/noble.dion.sy/packages/noble/Recruitment/src/Resources/js/Pages/Interviews/Index.tsx'
    Imported via '@/components/ui/input' from file 'C:/Users/DION-SERVER/Desktop/noble.dion.sy/packages/noble/Recruitment/src/Resources/js/Pages/JobLocations/Create.tsx'
    Imported via '@/components/ui/input' from file 'C:/Users/DION-SERVER/Desktop/noble.dion.sy/packages/noble/Recruitment/src/Resources/js/Pages/JobLocations/Edit.tsx'
    Imported via '@/components/ui/input' from file 'C:/Users/DION-SERVER/Desktop/noble.dion.sy/packages/noble/Recruitment/src/Resources/js/Pages/JobPostings/Create.tsx'
    Imported via '@/components/ui/input' from file 'C:/Users/DION-SERVER/Desktop/noble.dion.sy/packages/noble/Recruitment/src/Resources/js/Pages/JobPostings/Edit.tsx'
    Imported via '@/components/ui/input' from file 'C:/Users/DION-SERVER/Desktop/noble.dion.sy/packages/noble/Recruitment/src/Resources/js/Pages/Offers/ConvertToEmployee.tsx'
    Imported via '@/components/ui/input' from file 'C:/Users/DION-SERVER/Desktop/noble.dion.sy/packages/noble/Recruitment/src/Resources/js/Pages/Offers/Create.tsx'
    Imported via '@/components/ui/input' from file 'C:/Users/DION-SERVER/Desktop/noble.dion.sy/packages/noble/Recruitment/src/Resources/js/Pages/Offers/Edit.tsx'
    Imported via '@/components/ui/input' from file 'C:/Users/DION-SERVER/Desktop/noble.dion.sy/packages/noble/Recruitment/src/Resources/js/Pages/Offers/Index.tsx'
    Imported via '@/components/ui/input' from file 'C:/Users/DION-SERVER/Desktop/noble.dion.sy/packages/noble/Recruitment/src/Resources/js/Pages/SystemSetup/AboutCompany/Index.tsx'
    Imported via '@/components/ui/input' from file 'C:/Users/DION-SERVER/Desktop/noble.dion.sy/packages/noble/Recruitment/src/Resources/js/Pages/SystemSetup/ApplicationTips/Index.tsx'
    Imported via '@/components/ui/input' from file 'C:/Users/DION-SERVER/Desktop/noble.dion.sy/packages/noble/Recruitment/src/Resources/js/Pages/SystemSetup/BrandSettings/Index.tsx'
    Imported via '@/components/ui/input' from file 'C:/Users/DION-SERVER/Desktop/noble.dion.sy/packages/noble/Recruitment/src/Resources/js/Pages/SystemSetup/CandidateSources/Create.tsx'
    Imported via '@/components/ui/input' from file 'C:/Users/DION-SERVER/Desktop/noble.dion.sy/packages/noble/Recruitment/src/Resources/js/Pages/SystemSetup/CandidateSources/Edit.tsx'
    Imported via '@/components/ui/input' from file 'C:/Users/DION-SERVER/Desktop/noble.dion.sy/packages/noble/Recruitment/src/Resources/js/Pages/SystemSetup/DashboardWelcomeCard/Index.tsx'
    Imported via '@/components/ui/input' from file 'C:/Users/DION-SERVER/Desktop/noble.dion.sy/packages/noble/Recruitment/src/Resources/js/Pages/SystemSetup/InterviewTypes/Create.tsx'
    Imported via '@/components/ui/input' from file 'C:/Users/DION-SERVER/Desktop/noble.dion.sy/packages/noble/Recruitment/src/Resources/js/Pages/SystemSetup/InterviewTypes/Edit.tsx'
    Imported via '@/components/ui/input' from file 'C:/Users/DION-SERVER/Desktop/noble.dion.sy/packages/noble/Recruitment/src/Resources/js/Pages/SystemSetup/JobCategories/Create.tsx'
    Imported via '@/components/ui/input' from file 'C:/Users/DION-SERVER/Desktop/noble.dion.sy/packages/noble/Recruitment/src/Resources/js/Pages/SystemSetup/JobCategories/Edit.tsx'
    Imported via '@/components/ui/input' from file 'C:/Users/DION-SERVER/Desktop/noble.dion.sy/packages/noble/Recruitment/src/Resources/js/Pages/SystemSetup/JobTypes/Create.tsx'
    Imported via '@/components/ui/input' from file 'C:/Users/DION-SERVER/Desktop/noble.dion.sy/packages/noble/Recruitment/src/Resources/js/Pages/SystemSetup/JobTypes/Edit.tsx'
    Imported via '@/components/ui/input' from file 'C:/Users/DION-SERVER/Desktop/noble.dion.sy/packages/noble/Recruitment/src/Resources/js/Pages/SystemSetup/NeedHelp/Index.tsx'
    Imported via '@/components/ui/input' from file 'C:/Users/DION-SERVER/Desktop/noble.dion.sy/packages/noble/Recruitment/src/Resources/js/Pages/SystemSetup/OnboardingChecklists/Create.tsx'
    Imported via '@/components/ui/input' from file 'C:/Users/DION-SERVER/Desktop/noble.dion.sy/packages/noble/Recruitment/src/Resources/js/Pages/SystemSetup/OnboardingChecklists/Edit.tsx'
    Imported via '@/components/ui/input' from file 'C:/Users/DION-SERVER/Desktop/noble.dion.sy/packages/noble/Recruitment/src/Resources/js/Pages/SystemSetup/TrackingFaq/Index.tsx'
    Imported via '@/components/ui/input' from file 'C:/Users/DION-SERVER/Desktop/noble.dion.sy/packages/noble/Recruitment/src/Resources/js/Pages/SystemSetup/WhatHappensNext/Index.tsx'
    Imported via '@/components/ui/input' from file 'C:/Users/DION-SERVER/Desktop/noble.dion.sy/packages/noble/Slack/src/Resources/js/settings/components/slack-settings.tsx'
    Imported via '@/components/ui/input' from file 'C:/Users/DION-SERVER/Desktop/noble.dion.sy/packages/noble/Stripe/src/Resources/js/settings/components/stripe-settings.tsx'
    Imported via '@/components/ui/input' from file 'C:/Users/DION-SERVER/Desktop/noble.dion.sy/packages/noble/SupportTicket/src/Resources/js/Pages/Search.tsx'
    Imported via '@/components/ui/input' from file 'C:/Users/DION-SERVER/Desktop/noble.dion.sy/packages/noble/SupportTicket/src/Resources/js/Pages/FAQ/Create.tsx'
    Imported via '@/components/ui/input' from file 'C:/Users/DION-SERVER/Desktop/noble.dion.sy/packages/noble/SupportTicket/src/Resources/js/Pages/FAQ/Edit.tsx'
    Imported via '@/components/ui/input' from file 'C:/Users/DION-SERVER/Desktop/noble.dion.sy/packages/noble/SupportTicket/src/Resources/js/Pages/FAQ/Import.tsx'
    Imported via '@/components/ui/input' from file 'C:/Users/DION-SERVER/Desktop/noble.dion.sy/packages/noble/SupportTicket/src/Resources/js/Pages/FAQ/ImportDialog.tsx'
    Imported via '@/components/ui/input' from file 'C:/Users/DION-SERVER/Desktop/noble.dion.sy/packages/noble/SupportTicket/src/Resources/js/Pages/Frontend/Contact.tsx'
    Imported via '@/components/ui/input' from file 'C:/Users/DION-SERVER/Desktop/noble.dion.sy/packages/noble/SupportTicket/src/Resources/js/Pages/Frontend/CreateTicket.tsx'
    Imported via '@/components/ui/input' from file 'C:/Users/DION-SERVER/Desktop/noble.dion.sy/packages/noble/SupportTicket/src/Resources/js/Pages/Frontend/Faq.tsx'
    Imported via '@/components/ui/input' from file 'C:/Users/DION-SERVER/Desktop/noble.dion.sy/packages/noble/SupportTicket/src/Resources/js/Pages/Frontend/Index.tsx'
    Imported via '@/components/ui/input' from file 'C:/Users/DION-SERVER/Desktop/noble.dion.sy/packages/noble/SupportTicket/src/Resources/js/Pages/Frontend/Knowledge.tsx'
    Imported via '@/components/ui/input' from file 'C:/Users/DION-SERVER/Desktop/noble.dion.sy/packages/noble/SupportTicket/src/Resources/js/Pages/Frontend/SearchTicket.tsx'
    Imported via '@/components/ui/input' from file 'C:/Users/DION-SERVER/Desktop/noble.dion.sy/packages/noble/SupportTicket/src/Resources/js/Pages/Knowledge/Create.tsx'
    Imported via '@/components/ui/input' from file 'C:/Users/DION-SERVER/Desktop/noble.dion.sy/packages/noble/SupportTicket/src/Resources/js/Pages/Knowledge/Edit.tsx'
    Imported via '@/components/ui/input' from file 'C:/Users/DION-SERVER/Desktop/noble.dion.sy/packages/noble/SupportTicket/src/Resources/js/Pages/Knowledge/Import.tsx'
    Imported via '@/components/ui/input' from file 'C:/Users/DION-SERVER/Desktop/noble.dion.sy/packages/noble/SupportTicket/src/Resources/js/Pages/Knowledge/ImportDialog.tsx'
    Imported via '@/components/ui/input' from file 'C:/Users/DION-SERVER/Desktop/noble.dion.sy/packages/noble/SupportTicket/src/Resources/js/Pages/SystemSetup/cta-section.tsx'
    Imported via '@/components/ui/input' from file 'C:/Users/DION-SERVER/Desktop/noble.dion.sy/packages/noble/SupportTicket/src/Resources/js/Pages/SystemSetup/support-information.tsx'
    Imported via '@/components/ui/input' from file 'C:/Users/DION-SERVER/Desktop/noble.dion.sy/packages/noble/SupportTicket/src/Resources/js/Pages/SystemSetup/title-section.tsx'
    Imported via '@/components/ui/input' from file 'C:/Users/DION-SERVER/Desktop/noble.dion.sy/packages/noble/SupportTicket/src/Resources/js/Pages/SystemSetup/BrandSettings/Index.tsx'
    Imported via '@/components/ui/input' from file 'C:/Users/DION-SERVER/Desktop/noble.dion.sy/packages/noble/SupportTicket/src/Resources/js/Pages/SystemSetup/Categories/Create.tsx'
    Imported via '@/components/ui/input' from file 'C:/Users/DION-SERVER/Desktop/noble.dion.sy/packages/noble/SupportTicket/src/Resources/js/Pages/SystemSetup/Categories/Edit.tsx'
    Imported via '@/components/ui/input' from file 'C:/Users/DION-SERVER/Desktop/noble.dion.sy/packages/noble/SupportTicket/src/Resources/js/Pages/SystemSetup/ContactInformation/Index.tsx'
    Imported via '@/components/ui/input' from file 'C:/Users/DION-SERVER/Desktop/noble.dion.sy/packages/noble/SupportTicket/src/Resources/js/Pages/SystemSetup/CustomPages/Create.tsx'
    Imported via '@/components/ui/input' from file 'C:/Users/DION-SERVER/Desktop/noble.dion.sy/packages/noble/SupportTicket/src/Resources/js/Pages/SystemSetup/CustomPages/Edit.tsx'
    Imported via '@/components/ui/input' from file 'C:/Users/DION-SERVER/Desktop/noble.dion.sy/packages/noble/SupportTicket/src/Resources/js/Pages/SystemSetup/KnowledgeCategories/Create.tsx'
    Imported via '@/components/ui/input' from file 'C:/Users/DION-SERVER/Desktop/noble.dion.sy/packages/noble/SupportTicket/src/Resources/js/Pages/SystemSetup/KnowledgeCategories/Edit.tsx'
    Imported via '@/components/ui/input' from file 'C:/Users/DION-SERVER/Desktop/noble.dion.sy/packages/noble/SupportTicket/src/Resources/js/Pages/SystemSetup/QuickLinks/Create.tsx'
    Imported via '@/components/ui/input' from file 'C:/Users/DION-SERVER/Desktop/noble.dion.sy/packages/noble/SupportTicket/src/Resources/js/Pages/SystemSetup/QuickLinks/Edit.tsx'
    Imported via '@/components/ui/input' from file 'C:/Users/DION-SERVER/Desktop/noble.dion.sy/packages/noble/SupportTicket/src/Resources/js/Pages/Tickets/Create.tsx'
    Imported via '@/components/ui/input' from file 'C:/Users/DION-SERVER/Desktop/noble.dion.sy/packages/noble/SupportTicket/src/Resources/js/Pages/Tickets/Edit.tsx'
    Imported via '@/components/ui/input' from file 'C:/Users/DION-SERVER/Desktop/noble.dion.sy/packages/noble/SupportTicket/src/Resources/js/Pages/Tickets/EditReply.tsx'
    Imported via '@/Components/ui/input' from file 'C:/Users/DION-SERVER/Desktop/noble.dion.sy/packages/noble/SupportTicket/src/Resources/js/faq/Import.tsx'
    Imported via '@/Components/ui/input' from file 'C:/Users/DION-SERVER/Desktop/noble.dion.sy/packages/noble/SupportTicket/src/Resources/js/knowledge/Import.tsx'
    Imported via '@/components/ui/input' from file 'C:/Users/DION-SERVER/Desktop/noble.dion.sy/packages/noble/SupportTicket/src/Resources/js/settings/components/support-setting.tsx'
    Imported via '@/components/ui/input' from file 'C:/Users/DION-SERVER/Desktop/noble.dion.sy/packages/noble/Taskly/src/Resources/js/Pages/Bugs/Create.tsx'
    Imported via '@/components/ui/input' from file 'C:/Users/DION-SERVER/Desktop/noble.dion.sy/packages/noble/Taskly/src/Resources/js/Pages/Bugs/Edit.tsx'
    Imported via '@/components/ui/input' from file 'C:/Users/DION-SERVER/Desktop/noble.dion.sy/packages/noble/Taskly/src/Resources/js/Pages/Project/Create.tsx'
    Imported via '@/components/ui/input' from file 'C:/Users/DION-SERVER/Desktop/noble.dion.sy/packages/noble/Taskly/src/Resources/js/Pages/Project/Edit.tsx'
    Imported via '@/components/ui/input' from file 'C:/Users/DION-SERVER/Desktop/noble.dion.sy/packages/noble/Taskly/src/Resources/js/Pages/Project/View.tsx'
    Imported via '@/components/ui/input' from file 'C:/Users/DION-SERVER/Desktop/noble.dion.sy/packages/noble/Taskly/src/Resources/js/Pages/SystemSetup/BugStages/Create.tsx'
    Imported via '@/components/ui/input' from file 'C:/Users/DION-SERVER/Desktop/noble.dion.sy/packages/noble/Taskly/src/Resources/js/Pages/SystemSetup/BugStages/Edit.tsx'
    Imported via '@/components/ui/input' from file 'C:/Users/DION-SERVER/Desktop/noble.dion.sy/packages/noble/Taskly/src/Resources/js/Pages/SystemSetup/TaskStages/Create.tsx'
    Imported via '@/components/ui/input' from file 'C:/Users/DION-SERVER/Desktop/noble.dion.sy/packages/noble/Taskly/src/Resources/js/Pages/SystemSetup/TaskStages/Edit.tsx'
    Imported via '@/components/ui/input' from file 'C:/Users/DION-SERVER/Desktop/noble.dion.sy/packages/noble/Taskly/src/Resources/js/Pages/Tasks/Create.tsx'
    Imported via '@/components/ui/input' from file 'C:/Users/DION-SERVER/Desktop/noble.dion.sy/packages/noble/Taskly/src/Resources/js/Pages/Tasks/Edit.tsx'
    Imported via '@/components/ui/input' from file 'C:/Users/DION-SERVER/Desktop/noble.dion.sy/packages/noble/Taskly/src/Resources/js/Pages/Tasks/View.tsx'
    Imported via '@/components/ui/input' from file 'C:/Users/DION-SERVER/Desktop/noble.dion.sy/packages/noble/Telegram/src/Resources/js/settings/components/telegram-settings.tsx'
    Imported via '@/components/ui/input' from file 'C:/Users/DION-SERVER/Desktop/noble.dion.sy/packages/noble/Timesheet/src/Resources/js/Pages/Create.tsx'
    Imported via '@/components/ui/input' from file 'C:/Users/DION-SERVER/Desktop/noble.dion.sy/packages/noble/Timesheet/src/Resources/js/Pages/Edit.tsx'
    Imported via '@/components/ui/input' from file 'C:/Users/DION-SERVER/Desktop/noble.dion.sy/packages/noble/Timesheet/src/Resources/js/Pages/Index.tsx'
    Imported via '@/components/ui/input' from file 'C:/Users/DION-SERVER/Desktop/noble.dion.sy/packages/noble/Training/src/Resources/js/Pages/tasks/create.tsx'
    Imported via '@/components/ui/input' from file 'C:/Users/DION-SERVER/Desktop/noble.dion.sy/packages/noble/Training/src/Resources/js/Pages/tasks/edit.tsx'
    Imported via '@/components/ui/input' from file 'C:/Users/DION-SERVER/Desktop/noble.dion.sy/packages/noble/Training/src/Resources/js/Pages/trainers/create.tsx'
    Imported via '@/components/ui/input' from file 'C:/Users/DION-SERVER/Desktop/noble.dion.sy/packages/noble/Training/src/Resources/js/Pages/trainers/edit.tsx'
    Imported via '@/components/ui/input' from file 'C:/Users/DION-SERVER/Desktop/noble.dion.sy/packages/noble/Training/src/Resources/js/Pages/training-types/create.tsx'
    Imported via '@/components/ui/input' from file 'C:/Users/DION-SERVER/Desktop/noble.dion.sy/packages/noble/Training/src/Resources/js/Pages/training-types/edit.tsx'
    Imported via '@/components/ui/input' from file 'C:/Users/DION-SERVER/Desktop/noble.dion.sy/packages/noble/Training/src/Resources/js/Pages/training-types/index.tsx'
    Imported via '@/components/ui/input' from file 'C:/Users/DION-SERVER/Desktop/noble.dion.sy/packages/noble/Training/src/Resources/js/Pages/trainings/create.tsx'
    Imported via '@/components/ui/input' from file 'C:/Users/DION-SERVER/Desktop/noble.dion.sy/packages/noble/Training/src/Resources/js/Pages/trainings/edit.tsx'
    Imported via '@/components/ui/input' from file 'C:/Users/DION-SERVER/Desktop/noble.dion.sy/packages/noble/Twilio/src/Resources/js/settings/components/twilio-settings.tsx'
    Imported via '@/components/ui/input' from file 'C:/Users/DION-SERVER/Desktop/noble.dion.sy/packages/noble/Webhook/src/Resources/js/settings/components/webhook-settings.tsx'
    Imported via '@/components/ui/input' from file 'C:/Users/DION-SERVER/Desktop/noble.dion.sy/packages/noble/ZoomMeeting/src/Resources/js/Pages/ZoomMeetings/Create.tsx'
    Imported via '@/components/ui/input' from file 'C:/Users/DION-SERVER/Desktop/noble.dion.sy/packages/noble/ZoomMeeting/src/Resources/js/Pages/ZoomMeetings/Edit.tsx'
    Imported via '@/components/ui/input' from file 'C:/Users/DION-SERVER/Desktop/noble.dion.sy/packages/noble/ZoomMeeting/src/Resources/js/settings/components/zoom-meeting-settings.tsx'
packages/noble/SupportTicket/src/Resources/js/faq/Import.tsx(6,23): error TS1149: File name 'C:/Users/DION-SERVER/Desktop/noble.dion.sy/resources/js/Components/ui/label.tsx' differs from already included file name 'C:/Users/DION-SERVER/Desktop/noble.dion.sy/resources/js/components/ui/label.tsx' only in casing.
  The file is in the program because:
    Imported via '@/components/ui/label' from file 'C:/Users/DION-SERVER/Desktop/noble.dion.sy/resources/js/pages/settings/components/brand-settings.tsx'
    Imported via './ui/label' from file 'C:/Users/DION-SERVER/Desktop/noble.dion.sy/resources/js/components/MediaPicker.tsx'
    Imported via '@/components/ui/label' from file 'C:/Users/DION-SERVER/Desktop/noble.dion.sy/resources/js/pages/settings/components/company-settings.tsx'
    Imported via '@/components/ui/label' from file 'C:/Users/DION-SERVER/Desktop/noble.dion.sy/resources/js/pages/settings/components/system-settings.tsx'
    Imported via '@/components/ui/label' from file 'C:/Users/DION-SERVER/Desktop/noble.dion.sy/resources/js/pages/settings/components/currency-settings.tsx'
    Imported via '@/components/ui/label' from file 'C:/Users/DION-SERVER/Desktop/noble.dion.sy/resources/js/pages/settings/components/seo-settings.tsx'
    Imported via '@/components/ui/label' from file 'C:/Users/DION-SERVER/Desktop/noble.dion.sy/resources/js/pages/settings/components/storage-settings.tsx'
    Imported via '@/components/ui/label' from file 'C:/Users/DION-SERVER/Desktop/noble.dion.sy/resources/js/pages/settings/components/email-settings.tsx'
    Imported via '@/components/ui/label' from file 'C:/Users/DION-SERVER/Desktop/noble.dion.sy/resources/js/pages/settings/components/pusher-settings.tsx'
    Imported via '@/components/ui/label' from file 'C:/Users/DION-SERVER/Desktop/noble.dion.sy/resources/js/pages/settings/components/cookie-settings.tsx'
    Imported via '@/components/ui/label' from file 'C:/Users/DION-SERVER/Desktop/noble.dion.sy/resources/js/pages/settings/components/bank-transfer-settings.tsx'
    Imported via '@/components/ui/label' from file 'C:/Users/DION-SERVER/Desktop/noble.dion.sy/resources/js/components/create-language-modal.tsx'
    Imported via '@/components/ui/label' from file 'C:/Users/DION-SERVER/Desktop/noble.dion.sy/resources/js/components/ui/checkbox-group.tsx'
    Imported via './label' from file 'C:/Users/DION-SERVER/Desktop/noble.dion.sy/resources/js/components/ui/currency-input.tsx'
    Matched by include pattern 'resources/js/**/*.tsx' in 'C:/Users/DION-SERVER/Desktop/noble.dion.sy/tsconfig.json'
    Imported via '@/components/ui/label' from file 'C:/Users/DION-SERVER/Desktop/noble.dion.sy/resources/js/components/ui/module-card.tsx'
    Imported via './label' from file 'C:/Users/DION-SERVER/Desktop/noble.dion.sy/resources/js/components/ui/phone-input.tsx'
    Imported via '@/components/ui/label' from file 'C:/Users/DION-SERVER/Desktop/noble.dion.sy/resources/js/pages/EmailTemplates/Edit.tsx'
    Imported via '@/components/ui/label' from file 'C:/Users/DION-SERVER/Desktop/noble.dion.sy/resources/js/pages/Installer/Environment.tsx'
    Imported via '@/components/ui/label' from file 'C:/Users/DION-SERVER/Desktop/noble.dion.sy/resources/js/pages/MissionCommand/Gamification.tsx'
    Imported via '@/components/ui/label' from file 'C:/Users/DION-SERVER/Desktop/noble.dion.sy/resources/js/pages/MissionCommand/NotificationsHub.tsx'
    Imported via '@/components/ui/label' from file 'C:/Users/DION-SERVER/Desktop/noble.dion.sy/resources/js/pages/Purchase/Create.tsx'
    Imported via '@/components/ui/label' from file 'C:/Users/DION-SERVER/Desktop/noble.dion.sy/resources/js/pages/Purchase/Edit.tsx'
    Imported via '@/components/ui/label' from file 'C:/Users/DION-SERVER/Desktop/noble.dion.sy/resources/js/pages/PurchaseReturns/Create.tsx'
    Imported via '@/components/ui/label' from file 'C:/Users/DION-SERVER/Desktop/noble.dion.sy/resources/js/pages/Sales/Create.tsx'
    Imported via '@/components/ui/label' from file 'C:/Users/DION-SERVER/Desktop/noble.dion.sy/resources/js/pages/Sales/Edit.tsx'
    Imported via '@/components/ui/label' from file 'C:/Users/DION-SERVER/Desktop/noble.dion.sy/resources/js/pages/SalesProposals/Create.tsx'
    Imported via '@/components/ui/label' from file 'C:/Users/DION-SERVER/Desktop/noble.dion.sy/resources/js/pages/SalesProposals/Edit.tsx'
    Imported via '@/components/ui/label' from file 'C:/Users/DION-SERVER/Desktop/noble.dion.sy/resources/js/pages/SalesReturns/Create.tsx'
    Imported via '@/components/ui/label' from file 'C:/Users/DION-SERVER/Desktop/noble.dion.sy/resources/js/pages/Transfers/create.tsx'
    Imported via '@/components/ui/label' from file 'C:/Users/DION-SERVER/Desktop/noble.dion.sy/resources/js/pages/auth/confirm-password.tsx'
    Imported via '@/components/ui/label' from file 'C:/Users/DION-SERVER/Desktop/noble.dion.sy/resources/js/pages/auth/forgot-password.tsx'
    Imported via '@/components/ui/label' from file 'C:/Users/DION-SERVER/Desktop/noble.dion.sy/resources/js/pages/auth/login.tsx'
    Imported via '@/components/ui/label' from file 'C:/Users/DION-SERVER/Desktop/noble.dion.sy/resources/js/pages/auth/register.tsx'
    Imported via '@/components/ui/label' from file 'C:/Users/DION-SERVER/Desktop/noble.dion.sy/resources/js/pages/auth/reset-password.tsx'
    Imported via '@/components/ui/label' from file 'C:/Users/DION-SERVER/Desktop/noble.dion.sy/resources/js/pages/bank-transfer/index.tsx'
    Imported via '@/components/ui/label' from file 'C:/Users/DION-SERVER/Desktop/noble.dion.sy/resources/js/pages/coupons/create.tsx'
    Imported via '@/components/ui/label' from file 'C:/Users/DION-SERVER/Desktop/noble.dion.sy/resources/js/pages/coupons/edit.tsx'
    Imported via '@/components/ui/label' from file 'C:/Users/DION-SERVER/Desktop/noble.dion.sy/resources/js/pages/helpdesk/categories/create.tsx'
    Imported via '@/components/ui/label' from file 'C:/Users/DION-SERVER/Desktop/noble.dion.sy/resources/js/pages/helpdesk/categories/edit.tsx'
    Imported via '@/components/ui/label' from file 'C:/Users/DION-SERVER/Desktop/noble.dion.sy/resources/js/pages/helpdesk/tickets/create.tsx'
    Imported via '@/components/ui/label' from file 'C:/Users/DION-SERVER/Desktop/noble.dion.sy/resources/js/pages/helpdesk/tickets/edit.tsx'
    Imported via '@/components/ui/label' from file 'C:/Users/DION-SERVER/Desktop/noble.dion.sy/resources/js/pages/languages/manage.tsx'
    Imported via '@/components/ui/label' from file 'C:/Users/DION-SERVER/Desktop/noble.dion.sy/resources/js/pages/notification-templates/Edit.tsx'
    Imported via '@/components/ui/label' from file 'C:/Users/DION-SERVER/Desktop/noble.dion.sy/resources/js/pages/plans/form.tsx'
    Imported via '@/components/ui/label' from file 'C:/Users/DION-SERVER/Desktop/noble.dion.sy/resources/js/pages/plans/index.tsx'
    Imported via '@/components/ui/label' from file 'C:/Users/DION-SERVER/Desktop/noble.dion.sy/resources/js/pages/plans/subscription-layout.tsx'
    Imported via '@/components/ui/label' from file 'C:/Users/DION-SERVER/Desktop/noble.dion.sy/resources/js/pages/profile/partials/update-password-form.tsx'
    Imported via '@/components/ui/label' from file 'C:/Users/DION-SERVER/Desktop/noble.dion.sy/resources/js/pages/profile/partials/update-profile-information-form.tsx'
    Imported via '@/components/ui/label' from file 'C:/Users/DION-SERVER/Desktop/noble.dion.sy/resources/js/pages/roles/create.tsx'
    Imported via '@/components/ui/label' from file 'C:/Users/DION-SERVER/Desktop/noble.dion.sy/resources/js/pages/roles/edit.tsx'
    Imported via '@/components/ui/label' from file 'C:/Users/DION-SERVER/Desktop/noble.dion.sy/resources/js/pages/users/assign-plan.tsx'
    Imported via '@/components/ui/label' from file 'C:/Users/DION-SERVER/Desktop/noble.dion.sy/resources/js/pages/users/change-password.tsx'
    Imported via '@/components/ui/label' from file 'C:/Users/DION-SERVER/Desktop/noble.dion.sy/resources/js/pages/users/create.tsx'
    Imported via '@/components/ui/label' from file 'C:/Users/DION-SERVER/Desktop/noble.dion.sy/resources/js/pages/users/edit.tsx'
    Imported via '@/components/ui/label' from file 'C:/Users/DION-SERVER/Desktop/noble.dion.sy/resources/js/pages/warehouses/create.tsx'
    Imported via '@/components/ui/label' from file 'C:/Users/DION-SERVER/Desktop/noble.dion.sy/resources/js/pages/warehouses/edit.tsx'
    Imported via '@/components/ui/label' from file 'C:/Users/DION-SERVER/Desktop/noble.dion.sy/packages/noble/AIAssistant/src/Resources/js/components/AIGenerationModal.tsx'
    Imported via '@/components/ui/label' from file 'C:/Users/DION-SERVER/Desktop/noble.dion.sy/packages/noble/AIAssistant/src/Resources/js/settings/components/ai-assistant-settings.tsx'
    Imported via '@/components/ui/label' from file 'C:/Users/DION-SERVER/Desktop/noble.dion.sy/packages/noble/Account/src/Resources/js/Pages/BankAccounts/Create.tsx'
    Imported via '@/components/ui/label' from file 'C:/Users/DION-SERVER/Desktop/noble.dion.sy/packages/noble/Account/src/Resources/js/Pages/BankAccounts/Edit.tsx'
    Imported via '@/components/ui/label' from file 'C:/Users/DION-SERVER/Desktop/noble.dion.sy/packages/noble/Account/src/Resources/js/Pages/BankTransfers/Create.tsx'
    Imported via '@/components/ui/label' from file 'C:/Users/DION-SERVER/Desktop/noble.dion.sy/packages/noble/Account/src/Resources/js/Pages/BankTransfers/Edit.tsx'
    Imported via '@/components/ui/label' from file 'C:/Users/DION-SERVER/Desktop/noble.dion.sy/packages/noble/Account/src/Resources/js/Pages/BankTransfers/View.tsx'
    Imported via '@/components/ui/label' from file 'C:/Users/DION-SERVER/Desktop/noble.dion.sy/packages/noble/Account/src/Resources/js/Pages/ChartOfAccounts/Create.tsx'
    Imported via '@/components/ui/label' from file 'C:/Users/DION-SERVER/Desktop/noble.dion.sy/packages/noble/Account/src/Resources/js/Pages/ChartOfAccounts/Edit.tsx'
    Imported via '@/components/ui/label' from file 'C:/Users/DION-SERVER/Desktop/noble.dion.sy/packages/noble/Account/src/Resources/js/Pages/CreditNotes/Create.tsx'
    Imported via '@/components/ui/label' from file 'C:/Users/DION-SERVER/Desktop/noble.dion.sy/packages/noble/Account/src/Resources/js/Pages/CustomerPayments/Create.tsx'
    Imported via '@/components/ui/label' from file 'C:/Users/DION-SERVER/Desktop/noble.dion.sy/packages/noble/Account/src/Resources/js/Pages/Customers/Create.tsx'
    Imported via '@/components/ui/label' from file 'C:/Users/DION-SERVER/Desktop/noble.dion.sy/packages/noble/Account/src/Resources/js/Pages/Customers/Edit.tsx'
    Imported via '@/components/ui/label' from file 'C:/Users/DION-SERVER/Desktop/noble.dion.sy/packages/noble/Account/src/Resources/js/Pages/DebitNotes/Create.tsx'
    Imported via '@/components/ui/label' from file 'C:/Users/DION-SERVER/Desktop/noble.dion.sy/packages/noble/Account/src/Resources/js/Pages/Expenses/Create.tsx'
    Imported via '@/components/ui/label' from file 'C:/Users/DION-SERVER/Desktop/noble.dion.sy/packages/noble/Account/src/Resources/js/Pages/Expenses/Edit.tsx'
    Imported via '@/components/ui/label' from file 'C:/Users/DION-SERVER/Desktop/noble.dion.sy/packages/noble/Account/src/Resources/js/Pages/Revenues/Create.tsx'
    Imported via '@/components/ui/label' from file 'C:/Users/DION-SERVER/Desktop/noble.dion.sy/packages/noble/Account/src/Resources/js/Pages/Revenues/Edit.tsx'
    Imported via '@/components/ui/label' from file 'C:/Users/DION-SERVER/Desktop/noble.dion.sy/packages/noble/Account/src/Resources/js/Pages/SystemSetup/AccountTypes/Create.tsx'
    Imported via '@/components/ui/label' from file 'C:/Users/DION-SERVER/Desktop/noble.dion.sy/packages/noble/Account/src/Resources/js/Pages/SystemSetup/AccountTypes/Edit.tsx'
    Imported via '@/components/ui/label' from file 'C:/Users/DION-SERVER/Desktop/noble.dion.sy/packages/noble/Account/src/Resources/js/Pages/SystemSetup/ExpenseCategories/Create.tsx'
    Imported via '@/components/ui/label' from file 'C:/Users/DION-SERVER/Desktop/noble.dion.sy/packages/noble/Account/src/Resources/js/Pages/SystemSetup/ExpenseCategories/Edit.tsx'
    Imported via '@/components/ui/label' from file 'C:/Users/DION-SERVER/Desktop/noble.dion.sy/packages/noble/Account/src/Resources/js/Pages/SystemSetup/RevenueCategories/Create.tsx'
    Imported via '@/components/ui/label' from file 'C:/Users/DION-SERVER/Desktop/noble.dion.sy/packages/noble/Account/src/Resources/js/Pages/SystemSetup/RevenueCategories/Edit.tsx'
    Imported via '@/components/ui/label' from file 'C:/Users/DION-SERVER/Desktop/noble.dion.sy/packages/noble/Account/src/Resources/js/Pages/VendorPayments/Create.tsx'
    Imported via '@/components/ui/label' from file 'C:/Users/DION-SERVER/Desktop/noble.dion.sy/packages/noble/Account/src/Resources/js/Pages/Vendors/Create.tsx'
    Imported via '@/components/ui/label' from file 'C:/Users/DION-SERVER/Desktop/noble.dion.sy/packages/noble/Account/src/Resources/js/Pages/Vendors/Edit.tsx'
    Imported via '@/components/ui/label' from file 'C:/Users/DION-SERVER/Desktop/noble.dion.sy/packages/noble/Account/src/Resources/js/fields/fields.tsx'
    Imported via '@/components/ui/label' from file 'C:/Users/DION-SERVER/Desktop/noble.dion.sy/packages/noble/BudgetPlanner/src/Resources/js/Pages/BudgetAllocations/Create.tsx'
    Imported via '@/components/ui/label' from file 'C:/Users/DION-SERVER/Desktop/noble.dion.sy/packages/noble/BudgetPlanner/src/Resources/js/Pages/BudgetAllocations/Edit.tsx'
    Imported via '@/components/ui/label' from file 'C:/Users/DION-SERVER/Desktop/noble.dion.sy/packages/noble/BudgetPlanner/src/Resources/js/Pages/BudgetPeriods/Create.tsx'
    Imported via '@/components/ui/label' from file 'C:/Users/DION-SERVER/Desktop/noble.dion.sy/packages/noble/BudgetPlanner/src/Resources/js/Pages/BudgetPeriods/Edit.tsx'
    Imported via '@/components/ui/label' from file 'C:/Users/DION-SERVER/Desktop/noble.dion.sy/packages/noble/BudgetPlanner/src/Resources/js/Pages/Budgets/Create.tsx'
    Imported via '@/components/ui/label' from file 'C:/Users/DION-SERVER/Desktop/noble.dion.sy/packages/noble/BudgetPlanner/src/Resources/js/Pages/Budgets/Edit.tsx'
    Imported via '@/components/ui/label' from file 'C:/Users/DION-SERVER/Desktop/noble.dion.sy/packages/noble/Calendar/src/Resources/js/Pages/Calendar/Index.tsx'
    Imported via '@/components/ui/label' from file 'C:/Users/DION-SERVER/Desktop/noble.dion.sy/packages/noble/Calendar/src/Resources/js/fields/fields.tsx'
    Imported via '@/components/ui/label' from file 'C:/Users/DION-SERVER/Desktop/noble.dion.sy/packages/noble/Calendar/src/Resources/js/settings/components/google-calendar-settings.tsx'
    Imported via '@/components/ui/label' from file 'C:/Users/DION-SERVER/Desktop/noble.dion.sy/packages/noble/Contract/src/Resources/js/Pages/ContractTypes/Create.tsx'
    Imported via '@/components/ui/label' from file 'C:/Users/DION-SERVER/Desktop/noble.dion.sy/packages/noble/Contract/src/Resources/js/Pages/ContractTypes/Edit.tsx'
    Imported via '@/components/ui/label' from file 'C:/Users/DION-SERVER/Desktop/noble.dion.sy/packages/noble/Contract/src/Resources/js/Pages/Contracts/Create.tsx'
    Imported via '@/components/ui/label' from file 'C:/Users/DION-SERVER/Desktop/noble.dion.sy/packages/noble/Contract/src/Resources/js/Pages/Contracts/Duplicate.tsx'
    Imported via '@/components/ui/label' from file 'C:/Users/DION-SERVER/Desktop/noble.dion.sy/packages/noble/Contract/src/Resources/js/Pages/Contracts/Edit.tsx'
    Imported via '@/components/ui/label' from file 'C:/Users/DION-SERVER/Desktop/noble.dion.sy/packages/noble/Contract/src/Resources/js/Pages/Contracts/components/RenewalsTab.tsx'
    Imported via '@/components/ui/label' from file 'C:/Users/DION-SERVER/Desktop/noble.dion.sy/packages/noble/Contract/src/Resources/js/settings/components/contract-settings.tsx'
    Imported via '@/components/ui/label' from file 'C:/Users/DION-SERVER/Desktop/noble.dion.sy/packages/noble/DoubleEntry/src/Resources/js/Pages/BalanceSheets/Compare.tsx'
    Imported via '@/components/ui/label' from file 'C:/Users/DION-SERVER/Desktop/noble.dion.sy/packages/noble/DoubleEntry/src/Resources/js/Pages/BalanceSheets/Generate.tsx'
    Imported via '@/components/ui/label' from file 'C:/Users/DION-SERVER/Desktop/noble.dion.sy/packages/noble/DoubleEntry/src/Resources/js/Pages/BalanceSheets/YearEndClose.tsx'
    Imported via '@/components/ui/label' from file 'C:/Users/DION-SERVER/Desktop/noble.dion.sy/packages/noble/DoubleEntry/src/Resources/js/Pages/BalanceSheets/Note.tsx'
    Imported via '@/components/ui/label' from file 'C:/Users/DION-SERVER/Desktop/noble.dion.sy/packages/noble/DoubleEntry/src/Resources/js/Pages/BalanceSheets/View.tsx'
    Imported via '@/components/ui/label' from file 'C:/Users/DION-SERVER/Desktop/noble.dion.sy/packages/noble/DoubleEntry/src/Resources/js/Pages/ProfitLoss/Index.tsx'
    Imported via '@/components/ui/label' from file 'C:/Users/DION-SERVER/Desktop/noble.dion.sy/packages/noble/DoubleEntry/src/Resources/js/Pages/Reports/AccountBalance.tsx'
    Imported via '@/components/ui/label' from file 'C:/Users/DION-SERVER/Desktop/noble.dion.sy/packages/noble/DoubleEntry/src/Resources/js/Pages/TrialBalance/Index.tsx'
    Imported via '@/components/ui/label' from file 'C:/Users/DION-SERVER/Desktop/noble.dion.sy/packages/noble/FormBuilder/src/Resources/js/components/ConversionSetup.tsx'
    Imported via '@/components/ui/label' from file 'C:/Users/DION-SERVER/Desktop/noble.dion.sy/packages/noble/FormBuilder/src/Resources/js/Pages/Forms/Create.tsx'
    Imported via '@/components/ui/label' from file 'C:/Users/DION-SERVER/Desktop/noble.dion.sy/packages/noble/FormBuilder/src/Resources/js/Pages/Forms/Edit.tsx'
    Imported via '@/components/ui/label' from file 'C:/Users/DION-SERVER/Desktop/noble.dion.sy/packages/noble/FormBuilder/src/Resources/js/Pages/Forms/Responses.tsx'
    Imported via '@/components/ui/label' from file 'C:/Users/DION-SERVER/Desktop/noble.dion.sy/packages/noble/FormBuilder/src/Resources/js/components/FormField.tsx'
    Imported via '@/components/ui/label' from file 'C:/Users/DION-SERVER/Desktop/noble.dion.sy/packages/noble/Goal/src/Resources/js/Pages/Categories/Create.tsx'
    Imported via '@/components/ui/label' from file 'C:/Users/DION-SERVER/Desktop/noble.dion.sy/packages/noble/Goal/src/Resources/js/Pages/Categories/Edit.tsx'
    Imported via '@/components/ui/label' from file 'C:/Users/DION-SERVER/Desktop/noble.dion.sy/packages/noble/Goal/src/Resources/js/Pages/Contributions/Create.tsx'
    Imported via '@/components/ui/label' from file 'C:/Users/DION-SERVER/Desktop/noble.dion.sy/packages/noble/Goal/src/Resources/js/Pages/Contributions/Edit.tsx'
    Imported via '@/components/ui/label' from file 'C:/Users/DION-SERVER/Desktop/noble.dion.sy/packages/noble/Goal/src/Resources/js/Pages/Goals/Create.tsx'
    Imported via '@/components/ui/label' from file 'C:/Users/DION-SERVER/Desktop/noble.dion.sy/packages/noble/Goal/src/Resources/js/Pages/Goals/Edit.tsx'
    Imported via '@/components/ui/label' from file 'C:/Users/DION-SERVER/Desktop/noble.dion.sy/packages/noble/Goal/src/Resources/js/Pages/Milestones/Create.tsx'
    Imported via '@/components/ui/label' from file 'C:/Users/DION-SERVER/Desktop/noble.dion.sy/packages/noble/Goal/src/Resources/js/Pages/Milestones/Edit.tsx'
    Imported via '@/components/ui/label' from file 'C:/Users/DION-SERVER/Desktop/noble.dion.sy/packages/noble/Goal/src/Resources/js/Pages/Tracking/Create.tsx'
    Imported via '@/components/ui/label' from file 'C:/Users/DION-SERVER/Desktop/noble.dion.sy/packages/noble/Goal/src/Resources/js/Pages/Tracking/Edit.tsx'
    Imported via '@/components/ui/label' from file 'C:/Users/DION-SERVER/Desktop/noble.dion.sy/packages/noble/GoogleCaptcha/src/Resources/js/settings/components/google-captcha-settings.tsx'
    Imported via '@/components/ui/label' from file 'C:/Users/DION-SERVER/Desktop/noble.dion.sy/packages/noble/Hrm/src/Resources/js/Pages/Acknowledgments/Create.tsx'
    Imported via '@/components/ui/label' from file 'C:/Users/DION-SERVER/Desktop/noble.dion.sy/packages/noble/Hrm/src/Resources/js/Pages/Acknowledgments/Edit.tsx'
    Imported via '@/components/ui/label' from file 'C:/Users/DION-SERVER/Desktop/noble.dion.sy/packages/noble/Hrm/src/Resources/js/Pages/Acknowledgments/StatusModal.tsx'
    Imported via '@/components/ui/label' from file 'C:/Users/DION-SERVER/Desktop/noble.dion.sy/packages/noble/Hrm/src/Resources/js/Pages/Announcements/Create.tsx'
    Imported via '@/components/ui/label' from file 'C:/Users/DION-SERVER/Desktop/noble.dion.sy/packages/noble/Hrm/src/Resources/js/Pages/Announcements/Edit.tsx'
    Imported via '@/components/ui/label' from file 'C:/Users/DION-SERVER/Desktop/noble.dion.sy/packages/noble/Hrm/src/Resources/js/Pages/Announcements/UpdateStatus.tsx'
    Imported via '@/components/ui/label' from file 'C:/Users/DION-SERVER/Desktop/noble.dion.sy/packages/noble/Hrm/src/Resources/js/Pages/Assets/Index.tsx'
    Imported via '@/components/ui/label' from file 'C:/Users/DION-SERVER/Desktop/noble.dion.sy/packages/noble/Hrm/src/Resources/js/Pages/Attendances/Create.tsx'
    Imported via '@/components/ui/label' from file 'C:/Users/DION-SERVER/Desktop/noble.dion.sy/packages/noble/Hrm/src/Resources/js/Pages/Attendances/Edit.tsx'
    Imported via '@/components/ui/label' from file 'C:/Users/DION-SERVER/Desktop/noble.dion.sy/packages/noble/Hrm/src/Resources/js/Pages/Awards/Create.tsx'
    Imported via '@/components/ui/label' from file 'C:/Users/DION-SERVER/Desktop/noble.dion.sy/packages/noble/Hrm/src/Resources/js/Pages/Awards/Edit.tsx'
    Imported via '@/components/ui/label' from file 'C:/Users/DION-SERVER/Desktop/noble.dion.sy/packages/noble/Hrm/src/Resources/js/Pages/Awards/StatusUpdate.tsx'
    Imported via '@/components/ui/label' from file 'C:/Users/DION-SERVER/Desktop/noble.dion.sy/packages/noble/Hrm/src/Resources/js/Pages/Complaints/ComplaintStatus.tsx'
    Imported via '@/components/ui/label' from file 'C:/Users/DION-SERVER/Desktop/noble.dion.sy/packages/noble/Hrm/src/Resources/js/Pages/Complaints/Create.tsx'
    Imported via '@/components/ui/label' from file 'C:/Users/DION-SERVER/Desktop/noble.dion.sy/packages/noble/Hrm/src/Resources/js/Pages/Complaints/Edit.tsx'
    Imported via '@/components/ui/label' from file 'C:/Users/DION-SERVER/Desktop/noble.dion.sy/packages/noble/Hrm/src/Resources/js/Pages/Contracts/Index.tsx'
    Imported via '@/components/ui/label' from file 'C:/Users/DION-SERVER/Desktop/noble.dion.sy/packages/noble/Hrm/src/Resources/js/Pages/EmployeeTransfers/Create.tsx'
    Imported via '@/components/ui/label' from file 'C:/Users/DION-SERVER/Desktop/noble.dion.sy/packages/noble/Hrm/src/Resources/js/Pages/EmployeeTransfers/Edit.tsx'
    Imported via '@/components/ui/label' from file 'C:/Users/DION-SERVER/Desktop/noble.dion.sy/packages/noble/Hrm/src/Resources/js/Pages/EmployeeTransfers/StatusModal.tsx'
    Imported via '@/components/ui/label' from file 'C:/Users/DION-SERVER/Desktop/noble.dion.sy/packages/noble/Hrm/src/Resources/js/Pages/Employees/Create.tsx'
    Imported via '@/components/ui/label' from file 'C:/Users/DION-SERVER/Desktop/noble.dion.sy/packages/noble/Hrm/src/Resources/js/Pages/Employees/Edit.tsx'
    Imported via '@/components/ui/label' from file 'C:/Users/DION-SERVER/Desktop/noble.dion.sy/packages/noble/Hrm/src/Resources/js/Pages/Events/Create.tsx'
    Imported via '@/components/ui/label' from file 'C:/Users/DION-SERVER/Desktop/noble.dion.sy/packages/noble/Hrm/src/Resources/js/Pages/Events/Edit.tsx'
    Imported via '@/components/ui/label' from file 'C:/Users/DION-SERVER/Desktop/noble.dion.sy/packages/noble/Hrm/src/Resources/js/Pages/Events/StatusUpdate.tsx'
    Imported via '@/components/ui/label' from file 'C:/Users/DION-SERVER/Desktop/noble.dion.sy/packages/noble/Hrm/src/Resources/js/Pages/FinalSettlement/Index.tsx'
    Imported via '@/components/ui/label' from file 'C:/Users/DION-SERVER/Desktop/noble.dion.sy/packages/noble/Hrm/src/Resources/js/Pages/Holidays/Create.tsx'
    Imported via '@/components/ui/label' from file 'C:/Users/DION-SERVER/Desktop/noble.dion.sy/packages/noble/Hrm/src/Resources/js/Pages/Holidays/Edit.tsx'
    Imported via '@/components/ui/label' from file 'C:/Users/DION-SERVER/Desktop/noble.dion.sy/packages/noble/Hrm/src/Resources/js/Pages/HrmDocuments/Action.tsx'
    Imported via '@/components/ui/label' from file 'C:/Users/DION-SERVER/Desktop/noble.dion.sy/packages/noble/Hrm/src/Resources/js/Pages/HrmDocuments/Create.tsx'
    Imported via '@/components/ui/label' from file 'C:/Users/DION-SERVER/Desktop/noble.dion.sy/packages/noble/Hrm/src/Resources/js/Pages/HrmDocuments/Edit.tsx'
    Imported via '@/components/ui/label' from file 'C:/Users/DION-SERVER/Desktop/noble.dion.sy/packages/noble/Hrm/src/Resources/js/Pages/LeaveApplications/Create.tsx'
    Imported via '@/components/ui/label' from file 'C:/Users/DION-SERVER/Desktop/noble.dion.sy/packages/noble/Hrm/src/Resources/js/Pages/LeaveApplications/Edit.tsx'
    Imported via '@/components/ui/label' from file 'C:/Users/DION-SERVER/Desktop/noble.dion.sy/packages/noble/Hrm/src/Resources/js/Pages/LeaveApplications/StatusUpdate.tsx'
    Imported via '@/components/ui/label' from file 'C:/Users/DION-SERVER/Desktop/noble.dion.sy/packages/noble/Hrm/src/Resources/js/Pages/LeaveTypes/Create.tsx'
    Imported via '@/components/ui/label' from file 'C:/Users/DION-SERVER/Desktop/noble.dion.sy/packages/noble/Hrm/src/Resources/js/Pages/LeaveTypes/Edit.tsx'
    Imported via '@/components/ui/label' from file 'C:/Users/DION-SERVER/Desktop/noble.dion.sy/packages/noble/Hrm/src/Resources/js/Pages/Onboarding/Index.tsx'
    Imported via '@/components/ui/label' from file 'C:/Users/DION-SERVER/Desktop/noble.dion.sy/packages/noble/Hrm/src/Resources/js/Pages/Payrolls/Create.tsx'
    Imported via '@/components/ui/label' from file 'C:/Users/DION-SERVER/Desktop/noble.dion.sy/packages/noble/Hrm/src/Resources/js/Pages/Payrolls/Edit.tsx'
    Imported via '@/components/ui/label' from file 'C:/Users/DION-SERVER/Desktop/noble.dion.sy/packages/noble/Hrm/src/Resources/js/Pages/Promotions/Create.tsx'
    Imported via '@/components/ui/label' from file 'C:/Users/DION-SERVER/Desktop/noble.dion.sy/packages/noble/Hrm/src/Resources/js/Pages/Promotions/Edit.tsx'
    Imported via '@/components/ui/label' from file 'C:/Users/DION-SERVER/Desktop/noble.dion.sy/packages/noble/Hrm/src/Resources/js/Pages/Resignations/Create.tsx'
    Imported via '@/components/ui/label' from file 'C:/Users/DION-SERVER/Desktop/noble.dion.sy/packages/noble/Hrm/src/Resources/js/Pages/Resignations/Edit.tsx'
    Imported via '@/components/ui/label' from file 'C:/Users/DION-SERVER/Desktop/noble.dion.sy/packages/noble/Hrm/src/Resources/js/Pages/Resignations/Index.tsx'
    Imported via '@/components/ui/label' from file 'C:/Users/DION-SERVER/Desktop/noble.dion.sy/packages/noble/Hrm/src/Resources/js/Pages/Resignations/StatusUpdate.tsx'
    Imported via '@/components/ui/label' from file 'C:/Users/DION-SERVER/Desktop/noble.dion.sy/packages/noble/Hrm/src/Resources/js/Pages/SetSalary/Show.tsx'
    Imported via '@/components/ui/label' from file 'C:/Users/DION-SERVER/Desktop/noble.dion.sy/packages/noble/Hrm/src/Resources/js/Pages/SetSalary/Allowances/Create.tsx'
    Imported via '@/components/ui/label' from file 'C:/Users/DION-SERVER/Desktop/noble.dion.sy/packages/noble/Hrm/src/Resources/js/Pages/SetSalary/Allowances/Edit.tsx'
    Imported via '@/components/ui/label' from file 'C:/Users/DION-SERVER/Desktop/noble.dion.sy/packages/noble/Hrm/src/Resources/js/Pages/SetSalary/Deductions/Create.tsx'
    Imported via '@/components/ui/label' from file 'C:/Users/DION-SERVER/Desktop/noble.dion.sy/packages/noble/Hrm/src/Resources/js/Pages/SetSalary/Deductions/Edit.tsx'
    Imported via '@/components/ui/label' from file 'C:/Users/DION-SERVER/Desktop/noble.dion.sy/packages/noble/Hrm/src/Resources/js/Pages/SetSalary/Loans/Create.tsx'
    Imported via '@/components/ui/label' from file 'C:/Users/DION-SERVER/Desktop/noble.dion.sy/packages/noble/Hrm/src/Resources/js/Pages/SetSalary/Loans/Edit.tsx'
    Imported via '@/components/ui/label' from file 'C:/Users/DION-SERVER/Desktop/noble.dion.sy/packages/noble/Hrm/src/Resources/js/Pages/SetSalary/Loans/StatusUpdate.tsx'
    Imported via '@/components/ui/label' from file 'C:/Users/DION-SERVER/Desktop/noble.dion.sy/packages/noble/Hrm/src/Resources/js/Pages/SetSalary/Overtimes/Create.tsx'
    Imported via '@/components/ui/label' from file 'C:/Users/DION-SERVER/Desktop/noble.dion.sy/packages/noble/Hrm/src/Resources/js/Pages/SetSalary/Overtimes/Edit.tsx'
    Imported via '@/components/ui/label' from file 'C:/Users/DION-SERVER/Desktop/noble.dion.sy/packages/noble/Hrm/src/Resources/js/Pages/Shifts/Create.tsx'
    Imported via '@/components/ui/label' from file 'C:/Users/DION-SERVER/Desktop/noble.dion.sy/packages/noble/Hrm/src/Resources/js/Pages/Shifts/Edit.tsx'
    Imported via '@/components/ui/label' from file 'C:/Users/DION-SERVER/Desktop/noble.dion.sy/packages/noble/Hrm/src/Resources/js/Pages/SystemSetup/AllowanceTypes/Create.tsx'
    Imported via '@/components/ui/label' from file 'C:/Users/DION-SERVER/Desktop/noble.dion.sy/packages/noble/Hrm/src/Resources/js/Pages/SystemSetup/AllowanceTypes/Edit.tsx'
    Imported via '@/components/ui/label' from file 'C:/Users/DION-SERVER/Desktop/noble.dion.sy/packages/noble/Hrm/src/Resources/js/Pages/SystemSetup/AnnouncementCategories/Create.tsx'
    Imported via '@/components/ui/label' from file 'C:/Users/DION-SERVER/Desktop/noble.dion.sy/packages/noble/Hrm/src/Resources/js/Pages/SystemSetup/AnnouncementCategories/Edit.tsx'
    Imported via '@/components/ui/label' from file 'C:/Users/DION-SERVER/Desktop/noble.dion.sy/packages/noble/Hrm/src/Resources/js/Pages/SystemSetup/AwardTypes/Create.tsx'
    Imported via '@/components/ui/label' from file 'C:/Users/DION-SERVER/Desktop/noble.dion.sy/packages/noble/Hrm/src/Resources/js/Pages/SystemSetup/AwardTypes/Edit.tsx'
    Imported via '@/components/ui/label' from file 'C:/Users/DION-SERVER/Desktop/noble.dion.sy/packages/noble/Hrm/src/Resources/js/Pages/SystemSetup/Branches/Create.tsx'
    Imported via '@/components/ui/label' from file 'C:/Users/DION-SERVER/Desktop/noble.dion.sy/packages/noble/Hrm/src/Resources/js/Pages/SystemSetup/Branches/Edit.tsx'
    Imported via '@/components/ui/label' from file 'C:/Users/DION-SERVER/Desktop/noble.dion.sy/packages/noble/Hrm/src/Resources/js/Pages/SystemSetup/ComplaintTypes/Create.tsx'
    Imported via '@/components/ui/label' from file 'C:/Users/DION-SERVER/Desktop/noble.dion.sy/packages/noble/Hrm/src/Resources/js/Pages/SystemSetup/ComplaintTypes/Edit.tsx'
    Imported via '@/components/ui/label' from file 'C:/Users/DION-SERVER/Desktop/noble.dion.sy/packages/noble/Hrm/src/Resources/js/Pages/SystemSetup/DeductionTypes/Create.tsx'
    Imported via '@/components/ui/label' from file 'C:/Users/DION-SERVER/Desktop/noble.dion.sy/packages/noble/Hrm/src/Resources/js/Pages/SystemSetup/DeductionTypes/Edit.tsx'
    Imported via '@/components/ui/label' from file 'C:/Users/DION-SERVER/Desktop/noble.dion.sy/packages/noble/Hrm/src/Resources/js/Pages/SystemSetup/Departments/Create.tsx'
    Imported via '@/components/ui/label' from file 'C:/Users/DION-SERVER/Desktop/noble.dion.sy/packages/noble/Hrm/src/Resources/js/Pages/SystemSetup/Departments/Edit.tsx'
    Imported via '@/components/ui/label' from file 'C:/Users/DION-SERVER/Desktop/noble.dion.sy/packages/noble/Hrm/src/Resources/js/Pages/SystemSetup/Designations/Create.tsx'
    Imported via '@/components/ui/label' from file 'C:/Users/DION-SERVER/Desktop/noble.dion.sy/packages/noble/Hrm/src/Resources/js/Pages/SystemSetup/Designations/Edit.tsx'
    Imported via '@/components/ui/label' from file 'C:/Users/DION-SERVER/Desktop/noble.dion.sy/packages/noble/Hrm/src/Resources/js/Pages/SystemSetup/DocumentCategories/Create.tsx'
    Imported via '@/components/ui/label' from file 'C:/Users/DION-SERVER/Desktop/noble.dion.sy/packages/noble/Hrm/src/Resources/js/Pages/SystemSetup/DocumentCategories/Edit.tsx'
    Imported via '@/components/ui/label' from file 'C:/Users/DION-SERVER/Desktop/noble.dion.sy/packages/noble/Hrm/src/Resources/js/Pages/SystemSetup/EmployeeDocumentTypes/Create.tsx'
    Imported via '@/components/ui/label' from file 'C:/Users/DION-SERVER/Desktop/noble.dion.sy/packages/noble/Hrm/src/Resources/js/Pages/SystemSetup/EmployeeDocumentTypes/Edit.tsx'
    Imported via '@/components/ui/label' from file 'C:/Users/DION-SERVER/Desktop/noble.dion.sy/packages/noble/Hrm/src/Resources/js/Pages/SystemSetup/EventTypes/Create.tsx'
    Imported via '@/components/ui/label' from file 'C:/Users/DION-SERVER/Desktop/noble.dion.sy/packages/noble/Hrm/src/Resources/js/Pages/SystemSetup/EventTypes/Edit.tsx'
    Imported via '@/components/ui/label' from file 'C:/Users/DION-SERVER/Desktop/noble.dion.sy/packages/noble/Hrm/src/Resources/js/Pages/SystemSetup/HolidayTypes/Create.tsx'
    Imported via '@/components/ui/label' from file 'C:/Users/DION-SERVER/Desktop/noble.dion.sy/packages/noble/Hrm/src/Resources/js/Pages/SystemSetup/HolidayTypes/Edit.tsx'
    Imported via '@/components/ui/label' from file 'C:/Users/DION-SERVER/Desktop/noble.dion.sy/packages/noble/Hrm/src/Resources/js/Pages/SystemSetup/IpRestricts/Create.tsx'
    Imported via '@/components/ui/label' from file 'C:/Users/DION-SERVER/Desktop/noble.dion.sy/packages/noble/Hrm/src/Resources/js/Pages/SystemSetup/IpRestricts/Edit.tsx'
    Imported via '@/components/ui/label' from file 'C:/Users/DION-SERVER/Desktop/noble.dion.sy/packages/noble/Hrm/src/Resources/js/Pages/SystemSetup/IpRestricts/Index.tsx'
    Imported via '@/components/ui/label' from file 'C:/Users/DION-SERVER/Desktop/noble.dion.sy/packages/noble/Hrm/src/Resources/js/Pages/SystemSetup/LoanTypes/Create.tsx'
    Imported via '@/components/ui/label' from file 'C:/Users/DION-SERVER/Desktop/noble.dion.sy/packages/noble/Hrm/src/Resources/js/Pages/SystemSetup/LoanTypes/Edit.tsx'
    Imported via '@/components/ui/label' from file 'C:/Users/DION-SERVER/Desktop/noble.dion.sy/packages/noble/Hrm/src/Resources/js/Pages/SystemSetup/TerminationTypes/Create.tsx'
    Imported via '@/components/ui/label' from file 'C:/Users/DION-SERVER/Desktop/noble.dion.sy/packages/noble/Hrm/src/Resources/js/Pages/SystemSetup/TerminationTypes/Edit.tsx'
    Imported via '@/components/ui/label' from file 'C:/Users/DION-SERVER/Desktop/noble.dion.sy/packages/noble/Hrm/src/Resources/js/Pages/SystemSetup/ViolationTypes/Index.tsx'
    Imported via '@/components/ui/label' from file 'C:/Users/DION-SERVER/Desktop/noble.dion.sy/packages/noble/Hrm/src/Resources/js/Pages/SystemSetup/WarningTypes/Create.tsx'
    Imported via '@/components/ui/label' from file 'C:/Users/DION-SERVER/Desktop/noble.dion.sy/packages/noble/Hrm/src/Resources/js/Pages/SystemSetup/WarningTypes/Edit.tsx'
    Imported via '@/components/ui/label' from file 'C:/Users/DION-SERVER/Desktop/noble.dion.sy/packages/noble/Hrm/src/Resources/js/Pages/Terminations/Create.tsx'
    Imported via '@/components/ui/label' from file 'C:/Users/DION-SERVER/Desktop/noble.dion.sy/packages/noble/Hrm/src/Resources/js/Pages/Terminations/Edit.tsx'
    Imported via '@/components/ui/label' from file 'C:/Users/DION-SERVER/Desktop/noble.dion.sy/packages/noble/Hrm/src/Resources/js/Pages/VacationSettlement/Index.tsx'
    Imported via '@/components/ui/label' from file 'C:/Users/DION-SERVER/Desktop/noble.dion.sy/packages/noble/Hrm/src/Resources/js/Pages/Violations/Index.tsx'
    Imported via '@/components/ui/label' from file 'C:/Users/DION-SERVER/Desktop/noble.dion.sy/packages/noble/Hrm/src/Resources/js/Pages/Warnings/Create.tsx'
    Imported via '@/components/ui/label' from file 'C:/Users/DION-SERVER/Desktop/noble.dion.sy/packages/noble/Hrm/src/Resources/js/Pages/Warnings/Edit.tsx'
    Imported via '@/components/ui/label' from file 'C:/Users/DION-SERVER/Desktop/noble.dion.sy/packages/noble/Hrm/src/Resources/js/Pages/Warnings/Response.tsx'
    Imported via '@/components/ui/label' from file 'C:/Users/DION-SERVER/Desktop/noble.dion.sy/packages/noble/LandingPage/src/Resources/js/Pages/components/settings/General.tsx'
    Imported via '@/components/ui/label' from file 'C:/Users/DION-SERVER/Desktop/noble.dion.sy/packages/noble/LandingPage/src/Resources/js/Pages/components/settings/Hero.tsx'
    Imported via '@/components/ui/label' from file 'C:/Users/DION-SERVER/Desktop/noble.dion.sy/packages/noble/LandingPage/src/Resources/js/Pages/components/settings/Header.tsx'
    Imported via '@/components/ui/label' from file 'C:/Users/DION-SERVER/Desktop/noble.dion.sy/packages/noble/LandingPage/src/Resources/js/Pages/components/settings/Features.tsx'
    Imported via '@/components/ui/label' from file 'C:/Users/DION-SERVER/Desktop/noble.dion.sy/packages/noble/LandingPage/src/Resources/js/Pages/components/settings/Stats.tsx'
    Imported via '@/components/ui/label' from file 'C:/Users/DION-SERVER/Desktop/noble.dion.sy/packages/noble/LandingPage/src/Resources/js/Pages/components/settings/Modules.tsx'
    Imported via '@/components/ui/label' from file 'C:/Users/DION-SERVER/Desktop/noble.dion.sy/packages/noble/LandingPage/src/Resources/js/Pages/components/settings/Benefits.tsx'
    Imported via '@/components/ui/label' from file 'C:/Users/DION-SERVER/Desktop/noble.dion.sy/packages/noble/LandingPage/src/Resources/js/Pages/components/settings/Gallery.tsx'
    Imported via '@/components/ui/label' from file 'C:/Users/DION-SERVER/Desktop/noble.dion.sy/packages/noble/LandingPage/src/Resources/js/Pages/components/settings/CTA.tsx'
    Imported via '@/components/ui/label' from file 'C:/Users/DION-SERVER/Desktop/noble.dion.sy/packages/noble/LandingPage/src/Resources/js/Pages/components/settings/Footer.tsx'
    Imported via '@/components/ui/label' from file 'C:/Users/DION-SERVER/Desktop/noble.dion.sy/packages/noble/LandingPage/src/Resources/js/Pages/components/settings/Order.tsx'
    Imported via '@/components/ui/label' from file 'C:/Users/DION-SERVER/Desktop/noble.dion.sy/packages/noble/LandingPage/src/Resources/js/Pages/components/settings/Colors.tsx'
    Imported via '@/components/ui/label' from file 'C:/Users/DION-SERVER/Desktop/noble.dion.sy/packages/noble/LandingPage/src/Resources/js/Pages/components/settings/Pricing.tsx'
    Imported via '@/components/ui/label' from file 'C:/Users/DION-SERVER/Desktop/noble.dion.sy/packages/noble/LandingPage/src/Resources/js/Pages/CustomPages/Create.tsx'
    Imported via '@/components/ui/label' from file 'C:/Users/DION-SERVER/Desktop/noble.dion.sy/packages/noble/LandingPage/src/Resources/js/Pages/CustomPages/Edit.tsx'
    Imported via '@/components/ui/label' from file 'C:/Users/DION-SERVER/Desktop/noble.dion.sy/packages/noble/LandingPage/src/Resources/js/Pages/marketplace/Settings.tsx'
    Imported via '@/components/ui/label' from file 'C:/Users/DION-SERVER/Desktop/noble.dion.sy/packages/noble/Lead/src/Resources/js/Pages/Deals/Create.tsx'
    Imported via '@/components/ui/label' from file 'C:/Users/DION-SERVER/Desktop/noble.dion.sy/packages/noble/Lead/src/Resources/js/Pages/Deals/Edit.tsx'
    Imported via '@/components/ui/label' from file 'C:/Users/DION-SERVER/Desktop/noble.dion.sy/packages/noble/Lead/src/Resources/js/Pages/Deals/Show/General.tsx'
    Imported via '@/components/ui/label' from file 'C:/Users/DION-SERVER/Desktop/noble.dion.sy/packages/noble/Lead/src/Resources/js/Pages/Deals/Show/Tasks.tsx'
    Imported via '@/components/ui/label' from file 'C:/Users/DION-SERVER/Desktop/noble.dion.sy/packages/noble/Lead/src/Resources/js/Pages/Deals/Show/Users.tsx'
    Imported via '@/components/ui/label' from file 'C:/Users/DION-SERVER/Desktop/noble.dion.sy/packages/noble/Lead/src/Resources/js/Pages/Deals/Show/Products.tsx'
    Imported via '@/components/ui/label' from file 'C:/Users/DION-SERVER/Desktop/noble.dion.sy/packages/noble/Lead/src/Resources/js/Pages/Deals/Show/Sources.tsx'
    Imported via '@/components/ui/label' from file 'C:/Users/DION-SERVER/Desktop/noble.dion.sy/packages/noble/Lead/src/Resources/js/Pages/Deals/Show/Calls.tsx'
    Imported via '@/components/ui/label' from file 'C:/Users/DION-SERVER/Desktop/noble.dion.sy/packages/noble/Lead/src/Resources/js/Pages/Deals/Show/Clients.tsx'
    Imported via '@/components/ui/label' from file 'C:/Users/DION-SERVER/Desktop/noble.dion.sy/packages/noble/Lead/src/Resources/js/Pages/Deals/Show/Discussions.tsx'
    Imported via '@/components/ui/label' from file 'C:/Users/DION-SERVER/Desktop/noble.dion.sy/packages/noble/Lead/src/Resources/js/Pages/Deals/Show/Emails.tsx'
    Imported via '@/components/ui/label' from file 'C:/Users/DION-SERVER/Desktop/noble.dion.sy/packages/noble/Lead/src/Resources/js/Pages/Leads/Create.tsx'
    Imported via '@/components/ui/label' from file 'C:/Users/DION-SERVER/Desktop/noble.dion.sy/packages/noble/Lead/src/Resources/js/Pages/Leads/Edit.tsx'
    Imported via '@/components/ui/label' from file 'C:/Users/DION-SERVER/Desktop/noble.dion.sy/packages/noble/Lead/src/Resources/js/Pages/Leads/Show/General.tsx'
    Imported via '@/components/ui/label' from file 'C:/Users/DION-SERVER/Desktop/noble.dion.sy/packages/noble/Lead/src/Resources/js/Pages/Leads/Show/Tasks.tsx'
    Imported via '@/components/ui/label' from file 'C:/Users/DION-SERVER/Desktop/noble.dion.sy/packages/noble/Lead/src/Resources/js/Pages/Leads/Show/Users.tsx'
    Imported via '@/components/ui/label' from file 'C:/Users/DION-SERVER/Desktop/noble.dion.sy/packages/noble/Lead/src/Resources/js/Pages/Leads/Show/Products.tsx'
    Imported via '@/components/ui/label' from file 'C:/Users/DION-SERVER/Desktop/noble.dion.sy/packages/noble/Lead/src/Resources/js/Pages/Leads/Show/Sources.tsx'
    Imported via '@/components/ui/label' from file 'C:/Users/DION-SERVER/Desktop/noble.dion.sy/packages/noble/Lead/src/Resources/js/Pages/Leads/Show/Calls.tsx'
    Imported via '@/components/ui/label' from file 'C:/Users/DION-SERVER/Desktop/noble.dion.sy/packages/noble/Lead/src/Resources/js/Pages/Leads/Show/ConvertToDeal.tsx'
    Imported via '@/components/ui/label' from file 'C:/Users/DION-SERVER/Desktop/noble.dion.sy/packages/noble/Lead/src/Resources/js/Pages/Leads/Show/Discussions.tsx'
    Imported via '@/components/ui/label' from file 'C:/Users/DION-SERVER/Desktop/noble.dion.sy/packages/noble/Lead/src/Resources/js/Pages/Leads/Show/Emails.tsx'
    Imported via '@/components/ui/label' from file 'C:/Users/DION-SERVER/Desktop/noble.dion.sy/packages/noble/Lead/src/Resources/js/Pages/Reports/DealReports.tsx'
    Imported via '@/components/ui/label' from file 'C:/Users/DION-SERVER/Desktop/noble.dion.sy/packages/noble/Lead/src/Resources/js/Pages/Reports/LeadReports.tsx'
    Imported via '@/components/ui/label' from file 'C:/Users/DION-SERVER/Desktop/noble.dion.sy/packages/noble/Lead/src/Resources/js/Pages/SystemSetup/DealStages/Create.tsx'
    Imported via '@/components/ui/label' from file 'C:/Users/DION-SERVER/Desktop/noble.dion.sy/packages/noble/Lead/src/Resources/js/Pages/SystemSetup/DealStages/Edit.tsx'
    Imported via '@/components/ui/label' from file 'C:/Users/DION-SERVER/Desktop/noble.dion.sy/packages/noble/Lead/src/Resources/js/Pages/SystemSetup/Labels/Create.tsx'
    Imported via '@/components/ui/label' from file 'C:/Users/DION-SERVER/Desktop/noble.dion.sy/packages/noble/Lead/src/Resources/js/Pages/SystemSetup/Labels/Edit.tsx'
    Imported via '@/components/ui/label' from file 'C:/Users/DION-SERVER/Desktop/noble.dion.sy/packages/noble/Lead/src/Resources/js/Pages/SystemSetup/LeadStages/Create.tsx'
    Imported via '@/components/ui/label' from file 'C:/Users/DION-SERVER/Desktop/noble.dion.sy/packages/noble/Lead/src/Resources/js/Pages/SystemSetup/LeadStages/Edit.tsx'
    Imported via '@/components/ui/label' from file 'C:/Users/DION-SERVER/Desktop/noble.dion.sy/packages/noble/Lead/src/Resources/js/Pages/SystemSetup/Pipelines/Create.tsx'
    Imported via '@/components/ui/label' from file 'C:/Users/DION-SERVER/Desktop/noble.dion.sy/packages/noble/Lead/src/Resources/js/Pages/SystemSetup/Pipelines/Edit.tsx'
    Imported via '@/components/ui/label' from file 'C:/Users/DION-SERVER/Desktop/noble.dion.sy/packages/noble/Lead/src/Resources/js/Pages/SystemSetup/Sources/Create.tsx'
    Imported via '@/components/ui/label' from file 'C:/Users/DION-SERVER/Desktop/noble.dion.sy/packages/noble/Lead/src/Resources/js/Pages/SystemSetup/Sources/Edit.tsx'
    Imported via '@/components/ui/label' from file 'C:/Users/DION-SERVER/Desktop/noble.dion.sy/packages/noble/Paypal/src/Resources/js/buttons/buttons.tsx'
    Imported via '@/components/ui/label' from file 'C:/Users/DION-SERVER/Desktop/noble.dion.sy/packages/noble/Paypal/src/Resources/js/settings/components/paypal-settings.tsx'
    Imported via '@/components/ui/label' from file 'C:/Users/DION-SERVER/Desktop/noble.dion.sy/packages/noble/Performance/src/Resources/js/Pages/EmployeeGoals/Create.tsx'
    Imported via '@/components/ui/label' from file 'C:/Users/DION-SERVER/Desktop/noble.dion.sy/packages/noble/Performance/src/Resources/js/Pages/EmployeeGoals/Edit.tsx'
    Imported via '@/components/ui/label' from file 'C:/Users/DION-SERVER/Desktop/noble.dion.sy/packages/noble/Performance/src/Resources/js/Pages/EmployeeReviews/Conduct.tsx'
    Imported via '@/components/ui/label' from file 'C:/Users/DION-SERVER/Desktop/noble.dion.sy/packages/noble/Performance/src/Resources/js/Pages/EmployeeReviews/Create.tsx'
    Imported via '@/components/ui/label' from file 'C:/Users/DION-SERVER/Desktop/noble.dion.sy/packages/noble/Performance/src/Resources/js/Pages/EmployeeReviews/Edit.tsx'
    Imported via '@/components/ui/label' from file 'C:/Users/DION-SERVER/Desktop/noble.dion.sy/packages/noble/Performance/src/Resources/js/Pages/Indicators/Create.tsx'
    Imported via '@/components/ui/label' from file 'C:/Users/DION-SERVER/Desktop/noble.dion.sy/packages/noble/Performance/src/Resources/js/Pages/Indicators/Edit.tsx'
    Imported via '@/components/ui/label' from file 'C:/Users/DION-SERVER/Desktop/noble.dion.sy/packages/noble/Performance/src/Resources/js/Pages/ReviewCycles/Create.tsx'
    Imported via '@/components/ui/label' from file 'C:/Users/DION-SERVER/Desktop/noble.dion.sy/packages/noble/Performance/src/Resources/js/Pages/ReviewCycles/Edit.tsx'
    Imported via '@/components/ui/label' from file 'C:/Users/DION-SERVER/Desktop/noble.dion.sy/packages/noble/Performance/src/Resources/js/Pages/SystemSetup/GoalTypes/Create.tsx'
    Imported via '@/components/ui/label' from file 'C:/Users/DION-SERVER/Desktop/noble.dion.sy/packages/noble/Performance/src/Resources/js/Pages/SystemSetup/GoalTypes/Edit.tsx'
    Imported via '@/components/ui/label' from file 'C:/Users/DION-SERVER/Desktop/noble.dion.sy/packages/noble/Performance/src/Resources/js/Pages/SystemSetup/IndicatorCategories/Create.tsx'
    Imported via '@/components/ui/label' from file 'C:/Users/DION-SERVER/Desktop/noble.dion.sy/packages/noble/Performance/src/Resources/js/Pages/SystemSetup/IndicatorCategories/Edit.tsx'
    Imported via '@/components/ui/label' from file 'C:/Users/DION-SERVER/Desktop/noble.dion.sy/packages/noble/Pos/src/Resources/js/Pages/Barcode/Index.tsx'
    Imported via '@/components/ui/label' from file 'C:/Users/DION-SERVER/Desktop/noble.dion.sy/packages/noble/ProductService/src/Resources/js/Pages/Items/Create.tsx'
    Imported via '@/components/ui/label' from file 'C:/Users/DION-SERVER/Desktop/noble.dion.sy/packages/noble/ProductService/src/Resources/js/Pages/Items/Edit.tsx'
    Imported via '@/components/ui/label' from file 'C:/Users/DION-SERVER/Desktop/noble.dion.sy/packages/noble/ProductService/src/Resources/js/Pages/Stock/Index.tsx'
    Imported via '@/components/ui/label' from file 'C:/Users/DION-SERVER/Desktop/noble.dion.sy/packages/noble/ProductService/src/Resources/js/Pages/SystemSetup/Categories/Create.tsx'
    Imported via '@/components/ui/label' from file 'C:/Users/DION-SERVER/Desktop/noble.dion.sy/packages/noble/ProductService/src/Resources/js/Pages/SystemSetup/Categories/Edit.tsx'
    Imported via '@/components/ui/label' from file 'C:/Users/DION-SERVER/Desktop/noble.dion.sy/packages/noble/ProductService/src/Resources/js/Pages/SystemSetup/Taxes/Create.tsx'
    Imported via '@/components/ui/label' from file 'C:/Users/DION-SERVER/Desktop/noble.dion.sy/packages/noble/ProductService/src/Resources/js/Pages/SystemSetup/Taxes/Edit.tsx'
    Imported via '@/components/ui/label' from file 'C:/Users/DION-SERVER/Desktop/noble.dion.sy/packages/noble/ProductService/src/Resources/js/Pages/SystemSetup/Units/Create.tsx'
    Imported via '@/components/ui/label' from file 'C:/Users/DION-SERVER/Desktop/noble.dion.sy/packages/noble/ProductService/src/Resources/js/Pages/SystemSetup/Units/Edit.tsx'
    Imported via '@/components/ui/label' from file 'C:/Users/DION-SERVER/Desktop/noble.dion.sy/packages/noble/ProductService/src/Resources/js/fields/fields.tsx'
    Imported via '@/components/ui/label' from file 'C:/Users/DION-SERVER/Desktop/noble.dion.sy/packages/noble/Quotation/src/Resources/js/Pages/Quotations/Create.tsx'
    Imported via '@/components/ui/label' from file 'C:/Users/DION-SERVER/Desktop/noble.dion.sy/packages/noble/Quotation/src/Resources/js/Pages/Quotations/Edit.tsx'
    Imported via '@/components/ui/label' from file 'C:/Users/DION-SERVER/Desktop/noble.dion.sy/packages/noble/Recruitment/src/Resources/js/Pages/CandidateAssessments/Create.tsx'
    Imported via '@/components/ui/label' from file 'C:/Users/DION-SERVER/Desktop/noble.dion.sy/packages/noble/Recruitment/src/Resources/js/Pages/CandidateAssessments/Edit.tsx'
    Imported via '@/components/ui/label' from file 'C:/Users/DION-SERVER/Desktop/noble.dion.sy/packages/noble/Recruitment/src/Resources/js/Pages/CandidateOnboardings/Create.tsx'
    Imported via '@/components/ui/label' from file 'C:/Users/DION-SERVER/Desktop/noble.dion.sy/packages/noble/Recruitment/src/Resources/js/Pages/CandidateOnboardings/Edit.tsx'
    Imported via '@/components/ui/label' from file 'C:/Users/DION-SERVER/Desktop/noble.dion.sy/packages/noble/Recruitment/src/Resources/js/Pages/Candidates/Create.tsx'
    Imported via '@/components/ui/label' from file 'C:/Users/DION-SERVER/Desktop/noble.dion.sy/packages/noble/Recruitment/src/Resources/js/Pages/Candidates/Edit.tsx'
    Imported via '@/components/ui/label' from file 'C:/Users/DION-SERVER/Desktop/noble.dion.sy/packages/noble/Recruitment/src/Resources/js/Pages/ChecklistItems/Create.tsx'
    Imported via '@/components/ui/label' from file 'C:/Users/DION-SERVER/Desktop/noble.dion.sy/packages/noble/Recruitment/src/Resources/js/Pages/ChecklistItems/Edit.tsx'
    Imported via '@/components/ui/label' from file 'C:/Users/DION-SERVER/Desktop/noble.dion.sy/packages/noble/Recruitment/src/Resources/js/Pages/CustomQuestions/Create.tsx'
    Imported via '@/components/ui/label' from file 'C:/Users/DION-SERVER/Desktop/noble.dion.sy/packages/noble/Recruitment/src/Resources/js/Pages/CustomQuestions/Edit.tsx'
    Imported via '@/components/ui/label' from file 'C:/Users/DION-SERVER/Desktop/noble.dion.sy/packages/noble/Recruitment/src/Resources/js/Pages/Frontend/JobApply.tsx'
    Imported via '@/components/ui/label' from file 'C:/Users/DION-SERVER/Desktop/noble.dion.sy/packages/noble/Recruitment/src/Resources/js/Pages/Frontend/TrackingForm.tsx'
    Imported via '@/components/ui/label' from file 'C:/Users/DION-SERVER/Desktop/noble.dion.sy/packages/noble/Recruitment/src/Resources/js/Pages/InterviewFeedbacks/Create.tsx'
    Imported via '@/components/ui/label' from file 'C:/Users/DION-SERVER/Desktop/noble.dion.sy/packages/noble/Recruitment/src/Resources/js/Pages/InterviewFeedbacks/Edit.tsx'
    Imported via '@/components/ui/label' from file 'C:/Users/DION-SERVER/Desktop/noble.dion.sy/packages/noble/Recruitment/src/Resources/js/Pages/InterviewRounds/Create.tsx'
    Imported via '@/components/ui/label' from file 'C:/Users/DION-SERVER/Desktop/noble.dion.sy/packages/noble/Recruitment/src/Resources/js/Pages/InterviewRounds/Edit.tsx'
    Imported via '@/components/ui/label' from file 'C:/Users/DION-SERVER/Desktop/noble.dion.sy/packages/noble/Recruitment/src/Resources/js/Pages/Interviews/Create.tsx'
    Imported via '@/components/ui/label' from file 'C:/Users/DION-SERVER/Desktop/noble.dion.sy/packages/noble/Recruitment/src/Resources/js/Pages/Interviews/Edit.tsx'
    Imported via '@/components/ui/label' from file 'C:/Users/DION-SERVER/Desktop/noble.dion.sy/packages/noble/Recruitment/src/Resources/js/Pages/JobLocations/Create.tsx'
    Imported via '@/components/ui/label' from file 'C:/Users/DION-SERVER/Desktop/noble.dion.sy/packages/noble/Recruitment/src/Resources/js/Pages/JobLocations/Edit.tsx'
    Imported via '@/components/ui/label' from file 'C:/Users/DION-SERVER/Desktop/noble.dion.sy/packages/noble/Recruitment/src/Resources/js/Pages/JobPostings/Create.tsx'
    Imported via '@/components/ui/label' from file 'C:/Users/DION-SERVER/Desktop/noble.dion.sy/packages/noble/Recruitment/src/Resources/js/Pages/JobPostings/Edit.tsx'
    Imported via '@/components/ui/label' from file 'C:/Users/DION-SERVER/Desktop/noble.dion.sy/packages/noble/Recruitment/src/Resources/js/Pages/Offers/ConvertToEmployee.tsx'
    Imported via '@/components/ui/label' from file 'C:/Users/DION-SERVER/Desktop/noble.dion.sy/packages/noble/Recruitment/src/Resources/js/Pages/Offers/Create.tsx'
    Imported via '@/components/ui/label' from file 'C:/Users/DION-SERVER/Desktop/noble.dion.sy/packages/noble/Recruitment/src/Resources/js/Pages/Offers/Edit.tsx'
    Imported via '@/components/ui/label' from file 'C:/Users/DION-SERVER/Desktop/noble.dion.sy/packages/noble/Recruitment/src/Resources/js/Pages/SystemSetup/AboutCompany/Index.tsx'
    Imported via '@/components/ui/label' from file 'C:/Users/DION-SERVER/Desktop/noble.dion.sy/packages/noble/Recruitment/src/Resources/js/Pages/SystemSetup/ApplicationTips/Index.tsx'
    Imported via '@/components/ui/label' from file 'C:/Users/DION-SERVER/Desktop/noble.dion.sy/packages/noble/Recruitment/src/Resources/js/Pages/SystemSetup/BrandSettings/Index.tsx'
    Imported via '@/components/ui/label' from file 'C:/Users/DION-SERVER/Desktop/noble.dion.sy/packages/noble/Recruitment/src/Resources/js/Pages/SystemSetup/CandidateSources/Create.tsx'
    Imported via '@/components/ui/label' from file 'C:/Users/DION-SERVER/Desktop/noble.dion.sy/packages/noble/Recruitment/src/Resources/js/Pages/SystemSetup/CandidateSources/Edit.tsx'
    Imported via '@/components/ui/label' from file 'C:/Users/DION-SERVER/Desktop/noble.dion.sy/packages/noble/Recruitment/src/Resources/js/Pages/SystemSetup/DashboardWelcomeCard/Index.tsx'
    Imported via '@/components/ui/label' from file 'C:/Users/DION-SERVER/Desktop/noble.dion.sy/packages/noble/Recruitment/src/Resources/js/Pages/SystemSetup/InterviewTypes/Create.tsx'
    Imported via '@/components/ui/label' from file 'C:/Users/DION-SERVER/Desktop/noble.dion.sy/packages/noble/Recruitment/src/Resources/js/Pages/SystemSetup/InterviewTypes/Edit.tsx'
    Imported via '@/components/ui/label' from file 'C:/Users/DION-SERVER/Desktop/noble.dion.sy/packages/noble/Recruitment/src/Resources/js/Pages/SystemSetup/JobCategories/Create.tsx'
    Imported via '@/components/ui/label' from file 'C:/Users/DION-SERVER/Desktop/noble.dion.sy/packages/noble/Recruitment/src/Resources/js/Pages/SystemSetup/JobCategories/Edit.tsx'
    Imported via '@/components/ui/label' from file 'C:/Users/DION-SERVER/Desktop/noble.dion.sy/packages/noble/Recruitment/src/Resources/js/Pages/SystemSetup/JobTypes/Create.tsx'
    Imported via '@/components/ui/label' from file 'C:/Users/DION-SERVER/Desktop/noble.dion.sy/packages/noble/Recruitment/src/Resources/js/Pages/SystemSetup/JobTypes/Edit.tsx'
    Imported via '@/components/ui/label' from file 'C:/Users/DION-SERVER/Desktop/noble.dion.sy/packages/noble/Recruitment/src/Resources/js/Pages/SystemSetup/NeedHelp/Index.tsx'
    Imported via '@/components/ui/label' from file 'C:/Users/DION-SERVER/Desktop/noble.dion.sy/packages/noble/Recruitment/src/Resources/js/Pages/SystemSetup/OnboardingChecklists/Create.tsx'
    Imported via '@/components/ui/label' from file 'C:/Users/DION-SERVER/Desktop/noble.dion.sy/packages/noble/Recruitment/src/Resources/js/Pages/SystemSetup/OnboardingChecklists/Edit.tsx'
    Imported via '@/components/ui/label' from file 'C:/Users/DION-SERVER/Desktop/noble.dion.sy/packages/noble/Recruitment/src/Resources/js/Pages/SystemSetup/TrackingFaq/Index.tsx'
    Imported via '@/components/ui/label' from file 'C:/Users/DION-SERVER/Desktop/noble.dion.sy/packages/noble/Recruitment/src/Resources/js/Pages/SystemSetup/WhatHappensNext/Index.tsx'
    Imported via '@/components/ui/label' from file 'C:/Users/DION-SERVER/Desktop/noble.dion.sy/packages/noble/Slack/src/Resources/js/settings/components/slack-settings.tsx'
    Imported via '@/components/ui/label' from file 'C:/Users/DION-SERVER/Desktop/noble.dion.sy/packages/noble/Stripe/src/Resources/js/buttons/buttons.tsx'
    Imported via '@/components/ui/label' from file 'C:/Users/DION-SERVER/Desktop/noble.dion.sy/packages/noble/Stripe/src/Resources/js/settings/components/stripe-settings.tsx'
    Imported via '@/components/ui/label' from file 'C:/Users/DION-SERVER/Desktop/noble.dion.sy/packages/noble/SupportTicket/src/Resources/js/Pages/FAQ/Create.tsx'
    Imported via '@/components/ui/label' from file 'C:/Users/DION-SERVER/Desktop/noble.dion.sy/packages/noble/SupportTicket/src/Resources/js/Pages/FAQ/Edit.tsx'
    Imported via '@/components/ui/label' from file 'C:/Users/DION-SERVER/Desktop/noble.dion.sy/packages/noble/SupportTicket/src/Resources/js/Pages/FAQ/Import.tsx'
    Imported via '@/components/ui/label' from file 'C:/Users/DION-SERVER/Desktop/noble.dion.sy/packages/noble/SupportTicket/src/Resources/js/Pages/FAQ/ImportDialog.tsx'
    Imported via '@/components/ui/label' from file 'C:/Users/DION-SERVER/Desktop/noble.dion.sy/packages/noble/SupportTicket/src/Resources/js/Pages/Frontend/Contact.tsx'
    Imported via '@/components/ui/label' from file 'C:/Users/DION-SERVER/Desktop/noble.dion.sy/packages/noble/SupportTicket/src/Resources/js/Pages/Frontend/CreateTicket.tsx'
    Imported via '@/components/ui/label' from file 'C:/Users/DION-SERVER/Desktop/noble.dion.sy/packages/noble/SupportTicket/src/Resources/js/Pages/Frontend/Index.tsx'
    Imported via '@/components/ui/label' from file 'C:/Users/DION-SERVER/Desktop/noble.dion.sy/packages/noble/SupportTicket/src/Resources/js/Pages/Knowledge/Create.tsx'
    Imported via '@/components/ui/label' from file 'C:/Users/DION-SERVER/Desktop/noble.dion.sy/packages/noble/SupportTicket/src/Resources/js/Pages/Knowledge/Edit.tsx'
    Imported via '@/components/ui/label' from file 'C:/Users/DION-SERVER/Desktop/noble.dion.sy/packages/noble/SupportTicket/src/Resources/js/Pages/Knowledge/Import.tsx'
    Imported via '@/components/ui/label' from file 'C:/Users/DION-SERVER/Desktop/noble.dion.sy/packages/noble/SupportTicket/src/Resources/js/Pages/Knowledge/ImportDialog.tsx'
    Imported via '@/components/ui/label' from file 'C:/Users/DION-SERVER/Desktop/noble.dion.sy/packages/noble/SupportTicket/src/Resources/js/Pages/SystemSetup/cta-section.tsx'
    Imported via '@/components/ui/label' from file 'C:/Users/DION-SERVER/Desktop/noble.dion.sy/packages/noble/SupportTicket/src/Resources/js/Pages/SystemSetup/support-information.tsx'
    Imported via '@/components/ui/label' from file 'C:/Users/DION-SERVER/Desktop/noble.dion.sy/packages/noble/SupportTicket/src/Resources/js/Pages/SystemSetup/title-section.tsx'
    Imported via '@/components/ui/label' from file 'C:/Users/DION-SERVER/Desktop/noble.dion.sy/packages/noble/SupportTicket/src/Resources/js/Pages/SystemSetup/BrandSettings/Index.tsx'
    Imported via '@/components/ui/label' from file 'C:/Users/DION-SERVER/Desktop/noble.dion.sy/packages/noble/SupportTicket/src/Resources/js/Pages/SystemSetup/Categories/Create.tsx'
    Imported via '@/components/ui/label' from file 'C:/Users/DION-SERVER/Desktop/noble.dion.sy/packages/noble/SupportTicket/src/Resources/js/Pages/SystemSetup/Categories/Edit.tsx'
    Imported via '@/components/ui/label' from file 'C:/Users/DION-SERVER/Desktop/noble.dion.sy/packages/noble/SupportTicket/src/Resources/js/Pages/SystemSetup/ContactInformation/Index.tsx'
    Imported via '@/components/ui/label' from file 'C:/Users/DION-SERVER/Desktop/noble.dion.sy/packages/noble/SupportTicket/src/Resources/js/Pages/SystemSetup/CustomPages/Create.tsx'
    Imported via '@/components/ui/label' from file 'C:/Users/DION-SERVER/Desktop/noble.dion.sy/packages/noble/SupportTicket/src/Resources/js/Pages/SystemSetup/CustomPages/Edit.tsx'
    Imported via '@/components/ui/label' from file 'C:/Users/DION-SERVER/Desktop/noble.dion.sy/packages/noble/SupportTicket/src/Resources/js/Pages/SystemSetup/KnowledgeCategories/Create.tsx'
    Imported via '@/components/ui/label' from file 'C:/Users/DION-SERVER/Desktop/noble.dion.sy/packages/noble/SupportTicket/src/Resources/js/Pages/SystemSetup/KnowledgeCategories/Edit.tsx'
    Imported via '@/components/ui/label' from file 'C:/Users/DION-SERVER/Desktop/noble.dion.sy/packages/noble/SupportTicket/src/Resources/js/Pages/SystemSetup/PrivacyPolicy/Index.tsx'
    Imported via '@/components/ui/label' from file 'C:/Users/DION-SERVER/Desktop/noble.dion.sy/packages/noble/SupportTicket/src/Resources/js/Pages/SystemSetup/QuickLinks/Create.tsx'
    Imported via '@/components/ui/label' from file 'C:/Users/DION-SERVER/Desktop/noble.dion.sy/packages/noble/SupportTicket/src/Resources/js/Pages/SystemSetup/QuickLinks/Edit.tsx'
    Imported via '@/components/ui/label' from file 'C:/Users/DION-SERVER/Desktop/noble.dion.sy/packages/noble/SupportTicket/src/Resources/js/Pages/SystemSetup/TermsConditions/Index.tsx'
    Imported via '@/components/ui/label' from file 'C:/Users/DION-SERVER/Desktop/noble.dion.sy/packages/noble/SupportTicket/src/Resources/js/Pages/Tickets/Create.tsx'
    Imported via '@/components/ui/label' from file 'C:/Users/DION-SERVER/Desktop/noble.dion.sy/packages/noble/SupportTicket/src/Resources/js/Pages/Tickets/Edit.tsx'
    Imported via '@/components/ui/label' from file 'C:/Users/DION-SERVER/Desktop/noble.dion.sy/packages/noble/SupportTicket/src/Resources/js/Pages/Tickets/EditReply.tsx'
    Imported via '@/Components/ui/label' from file 'C:/Users/DION-SERVER/Desktop/noble.dion.sy/packages/noble/SupportTicket/src/Resources/js/faq/Import.tsx'
    Imported via '@/Components/ui/label' from file 'C:/Users/DION-SERVER/Desktop/noble.dion.sy/packages/noble/SupportTicket/src/Resources/js/knowledge/Import.tsx'
    Imported via '@/components/ui/label' from file 'C:/Users/DION-SERVER/Desktop/noble.dion.sy/packages/noble/SupportTicket/src/Resources/js/settings/components/support-setting.tsx'
    Imported via '@/components/ui/label' from file 'C:/Users/DION-SERVER/Desktop/noble.dion.sy/packages/noble/Taskly/src/Resources/js/Pages/Bugs/Create.tsx'
    Imported via '@/components/ui/label' from file 'C:/Users/DION-SERVER/Desktop/noble.dion.sy/packages/noble/Taskly/src/Resources/js/Pages/Bugs/Edit.tsx'
    Imported via '@/components/ui/label' from file 'C:/Users/DION-SERVER/Desktop/noble.dion.sy/packages/noble/Taskly/src/Resources/js/Pages/Bugs/View.tsx'
    Imported via '@/components/ui/label' from file 'C:/Users/DION-SERVER/Desktop/noble.dion.sy/packages/noble/Taskly/src/Resources/js/Pages/Project/Create.tsx'
    Imported via '@/components/ui/label' from file 'C:/Users/DION-SERVER/Desktop/noble.dion.sy/packages/noble/Taskly/src/Resources/js/Pages/Project/DuplicateModal.tsx'
    Imported via '@/components/ui/label' from file 'C:/Users/DION-SERVER/Desktop/noble.dion.sy/packages/noble/Taskly/src/Resources/js/Pages/Project/Edit.tsx'
    Imported via '@/components/ui/label' from file 'C:/Users/DION-SERVER/Desktop/noble.dion.sy/packages/noble/Taskly/src/Resources/js/Pages/Project/View.tsx'
    Imported via '@/components/ui/label' from file 'C:/Users/DION-SERVER/Desktop/noble.dion.sy/packages/noble/Taskly/src/Resources/js/Pages/SystemSetup/BugStages/Create.tsx'
    Imported via '@/components/ui/label' from file 'C:/Users/DION-SERVER/Desktop/noble.dion.sy/packages/noble/Taskly/src/Resources/js/Pages/SystemSetup/BugStages/Edit.tsx'
    Imported via '@/components/ui/label' from file 'C:/Users/DION-SERVER/Desktop/noble.dion.sy/packages/noble/Taskly/src/Resources/js/Pages/SystemSetup/TaskStages/Create.tsx'
    Imported via '@/components/ui/label' from file 'C:/Users/DION-SERVER/Desktop/noble.dion.sy/packages/noble/Taskly/src/Resources/js/Pages/SystemSetup/TaskStages/Edit.tsx'
    Imported via '@/components/ui/label' from file 'C:/Users/DION-SERVER/Desktop/noble.dion.sy/packages/noble/Taskly/src/Resources/js/Pages/Tasks/Create.tsx'
    Imported via '@/components/ui/label' from file 'C:/Users/DION-SERVER/Desktop/noble.dion.sy/packages/noble/Taskly/src/Resources/js/Pages/Tasks/Edit.tsx'
    Imported via '@/components/ui/label' from file 'C:/Users/DION-SERVER/Desktop/noble.dion.sy/packages/noble/Taskly/src/Resources/js/Pages/Tasks/View.tsx'
    Imported via '@/components/ui/label' from file 'C:/Users/DION-SERVER/Desktop/noble.dion.sy/packages/noble/Taskly/src/Resources/js/fields/fields.tsx'
    Imported via '@/components/ui/label' from file 'C:/Users/DION-SERVER/Desktop/noble.dion.sy/packages/noble/Telegram/src/Resources/js/settings/components/telegram-settings.tsx'
    Imported via '@/components/ui/label' from file 'C:/Users/DION-SERVER/Desktop/noble.dion.sy/packages/noble/Timesheet/src/Resources/js/Pages/Create.tsx'
    Imported via '@/components/ui/label' from file 'C:/Users/DION-SERVER/Desktop/noble.dion.sy/packages/noble/Timesheet/src/Resources/js/Pages/Edit.tsx'
    Imported via '@/components/ui/label' from file 'C:/Users/DION-SERVER/Desktop/noble.dion.sy/packages/noble/Training/src/Resources/js/Pages/feedbacks/index.tsx'
    Imported via '@/components/ui/label' from file 'C:/Users/DION-SERVER/Desktop/noble.dion.sy/packages/noble/Training/src/Resources/js/Pages/tasks/create.tsx'
    Imported via '@/components/ui/label' from file 'C:/Users/DION-SERVER/Desktop/noble.dion.sy/packages/noble/Training/src/Resources/js/Pages/tasks/edit.tsx'
    Imported via '@/components/ui/label' from file 'C:/Users/DION-SERVER/Desktop/noble.dion.sy/packages/noble/Training/src/Resources/js/Pages/trainers/create.tsx'
    Imported via '@/components/ui/label' from file 'C:/Users/DION-SERVER/Desktop/noble.dion.sy/packages/noble/Training/src/Resources/js/Pages/trainers/edit.tsx'
    Imported via '@/components/ui/label' from file 'C:/Users/DION-SERVER/Desktop/noble.dion.sy/packages/noble/Training/src/Resources/js/Pages/training-types/create.tsx'
    Imported via '@/components/ui/label' from file 'C:/Users/DION-SERVER/Desktop/noble.dion.sy/packages/noble/Training/src/Resources/js/Pages/training-types/edit.tsx'
    Imported via '@/components/ui/label' from file 'C:/Users/DION-SERVER/Desktop/noble.dion.sy/packages/noble/Training/src/Resources/js/Pages/trainings/create.tsx'
    Imported via '@/components/ui/label' from file 'C:/Users/DION-SERVER/Desktop/noble.dion.sy/packages/noble/Training/src/Resources/js/Pages/trainings/edit.tsx'
    Imported via '@/components/ui/label' from file 'C:/Users/DION-SERVER/Desktop/noble.dion.sy/packages/noble/Twilio/src/Resources/js/settings/components/twilio-settings.tsx'
    Imported via '@/components/ui/label' from file 'C:/Users/DION-SERVER/Desktop/noble.dion.sy/packages/noble/Webhook/src/Resources/js/settings/components/webhook-settings.tsx'
    Imported via '@/components/ui/label' from file 'C:/Users/DION-SERVER/Desktop/noble.dion.sy/packages/noble/ZoomMeeting/src/Resources/js/Pages/ZoomMeetings/Create.tsx'
    Imported via '@/components/ui/label' from file 'C:/Users/DION-SERVER/Desktop/noble.dion.sy/packages/noble/ZoomMeeting/src/Resources/js/Pages/ZoomMeetings/Edit.tsx'
    Imported via '@/components/ui/label' from file 'C:/Users/DION-SERVER/Desktop/noble.dion.sy/packages/noble/ZoomMeeting/src/Resources/js/settings/components/zoom-meeting-settings.tsx'
packages/noble/SupportTicket/src/Resources/js/knowledge/Import.tsx(3,28): error TS2305: Module '"@/Components/ui/card"' has no exported member 'CardBody'.
packages/noble/SupportTicket/src/Resources/js/knowledge/Import.tsx(3,44): error TS1149: File name 'C:/Users/DION-SERVER/Desktop/noble.dion.sy/resources/js/Components/ui/card.tsx' differs from already included file name 'C:/Users/DION-SERVER/Desktop/noble.dion.sy/resources/js/components/ui/card.tsx' only in casing.
  The file is in the program because:
    Imported via '@/components/ui/card' from file 'C:/Users/DION-SERVER/Desktop/noble.dion.sy/resources/js/pages/settings/components/brand-settings.tsx'
    Imported via '@/components/ui/card' from file 'C:/Users/DION-SERVER/Desktop/noble.dion.sy/resources/js/pages/settings/components/company-settings.tsx'
    Imported via '@/components/ui/card' from file 'C:/Users/DION-SERVER/Desktop/noble.dion.sy/resources/js/pages/settings/components/system-settings.tsx'
    Imported via '@/components/ui/card' from file 'C:/Users/DION-SERVER/Desktop/noble.dion.sy/resources/js/pages/settings/components/currency-settings.tsx'
    Imported via '@/components/ui/card' from file 'C:/Users/DION-SERVER/Desktop/noble.dion.sy/resources/js/pages/settings/components/seo-settings.tsx'
    Imported via '@/components/ui/card' from file 'C:/Users/DION-SERVER/Desktop/noble.dion.sy/resources/js/pages/settings/components/storage-settings.tsx'
    Imported via '@/components/ui/card' from file 'C:/Users/DION-SERVER/Desktop/noble.dion.sy/resources/js/pages/settings/components/email-settings.tsx'
    Imported via '@/components/ui/card' from file 'C:/Users/DION-SERVER/Desktop/noble.dion.sy/resources/js/pages/settings/components/pusher-settings.tsx'
    Imported via '@/components/ui/card' from file 'C:/Users/DION-SERVER/Desktop/noble.dion.sy/resources/js/pages/settings/components/email-notification-settings.tsx'
    Imported via '@/components/ui/card' from file 'C:/Users/DION-SERVER/Desktop/noble.dion.sy/resources/js/pages/settings/components/cookie-settings.tsx'
    Imported via '@/components/ui/card' from file 'C:/Users/DION-SERVER/Desktop/noble.dion.sy/resources/js/pages/settings/components/bank-transfer-settings.tsx'
    Imported via '@/components/ui/card' from file 'C:/Users/DION-SERVER/Desktop/noble.dion.sy/resources/js/pages/settings/components/cache-settings.tsx'
    Imported via '@/components/ui/card' from file 'C:/Users/DION-SERVER/Desktop/noble.dion.sy/resources/js/components/cookie-consent.tsx'
    Matched by include pattern 'resources/js/**/*.tsx' in 'C:/Users/DION-SERVER/Desktop/noble.dion.sy/tsconfig.json'
    Imported via './card' from file 'C:/Users/DION-SERVER/Desktop/noble.dion.sy/resources/js/components/ui/data-table.tsx'
    Imported via '@/components/ui/card' from file 'C:/Users/DION-SERVER/Desktop/noble.dion.sy/resources/js/components/ui/subscription-info.tsx'
    Imported via '@/components/ui/card' from file 'C:/Users/DION-SERVER/Desktop/noble.dion.sy/resources/js/pages/CompanyDashboard.tsx'
    Imported via '@/components/ui/card' from file 'C:/Users/DION-SERVER/Desktop/noble.dion.sy/resources/js/pages/StaffDashboard.tsx'
    Imported via '@/components/ui/card' from file 'C:/Users/DION-SERVER/Desktop/noble.dion.sy/resources/js/pages/SuperAdminDashboard.tsx'
    Imported via '@/components/ui/card' from file 'C:/Users/DION-SERVER/Desktop/noble.dion.sy/resources/js/pages/dashboard.tsx'
    Imported via '@/components/ui/card' from file 'C:/Users/DION-SERVER/Desktop/noble.dion.sy/resources/js/pages/media-library.tsx'
    Imported via '@/components/ui/card' from file 'C:/Users/DION-SERVER/Desktop/noble.dion.sy/resources/js/pages/EmailTemplates/Edit.tsx'
    Imported via '@/components/ui/card' from file 'C:/Users/DION-SERVER/Desktop/noble.dion.sy/resources/js/pages/EmailTemplates/Index.tsx'
    Imported via '@/components/ui/card' from file 'C:/Users/DION-SERVER/Desktop/noble.dion.sy/resources/js/pages/Installer/Environment.tsx'
    Imported via '@/components/ui/card' from file 'C:/Users/DION-SERVER/Desktop/noble.dion.sy/resources/js/pages/MissionCommand/Dashboard.tsx'
    Imported via '@/components/ui/card' from file 'C:/Users/DION-SERVER/Desktop/noble.dion.sy/resources/js/pages/MissionCommand/Gamification.tsx'
    Imported via '@/components/ui/card' from file 'C:/Users/DION-SERVER/Desktop/noble.dion.sy/resources/js/pages/MissionCommand/NotificationsHub.tsx'
    Imported via '@/components/ui/card' from file 'C:/Users/DION-SERVER/Desktop/noble.dion.sy/resources/js/pages/MissionCommand/AffiliateEngine/Index.tsx'
    Imported via '@/components/ui/card' from file 'C:/Users/DION-SERVER/Desktop/noble.dion.sy/resources/js/pages/MissionCommand/NobleFlow/Index.tsx'
    Imported via '@/components/ui/card' from file 'C:/Users/DION-SERVER/Desktop/noble.dion.sy/resources/js/pages/MissionCommand/PredictiveFinance/Index.tsx'
    Imported via '@/components/ui/card' from file 'C:/Users/DION-SERVER/Desktop/noble.dion.sy/resources/js/pages/MissionCommand/SecurityAudit/Index.tsx'
    Imported via '@/components/ui/card' from file 'C:/Users/DION-SERVER/Desktop/noble.dion.sy/resources/js/pages/MissionCommand/UnifiedInbox/Index.tsx'
    Imported via '@/components/ui/card' from file 'C:/Users/DION-SERVER/Desktop/noble.dion.sy/resources/js/pages/Purchase/Create.tsx'
    Imported via '@/components/ui/card' from file 'C:/Users/DION-SERVER/Desktop/noble.dion.sy/resources/js/pages/Purchase/Edit.tsx'
    Imported via '@/components/ui/card' from file 'C:/Users/DION-SERVER/Desktop/noble.dion.sy/resources/js/pages/Purchase/Index.tsx'
    Imported via '@/components/ui/card' from file 'C:/Users/DION-SERVER/Desktop/noble.dion.sy/resources/js/pages/Purchase/View.tsx'
    Imported via '@/components/ui/card' from file 'C:/Users/DION-SERVER/Desktop/noble.dion.sy/resources/js/pages/PurchaseReturns/Create.tsx'
    Imported via '@/components/ui/card' from file 'C:/Users/DION-SERVER/Desktop/noble.dion.sy/resources/js/pages/PurchaseReturns/Index.tsx'
    Imported via '@/components/ui/card' from file 'C:/Users/DION-SERVER/Desktop/noble.dion.sy/resources/js/pages/PurchaseReturns/View.tsx'
    Imported via '@/components/ui/card' from file 'C:/Users/DION-SERVER/Desktop/noble.dion.sy/resources/js/pages/Sales/Create.tsx'
    Imported via '@/components/ui/card' from file 'C:/Users/DION-SERVER/Desktop/noble.dion.sy/resources/js/pages/Sales/Edit.tsx'
    Imported via '@/components/ui/card' from file 'C:/Users/DION-SERVER/Desktop/noble.dion.sy/resources/js/pages/Sales/Index.tsx'
    Imported via '@/components/ui/card' from file 'C:/Users/DION-SERVER/Desktop/noble.dion.sy/resources/js/pages/Sales/View.tsx'
    Imported via '@/components/ui/card' from file 'C:/Users/DION-SERVER/Desktop/noble.dion.sy/resources/js/pages/SalesProposals/Create.tsx'
    Imported via '@/components/ui/card' from file 'C:/Users/DION-SERVER/Desktop/noble.dion.sy/resources/js/pages/SalesProposals/Edit.tsx'
    Imported via '@/components/ui/card' from file 'C:/Users/DION-SERVER/Desktop/noble.dion.sy/resources/js/pages/SalesProposals/Index.tsx'
    Imported via '@/components/ui/card' from file 'C:/Users/DION-SERVER/Desktop/noble.dion.sy/resources/js/pages/SalesProposals/View.tsx'
    Imported via '@/components/ui/card' from file 'C:/Users/DION-SERVER/Desktop/noble.dion.sy/resources/js/pages/SalesReturns/Create.tsx'
    Imported via '@/components/ui/card' from file 'C:/Users/DION-SERVER/Desktop/noble.dion.sy/resources/js/pages/SalesReturns/Index.tsx'
    Imported via '@/components/ui/card' from file 'C:/Users/DION-SERVER/Desktop/noble.dion.sy/resources/js/pages/SalesReturns/View.tsx'
    Imported via '@/components/ui/card' from file 'C:/Users/DION-SERVER/Desktop/noble.dion.sy/resources/js/pages/Transfers/Index.tsx'
    Imported via '@/components/ui/card' from file 'C:/Users/DION-SERVER/Desktop/noble.dion.sy/resources/js/pages/Updater/Index.tsx'
    Imported via '@/components/ui/card' from file 'C:/Users/DION-SERVER/Desktop/noble.dion.sy/resources/js/pages/audit-logs/Show.tsx'
    Imported via '@/components/ui/card' from file 'C:/Users/DION-SERVER/Desktop/noble.dion.sy/resources/js/pages/bank-transfer/index.tsx'
    Imported via '@/components/ui/card' from file 'C:/Users/DION-SERVER/Desktop/noble.dion.sy/resources/js/pages/coupons/details.tsx'
    Imported via '@/components/ui/card' from file 'C:/Users/DION-SERVER/Desktop/noble.dion.sy/resources/js/pages/coupons/index.tsx'
    Imported via '@/components/ui/card' from file 'C:/Users/DION-SERVER/Desktop/noble.dion.sy/resources/js/pages/helpdesk/categories/index.tsx'
    Imported via '@/components/ui/card' from file 'C:/Users/DION-SERVER/Desktop/noble.dion.sy/resources/js/pages/helpdesk/tickets/index.tsx'
    Imported via '@/components/ui/card' from file 'C:/Users/DION-SERVER/Desktop/noble.dion.sy/resources/js/pages/helpdesk/tickets/show.tsx'
    Imported via '@/components/ui/card' from file 'C:/Users/DION-SERVER/Desktop/noble.dion.sy/resources/js/pages/languages/manage.tsx'
    Imported via '@/components/ui/card' from file 'C:/Users/DION-SERVER/Desktop/noble.dion.sy/resources/js/pages/messenger/index.tsx'
    Imported via '@/components/ui/card' from file 'C:/Users/DION-SERVER/Desktop/noble.dion.sy/resources/js/pages/modules/index.tsx'
    Imported via '@/components/ui/card' from file 'C:/Users/DION-SERVER/Desktop/noble.dion.sy/resources/js/pages/modules/upload.tsx'
    Imported via '@/components/ui/card' from file 'C:/Users/DION-SERVER/Desktop/noble.dion.sy/resources/js/pages/notification-templates/Edit.tsx'
    Imported via '@/components/ui/card' from file 'C:/Users/DION-SERVER/Desktop/noble.dion.sy/resources/js/pages/notification-templates/Index.tsx'
    Imported via '@/components/ui/card' from file 'C:/Users/DION-SERVER/Desktop/noble.dion.sy/resources/js/pages/orders/index.tsx'
    Imported via '@/components/ui/card' from file 'C:/Users/DION-SERVER/Desktop/noble.dion.sy/resources/js/pages/plans/create.tsx'
    Imported via '@/components/ui/card' from file 'C:/Users/DION-SERVER/Desktop/noble.dion.sy/resources/js/pages/plans/form.tsx'
    Imported via '@/components/ui/card' from file 'C:/Users/DION-SERVER/Desktop/noble.dion.sy/resources/js/pages/plans/edit.tsx'
    Imported via '@/components/ui/card' from file 'C:/Users/DION-SERVER/Desktop/noble.dion.sy/resources/js/pages/plans/subscription-layout.tsx'
    Imported via '@/components/ui/card' from file 'C:/Users/DION-SERVER/Desktop/noble.dion.sy/resources/js/pages/profile/edit.tsx'
    Imported via '@/components/ui/card' from file 'C:/Users/DION-SERVER/Desktop/noble.dion.sy/resources/js/pages/reports/View.tsx'
    Imported via '@/components/ui/card' from file 'C:/Users/DION-SERVER/Desktop/noble.dion.sy/resources/js/pages/roles/create.tsx'
    Imported via '@/components/ui/card' from file 'C:/Users/DION-SERVER/Desktop/noble.dion.sy/resources/js/pages/roles/edit.tsx'
    Imported via '@/components/ui/card' from file 'C:/Users/DION-SERVER/Desktop/noble.dion.sy/resources/js/pages/roles/index.tsx'
    Imported via '@/components/ui/card' from file 'C:/Users/DION-SERVER/Desktop/noble.dion.sy/resources/js/pages/users/index.tsx'
    Imported via '@/components/ui/card' from file 'C:/Users/DION-SERVER/Desktop/noble.dion.sy/resources/js/pages/users/login-history.tsx'
    Imported via '@/components/ui/card' from file 'C:/Users/DION-SERVER/Desktop/noble.dion.sy/resources/js/pages/warehouses/index.tsx'
    Imported via '@/components/ui/card' from file 'C:/Users/DION-SERVER/Desktop/noble.dion.sy/packages/noble/AIAssistant/src/Resources/js/settings/components/ai-assistant-settings.tsx'
    Imported via '@/components/ui/card' from file 'C:/Users/DION-SERVER/Desktop/noble.dion.sy/packages/noble/Account/src/Resources/js/Pages/BankAccounts/Index.tsx'
    Imported via '@/components/ui/card' from file 'C:/Users/DION-SERVER/Desktop/noble.dion.sy/packages/noble/Account/src/Resources/js/Pages/BankTransactions/Index.tsx'
    Imported via '@/components/ui/card' from file 'C:/Users/DION-SERVER/Desktop/noble.dion.sy/packages/noble/Account/src/Resources/js/Pages/BankTransfers/Index.tsx'
    Imported via '@/components/ui/card' from file 'C:/Users/DION-SERVER/Desktop/noble.dion.sy/packages/noble/Account/src/Resources/js/Pages/ChartOfAccounts/Index.tsx'
    Imported via '@/components/ui/card' from file 'C:/Users/DION-SERVER/Desktop/noble.dion.sy/packages/noble/Account/src/Resources/js/Pages/ChartOfAccounts/Show.tsx'
    Imported via '@/components/ui/card' from file 'C:/Users/DION-SERVER/Desktop/noble.dion.sy/packages/noble/Account/src/Resources/js/Pages/CreditNotes/Create.tsx'
    Imported via '@/components/ui/card' from file 'C:/Users/DION-SERVER/Desktop/noble.dion.sy/packages/noble/Account/src/Resources/js/Pages/CreditNotes/Index.tsx'
    Imported via '@/components/ui/card' from file 'C:/Users/DION-SERVER/Desktop/noble.dion.sy/packages/noble/Account/src/Resources/js/Pages/CreditNotes/View.tsx'
    Imported via '@/components/ui/card' from file 'C:/Users/DION-SERVER/Desktop/noble.dion.sy/packages/noble/Account/src/Resources/js/Pages/CustomerPayments/Create.tsx'
    Imported via '@/components/ui/card' from file 'C:/Users/DION-SERVER/Desktop/noble.dion.sy/packages/noble/Account/src/Resources/js/Pages/CustomerPayments/Index.tsx'
    Imported via '@/components/ui/card' from file 'C:/Users/DION-SERVER/Desktop/noble.dion.sy/packages/noble/Account/src/Resources/js/Pages/CustomerPayments/View.tsx'
    Imported via '@/components/ui/card' from file 'C:/Users/DION-SERVER/Desktop/noble.dion.sy/packages/noble/Account/src/Resources/js/Pages/Customers/Index.tsx'
    Imported via '@/components/ui/card' from file 'C:/Users/DION-SERVER/Desktop/noble.dion.sy/packages/noble/Account/src/Resources/js/Pages/Dashboard/ClientDashboard.tsx'
    Imported via '@/components/ui/card' from file 'C:/Users/DION-SERVER/Desktop/noble.dion.sy/packages/noble/Account/src/Resources/js/Pages/Dashboard/CompanyDashboard.tsx'
    Imported via '@/components/ui/card' from file 'C:/Users/DION-SERVER/Desktop/noble.dion.sy/packages/noble/Account/src/Resources/js/Pages/Dashboard/StaffDashboard.tsx'
    Imported via '@/components/ui/card' from file 'C:/Users/DION-SERVER/Desktop/noble.dion.sy/packages/noble/Account/src/Resources/js/Pages/Dashboard/VendorDashboard.tsx'
    Imported via '@/components/ui/card' from file 'C:/Users/DION-SERVER/Desktop/noble.dion.sy/packages/noble/Account/src/Resources/js/Pages/DebitNotes/Create.tsx'
    Imported via '@/components/ui/card' from file 'C:/Users/DION-SERVER/Desktop/noble.dion.sy/packages/noble/Account/src/Resources/js/Pages/DebitNotes/Index.tsx'
    Imported via '@/components/ui/card' from file 'C:/Users/DION-SERVER/Desktop/noble.dion.sy/packages/noble/Account/src/Resources/js/Pages/DebitNotes/View.tsx'
    Imported via '@/components/ui/card' from file 'C:/Users/DION-SERVER/Desktop/noble.dion.sy/packages/noble/Account/src/Resources/js/Pages/Expenses/Index.tsx'
    Imported via '@/components/ui/card' from file 'C:/Users/DION-SERVER/Desktop/noble.dion.sy/packages/noble/Account/src/Resources/js/Pages/Expenses/View.tsx'
    Imported via '@/components/ui/card' from file 'C:/Users/DION-SERVER/Desktop/noble.dion.sy/packages/noble/Account/src/Resources/js/Pages/Reports/BillAging.tsx'
    Imported via '@/components/ui/card' from file 'C:/Users/DION-SERVER/Desktop/noble.dion.sy/packages/noble/Account/src/Resources/js/Pages/Reports/CustomerBalance.tsx'
    Imported via '@/components/ui/card' from file 'C:/Users/DION-SERVER/Desktop/noble.dion.sy/packages/noble/Account/src/Resources/js/Pages/Reports/CustomerDetail.tsx'
    Imported via '@/components/ui/card' from file 'C:/Users/DION-SERVER/Desktop/noble.dion.sy/packages/noble/Account/src/Resources/js/Pages/Reports/IncomeStatement.tsx'
    Imported via '@/components/ui/card' from file 'C:/Users/DION-SERVER/Desktop/noble.dion.sy/packages/noble/Account/src/Resources/js/Pages/Reports/Index.tsx'
    Imported via '@/components/ui/card' from file 'C:/Users/DION-SERVER/Desktop/noble.dion.sy/packages/noble/Account/src/Resources/js/Pages/Reports/InvoiceAging.tsx'
    Imported via '@/components/ui/card' from file 'C:/Users/DION-SERVER/Desktop/noble.dion.sy/packages/noble/Account/src/Resources/js/Pages/Reports/TaxSummary.tsx'
    Imported via '@/components/ui/card' from file 'C:/Users/DION-SERVER/Desktop/noble.dion.sy/packages/noble/Account/src/Resources/js/Pages/Reports/VendorBalance.tsx'
    Imported via '@/components/ui/card' from file 'C:/Users/DION-SERVER/Desktop/noble.dion.sy/packages/noble/Account/src/Resources/js/Pages/Reports/VendorDetail.tsx'
    Imported via '@/components/ui/card' from file 'C:/Users/DION-SERVER/Desktop/noble.dion.sy/packages/noble/Account/src/Resources/js/Pages/Revenues/Index.tsx'
    Imported via '@/components/ui/card' from file 'C:/Users/DION-SERVER/Desktop/noble.dion.sy/packages/noble/Account/src/Resources/js/Pages/Revenues/View.tsx'
    Imported via '@/components/ui/card' from file 'C:/Users/DION-SERVER/Desktop/noble.dion.sy/packages/noble/Account/src/Resources/js/Pages/SystemSetup/AccountTypes/Index.tsx'
    Imported via '@/components/ui/card' from file 'C:/Users/DION-SERVER/Desktop/noble.dion.sy/packages/noble/Account/src/Resources/js/Pages/SystemSetup/ExpenseCategories/Index.tsx'
    Imported via '@/components/ui/card' from file 'C:/Users/DION-SERVER/Desktop/noble.dion.sy/packages/noble/Account/src/Resources/js/Pages/SystemSetup/RevenueCategories/Index.tsx'
    Imported via '@/components/ui/card' from file 'C:/Users/DION-SERVER/Desktop/noble.dion.sy/packages/noble/Account/src/Resources/js/Pages/VendorPayments/Create.tsx'
    Imported via '@/components/ui/card' from file 'C:/Users/DION-SERVER/Desktop/noble.dion.sy/packages/noble/Account/src/Resources/js/Pages/VendorPayments/Index.tsx'
    Imported via '@/components/ui/card' from file 'C:/Users/DION-SERVER/Desktop/noble.dion.sy/packages/noble/Account/src/Resources/js/Pages/VendorPayments/View.tsx'
    Imported via '@/components/ui/card' from file 'C:/Users/DION-SERVER/Desktop/noble.dion.sy/packages/noble/Account/src/Resources/js/Pages/Vendors/Index.tsx'
    Imported via '@/components/ui/card' from file 'C:/Users/DION-SERVER/Desktop/noble.dion.sy/packages/noble/BudgetPlanner/src/Resources/js/Pages/BudgetAllocations/Index.tsx'
    Imported via '@/components/ui/card' from file 'C:/Users/DION-SERVER/Desktop/noble.dion.sy/packages/noble/BudgetPlanner/src/Resources/js/Pages/BudgetMonitorings/Index.tsx'
    Imported via '@/components/ui/card' from file 'C:/Users/DION-SERVER/Desktop/noble.dion.sy/packages/noble/BudgetPlanner/src/Resources/js/Pages/BudgetPeriods/Index.tsx'
    Imported via '@/components/ui/card' from file 'C:/Users/DION-SERVER/Desktop/noble.dion.sy/packages/noble/BudgetPlanner/src/Resources/js/Pages/Budgets/Index.tsx'
    Imported via '@/components/ui/card' from file 'C:/Users/DION-SERVER/Desktop/noble.dion.sy/packages/noble/Calendar/src/Resources/js/Pages/Calendar/Index.tsx'
    Imported via '@/components/ui/card' from file 'C:/Users/DION-SERVER/Desktop/noble.dion.sy/packages/noble/Calendar/src/Resources/js/settings/components/google-calendar-settings.tsx'
    Imported via '@/components/ui/card' from file 'C:/Users/DION-SERVER/Desktop/noble.dion.sy/packages/noble/Contract/src/Resources/js/Pages/ContractTypes/Index.tsx'
    Imported via '@/components/ui/card' from file 'C:/Users/DION-SERVER/Desktop/noble.dion.sy/packages/noble/Contract/src/Resources/js/Pages/Contracts/Index.tsx'
    Imported via '@/components/ui/card' from file 'C:/Users/DION-SERVER/Desktop/noble.dion.sy/packages/noble/Contract/src/Resources/js/Pages/Contracts/Preview.tsx'
    Imported via '@/components/ui/card' from file 'C:/Users/DION-SERVER/Desktop/noble.dion.sy/packages/noble/Contract/src/Resources/js/Pages/Contracts/Show.tsx'
    Imported via '@/components/ui/card' from file 'C:/Users/DION-SERVER/Desktop/noble.dion.sy/packages/noble/Contract/src/Resources/js/Pages/Contracts/components/AttachmentsTab.tsx'
    Imported via '@/components/ui/card' from file 'C:/Users/DION-SERVER/Desktop/noble.dion.sy/packages/noble/Contract/src/Resources/js/Pages/Contracts/components/CommentsTab.tsx'
    Imported via '@/components/ui/card' from file 'C:/Users/DION-SERVER/Desktop/noble.dion.sy/packages/noble/Contract/src/Resources/js/Pages/Contracts/components/NotesTab.tsx'
    Imported via '@/components/ui/card' from file 'C:/Users/DION-SERVER/Desktop/noble.dion.sy/packages/noble/Contract/src/Resources/js/Pages/Contracts/components/RenewalsTab.tsx'
    Imported via '@/components/ui/card' from file 'C:/Users/DION-SERVER/Desktop/noble.dion.sy/packages/noble/Contract/src/Resources/js/settings/components/contract-settings.tsx'
    Imported via '@/components/ui/card' from file 'C:/Users/DION-SERVER/Desktop/noble.dion.sy/packages/noble/DoubleEntry/src/Resources/js/Pages/BalanceSheets/Comparison.tsx'
    Imported via '@/components/ui/card' from file 'C:/Users/DION-SERVER/Desktop/noble.dion.sy/packages/noble/DoubleEntry/src/Resources/js/Pages/BalanceSheets/Comparisons.tsx'
    Imported via '@/components/ui/card' from file 'C:/Users/DION-SERVER/Desktop/noble.dion.sy/packages/noble/DoubleEntry/src/Resources/js/Pages/BalanceSheets/Index.tsx'
    Imported via '@/components/ui/card' from file 'C:/Users/DION-SERVER/Desktop/noble.dion.sy/packages/noble/DoubleEntry/src/Resources/js/Pages/BalanceSheets/View.tsx'
    Imported via '@/components/ui/card' from file 'C:/Users/DION-SERVER/Desktop/noble.dion.sy/packages/noble/DoubleEntry/src/Resources/js/Pages/LedgerSummary/Index.tsx'
    Imported via '@/components/ui/card' from file 'C:/Users/DION-SERVER/Desktop/noble.dion.sy/packages/noble/DoubleEntry/src/Resources/js/Pages/ProfitLoss/Index.tsx'
    Imported via '@/components/ui/card' from file 'C:/Users/DION-SERVER/Desktop/noble.dion.sy/packages/noble/DoubleEntry/src/Resources/js/Pages/Reports/AccountBalance.tsx'
    Imported via '@/components/ui/card' from file 'C:/Users/DION-SERVER/Desktop/noble.dion.sy/packages/noble/DoubleEntry/src/Resources/js/Pages/Reports/AccountStatement.tsx'
    Imported via '@/components/ui/card' from file 'C:/Users/DION-SERVER/Desktop/noble.dion.sy/packages/noble/DoubleEntry/src/Resources/js/Pages/Reports/CashFlow.tsx'
    Imported via '@/components/ui/card' from file 'C:/Users/DION-SERVER/Desktop/noble.dion.sy/packages/noble/DoubleEntry/src/Resources/js/Pages/Reports/ExpenseReport.tsx'
    Imported via '@/components/ui/card' from file 'C:/Users/DION-SERVER/Desktop/noble.dion.sy/packages/noble/DoubleEntry/src/Resources/js/Pages/Reports/GeneralLedger.tsx'
    Imported via '@/components/ui/card' from file 'C:/Users/DION-SERVER/Desktop/noble.dion.sy/packages/noble/DoubleEntry/src/Resources/js/Pages/Reports/Index.tsx'
    Imported via '@/components/ui/card' from file 'C:/Users/DION-SERVER/Desktop/noble.dion.sy/packages/noble/DoubleEntry/src/Resources/js/Pages/Reports/JournalEntry.tsx'
    Imported via '@/components/ui/card' from file 'C:/Users/DION-SERVER/Desktop/noble.dion.sy/packages/noble/DoubleEntry/src/Resources/js/Pages/TrialBalance/Index.tsx'
    Imported via '@/components/ui/card' from file 'C:/Users/DION-SERVER/Desktop/noble.dion.sy/packages/noble/FormBuilder/src/Resources/js/components/ConversionSetup.tsx'
    Imported via '@/components/ui/card' from file 'C:/Users/DION-SERVER/Desktop/noble.dion.sy/packages/noble/FormBuilder/src/Resources/js/Pages/Forms/Create.tsx'
    Imported via '@/components/ui/card' from file 'C:/Users/DION-SERVER/Desktop/noble.dion.sy/packages/noble/FormBuilder/src/Resources/js/Pages/Forms/Edit.tsx'
    Imported via '@/components/ui/card' from file 'C:/Users/DION-SERVER/Desktop/noble.dion.sy/packages/noble/FormBuilder/src/Resources/js/Pages/Forms/Index.tsx'
    Imported via '@/components/ui/card' from file 'C:/Users/DION-SERVER/Desktop/noble.dion.sy/packages/noble/FormBuilder/src/Resources/js/Pages/Forms/Responses.tsx'
    Imported via '@/components/ui/card' from file 'C:/Users/DION-SERVER/Desktop/noble.dion.sy/packages/noble/FormBuilder/src/Resources/js/Pages/Public/Form.tsx'
    Imported via '@/components/ui/card' from file 'C:/Users/DION-SERVER/Desktop/noble.dion.sy/packages/noble/Goal/src/Resources/js/Pages/Categories/Index.tsx'
    Imported via '@/components/ui/card' from file 'C:/Users/DION-SERVER/Desktop/noble.dion.sy/packages/noble/Goal/src/Resources/js/Pages/Contributions/Index.tsx'
    Imported via '@/components/ui/card' from file 'C:/Users/DION-SERVER/Desktop/noble.dion.sy/packages/noble/Goal/src/Resources/js/Pages/Goals/Index.tsx'
    Imported via '@/components/ui/card' from file 'C:/Users/DION-SERVER/Desktop/noble.dion.sy/packages/noble/Goal/src/Resources/js/Pages/Goals/View.tsx'
    Imported via '@/components/ui/card' from file 'C:/Users/DION-SERVER/Desktop/noble.dion.sy/packages/noble/Goal/src/Resources/js/Pages/Milestones/Index.tsx'
    Imported via '@/components/ui/card' from file 'C:/Users/DION-SERVER/Desktop/noble.dion.sy/packages/noble/Goal/src/Resources/js/Pages/Milestones/View.tsx'
    Imported via '@/components/ui/card' from file 'C:/Users/DION-SERVER/Desktop/noble.dion.sy/packages/noble/Goal/src/Resources/js/Pages/Tracking/Index.tsx'
    Imported via '@/components/ui/card' from file 'C:/Users/DION-SERVER/Desktop/noble.dion.sy/packages/noble/Goal/src/Resources/js/Pages/Tracking/View.tsx'
    Imported via '@/components/ui/card' from file 'C:/Users/DION-SERVER/Desktop/noble.dion.sy/packages/noble/GoogleCaptcha/src/Resources/js/settings/components/google-captcha-settings.tsx'
    Imported via '@/components/ui/card' from file 'C:/Users/DION-SERVER/Desktop/noble.dion.sy/packages/noble/Hrm/src/Resources/js/Pages/Index.tsx'
    Imported via '@/components/ui/card' from file 'C:/Users/DION-SERVER/Desktop/noble.dion.sy/packages/noble/Hrm/src/Resources/js/Pages/Acknowledgments/Index.tsx'
    Imported via '@/components/ui/card' from file 'C:/Users/DION-SERVER/Desktop/noble.dion.sy/packages/noble/Hrm/src/Resources/js/Pages/Announcements/Index.tsx'
    Imported via '@/components/ui/card' from file 'C:/Users/DION-SERVER/Desktop/noble.dion.sy/packages/noble/Hrm/src/Resources/js/Pages/Assets/Index.tsx'
    Imported via '@/components/ui/card' from file 'C:/Users/DION-SERVER/Desktop/noble.dion.sy/packages/noble/Hrm/src/Resources/js/Pages/Attendances/Index.tsx'
    Imported via '@/components/ui/card' from file 'C:/Users/DION-SERVER/Desktop/noble.dion.sy/packages/noble/Hrm/src/Resources/js/Pages/Attendances/Tracker.tsx'
    Imported via '@/components/ui/card' from file 'C:/Users/DION-SERVER/Desktop/noble.dion.sy/packages/noble/Hrm/src/Resources/js/Pages/Awards/Index.tsx'
    Imported via '@/components/ui/card' from file 'C:/Users/DION-SERVER/Desktop/noble.dion.sy/packages/noble/Hrm/src/Resources/js/Pages/BiometricLogs/Index.tsx'
    Imported via '@/components/ui/card' from file 'C:/Users/DION-SERVER/Desktop/noble.dion.sy/packages/noble/Hrm/src/Resources/js/Pages/Complaints/Index.tsx'
    Imported via '@/components/ui/card' from file 'C:/Users/DION-SERVER/Desktop/noble.dion.sy/packages/noble/Hrm/src/Resources/js/Pages/Contracts/Index.tsx'
    Imported via '@/components/ui/card' from file 'C:/Users/DION-SERVER/Desktop/noble.dion.sy/packages/noble/Hrm/src/Resources/js/Pages/Dashboard/company-dashboard.tsx'
    Imported via '@/components/ui/card' from file 'C:/Users/DION-SERVER/Desktop/noble.dion.sy/packages/noble/Hrm/src/Resources/js/Pages/Dashboard/employee-dashboard.tsx'
    Imported via '@/components/ui/card' from file 'C:/Users/DION-SERVER/Desktop/noble.dion.sy/packages/noble/Hrm/src/Resources/js/Pages/EmployeeTransfers/Index.tsx'
    Imported via '@/components/ui/card' from file 'C:/Users/DION-SERVER/Desktop/noble.dion.sy/packages/noble/Hrm/src/Resources/js/Pages/Employees/Create.tsx'
    Imported via '@/components/ui/card' from file 'C:/Users/DION-SERVER/Desktop/noble.dion.sy/packages/noble/Hrm/src/Resources/js/Pages/Employees/Edit.tsx'
    Imported via '@/components/ui/card' from file 'C:/Users/DION-SERVER/Desktop/noble.dion.sy/packages/noble/Hrm/src/Resources/js/Pages/Employees/Expiries.tsx'
    Imported via '@/components/ui/card' from file 'C:/Users/DION-SERVER/Desktop/noble.dion.sy/packages/noble/Hrm/src/Resources/js/Pages/Employees/Index.tsx'
    Imported via '@/components/ui/card' from file 'C:/Users/DION-SERVER/Desktop/noble.dion.sy/packages/noble/Hrm/src/Resources/js/Pages/Employees/Show.tsx'
    Imported via '@/components/ui/card' from file 'C:/Users/DION-SERVER/Desktop/noble.dion.sy/packages/noble/Hrm/src/Resources/js/Pages/Events/Calendar.tsx'
    Imported via '@/components/ui/card' from file 'C:/Users/DION-SERVER/Desktop/noble.dion.sy/packages/noble/Hrm/src/Resources/js/Pages/Events/Index.tsx'
    Imported via '@/components/ui/card' from file 'C:/Users/DION-SERVER/Desktop/noble.dion.sy/packages/noble/Hrm/src/Resources/js/Pages/FinalSettlement/Index.tsx'
    Imported via '@/components/ui/card' from file 'C:/Users/DION-SERVER/Desktop/noble.dion.sy/packages/noble/Hrm/src/Resources/js/Pages/Holidays/Index.tsx'
    Imported via '@/components/ui/card' from file 'C:/Users/DION-SERVER/Desktop/noble.dion.sy/packages/noble/Hrm/src/Resources/js/Pages/HrmDocuments/Index.tsx'
    Imported via '@/components/ui/card' from file 'C:/Users/DION-SERVER/Desktop/noble.dion.sy/packages/noble/Hrm/src/Resources/js/Pages/LeaveApplications/Index.tsx'
    Imported via '@/components/ui/card' from file 'C:/Users/DION-SERVER/Desktop/noble.dion.sy/packages/noble/Hrm/src/Resources/js/Pages/LeaveApplications/Timeline.tsx'
    Imported via '@/components/ui/card' from file 'C:/Users/DION-SERVER/Desktop/noble.dion.sy/packages/noble/Hrm/src/Resources/js/Pages/LeaveBalance/Index.tsx'
    Imported via '@/components/ui/card' from file 'C:/Users/DION-SERVER/Desktop/noble.dion.sy/packages/noble/Hrm/src/Resources/js/Pages/LeaveTypes/Index.tsx'
    Imported via '@/components/ui/card' from file 'C:/Users/DION-SERVER/Desktop/noble.dion.sy/packages/noble/Hrm/src/Resources/js/Pages/Onboarding/Index.tsx'
    Imported via '@/components/ui/card' from file 'C:/Users/DION-SERVER/Desktop/noble.dion.sy/packages/noble/Hrm/src/Resources/js/Pages/Payrolls/Index.tsx'
    Imported via '@/components/ui/card' from file 'C:/Users/DION-SERVER/Desktop/noble.dion.sy/packages/noble/Hrm/src/Resources/js/Pages/Payrolls/payslip/PayslipModal.tsx'
    Imported via '@/components/ui/card' from file 'C:/Users/DION-SERVER/Desktop/noble.dion.sy/packages/noble/Hrm/src/Resources/js/Pages/Payrolls/Show.tsx'
    Imported via '@/components/ui/card' from file 'C:/Users/DION-SERVER/Desktop/noble.dion.sy/packages/noble/Hrm/src/Resources/js/Pages/Promotions/Index.tsx'
    Imported via '@/components/ui/card' from file 'C:/Users/DION-SERVER/Desktop/noble.dion.sy/packages/noble/Hrm/src/Resources/js/Pages/Resignations/Index.tsx'
    Imported via '@/components/ui/card' from file 'C:/Users/DION-SERVER/Desktop/noble.dion.sy/packages/noble/Hrm/src/Resources/js/Pages/SetSalary/Index.tsx'
    Imported via '@/components/ui/card' from file 'C:/Users/DION-SERVER/Desktop/noble.dion.sy/packages/noble/Hrm/src/Resources/js/Pages/SetSalary/Show.tsx'
    Imported via '@/components/ui/card' from file 'C:/Users/DION-SERVER/Desktop/noble.dion.sy/packages/noble/Hrm/src/Resources/js/Pages/Shifts/Index.tsx'
    Imported via '@/components/ui/card' from file 'C:/Users/DION-SERVER/Desktop/noble.dion.sy/packages/noble/Hrm/src/Resources/js/Pages/Shifts/Scheduler.tsx'
    Imported via '@/components/ui/card' from file 'C:/Users/DION-SERVER/Desktop/noble.dion.sy/packages/noble/Hrm/src/Resources/js/Pages/SystemSetup/AllowanceTypes/Index.tsx'
    Imported via '@/components/ui/card' from file 'C:/Users/DION-SERVER/Desktop/noble.dion.sy/packages/noble/Hrm/src/Resources/js/Pages/SystemSetup/AnnouncementCategories/Index.tsx'
    Imported via '@/components/ui/card' from file 'C:/Users/DION-SERVER/Desktop/noble.dion.sy/packages/noble/Hrm/src/Resources/js/Pages/SystemSetup/AwardTypes/Index.tsx'
    Imported via '@/components/ui/card' from file 'C:/Users/DION-SERVER/Desktop/noble.dion.sy/packages/noble/Hrm/src/Resources/js/Pages/SystemSetup/Branches/Index.tsx'
    Imported via '@/components/ui/card' from file 'C:/Users/DION-SERVER/Desktop/noble.dion.sy/packages/noble/Hrm/src/Resources/js/Pages/SystemSetup/ComplaintTypes/Index.tsx'
    Imported via '@/components/ui/card' from file 'C:/Users/DION-SERVER/Desktop/noble.dion.sy/packages/noble/Hrm/src/Resources/js/Pages/SystemSetup/DeductionTypes/Index.tsx'
    Imported via '@/components/ui/card' from file 'C:/Users/DION-SERVER/Desktop/noble.dion.sy/packages/noble/Hrm/src/Resources/js/Pages/SystemSetup/Departments/Index.tsx'
    Imported via '@/components/ui/card' from file 'C:/Users/DION-SERVER/Desktop/noble.dion.sy/packages/noble/Hrm/src/Resources/js/Pages/SystemSetup/Designations/Index.tsx'
    Imported via '@/components/ui/card' from file 'C:/Users/DION-SERVER/Desktop/noble.dion.sy/packages/noble/Hrm/src/Resources/js/Pages/SystemSetup/DocumentCategories/Index.tsx'
    Imported via '@/components/ui/card' from file 'C:/Users/DION-SERVER/Desktop/noble.dion.sy/packages/noble/Hrm/src/Resources/js/Pages/SystemSetup/EmployeeDocumentTypes/Index.tsx'
    Imported via '@/components/ui/card' from file 'C:/Users/DION-SERVER/Desktop/noble.dion.sy/packages/noble/Hrm/src/Resources/js/Pages/SystemSetup/EventTypes/Index.tsx'
    Imported via '@/components/ui/card' from file 'C:/Users/DION-SERVER/Desktop/noble.dion.sy/packages/noble/Hrm/src/Resources/js/Pages/SystemSetup/HolidayTypes/Index.tsx'
    Imported via '@/components/ui/card' from file 'C:/Users/DION-SERVER/Desktop/noble.dion.sy/packages/noble/Hrm/src/Resources/js/Pages/SystemSetup/IpRestricts/Index.tsx'
    Imported via '@/components/ui/card' from file 'C:/Users/DION-SERVER/Desktop/noble.dion.sy/packages/noble/Hrm/src/Resources/js/Pages/SystemSetup/LoanTypes/Index.tsx'
    Imported via '@/components/ui/card' from file 'C:/Users/DION-SERVER/Desktop/noble.dion.sy/packages/noble/Hrm/src/Resources/js/Pages/SystemSetup/TerminationTypes/Index.tsx'
    Imported via '@/components/ui/card' from file 'C:/Users/DION-SERVER/Desktop/noble.dion.sy/packages/noble/Hrm/src/Resources/js/Pages/SystemSetup/ViolationTypes/Index.tsx'
    Imported via '@/components/ui/card' from file 'C:/Users/DION-SERVER/Desktop/noble.dion.sy/packages/noble/Hrm/src/Resources/js/Pages/SystemSetup/WarningTypes/Index.tsx'
    Imported via '@/components/ui/card' from file 'C:/Users/DION-SERVER/Desktop/noble.dion.sy/packages/noble/Hrm/src/Resources/js/Pages/SystemSetup/WorkingDays/Index.tsx'
    Imported via '@/components/ui/card' from file 'C:/Users/DION-SERVER/Desktop/noble.dion.sy/packages/noble/Hrm/src/Resources/js/Pages/Terminations/Index.tsx'
    Imported via '@/components/ui/card' from file 'C:/Users/DION-SERVER/Desktop/noble.dion.sy/packages/noble/Hrm/src/Resources/js/Pages/VacationSettlement/Index.tsx'
    Imported via '@/components/ui/card' from file 'C:/Users/DION-SERVER/Desktop/noble.dion.sy/packages/noble/Hrm/src/Resources/js/Pages/Violations/Index.tsx'
    Imported via '@/components/ui/card' from file 'C:/Users/DION-SERVER/Desktop/noble.dion.sy/packages/noble/Hrm/src/Resources/js/Pages/Warnings/Index.tsx'
    Imported via '@/components/ui/card' from file 'C:/Users/DION-SERVER/Desktop/noble.dion.sy/packages/noble/LandingPage/src/Resources/js/Pages/Settings.tsx'
    Imported via '@/components/ui/card' from file 'C:/Users/DION-SERVER/Desktop/noble.dion.sy/packages/noble/LandingPage/src/Resources/js/Pages/components/settings/General.tsx'
    Imported via '@/components/ui/card' from file 'C:/Users/DION-SERVER/Desktop/noble.dion.sy/packages/noble/LandingPage/src/Resources/js/Pages/components/settings/Hero.tsx'
    Imported via '@/components/ui/card' from file 'C:/Users/DION-SERVER/Desktop/noble.dion.sy/packages/noble/LandingPage/src/Resources/js/Pages/components/settings/Header.tsx'
    Imported via '@/components/ui/card' from file 'C:/Users/DION-SERVER/Desktop/noble.dion.sy/packages/noble/LandingPage/src/Resources/js/Pages/components/settings/Features.tsx'
    Imported via '@/components/ui/card' from file 'C:/Users/DION-SERVER/Desktop/noble.dion.sy/packages/noble/LandingPage/src/Resources/js/Pages/components/settings/Stats.tsx'
    Imported via '@/components/ui/card' from file 'C:/Users/DION-SERVER/Desktop/noble.dion.sy/packages/noble/LandingPage/src/Resources/js/Pages/components/settings/Modules.tsx'
    Imported via '@/components/ui/card' from file 'C:/Users/DION-SERVER/Desktop/noble.dion.sy/packages/noble/LandingPage/src/Resources/js/Pages/components/settings/Benefits.tsx'
    Imported via '@/components/ui/card' from file 'C:/Users/DION-SERVER/Desktop/noble.dion.sy/packages/noble/LandingPage/src/Resources/js/Pages/components/settings/Gallery.tsx'
    Imported via '@/components/ui/card' from file 'C:/Users/DION-SERVER/Desktop/noble.dion.sy/packages/noble/LandingPage/src/Resources/js/Pages/components/settings/CTA.tsx'
    Imported via '@/components/ui/card' from file 'C:/Users/DION-SERVER/Desktop/noble.dion.sy/packages/noble/LandingPage/src/Resources/js/Pages/components/settings/Footer.tsx'
    Imported via '@/components/ui/card' from file 'C:/Users/DION-SERVER/Desktop/noble.dion.sy/packages/noble/LandingPage/src/Resources/js/Pages/components/settings/Order.tsx'
    Imported via '@/components/ui/card' from file 'C:/Users/DION-SERVER/Desktop/noble.dion.sy/packages/noble/LandingPage/src/Resources/js/Pages/components/settings/Colors.tsx'
    Imported via '@/components/ui/card' from file 'C:/Users/DION-SERVER/Desktop/noble.dion.sy/packages/noble/LandingPage/src/Resources/js/Pages/components/settings/Pricing.tsx'
    Imported via '@/components/ui/card' from file 'C:/Users/DION-SERVER/Desktop/noble.dion.sy/packages/noble/LandingPage/src/Resources/js/Pages/CustomPages/Create.tsx'
    Imported via '@/components/ui/card' from file 'C:/Users/DION-SERVER/Desktop/noble.dion.sy/packages/noble/LandingPage/src/Resources/js/Pages/CustomPages/Edit.tsx'
    Imported via '@/components/ui/card' from file 'C:/Users/DION-SERVER/Desktop/noble.dion.sy/packages/noble/LandingPage/src/Resources/js/Pages/CustomPages/Index.tsx'
    Imported via '@/components/ui/card' from file 'C:/Users/DION-SERVER/Desktop/noble.dion.sy/packages/noble/LandingPage/src/Resources/js/Pages/NewsletterSubscribers/Index.tsx'
    Imported via '@/components/ui/card' from file 'C:/Users/DION-SERVER/Desktop/noble.dion.sy/packages/noble/LandingPage/src/Resources/js/Pages/marketplace/Settings.tsx'
    Imported via '@/components/ui/card' from file 'C:/Users/DION-SERVER/Desktop/noble.dion.sy/packages/noble/Lead/src/Resources/js/Pages/Dashboard/ClientDashboard.tsx'
    Imported via '@/components/ui/card' from file 'C:/Users/DION-SERVER/Desktop/noble.dion.sy/packages/noble/Lead/src/Resources/js/Pages/Dashboard/CompanyDashboard.tsx'
    Imported via '@/components/ui/card' from file 'C:/Users/DION-SERVER/Desktop/noble.dion.sy/packages/noble/Lead/src/Resources/js/Pages/Dashboard/UserDashboard.tsx'
    Imported via '@/components/ui/card' from file 'C:/Users/DION-SERVER/Desktop/noble.dion.sy/packages/noble/Lead/src/Resources/js/Pages/Deals/Index.tsx'
    Imported via '@/components/ui/card' from file 'C:/Users/DION-SERVER/Desktop/noble.dion.sy/packages/noble/Lead/src/Resources/js/Pages/Deals/Show.tsx'
    Imported via '@/components/ui/card' from file 'C:/Users/DION-SERVER/Desktop/noble.dion.sy/packages/noble/Lead/src/Resources/js/Pages/Deals/Show/Files.tsx'
    Imported via '@/components/ui/card' from file 'C:/Users/DION-SERVER/Desktop/noble.dion.sy/packages/noble/Lead/src/Resources/js/Pages/Leads/Index.tsx'
    Imported via '@/components/ui/card' from file 'C:/Users/DION-SERVER/Desktop/noble.dion.sy/packages/noble/Lead/src/Resources/js/Pages/Leads/Show/Index.tsx'
    Imported via '@/components/ui/card' from file 'C:/Users/DION-SERVER/Desktop/noble.dion.sy/packages/noble/Lead/src/Resources/js/Pages/Leads/Show/Files.tsx'
    Imported via '@/components/ui/card' from file 'C:/Users/DION-SERVER/Desktop/noble.dion.sy/packages/noble/Lead/src/Resources/js/Pages/Reports/DealReports.tsx'
    Imported via '@/components/ui/card' from file 'C:/Users/DION-SERVER/Desktop/noble.dion.sy/packages/noble/Lead/src/Resources/js/Pages/Reports/Index.tsx'
    Imported via '@/components/ui/card' from file 'C:/Users/DION-SERVER/Desktop/noble.dion.sy/packages/noble/Lead/src/Resources/js/Pages/Reports/LeadReports.tsx'
    Imported via '@/components/ui/card' from file 'C:/Users/DION-SERVER/Desktop/noble.dion.sy/packages/noble/Lead/src/Resources/js/Pages/SystemSetup/DealStages/Index.tsx'
    Imported via '@/components/ui/card' from file 'C:/Users/DION-SERVER/Desktop/noble.dion.sy/packages/noble/Lead/src/Resources/js/Pages/SystemSetup/Labels/Index.tsx'
    Imported via '@/components/ui/card' from file 'C:/Users/DION-SERVER/Desktop/noble.dion.sy/packages/noble/Lead/src/Resources/js/Pages/SystemSetup/LeadStages/Index.tsx'
    Imported via '@/components/ui/card' from file 'C:/Users/DION-SERVER/Desktop/noble.dion.sy/packages/noble/Lead/src/Resources/js/Pages/SystemSetup/Pipelines/Index.tsx'
    Imported via '@/components/ui/card' from file 'C:/Users/DION-SERVER/Desktop/noble.dion.sy/packages/noble/Lead/src/Resources/js/Pages/SystemSetup/Sources/Index.tsx'
    Imported via '@/components/ui/card' from file 'C:/Users/DION-SERVER/Desktop/noble.dion.sy/packages/noble/Paypal/src/Resources/js/settings/components/paypal-settings.tsx'
    Imported via '@/components/ui/card' from file 'C:/Users/DION-SERVER/Desktop/noble.dion.sy/packages/noble/Performance/src/Resources/js/Pages/EmployeeGoals/Index.tsx'
    Imported via '@/components/ui/card' from file 'C:/Users/DION-SERVER/Desktop/noble.dion.sy/packages/noble/Performance/src/Resources/js/Pages/EmployeeReviews/Conduct.tsx'
    Imported via '@/components/ui/card' from file 'C:/Users/DION-SERVER/Desktop/noble.dion.sy/packages/noble/Performance/src/Resources/js/Pages/EmployeeReviews/Index.tsx'
    Imported via '@/components/ui/card' from file 'C:/Users/DION-SERVER/Desktop/noble.dion.sy/packages/noble/Performance/src/Resources/js/Pages/Indicators/Index.tsx'
    Imported via '@/components/ui/card' from file 'C:/Users/DION-SERVER/Desktop/noble.dion.sy/packages/noble/Performance/src/Resources/js/Pages/ReviewCycles/Index.tsx'
    Imported via '@/components/ui/card' from file 'C:/Users/DION-SERVER/Desktop/noble.dion.sy/packages/noble/Performance/src/Resources/js/Pages/SystemSetup/GoalTypes/Index.tsx'
    Imported via '@/components/ui/card' from file 'C:/Users/DION-SERVER/Desktop/noble.dion.sy/packages/noble/Performance/src/Resources/js/Pages/SystemSetup/IndicatorCategories/Index.tsx'
    Imported via '@/components/ui/card' from file 'C:/Users/DION-SERVER/Desktop/noble.dion.sy/packages/noble/Pos/src/Resources/js/Pages/Barcode/Index.tsx'
    Imported via '@/components/ui/card' from file 'C:/Users/DION-SERVER/Desktop/noble.dion.sy/packages/noble/Pos/src/Resources/js/Pages/Dashboard/ClientDashboard.tsx'
    Imported via '@/components/ui/card' from file 'C:/Users/DION-SERVER/Desktop/noble.dion.sy/packages/noble/Pos/src/Resources/js/Pages/Dashboard/Index.tsx'
    Imported via '@/components/ui/card' from file 'C:/Users/DION-SERVER/Desktop/noble.dion.sy/packages/noble/Pos/src/Resources/js/Pages/Pos/Create.tsx'
    Imported via '@/components/ui/card' from file 'C:/Users/DION-SERVER/Desktop/noble.dion.sy/packages/noble/Pos/src/Resources/js/Pages/PosOrder/Index.tsx'
    Imported via '@/components/ui/card' from file 'C:/Users/DION-SERVER/Desktop/noble.dion.sy/packages/noble/Pos/src/Resources/js/Pages/PosOrder/Show.tsx'
    Imported via '@/components/ui/card' from file 'C:/Users/DION-SERVER/Desktop/noble.dion.sy/packages/noble/Pos/src/Resources/js/Pages/Reports/Customers.tsx'
    Imported via '@/components/ui/card' from file 'C:/Users/DION-SERVER/Desktop/noble.dion.sy/packages/noble/Pos/src/Resources/js/Pages/Reports/Products.tsx'
    Imported via '@/components/ui/card' from file 'C:/Users/DION-SERVER/Desktop/noble.dion.sy/packages/noble/Pos/src/Resources/js/Pages/Reports/Sales.tsx'
    Imported via '@/components/ui/card' from file 'C:/Users/DION-SERVER/Desktop/noble.dion.sy/packages/noble/ProductService/src/Resources/js/Pages/Items/Create.tsx'
    Imported via '@/components/ui/card' from file 'C:/Users/DION-SERVER/Desktop/noble.dion.sy/packages/noble/ProductService/src/Resources/js/Pages/Items/Edit.tsx'
    Imported via '@/components/ui/card' from file 'C:/Users/DION-SERVER/Desktop/noble.dion.sy/packages/noble/ProductService/src/Resources/js/Pages/Items/Index.tsx'
    Imported via '@/components/ui/card' from file 'C:/Users/DION-SERVER/Desktop/noble.dion.sy/packages/noble/ProductService/src/Resources/js/Pages/Items/Show.tsx'
    Imported via '@/components/ui/card' from file 'C:/Users/DION-SERVER/Desktop/noble.dion.sy/packages/noble/ProductService/src/Resources/js/Pages/Stock/Index.tsx'
    Imported via '@/components/ui/card' from file 'C:/Users/DION-SERVER/Desktop/noble.dion.sy/packages/noble/ProductService/src/Resources/js/Pages/SystemSetup/Categories/Index.tsx'
    Imported via '@/components/ui/card' from file 'C:/Users/DION-SERVER/Desktop/noble.dion.sy/packages/noble/ProductService/src/Resources/js/Pages/SystemSetup/Taxes/Index.tsx'
    Imported via '@/components/ui/card' from file 'C:/Users/DION-SERVER/Desktop/noble.dion.sy/packages/noble/ProductService/src/Resources/js/Pages/SystemSetup/Units/Index.tsx'
    Imported via '@/components/ui/card' from file 'C:/Users/DION-SERVER/Desktop/noble.dion.sy/packages/noble/Quotation/src/Resources/js/Pages/Quotations/Create.tsx'
    Imported via '@/components/ui/card' from file 'C:/Users/DION-SERVER/Desktop/noble.dion.sy/packages/noble/Quotation/src/Resources/js/Pages/Quotations/Edit.tsx'
    Imported via '@/components/ui/card' from file 'C:/Users/DION-SERVER/Desktop/noble.dion.sy/packages/noble/Quotation/src/Resources/js/Pages/Quotations/Index.tsx'
    Imported via '@/components/ui/card' from file 'C:/Users/DION-SERVER/Desktop/noble.dion.sy/packages/noble/Quotation/src/Resources/js/Pages/Quotations/View.tsx'
    Imported via '@/components/ui/card' from file 'C:/Users/DION-SERVER/Desktop/noble.dion.sy/packages/noble/Recruitment/src/Resources/js/Pages/Index.tsx'
    Imported via '@/components/ui/card' from file 'C:/Users/DION-SERVER/Desktop/noble.dion.sy/packages/noble/Recruitment/src/Resources/js/Pages/CandidateAssessments/Index.tsx'
    Imported via '@/components/ui/card' from file 'C:/Users/DION-SERVER/Desktop/noble.dion.sy/packages/noble/Recruitment/src/Resources/js/Pages/CandidateOnboardings/Index.tsx'
    Imported via '@/components/ui/card' from file 'C:/Users/DION-SERVER/Desktop/noble.dion.sy/packages/noble/Recruitment/src/Resources/js/Pages/Candidates/Index.tsx'
    Imported via '@/components/ui/card' from file 'C:/Users/DION-SERVER/Desktop/noble.dion.sy/packages/noble/Recruitment/src/Resources/js/Pages/Candidates/Show.tsx'
    Imported via '@/components/ui/card' from file 'C:/Users/DION-SERVER/Desktop/noble.dion.sy/packages/noble/Recruitment/src/Resources/js/Pages/ChecklistItems/Index.tsx'
    Imported via '@/components/ui/card' from file 'C:/Users/DION-SERVER/Desktop/noble.dion.sy/packages/noble/Recruitment/src/Resources/js/Pages/CustomQuestions/Index.tsx'
    Imported via '@/components/ui/card' from file 'C:/Users/DION-SERVER/Desktop/noble.dion.sy/packages/noble/Recruitment/src/Resources/js/Pages/Dashboard/StaffDashboard.tsx'
    Imported via '@/components/ui/card' from file 'C:/Users/DION-SERVER/Desktop/noble.dion.sy/packages/noble/Recruitment/src/Resources/js/Pages/Frontend/JobApply.tsx'
    Imported via '@/components/ui/card' from file 'C:/Users/DION-SERVER/Desktop/noble.dion.sy/packages/noble/Recruitment/src/Resources/js/Pages/Frontend/JobDetails.tsx'
    Imported via '@/components/ui/card' from file 'C:/Users/DION-SERVER/Desktop/noble.dion.sy/packages/noble/Recruitment/src/Resources/js/Pages/Frontend/JobListings.tsx'
    Imported via '@/components/ui/card' from file 'C:/Users/DION-SERVER/Desktop/noble.dion.sy/packages/noble/Recruitment/src/Resources/js/Pages/Frontend/JobTerms.tsx'
    Imported via '@/components/ui/card' from file 'C:/Users/DION-SERVER/Desktop/noble.dion.sy/packages/noble/Recruitment/src/Resources/js/Pages/Frontend/NotFound.tsx'
    Imported via '@/components/ui/card' from file 'C:/Users/DION-SERVER/Desktop/noble.dion.sy/packages/noble/Recruitment/src/Resources/js/Pages/Frontend/Success.tsx'
    Imported via '@/components/ui/card' from file 'C:/Users/DION-SERVER/Desktop/noble.dion.sy/packages/noble/Recruitment/src/Resources/js/Pages/Frontend/TrackingDetails.tsx'
    Imported via '@/components/ui/card' from file 'C:/Users/DION-SERVER/Desktop/noble.dion.sy/packages/noble/Recruitment/src/Resources/js/Pages/Frontend/TrackingForm.tsx'
    Imported via '@/components/ui/card' from file 'C:/Users/DION-SERVER/Desktop/noble.dion.sy/packages/noble/Recruitment/src/Resources/js/Pages/InterviewFeedbacks/Index.tsx'
    Imported via '@/components/ui/card' from file 'C:/Users/DION-SERVER/Desktop/noble.dion.sy/packages/noble/Recruitment/src/Resources/js/Pages/InterviewRounds/Index.tsx'
    Imported via '@/components/ui/card' from file 'C:/Users/DION-SERVER/Desktop/noble.dion.sy/packages/noble/Recruitment/src/Resources/js/Pages/Interviews/Index.tsx'
    Imported via '@/components/ui/card' from file 'C:/Users/DION-SERVER/Desktop/noble.dion.sy/packages/noble/Recruitment/src/Resources/js/Pages/Interviews/Show.tsx'
    Imported via '@/components/ui/card' from file 'C:/Users/DION-SERVER/Desktop/noble.dion.sy/packages/noble/Recruitment/src/Resources/js/Pages/JobLocations/Index.tsx'
    Imported via '@/components/ui/card' from file 'C:/Users/DION-SERVER/Desktop/noble.dion.sy/packages/noble/Recruitment/src/Resources/js/Pages/JobPostings/Index.tsx'
    Imported via '@/components/ui/card' from file 'C:/Users/DION-SERVER/Desktop/noble.dion.sy/packages/noble/Recruitment/src/Resources/js/Pages/JobPostings/Show.tsx'
    Imported via '@/components/ui/card' from file 'C:/Users/DION-SERVER/Desktop/noble.dion.sy/packages/noble/Recruitment/src/Resources/js/Pages/Offers/ConvertToEmployee.tsx'
    Imported via '@/components/ui/card' from file 'C:/Users/DION-SERVER/Desktop/noble.dion.sy/packages/noble/Recruitment/src/Resources/js/Pages/Offers/Index.tsx'
    Imported via '@/components/ui/card' from file 'C:/Users/DION-SERVER/Desktop/noble.dion.sy/packages/noble/Recruitment/src/Resources/js/Pages/SystemSetup/AboutCompany/Index.tsx'
    Imported via '@/components/ui/card' from file 'C:/Users/DION-SERVER/Desktop/noble.dion.sy/packages/noble/Recruitment/src/Resources/js/Pages/SystemSetup/ApplicationTips/Index.tsx'
    Imported via '@/components/ui/card' from file 'C:/Users/DION-SERVER/Desktop/noble.dion.sy/packages/noble/Recruitment/src/Resources/js/Pages/SystemSetup/BrandSettings/Index.tsx'
    Imported via '@/components/ui/card' from file 'C:/Users/DION-SERVER/Desktop/noble.dion.sy/packages/noble/Recruitment/src/Resources/js/Pages/SystemSetup/CandidateSources/Index.tsx'
    Imported via '@/components/ui/card' from file 'C:/Users/DION-SERVER/Desktop/noble.dion.sy/packages/noble/Recruitment/src/Resources/js/Pages/SystemSetup/DashboardWelcomeCard/Index.tsx'
    Imported via '@/components/ui/card' from file 'C:/Users/DION-SERVER/Desktop/noble.dion.sy/packages/noble/Recruitment/src/Resources/js/Pages/SystemSetup/InterviewTypes/Index.tsx'
    Imported via '@/components/ui/card' from file 'C:/Users/DION-SERVER/Desktop/noble.dion.sy/packages/noble/Recruitment/src/Resources/js/Pages/SystemSetup/JobCategories/Index.tsx'
    Imported via '@/components/ui/card' from file 'C:/Users/DION-SERVER/Desktop/noble.dion.sy/packages/noble/Recruitment/src/Resources/js/Pages/SystemSetup/JobTypes/Index.tsx'
    Imported via '@/components/ui/card' from file 'C:/Users/DION-SERVER/Desktop/noble.dion.sy/packages/noble/Recruitment/src/Resources/js/Pages/SystemSetup/NeedHelp/Index.tsx'
    Imported via '@/components/ui/card' from file 'C:/Users/DION-SERVER/Desktop/noble.dion.sy/packages/noble/Recruitment/src/Resources/js/Pages/SystemSetup/OfferLetterTemplate/Index.tsx'
    Imported via '@/components/ui/card' from file 'C:/Users/DION-SERVER/Desktop/noble.dion.sy/packages/noble/Recruitment/src/Resources/js/Pages/SystemSetup/OnboardingChecklists/Index.tsx'
    Imported via '@/components/ui/card' from file 'C:/Users/DION-SERVER/Desktop/noble.dion.sy/packages/noble/Recruitment/src/Resources/js/Pages/SystemSetup/TrackingFaq/Index.tsx'
    Imported via '@/components/ui/card' from file 'C:/Users/DION-SERVER/Desktop/noble.dion.sy/packages/noble/Recruitment/src/Resources/js/Pages/SystemSetup/WhatHappensNext/Index.tsx'
    Imported via '@/components/ui/card' from file 'C:/Users/DION-SERVER/Desktop/noble.dion.sy/packages/noble/Slack/src/Resources/js/settings/components/slack-settings.tsx'
    Imported via '@/components/ui/card' from file 'C:/Users/DION-SERVER/Desktop/noble.dion.sy/packages/noble/Stripe/src/Resources/js/settings/components/stripe-settings.tsx'
    Imported via '@/components/ui/card' from file 'C:/Users/DION-SERVER/Desktop/noble.dion.sy/packages/noble/SupportTicket/src/Resources/js/Pages/Search.tsx'
    Imported via '@/components/ui/card' from file 'C:/Users/DION-SERVER/Desktop/noble.dion.sy/packages/noble/SupportTicket/src/Resources/js/Pages/Show.tsx'
    Imported via '@/components/ui/card' from file 'C:/Users/DION-SERVER/Desktop/noble.dion.sy/packages/noble/SupportTicket/src/Resources/js/Pages/Categories/Index.tsx'
    Imported via '@/components/ui/card' from file 'C:/Users/DION-SERVER/Desktop/noble.dion.sy/packages/noble/SupportTicket/src/Resources/js/Pages/Contact/Index.tsx'
    Imported via '@/components/ui/card' from file 'C:/Users/DION-SERVER/Desktop/noble.dion.sy/packages/noble/SupportTicket/src/Resources/js/Pages/Dashboard/ClientDashboard.tsx'
    Imported via '@/components/ui/card' from file 'C:/Users/DION-SERVER/Desktop/noble.dion.sy/packages/noble/SupportTicket/src/Resources/js/Pages/Dashboard/Index.tsx'
    Imported via '@/components/ui/card' from file 'C:/Users/DION-SERVER/Desktop/noble.dion.sy/packages/noble/SupportTicket/src/Resources/js/Pages/Dashboard/StaffDashboard.tsx'
    Imported via '@/components/ui/card' from file 'C:/Users/DION-SERVER/Desktop/noble.dion.sy/packages/noble/SupportTicket/src/Resources/js/Pages/Dashboard/VendorDashboard.tsx'
    Imported via '@/components/ui/card' from file 'C:/Users/DION-SERVER/Desktop/noble.dion.sy/packages/noble/SupportTicket/src/Resources/js/Pages/FAQ/Import.tsx'
    Imported via '@/components/ui/card' from file 'C:/Users/DION-SERVER/Desktop/noble.dion.sy/packages/noble/SupportTicket/src/Resources/js/Pages/FAQ/Index.tsx'
    Imported via '@/components/ui/card' from file 'C:/Users/DION-SERVER/Desktop/noble.dion.sy/packages/noble/SupportTicket/src/Resources/js/Pages/Frontend/Contact.tsx'
    Imported via '@/components/ui/card' from file 'C:/Users/DION-SERVER/Desktop/noble.dion.sy/packages/noble/SupportTicket/src/Resources/js/Pages/Frontend/CreateTicket.tsx'
    Imported via '@/components/ui/card' from file 'C:/Users/DION-SERVER/Desktop/noble.dion.sy/packages/noble/SupportTicket/src/Resources/js/Pages/Frontend/CustomPage.tsx'
    Imported via '@/components/ui/card' from file 'C:/Users/DION-SERVER/Desktop/noble.dion.sy/packages/noble/SupportTicket/src/Resources/js/Pages/Frontend/Faq.tsx'
    Imported via '@/components/ui/card' from file 'C:/Users/DION-SERVER/Desktop/noble.dion.sy/packages/noble/SupportTicket/src/Resources/js/Pages/Frontend/Index.tsx'
    Imported via '@/components/ui/card' from file 'C:/Users/DION-SERVER/Desktop/noble.dion.sy/packages/noble/SupportTicket/src/Resources/js/Pages/Frontend/Knowledge.tsx'
    Imported via '@/components/ui/card' from file 'C:/Users/DION-SERVER/Desktop/noble.dion.sy/packages/noble/SupportTicket/src/Resources/js/Pages/Frontend/KnowledgeArticle.tsx'
    Imported via '@/components/ui/card' from file 'C:/Users/DION-SERVER/Desktop/noble.dion.sy/packages/noble/SupportTicket/src/Resources/js/Pages/Frontend/PrivacyPolicy.tsx'
    Imported via '@/components/ui/card' from file 'C:/Users/DION-SERVER/Desktop/noble.dion.sy/packages/noble/SupportTicket/src/Resources/js/Pages/Frontend/SearchTicket.tsx'
    Imported via '@/components/ui/card' from file 'C:/Users/DION-SERVER/Desktop/noble.dion.sy/packages/noble/SupportTicket/src/Resources/js/Pages/Frontend/TermsConditions.tsx'
    Imported via '@/components/ui/card' from file 'C:/Users/DION-SERVER/Desktop/noble.dion.sy/packages/noble/SupportTicket/src/Resources/js/Pages/Knowledge/Import.tsx'
    Imported via '@/components/ui/card' from file 'C:/Users/DION-SERVER/Desktop/noble.dion.sy/packages/noble/SupportTicket/src/Resources/js/Pages/Knowledge/Index.tsx'
    Imported via '@/components/ui/card' from file 'C:/Users/DION-SERVER/Desktop/noble.dion.sy/packages/noble/SupportTicket/src/Resources/js/Pages/SystemSetup/cta-section.tsx'
    Imported via '@/components/ui/card' from file 'C:/Users/DION-SERVER/Desktop/noble.dion.sy/packages/noble/SupportTicket/src/Resources/js/Pages/SystemSetup/support-information.tsx'
    Imported via '@/components/ui/card' from file 'C:/Users/DION-SERVER/Desktop/noble.dion.sy/packages/noble/SupportTicket/src/Resources/js/Pages/SystemSetup/title-section.tsx'
    Imported via '@/components/ui/card' from file 'C:/Users/DION-SERVER/Desktop/noble.dion.sy/packages/noble/SupportTicket/src/Resources/js/Pages/SystemSetup/BrandSettings/Index.tsx'
    Imported via '@/components/ui/card' from file 'C:/Users/DION-SERVER/Desktop/noble.dion.sy/packages/noble/SupportTicket/src/Resources/js/Pages/SystemSetup/Categories/Index.tsx'
    Imported via '@/components/ui/card' from file 'C:/Users/DION-SERVER/Desktop/noble.dion.sy/packages/noble/SupportTicket/src/Resources/js/Pages/SystemSetup/ContactInformation/Index.tsx'
    Imported via '@/components/ui/card' from file 'C:/Users/DION-SERVER/Desktop/noble.dion.sy/packages/noble/SupportTicket/src/Resources/js/Pages/SystemSetup/CustomPages/Index.tsx'
    Imported via '@/components/ui/card' from file 'C:/Users/DION-SERVER/Desktop/noble.dion.sy/packages/noble/SupportTicket/src/Resources/js/Pages/SystemSetup/KnowledgeCategories/Index.tsx'
    Imported via '@/components/ui/card' from file 'C:/Users/DION-SERVER/Desktop/noble.dion.sy/packages/noble/SupportTicket/src/Resources/js/Pages/SystemSetup/PrivacyPolicy/Index.tsx'
    Imported via '@/components/ui/card' from file 'C:/Users/DION-SERVER/Desktop/noble.dion.sy/packages/noble/SupportTicket/src/Resources/js/Pages/SystemSetup/QuickLinks/Index.tsx'
    Imported via '@/components/ui/card' from file 'C:/Users/DION-SERVER/Desktop/noble.dion.sy/packages/noble/SupportTicket/src/Resources/js/Pages/SystemSetup/TermsConditions/Index.tsx'
    Imported via '@/components/ui/card' from file 'C:/Users/DION-SERVER/Desktop/noble.dion.sy/packages/noble/SupportTicket/src/Resources/js/Pages/Tickets/Create.tsx'
    Imported via '@/components/ui/card' from file 'C:/Users/DION-SERVER/Desktop/noble.dion.sy/packages/noble/SupportTicket/src/Resources/js/Pages/Tickets/Edit.tsx'
    Imported via '@/components/ui/card' from file 'C:/Users/DION-SERVER/Desktop/noble.dion.sy/packages/noble/SupportTicket/src/Resources/js/Pages/Tickets/EditReply.tsx'
    Imported via '@/components/ui/card' from file 'C:/Users/DION-SERVER/Desktop/noble.dion.sy/packages/noble/SupportTicket/src/Resources/js/Pages/Tickets/Index.tsx'
    Imported via '@/Components/ui/card' from file 'C:/Users/DION-SERVER/Desktop/noble.dion.sy/packages/noble/SupportTicket/src/Resources/js/faq/Import.tsx'
    Imported via '@/Components/ui/card' from file 'C:/Users/DION-SERVER/Desktop/noble.dion.sy/packages/noble/SupportTicket/src/Resources/js/knowledge/Import.tsx'
    Imported via '@/components/ui/card' from file 'C:/Users/DION-SERVER/Desktop/noble.dion.sy/packages/noble/SupportTicket/src/Resources/js/settings/components/support-setting.tsx'
    Imported via '@/components/ui/card' from file 'C:/Users/DION-SERVER/Desktop/noble.dion.sy/packages/noble/Taskly/src/Resources/js/Pages/Bugs/Index.tsx'
    Imported via '@/components/ui/card' from file 'C:/Users/DION-SERVER/Desktop/noble.dion.sy/packages/noble/Taskly/src/Resources/js/Pages/Dashboard/ClientDashboard.tsx'
    Imported via '@/components/ui/card' from file 'C:/Users/DION-SERVER/Desktop/noble.dion.sy/packages/noble/Taskly/src/Resources/js/Pages/Dashboard/CompanyDashboard.tsx'
    Imported via '@/components/ui/card' from file 'C:/Users/DION-SERVER/Desktop/noble.dion.sy/packages/noble/Taskly/src/Resources/js/Pages/Dashboard/StaffDashboard.tsx'
    Imported via '@/components/ui/card' from file 'C:/Users/DION-SERVER/Desktop/noble.dion.sy/packages/noble/Taskly/src/Resources/js/Pages/Project/Gantt.tsx'
    Imported via '@/components/ui/card' from file 'C:/Users/DION-SERVER/Desktop/noble.dion.sy/packages/noble/Taskly/src/Resources/js/Pages/Project/Index.tsx'
    Imported via '@/components/ui/card' from file 'C:/Users/DION-SERVER/Desktop/noble.dion.sy/packages/noble/Taskly/src/Resources/js/Pages/Project/View.tsx'
    Imported via '@/components/ui/card' from file 'C:/Users/DION-SERVER/Desktop/noble.dion.sy/packages/noble/Taskly/src/Resources/js/Pages/Report/Index.tsx'
    Imported via '@/components/ui/card' from file 'C:/Users/DION-SERVER/Desktop/noble.dion.sy/packages/noble/Taskly/src/Resources/js/Pages/Report/View.tsx'
    Imported via '@/components/ui/card' from file 'C:/Users/DION-SERVER/Desktop/noble.dion.sy/packages/noble/Taskly/src/Resources/js/Pages/SystemSetup/BugStages/Index.tsx'
    Imported via '@/components/ui/card' from file 'C:/Users/DION-SERVER/Desktop/noble.dion.sy/packages/noble/Taskly/src/Resources/js/Pages/SystemSetup/TaskStages/Index.tsx'
    Imported via '@/components/ui/card' from file 'C:/Users/DION-SERVER/Desktop/noble.dion.sy/packages/noble/Taskly/src/Resources/js/Pages/Tasks/Calendar.tsx'
    Imported via '@/components/ui/card' from file 'C:/Users/DION-SERVER/Desktop/noble.dion.sy/packages/noble/Taskly/src/Resources/js/Pages/Tasks/Index.tsx'
    Imported via '@/components/ui/card' from file 'C:/Users/DION-SERVER/Desktop/noble.dion.sy/packages/noble/Taskly/src/Resources/js/Pages/Tasks/View.tsx'
    Imported via '@/components/ui/card' from file 'C:/Users/DION-SERVER/Desktop/noble.dion.sy/packages/noble/Telegram/src/Resources/js/settings/components/telegram-settings.tsx'
    Imported via '@/components/ui/card' from file 'C:/Users/DION-SERVER/Desktop/noble.dion.sy/packages/noble/Timesheet/src/Resources/js/Pages/Index.tsx'
    Imported via '@/components/ui/card' from file 'C:/Users/DION-SERVER/Desktop/noble.dion.sy/packages/noble/Training/src/Resources/js/Pages/feedbacks/index.tsx'
    Imported via '@/components/ui/card' from file 'C:/Users/DION-SERVER/Desktop/noble.dion.sy/packages/noble/Training/src/Resources/js/Pages/tasks/index.tsx'
    Imported via '@/components/ui/card' from file 'C:/Users/DION-SERVER/Desktop/noble.dion.sy/packages/noble/Training/src/Resources/js/Pages/trainers/index.tsx'
    Imported via '@/components/ui/card' from file 'C:/Users/DION-SERVER/Desktop/noble.dion.sy/packages/noble/Training/src/Resources/js/Pages/training-types/index.tsx'
    Imported via '@/components/ui/card' from file 'C:/Users/DION-SERVER/Desktop/noble.dion.sy/packages/noble/Training/src/Resources/js/Pages/trainings/index.tsx'
    Imported via '@/components/ui/card' from file 'C:/Users/DION-SERVER/Desktop/noble.dion.sy/packages/noble/Twilio/src/Resources/js/settings/components/twilio-settings.tsx'
    Imported via '@/components/ui/card' from file 'C:/Users/DION-SERVER/Desktop/noble.dion.sy/packages/noble/Webhook/src/Resources/js/settings/components/webhook-settings.tsx'
    Imported via '@/components/ui/card' from file 'C:/Users/DION-SERVER/Desktop/noble.dion.sy/packages/noble/ZoomMeeting/src/Resources/js/Pages/ZoomMeetings/Index.tsx'
    Imported via '@/components/ui/card' from file 'C:/Users/DION-SERVER/Desktop/noble.dion.sy/packages/noble/ZoomMeeting/src/Resources/js/settings/components/zoom-meeting-settings.tsx'
packages/noble/SupportTicket/src/Resources/js/knowledge/Import.tsx(4,24): error TS1149: File name 'C:/Users/DION-SERVER/Desktop/noble.dion.sy/resources/js/Components/ui/button.tsx' differs from already included file name 'C:/Users/DION-SERVER/Desktop/noble.dion.sy/resources/js/components/ui/button.tsx' only in casing.
  The file is in the program because:
    Imported via '@/components/ui/button' from file 'C:/Users/DION-SERVER/Desktop/noble.dion.sy/resources/js/pages/settings/components/brand-settings.tsx'
    Imported via './ui/button' from file 'C:/Users/DION-SERVER/Desktop/noble.dion.sy/resources/js/components/MediaPicker.tsx'
    Imported via './ui/button' from file 'C:/Users/DION-SERVER/Desktop/noble.dion.sy/resources/js/components/MediaLibraryModal.tsx'
    Imported via '@/components/ui/button' from file 'C:/Users/DION-SERVER/Desktop/noble.dion.sy/resources/js/pages/settings/components/company-settings.tsx'
    Imported via '@/components/ui/button' from file 'C:/Users/DION-SERVER/Desktop/noble.dion.sy/resources/js/pages/settings/components/system-settings.tsx'
    Imported via '@/components/ui/button' from file 'C:/Users/DION-SERVER/Desktop/noble.dion.sy/resources/js/pages/settings/components/currency-settings.tsx'
    Imported via '@/components/ui/button' from file 'C:/Users/DION-SERVER/Desktop/noble.dion.sy/resources/js/pages/settings/components/seo-settings.tsx'
    Imported via '@/components/ui/button' from file 'C:/Users/DION-SERVER/Desktop/noble.dion.sy/resources/js/pages/settings/components/storage-settings.tsx'
    Imported via '@/components/ui/button' from file 'C:/Users/DION-SERVER/Desktop/noble.dion.sy/resources/js/pages/settings/components/email-settings.tsx'
    Imported via '@/components/ui/button' from file 'C:/Users/DION-SERVER/Desktop/noble.dion.sy/resources/js/pages/settings/components/pusher-settings.tsx'
    Imported via '@/components/ui/button' from file 'C:/Users/DION-SERVER/Desktop/noble.dion.sy/resources/js/pages/settings/components/email-notification-settings.tsx'
    Imported via '@/components/ui/button' from file 'C:/Users/DION-SERVER/Desktop/noble.dion.sy/resources/js/pages/settings/components/cookie-settings.tsx'
    Imported via '@/components/ui/button' from file 'C:/Users/DION-SERVER/Desktop/noble.dion.sy/resources/js/pages/settings/components/bank-transfer-settings.tsx'
    Imported via '@/components/ui/button' from file 'C:/Users/DION-SERVER/Desktop/noble.dion.sy/resources/js/pages/settings/components/cache-settings.tsx'
    Imported via './ui/button' from file 'C:/Users/DION-SERVER/Desktop/noble.dion.sy/resources/js/components/ModuleAttachments.tsx'
    Imported via '@/components/ui/button' from file 'C:/Users/DION-SERVER/Desktop/noble.dion.sy/resources/js/components/QRCodeModal.tsx'
    Imported via './button' from file 'C:/Users/DION-SERVER/Desktop/noble.dion.sy/resources/js/components/ui/icon-picker.tsx'
    Imported via '@/components/ui/button' from file 'C:/Users/DION-SERVER/Desktop/noble.dion.sy/resources/js/components/ui/sidebar.tsx'
    Imported via '@/components/ui/button' from file 'C:/Users/DION-SERVER/Desktop/noble.dion.sy/resources/js/components/nav-user.tsx'
    Imported via '@/components/ui/button' from file 'C:/Users/DION-SERVER/Desktop/noble.dion.sy/resources/js/components/appearance-dropdown.tsx'
    Imported via '@/components/ui/button' from file 'C:/Users/DION-SERVER/Desktop/noble.dion.sy/resources/js/components/cookie-consent.tsx'
    Imported via '@/components/ui/button' from file 'C:/Users/DION-SERVER/Desktop/noble.dion.sy/resources/js/components/create-language-modal.tsx'
    Imported via '@/components/ui/button' from file 'C:/Users/DION-SERVER/Desktop/noble.dion.sy/resources/js/components/no-records-found.tsx'
    Imported via '@/components/ui/button' from file 'C:/Users/DION-SERVER/Desktop/noble.dion.sy/resources/js/components/theme-toggle.tsx'
    Imported via '@/components/ui/button' from file 'C:/Users/DION-SERVER/Desktop/noble.dion.sy/resources/js/components/ui/alert-dialog.tsx'
    Matched by include pattern 'resources/js/**/*.tsx' in 'C:/Users/DION-SERVER/Desktop/noble.dion.sy/tsconfig.json'
    Imported via './button' from file 'C:/Users/DION-SERVER/Desktop/noble.dion.sy/resources/js/components/ui/calendar.tsx'
    Imported via './button' from file 'C:/Users/DION-SERVER/Desktop/noble.dion.sy/resources/js/components/ui/data-table.tsx'
    Imported via '@/components/ui/button' from file 'C:/Users/DION-SERVER/Desktop/noble.dion.sy/resources/js/components/ui/date-picker.tsx'
    Imported via '@/components/ui/button' from file 'C:/Users/DION-SERVER/Desktop/noble.dion.sy/resources/js/components/ui/date-range-picker.tsx'
    Imported via '@/components/ui/button' from file 'C:/Users/DION-SERVER/Desktop/noble.dion.sy/resources/js/components/ui/datetime-range-picker.tsx'
    Imported via '@/components/ui/button' from file 'C:/Users/DION-SERVER/Desktop/noble.dion.sy/resources/js/components/ui/emoji-picker.tsx'
    Imported via '@/components/ui/button' from file 'C:/Users/DION-SERVER/Desktop/noble.dion.sy/resources/js/components/ui/filter-button.tsx'
    Imported via '@/components/ui/button' from file 'C:/Users/DION-SERVER/Desktop/noble.dion.sy/resources/js/components/ui/generate-code.tsx'
    Imported via './button' from file 'C:/Users/DION-SERVER/Desktop/noble.dion.sy/resources/js/components/ui/image-slider.tsx'
    Imported via '@/components/ui/button' from file 'C:/Users/DION-SERVER/Desktop/noble.dion.sy/resources/js/components/ui/list-grid-toggle.tsx'
    Imported via '@/components/ui/button' from file 'C:/Users/DION-SERVER/Desktop/noble.dion.sy/resources/js/components/ui/module-card.tsx'
    Imported via './button' from file 'C:/Users/DION-SERVER/Desktop/noble.dion.sy/resources/js/components/ui/multi-select.tsx'
    Imported via '@/components/ui/button' from file 'C:/Users/DION-SERVER/Desktop/noble.dion.sy/resources/js/components/ui/pagination.tsx'
    Imported via './button' from file 'C:/Users/DION-SERVER/Desktop/noble.dion.sy/resources/js/components/ui/repeater.tsx'
    Imported via '@/components/ui/button' from file 'C:/Users/DION-SERVER/Desktop/noble.dion.sy/resources/js/components/ui/time-picker.tsx'
    Imported via './button' from file 'C:/Users/DION-SERVER/Desktop/noble.dion.sy/resources/js/components/ui/rich-text-editor.tsx'
    Imported via './button' from file 'C:/Users/DION-SERVER/Desktop/noble.dion.sy/resources/js/components/ui/search-input.tsx'
    Imported via '@/components/ui/button' from file 'C:/Users/DION-SERVER/Desktop/noble.dion.sy/resources/js/components/ui/year-picker.tsx'
    Imported via '@/components/ui/button' from file 'C:/Users/DION-SERVER/Desktop/noble.dion.sy/resources/js/layouts/authenticated-layout.tsx'
    Imported via '@/components/ui/button' from file 'C:/Users/DION-SERVER/Desktop/noble.dion.sy/resources/js/pages/dashboard.tsx'
    Imported via '@/components/ui/button' from file 'C:/Users/DION-SERVER/Desktop/noble.dion.sy/resources/js/pages/media-library.tsx'
    Imported via '@/components/ui/button' from file 'C:/Users/DION-SERVER/Desktop/noble.dion.sy/resources/js/pages/EmailTemplates/Edit.tsx'
    Imported via '@/components/ui/button' from file 'C:/Users/DION-SERVER/Desktop/noble.dion.sy/resources/js/pages/EmailTemplates/Index.tsx'
    Imported via '@/components/ui/button' from file 'C:/Users/DION-SERVER/Desktop/noble.dion.sy/resources/js/pages/Installer/Environment.tsx'
    Imported via '@/components/ui/button' from file 'C:/Users/DION-SERVER/Desktop/noble.dion.sy/resources/js/pages/MissionCommand/Gamification.tsx'
    Imported via '@/components/ui/button' from file 'C:/Users/DION-SERVER/Desktop/noble.dion.sy/resources/js/pages/MissionCommand/NotificationsHub.tsx'
    Imported via '@/components/ui/button' from file 'C:/Users/DION-SERVER/Desktop/noble.dion.sy/resources/js/pages/MissionCommand/AffiliateEngine/Index.tsx'
    Imported via '@/components/ui/button' from file 'C:/Users/DION-SERVER/Desktop/noble.dion.sy/resources/js/pages/MissionCommand/NobleFlow/Index.tsx'
    Imported via '@/components/ui/button' from file 'C:/Users/DION-SERVER/Desktop/noble.dion.sy/resources/js/pages/MissionCommand/SecurityAudit/Index.tsx'
    Imported via '@/components/ui/button' from file 'C:/Users/DION-SERVER/Desktop/noble.dion.sy/resources/js/pages/MissionCommand/UnifiedInbox/Index.tsx'
    Imported via '@/components/ui/button' from file 'C:/Users/DION-SERVER/Desktop/noble.dion.sy/resources/js/pages/Purchase/components/InvoiceItemsTable.tsx'
    Imported via '@/components/ui/button' from file 'C:/Users/DION-SERVER/Desktop/noble.dion.sy/resources/js/pages/Purchase/Create.tsx'
    Imported via '@/components/ui/button' from file 'C:/Users/DION-SERVER/Desktop/noble.dion.sy/resources/js/pages/Purchase/Edit.tsx'
    Imported via '@/components/ui/button' from file 'C:/Users/DION-SERVER/Desktop/noble.dion.sy/resources/js/pages/Purchase/Index.tsx'
    Imported via '@/components/ui/button' from file 'C:/Users/DION-SERVER/Desktop/noble.dion.sy/resources/js/pages/Purchase/View.tsx'
    Imported via '@/components/ui/button' from file 'C:/Users/DION-SERVER/Desktop/noble.dion.sy/resources/js/pages/PurchaseReturns/Create.tsx'
    Imported via '@/components/ui/button' from file 'C:/Users/DION-SERVER/Desktop/noble.dion.sy/resources/js/pages/PurchaseReturns/Index.tsx'
    Imported via '@/components/ui/button' from file 'C:/Users/DION-SERVER/Desktop/noble.dion.sy/resources/js/pages/PurchaseReturns/View.tsx'
    Imported via '@/components/ui/button' from file 'C:/Users/DION-SERVER/Desktop/noble.dion.sy/resources/js/pages/Sales/components/InvoiceItemsTable.tsx'
    Imported via '@/components/ui/button' from file 'C:/Users/DION-SERVER/Desktop/noble.dion.sy/resources/js/pages/Sales/Create.tsx'
    Imported via '@/components/ui/button' from file 'C:/Users/DION-SERVER/Desktop/noble.dion.sy/resources/js/pages/Sales/Edit.tsx'
    Imported via '@/components/ui/button' from file 'C:/Users/DION-SERVER/Desktop/noble.dion.sy/resources/js/pages/Sales/Index.tsx'
    Imported via '@/components/ui/button' from file 'C:/Users/DION-SERVER/Desktop/noble.dion.sy/resources/js/pages/Sales/View.tsx'
    Imported via '@/components/ui/button' from file 'C:/Users/DION-SERVER/Desktop/noble.dion.sy/resources/js/pages/SalesProposals/Create.tsx'
    Imported via '@/components/ui/button' from file 'C:/Users/DION-SERVER/Desktop/noble.dion.sy/resources/js/pages/SalesProposals/Edit.tsx'
    Imported via '@/components/ui/button' from file 'C:/Users/DION-SERVER/Desktop/noble.dion.sy/resources/js/pages/SalesProposals/Index.tsx'
    Imported via '@/components/ui/button' from file 'C:/Users/DION-SERVER/Desktop/noble.dion.sy/resources/js/pages/SalesProposals/View.tsx'
    Imported via '@/components/ui/button' from file 'C:/Users/DION-SERVER/Desktop/noble.dion.sy/resources/js/pages/SalesReturns/Create.tsx'
    Imported via '@/components/ui/button' from file 'C:/Users/DION-SERVER/Desktop/noble.dion.sy/resources/js/pages/SalesReturns/Index.tsx'
    Imported via '@/components/ui/button' from file 'C:/Users/DION-SERVER/Desktop/noble.dion.sy/resources/js/pages/SalesReturns/View.tsx'
    Imported via '@/components/ui/button' from file 'C:/Users/DION-SERVER/Desktop/noble.dion.sy/resources/js/pages/Transfers/Index.tsx'
    Imported via '@/components/ui/button' from file 'C:/Users/DION-SERVER/Desktop/noble.dion.sy/resources/js/pages/Transfers/create.tsx'
    Imported via '@/components/ui/button' from file 'C:/Users/DION-SERVER/Desktop/noble.dion.sy/resources/js/pages/Updater/Index.tsx'
    Imported via '@/components/ui/button' from file 'C:/Users/DION-SERVER/Desktop/noble.dion.sy/resources/js/pages/auth/confirm-password.tsx'
    Imported via '@/components/ui/button' from file 'C:/Users/DION-SERVER/Desktop/noble.dion.sy/resources/js/pages/auth/forgot-password.tsx'
    Imported via '@/components/ui/button' from file 'C:/Users/DION-SERVER/Desktop/noble.dion.sy/resources/js/pages/auth/login.tsx'
    Imported via '@/components/ui/button' from file 'C:/Users/DION-SERVER/Desktop/noble.dion.sy/resources/js/pages/auth/register.tsx'
    Imported via '@/components/ui/button' from file 'C:/Users/DION-SERVER/Desktop/noble.dion.sy/resources/js/pages/auth/reset-password.tsx'
    Imported via '@/components/ui/button' from file 'C:/Users/DION-SERVER/Desktop/noble.dion.sy/resources/js/pages/auth/verify-email.tsx'
    Imported via '@/components/ui/button' from file 'C:/Users/DION-SERVER/Desktop/noble.dion.sy/resources/js/pages/bank-transfer/index.tsx'
    Imported via '@/components/ui/button' from file 'C:/Users/DION-SERVER/Desktop/noble.dion.sy/resources/js/pages/coupons/create.tsx'
    Imported via '@/components/ui/button' from file 'C:/Users/DION-SERVER/Desktop/noble.dion.sy/resources/js/pages/coupons/details.tsx'
    Imported via '@/components/ui/button' from file 'C:/Users/DION-SERVER/Desktop/noble.dion.sy/resources/js/pages/coupons/edit.tsx'
    Imported via '@/components/ui/button' from file 'C:/Users/DION-SERVER/Desktop/noble.dion.sy/resources/js/pages/coupons/index.tsx'
    Imported via '@/components/ui/button' from file 'C:/Users/DION-SERVER/Desktop/noble.dion.sy/resources/js/pages/helpdesk/categories/create.tsx'
    Imported via '@/components/ui/button' from file 'C:/Users/DION-SERVER/Desktop/noble.dion.sy/resources/js/pages/helpdesk/categories/edit.tsx'
    Imported via '@/components/ui/button' from file 'C:/Users/DION-SERVER/Desktop/noble.dion.sy/resources/js/pages/helpdesk/categories/index.tsx'
    Imported via '@/components/ui/button' from file 'C:/Users/DION-SERVER/Desktop/noble.dion.sy/resources/js/pages/helpdesk/components/ChatMessage.tsx'
    Imported via '@/components/ui/button' from file 'C:/Users/DION-SERVER/Desktop/noble.dion.sy/resources/js/pages/helpdesk/components/ReplyForm.tsx'
    Imported via '@/components/ui/button' from file 'C:/Users/DION-SERVER/Desktop/noble.dion.sy/resources/js/pages/helpdesk/tickets/create.tsx'
    Imported via '@/components/ui/button' from file 'C:/Users/DION-SERVER/Desktop/noble.dion.sy/resources/js/pages/helpdesk/tickets/edit.tsx'
    Imported via '@/components/ui/button' from file 'C:/Users/DION-SERVER/Desktop/noble.dion.sy/resources/js/pages/helpdesk/tickets/index.tsx'
    Imported via '@/components/ui/button' from file 'C:/Users/DION-SERVER/Desktop/noble.dion.sy/resources/js/pages/languages/manage.tsx'
    Imported via '@/components/ui/button' from file 'C:/Users/DION-SERVER/Desktop/noble.dion.sy/resources/js/pages/messenger/index.tsx'
    Imported via '@/components/ui/button' from file 'C:/Users/DION-SERVER/Desktop/noble.dion.sy/resources/js/pages/modules/index.tsx'
    Imported via '@/components/ui/button' from file 'C:/Users/DION-SERVER/Desktop/noble.dion.sy/resources/js/pages/modules/upload.tsx'
    Imported via '@/components/ui/button' from file 'C:/Users/DION-SERVER/Desktop/noble.dion.sy/resources/js/pages/notification-templates/Edit.tsx'
    Imported via '@/components/ui/button' from file 'C:/Users/DION-SERVER/Desktop/noble.dion.sy/resources/js/pages/notification-templates/Index.tsx'
    Imported via '@/components/ui/button' from file 'C:/Users/DION-SERVER/Desktop/noble.dion.sy/resources/js/pages/orders/index.tsx'
    Imported via '@/components/ui/button' from file 'C:/Users/DION-SERVER/Desktop/noble.dion.sy/resources/js/pages/plans/form.tsx'
    Imported via '@/components/ui/button' from file 'C:/Users/DION-SERVER/Desktop/noble.dion.sy/resources/js/pages/plans/index.tsx'
    Imported via '@/components/ui/button' from file 'C:/Users/DION-SERVER/Desktop/noble.dion.sy/resources/js/pages/plans/subscription-layout.tsx'
    Imported via '@/components/ui/button' from file 'C:/Users/DION-SERVER/Desktop/noble.dion.sy/resources/js/pages/profile/partials/update-password-form.tsx'
    Imported via '@/components/ui/button' from file 'C:/Users/DION-SERVER/Desktop/noble.dion.sy/resources/js/pages/profile/partials/update-profile-information-form.tsx'
    Imported via '@/components/ui/button' from file 'C:/Users/DION-SERVER/Desktop/noble.dion.sy/resources/js/pages/roles/create.tsx'
    Imported via '@/components/ui/button' from file 'C:/Users/DION-SERVER/Desktop/noble.dion.sy/resources/js/pages/roles/edit.tsx'
    Imported via '@/components/ui/button' from file 'C:/Users/DION-SERVER/Desktop/noble.dion.sy/resources/js/pages/roles/index.tsx'
    Imported via '@/components/ui/button' from file 'C:/Users/DION-SERVER/Desktop/noble.dion.sy/resources/js/pages/settings/index.tsx'
    Imported via '@/components/ui/button' from file 'C:/Users/DION-SERVER/Desktop/noble.dion.sy/resources/js/pages/users/assign-plan.tsx'
    Imported via '@/components/ui/button' from file 'C:/Users/DION-SERVER/Desktop/noble.dion.sy/resources/js/pages/users/change-password.tsx'
    Imported via '@/components/ui/button' from file 'C:/Users/DION-SERVER/Desktop/noble.dion.sy/resources/js/pages/users/create.tsx'
    Imported via '@/components/ui/button' from file 'C:/Users/DION-SERVER/Desktop/noble.dion.sy/resources/js/pages/users/edit.tsx'
    Imported via '@/components/ui/button' from file 'C:/Users/DION-SERVER/Desktop/noble.dion.sy/resources/js/pages/users/index.tsx'
    Imported via '@/components/ui/button' from file 'C:/Users/DION-SERVER/Desktop/noble.dion.sy/resources/js/pages/users/login-history.tsx'
    Imported via '@/components/ui/button' from file 'C:/Users/DION-SERVER/Desktop/noble.dion.sy/resources/js/pages/warehouses/create.tsx'
    Imported via '@/components/ui/button' from file 'C:/Users/DION-SERVER/Desktop/noble.dion.sy/resources/js/pages/warehouses/edit.tsx'
    Imported via '@/components/ui/button' from file 'C:/Users/DION-SERVER/Desktop/noble.dion.sy/resources/js/pages/warehouses/index.tsx'
    Imported via '@/components/ui/button' from file 'C:/Users/DION-SERVER/Desktop/noble.dion.sy/packages/noble/AIAssistant/src/Resources/js/components/AIGenerationModal.tsx'
    Imported via '@/components/ui/button' from file 'C:/Users/DION-SERVER/Desktop/noble.dion.sy/packages/noble/AIAssistant/src/Resources/js/hooks/useAIField.tsx'
    Imported via '@/components/ui/button' from file 'C:/Users/DION-SERVER/Desktop/noble.dion.sy/packages/noble/AIAssistant/src/Resources/js/settings/components/ai-assistant-settings.tsx'
    Imported via '@/components/ui/button' from file 'C:/Users/DION-SERVER/Desktop/noble.dion.sy/packages/noble/Account/src/Resources/js/Pages/BankAccounts/Create.tsx'
    Imported via '@/components/ui/button' from file 'C:/Users/DION-SERVER/Desktop/noble.dion.sy/packages/noble/Account/src/Resources/js/Pages/BankAccounts/Edit.tsx'
    Imported via '@/components/ui/button' from file 'C:/Users/DION-SERVER/Desktop/noble.dion.sy/packages/noble/Account/src/Resources/js/Pages/BankAccounts/Index.tsx'
    Imported via '@/components/ui/button' from file 'C:/Users/DION-SERVER/Desktop/noble.dion.sy/packages/noble/Account/src/Resources/js/Pages/BankTransactions/Index.tsx'
    Imported via '@/components/ui/button' from file 'C:/Users/DION-SERVER/Desktop/noble.dion.sy/packages/noble/Account/src/Resources/js/Pages/BankTransfers/Create.tsx'
    Imported via '@/components/ui/button' from file 'C:/Users/DION-SERVER/Desktop/noble.dion.sy/packages/noble/Account/src/Resources/js/Pages/BankTransfers/Edit.tsx'
    Imported via '@/components/ui/button' from file 'C:/Users/DION-SERVER/Desktop/noble.dion.sy/packages/noble/Account/src/Resources/js/Pages/BankTransfers/Index.tsx'
    Imported via '@/components/ui/button' from file 'C:/Users/DION-SERVER/Desktop/noble.dion.sy/packages/noble/Account/src/Resources/js/Pages/ChartOfAccounts/Create.tsx'
    Imported via '@/components/ui/button' from file 'C:/Users/DION-SERVER/Desktop/noble.dion.sy/packages/noble/Account/src/Resources/js/Pages/ChartOfAccounts/Edit.tsx'
    Imported via '@/components/ui/button' from file 'C:/Users/DION-SERVER/Desktop/noble.dion.sy/packages/noble/Account/src/Resources/js/Pages/ChartOfAccounts/Index.tsx'
    Imported via '@/components/ui/button' from file 'C:/Users/DION-SERVER/Desktop/noble.dion.sy/packages/noble/Account/src/Resources/js/Pages/ChartOfAccounts/Show.tsx'
    Imported via '@/components/ui/button' from file 'C:/Users/DION-SERVER/Desktop/noble.dion.sy/packages/noble/Account/src/Resources/js/Pages/CreditNotes/Create.tsx'
    Imported via '@/components/ui/button' from file 'C:/Users/DION-SERVER/Desktop/noble.dion.sy/packages/noble/Account/src/Resources/js/Pages/CreditNotes/Index.tsx'
    Imported via '@/components/ui/button' from file 'C:/Users/DION-SERVER/Desktop/noble.dion.sy/packages/noble/Account/src/Resources/js/Pages/CreditNotes/View.tsx'
    Imported via '@/components/ui/button' from file 'C:/Users/DION-SERVER/Desktop/noble.dion.sy/packages/noble/Account/src/Resources/js/Pages/CustomerPayments/Create.tsx'
    Imported via '@/components/ui/button' from file 'C:/Users/DION-SERVER/Desktop/noble.dion.sy/packages/noble/Account/src/Resources/js/Pages/CustomerPayments/Index.tsx'
    Imported via '@/components/ui/button' from file 'C:/Users/DION-SERVER/Desktop/noble.dion.sy/packages/noble/Account/src/Resources/js/Pages/Customers/Create.tsx'
    Imported via '@/components/ui/button' from file 'C:/Users/DION-SERVER/Desktop/noble.dion.sy/packages/noble/Account/src/Resources/js/Pages/Customers/Edit.tsx'
    Imported via '@/components/ui/button' from file 'C:/Users/DION-SERVER/Desktop/noble.dion.sy/packages/noble/Account/src/Resources/js/Pages/Customers/Index.tsx'
    Imported via '@/components/ui/button' from file 'C:/Users/DION-SERVER/Desktop/noble.dion.sy/packages/noble/Account/src/Resources/js/Pages/DebitNotes/Create.tsx'
    Imported via '@/components/ui/button' from file 'C:/Users/DION-SERVER/Desktop/noble.dion.sy/packages/noble/Account/src/Resources/js/Pages/DebitNotes/Index.tsx'
    Imported via '@/components/ui/button' from file 'C:/Users/DION-SERVER/Desktop/noble.dion.sy/packages/noble/Account/src/Resources/js/Pages/DebitNotes/View.tsx'
    Imported via '@/components/ui/button' from file 'C:/Users/DION-SERVER/Desktop/noble.dion.sy/packages/noble/Account/src/Resources/js/Pages/Expenses/Create.tsx'
    Imported via '@/components/ui/button' from file 'C:/Users/DION-SERVER/Desktop/noble.dion.sy/packages/noble/Account/src/Resources/js/Pages/Expenses/Edit.tsx'
    Imported via '@/components/ui/button' from file 'C:/Users/DION-SERVER/Desktop/noble.dion.sy/packages/noble/Account/src/Resources/js/Pages/Expenses/Index.tsx'
    Imported via '@/components/ui/button' from file 'C:/Users/DION-SERVER/Desktop/noble.dion.sy/packages/noble/Account/src/Resources/js/Pages/Reports/BillAging.tsx'
    Imported via '@/components/ui/button' from file 'C:/Users/DION-SERVER/Desktop/noble.dion.sy/packages/noble/Account/src/Resources/js/Pages/Reports/CustomerBalance.tsx'
    Imported via '@/components/ui/button' from file 'C:/Users/DION-SERVER/Desktop/noble.dion.sy/packages/noble/Account/src/Resources/js/Pages/Reports/CustomerDetail.tsx'
    Imported via '@/components/ui/button' from file 'C:/Users/DION-SERVER/Desktop/noble.dion.sy/packages/noble/Account/src/Resources/js/Pages/Reports/IncomeStatement.tsx'
    Imported via '@/components/ui/button' from file 'C:/Users/DION-SERVER/Desktop/noble.dion.sy/packages/noble/Account/src/Resources/js/Pages/Reports/InvoiceAging.tsx'
    Imported via '@/components/ui/button' from file 'C:/Users/DION-SERVER/Desktop/noble.dion.sy/packages/noble/Account/src/Resources/js/Pages/Reports/TaxSummary.tsx'
    Imported via '@/components/ui/button' from file 'C:/Users/DION-SERVER/Desktop/noble.dion.sy/packages/noble/Account/src/Resources/js/Pages/Reports/VendorBalance.tsx'
    Imported via '@/components/ui/button' from file 'C:/Users/DION-SERVER/Desktop/noble.dion.sy/packages/noble/Account/src/Resources/js/Pages/Reports/VendorDetail.tsx'
    Imported via '@/components/ui/button' from file 'C:/Users/DION-SERVER/Desktop/noble.dion.sy/packages/noble/Account/src/Resources/js/Pages/Revenues/Create.tsx'
    Imported via '@/components/ui/button' from file 'C:/Users/DION-SERVER/Desktop/noble.dion.sy/packages/noble/Account/src/Resources/js/Pages/Revenues/Edit.tsx'
    Imported via '@/components/ui/button' from file 'C:/Users/DION-SERVER/Desktop/noble.dion.sy/packages/noble/Account/src/Resources/js/Pages/Revenues/Index.tsx'
    Imported via '@/components/ui/button' from file 'C:/Users/DION-SERVER/Desktop/noble.dion.sy/packages/noble/Account/src/Resources/js/Pages/SystemSetup/SystemSetupSidebar.tsx'
    Imported via '@/components/ui/button' from file 'C:/Users/DION-SERVER/Desktop/noble.dion.sy/packages/noble/Account/src/Resources/js/Pages/SystemSetup/AccountTypes/Create.tsx'
    Imported via '@/components/ui/button' from file 'C:/Users/DION-SERVER/Desktop/noble.dion.sy/packages/noble/Account/src/Resources/js/Pages/SystemSetup/AccountTypes/Edit.tsx'
    Imported via '@/components/ui/button' from file 'C:/Users/DION-SERVER/Desktop/noble.dion.sy/packages/noble/Account/src/Resources/js/Pages/SystemSetup/AccountTypes/Index.tsx'
    Imported via '@/components/ui/button' from file 'C:/Users/DION-SERVER/Desktop/noble.dion.sy/packages/noble/Account/src/Resources/js/Pages/SystemSetup/ExpenseCategories/Create.tsx'
    Imported via '@/components/ui/button' from file 'C:/Users/DION-SERVER/Desktop/noble.dion.sy/packages/noble/Account/src/Resources/js/Pages/SystemSetup/ExpenseCategories/Edit.tsx'
    Imported via '@/components/ui/button' from file 'C:/Users/DION-SERVER/Desktop/noble.dion.sy/packages/noble/Account/src/Resources/js/Pages/SystemSetup/ExpenseCategories/Index.tsx'
    Imported via '@/components/ui/button' from file 'C:/Users/DION-SERVER/Desktop/noble.dion.sy/packages/noble/Account/src/Resources/js/Pages/SystemSetup/RevenueCategories/Create.tsx'
    Imported via '@/components/ui/button' from file 'C:/Users/DION-SERVER/Desktop/noble.dion.sy/packages/noble/Account/src/Resources/js/Pages/SystemSetup/RevenueCategories/Edit.tsx'
    Imported via '@/components/ui/button' from file 'C:/Users/DION-SERVER/Desktop/noble.dion.sy/packages/noble/Account/src/Resources/js/Pages/SystemSetup/RevenueCategories/Index.tsx'
    Imported via '@/components/ui/button' from file 'C:/Users/DION-SERVER/Desktop/noble.dion.sy/packages/noble/Account/src/Resources/js/Pages/VendorPayments/Create.tsx'
    Imported via '@/components/ui/button' from file 'C:/Users/DION-SERVER/Desktop/noble.dion.sy/packages/noble/Account/src/Resources/js/Pages/VendorPayments/Index.tsx'
    Imported via '@/components/ui/button' from file 'C:/Users/DION-SERVER/Desktop/noble.dion.sy/packages/noble/Account/src/Resources/js/Pages/Vendors/Create.tsx'
    Imported via '@/components/ui/button' from file 'C:/Users/DION-SERVER/Desktop/noble.dion.sy/packages/noble/Account/src/Resources/js/Pages/Vendors/Edit.tsx'
    Imported via '@/components/ui/button' from file 'C:/Users/DION-SERVER/Desktop/noble.dion.sy/packages/noble/Account/src/Resources/js/Pages/Vendors/Index.tsx'
    Imported via '@/components/ui/button' from file 'C:/Users/DION-SERVER/Desktop/noble.dion.sy/packages/noble/BudgetPlanner/src/Resources/js/Pages/BudgetAllocations/Create.tsx'
    Imported via '@/components/ui/button' from file 'C:/Users/DION-SERVER/Desktop/noble.dion.sy/packages/noble/BudgetPlanner/src/Resources/js/Pages/BudgetAllocations/Edit.tsx'
    Imported via '@/components/ui/button' from file 'C:/Users/DION-SERVER/Desktop/noble.dion.sy/packages/noble/BudgetPlanner/src/Resources/js/Pages/BudgetAllocations/Index.tsx'
    Imported via '@/components/ui/button' from file 'C:/Users/DION-SERVER/Desktop/noble.dion.sy/packages/noble/BudgetPlanner/src/Resources/js/Pages/BudgetMonitorings/Index.tsx'
    Imported via '@/components/ui/button' from file 'C:/Users/DION-SERVER/Desktop/noble.dion.sy/packages/noble/BudgetPlanner/src/Resources/js/Pages/BudgetPeriods/Create.tsx'
    Imported via '@/components/ui/button' from file 'C:/Users/DION-SERVER/Desktop/noble.dion.sy/packages/noble/BudgetPlanner/src/Resources/js/Pages/BudgetPeriods/Edit.tsx'
    Imported via '@/components/ui/button' from file 'C:/Users/DION-SERVER/Desktop/noble.dion.sy/packages/noble/BudgetPlanner/src/Resources/js/Pages/BudgetPeriods/Index.tsx'
    Imported via '@/components/ui/button' from file 'C:/Users/DION-SERVER/Desktop/noble.dion.sy/packages/noble/BudgetPlanner/src/Resources/js/Pages/Budgets/Create.tsx'
    Imported via '@/components/ui/button' from file 'C:/Users/DION-SERVER/Desktop/noble.dion.sy/packages/noble/BudgetPlanner/src/Resources/js/Pages/Budgets/Edit.tsx'
    Imported via '@/components/ui/button' from file 'C:/Users/DION-SERVER/Desktop/noble.dion.sy/packages/noble/BudgetPlanner/src/Resources/js/Pages/Budgets/Index.tsx'
    Imported via '@/components/ui/button' from file 'C:/Users/DION-SERVER/Desktop/noble.dion.sy/packages/noble/Calendar/src/Resources/js/settings/components/google-calendar-settings.tsx'
    Imported via '@/components/ui/button' from file 'C:/Users/DION-SERVER/Desktop/noble.dion.sy/packages/noble/Contract/src/Resources/js/Pages/ContractTypes/Create.tsx'
    Imported via '@/components/ui/button' from file 'C:/Users/DION-SERVER/Desktop/noble.dion.sy/packages/noble/Contract/src/Resources/js/Pages/ContractTypes/Edit.tsx'
    Imported via '@/components/ui/button' from file 'C:/Users/DION-SERVER/Desktop/noble.dion.sy/packages/noble/Contract/src/Resources/js/Pages/ContractTypes/Index.tsx'
    Imported via '@/components/ui/button' from file 'C:/Users/DION-SERVER/Desktop/noble.dion.sy/packages/noble/Contract/src/Resources/js/Pages/Contracts/Create.tsx'
    Imported via '@/components/ui/button' from file 'C:/Users/DION-SERVER/Desktop/noble.dion.sy/packages/noble/Contract/src/Resources/js/Pages/Contracts/Duplicate.tsx'
    Imported via '@/components/ui/button' from file 'C:/Users/DION-SERVER/Desktop/noble.dion.sy/packages/noble/Contract/src/Resources/js/Pages/Contracts/Edit.tsx'
    Imported via '@/components/ui/button' from file 'C:/Users/DION-SERVER/Desktop/noble.dion.sy/packages/noble/Contract/src/Resources/js/Pages/Contracts/Index.tsx'
    Imported via '@/components/ui/button' from file 'C:/Users/DION-SERVER/Desktop/noble.dion.sy/packages/noble/Contract/src/Resources/js/Pages/Contracts/components/DuplicateButton.tsx'
    Imported via '@/components/ui/button' from file 'C:/Users/DION-SERVER/Desktop/noble.dion.sy/packages/noble/Contract/src/Resources/js/Pages/Contracts/Preview.tsx'
    Imported via '@/components/ui/button' from file 'C:/Users/DION-SERVER/Desktop/noble.dion.sy/packages/noble/Contract/src/Resources/js/Pages/Contracts/Show.tsx'
    Imported via '@/components/ui/button' from file 'C:/Users/DION-SERVER/Desktop/noble.dion.sy/packages/noble/Contract/src/Resources/js/Pages/Contracts/components/AttachmentsTab.tsx'
    Imported via '@/components/ui/button' from file 'C:/Users/DION-SERVER/Desktop/noble.dion.sy/packages/noble/Contract/src/Resources/js/Pages/Contracts/components/CommentsTab.tsx'
    Imported via '@/components/ui/button' from file 'C:/Users/DION-SERVER/Desktop/noble.dion.sy/packages/noble/Contract/src/Resources/js/Pages/Contracts/components/NotesTab.tsx'
    Imported via '@/components/ui/button' from file 'C:/Users/DION-SERVER/Desktop/noble.dion.sy/packages/noble/Contract/src/Resources/js/Pages/Contracts/components/RenewalsTab.tsx'
    Imported via '@/components/ui/button' from file 'C:/Users/DION-SERVER/Desktop/noble.dion.sy/packages/noble/Contract/src/Resources/js/Pages/Contracts/components/SignatureModal.tsx'
    Imported via '@/components/ui/button' from file 'C:/Users/DION-SERVER/Desktop/noble.dion.sy/packages/noble/Contract/src/Resources/js/Pages/Contracts/components/ContractPDFExport.tsx'
    Imported via '@/components/ui/button' from file 'C:/Users/DION-SERVER/Desktop/noble.dion.sy/packages/noble/Contract/src/Resources/js/settings/components/contract-settings.tsx'
    Imported via '@/components/ui/button' from file 'C:/Users/DION-SERVER/Desktop/noble.dion.sy/packages/noble/DoubleEntry/src/Resources/js/Pages/BalanceSheets/Compare.tsx'
    Imported via '@/components/ui/button' from file 'C:/Users/DION-SERVER/Desktop/noble.dion.sy/packages/noble/DoubleEntry/src/Resources/js/Pages/BalanceSheets/Comparison.tsx'
    Imported via '@/components/ui/button' from file 'C:/Users/DION-SERVER/Desktop/noble.dion.sy/packages/noble/DoubleEntry/src/Resources/js/Pages/BalanceSheets/Comparisons.tsx'
    Imported via '@/components/ui/button' from file 'C:/Users/DION-SERVER/Desktop/noble.dion.sy/packages/noble/DoubleEntry/src/Resources/js/Pages/BalanceSheets/Generate.tsx'
    Imported via '@/components/ui/button' from file 'C:/Users/DION-SERVER/Desktop/noble.dion.sy/packages/noble/DoubleEntry/src/Resources/js/Pages/BalanceSheets/Index.tsx'
    Imported via '@/components/ui/button' from file 'C:/Users/DION-SERVER/Desktop/noble.dion.sy/packages/noble/DoubleEntry/src/Resources/js/Pages/BalanceSheets/YearEndClose.tsx'
    Imported via '@/components/ui/button' from file 'C:/Users/DION-SERVER/Desktop/noble.dion.sy/packages/noble/DoubleEntry/src/Resources/js/Pages/BalanceSheets/Note.tsx'
    Imported via '@/components/ui/button' from file 'C:/Users/DION-SERVER/Desktop/noble.dion.sy/packages/noble/DoubleEntry/src/Resources/js/Pages/BalanceSheets/View.tsx'
    Imported via '@/components/ui/button' from file 'C:/Users/DION-SERVER/Desktop/noble.dion.sy/packages/noble/DoubleEntry/src/Resources/js/Pages/LedgerSummary/Index.tsx'
    Imported via '@/components/ui/button' from file 'C:/Users/DION-SERVER/Desktop/noble.dion.sy/packages/noble/DoubleEntry/src/Resources/js/Pages/ProfitLoss/Index.tsx'
    Imported via '@/components/ui/button' from file 'C:/Users/DION-SERVER/Desktop/noble.dion.sy/packages/noble/DoubleEntry/src/Resources/js/Pages/Reports/AccountBalance.tsx'
    Imported via '@/components/ui/button' from file 'C:/Users/DION-SERVER/Desktop/noble.dion.sy/packages/noble/DoubleEntry/src/Resources/js/Pages/Reports/AccountStatement.tsx'
    Imported via '@/components/ui/button' from file 'C:/Users/DION-SERVER/Desktop/noble.dion.sy/packages/noble/DoubleEntry/src/Resources/js/Pages/Reports/CashFlow.tsx'
    Imported via '@/components/ui/button' from file 'C:/Users/DION-SERVER/Desktop/noble.dion.sy/packages/noble/DoubleEntry/src/Resources/js/Pages/Reports/ExpenseReport.tsx'
    Imported via '@/components/ui/button' from file 'C:/Users/DION-SERVER/Desktop/noble.dion.sy/packages/noble/DoubleEntry/src/Resources/js/Pages/Reports/GeneralLedger.tsx'
    Imported via '@/components/ui/button' from file 'C:/Users/DION-SERVER/Desktop/noble.dion.sy/packages/noble/DoubleEntry/src/Resources/js/Pages/Reports/JournalEntry.tsx'
    Imported via '@/components/ui/button' from file 'C:/Users/DION-SERVER/Desktop/noble.dion.sy/packages/noble/DoubleEntry/src/Resources/js/Pages/TrialBalance/Index.tsx'
    Imported via '@/components/ui/button' from file 'C:/Users/DION-SERVER/Desktop/noble.dion.sy/packages/noble/FormBuilder/src/Resources/js/Pages/Forms/Conversion.tsx'
    Imported via '@/components/ui/button' from file 'C:/Users/DION-SERVER/Desktop/noble.dion.sy/packages/noble/FormBuilder/src/Resources/js/components/ConversionSetup.tsx'
    Imported via '@/components/ui/button' from file 'C:/Users/DION-SERVER/Desktop/noble.dion.sy/packages/noble/FormBuilder/src/Resources/js/Pages/Forms/Create.tsx'
    Imported via '@/components/ui/button' from file 'C:/Users/DION-SERVER/Desktop/noble.dion.sy/packages/noble/FormBuilder/src/Resources/js/Pages/Forms/Edit.tsx'
    Imported via '@/components/ui/button' from file 'C:/Users/DION-SERVER/Desktop/noble.dion.sy/packages/noble/FormBuilder/src/Resources/js/Pages/Forms/Index.tsx'
    Imported via '@/components/ui/button' from file 'C:/Users/DION-SERVER/Desktop/noble.dion.sy/packages/noble/FormBuilder/src/Resources/js/Pages/Forms/Responses.tsx'
    Imported via '@/components/ui/button' from file 'C:/Users/DION-SERVER/Desktop/noble.dion.sy/packages/noble/FormBuilder/src/Resources/js/Pages/Public/Form.tsx'
    Imported via '@/components/ui/button' from file 'C:/Users/DION-SERVER/Desktop/noble.dion.sy/packages/noble/Goal/src/Resources/js/Pages/Categories/Create.tsx'
    Imported via '@/components/ui/button' from file 'C:/Users/DION-SERVER/Desktop/noble.dion.sy/packages/noble/Goal/src/Resources/js/Pages/Categories/Edit.tsx'
    Imported via '@/components/ui/button' from file 'C:/Users/DION-SERVER/Desktop/noble.dion.sy/packages/noble/Goal/src/Resources/js/Pages/Categories/Index.tsx'
    Imported via '@/components/ui/button' from file 'C:/Users/DION-SERVER/Desktop/noble.dion.sy/packages/noble/Goal/src/Resources/js/Pages/Contributions/Create.tsx'
    Imported via '@/components/ui/button' from file 'C:/Users/DION-SERVER/Desktop/noble.dion.sy/packages/noble/Goal/src/Resources/js/Pages/Contributions/Edit.tsx'
    Imported via '@/components/ui/button' from file 'C:/Users/DION-SERVER/Desktop/noble.dion.sy/packages/noble/Goal/src/Resources/js/Pages/Contributions/Index.tsx'
    Imported via '@/components/ui/button' from file 'C:/Users/DION-SERVER/Desktop/noble.dion.sy/packages/noble/Goal/src/Resources/js/Pages/Goals/Create.tsx'
    Imported via '@/components/ui/button' from file 'C:/Users/DION-SERVER/Desktop/noble.dion.sy/packages/noble/Goal/src/Resources/js/Pages/Goals/Edit.tsx'
    Imported via '@/components/ui/button' from file 'C:/Users/DION-SERVER/Desktop/noble.dion.sy/packages/noble/Goal/src/Resources/js/Pages/Goals/Index.tsx'
    Imported via '@/components/ui/button' from file 'C:/Users/DION-SERVER/Desktop/noble.dion.sy/packages/noble/Goal/src/Resources/js/Pages/Milestones/Create.tsx'
    Imported via '@/components/ui/button' from file 'C:/Users/DION-SERVER/Desktop/noble.dion.sy/packages/noble/Goal/src/Resources/js/Pages/Milestones/Edit.tsx'
    Imported via '@/components/ui/button' from file 'C:/Users/DION-SERVER/Desktop/noble.dion.sy/packages/noble/Goal/src/Resources/js/Pages/Milestones/Index.tsx'
    Imported via '@/components/ui/button' from file 'C:/Users/DION-SERVER/Desktop/noble.dion.sy/packages/noble/Goal/src/Resources/js/Pages/Tracking/Create.tsx'
    Imported via '@/components/ui/button' from file 'C:/Users/DION-SERVER/Desktop/noble.dion.sy/packages/noble/Goal/src/Resources/js/Pages/Tracking/Edit.tsx'
    Imported via '@/components/ui/button' from file 'C:/Users/DION-SERVER/Desktop/noble.dion.sy/packages/noble/Goal/src/Resources/js/Pages/Tracking/Index.tsx'
    Imported via '@/components/ui/button' from file 'C:/Users/DION-SERVER/Desktop/noble.dion.sy/packages/noble/GoogleCaptcha/src/Resources/js/settings/components/google-captcha-settings.tsx'
    Imported via '@/components/ui/button' from file 'C:/Users/DION-SERVER/Desktop/noble.dion.sy/packages/noble/Hrm/src/Resources/js/Pages/Index.tsx'
    Imported via '@/components/ui/button' from file 'C:/Users/DION-SERVER/Desktop/noble.dion.sy/packages/noble/Hrm/src/Resources/js/Pages/Acknowledgments/Create.tsx'
    Imported via '@/components/ui/button' from file 'C:/Users/DION-SERVER/Desktop/noble.dion.sy/packages/noble/Hrm/src/Resources/js/Pages/Acknowledgments/Edit.tsx'
    Imported via '@/components/ui/button' from file 'C:/Users/DION-SERVER/Desktop/noble.dion.sy/packages/noble/Hrm/src/Resources/js/Pages/Acknowledgments/Index.tsx'
    Imported via '@/components/ui/button' from file 'C:/Users/DION-SERVER/Desktop/noble.dion.sy/packages/noble/Hrm/src/Resources/js/Pages/Acknowledgments/StatusModal.tsx'
    Imported via '@/components/ui/button' from file 'C:/Users/DION-SERVER/Desktop/noble.dion.sy/packages/noble/Hrm/src/Resources/js/Pages/Announcements/Create.tsx'
    Imported via '@/components/ui/button' from file 'C:/Users/DION-SERVER/Desktop/noble.dion.sy/packages/noble/Hrm/src/Resources/js/Pages/Announcements/Edit.tsx'
    Imported via '@/components/ui/button' from file 'C:/Users/DION-SERVER/Desktop/noble.dion.sy/packages/noble/Hrm/src/Resources/js/Pages/Announcements/Index.tsx'
    Imported via '@/components/ui/button' from file 'C:/Users/DION-SERVER/Desktop/noble.dion.sy/packages/noble/Hrm/src/Resources/js/Pages/Announcements/UpdateStatus.tsx'
    Imported via '@/components/ui/button' from file 'C:/Users/DION-SERVER/Desktop/noble.dion.sy/packages/noble/Hrm/src/Resources/js/Pages/Assets/Index.tsx'
    Imported via '@/components/ui/button' from file 'C:/Users/DION-SERVER/Desktop/noble.dion.sy/packages/noble/Hrm/src/Resources/js/Pages/Attendances/Create.tsx'
    Imported via '@/components/ui/button' from file 'C:/Users/DION-SERVER/Desktop/noble.dion.sy/packages/noble/Hrm/src/Resources/js/Pages/Attendances/Edit.tsx'
    Imported via '@/components/ui/button' from file 'C:/Users/DION-SERVER/Desktop/noble.dion.sy/packages/noble/Hrm/src/Resources/js/Pages/Attendances/Index.tsx'
    Imported via '@/components/ui/button' from file 'C:/Users/DION-SERVER/Desktop/noble.dion.sy/packages/noble/Hrm/src/Resources/js/Pages/Awards/Create.tsx'
    Imported via '@/components/ui/button' from file 'C:/Users/DION-SERVER/Desktop/noble.dion.sy/packages/noble/Hrm/src/Resources/js/Pages/Awards/Edit.tsx'
    Imported via '@/components/ui/button' from file 'C:/Users/DION-SERVER/Desktop/noble.dion.sy/packages/noble/Hrm/src/Resources/js/Pages/Awards/Index.tsx'
    Imported via '@/components/ui/button' from file 'C:/Users/DION-SERVER/Desktop/noble.dion.sy/packages/noble/Hrm/src/Resources/js/Pages/Awards/StatusUpdate.tsx'
    Imported via '@/components/ui/button' from file 'C:/Users/DION-SERVER/Desktop/noble.dion.sy/packages/noble/Hrm/src/Resources/js/Pages/BiometricLogs/Index.tsx'
    Imported via '@/components/ui/button' from file 'C:/Users/DION-SERVER/Desktop/noble.dion.sy/packages/noble/Hrm/src/Resources/js/Pages/Complaints/ComplaintStatus.tsx'
    Imported via '@/components/ui/button' from file 'C:/Users/DION-SERVER/Desktop/noble.dion.sy/packages/noble/Hrm/src/Resources/js/Pages/Complaints/Create.tsx'
    Imported via '@/components/ui/button' from file 'C:/Users/DION-SERVER/Desktop/noble.dion.sy/packages/noble/Hrm/src/Resources/js/Pages/Complaints/Edit.tsx'
    Imported via '@/components/ui/button' from file 'C:/Users/DION-SERVER/Desktop/noble.dion.sy/packages/noble/Hrm/src/Resources/js/Pages/Complaints/Index.tsx'
    Imported via '@/components/ui/button' from file 'C:/Users/DION-SERVER/Desktop/noble.dion.sy/packages/noble/Hrm/src/Resources/js/Pages/Contracts/Index.tsx'
    Imported via '@/components/ui/button' from file 'C:/Users/DION-SERVER/Desktop/noble.dion.sy/packages/noble/Hrm/src/Resources/js/Pages/Dashboard/company-dashboard.tsx'
    Imported via '@/components/ui/button' from file 'C:/Users/DION-SERVER/Desktop/noble.dion.sy/packages/noble/Hrm/src/Resources/js/Pages/Dashboard/employee-dashboard.tsx'
    Imported via '@/components/ui/button' from file 'C:/Users/DION-SERVER/Desktop/noble.dion.sy/packages/noble/Hrm/src/Resources/js/Pages/EmployeeTransfers/Create.tsx'
    Imported via '@/components/ui/button' from file 'C:/Users/DION-SERVER/Desktop/noble.dion.sy/packages/noble/Hrm/src/Resources/js/Pages/EmployeeTransfers/Edit.tsx'
    Imported via '@/components/ui/button' from file 'C:/Users/DION-SERVER/Desktop/noble.dion.sy/packages/noble/Hrm/src/Resources/js/Pages/EmployeeTransfers/Index.tsx'
    Imported via '@/components/ui/button' from file 'C:/Users/DION-SERVER/Desktop/noble.dion.sy/packages/noble/Hrm/src/Resources/js/Pages/EmployeeTransfers/View.tsx'
    Imported via '@/components/ui/button' from file 'C:/Users/DION-SERVER/Desktop/noble.dion.sy/packages/noble/Hrm/src/Resources/js/Pages/EmployeeTransfers/StatusModal.tsx'
    Imported via '@/components/ui/button' from file 'C:/Users/DION-SERVER/Desktop/noble.dion.sy/packages/noble/Hrm/src/Resources/js/Pages/Employees/Create.tsx'
    Imported via '@/components/ui/button' from file 'C:/Users/DION-SERVER/Desktop/noble.dion.sy/packages/noble/Hrm/src/Resources/js/Pages/Employees/Edit.tsx'
    Imported via '@/components/ui/button' from file 'C:/Users/DION-SERVER/Desktop/noble.dion.sy/packages/noble/Hrm/src/Resources/js/Pages/Employees/Index.tsx'
    Imported via '@/components/ui/button' from file 'C:/Users/DION-SERVER/Desktop/noble.dion.sy/packages/noble/Hrm/src/Resources/js/Pages/Events/Calendar.tsx'
    Imported via '@/components/ui/button' from file 'C:/Users/DION-SERVER/Desktop/noble.dion.sy/packages/noble/Hrm/src/Resources/js/Pages/Events/Create.tsx'
    Imported via '@/components/ui/button' from file 'C:/Users/DION-SERVER/Desktop/noble.dion.sy/packages/noble/Hrm/src/Resources/js/Pages/Events/Edit.tsx'
    Imported via '@/components/ui/button' from file 'C:/Users/DION-SERVER/Desktop/noble.dion.sy/packages/noble/Hrm/src/Resources/js/Pages/Events/Index.tsx'
    Imported via '@/components/ui/button' from file 'C:/Users/DION-SERVER/Desktop/noble.dion.sy/packages/noble/Hrm/src/Resources/js/Pages/Events/StatusUpdate.tsx'
    Imported via '@/components/ui/button' from file 'C:/Users/DION-SERVER/Desktop/noble.dion.sy/packages/noble/Hrm/src/Resources/js/Pages/FinalSettlement/Index.tsx'
    Imported via '@/components/ui/button' from file 'C:/Users/DION-SERVER/Desktop/noble.dion.sy/packages/noble/Hrm/src/Resources/js/Pages/Holidays/Create.tsx'
    Imported via '@/components/ui/button' from file 'C:/Users/DION-SERVER/Desktop/noble.dion.sy/packages/noble/Hrm/src/Resources/js/Pages/Holidays/Edit.tsx'
    Imported via '@/components/ui/button' from file 'C:/Users/DION-SERVER/Desktop/noble.dion.sy/packages/noble/Hrm/src/Resources/js/Pages/Holidays/Index.tsx'
    Imported via '@/components/ui/button' from file 'C:/Users/DION-SERVER/Desktop/noble.dion.sy/packages/noble/Hrm/src/Resources/js/Pages/HrmDocuments/Action.tsx'
    Imported via '@/components/ui/button' from file 'C:/Users/DION-SERVER/Desktop/noble.dion.sy/packages/noble/Hrm/src/Resources/js/Pages/HrmDocuments/Create.tsx'
    Imported via '@/components/ui/button' from file 'C:/Users/DION-SERVER/Desktop/noble.dion.sy/packages/noble/Hrm/src/Resources/js/Pages/HrmDocuments/Edit.tsx'
    Imported via '@/components/ui/button' from file 'C:/Users/DION-SERVER/Desktop/noble.dion.sy/packages/noble/Hrm/src/Resources/js/Pages/HrmDocuments/Index.tsx'
    Imported via '@/components/ui/button' from file 'C:/Users/DION-SERVER/Desktop/noble.dion.sy/packages/noble/Hrm/src/Resources/js/Pages/LeaveApplications/Create.tsx'
    Imported via '@/components/ui/button' from file 'C:/Users/DION-SERVER/Desktop/noble.dion.sy/packages/noble/Hrm/src/Resources/js/Pages/LeaveApplications/Edit.tsx'
    Imported via '@/components/ui/button' from file 'C:/Users/DION-SERVER/Desktop/noble.dion.sy/packages/noble/Hrm/src/Resources/js/Pages/LeaveApplications/Index.tsx'
    Imported via '@/components/ui/button' from file 'C:/Users/DION-SERVER/Desktop/noble.dion.sy/packages/noble/Hrm/src/Resources/js/Pages/LeaveApplications/StatusUpdate.tsx'
    Imported via '@/components/ui/button' from file 'C:/Users/DION-SERVER/Desktop/noble.dion.sy/packages/noble/Hrm/src/Resources/js/Pages/LeaveApplications/Timeline.tsx'
    Imported via '@/components/ui/button' from file 'C:/Users/DION-SERVER/Desktop/noble.dion.sy/packages/noble/Hrm/src/Resources/js/Pages/LeaveTypes/Create.tsx'
    Imported via '@/components/ui/button' from file 'C:/Users/DION-SERVER/Desktop/noble.dion.sy/packages/noble/Hrm/src/Resources/js/Pages/LeaveTypes/Edit.tsx'
    Imported via '@/components/ui/button' from file 'C:/Users/DION-SERVER/Desktop/noble.dion.sy/packages/noble/Hrm/src/Resources/js/Pages/LeaveTypes/Index.tsx'
    Imported via '@/components/ui/button' from file 'C:/Users/DION-SERVER/Desktop/noble.dion.sy/packages/noble/Hrm/src/Resources/js/Pages/Onboarding/Index.tsx'
    Imported via '@/components/ui/button' from file 'C:/Users/DION-SERVER/Desktop/noble.dion.sy/packages/noble/Hrm/src/Resources/js/Pages/OrgChart/Index.tsx'
    Imported via '@/components/ui/button' from file 'C:/Users/DION-SERVER/Desktop/noble.dion.sy/packages/noble/Hrm/src/Resources/js/Pages/Payrolls/Create.tsx'
    Imported via '@/components/ui/button' from file 'C:/Users/DION-SERVER/Desktop/noble.dion.sy/packages/noble/Hrm/src/Resources/js/Pages/Payrolls/Edit.tsx'
    Imported via '@/components/ui/button' from file 'C:/Users/DION-SERVER/Desktop/noble.dion.sy/packages/noble/Hrm/src/Resources/js/Pages/Payrolls/Index.tsx'
    Imported via '@/components/ui/button' from file 'C:/Users/DION-SERVER/Desktop/noble.dion.sy/packages/noble/Hrm/src/Resources/js/Pages/Payrolls/Show.tsx'
    Imported via '@/components/ui/button' from file 'C:/Users/DION-SERVER/Desktop/noble.dion.sy/packages/noble/Hrm/src/Resources/js/Pages/Promotions/Create.tsx'
    Imported via '@/components/ui/button' from file 'C:/Users/DION-SERVER/Desktop/noble.dion.sy/packages/noble/Hrm/src/Resources/js/Pages/Promotions/Edit.tsx'
    Imported via '@/components/ui/button' from file 'C:/Users/DION-SERVER/Desktop/noble.dion.sy/packages/noble/Hrm/src/Resources/js/Pages/Promotions/Index.tsx'
    Imported via '@/components/ui/button' from file 'C:/Users/DION-SERVER/Desktop/noble.dion.sy/packages/noble/Hrm/src/Resources/js/Pages/Promotions/View.tsx'
    Imported via '@/components/ui/button' from file 'C:/Users/DION-SERVER/Desktop/noble.dion.sy/packages/noble/Hrm/src/Resources/js/Pages/Promotions/StatusUpdateModal.tsx'
    Imported via '@/components/ui/button' from file 'C:/Users/DION-SERVER/Desktop/noble.dion.sy/packages/noble/Hrm/src/Resources/js/Pages/Resignations/Create.tsx'
    Imported via '@/components/ui/button' from file 'C:/Users/DION-SERVER/Desktop/noble.dion.sy/packages/noble/Hrm/src/Resources/js/Pages/Resignations/Edit.tsx'
    Imported via '@/components/ui/button' from file 'C:/Users/DION-SERVER/Desktop/noble.dion.sy/packages/noble/Hrm/src/Resources/js/Pages/Resignations/Index.tsx'
    Imported via '@/components/ui/button' from file 'C:/Users/DION-SERVER/Desktop/noble.dion.sy/packages/noble/Hrm/src/Resources/js/Pages/Resignations/StatusUpdate.tsx'
    Imported via '@/components/ui/button' from file 'C:/Users/DION-SERVER/Desktop/noble.dion.sy/packages/noble/Hrm/src/Resources/js/Pages/Resignations/View.tsx'
    Imported via '@/components/ui/button' from file 'C:/Users/DION-SERVER/Desktop/noble.dion.sy/packages/noble/Hrm/src/Resources/js/Pages/Resignations/ResignationStatusModal.tsx'
    Imported via '@/components/ui/button' from file 'C:/Users/DION-SERVER/Desktop/noble.dion.sy/packages/noble/Hrm/src/Resources/js/Pages/SetSalary/Index.tsx'
    Imported via '@/components/ui/button' from file 'C:/Users/DION-SERVER/Desktop/noble.dion.sy/packages/noble/Hrm/src/Resources/js/Pages/SetSalary/Show.tsx'
    Imported via '@/components/ui/button' from file 'C:/Users/DION-SERVER/Desktop/noble.dion.sy/packages/noble/Hrm/src/Resources/js/Pages/SetSalary/Allowances/Create.tsx'
    Imported via '@/components/ui/button' from file 'C:/Users/DION-SERVER/Desktop/noble.dion.sy/packages/noble/Hrm/src/Resources/js/Pages/SetSalary/Allowances/Edit.tsx'
    Imported via '@/components/ui/button' from file 'C:/Users/DION-SERVER/Desktop/noble.dion.sy/packages/noble/Hrm/src/Resources/js/Pages/SetSalary/Deductions/Create.tsx'
    Imported via '@/components/ui/button' from file 'C:/Users/DION-SERVER/Desktop/noble.dion.sy/packages/noble/Hrm/src/Resources/js/Pages/SetSalary/Deductions/Edit.tsx'
    Imported via '@/components/ui/button' from file 'C:/Users/DION-SERVER/Desktop/noble.dion.sy/packages/noble/Hrm/src/Resources/js/Pages/SetSalary/Loans/Create.tsx'
    Imported via '@/components/ui/button' from file 'C:/Users/DION-SERVER/Desktop/noble.dion.sy/packages/noble/Hrm/src/Resources/js/Pages/SetSalary/Loans/Edit.tsx'
    Imported via '@/components/ui/button' from file 'C:/Users/DION-SERVER/Desktop/noble.dion.sy/packages/noble/Hrm/src/Resources/js/Pages/SetSalary/Loans/StatusUpdate.tsx'
    Imported via '@/components/ui/button' from file 'C:/Users/DION-SERVER/Desktop/noble.dion.sy/packages/noble/Hrm/src/Resources/js/Pages/SetSalary/Overtimes/Create.tsx'
    Imported via '@/components/ui/button' from file 'C:/Users/DION-SERVER/Desktop/noble.dion.sy/packages/noble/Hrm/src/Resources/js/Pages/SetSalary/Overtimes/Edit.tsx'
    Imported via '@/components/ui/button' from file 'C:/Users/DION-SERVER/Desktop/noble.dion.sy/packages/noble/Hrm/src/Resources/js/Pages/Shifts/Create.tsx'
    Imported via '@/components/ui/button' from file 'C:/Users/DION-SERVER/Desktop/noble.dion.sy/packages/noble/Hrm/src/Resources/js/Pages/Shifts/Edit.tsx'
    Imported via '@/components/ui/button' from file 'C:/Users/DION-SERVER/Desktop/noble.dion.sy/packages/noble/Hrm/src/Resources/js/Pages/Shifts/Index.tsx'
    Imported via '@/components/ui/button' from file 'C:/Users/DION-SERVER/Desktop/noble.dion.sy/packages/noble/Hrm/src/Resources/js/Pages/Shifts/Scheduler.tsx'
    Imported via '@/components/ui/button' from file 'C:/Users/DION-SERVER/Desktop/noble.dion.sy/packages/noble/Hrm/src/Resources/js/Pages/SystemSetup/SystemSetupSidebar.tsx'
    Imported via '@/components/ui/button' from file 'C:/Users/DION-SERVER/Desktop/noble.dion.sy/packages/noble/Hrm/src/Resources/js/Pages/SystemSetup/AllowanceTypes/Create.tsx'
    Imported via '@/components/ui/button' from file 'C:/Users/DION-SERVER/Desktop/noble.dion.sy/packages/noble/Hrm/src/Resources/js/Pages/SystemSetup/AllowanceTypes/Edit.tsx'
    Imported via '@/components/ui/button' from file 'C:/Users/DION-SERVER/Desktop/noble.dion.sy/packages/noble/Hrm/src/Resources/js/Pages/SystemSetup/AllowanceTypes/Index.tsx'
    Imported via '@/components/ui/button' from file 'C:/Users/DION-SERVER/Desktop/noble.dion.sy/packages/noble/Hrm/src/Resources/js/Pages/SystemSetup/AnnouncementCategories/Create.tsx'
    Imported via '@/components/ui/button' from file 'C:/Users/DION-SERVER/Desktop/noble.dion.sy/packages/noble/Hrm/src/Resources/js/Pages/SystemSetup/AnnouncementCategories/Edit.tsx'
    Imported via '@/components/ui/button' from file 'C:/Users/DION-SERVER/Desktop/noble.dion.sy/packages/noble/Hrm/src/Resources/js/Pages/SystemSetup/AnnouncementCategories/Index.tsx'
    Imported via '@/components/ui/button' from file 'C:/Users/DION-SERVER/Desktop/noble.dion.sy/packages/noble/Hrm/src/Resources/js/Pages/SystemSetup/AwardTypes/Create.tsx'
    Imported via '@/components/ui/button' from file 'C:/Users/DION-SERVER/Desktop/noble.dion.sy/packages/noble/Hrm/src/Resources/js/Pages/SystemSetup/AwardTypes/Edit.tsx'
    Imported via '@/components/ui/button' from file 'C:/Users/DION-SERVER/Desktop/noble.dion.sy/packages/noble/Hrm/src/Resources/js/Pages/SystemSetup/AwardTypes/Index.tsx'
    Imported via '@/components/ui/button' from file 'C:/Users/DION-SERVER/Desktop/noble.dion.sy/packages/noble/Hrm/src/Resources/js/Pages/SystemSetup/Branches/Create.tsx'
    Imported via '@/components/ui/button' from file 'C:/Users/DION-SERVER/Desktop/noble.dion.sy/packages/noble/Hrm/src/Resources/js/Pages/SystemSetup/Branches/Edit.tsx'
    Imported via '@/components/ui/button' from file 'C:/Users/DION-SERVER/Desktop/noble.dion.sy/packages/noble/Hrm/src/Resources/js/Pages/SystemSetup/Branches/Index.tsx'
    Imported via '@/components/ui/button' from file 'C:/Users/DION-SERVER/Desktop/noble.dion.sy/packages/noble/Hrm/src/Resources/js/Pages/SystemSetup/ComplaintTypes/Create.tsx'
    Imported via '@/components/ui/button' from file 'C:/Users/DION-SERVER/Desktop/noble.dion.sy/packages/noble/Hrm/src/Resources/js/Pages/SystemSetup/ComplaintTypes/Edit.tsx'
    Imported via '@/components/ui/button' from file 'C:/Users/DION-SERVER/Desktop/noble.dion.sy/packages/noble/Hrm/src/Resources/js/Pages/SystemSetup/ComplaintTypes/Index.tsx'
    Imported via '@/components/ui/button' from file 'C:/Users/DION-SERVER/Desktop/noble.dion.sy/packages/noble/Hrm/src/Resources/js/Pages/SystemSetup/DeductionTypes/Create.tsx'
    Imported via '@/components/ui/button' from file 'C:/Users/DION-SERVER/Desktop/noble.dion.sy/packages/noble/Hrm/src/Resources/js/Pages/SystemSetup/DeductionTypes/Edit.tsx'
    Imported via '@/components/ui/button' from file 'C:/Users/DION-SERVER/Desktop/noble.dion.sy/packages/noble/Hrm/src/Resources/js/Pages/SystemSetup/DeductionTypes/Index.tsx'
    Imported via '@/components/ui/button' from file 'C:/Users/DION-SERVER/Desktop/noble.dion.sy/packages/noble/Hrm/src/Resources/js/Pages/SystemSetup/Departments/Create.tsx'
    Imported via '@/components/ui/button' from file 'C:/Users/DION-SERVER/Desktop/noble.dion.sy/packages/noble/Hrm/src/Resources/js/Pages/SystemSetup/Departments/Edit.tsx'
    Imported via '@/components/ui/button' from file 'C:/Users/DION-SERVER/Desktop/noble.dion.sy/packages/noble/Hrm/src/Resources/js/Pages/SystemSetup/Departments/Index.tsx'
    Imported via '@/components/ui/button' from file 'C:/Users/DION-SERVER/Desktop/noble.dion.sy/packages/noble/Hrm/src/Resources/js/Pages/SystemSetup/Designations/Create.tsx'
    Imported via '@/components/ui/button' from file 'C:/Users/DION-SERVER/Desktop/noble.dion.sy/packages/noble/Hrm/src/Resources/js/Pages/SystemSetup/Designations/Edit.tsx'
    Imported via '@/components/ui/button' from file 'C:/Users/DION-SERVER/Desktop/noble.dion.sy/packages/noble/Hrm/src/Resources/js/Pages/SystemSetup/Designations/Index.tsx'
    Imported via '@/components/ui/button' from file 'C:/Users/DION-SERVER/Desktop/noble.dion.sy/packages/noble/Hrm/src/Resources/js/Pages/SystemSetup/DocumentCategories/Create.tsx'
    Imported via '@/components/ui/button' from file 'C:/Users/DION-SERVER/Desktop/noble.dion.sy/packages/noble/Hrm/src/Resources/js/Pages/SystemSetup/DocumentCategories/Edit.tsx'
    Imported via '@/components/ui/button' from file 'C:/Users/DION-SERVER/Desktop/noble.dion.sy/packages/noble/Hrm/src/Resources/js/Pages/SystemSetup/DocumentCategories/Index.tsx'
    Imported via '@/components/ui/button' from file 'C:/Users/DION-SERVER/Desktop/noble.dion.sy/packages/noble/Hrm/src/Resources/js/Pages/SystemSetup/EmployeeDocumentTypes/Create.tsx'
    Imported via '@/components/ui/button' from file 'C:/Users/DION-SERVER/Desktop/noble.dion.sy/packages/noble/Hrm/src/Resources/js/Pages/SystemSetup/EmployeeDocumentTypes/Edit.tsx'
    Imported via '@/components/ui/button' from file 'C:/Users/DION-SERVER/Desktop/noble.dion.sy/packages/noble/Hrm/src/Resources/js/Pages/SystemSetup/EmployeeDocumentTypes/Index.tsx'
    Imported via '@/components/ui/button' from file 'C:/Users/DION-SERVER/Desktop/noble.dion.sy/packages/noble/Hrm/src/Resources/js/Pages/SystemSetup/EventTypes/Create.tsx'
    Imported via '@/components/ui/button' from file 'C:/Users/DION-SERVER/Desktop/noble.dion.sy/packages/noble/Hrm/src/Resources/js/Pages/SystemSetup/EventTypes/Edit.tsx'
    Imported via '@/components/ui/button' from file 'C:/Users/DION-SERVER/Desktop/noble.dion.sy/packages/noble/Hrm/src/Resources/js/Pages/SystemSetup/EventTypes/Index.tsx'
    Imported via '@/components/ui/button' from file 'C:/Users/DION-SERVER/Desktop/noble.dion.sy/packages/noble/Hrm/src/Resources/js/Pages/SystemSetup/HolidayTypes/Create.tsx'
    Imported via '@/components/ui/button' from file 'C:/Users/DION-SERVER/Desktop/noble.dion.sy/packages/noble/Hrm/src/Resources/js/Pages/SystemSetup/HolidayTypes/Edit.tsx'
    Imported via '@/components/ui/button' from file 'C:/Users/DION-SERVER/Desktop/noble.dion.sy/packages/noble/Hrm/src/Resources/js/Pages/SystemSetup/HolidayTypes/Index.tsx'
    Imported via '@/components/ui/button' from file 'C:/Users/DION-SERVER/Desktop/noble.dion.sy/packages/noble/Hrm/src/Resources/js/Pages/SystemSetup/IpRestricts/Create.tsx'
    Imported via '@/components/ui/button' from file 'C:/Users/DION-SERVER/Desktop/noble.dion.sy/packages/noble/Hrm/src/Resources/js/Pages/SystemSetup/IpRestricts/Edit.tsx'
    Imported via '@/components/ui/button' from file 'C:/Users/DION-SERVER/Desktop/noble.dion.sy/packages/noble/Hrm/src/Resources/js/Pages/SystemSetup/IpRestricts/Index.tsx'
    Imported via '@/components/ui/button' from file 'C:/Users/DION-SERVER/Desktop/noble.dion.sy/packages/noble/Hrm/src/Resources/js/Pages/SystemSetup/LoanTypes/Create.tsx'
    Imported via '@/components/ui/button' from file 'C:/Users/DION-SERVER/Desktop/noble.dion.sy/packages/noble/Hrm/src/Resources/js/Pages/SystemSetup/LoanTypes/Edit.tsx'
    Imported via '@/components/ui/button' from file 'C:/Users/DION-SERVER/Desktop/noble.dion.sy/packages/noble/Hrm/src/Resources/js/Pages/SystemSetup/LoanTypes/Index.tsx'
    Imported via '@/components/ui/button' from file 'C:/Users/DION-SERVER/Desktop/noble.dion.sy/packages/noble/Hrm/src/Resources/js/Pages/SystemSetup/TerminationTypes/Create.tsx'
    Imported via '@/components/ui/button' from file 'C:/Users/DION-SERVER/Desktop/noble.dion.sy/packages/noble/Hrm/src/Resources/js/Pages/SystemSetup/TerminationTypes/Edit.tsx'
    Imported via '@/components/ui/button' from file 'C:/Users/DION-SERVER/Desktop/noble.dion.sy/packages/noble/Hrm/src/Resources/js/Pages/SystemSetup/TerminationTypes/Index.tsx'
    Imported via '@/components/ui/button' from file 'C:/Users/DION-SERVER/Desktop/noble.dion.sy/packages/noble/Hrm/src/Resources/js/Pages/SystemSetup/ViolationTypes/Index.tsx'
    Imported via '@/components/ui/button' from file 'C:/Users/DION-SERVER/Desktop/noble.dion.sy/packages/noble/Hrm/src/Resources/js/Pages/SystemSetup/WarningTypes/Create.tsx'
    Imported via '@/components/ui/button' from file 'C:/Users/DION-SERVER/Desktop/noble.dion.sy/packages/noble/Hrm/src/Resources/js/Pages/SystemSetup/WarningTypes/Edit.tsx'
    Imported via '@/components/ui/button' from file 'C:/Users/DION-SERVER/Desktop/noble.dion.sy/packages/noble/Hrm/src/Resources/js/Pages/SystemSetup/WarningTypes/Index.tsx'
    Imported via '@/components/ui/button' from file 'C:/Users/DION-SERVER/Desktop/noble.dion.sy/packages/noble/Hrm/src/Resources/js/Pages/SystemSetup/WorkingDays/Index.tsx'
    Imported via '@/components/ui/button' from file 'C:/Users/DION-SERVER/Desktop/noble.dion.sy/packages/noble/Hrm/src/Resources/js/Pages/Terminations/Create.tsx'
    Imported via '@/components/ui/button' from file 'C:/Users/DION-SERVER/Desktop/noble.dion.sy/packages/noble/Hrm/src/Resources/js/Pages/Terminations/Edit.tsx'
    Imported via '@/components/ui/button' from file 'C:/Users/DION-SERVER/Desktop/noble.dion.sy/packages/noble/Hrm/src/Resources/js/Pages/Terminations/Index.tsx'
    Imported via '@/components/ui/button' from file 'C:/Users/DION-SERVER/Desktop/noble.dion.sy/packages/noble/Hrm/src/Resources/js/Pages/Terminations/TerminationStatusModal.tsx'
    Imported via '@/components/ui/button' from file 'C:/Users/DION-SERVER/Desktop/noble.dion.sy/packages/noble/Hrm/src/Resources/js/Pages/Terminations/View.tsx'
    Imported via '@/components/ui/button' from file 'C:/Users/DION-SERVER/Desktop/noble.dion.sy/packages/noble/Hrm/src/Resources/js/Pages/VacationSettlement/Index.tsx'
    Imported via '@/components/ui/button' from file 'C:/Users/DION-SERVER/Desktop/noble.dion.sy/packages/noble/Hrm/src/Resources/js/Pages/Violations/Index.tsx'
    Imported via '@/components/ui/button' from file 'C:/Users/DION-SERVER/Desktop/noble.dion.sy/packages/noble/Hrm/src/Resources/js/Pages/Warnings/Create.tsx'
    Imported via '@/components/ui/button' from file 'C:/Users/DION-SERVER/Desktop/noble.dion.sy/packages/noble/Hrm/src/Resources/js/Pages/Warnings/Edit.tsx'
    Imported via '@/components/ui/button' from file 'C:/Users/DION-SERVER/Desktop/noble.dion.sy/packages/noble/Hrm/src/Resources/js/Pages/Warnings/Index.tsx'
    Imported via '@/components/ui/button' from file 'C:/Users/DION-SERVER/Desktop/noble.dion.sy/packages/noble/Hrm/src/Resources/js/Pages/Warnings/Response.tsx'
    Imported via '@/components/ui/button' from file 'C:/Users/DION-SERVER/Desktop/noble.dion.sy/packages/noble/LandingPage/src/Resources/js/Pages/components/AddonCard.tsx'
    Imported via '@/components/ui/button' from file 'C:/Users/DION-SERVER/Desktop/noble.dion.sy/packages/noble/LandingPage/src/Resources/js/Pages/Settings.tsx'
    Imported via '@/components/ui/button' from file 'C:/Users/DION-SERVER/Desktop/noble.dion.sy/packages/noble/LandingPage/src/Resources/js/Pages/components/settings/CTA.tsx'
    Imported via '@/components/ui/button' from file 'C:/Users/DION-SERVER/Desktop/noble.dion.sy/packages/noble/LandingPage/src/Resources/js/Pages/components/settings/Footer.tsx'
    Imported via '@/components/ui/button' from file 'C:/Users/DION-SERVER/Desktop/noble.dion.sy/packages/noble/LandingPage/src/Resources/js/Pages/CustomPages/Create.tsx'
    Imported via '@/components/ui/button' from file 'C:/Users/DION-SERVER/Desktop/noble.dion.sy/packages/noble/LandingPage/src/Resources/js/Pages/CustomPages/Edit.tsx'
    Imported via '@/components/ui/button' from file 'C:/Users/DION-SERVER/Desktop/noble.dion.sy/packages/noble/LandingPage/src/Resources/js/Pages/CustomPages/Index.tsx'
    Imported via '@/components/ui/button' from file 'C:/Users/DION-SERVER/Desktop/noble.dion.sy/packages/noble/LandingPage/src/Resources/js/Pages/NewsletterSubscribers/Index.tsx'
    Imported via '@/components/ui/button' from file 'C:/Users/DION-SERVER/Desktop/noble.dion.sy/packages/noble/LandingPage/src/Resources/js/Pages/marketplace/Settings.tsx'
    Imported via '@/components/ui/button' from file 'C:/Users/DION-SERVER/Desktop/noble.dion.sy/packages/noble/Lead/src/Resources/js/Pages/Dashboard/CompanyDashboard.tsx'
    Imported via '@/components/ui/button' from file 'C:/Users/DION-SERVER/Desktop/noble.dion.sy/packages/noble/Lead/src/Resources/js/Pages/Deals/Create.tsx'
    Imported via '@/components/ui/button' from file 'C:/Users/DION-SERVER/Desktop/noble.dion.sy/packages/noble/Lead/src/Resources/js/Pages/Deals/Edit.tsx'
    Imported via '@/components/ui/button' from file 'C:/Users/DION-SERVER/Desktop/noble.dion.sy/packages/noble/Lead/src/Resources/js/Pages/Deals/Index.tsx'
    Imported via '@/components/ui/button' from file 'C:/Users/DION-SERVER/Desktop/noble.dion.sy/packages/noble/Lead/src/Resources/js/Pages/Deals/View.tsx'
    Imported via '@/components/ui/button' from file 'C:/Users/DION-SERVER/Desktop/noble.dion.sy/packages/noble/Lead/src/Resources/js/Pages/Deals/LabelView.tsx'
    Imported via '@/components/ui/button' from file 'C:/Users/DION-SERVER/Desktop/noble.dion.sy/packages/noble/Lead/src/Resources/js/Pages/Deals/Show.tsx'
    Imported via '@/components/ui/button' from file 'C:/Users/DION-SERVER/Desktop/noble.dion.sy/packages/noble/Lead/src/Resources/js/Pages/Deals/Show/DealShowSidebar.tsx'
    Imported via '@/components/ui/button' from file 'C:/Users/DION-SERVER/Desktop/noble.dion.sy/packages/noble/Lead/src/Resources/js/Pages/Deals/Show/General.tsx'
    Imported via '@/components/ui/button' from file 'C:/Users/DION-SERVER/Desktop/noble.dion.sy/packages/noble/Lead/src/Resources/js/Pages/Deals/Show/Tasks.tsx'
    Imported via '@/components/ui/button' from file 'C:/Users/DION-SERVER/Desktop/noble.dion.sy/packages/noble/Lead/src/Resources/js/Pages/Deals/Show/Users.tsx'
    Imported via '@/components/ui/button' from file 'C:/Users/DION-SERVER/Desktop/noble.dion.sy/packages/noble/Lead/src/Resources/js/Pages/Deals/Show/Products.tsx'
    Imported via '@/components/ui/button' from file 'C:/Users/DION-SERVER/Desktop/noble.dion.sy/packages/noble/Lead/src/Resources/js/Pages/Deals/Show/Sources.tsx'
    Imported via '@/components/ui/button' from file 'C:/Users/DION-SERVER/Desktop/noble.dion.sy/packages/noble/Lead/src/Resources/js/Pages/Deals/Show/Files.tsx'
    Imported via '@/components/ui/button' from file 'C:/Users/DION-SERVER/Desktop/noble.dion.sy/packages/noble/Lead/src/Resources/js/Pages/Deals/Show/Calls.tsx'
    Imported via '@/components/ui/button' from file 'C:/Users/DION-SERVER/Desktop/noble.dion.sy/packages/noble/Lead/src/Resources/js/Pages/Deals/Show/Clients.tsx'
    Imported via '@/components/ui/button' from file 'C:/Users/DION-SERVER/Desktop/noble.dion.sy/packages/noble/Lead/src/Resources/js/Pages/Deals/Show/Discussions.tsx'
    Imported via '@/components/ui/button' from file 'C:/Users/DION-SERVER/Desktop/noble.dion.sy/packages/noble/Lead/src/Resources/js/Pages/Deals/Show/Emails.tsx'
    Imported via '@/components/ui/button' from file 'C:/Users/DION-SERVER/Desktop/noble.dion.sy/packages/noble/Lead/src/Resources/js/Pages/Leads/Create.tsx'
    Imported via '@/components/ui/button' from file 'C:/Users/DION-SERVER/Desktop/noble.dion.sy/packages/noble/Lead/src/Resources/js/Pages/Leads/Edit.tsx'
    Imported via '@/components/ui/button' from file 'C:/Users/DION-SERVER/Desktop/noble.dion.sy/packages/noble/Lead/src/Resources/js/Pages/Leads/Index.tsx'
    Imported via '@/components/ui/button' from file 'C:/Users/DION-SERVER/Desktop/noble.dion.sy/packages/noble/Lead/src/Resources/js/Pages/Leads/LabelView.tsx'
    Imported via '@/components/ui/button' from file 'C:/Users/DION-SERVER/Desktop/noble.dion.sy/packages/noble/Lead/src/Resources/js/Pages/Leads/Show/Index.tsx'
    Imported via '@/components/ui/button' from file 'C:/Users/DION-SERVER/Desktop/noble.dion.sy/packages/noble/Lead/src/Resources/js/Pages/Leads/Show/LeadSidebar.tsx'
    Imported via '@/components/ui/button' from file 'C:/Users/DION-SERVER/Desktop/noble.dion.sy/packages/noble/Lead/src/Resources/js/Pages/Leads/Show/General.tsx'
    Imported via '@/components/ui/button' from file 'C:/Users/DION-SERVER/Desktop/noble.dion.sy/packages/noble/Lead/src/Resources/js/Pages/Leads/Show/Tasks.tsx'
    Imported via '@/components/ui/button' from file 'C:/Users/DION-SERVER/Desktop/noble.dion.sy/packages/noble/Lead/src/Resources/js/Pages/Leads/Show/Users.tsx'
    Imported via '@/components/ui/button' from file 'C:/Users/DION-SERVER/Desktop/noble.dion.sy/packages/noble/Lead/src/Resources/js/Pages/Leads/Show/Products.tsx'
    Imported via '@/components/ui/button' from file 'C:/Users/DION-SERVER/Desktop/noble.dion.sy/packages/noble/Lead/src/Resources/js/Pages/Leads/Show/Sources.tsx'
    Imported via '@/components/ui/button' from file 'C:/Users/DION-SERVER/Desktop/noble.dion.sy/packages/noble/Lead/src/Resources/js/Pages/Leads/Show/Calls.tsx'
    Imported via '@/components/ui/button' from file 'C:/Users/DION-SERVER/Desktop/noble.dion.sy/packages/noble/Lead/src/Resources/js/Pages/Leads/Show/Files.tsx'
    Imported via '@/components/ui/button' from file 'C:/Users/DION-SERVER/Desktop/noble.dion.sy/packages/noble/Lead/src/Resources/js/Pages/Leads/Show/ConvertToDeal.tsx'
    Imported via '@/components/ui/button' from file 'C:/Users/DION-SERVER/Desktop/noble.dion.sy/packages/noble/Lead/src/Resources/js/Pages/Leads/Show/Discussions.tsx'
    Imported via '@/components/ui/button' from file 'C:/Users/DION-SERVER/Desktop/noble.dion.sy/packages/noble/Lead/src/Resources/js/Pages/Leads/Show/Emails.tsx'
    Imported via '@/components/ui/button' from file 'C:/Users/DION-SERVER/Desktop/noble.dion.sy/packages/noble/Lead/src/Resources/js/Pages/Reports/DealReports.tsx'
    Imported via '@/components/ui/button' from file 'C:/Users/DION-SERVER/Desktop/noble.dion.sy/packages/noble/Lead/src/Resources/js/Pages/Reports/Index.tsx'
    Imported via '@/components/ui/button' from file 'C:/Users/DION-SERVER/Desktop/noble.dion.sy/packages/noble/Lead/src/Resources/js/Pages/Reports/LeadReports.tsx'
    Imported via '@/components/ui/button' from file 'C:/Users/DION-SERVER/Desktop/noble.dion.sy/packages/noble/Lead/src/Resources/js/Pages/SystemSetup/SystemSetupSidebar.tsx'
    Imported via '@/components/ui/button' from file 'C:/Users/DION-SERVER/Desktop/noble.dion.sy/packages/noble/Lead/src/Resources/js/Pages/SystemSetup/DealStages/Create.tsx'
    Imported via '@/components/ui/button' from file 'C:/Users/DION-SERVER/Desktop/noble.dion.sy/packages/noble/Lead/src/Resources/js/Pages/SystemSetup/DealStages/Edit.tsx'
    Imported via '@/components/ui/button' from file 'C:/Users/DION-SERVER/Desktop/noble.dion.sy/packages/noble/Lead/src/Resources/js/Pages/SystemSetup/DealStages/Index.tsx'
    Imported via '@/components/ui/button' from file 'C:/Users/DION-SERVER/Desktop/noble.dion.sy/packages/noble/Lead/src/Resources/js/Pages/SystemSetup/Labels/Create.tsx'
    Imported via '@/components/ui/button' from file 'C:/Users/DION-SERVER/Desktop/noble.dion.sy/packages/noble/Lead/src/Resources/js/Pages/SystemSetup/Labels/Edit.tsx'
    Imported via '@/components/ui/button' from file 'C:/Users/DION-SERVER/Desktop/noble.dion.sy/packages/noble/Lead/src/Resources/js/Pages/SystemSetup/Labels/Index.tsx'
    Imported via '@/components/ui/button' from file 'C:/Users/DION-SERVER/Desktop/noble.dion.sy/packages/noble/Lead/src/Resources/js/Pages/SystemSetup/LeadStages/Create.tsx'
    Imported via '@/components/ui/button' from file 'C:/Users/DION-SERVER/Desktop/noble.dion.sy/packages/noble/Lead/src/Resources/js/Pages/SystemSetup/LeadStages/Edit.tsx'
    Imported via '@/components/ui/button' from file 'C:/Users/DION-SERVER/Desktop/noble.dion.sy/packages/noble/Lead/src/Resources/js/Pages/SystemSetup/LeadStages/Index.tsx'
    Imported via '@/components/ui/button' from file 'C:/Users/DION-SERVER/Desktop/noble.dion.sy/packages/noble/Lead/src/Resources/js/Pages/SystemSetup/Pipelines/Create.tsx'
    Imported via '@/components/ui/button' from file 'C:/Users/DION-SERVER/Desktop/noble.dion.sy/packages/noble/Lead/src/Resources/js/Pages/SystemSetup/Pipelines/Edit.tsx'
    Imported via '@/components/ui/button' from file 'C:/Users/DION-SERVER/Desktop/noble.dion.sy/packages/noble/Lead/src/Resources/js/Pages/SystemSetup/Pipelines/Index.tsx'
    Imported via '@/components/ui/button' from file 'C:/Users/DION-SERVER/Desktop/noble.dion.sy/packages/noble/Lead/src/Resources/js/Pages/SystemSetup/Sources/Create.tsx'
    Imported via '@/components/ui/button' from file 'C:/Users/DION-SERVER/Desktop/noble.dion.sy/packages/noble/Lead/src/Resources/js/Pages/SystemSetup/Sources/Edit.tsx'
    Imported via '@/components/ui/button' from file 'C:/Users/DION-SERVER/Desktop/noble.dion.sy/packages/noble/Lead/src/Resources/js/Pages/SystemSetup/Sources/Index.tsx'
    Imported via '@/components/ui/button' from file 'C:/Users/DION-SERVER/Desktop/noble.dion.sy/packages/noble/Paypal/src/Resources/js/settings/components/paypal-settings.tsx'
    Imported via '@/components/ui/button' from file 'C:/Users/DION-SERVER/Desktop/noble.dion.sy/packages/noble/Performance/src/Resources/js/Pages/EmployeeGoals/Create.tsx'
    Imported via '@/components/ui/button' from file 'C:/Users/DION-SERVER/Desktop/noble.dion.sy/packages/noble/Performance/src/Resources/js/Pages/EmployeeGoals/Edit.tsx'
    Imported via '@/components/ui/button' from file 'C:/Users/DION-SERVER/Desktop/noble.dion.sy/packages/noble/Performance/src/Resources/js/Pages/EmployeeGoals/Index.tsx'
    Imported via '@/components/ui/button' from file 'C:/Users/DION-SERVER/Desktop/noble.dion.sy/packages/noble/Performance/src/Resources/js/Pages/EmployeeReviews/Conduct.tsx'
    Imported via '@/components/ui/button' from file 'C:/Users/DION-SERVER/Desktop/noble.dion.sy/packages/noble/Performance/src/Resources/js/Pages/EmployeeReviews/Create.tsx'
    Imported via '@/components/ui/button' from file 'C:/Users/DION-SERVER/Desktop/noble.dion.sy/packages/noble/Performance/src/Resources/js/Pages/EmployeeReviews/Edit.tsx'
    Imported via '@/components/ui/button' from file 'C:/Users/DION-SERVER/Desktop/noble.dion.sy/packages/noble/Performance/src/Resources/js/Pages/EmployeeReviews/Index.tsx'
    Imported via '@/components/ui/button' from file 'C:/Users/DION-SERVER/Desktop/noble.dion.sy/packages/noble/Performance/src/Resources/js/Pages/Indicators/Create.tsx'
    Imported via '@/components/ui/button' from file 'C:/Users/DION-SERVER/Desktop/noble.dion.sy/packages/noble/Performance/src/Resources/js/Pages/Indicators/Edit.tsx'
    Imported via '@/components/ui/button' from file 'C:/Users/DION-SERVER/Desktop/noble.dion.sy/packages/noble/Performance/src/Resources/js/Pages/Indicators/Index.tsx'
    Imported via '@/components/ui/button' from file 'C:/Users/DION-SERVER/Desktop/noble.dion.sy/packages/noble/Performance/src/Resources/js/Pages/ReviewCycles/Create.tsx'
    Imported via '@/components/ui/button' from file 'C:/Users/DION-SERVER/Desktop/noble.dion.sy/packages/noble/Performance/src/Resources/js/Pages/ReviewCycles/Edit.tsx'
    Imported via '@/components/ui/button' from file 'C:/Users/DION-SERVER/Desktop/noble.dion.sy/packages/noble/Performance/src/Resources/js/Pages/ReviewCycles/Index.tsx'
    Imported via '@/components/ui/button' from file 'C:/Users/DION-SERVER/Desktop/noble.dion.sy/packages/noble/Performance/src/Resources/js/Pages/SystemSetup/SystemSetupSidebar.tsx'
    Imported via '@/components/ui/button' from file 'C:/Users/DION-SERVER/Desktop/noble.dion.sy/packages/noble/Performance/src/Resources/js/Pages/SystemSetup/GoalTypes/Create.tsx'
    Imported via '@/components/ui/button' from file 'C:/Users/DION-SERVER/Desktop/noble.dion.sy/packages/noble/Performance/src/Resources/js/Pages/SystemSetup/GoalTypes/Edit.tsx'
    Imported via '@/components/ui/button' from file 'C:/Users/DION-SERVER/Desktop/noble.dion.sy/packages/noble/Performance/src/Resources/js/Pages/SystemSetup/GoalTypes/Index.tsx'
    Imported via '@/components/ui/button' from file 'C:/Users/DION-SERVER/Desktop/noble.dion.sy/packages/noble/Performance/src/Resources/js/Pages/SystemSetup/IndicatorCategories/Create.tsx'
    Imported via '@/components/ui/button' from file 'C:/Users/DION-SERVER/Desktop/noble.dion.sy/packages/noble/Performance/src/Resources/js/Pages/SystemSetup/IndicatorCategories/Edit.tsx'
    Imported via '@/components/ui/button' from file 'C:/Users/DION-SERVER/Desktop/noble.dion.sy/packages/noble/Performance/src/Resources/js/Pages/SystemSetup/IndicatorCategories/Index.tsx'
    Imported via '@/components/ui/button' from file 'C:/Users/DION-SERVER/Desktop/noble.dion.sy/packages/noble/Pos/src/Resources/js/Pages/Barcode/Index.tsx'
    Imported via '@/components/ui/button' from file 'C:/Users/DION-SERVER/Desktop/noble.dion.sy/packages/noble/Pos/src/Resources/js/Pages/Dashboard/Index.tsx'
    Imported via '@/components/ui/button' from file 'C:/Users/DION-SERVER/Desktop/noble.dion.sy/packages/noble/Pos/src/Resources/js/Pages/Pos/Create.tsx'
    Imported via '@/components/ui/button' from file 'C:/Users/DION-SERVER/Desktop/noble.dion.sy/packages/noble/Pos/src/Resources/js/Pages/Pos/ReceiptModal.tsx'
    Imported via '@/components/ui/button' from file 'C:/Users/DION-SERVER/Desktop/noble.dion.sy/packages/noble/Pos/src/Resources/js/Pages/PosOrder/Index.tsx'
    Imported via '@/components/ui/button' from file 'C:/Users/DION-SERVER/Desktop/noble.dion.sy/packages/noble/Pos/src/Resources/js/Pages/PosOrder/Show.tsx'
    Imported via '@/components/ui/button' from file 'C:/Users/DION-SERVER/Desktop/noble.dion.sy/packages/noble/ProductService/src/Resources/js/Pages/Items/Create.tsx'
    Imported via '@/components/ui/button' from file 'C:/Users/DION-SERVER/Desktop/noble.dion.sy/packages/noble/ProductService/src/Resources/js/Pages/Items/Edit.tsx'
    Imported via '@/components/ui/button' from file 'C:/Users/DION-SERVER/Desktop/noble.dion.sy/packages/noble/ProductService/src/Resources/js/Pages/Items/Index.tsx'
    Imported via '@/components/ui/button' from file 'C:/Users/DION-SERVER/Desktop/noble.dion.sy/packages/noble/ProductService/src/Resources/js/Pages/Stock/Index.tsx'
    Imported via '@/components/ui/button' from file 'C:/Users/DION-SERVER/Desktop/noble.dion.sy/packages/noble/ProductService/src/Resources/js/Pages/SystemSetup/SystemSetupSidebar.tsx'
    Imported via '@/components/ui/button' from file 'C:/Users/DION-SERVER/Desktop/noble.dion.sy/packages/noble/ProductService/src/Resources/js/Pages/SystemSetup/Categories/Create.tsx'
    Imported via '@/components/ui/button' from file 'C:/Users/DION-SERVER/Desktop/noble.dion.sy/packages/noble/ProductService/src/Resources/js/Pages/SystemSetup/Categories/Edit.tsx'
    Imported via '@/components/ui/button' from file 'C:/Users/DION-SERVER/Desktop/noble.dion.sy/packages/noble/ProductService/src/Resources/js/Pages/SystemSetup/Categories/Index.tsx'
    Imported via '@/components/ui/button' from file 'C:/Users/DION-SERVER/Desktop/noble.dion.sy/packages/noble/ProductService/src/Resources/js/Pages/SystemSetup/Taxes/Create.tsx'
    Imported via '@/components/ui/button' from file 'C:/Users/DION-SERVER/Desktop/noble.dion.sy/packages/noble/ProductService/src/Resources/js/Pages/SystemSetup/Taxes/Edit.tsx'
    Imported via '@/components/ui/button' from file 'C:/Users/DION-SERVER/Desktop/noble.dion.sy/packages/noble/ProductService/src/Resources/js/Pages/SystemSetup/Taxes/Index.tsx'
    Imported via '@/components/ui/button' from file 'C:/Users/DION-SERVER/Desktop/noble.dion.sy/packages/noble/ProductService/src/Resources/js/Pages/SystemSetup/Units/Create.tsx'
    Imported via '@/components/ui/button' from file 'C:/Users/DION-SERVER/Desktop/noble.dion.sy/packages/noble/ProductService/src/Resources/js/Pages/SystemSetup/Units/Edit.tsx'
    Imported via '@/components/ui/button' from file 'C:/Users/DION-SERVER/Desktop/noble.dion.sy/packages/noble/ProductService/src/Resources/js/Pages/SystemSetup/Units/Index.tsx'
    Imported via '@/components/ui/button' from file 'C:/Users/DION-SERVER/Desktop/noble.dion.sy/packages/noble/Quotation/src/Resources/js/Pages/Quotations/components/QuotationItemsTable.tsx'
    Imported via '@/components/ui/button' from file 'C:/Users/DION-SERVER/Desktop/noble.dion.sy/packages/noble/Quotation/src/Resources/js/Pages/Quotations/Create.tsx'
    Imported via '@/components/ui/button' from file 'C:/Users/DION-SERVER/Desktop/noble.dion.sy/packages/noble/Quotation/src/Resources/js/Pages/Quotations/Edit.tsx'
    Imported via '@/components/ui/button' from file 'C:/Users/DION-SERVER/Desktop/noble.dion.sy/packages/noble/Quotation/src/Resources/js/Pages/Quotations/Index.tsx'
    Imported via '@/components/ui/button' from file 'C:/Users/DION-SERVER/Desktop/noble.dion.sy/packages/noble/Quotation/src/Resources/js/Pages/Quotations/View.tsx'
    Imported via '@/components/ui/button' from file 'C:/Users/DION-SERVER/Desktop/noble.dion.sy/packages/noble/Recruitment/src/Resources/js/Components/IconSelector.tsx'
    Imported via '@/components/ui/button' from file 'C:/Users/DION-SERVER/Desktop/noble.dion.sy/packages/noble/Recruitment/src/Resources/js/Components/Frontend/FrontendHeader.tsx'
    Imported via '@/components/ui/button' from file 'C:/Users/DION-SERVER/Desktop/noble.dion.sy/packages/noble/Recruitment/src/Resources/js/Pages/Index.tsx'
    Imported via '@/components/ui/button' from file 'C:/Users/DION-SERVER/Desktop/noble.dion.sy/packages/noble/Recruitment/src/Resources/js/Pages/CandidateAssessments/Create.tsx'
    Imported via '@/components/ui/button' from file 'C:/Users/DION-SERVER/Desktop/noble.dion.sy/packages/noble/Recruitment/src/Resources/js/Pages/CandidateAssessments/Edit.tsx'
    Imported via '@/components/ui/button' from file 'C:/Users/DION-SERVER/Desktop/noble.dion.sy/packages/noble/Recruitment/src/Resources/js/Pages/CandidateAssessments/Index.tsx'
    Imported via '@/components/ui/button' from file 'C:/Users/DION-SERVER/Desktop/noble.dion.sy/packages/noble/Recruitment/src/Resources/js/Pages/CandidateOnboardings/Create.tsx'
    Imported via '@/components/ui/button' from file 'C:/Users/DION-SERVER/Desktop/noble.dion.sy/packages/noble/Recruitment/src/Resources/js/Pages/CandidateOnboardings/Edit.tsx'
    Imported via '@/components/ui/button' from file 'C:/Users/DION-SERVER/Desktop/noble.dion.sy/packages/noble/Recruitment/src/Resources/js/Pages/CandidateOnboardings/Index.tsx'
    Imported via '@/components/ui/button' from file 'C:/Users/DION-SERVER/Desktop/noble.dion.sy/packages/noble/Recruitment/src/Resources/js/Pages/Candidates/Create.tsx'
    Imported via '@/components/ui/button' from file 'C:/Users/DION-SERVER/Desktop/noble.dion.sy/packages/noble/Recruitment/src/Resources/js/Pages/Candidates/Edit.tsx'
    Imported via '@/components/ui/button' from file 'C:/Users/DION-SERVER/Desktop/noble.dion.sy/packages/noble/Recruitment/src/Resources/js/Pages/Candidates/Index.tsx'
    Imported via '@/components/ui/button' from file 'C:/Users/DION-SERVER/Desktop/noble.dion.sy/packages/noble/Recruitment/src/Resources/js/Pages/Candidates/Show.tsx'
    Imported via '@/components/ui/button' from file 'C:/Users/DION-SERVER/Desktop/noble.dion.sy/packages/noble/Recruitment/src/Resources/js/Pages/ChecklistItems/Create.tsx'
    Imported via '@/components/ui/button' from file 'C:/Users/DION-SERVER/Desktop/noble.dion.sy/packages/noble/Recruitment/src/Resources/js/Pages/ChecklistItems/Edit.tsx'
    Imported via '@/components/ui/button' from file 'C:/Users/DION-SERVER/Desktop/noble.dion.sy/packages/noble/Recruitment/src/Resources/js/Pages/ChecklistItems/Index.tsx'
    Imported via '@/components/ui/button' from file 'C:/Users/DION-SERVER/Desktop/noble.dion.sy/packages/noble/Recruitment/src/Resources/js/Pages/CustomQuestions/Create.tsx'
    Imported via '@/components/ui/button' from file 'C:/Users/DION-SERVER/Desktop/noble.dion.sy/packages/noble/Recruitment/src/Resources/js/Pages/CustomQuestions/Edit.tsx'
    Imported via '@/components/ui/button' from file 'C:/Users/DION-SERVER/Desktop/noble.dion.sy/packages/noble/Recruitment/src/Resources/js/Pages/CustomQuestions/Index.tsx'
    Imported via '@/components/ui/button' from file 'C:/Users/DION-SERVER/Desktop/noble.dion.sy/packages/noble/Recruitment/src/Resources/js/Pages/Dashboard/StaffDashboard.tsx'
    Imported via '@/components/ui/button' from file 'C:/Users/DION-SERVER/Desktop/noble.dion.sy/packages/noble/Recruitment/src/Resources/js/Pages/Frontend/JobApply.tsx'
    Imported via '@/components/ui/button' from file 'C:/Users/DION-SERVER/Desktop/noble.dion.sy/packages/noble/Recruitment/src/Resources/js/Pages/Frontend/JobDetails.tsx'
    Imported via '@/components/ui/button' from file 'C:/Users/DION-SERVER/Desktop/noble.dion.sy/packages/noble/Recruitment/src/Resources/js/Pages/Frontend/JobListings.tsx'
    Imported via '@/components/ui/button' from file 'C:/Users/DION-SERVER/Desktop/noble.dion.sy/packages/noble/Recruitment/src/Resources/js/Pages/Frontend/JobTerms.tsx'
    Imported via '@/components/ui/button' from file 'C:/Users/DION-SERVER/Desktop/noble.dion.sy/packages/noble/Recruitment/src/Resources/js/Pages/Frontend/NotFound.tsx'
    Imported via '@/components/ui/button' from file 'C:/Users/DION-SERVER/Desktop/noble.dion.sy/packages/noble/Recruitment/src/Resources/js/Pages/Frontend/Success.tsx'
    Imported via '@/components/ui/button' from file 'C:/Users/DION-SERVER/Desktop/noble.dion.sy/packages/noble/Recruitment/src/Resources/js/Pages/Frontend/TrackingDetails.tsx'
    Imported via '@/components/ui/button' from file 'C:/Users/DION-SERVER/Desktop/noble.dion.sy/packages/noble/Recruitment/src/Resources/js/Pages/Frontend/TrackingForm.tsx'
    Imported via '@/components/ui/button' from file 'C:/Users/DION-SERVER/Desktop/noble.dion.sy/packages/noble/Recruitment/src/Resources/js/Pages/InterviewFeedbacks/Create.tsx'
    Imported via '@/components/ui/button' from file 'C:/Users/DION-SERVER/Desktop/noble.dion.sy/packages/noble/Recruitment/src/Resources/js/Pages/InterviewFeedbacks/Edit.tsx'
    Imported via '@/components/ui/button' from file 'C:/Users/DION-SERVER/Desktop/noble.dion.sy/packages/noble/Recruitment/src/Resources/js/Pages/InterviewFeedbacks/Index.tsx'
    Imported via '@/components/ui/button' from file 'C:/Users/DION-SERVER/Desktop/noble.dion.sy/packages/noble/Recruitment/src/Resources/js/Pages/InterviewRounds/Create.tsx'
    Imported via '@/components/ui/button' from file 'C:/Users/DION-SERVER/Desktop/noble.dion.sy/packages/noble/Recruitment/src/Resources/js/Pages/InterviewRounds/Edit.tsx'
    Imported via '@/components/ui/button' from file 'C:/Users/DION-SERVER/Desktop/noble.dion.sy/packages/noble/Recruitment/src/Resources/js/Pages/InterviewRounds/Index.tsx'
    Imported via '@/components/ui/button' from file 'C:/Users/DION-SERVER/Desktop/noble.dion.sy/packages/noble/Recruitment/src/Resources/js/Pages/Interviews/Create.tsx'
    Imported via '@/components/ui/button' from file 'C:/Users/DION-SERVER/Desktop/noble.dion.sy/packages/noble/Recruitment/src/Resources/js/Pages/Interviews/Edit.tsx'
    Imported via '@/components/ui/button' from file 'C:/Users/DION-SERVER/Desktop/noble.dion.sy/packages/noble/Recruitment/src/Resources/js/Pages/Interviews/Index.tsx'
    Imported via '@/components/ui/button' from file 'C:/Users/DION-SERVER/Desktop/noble.dion.sy/packages/noble/Recruitment/src/Resources/js/Pages/JobLocations/Create.tsx'
    Imported via '@/components/ui/button' from file 'C:/Users/DION-SERVER/Desktop/noble.dion.sy/packages/noble/Recruitment/src/Resources/js/Pages/JobLocations/Edit.tsx'
    Imported via '@/components/ui/button' from file 'C:/Users/DION-SERVER/Desktop/noble.dion.sy/packages/noble/Recruitment/src/Resources/js/Pages/JobLocations/Index.tsx'
    Imported via '@/components/ui/button' from file 'C:/Users/DION-SERVER/Desktop/noble.dion.sy/packages/noble/Recruitment/src/Resources/js/Pages/JobPostings/Create.tsx'
    Imported via '@/components/ui/button' from file 'C:/Users/DION-SERVER/Desktop/noble.dion.sy/packages/noble/Recruitment/src/Resources/js/Pages/JobPostings/Edit.tsx'
    Imported via '@/components/ui/button' from file 'C:/Users/DION-SERVER/Desktop/noble.dion.sy/packages/noble/Recruitment/src/Resources/js/Pages/JobPostings/Index.tsx'
    Imported via '@/components/ui/button' from file 'C:/Users/DION-SERVER/Desktop/noble.dion.sy/packages/noble/Recruitment/src/Resources/js/Pages/JobPostings/Show.tsx'
    Imported via '@/components/ui/button' from file 'C:/Users/DION-SERVER/Desktop/noble.dion.sy/packages/noble/Recruitment/src/Resources/js/Pages/Offers/ConvertToEmployee.tsx'
    Imported via '@/components/ui/button' from file 'C:/Users/DION-SERVER/Desktop/noble.dion.sy/packages/noble/Recruitment/src/Resources/js/Pages/Offers/Create.tsx'
    Imported via '@/components/ui/button' from file 'C:/Users/DION-SERVER/Desktop/noble.dion.sy/packages/noble/Recruitment/src/Resources/js/Pages/Offers/Edit.tsx'
    Imported via '@/components/ui/button' from file 'C:/Users/DION-SERVER/Desktop/noble.dion.sy/packages/noble/Recruitment/src/Resources/js/Pages/Offers/Index.tsx'
    Imported via '@/components/ui/button' from file 'C:/Users/DION-SERVER/Desktop/noble.dion.sy/packages/noble/Recruitment/src/Resources/js/Pages/Offers/View.tsx'
    Imported via '@/components/ui/button' from file 'C:/Users/DION-SERVER/Desktop/noble.dion.sy/packages/noble/Recruitment/src/Resources/js/Pages/Offers/OfferLetterPdf.tsx'
    Imported via '@/components/ui/button' from file 'C:/Users/DION-SERVER/Desktop/noble.dion.sy/packages/noble/Recruitment/src/Resources/js/Pages/SystemSetup/SystemSetupSidebar.tsx'
    Imported via '@/components/ui/button' from file 'C:/Users/DION-SERVER/Desktop/noble.dion.sy/packages/noble/Recruitment/src/Resources/js/Pages/SystemSetup/AboutCompany/Index.tsx'
    Imported via '@/components/ui/button' from file 'C:/Users/DION-SERVER/Desktop/noble.dion.sy/packages/noble/Recruitment/src/Resources/js/Pages/SystemSetup/ApplicationTips/Index.tsx'
    Imported via '@/components/ui/button' from file 'C:/Users/DION-SERVER/Desktop/noble.dion.sy/packages/noble/Recruitment/src/Resources/js/Pages/SystemSetup/BrandSettings/Index.tsx'
    Imported via '@/components/ui/button' from file 'C:/Users/DION-SERVER/Desktop/noble.dion.sy/packages/noble/Recruitment/src/Resources/js/Pages/SystemSetup/CandidateSources/Create.tsx'
    Imported via '@/components/ui/button' from file 'C:/Users/DION-SERVER/Desktop/noble.dion.sy/packages/noble/Recruitment/src/Resources/js/Pages/SystemSetup/CandidateSources/Edit.tsx'
    Imported via '@/components/ui/button' from file 'C:/Users/DION-SERVER/Desktop/noble.dion.sy/packages/noble/Recruitment/src/Resources/js/Pages/SystemSetup/CandidateSources/Index.tsx'
    Imported via '@/components/ui/button' from file 'C:/Users/DION-SERVER/Desktop/noble.dion.sy/packages/noble/Recruitment/src/Resources/js/Pages/SystemSetup/DashboardWelcomeCard/Index.tsx'
    Imported via '@/components/ui/button' from file 'C:/Users/DION-SERVER/Desktop/noble.dion.sy/packages/noble/Recruitment/src/Resources/js/Pages/SystemSetup/InterviewTypes/Create.tsx'
    Imported via '@/components/ui/button' from file 'C:/Users/DION-SERVER/Desktop/noble.dion.sy/packages/noble/Recruitment/src/Resources/js/Pages/SystemSetup/InterviewTypes/Edit.tsx'
    Imported via '@/components/ui/button' from file 'C:/Users/DION-SERVER/Desktop/noble.dion.sy/packages/noble/Recruitment/src/Resources/js/Pages/SystemSetup/InterviewTypes/Index.tsx'
    Imported via '@/components/ui/button' from file 'C:/Users/DION-SERVER/Desktop/noble.dion.sy/packages/noble/Recruitment/src/Resources/js/Pages/SystemSetup/JobCategories/Create.tsx'
    Imported via '@/components/ui/button' from file 'C:/Users/DION-SERVER/Desktop/noble.dion.sy/packages/noble/Recruitment/src/Resources/js/Pages/SystemSetup/JobCategories/Edit.tsx'
    Imported via '@/components/ui/button' from file 'C:/Users/DION-SERVER/Desktop/noble.dion.sy/packages/noble/Recruitment/src/Resources/js/Pages/SystemSetup/JobCategories/Index.tsx'
    Imported via '@/components/ui/button' from file 'C:/Users/DION-SERVER/Desktop/noble.dion.sy/packages/noble/Recruitment/src/Resources/js/Pages/SystemSetup/JobTypes/Create.tsx'
    Imported via '@/components/ui/button' from file 'C:/Users/DION-SERVER/Desktop/noble.dion.sy/packages/noble/Recruitment/src/Resources/js/Pages/SystemSetup/JobTypes/Edit.tsx'
    Imported via '@/components/ui/button' from file 'C:/Users/DION-SERVER/Desktop/noble.dion.sy/packages/noble/Recruitment/src/Resources/js/Pages/SystemSetup/JobTypes/Index.tsx'
    Imported via '@/components/ui/button' from file 'C:/Users/DION-SERVER/Desktop/noble.dion.sy/packages/noble/Recruitment/src/Resources/js/Pages/SystemSetup/NeedHelp/Index.tsx'
    Imported via '@/components/ui/button' from file 'C:/Users/DION-SERVER/Desktop/noble.dion.sy/packages/noble/Recruitment/src/Resources/js/Pages/SystemSetup/OfferLetterTemplate/Index.tsx'
    Imported via '@/components/ui/button' from file 'C:/Users/DION-SERVER/Desktop/noble.dion.sy/packages/noble/Recruitment/src/Resources/js/Pages/SystemSetup/OnboardingChecklists/Create.tsx'
    Imported via '@/components/ui/button' from file 'C:/Users/DION-SERVER/Desktop/noble.dion.sy/packages/noble/Recruitment/src/Resources/js/Pages/SystemSetup/OnboardingChecklists/Edit.tsx'
    Imported via '@/components/ui/button' from file 'C:/Users/DION-SERVER/Desktop/noble.dion.sy/packages/noble/Recruitment/src/Resources/js/Pages/SystemSetup/OnboardingChecklists/Index.tsx'
    Imported via '@/components/ui/button' from file 'C:/Users/DION-SERVER/Desktop/noble.dion.sy/packages/noble/Recruitment/src/Resources/js/Pages/SystemSetup/TrackingFaq/Index.tsx'
    Imported via '@/components/ui/button' from file 'C:/Users/DION-SERVER/Desktop/noble.dion.sy/packages/noble/Recruitment/src/Resources/js/Pages/SystemSetup/WhatHappensNext/Index.tsx'
    Imported via '@/components/ui/button' from file 'C:/Users/DION-SERVER/Desktop/noble.dion.sy/packages/noble/Slack/src/Resources/js/settings/components/slack-settings.tsx'
    Imported via '@/components/ui/button' from file 'C:/Users/DION-SERVER/Desktop/noble.dion.sy/packages/noble/Stripe/src/Resources/js/settings/components/stripe-settings.tsx'
    Imported via '@/components/ui/button' from file 'C:/Users/DION-SERVER/Desktop/noble.dion.sy/packages/noble/SupportTicket/src/Resources/js/Pages/Layout.tsx'
    Imported via '@/components/ui/button' from file 'C:/Users/DION-SERVER/Desktop/noble.dion.sy/packages/noble/SupportTicket/src/Resources/js/Pages/Search.tsx'
    Imported via '@/components/ui/button' from file 'C:/Users/DION-SERVER/Desktop/noble.dion.sy/packages/noble/SupportTicket/src/Resources/js/Pages/Frontend/Layouts/SupportTicketLayout.tsx'
    Imported via '@/components/ui/button' from file 'C:/Users/DION-SERVER/Desktop/noble.dion.sy/packages/noble/SupportTicket/src/Resources/js/Pages/Show.tsx'
    Imported via '@/components/ui/button' from file 'C:/Users/DION-SERVER/Desktop/noble.dion.sy/packages/noble/SupportTicket/src/Resources/js/Pages/Categories/Index.tsx'
    Imported via '@/components/ui/button' from file 'C:/Users/DION-SERVER/Desktop/noble.dion.sy/packages/noble/SupportTicket/src/Resources/js/Pages/Contact/Index.tsx'
    Imported via '@/components/ui/button' from file 'C:/Users/DION-SERVER/Desktop/noble.dion.sy/packages/noble/SupportTicket/src/Resources/js/Pages/Dashboard/ClientDashboard.tsx'
    Imported via '@/components/ui/button' from file 'C:/Users/DION-SERVER/Desktop/noble.dion.sy/packages/noble/SupportTicket/src/Resources/js/Pages/Dashboard/Index.tsx'
    Imported via '@/components/ui/button' from file 'C:/Users/DION-SERVER/Desktop/noble.dion.sy/packages/noble/SupportTicket/src/Resources/js/Pages/Dashboard/StaffDashboard.tsx'
    Imported via '@/components/ui/button' from file 'C:/Users/DION-SERVER/Desktop/noble.dion.sy/packages/noble/SupportTicket/src/Resources/js/Pages/Dashboard/VendorDashboard.tsx'
    Imported via '@/components/ui/button' from file 'C:/Users/DION-SERVER/Desktop/noble.dion.sy/packages/noble/SupportTicket/src/Resources/js/Pages/FAQ/Create.tsx'
    Imported via '@/components/ui/button' from file 'C:/Users/DION-SERVER/Desktop/noble.dion.sy/packages/noble/SupportTicket/src/Resources/js/Pages/FAQ/Edit.tsx'
    Imported via '@/components/ui/button' from file 'C:/Users/DION-SERVER/Desktop/noble.dion.sy/packages/noble/SupportTicket/src/Resources/js/Pages/FAQ/Import.tsx'
    Imported via '@/components/ui/button' from file 'C:/Users/DION-SERVER/Desktop/noble.dion.sy/packages/noble/SupportTicket/src/Resources/js/Pages/FAQ/ImportDialog.tsx'
    Imported via '@/components/ui/button' from file 'C:/Users/DION-SERVER/Desktop/noble.dion.sy/packages/noble/SupportTicket/src/Resources/js/Pages/FAQ/Index.tsx'
    Imported via '@/components/ui/button' from file 'C:/Users/DION-SERVER/Desktop/noble.dion.sy/packages/noble/SupportTicket/src/Resources/js/Pages/Frontend/Contact.tsx'
    Imported via '@/components/ui/button' from file 'C:/Users/DION-SERVER/Desktop/noble.dion.sy/packages/noble/SupportTicket/src/Resources/js/Pages/Frontend/CreateTicket.tsx'
    Imported via '@/components/ui/button' from file 'C:/Users/DION-SERVER/Desktop/noble.dion.sy/packages/noble/SupportTicket/src/Resources/js/Pages/Frontend/Faq.tsx'
    Imported via '@/components/ui/button' from file 'C:/Users/DION-SERVER/Desktop/noble.dion.sy/packages/noble/SupportTicket/src/Resources/js/Pages/Frontend/Index.tsx'
    Imported via '@/components/ui/button' from file 'C:/Users/DION-SERVER/Desktop/noble.dion.sy/packages/noble/SupportTicket/src/Resources/js/Pages/Frontend/Knowledge.tsx'
    Imported via '@/components/ui/button' from file 'C:/Users/DION-SERVER/Desktop/noble.dion.sy/packages/noble/SupportTicket/src/Resources/js/Pages/Frontend/KnowledgeArticle.tsx'
    Imported via '@/components/ui/button' from file 'C:/Users/DION-SERVER/Desktop/noble.dion.sy/packages/noble/SupportTicket/src/Resources/js/Pages/Frontend/SearchTicket.tsx'
    Imported via '@/components/ui/button' from file 'C:/Users/DION-SERVER/Desktop/noble.dion.sy/packages/noble/SupportTicket/src/Resources/js/Pages/Knowledge/Create.tsx'
    Imported via '@/components/ui/button' from file 'C:/Users/DION-SERVER/Desktop/noble.dion.sy/packages/noble/SupportTicket/src/Resources/js/Pages/Knowledge/Edit.tsx'
    Imported via '@/components/ui/button' from file 'C:/Users/DION-SERVER/Desktop/noble.dion.sy/packages/noble/SupportTicket/src/Resources/js/Pages/Knowledge/Import.tsx'
    Imported via '@/components/ui/button' from file 'C:/Users/DION-SERVER/Desktop/noble.dion.sy/packages/noble/SupportTicket/src/Resources/js/Pages/Knowledge/ImportDialog.tsx'
    Imported via '@/components/ui/button' from file 'C:/Users/DION-SERVER/Desktop/noble.dion.sy/packages/noble/SupportTicket/src/Resources/js/Pages/Knowledge/Index.tsx'
    Imported via '@/components/ui/button' from file 'C:/Users/DION-SERVER/Desktop/noble.dion.sy/packages/noble/SupportTicket/src/Resources/js/Pages/SystemSetup/SystemSetupSidebar.tsx'
    Imported via '@/components/ui/button' from file 'C:/Users/DION-SERVER/Desktop/noble.dion.sy/packages/noble/SupportTicket/src/Resources/js/Pages/SystemSetup/cta-section.tsx'
    Imported via '@/components/ui/button' from file 'C:/Users/DION-SERVER/Desktop/noble.dion.sy/packages/noble/SupportTicket/src/Resources/js/Pages/SystemSetup/support-information.tsx'
    Imported via '@/components/ui/button' from file 'C:/Users/DION-SERVER/Desktop/noble.dion.sy/packages/noble/SupportTicket/src/Resources/js/Pages/SystemSetup/title-section.tsx'
    Imported via '@/components/ui/button' from file 'C:/Users/DION-SERVER/Desktop/noble.dion.sy/packages/noble/SupportTicket/src/Resources/js/Pages/SystemSetup/BrandSettings/Index.tsx'
    Imported via '@/components/ui/button' from file 'C:/Users/DION-SERVER/Desktop/noble.dion.sy/packages/noble/SupportTicket/src/Resources/js/Pages/SystemSetup/Categories/Create.tsx'
    Imported via '@/components/ui/button' from file 'C:/Users/DION-SERVER/Desktop/noble.dion.sy/packages/noble/SupportTicket/src/Resources/js/Pages/SystemSetup/Categories/Edit.tsx'
    Imported via '@/components/ui/button' from file 'C:/Users/DION-SERVER/Desktop/noble.dion.sy/packages/noble/SupportTicket/src/Resources/js/Pages/SystemSetup/Categories/Index.tsx'
    Imported via '@/components/ui/button' from file 'C:/Users/DION-SERVER/Desktop/noble.dion.sy/packages/noble/SupportTicket/src/Resources/js/Pages/SystemSetup/ContactInformation/Index.tsx'
    Imported via '@/components/ui/button' from file 'C:/Users/DION-SERVER/Desktop/noble.dion.sy/packages/noble/SupportTicket/src/Resources/js/Pages/SystemSetup/CustomPages/Create.tsx'
    Imported via '@/components/ui/button' from file 'C:/Users/DION-SERVER/Desktop/noble.dion.sy/packages/noble/SupportTicket/src/Resources/js/Pages/SystemSetup/CustomPages/Edit.tsx'
    Imported via '@/components/ui/button' from file 'C:/Users/DION-SERVER/Desktop/noble.dion.sy/packages/noble/SupportTicket/src/Resources/js/Pages/SystemSetup/CustomPages/Index.tsx'
    Imported via '@/components/ui/button' from file 'C:/Users/DION-SERVER/Desktop/noble.dion.sy/packages/noble/SupportTicket/src/Resources/js/Pages/SystemSetup/KnowledgeCategories/Create.tsx'
    Imported via '@/components/ui/button' from file 'C:/Users/DION-SERVER/Desktop/noble.dion.sy/packages/noble/SupportTicket/src/Resources/js/Pages/SystemSetup/KnowledgeCategories/Edit.tsx'
    Imported via '@/components/ui/button' from file 'C:/Users/DION-SERVER/Desktop/noble.dion.sy/packages/noble/SupportTicket/src/Resources/js/Pages/SystemSetup/KnowledgeCategories/Index.tsx'
    Imported via '@/components/ui/button' from file 'C:/Users/DION-SERVER/Desktop/noble.dion.sy/packages/noble/SupportTicket/src/Resources/js/Pages/SystemSetup/PrivacyPolicy/Index.tsx'
    Imported via '@/components/ui/button' from file 'C:/Users/DION-SERVER/Desktop/noble.dion.sy/packages/noble/SupportTicket/src/Resources/js/Pages/SystemSetup/QuickLinks/Create.tsx'
    Imported via '@/components/ui/button' from file 'C:/Users/DION-SERVER/Desktop/noble.dion.sy/packages/noble/SupportTicket/src/Resources/js/Pages/SystemSetup/QuickLinks/Edit.tsx'
    Imported via '@/components/ui/button' from file 'C:/Users/DION-SERVER/Desktop/noble.dion.sy/packages/noble/SupportTicket/src/Resources/js/Pages/SystemSetup/QuickLinks/Index.tsx'
    Imported via '@/components/ui/button' from file 'C:/Users/DION-SERVER/Desktop/noble.dion.sy/packages/noble/SupportTicket/src/Resources/js/Pages/SystemSetup/TermsConditions/Index.tsx'
    Imported via '@/components/ui/button' from file 'C:/Users/DION-SERVER/Desktop/noble.dion.sy/packages/noble/SupportTicket/src/Resources/js/Pages/Tickets/Create.tsx'
    Imported via '@/components/ui/button' from file 'C:/Users/DION-SERVER/Desktop/noble.dion.sy/packages/noble/SupportTicket/src/Resources/js/Pages/Tickets/Edit.tsx'
    Imported via '@/components/ui/button' from file 'C:/Users/DION-SERVER/Desktop/noble.dion.sy/packages/noble/SupportTicket/src/Resources/js/Pages/Tickets/EditReply.tsx'
    Imported via '@/components/ui/button' from file 'C:/Users/DION-SERVER/Desktop/noble.dion.sy/packages/noble/SupportTicket/src/Resources/js/Pages/Tickets/Index.tsx'
    Imported via '@/Components/ui/button' from file 'C:/Users/DION-SERVER/Desktop/noble.dion.sy/packages/noble/SupportTicket/src/Resources/js/faq/Import.tsx'
    Imported via '@/Components/ui/button' from file 'C:/Users/DION-SERVER/Desktop/noble.dion.sy/packages/noble/SupportTicket/src/Resources/js/knowledge/Import.tsx'
    Imported via '@/components/ui/button' from file 'C:/Users/DION-SERVER/Desktop/noble.dion.sy/packages/noble/SupportTicket/src/Resources/js/settings/components/support-setting.tsx'
    Imported via '@/components/ui/button' from file 'C:/Users/DION-SERVER/Desktop/noble.dion.sy/packages/noble/Taskly/src/Resources/js/Pages/Bugs/Create.tsx'
    Imported via '@/components/ui/button' from file 'C:/Users/DION-SERVER/Desktop/noble.dion.sy/packages/noble/Taskly/src/Resources/js/Pages/Bugs/Edit.tsx'
    Imported via '@/components/ui/button' from file 'C:/Users/DION-SERVER/Desktop/noble.dion.sy/packages/noble/Taskly/src/Resources/js/Pages/Bugs/Index.tsx'
    Imported via '@/components/ui/button' from file 'C:/Users/DION-SERVER/Desktop/noble.dion.sy/packages/noble/Taskly/src/Resources/js/Pages/Bugs/View.tsx'
    Imported via '@/components/ui/button' from file 'C:/Users/DION-SERVER/Desktop/noble.dion.sy/packages/noble/Taskly/src/Resources/js/Pages/Bugs/Kanban.tsx'
    Imported via '@/components/ui/button' from file 'C:/Users/DION-SERVER/Desktop/noble.dion.sy/packages/noble/Taskly/src/Resources/js/Pages/Project/Create.tsx'
    Imported via '@/components/ui/button' from file 'C:/Users/DION-SERVER/Desktop/noble.dion.sy/packages/noble/Taskly/src/Resources/js/Pages/Project/DuplicateModal.tsx'
    Imported via '@/components/ui/button' from file 'C:/Users/DION-SERVER/Desktop/noble.dion.sy/packages/noble/Taskly/src/Resources/js/Pages/Project/Edit.tsx'
    Imported via '@/components/ui/button' from file 'C:/Users/DION-SERVER/Desktop/noble.dion.sy/packages/noble/Taskly/src/Resources/js/Pages/Project/Index.tsx'
    Imported via '@/components/ui/button' from file 'C:/Users/DION-SERVER/Desktop/noble.dion.sy/packages/noble/Taskly/src/Resources/js/Pages/Project/View.tsx'
    Imported via '@/components/ui/button' from file 'C:/Users/DION-SERVER/Desktop/noble.dion.sy/packages/noble/Taskly/src/Resources/js/Pages/Report/Index.tsx'
    Imported via '@/components/ui/button' from file 'C:/Users/DION-SERVER/Desktop/noble.dion.sy/packages/noble/Taskly/src/Resources/js/Pages/SystemSetup/SystemSetupSidebar.tsx'
    Imported via '@/components/ui/button' from file 'C:/Users/DION-SERVER/Desktop/noble.dion.sy/packages/noble/Taskly/src/Resources/js/Pages/SystemSetup/BugStages/Create.tsx'
    Imported via '@/components/ui/button' from file 'C:/Users/DION-SERVER/Desktop/noble.dion.sy/packages/noble/Taskly/src/Resources/js/Pages/SystemSetup/BugStages/Edit.tsx'
    Imported via '@/components/ui/button' from file 'C:/Users/DION-SERVER/Desktop/noble.dion.sy/packages/noble/Taskly/src/Resources/js/Pages/SystemSetup/BugStages/Index.tsx'
    Imported via '@/components/ui/button' from file 'C:/Users/DION-SERVER/Desktop/noble.dion.sy/packages/noble/Taskly/src/Resources/js/Pages/SystemSetup/TaskStages/Create.tsx'
    Imported via '@/components/ui/button' from file 'C:/Users/DION-SERVER/Desktop/noble.dion.sy/packages/noble/Taskly/src/Resources/js/Pages/SystemSetup/TaskStages/Edit.tsx'
    Imported via '@/components/ui/button' from file 'C:/Users/DION-SERVER/Desktop/noble.dion.sy/packages/noble/Taskly/src/Resources/js/Pages/SystemSetup/TaskStages/Index.tsx'
    Imported via '@/components/ui/button' from file 'C:/Users/DION-SERVER/Desktop/noble.dion.sy/packages/noble/Taskly/src/Resources/js/Pages/Tasks/Calendar.tsx'
    Imported via '@/components/ui/button' from file 'C:/Users/DION-SERVER/Desktop/noble.dion.sy/packages/noble/Taskly/src/Resources/js/Pages/Tasks/Create.tsx'
    Imported via '@/components/ui/button' from file 'C:/Users/DION-SERVER/Desktop/noble.dion.sy/packages/noble/Taskly/src/Resources/js/Pages/Tasks/Edit.tsx'
    Imported via '@/components/ui/button' from file 'C:/Users/DION-SERVER/Desktop/noble.dion.sy/packages/noble/Taskly/src/Resources/js/Pages/Tasks/Index.tsx'
    Imported via '@/components/ui/button' from file 'C:/Users/DION-SERVER/Desktop/noble.dion.sy/packages/noble/Taskly/src/Resources/js/Pages/Tasks/View.tsx'
    Imported via '@/components/ui/button' from file 'C:/Users/DION-SERVER/Desktop/noble.dion.sy/packages/noble/Taskly/src/Resources/js/Pages/Tasks/Kanban.tsx'
    Imported via '@/components/ui/button' from file 'C:/Users/DION-SERVER/Desktop/noble.dion.sy/packages/noble/Telegram/src/Resources/js/settings/components/telegram-settings.tsx'
    Imported via '@/components/ui/button' from file 'C:/Users/DION-SERVER/Desktop/noble.dion.sy/packages/noble/Timesheet/src/Resources/js/Pages/Create.tsx'
    Imported via '@/components/ui/button' from file 'C:/Users/DION-SERVER/Desktop/noble.dion.sy/packages/noble/Timesheet/src/Resources/js/Pages/Edit.tsx'
    Imported via '@/components/ui/button' from file 'C:/Users/DION-SERVER/Desktop/noble.dion.sy/packages/noble/Timesheet/src/Resources/js/Pages/Index.tsx'
    Imported via '@/components/ui/button' from file 'C:/Users/DION-SERVER/Desktop/noble.dion.sy/packages/noble/Training/src/Resources/js/Pages/feedbacks/index.tsx'
    Imported via '@/components/ui/button' from file 'C:/Users/DION-SERVER/Desktop/noble.dion.sy/packages/noble/Training/src/Resources/js/Pages/tasks/create.tsx'
    Imported via '@/components/ui/button' from file 'C:/Users/DION-SERVER/Desktop/noble.dion.sy/packages/noble/Training/src/Resources/js/Pages/tasks/edit.tsx'
    Imported via '@/components/ui/button' from file 'C:/Users/DION-SERVER/Desktop/noble.dion.sy/packages/noble/Training/src/Resources/js/Pages/tasks/index.tsx'
    Imported via '@/components/ui/button' from file 'C:/Users/DION-SERVER/Desktop/noble.dion.sy/packages/noble/Training/src/Resources/js/Pages/trainers/create.tsx'
    Imported via '@/components/ui/button' from file 'C:/Users/DION-SERVER/Desktop/noble.dion.sy/packages/noble/Training/src/Resources/js/Pages/trainers/edit.tsx'
    Imported via '@/components/ui/button' from file 'C:/Users/DION-SERVER/Desktop/noble.dion.sy/packages/noble/Training/src/Resources/js/Pages/trainers/index.tsx'
    Imported via '@/components/ui/button' from file 'C:/Users/DION-SERVER/Desktop/noble.dion.sy/packages/noble/Training/src/Resources/js/Pages/training-types/create.tsx'
    Imported via '@/components/ui/button' from file 'C:/Users/DION-SERVER/Desktop/noble.dion.sy/packages/noble/Training/src/Resources/js/Pages/training-types/edit.tsx'
    Imported via '@/components/ui/button' from file 'C:/Users/DION-SERVER/Desktop/noble.dion.sy/packages/noble/Training/src/Resources/js/Pages/training-types/index.tsx'
    Imported via '@/components/ui/button' from file 'C:/Users/DION-SERVER/Desktop/noble.dion.sy/packages/noble/Training/src/Resources/js/Pages/trainings/create.tsx'
    Imported via '@/components/ui/button' from file 'C:/Users/DION-SERVER/Desktop/noble.dion.sy/packages/noble/Training/src/Resources/js/Pages/trainings/edit.tsx'
    Imported via '@/components/ui/button' from file 'C:/Users/DION-SERVER/Desktop/noble.dion.sy/packages/noble/Training/src/Resources/js/Pages/trainings/index.tsx'
    Imported via '@/components/ui/button' from file 'C:/Users/DION-SERVER/Desktop/noble.dion.sy/packages/noble/Twilio/src/Resources/js/settings/components/twilio-settings.tsx'
    Imported via '@/components/ui/button' from file 'C:/Users/DION-SERVER/Desktop/noble.dion.sy/packages/noble/Webhook/src/Resources/js/settings/components/webhook-settings.tsx'
    Imported via '@/components/ui/button' from file 'C:/Users/DION-SERVER/Desktop/noble.dion.sy/packages/noble/ZoomMeeting/src/Resources/js/Pages/ZoomMeetings/Create.tsx'
    Imported via '@/components/ui/button' from file 'C:/Users/DION-SERVER/Desktop/noble.dion.sy/packages/noble/ZoomMeeting/src/Resources/js/Pages/ZoomMeetings/Edit.tsx'
    Imported via '@/components/ui/button' from file 'C:/Users/DION-SERVER/Desktop/noble.dion.sy/packages/noble/ZoomMeeting/src/Resources/js/Pages/ZoomMeetings/Index.tsx'
    Imported via '@/components/ui/button' from file 'C:/Users/DION-SERVER/Desktop/noble.dion.sy/packages/noble/ZoomMeeting/src/Resources/js/Pages/ZoomMeetings/Show.tsx'
    Imported via '@/components/ui/button' from file 'C:/Users/DION-SERVER/Desktop/noble.dion.sy/packages/noble/ZoomMeeting/src/Resources/js/settings/components/zoom-meeting-settings.tsx'
packages/noble/SupportTicket/src/Resources/js/knowledge/Import.tsx(5,23): error TS1149: File name 'C:/Users/DION-SERVER/Desktop/noble.dion.sy/resources/js/Components/ui/input.tsx' differs from already included file name 'C:/Users/DION-SERVER/Desktop/noble.dion.sy/resources/js/components/ui/input.tsx' only in casing.
  The file is in the program because:
    Imported via '@/components/ui/input' from file 'C:/Users/DION-SERVER/Desktop/noble.dion.sy/resources/js/pages/settings/components/brand-settings.tsx'
    Imported via './ui/input' from file 'C:/Users/DION-SERVER/Desktop/noble.dion.sy/resources/js/components/MediaPicker.tsx'
    Imported via './ui/input' from file 'C:/Users/DION-SERVER/Desktop/noble.dion.sy/resources/js/components/MediaLibraryModal.tsx'
    Imported via './input' from file 'C:/Users/DION-SERVER/Desktop/noble.dion.sy/resources/js/components/ui/select.tsx'
    Imported via '@/components/ui/input' from file 'C:/Users/DION-SERVER/Desktop/noble.dion.sy/resources/js/pages/settings/components/company-settings.tsx'
    Imported via '@/components/ui/input' from file 'C:/Users/DION-SERVER/Desktop/noble.dion.sy/resources/js/pages/settings/components/system-settings.tsx'
    Imported via '@/components/ui/input' from file 'C:/Users/DION-SERVER/Desktop/noble.dion.sy/resources/js/pages/settings/components/currency-settings.tsx'
    Imported via '@/components/ui/input' from file 'C:/Users/DION-SERVER/Desktop/noble.dion.sy/resources/js/pages/settings/components/seo-settings.tsx'
    Imported via '@/components/ui/input' from file 'C:/Users/DION-SERVER/Desktop/noble.dion.sy/resources/js/pages/settings/components/storage-settings.tsx'
    Imported via '@/components/ui/input' from file 'C:/Users/DION-SERVER/Desktop/noble.dion.sy/resources/js/pages/settings/components/email-settings.tsx'
    Imported via '@/components/ui/input' from file 'C:/Users/DION-SERVER/Desktop/noble.dion.sy/resources/js/pages/settings/components/pusher-settings.tsx'
    Imported via '@/components/ui/input' from file 'C:/Users/DION-SERVER/Desktop/noble.dion.sy/resources/js/pages/settings/components/cookie-settings.tsx'
    Imported via '@/components/ui/input' from file 'C:/Users/DION-SERVER/Desktop/noble.dion.sy/resources/js/pages/settings/components/bank-transfer-settings.tsx'
    Imported via './input' from file 'C:/Users/DION-SERVER/Desktop/noble.dion.sy/resources/js/components/ui/icon-picker.tsx'
    Imported via '@/components/ui/input' from file 'C:/Users/DION-SERVER/Desktop/noble.dion.sy/resources/js/components/ui/sidebar.tsx'
    Imported via '@/components/ui/input' from file 'C:/Users/DION-SERVER/Desktop/noble.dion.sy/resources/js/components/create-language-modal.tsx'
    Imported via './input' from file 'C:/Users/DION-SERVER/Desktop/noble.dion.sy/resources/js/components/ui/currency-input.tsx'
    Imported via './input' from file 'C:/Users/DION-SERVER/Desktop/noble.dion.sy/resources/js/components/ui/data-table.tsx'
    Matched by include pattern 'resources/js/**/*.tsx' in 'C:/Users/DION-SERVER/Desktop/noble.dion.sy/tsconfig.json'
    Imported via '@/components/ui/input' from file 'C:/Users/DION-SERVER/Desktop/noble.dion.sy/resources/js/components/ui/module-card.tsx'
    Imported via './input' from file 'C:/Users/DION-SERVER/Desktop/noble.dion.sy/resources/js/components/ui/multi-select.tsx'
    Imported via './input' from file 'C:/Users/DION-SERVER/Desktop/noble.dion.sy/resources/js/components/ui/phone-input.tsx'
    Imported via './input' from file 'C:/Users/DION-SERVER/Desktop/noble.dion.sy/resources/js/components/ui/repeater.tsx'
    Imported via './input' from file 'C:/Users/DION-SERVER/Desktop/noble.dion.sy/resources/js/components/ui/search-input.tsx'
    Imported via './input' from file 'C:/Users/DION-SERVER/Desktop/noble.dion.sy/resources/js/components/ui/tags-input.tsx'
    Imported via '@/components/ui/input' from file 'C:/Users/DION-SERVER/Desktop/noble.dion.sy/resources/js/components/ui/translation-item.tsx'
    Imported via '@/components/ui/input' from file 'C:/Users/DION-SERVER/Desktop/noble.dion.sy/resources/js/pages/media-library.tsx'
    Imported via '@/components/ui/input' from file 'C:/Users/DION-SERVER/Desktop/noble.dion.sy/resources/js/pages/EmailTemplates/Edit.tsx'
    Imported via '@/components/ui/input' from file 'C:/Users/DION-SERVER/Desktop/noble.dion.sy/resources/js/pages/EmailTemplates/Index.tsx'
    Imported via '@/components/ui/input' from file 'C:/Users/DION-SERVER/Desktop/noble.dion.sy/resources/js/pages/Installer/Environment.tsx'
    Imported via '@/components/ui/input' from file 'C:/Users/DION-SERVER/Desktop/noble.dion.sy/resources/js/pages/MissionCommand/Gamification.tsx'
    Imported via '@/components/ui/input' from file 'C:/Users/DION-SERVER/Desktop/noble.dion.sy/resources/js/pages/MissionCommand/NotificationsHub.tsx'
    Imported via '@/components/ui/input' from file 'C:/Users/DION-SERVER/Desktop/noble.dion.sy/resources/js/pages/MissionCommand/AffiliateEngine/Index.tsx'
    Imported via '@/components/ui/input' from file 'C:/Users/DION-SERVER/Desktop/noble.dion.sy/resources/js/pages/MissionCommand/SecurityAudit/Index.tsx'
    Imported via '@/components/ui/input' from file 'C:/Users/DION-SERVER/Desktop/noble.dion.sy/resources/js/pages/MissionCommand/UnifiedInbox/Index.tsx'
    Imported via '@/components/ui/input' from file 'C:/Users/DION-SERVER/Desktop/noble.dion.sy/resources/js/pages/Purchase/components/InvoiceItemsTable.tsx'
    Imported via '@/components/ui/input' from file 'C:/Users/DION-SERVER/Desktop/noble.dion.sy/resources/js/pages/Purchase/Create.tsx'
    Imported via '@/components/ui/input' from file 'C:/Users/DION-SERVER/Desktop/noble.dion.sy/resources/js/pages/Purchase/Edit.tsx'
    Imported via '@/components/ui/input' from file 'C:/Users/DION-SERVER/Desktop/noble.dion.sy/resources/js/pages/Purchase/Index.tsx'
    Imported via '@/components/ui/input' from file 'C:/Users/DION-SERVER/Desktop/noble.dion.sy/resources/js/pages/PurchaseReturns/Create.tsx'
    Imported via '@/components/ui/input' from file 'C:/Users/DION-SERVER/Desktop/noble.dion.sy/resources/js/pages/Sales/components/InvoiceItemsTable.tsx'
    Imported via '@/components/ui/input' from file 'C:/Users/DION-SERVER/Desktop/noble.dion.sy/resources/js/pages/Sales/Create.tsx'
    Imported via '@/components/ui/input' from file 'C:/Users/DION-SERVER/Desktop/noble.dion.sy/resources/js/pages/Sales/Edit.tsx'
    Imported via '@/components/ui/input' from file 'C:/Users/DION-SERVER/Desktop/noble.dion.sy/resources/js/pages/SalesProposals/Create.tsx'
    Imported via '@/components/ui/input' from file 'C:/Users/DION-SERVER/Desktop/noble.dion.sy/resources/js/pages/SalesProposals/Edit.tsx'
    Imported via '@/components/ui/input' from file 'C:/Users/DION-SERVER/Desktop/noble.dion.sy/resources/js/pages/SalesReturns/Create.tsx'
    Imported via '@/components/ui/input' from file 'C:/Users/DION-SERVER/Desktop/noble.dion.sy/resources/js/pages/Transfers/Index.tsx'
    Imported via '@/components/ui/input' from file 'C:/Users/DION-SERVER/Desktop/noble.dion.sy/resources/js/pages/Transfers/create.tsx'
    Imported via '@/components/ui/input' from file 'C:/Users/DION-SERVER/Desktop/noble.dion.sy/resources/js/pages/auth/confirm-password.tsx'
    Imported via '@/components/ui/input' from file 'C:/Users/DION-SERVER/Desktop/noble.dion.sy/resources/js/pages/auth/forgot-password.tsx'
    Imported via '@/components/ui/input' from file 'C:/Users/DION-SERVER/Desktop/noble.dion.sy/resources/js/pages/auth/login.tsx'
    Imported via '@/components/ui/input' from file 'C:/Users/DION-SERVER/Desktop/noble.dion.sy/resources/js/pages/auth/register.tsx'
    Imported via '@/components/ui/input' from file 'C:/Users/DION-SERVER/Desktop/noble.dion.sy/resources/js/pages/auth/reset-password.tsx'
    Imported via '@/components/ui/input' from file 'C:/Users/DION-SERVER/Desktop/noble.dion.sy/resources/js/pages/bank-transfer/index.tsx'
    Imported via '@/components/ui/input' from file 'C:/Users/DION-SERVER/Desktop/noble.dion.sy/resources/js/pages/coupons/create.tsx'
    Imported via '@/components/ui/input' from file 'C:/Users/DION-SERVER/Desktop/noble.dion.sy/resources/js/pages/coupons/details.tsx'
    Imported via '@/components/ui/input' from file 'C:/Users/DION-SERVER/Desktop/noble.dion.sy/resources/js/pages/coupons/edit.tsx'
    Imported via '@/components/ui/input' from file 'C:/Users/DION-SERVER/Desktop/noble.dion.sy/resources/js/pages/coupons/index.tsx'
    Imported via '@/components/ui/input' from file 'C:/Users/DION-SERVER/Desktop/noble.dion.sy/resources/js/pages/helpdesk/categories/create.tsx'
    Imported via '@/components/ui/input' from file 'C:/Users/DION-SERVER/Desktop/noble.dion.sy/resources/js/pages/helpdesk/categories/edit.tsx'
    Imported via '@/components/ui/input' from file 'C:/Users/DION-SERVER/Desktop/noble.dion.sy/resources/js/pages/helpdesk/tickets/create.tsx'
    Imported via '@/components/ui/input' from file 'C:/Users/DION-SERVER/Desktop/noble.dion.sy/resources/js/pages/helpdesk/tickets/edit.tsx'
    Imported via '@/components/ui/input' from file 'C:/Users/DION-SERVER/Desktop/noble.dion.sy/resources/js/pages/helpdesk/tickets/index.tsx'
    Imported via '@/components/ui/input' from file 'C:/Users/DION-SERVER/Desktop/noble.dion.sy/resources/js/pages/languages/manage.tsx'
    Imported via '@/components/ui/input' from file 'C:/Users/DION-SERVER/Desktop/noble.dion.sy/resources/js/pages/messenger/index.tsx'
    Imported via '@/components/ui/input' from file 'C:/Users/DION-SERVER/Desktop/noble.dion.sy/resources/js/pages/notification-templates/Edit.tsx'
    Imported via '@/components/ui/input' from file 'C:/Users/DION-SERVER/Desktop/noble.dion.sy/resources/js/pages/plans/form.tsx'
    Imported via '@/components/ui/input' from file 'C:/Users/DION-SERVER/Desktop/noble.dion.sy/resources/js/pages/plans/index.tsx'
    Imported via '@/components/ui/input' from file 'C:/Users/DION-SERVER/Desktop/noble.dion.sy/resources/js/pages/plans/subscription-layout.tsx'
    Imported via '@/components/ui/input' from file 'C:/Users/DION-SERVER/Desktop/noble.dion.sy/resources/js/pages/profile/partials/update-password-form.tsx'
    Imported via '@/components/ui/input' from file 'C:/Users/DION-SERVER/Desktop/noble.dion.sy/resources/js/pages/profile/partials/update-profile-information-form.tsx'
    Imported via '@/components/ui/input' from file 'C:/Users/DION-SERVER/Desktop/noble.dion.sy/resources/js/pages/roles/create.tsx'
    Imported via '@/components/ui/input' from file 'C:/Users/DION-SERVER/Desktop/noble.dion.sy/resources/js/pages/roles/edit.tsx'
    Imported via '@/components/ui/input' from file 'C:/Users/DION-SERVER/Desktop/noble.dion.sy/resources/js/pages/roles/index.tsx'
    Imported via '@/components/ui/input' from file 'C:/Users/DION-SERVER/Desktop/noble.dion.sy/resources/js/pages/users/assign-plan.tsx'
    Imported via '@/components/ui/input' from file 'C:/Users/DION-SERVER/Desktop/noble.dion.sy/resources/js/pages/users/change-password.tsx'
    Imported via '@/components/ui/input' from file 'C:/Users/DION-SERVER/Desktop/noble.dion.sy/resources/js/pages/users/create.tsx'
    Imported via '@/components/ui/input' from file 'C:/Users/DION-SERVER/Desktop/noble.dion.sy/resources/js/pages/users/edit.tsx'
    Imported via '@/components/ui/input' from file 'C:/Users/DION-SERVER/Desktop/noble.dion.sy/resources/js/pages/users/index.tsx'
    Imported via '@/components/ui/input' from file 'C:/Users/DION-SERVER/Desktop/noble.dion.sy/resources/js/pages/users/login-history.tsx'
    Imported via '@/components/ui/input' from file 'C:/Users/DION-SERVER/Desktop/noble.dion.sy/resources/js/pages/warehouses/create.tsx'
    Imported via '@/components/ui/input' from file 'C:/Users/DION-SERVER/Desktop/noble.dion.sy/resources/js/pages/warehouses/edit.tsx'
    Imported via '@/components/ui/input' from file 'C:/Users/DION-SERVER/Desktop/noble.dion.sy/resources/js/pages/warehouses/index.tsx'
    Imported via '@/components/ui/input' from file 'C:/Users/DION-SERVER/Desktop/noble.dion.sy/packages/noble/AIAssistant/src/Resources/js/settings/components/ai-assistant-settings.tsx'
    Imported via '@/components/ui/input' from file 'C:/Users/DION-SERVER/Desktop/noble.dion.sy/packages/noble/Account/src/Resources/js/Pages/BankAccounts/Create.tsx'
    Imported via '@/components/ui/input' from file 'C:/Users/DION-SERVER/Desktop/noble.dion.sy/packages/noble/Account/src/Resources/js/Pages/BankAccounts/Edit.tsx'
    Imported via '@/components/ui/input' from file 'C:/Users/DION-SERVER/Desktop/noble.dion.sy/packages/noble/Account/src/Resources/js/Pages/BankAccounts/Index.tsx'
    Imported via '@/components/ui/input' from file 'C:/Users/DION-SERVER/Desktop/noble.dion.sy/packages/noble/Account/src/Resources/js/Pages/BankTransactions/Index.tsx'
    Imported via '@/components/ui/input' from file 'C:/Users/DION-SERVER/Desktop/noble.dion.sy/packages/noble/Account/src/Resources/js/Pages/BankTransfers/Create.tsx'
    Imported via '@/components/ui/input' from file 'C:/Users/DION-SERVER/Desktop/noble.dion.sy/packages/noble/Account/src/Resources/js/Pages/BankTransfers/Edit.tsx'
    Imported via '@/components/ui/input' from file 'C:/Users/DION-SERVER/Desktop/noble.dion.sy/packages/noble/Account/src/Resources/js/Pages/BankTransfers/Index.tsx'
    Imported via '@/components/ui/input' from file 'C:/Users/DION-SERVER/Desktop/noble.dion.sy/packages/noble/Account/src/Resources/js/Pages/ChartOfAccounts/Create.tsx'
    Imported via '@/components/ui/input' from file 'C:/Users/DION-SERVER/Desktop/noble.dion.sy/packages/noble/Account/src/Resources/js/Pages/ChartOfAccounts/Edit.tsx'
    Imported via '@/components/ui/input' from file 'C:/Users/DION-SERVER/Desktop/noble.dion.sy/packages/noble/Account/src/Resources/js/Pages/CreditNotes/Create.tsx'
    Imported via '@/components/ui/input' from file 'C:/Users/DION-SERVER/Desktop/noble.dion.sy/packages/noble/Account/src/Resources/js/Pages/CustomerPayments/Create.tsx'
    Imported via '@/components/ui/input' from file 'C:/Users/DION-SERVER/Desktop/noble.dion.sy/packages/noble/Account/src/Resources/js/Pages/Customers/Create.tsx'
    Imported via '@/components/ui/input' from file 'C:/Users/DION-SERVER/Desktop/noble.dion.sy/packages/noble/Account/src/Resources/js/Pages/Customers/Edit.tsx'
    Imported via '@/components/ui/input' from file 'C:/Users/DION-SERVER/Desktop/noble.dion.sy/packages/noble/Account/src/Resources/js/Pages/Customers/Index.tsx'
    Imported via '@/components/ui/input' from file 'C:/Users/DION-SERVER/Desktop/noble.dion.sy/packages/noble/Account/src/Resources/js/Pages/DebitNotes/Create.tsx'
    Imported via '@/components/ui/input' from file 'C:/Users/DION-SERVER/Desktop/noble.dion.sy/packages/noble/Account/src/Resources/js/Pages/Expenses/Create.tsx'
    Imported via '@/components/ui/input' from file 'C:/Users/DION-SERVER/Desktop/noble.dion.sy/packages/noble/Account/src/Resources/js/Pages/Expenses/Edit.tsx'
    Imported via '@/components/ui/input' from file 'C:/Users/DION-SERVER/Desktop/noble.dion.sy/packages/noble/Account/src/Resources/js/Pages/Revenues/Create.tsx'
    Imported via '@/components/ui/input' from file 'C:/Users/DION-SERVER/Desktop/noble.dion.sy/packages/noble/Account/src/Resources/js/Pages/Revenues/Edit.tsx'
    Imported via '@/components/ui/input' from file 'C:/Users/DION-SERVER/Desktop/noble.dion.sy/packages/noble/Account/src/Resources/js/Pages/SystemSetup/AccountTypes/Create.tsx'
    Imported via '@/components/ui/input' from file 'C:/Users/DION-SERVER/Desktop/noble.dion.sy/packages/noble/Account/src/Resources/js/Pages/SystemSetup/AccountTypes/Edit.tsx'
    Imported via '@/components/ui/input' from file 'C:/Users/DION-SERVER/Desktop/noble.dion.sy/packages/noble/Account/src/Resources/js/Pages/SystemSetup/ExpenseCategories/Create.tsx'
    Imported via '@/components/ui/input' from file 'C:/Users/DION-SERVER/Desktop/noble.dion.sy/packages/noble/Account/src/Resources/js/Pages/SystemSetup/ExpenseCategories/Edit.tsx'
    Imported via '@/components/ui/input' from file 'C:/Users/DION-SERVER/Desktop/noble.dion.sy/packages/noble/Account/src/Resources/js/Pages/SystemSetup/RevenueCategories/Create.tsx'
    Imported via '@/components/ui/input' from file 'C:/Users/DION-SERVER/Desktop/noble.dion.sy/packages/noble/Account/src/Resources/js/Pages/SystemSetup/RevenueCategories/Edit.tsx'
    Imported via '@/components/ui/input' from file 'C:/Users/DION-SERVER/Desktop/noble.dion.sy/packages/noble/Account/src/Resources/js/Pages/VendorPayments/Create.tsx'
    Imported via '@/components/ui/input' from file 'C:/Users/DION-SERVER/Desktop/noble.dion.sy/packages/noble/Account/src/Resources/js/Pages/VendorPayments/Index.tsx'
    Imported via '@/components/ui/input' from file 'C:/Users/DION-SERVER/Desktop/noble.dion.sy/packages/noble/Account/src/Resources/js/Pages/Vendors/Create.tsx'
    Imported via '@/components/ui/input' from file 'C:/Users/DION-SERVER/Desktop/noble.dion.sy/packages/noble/Account/src/Resources/js/Pages/Vendors/Edit.tsx'
    Imported via '@/components/ui/input' from file 'C:/Users/DION-SERVER/Desktop/noble.dion.sy/packages/noble/Account/src/Resources/js/Pages/Vendors/Index.tsx'
    Imported via '@/components/ui/input' from file 'C:/Users/DION-SERVER/Desktop/noble.dion.sy/packages/noble/BudgetPlanner/src/Resources/js/Pages/BudgetPeriods/Create.tsx'
    Imported via '@/components/ui/input' from file 'C:/Users/DION-SERVER/Desktop/noble.dion.sy/packages/noble/BudgetPlanner/src/Resources/js/Pages/BudgetPeriods/Edit.tsx'
    Imported via '@/components/ui/input' from file 'C:/Users/DION-SERVER/Desktop/noble.dion.sy/packages/noble/BudgetPlanner/src/Resources/js/Pages/BudgetPeriods/Index.tsx'
    Imported via '@/components/ui/input' from file 'C:/Users/DION-SERVER/Desktop/noble.dion.sy/packages/noble/BudgetPlanner/src/Resources/js/Pages/Budgets/Create.tsx'
    Imported via '@/components/ui/input' from file 'C:/Users/DION-SERVER/Desktop/noble.dion.sy/packages/noble/BudgetPlanner/src/Resources/js/Pages/Budgets/Edit.tsx'
    Imported via '@/components/ui/input' from file 'C:/Users/DION-SERVER/Desktop/noble.dion.sy/packages/noble/Calendar/src/Resources/js/settings/components/google-calendar-settings.tsx'
    Imported via '@/components/ui/input' from file 'C:/Users/DION-SERVER/Desktop/noble.dion.sy/packages/noble/Contract/src/Resources/js/Pages/ContractTypes/Create.tsx'
    Imported via '@/components/ui/input' from file 'C:/Users/DION-SERVER/Desktop/noble.dion.sy/packages/noble/Contract/src/Resources/js/Pages/ContractTypes/Edit.tsx'
    Imported via '@/components/ui/input' from file 'C:/Users/DION-SERVER/Desktop/noble.dion.sy/packages/noble/Contract/src/Resources/js/Pages/Contracts/Create.tsx'
    Imported via '@/components/ui/input' from file 'C:/Users/DION-SERVER/Desktop/noble.dion.sy/packages/noble/Contract/src/Resources/js/Pages/Contracts/Duplicate.tsx'
    Imported via '@/components/ui/input' from file 'C:/Users/DION-SERVER/Desktop/noble.dion.sy/packages/noble/Contract/src/Resources/js/Pages/Contracts/Edit.tsx'
    Imported via '@/components/ui/input' from file 'C:/Users/DION-SERVER/Desktop/noble.dion.sy/packages/noble/Contract/src/Resources/js/settings/components/contract-settings.tsx'
    Imported via '@/components/ui/input' from file 'C:/Users/DION-SERVER/Desktop/noble.dion.sy/packages/noble/DoubleEntry/src/Resources/js/Pages/BalanceSheets/Generate.tsx'
    Imported via '@/components/ui/input' from file 'C:/Users/DION-SERVER/Desktop/noble.dion.sy/packages/noble/DoubleEntry/src/Resources/js/Pages/BalanceSheets/Index.tsx'
    Imported via '@/components/ui/input' from file 'C:/Users/DION-SERVER/Desktop/noble.dion.sy/packages/noble/DoubleEntry/src/Resources/js/Pages/BalanceSheets/YearEndClose.tsx'
    Imported via '@/components/ui/input' from file 'C:/Users/DION-SERVER/Desktop/noble.dion.sy/packages/noble/DoubleEntry/src/Resources/js/Pages/BalanceSheets/Note.tsx'
    Imported via '@/components/ui/input' from file 'C:/Users/DION-SERVER/Desktop/noble.dion.sy/packages/noble/DoubleEntry/src/Resources/js/Pages/BalanceSheets/View.tsx'
    Imported via '@/components/ui/input' from file 'C:/Users/DION-SERVER/Desktop/noble.dion.sy/packages/noble/DoubleEntry/src/Resources/js/Pages/LedgerSummary/Index.tsx'
    Imported via '@/components/ui/input' from file 'C:/Users/DION-SERVER/Desktop/noble.dion.sy/packages/noble/FormBuilder/src/Resources/js/Pages/Forms/Create.tsx'
    Imported via '@/components/ui/input' from file 'C:/Users/DION-SERVER/Desktop/noble.dion.sy/packages/noble/FormBuilder/src/Resources/js/Pages/Forms/Edit.tsx'
    Imported via '@/components/ui/input' from file 'C:/Users/DION-SERVER/Desktop/noble.dion.sy/packages/noble/FormBuilder/src/Resources/js/components/FormField.tsx'
    Imported via '@/components/ui/input' from file 'C:/Users/DION-SERVER/Desktop/noble.dion.sy/packages/noble/Goal/src/Resources/js/Pages/Categories/Create.tsx'
    Imported via '@/components/ui/input' from file 'C:/Users/DION-SERVER/Desktop/noble.dion.sy/packages/noble/Goal/src/Resources/js/Pages/Categories/Edit.tsx'
    Imported via '@/components/ui/input' from file 'C:/Users/DION-SERVER/Desktop/noble.dion.sy/packages/noble/Goal/src/Resources/js/Pages/Contributions/Create.tsx'
    Imported via '@/components/ui/input' from file 'C:/Users/DION-SERVER/Desktop/noble.dion.sy/packages/noble/Goal/src/Resources/js/Pages/Contributions/Edit.tsx'
    Imported via '@/components/ui/input' from file 'C:/Users/DION-SERVER/Desktop/noble.dion.sy/packages/noble/Goal/src/Resources/js/Pages/Goals/Create.tsx'
    Imported via '@/components/ui/input' from file 'C:/Users/DION-SERVER/Desktop/noble.dion.sy/packages/noble/Goal/src/Resources/js/Pages/Goals/Edit.tsx'
    Imported via '@/components/ui/input' from file 'C:/Users/DION-SERVER/Desktop/noble.dion.sy/packages/noble/Goal/src/Resources/js/Pages/Milestones/Create.tsx'
    Imported via '@/components/ui/input' from file 'C:/Users/DION-SERVER/Desktop/noble.dion.sy/packages/noble/Goal/src/Resources/js/Pages/Milestones/Edit.tsx'
    Imported via '@/components/ui/input' from file 'C:/Users/DION-SERVER/Desktop/noble.dion.sy/packages/noble/Goal/src/Resources/js/Pages/Tracking/Create.tsx'
    Imported via '@/components/ui/input' from file 'C:/Users/DION-SERVER/Desktop/noble.dion.sy/packages/noble/Goal/src/Resources/js/Pages/Tracking/Edit.tsx'
    Imported via '@/components/ui/input' from file 'C:/Users/DION-SERVER/Desktop/noble.dion.sy/packages/noble/GoogleCaptcha/src/Resources/js/settings/components/google-captcha-settings.tsx'
    Imported via '@/components/ui/input' from file 'C:/Users/DION-SERVER/Desktop/noble.dion.sy/packages/noble/Hrm/src/Resources/js/Pages/Announcements/Create.tsx'
    Imported via '@/components/ui/input' from file 'C:/Users/DION-SERVER/Desktop/noble.dion.sy/packages/noble/Hrm/src/Resources/js/Pages/Announcements/Edit.tsx'
    Imported via '@/components/ui/input' from file 'C:/Users/DION-SERVER/Desktop/noble.dion.sy/packages/noble/Hrm/src/Resources/js/Pages/Assets/Index.tsx'
    Imported via '@/components/ui/input' from file 'C:/Users/DION-SERVER/Desktop/noble.dion.sy/packages/noble/Hrm/src/Resources/js/Pages/Attendances/Create.tsx'
    Imported via '@/components/ui/input' from file 'C:/Users/DION-SERVER/Desktop/noble.dion.sy/packages/noble/Hrm/src/Resources/js/Pages/Attendances/Edit.tsx'
    Imported via '@/components/ui/input' from file 'C:/Users/DION-SERVER/Desktop/noble.dion.sy/packages/noble/Hrm/src/Resources/js/Pages/Attendances/Index.tsx'
    Imported via '@/components/ui/input' from file 'C:/Users/DION-SERVER/Desktop/noble.dion.sy/packages/noble/Hrm/src/Resources/js/Pages/Attendances/Tracker.tsx'
    Imported via '@/components/ui/input' from file 'C:/Users/DION-SERVER/Desktop/noble.dion.sy/packages/noble/Hrm/src/Resources/js/Pages/Awards/Create.tsx'
    Imported via '@/components/ui/input' from file 'C:/Users/DION-SERVER/Desktop/noble.dion.sy/packages/noble/Hrm/src/Resources/js/Pages/Awards/Edit.tsx'
    Imported via '@/components/ui/input' from file 'C:/Users/DION-SERVER/Desktop/noble.dion.sy/packages/noble/Hrm/src/Resources/js/Pages/Complaints/Create.tsx'
    Imported via '@/components/ui/input' from file 'C:/Users/DION-SERVER/Desktop/noble.dion.sy/packages/noble/Hrm/src/Resources/js/Pages/Complaints/Edit.tsx'
    Imported via '@/components/ui/input' from file 'C:/Users/DION-SERVER/Desktop/noble.dion.sy/packages/noble/Hrm/src/Resources/js/Pages/Contracts/Index.tsx'
    Imported via '@/components/ui/input' from file 'C:/Users/DION-SERVER/Desktop/noble.dion.sy/packages/noble/Hrm/src/Resources/js/Pages/Employees/Create.tsx'
    Imported via '@/components/ui/input' from file 'C:/Users/DION-SERVER/Desktop/noble.dion.sy/packages/noble/Hrm/src/Resources/js/Pages/Employees/Edit.tsx'
    Imported via '@/components/ui/input' from file 'C:/Users/DION-SERVER/Desktop/noble.dion.sy/packages/noble/Hrm/src/Resources/js/Pages/Events/Create.tsx'
    Imported via '@/components/ui/input' from file 'C:/Users/DION-SERVER/Desktop/noble.dion.sy/packages/noble/Hrm/src/Resources/js/Pages/Events/Edit.tsx'
    Imported via '@/components/ui/input' from file 'C:/Users/DION-SERVER/Desktop/noble.dion.sy/packages/noble/Hrm/src/Resources/js/Pages/FinalSettlement/Index.tsx'
    Imported via '@/components/ui/input' from file 'C:/Users/DION-SERVER/Desktop/noble.dion.sy/packages/noble/Hrm/src/Resources/js/Pages/Holidays/Create.tsx'
    Imported via '@/components/ui/input' from file 'C:/Users/DION-SERVER/Desktop/noble.dion.sy/packages/noble/Hrm/src/Resources/js/Pages/Holidays/Edit.tsx'
    Imported via '@/components/ui/input' from file 'C:/Users/DION-SERVER/Desktop/noble.dion.sy/packages/noble/Hrm/src/Resources/js/Pages/HrmDocuments/Create.tsx'
    Imported via '@/components/ui/input' from file 'C:/Users/DION-SERVER/Desktop/noble.dion.sy/packages/noble/Hrm/src/Resources/js/Pages/HrmDocuments/Edit.tsx'
    Imported via '@/components/ui/input' from file 'C:/Users/DION-SERVER/Desktop/noble.dion.sy/packages/noble/Hrm/src/Resources/js/Pages/LeaveApplications/Index.tsx'
    Imported via '@/components/ui/input' from file 'C:/Users/DION-SERVER/Desktop/noble.dion.sy/packages/noble/Hrm/src/Resources/js/Pages/LeaveTypes/Create.tsx'
    Imported via '@/components/ui/input' from file 'C:/Users/DION-SERVER/Desktop/noble.dion.sy/packages/noble/Hrm/src/Resources/js/Pages/LeaveTypes/Edit.tsx'
    Imported via '@/components/ui/input' from file 'C:/Users/DION-SERVER/Desktop/noble.dion.sy/packages/noble/Hrm/src/Resources/js/Pages/Onboarding/Index.tsx'
    Imported via '@/components/ui/input' from file 'C:/Users/DION-SERVER/Desktop/noble.dion.sy/packages/noble/Hrm/src/Resources/js/Pages/Payrolls/Create.tsx'
    Imported via '@/components/ui/input' from file 'C:/Users/DION-SERVER/Desktop/noble.dion.sy/packages/noble/Hrm/src/Resources/js/Pages/Payrolls/Edit.tsx'
    Imported via '@/components/ui/input' from file 'C:/Users/DION-SERVER/Desktop/noble.dion.sy/packages/noble/Hrm/src/Resources/js/Pages/Resignations/Create.tsx'
    Imported via '@/components/ui/input' from file 'C:/Users/DION-SERVER/Desktop/noble.dion.sy/packages/noble/Hrm/src/Resources/js/Pages/Resignations/Edit.tsx'
    Imported via '@/components/ui/input' from file 'C:/Users/DION-SERVER/Desktop/noble.dion.sy/packages/noble/Hrm/src/Resources/js/Pages/SetSalary/Show.tsx'
    Imported via '@/components/ui/input' from file 'C:/Users/DION-SERVER/Desktop/noble.dion.sy/packages/noble/Hrm/src/Resources/js/Pages/SetSalary/Allowances/Create.tsx'
    Imported via '@/components/ui/input' from file 'C:/Users/DION-SERVER/Desktop/noble.dion.sy/packages/noble/Hrm/src/Resources/js/Pages/SetSalary/Allowances/Edit.tsx'
    Imported via '@/components/ui/input' from file 'C:/Users/DION-SERVER/Desktop/noble.dion.sy/packages/noble/Hrm/src/Resources/js/Pages/SetSalary/Deductions/Create.tsx'
    Imported via '@/components/ui/input' from file 'C:/Users/DION-SERVER/Desktop/noble.dion.sy/packages/noble/Hrm/src/Resources/js/Pages/SetSalary/Deductions/Edit.tsx'
    Imported via '@/components/ui/input' from file 'C:/Users/DION-SERVER/Desktop/noble.dion.sy/packages/noble/Hrm/src/Resources/js/Pages/SetSalary/Loans/Create.tsx'
    Imported via '@/components/ui/input' from file 'C:/Users/DION-SERVER/Desktop/noble.dion.sy/packages/noble/Hrm/src/Resources/js/Pages/SetSalary/Loans/Edit.tsx'
    Imported via '@/components/ui/input' from file 'C:/Users/DION-SERVER/Desktop/noble.dion.sy/packages/noble/Hrm/src/Resources/js/Pages/SetSalary/Overtimes/Create.tsx'
    Imported via '@/components/ui/input' from file 'C:/Users/DION-SERVER/Desktop/noble.dion.sy/packages/noble/Hrm/src/Resources/js/Pages/SetSalary/Overtimes/Edit.tsx'
    Imported via '@/components/ui/input' from file 'C:/Users/DION-SERVER/Desktop/noble.dion.sy/packages/noble/Hrm/src/Resources/js/Pages/Shifts/Create.tsx'
    Imported via '@/components/ui/input' from file 'C:/Users/DION-SERVER/Desktop/noble.dion.sy/packages/noble/Hrm/src/Resources/js/Pages/Shifts/Edit.tsx'
    Imported via '@/components/ui/input' from file 'C:/Users/DION-SERVER/Desktop/noble.dion.sy/packages/noble/Hrm/src/Resources/js/Pages/SystemSetup/AllowanceTypes/Create.tsx'
    Imported via '@/components/ui/input' from file 'C:/Users/DION-SERVER/Desktop/noble.dion.sy/packages/noble/Hrm/src/Resources/js/Pages/SystemSetup/AllowanceTypes/Edit.tsx'
    Imported via '@/components/ui/input' from file 'C:/Users/DION-SERVER/Desktop/noble.dion.sy/packages/noble/Hrm/src/Resources/js/Pages/SystemSetup/AnnouncementCategories/Create.tsx'
    Imported via '@/components/ui/input' from file 'C:/Users/DION-SERVER/Desktop/noble.dion.sy/packages/noble/Hrm/src/Resources/js/Pages/SystemSetup/AnnouncementCategories/Edit.tsx'
    Imported via '@/components/ui/input' from file 'C:/Users/DION-SERVER/Desktop/noble.dion.sy/packages/noble/Hrm/src/Resources/js/Pages/SystemSetup/AwardTypes/Create.tsx'
    Imported via '@/components/ui/input' from file 'C:/Users/DION-SERVER/Desktop/noble.dion.sy/packages/noble/Hrm/src/Resources/js/Pages/SystemSetup/AwardTypes/Edit.tsx'
    Imported via '@/components/ui/input' from file 'C:/Users/DION-SERVER/Desktop/noble.dion.sy/packages/noble/Hrm/src/Resources/js/Pages/SystemSetup/Branches/Create.tsx'
    Imported via '@/components/ui/input' from file 'C:/Users/DION-SERVER/Desktop/noble.dion.sy/packages/noble/Hrm/src/Resources/js/Pages/SystemSetup/Branches/Edit.tsx'
    Imported via '@/components/ui/input' from file 'C:/Users/DION-SERVER/Desktop/noble.dion.sy/packages/noble/Hrm/src/Resources/js/Pages/SystemSetup/ComplaintTypes/Create.tsx'
    Imported via '@/components/ui/input' from file 'C:/Users/DION-SERVER/Desktop/noble.dion.sy/packages/noble/Hrm/src/Resources/js/Pages/SystemSetup/ComplaintTypes/Edit.tsx'
    Imported via '@/components/ui/input' from file 'C:/Users/DION-SERVER/Desktop/noble.dion.sy/packages/noble/Hrm/src/Resources/js/Pages/SystemSetup/DeductionTypes/Create.tsx'
    Imported via '@/components/ui/input' from file 'C:/Users/DION-SERVER/Desktop/noble.dion.sy/packages/noble/Hrm/src/Resources/js/Pages/SystemSetup/DeductionTypes/Edit.tsx'
    Imported via '@/components/ui/input' from file 'C:/Users/DION-SERVER/Desktop/noble.dion.sy/packages/noble/Hrm/src/Resources/js/Pages/SystemSetup/Departments/Create.tsx'
    Imported via '@/components/ui/input' from file 'C:/Users/DION-SERVER/Desktop/noble.dion.sy/packages/noble/Hrm/src/Resources/js/Pages/SystemSetup/Departments/Edit.tsx'
    Imported via '@/components/ui/input' from file 'C:/Users/DION-SERVER/Desktop/noble.dion.sy/packages/noble/Hrm/src/Resources/js/Pages/SystemSetup/Designations/Create.tsx'
    Imported via '@/components/ui/input' from file 'C:/Users/DION-SERVER/Desktop/noble.dion.sy/packages/noble/Hrm/src/Resources/js/Pages/SystemSetup/Designations/Edit.tsx'
    Imported via '@/components/ui/input' from file 'C:/Users/DION-SERVER/Desktop/noble.dion.sy/packages/noble/Hrm/src/Resources/js/Pages/SystemSetup/DocumentCategories/Create.tsx'
    Imported via '@/components/ui/input' from file 'C:/Users/DION-SERVER/Desktop/noble.dion.sy/packages/noble/Hrm/src/Resources/js/Pages/SystemSetup/DocumentCategories/Edit.tsx'
    Imported via '@/components/ui/input' from file 'C:/Users/DION-SERVER/Desktop/noble.dion.sy/packages/noble/Hrm/src/Resources/js/Pages/SystemSetup/EmployeeDocumentTypes/Create.tsx'
    Imported via '@/components/ui/input' from file 'C:/Users/DION-SERVER/Desktop/noble.dion.sy/packages/noble/Hrm/src/Resources/js/Pages/SystemSetup/EmployeeDocumentTypes/Edit.tsx'
    Imported via '@/components/ui/input' from file 'C:/Users/DION-SERVER/Desktop/noble.dion.sy/packages/noble/Hrm/src/Resources/js/Pages/SystemSetup/EventTypes/Create.tsx'
    Imported via '@/components/ui/input' from file 'C:/Users/DION-SERVER/Desktop/noble.dion.sy/packages/noble/Hrm/src/Resources/js/Pages/SystemSetup/EventTypes/Edit.tsx'
    Imported via '@/components/ui/input' from file 'C:/Users/DION-SERVER/Desktop/noble.dion.sy/packages/noble/Hrm/src/Resources/js/Pages/SystemSetup/HolidayTypes/Create.tsx'
    Imported via '@/components/ui/input' from file 'C:/Users/DION-SERVER/Desktop/noble.dion.sy/packages/noble/Hrm/src/Resources/js/Pages/SystemSetup/HolidayTypes/Edit.tsx'
    Imported via '@/components/ui/input' from file 'C:/Users/DION-SERVER/Desktop/noble.dion.sy/packages/noble/Hrm/src/Resources/js/Pages/SystemSetup/IpRestricts/Create.tsx'
    Imported via '@/components/ui/input' from file 'C:/Users/DION-SERVER/Desktop/noble.dion.sy/packages/noble/Hrm/src/Resources/js/Pages/SystemSetup/IpRestricts/Edit.tsx'
    Imported via '@/components/ui/input' from file 'C:/Users/DION-SERVER/Desktop/noble.dion.sy/packages/noble/Hrm/src/Resources/js/Pages/SystemSetup/LoanTypes/Create.tsx'
    Imported via '@/components/ui/input' from file 'C:/Users/DION-SERVER/Desktop/noble.dion.sy/packages/noble/Hrm/src/Resources/js/Pages/SystemSetup/LoanTypes/Edit.tsx'
    Imported via '@/components/ui/input' from file 'C:/Users/DION-SERVER/Desktop/noble.dion.sy/packages/noble/Hrm/src/Resources/js/Pages/SystemSetup/TerminationTypes/Create.tsx'
    Imported via '@/components/ui/input' from file 'C:/Users/DION-SERVER/Desktop/noble.dion.sy/packages/noble/Hrm/src/Resources/js/Pages/SystemSetup/TerminationTypes/Edit.tsx'
    Imported via '@/components/ui/input' from file 'C:/Users/DION-SERVER/Desktop/noble.dion.sy/packages/noble/Hrm/src/Resources/js/Pages/SystemSetup/ViolationTypes/Index.tsx'
    Imported via '@/components/ui/input' from file 'C:/Users/DION-SERVER/Desktop/noble.dion.sy/packages/noble/Hrm/src/Resources/js/Pages/SystemSetup/WarningTypes/Create.tsx'
    Imported via '@/components/ui/input' from file 'C:/Users/DION-SERVER/Desktop/noble.dion.sy/packages/noble/Hrm/src/Resources/js/Pages/SystemSetup/WarningTypes/Edit.tsx'
    Imported via '@/components/ui/input' from file 'C:/Users/DION-SERVER/Desktop/noble.dion.sy/packages/noble/Hrm/src/Resources/js/Pages/Terminations/Create.tsx'
    Imported via '@/components/ui/input' from file 'C:/Users/DION-SERVER/Desktop/noble.dion.sy/packages/noble/Hrm/src/Resources/js/Pages/Terminations/Edit.tsx'
    Imported via '@/components/ui/input' from file 'C:/Users/DION-SERVER/Desktop/noble.dion.sy/packages/noble/Hrm/src/Resources/js/Pages/VacationSettlement/Index.tsx'
    Imported via '@/components/ui/input' from file 'C:/Users/DION-SERVER/Desktop/noble.dion.sy/packages/noble/Hrm/src/Resources/js/Pages/Violations/Index.tsx'
    Imported via '@/components/ui/input' from file 'C:/Users/DION-SERVER/Desktop/noble.dion.sy/packages/noble/Hrm/src/Resources/js/Pages/Warnings/Create.tsx'
    Imported via '@/components/ui/input' from file 'C:/Users/DION-SERVER/Desktop/noble.dion.sy/packages/noble/Hrm/src/Resources/js/Pages/Warnings/Edit.tsx'
    Imported via '@/components/ui/input' from file 'C:/Users/DION-SERVER/Desktop/noble.dion.sy/packages/noble/LandingPage/src/Resources/js/Pages/components/settings/General.tsx'
    Imported via '@/components/ui/input' from file 'C:/Users/DION-SERVER/Desktop/noble.dion.sy/packages/noble/LandingPage/src/Resources/js/Pages/components/settings/Hero.tsx'
    Imported via '@/components/ui/input' from file 'C:/Users/DION-SERVER/Desktop/noble.dion.sy/packages/noble/LandingPage/src/Resources/js/Pages/components/settings/Header.tsx'
    Imported via '@/components/ui/input' from file 'C:/Users/DION-SERVER/Desktop/noble.dion.sy/packages/noble/LandingPage/src/Resources/js/Pages/components/settings/Features.tsx'
    Imported via '@/components/ui/input' from file 'C:/Users/DION-SERVER/Desktop/noble.dion.sy/packages/noble/LandingPage/src/Resources/js/Pages/components/settings/Modules.tsx'
    Imported via '@/components/ui/input' from file 'C:/Users/DION-SERVER/Desktop/noble.dion.sy/packages/noble/LandingPage/src/Resources/js/Pages/components/settings/Benefits.tsx'
    Imported via '@/components/ui/input' from file 'C:/Users/DION-SERVER/Desktop/noble.dion.sy/packages/noble/LandingPage/src/Resources/js/Pages/components/settings/Gallery.tsx'
    Imported via '@/components/ui/input' from file 'C:/Users/DION-SERVER/Desktop/noble.dion.sy/packages/noble/LandingPage/src/Resources/js/Pages/components/settings/CTA.tsx'
    Imported via '@/components/ui/input' from file 'C:/Users/DION-SERVER/Desktop/noble.dion.sy/packages/noble/LandingPage/src/Resources/js/Pages/components/settings/Footer.tsx'
    Imported via '@/components/ui/input' from file 'C:/Users/DION-SERVER/Desktop/noble.dion.sy/packages/noble/LandingPage/src/Resources/js/Pages/components/settings/Colors.tsx'
    Imported via '@/components/ui/input' from file 'C:/Users/DION-SERVER/Desktop/noble.dion.sy/packages/noble/LandingPage/src/Resources/js/Pages/components/settings/Pricing.tsx'
    Imported via '@/components/ui/input' from file 'C:/Users/DION-SERVER/Desktop/noble.dion.sy/packages/noble/LandingPage/src/Resources/js/Pages/CustomPages/Create.tsx'
    Imported via '@/components/ui/input' from file 'C:/Users/DION-SERVER/Desktop/noble.dion.sy/packages/noble/LandingPage/src/Resources/js/Pages/CustomPages/Edit.tsx'
    Imported via '@/components/ui/input' from file 'C:/Users/DION-SERVER/Desktop/noble.dion.sy/packages/noble/LandingPage/src/Resources/js/Pages/marketplace/Settings.tsx'
    Imported via '@/components/ui/input' from file 'C:/Users/DION-SERVER/Desktop/noble.dion.sy/packages/noble/Lead/src/Resources/js/Pages/Deals/Create.tsx'
    Imported via '@/components/ui/input' from file 'C:/Users/DION-SERVER/Desktop/noble.dion.sy/packages/noble/Lead/src/Resources/js/Pages/Deals/Edit.tsx'
    Imported via '@/components/ui/input' from file 'C:/Users/DION-SERVER/Desktop/noble.dion.sy/packages/noble/Lead/src/Resources/js/Pages/Deals/Show/General.tsx'
    Imported via '@/components/ui/input' from file 'C:/Users/DION-SERVER/Desktop/noble.dion.sy/packages/noble/Lead/src/Resources/js/Pages/Deals/Show/Tasks.tsx'
    Imported via '@/components/ui/input' from file 'C:/Users/DION-SERVER/Desktop/noble.dion.sy/packages/noble/Lead/src/Resources/js/Pages/Deals/Show/Calls.tsx'
    Imported via '@/components/ui/input' from file 'C:/Users/DION-SERVER/Desktop/noble.dion.sy/packages/noble/Lead/src/Resources/js/Pages/Deals/Show/Emails.tsx'
    Imported via '@/components/ui/input' from file 'C:/Users/DION-SERVER/Desktop/noble.dion.sy/packages/noble/Lead/src/Resources/js/Pages/Leads/Create.tsx'
    Imported via '@/components/ui/input' from file 'C:/Users/DION-SERVER/Desktop/noble.dion.sy/packages/noble/Lead/src/Resources/js/Pages/Leads/Edit.tsx'
    Imported via '@/components/ui/input' from file 'C:/Users/DION-SERVER/Desktop/noble.dion.sy/packages/noble/Lead/src/Resources/js/Pages/Leads/Show/General.tsx'
    Imported via '@/components/ui/input' from file 'C:/Users/DION-SERVER/Desktop/noble.dion.sy/packages/noble/Lead/src/Resources/js/Pages/Leads/Show/Tasks.tsx'
    Imported via '@/components/ui/input' from file 'C:/Users/DION-SERVER/Desktop/noble.dion.sy/packages/noble/Lead/src/Resources/js/Pages/Leads/Show/Calls.tsx'
    Imported via '@/components/ui/input' from file 'C:/Users/DION-SERVER/Desktop/noble.dion.sy/packages/noble/Lead/src/Resources/js/Pages/Leads/Show/ConvertToDeal.tsx'
    Imported via '@/components/ui/input' from file 'C:/Users/DION-SERVER/Desktop/noble.dion.sy/packages/noble/Lead/src/Resources/js/Pages/Leads/Show/Emails.tsx'
    Imported via '@/components/ui/input' from file 'C:/Users/DION-SERVER/Desktop/noble.dion.sy/packages/noble/Lead/src/Resources/js/Pages/Reports/DealReports.tsx'
    Imported via '@/components/ui/input' from file 'C:/Users/DION-SERVER/Desktop/noble.dion.sy/packages/noble/Lead/src/Resources/js/Pages/Reports/LeadReports.tsx'
    Imported via '@/components/ui/input' from file 'C:/Users/DION-SERVER/Desktop/noble.dion.sy/packages/noble/Lead/src/Resources/js/Pages/SystemSetup/DealStages/Create.tsx'
    Imported via '@/components/ui/input' from file 'C:/Users/DION-SERVER/Desktop/noble.dion.sy/packages/noble/Lead/src/Resources/js/Pages/SystemSetup/DealStages/Edit.tsx'
    Imported via '@/components/ui/input' from file 'C:/Users/DION-SERVER/Desktop/noble.dion.sy/packages/noble/Lead/src/Resources/js/Pages/SystemSetup/Labels/Create.tsx'
    Imported via '@/components/ui/input' from file 'C:/Users/DION-SERVER/Desktop/noble.dion.sy/packages/noble/Lead/src/Resources/js/Pages/SystemSetup/Labels/Edit.tsx'
    Imported via '@/components/ui/input' from file 'C:/Users/DION-SERVER/Desktop/noble.dion.sy/packages/noble/Lead/src/Resources/js/Pages/SystemSetup/LeadStages/Create.tsx'
    Imported via '@/components/ui/input' from file 'C:/Users/DION-SERVER/Desktop/noble.dion.sy/packages/noble/Lead/src/Resources/js/Pages/SystemSetup/LeadStages/Edit.tsx'
    Imported via '@/components/ui/input' from file 'C:/Users/DION-SERVER/Desktop/noble.dion.sy/packages/noble/Lead/src/Resources/js/Pages/SystemSetup/Pipelines/Create.tsx'
    Imported via '@/components/ui/input' from file 'C:/Users/DION-SERVER/Desktop/noble.dion.sy/packages/noble/Lead/src/Resources/js/Pages/SystemSetup/Pipelines/Edit.tsx'
    Imported via '@/components/ui/input' from file 'C:/Users/DION-SERVER/Desktop/noble.dion.sy/packages/noble/Lead/src/Resources/js/Pages/SystemSetup/Sources/Create.tsx'
    Imported via '@/components/ui/input' from file 'C:/Users/DION-SERVER/Desktop/noble.dion.sy/packages/noble/Lead/src/Resources/js/Pages/SystemSetup/Sources/Edit.tsx'
    Imported via '@/components/ui/input' from file 'C:/Users/DION-SERVER/Desktop/noble.dion.sy/packages/noble/Paypal/src/Resources/js/settings/components/paypal-settings.tsx'
    Imported via '@/components/ui/input' from file 'C:/Users/DION-SERVER/Desktop/noble.dion.sy/packages/noble/Performance/src/Resources/js/Pages/EmployeeGoals/Create.tsx'
    Imported via '@/components/ui/input' from file 'C:/Users/DION-SERVER/Desktop/noble.dion.sy/packages/noble/Performance/src/Resources/js/Pages/EmployeeGoals/Edit.tsx'
    Imported via '@/components/ui/input' from file 'C:/Users/DION-SERVER/Desktop/noble.dion.sy/packages/noble/Performance/src/Resources/js/Pages/EmployeeReviews/Create.tsx'
    Imported via '@/components/ui/input' from file 'C:/Users/DION-SERVER/Desktop/noble.dion.sy/packages/noble/Performance/src/Resources/js/Pages/EmployeeReviews/Edit.tsx'
    Imported via '@/components/ui/input' from file 'C:/Users/DION-SERVER/Desktop/noble.dion.sy/packages/noble/Performance/src/Resources/js/Pages/Indicators/Create.tsx'
    Imported via '@/components/ui/input' from file 'C:/Users/DION-SERVER/Desktop/noble.dion.sy/packages/noble/Performance/src/Resources/js/Pages/Indicators/Edit.tsx'
    Imported via '@/components/ui/input' from file 'C:/Users/DION-SERVER/Desktop/noble.dion.sy/packages/noble/Performance/src/Resources/js/Pages/Indicators/Index.tsx'
    Imported via '@/components/ui/input' from file 'C:/Users/DION-SERVER/Desktop/noble.dion.sy/packages/noble/Performance/src/Resources/js/Pages/ReviewCycles/Create.tsx'
    Imported via '@/components/ui/input' from file 'C:/Users/DION-SERVER/Desktop/noble.dion.sy/packages/noble/Performance/src/Resources/js/Pages/ReviewCycles/Edit.tsx'
    Imported via '@/components/ui/input' from file 'C:/Users/DION-SERVER/Desktop/noble.dion.sy/packages/noble/Performance/src/Resources/js/Pages/ReviewCycles/Index.tsx'
    Imported via '@/components/ui/input' from file 'C:/Users/DION-SERVER/Desktop/noble.dion.sy/packages/noble/Performance/src/Resources/js/Pages/SystemSetup/GoalTypes/Create.tsx'
    Imported via '@/components/ui/input' from file 'C:/Users/DION-SERVER/Desktop/noble.dion.sy/packages/noble/Performance/src/Resources/js/Pages/SystemSetup/GoalTypes/Edit.tsx'
    Imported via '@/components/ui/input' from file 'C:/Users/DION-SERVER/Desktop/noble.dion.sy/packages/noble/Performance/src/Resources/js/Pages/SystemSetup/IndicatorCategories/Create.tsx'
    Imported via '@/components/ui/input' from file 'C:/Users/DION-SERVER/Desktop/noble.dion.sy/packages/noble/Performance/src/Resources/js/Pages/SystemSetup/IndicatorCategories/Edit.tsx'
    Imported via '@/components/ui/input' from file 'C:/Users/DION-SERVER/Desktop/noble.dion.sy/packages/noble/Pos/src/Resources/js/Pages/Barcode/Index.tsx'
    Imported via '@/components/ui/input' from file 'C:/Users/DION-SERVER/Desktop/noble.dion.sy/packages/noble/Pos/src/Resources/js/Pages/Pos/Create.tsx'
    Imported via '@/components/ui/input' from file 'C:/Users/DION-SERVER/Desktop/noble.dion.sy/packages/noble/Pos/src/Resources/js/Pages/PosOrder/Index.tsx'
    Imported via '@/components/ui/input' from file 'C:/Users/DION-SERVER/Desktop/noble.dion.sy/packages/noble/ProductService/src/Resources/js/Pages/Items/Create.tsx'
    Imported via '@/components/ui/input' from file 'C:/Users/DION-SERVER/Desktop/noble.dion.sy/packages/noble/ProductService/src/Resources/js/Pages/Items/Edit.tsx'
    Imported via '@/components/ui/input' from file 'C:/Users/DION-SERVER/Desktop/noble.dion.sy/packages/noble/ProductService/src/Resources/js/Pages/Items/Index.tsx'
    Imported via '@/components/ui/input' from file 'C:/Users/DION-SERVER/Desktop/noble.dion.sy/packages/noble/ProductService/src/Resources/js/Pages/Stock/Index.tsx'
    Imported via '@/components/ui/input' from file 'C:/Users/DION-SERVER/Desktop/noble.dion.sy/packages/noble/ProductService/src/Resources/js/Pages/SystemSetup/Categories/Create.tsx'
    Imported via '@/components/ui/input' from file 'C:/Users/DION-SERVER/Desktop/noble.dion.sy/packages/noble/ProductService/src/Resources/js/Pages/SystemSetup/Categories/Edit.tsx'
    Imported via '@/components/ui/input' from file 'C:/Users/DION-SERVER/Desktop/noble.dion.sy/packages/noble/ProductService/src/Resources/js/Pages/SystemSetup/Taxes/Create.tsx'
    Imported via '@/components/ui/input' from file 'C:/Users/DION-SERVER/Desktop/noble.dion.sy/packages/noble/ProductService/src/Resources/js/Pages/SystemSetup/Taxes/Edit.tsx'
    Imported via '@/components/ui/input' from file 'C:/Users/DION-SERVER/Desktop/noble.dion.sy/packages/noble/ProductService/src/Resources/js/Pages/SystemSetup/Units/Create.tsx'
    Imported via '@/components/ui/input' from file 'C:/Users/DION-SERVER/Desktop/noble.dion.sy/packages/noble/ProductService/src/Resources/js/Pages/SystemSetup/Units/Edit.tsx'
    Imported via '@/components/ui/input' from file 'C:/Users/DION-SERVER/Desktop/noble.dion.sy/packages/noble/Quotation/src/Resources/js/Pages/Quotations/components/QuotationItemsTable.tsx'
    Imported via '@/components/ui/input' from file 'C:/Users/DION-SERVER/Desktop/noble.dion.sy/packages/noble/Quotation/src/Resources/js/Pages/Quotations/Create.tsx'
    Imported via '@/components/ui/input' from file 'C:/Users/DION-SERVER/Desktop/noble.dion.sy/packages/noble/Quotation/src/Resources/js/Pages/Quotations/Edit.tsx'
    Imported via '@/components/ui/input' from file 'C:/Users/DION-SERVER/Desktop/noble.dion.sy/packages/noble/Recruitment/src/Resources/js/Components/IconSelector.tsx'
    Imported via '@/components/ui/input' from file 'C:/Users/DION-SERVER/Desktop/noble.dion.sy/packages/noble/Recruitment/src/Resources/js/Pages/CandidateAssessments/Create.tsx'
    Imported via '@/components/ui/input' from file 'C:/Users/DION-SERVER/Desktop/noble.dion.sy/packages/noble/Recruitment/src/Resources/js/Pages/CandidateAssessments/Edit.tsx'
    Imported via '@/components/ui/input' from file 'C:/Users/DION-SERVER/Desktop/noble.dion.sy/packages/noble/Recruitment/src/Resources/js/Pages/CandidateAssessments/Index.tsx'
    Imported via '@/components/ui/input' from file 'C:/Users/DION-SERVER/Desktop/noble.dion.sy/packages/noble/Recruitment/src/Resources/js/Pages/CandidateOnboardings/Create.tsx'
    Imported via '@/components/ui/input' from file 'C:/Users/DION-SERVER/Desktop/noble.dion.sy/packages/noble/Recruitment/src/Resources/js/Pages/CandidateOnboardings/Edit.tsx'
    Imported via '@/components/ui/input' from file 'C:/Users/DION-SERVER/Desktop/noble.dion.sy/packages/noble/Recruitment/src/Resources/js/Pages/CandidateOnboardings/Index.tsx'
    Imported via '@/components/ui/input' from file 'C:/Users/DION-SERVER/Desktop/noble.dion.sy/packages/noble/Recruitment/src/Resources/js/Pages/Candidates/Create.tsx'
    Imported via '@/components/ui/input' from file 'C:/Users/DION-SERVER/Desktop/noble.dion.sy/packages/noble/Recruitment/src/Resources/js/Pages/Candidates/Edit.tsx'
    Imported via '@/components/ui/input' from file 'C:/Users/DION-SERVER/Desktop/noble.dion.sy/packages/noble/Recruitment/src/Resources/js/Pages/Candidates/Index.tsx'
    Imported via '@/components/ui/input' from file 'C:/Users/DION-SERVER/Desktop/noble.dion.sy/packages/noble/Recruitment/src/Resources/js/Pages/ChecklistItems/Create.tsx'
    Imported via '@/components/ui/input' from file 'C:/Users/DION-SERVER/Desktop/noble.dion.sy/packages/noble/Recruitment/src/Resources/js/Pages/ChecklistItems/Edit.tsx'
    Imported via '@/components/ui/input' from file 'C:/Users/DION-SERVER/Desktop/noble.dion.sy/packages/noble/Recruitment/src/Resources/js/Pages/CustomQuestions/Create.tsx'
    Imported via '@/components/ui/input' from file 'C:/Users/DION-SERVER/Desktop/noble.dion.sy/packages/noble/Recruitment/src/Resources/js/Pages/CustomQuestions/Edit.tsx'
    Imported via '@/components/ui/input' from file 'C:/Users/DION-SERVER/Desktop/noble.dion.sy/packages/noble/Recruitment/src/Resources/js/Pages/Frontend/JobApply.tsx'
    Imported via '@/components/ui/input' from file 'C:/Users/DION-SERVER/Desktop/noble.dion.sy/packages/noble/Recruitment/src/Resources/js/Pages/Frontend/JobListings.tsx'
    Imported via '@/components/ui/input' from file 'C:/Users/DION-SERVER/Desktop/noble.dion.sy/packages/noble/Recruitment/src/Resources/js/Pages/Frontend/TrackingForm.tsx'
    Imported via '@/components/ui/input' from file 'C:/Users/DION-SERVER/Desktop/noble.dion.sy/packages/noble/Recruitment/src/Resources/js/Pages/InterviewFeedbacks/Create.tsx'
    Imported via '@/components/ui/input' from file 'C:/Users/DION-SERVER/Desktop/noble.dion.sy/packages/noble/Recruitment/src/Resources/js/Pages/InterviewFeedbacks/Edit.tsx'
    Imported via '@/components/ui/input' from file 'C:/Users/DION-SERVER/Desktop/noble.dion.sy/packages/noble/Recruitment/src/Resources/js/Pages/InterviewRounds/Create.tsx'
    Imported via '@/components/ui/input' from file 'C:/Users/DION-SERVER/Desktop/noble.dion.sy/packages/noble/Recruitment/src/Resources/js/Pages/InterviewRounds/Edit.tsx'
    Imported via '@/components/ui/input' from file 'C:/Users/DION-SERVER/Desktop/noble.dion.sy/packages/noble/Recruitment/src/Resources/js/Pages/Interviews/Create.tsx'
    Imported via '@/components/ui/input' from file 'C:/Users/DION-SERVER/Desktop/noble.dion.sy/packages/noble/Recruitment/src/Resources/js/Pages/Interviews/Edit.tsx'
    Imported via '@/components/ui/input' from file 'C:/Users/DION-SERVER/Desktop/noble.dion.sy/packages/noble/Recruitment/src/Resources/js/Pages/Interviews/Index.tsx'
    Imported via '@/components/ui/input' from file 'C:/Users/DION-SERVER/Desktop/noble.dion.sy/packages/noble/Recruitment/src/Resources/js/Pages/JobLocations/Create.tsx'
    Imported via '@/components/ui/input' from file 'C:/Users/DION-SERVER/Desktop/noble.dion.sy/packages/noble/Recruitment/src/Resources/js/Pages/JobLocations/Edit.tsx'
    Imported via '@/components/ui/input' from file 'C:/Users/DION-SERVER/Desktop/noble.dion.sy/packages/noble/Recruitment/src/Resources/js/Pages/JobPostings/Create.tsx'
    Imported via '@/components/ui/input' from file 'C:/Users/DION-SERVER/Desktop/noble.dion.sy/packages/noble/Recruitment/src/Resources/js/Pages/JobPostings/Edit.tsx'
    Imported via '@/components/ui/input' from file 'C:/Users/DION-SERVER/Desktop/noble.dion.sy/packages/noble/Recruitment/src/Resources/js/Pages/Offers/ConvertToEmployee.tsx'
    Imported via '@/components/ui/input' from file 'C:/Users/DION-SERVER/Desktop/noble.dion.sy/packages/noble/Recruitment/src/Resources/js/Pages/Offers/Create.tsx'
    Imported via '@/components/ui/input' from file 'C:/Users/DION-SERVER/Desktop/noble.dion.sy/packages/noble/Recruitment/src/Resources/js/Pages/Offers/Edit.tsx'
    Imported via '@/components/ui/input' from file 'C:/Users/DION-SERVER/Desktop/noble.dion.sy/packages/noble/Recruitment/src/Resources/js/Pages/Offers/Index.tsx'
    Imported via '@/components/ui/input' from file 'C:/Users/DION-SERVER/Desktop/noble.dion.sy/packages/noble/Recruitment/src/Resources/js/Pages/SystemSetup/AboutCompany/Index.tsx'
    Imported via '@/components/ui/input' from file 'C:/Users/DION-SERVER/Desktop/noble.dion.sy/packages/noble/Recruitment/src/Resources/js/Pages/SystemSetup/ApplicationTips/Index.tsx'
    Imported via '@/components/ui/input' from file 'C:/Users/DION-SERVER/Desktop/noble.dion.sy/packages/noble/Recruitment/src/Resources/js/Pages/SystemSetup/BrandSettings/Index.tsx'
    Imported via '@/components/ui/input' from file 'C:/Users/DION-SERVER/Desktop/noble.dion.sy/packages/noble/Recruitment/src/Resources/js/Pages/SystemSetup/CandidateSources/Create.tsx'
    Imported via '@/components/ui/input' from file 'C:/Users/DION-SERVER/Desktop/noble.dion.sy/packages/noble/Recruitment/src/Resources/js/Pages/SystemSetup/CandidateSources/Edit.tsx'
    Imported via '@/components/ui/input' from file 'C:/Users/DION-SERVER/Desktop/noble.dion.sy/packages/noble/Recruitment/src/Resources/js/Pages/SystemSetup/DashboardWelcomeCard/Index.tsx'
    Imported via '@/components/ui/input' from file 'C:/Users/DION-SERVER/Desktop/noble.dion.sy/packages/noble/Recruitment/src/Resources/js/Pages/SystemSetup/InterviewTypes/Create.tsx'
    Imported via '@/components/ui/input' from file 'C:/Users/DION-SERVER/Desktop/noble.dion.sy/packages/noble/Recruitment/src/Resources/js/Pages/SystemSetup/InterviewTypes/Edit.tsx'
    Imported via '@/components/ui/input' from file 'C:/Users/DION-SERVER/Desktop/noble.dion.sy/packages/noble/Recruitment/src/Resources/js/Pages/SystemSetup/JobCategories/Create.tsx'
    Imported via '@/components/ui/input' from file 'C:/Users/DION-SERVER/Desktop/noble.dion.sy/packages/noble/Recruitment/src/Resources/js/Pages/SystemSetup/JobCategories/Edit.tsx'
    Imported via '@/components/ui/input' from file 'C:/Users/DION-SERVER/Desktop/noble.dion.sy/packages/noble/Recruitment/src/Resources/js/Pages/SystemSetup/JobTypes/Create.tsx'
    Imported via '@/components/ui/input' from file 'C:/Users/DION-SERVER/Desktop/noble.dion.sy/packages/noble/Recruitment/src/Resources/js/Pages/SystemSetup/JobTypes/Edit.tsx'
    Imported via '@/components/ui/input' from file 'C:/Users/DION-SERVER/Desktop/noble.dion.sy/packages/noble/Recruitment/src/Resources/js/Pages/SystemSetup/NeedHelp/Index.tsx'
    Imported via '@/components/ui/input' from file 'C:/Users/DION-SERVER/Desktop/noble.dion.sy/packages/noble/Recruitment/src/Resources/js/Pages/SystemSetup/OnboardingChecklists/Create.tsx'
    Imported via '@/components/ui/input' from file 'C:/Users/DION-SERVER/Desktop/noble.dion.sy/packages/noble/Recruitment/src/Resources/js/Pages/SystemSetup/OnboardingChecklists/Edit.tsx'
    Imported via '@/components/ui/input' from file 'C:/Users/DION-SERVER/Desktop/noble.dion.sy/packages/noble/Recruitment/src/Resources/js/Pages/SystemSetup/TrackingFaq/Index.tsx'
    Imported via '@/components/ui/input' from file 'C:/Users/DION-SERVER/Desktop/noble.dion.sy/packages/noble/Recruitment/src/Resources/js/Pages/SystemSetup/WhatHappensNext/Index.tsx'
    Imported via '@/components/ui/input' from file 'C:/Users/DION-SERVER/Desktop/noble.dion.sy/packages/noble/Slack/src/Resources/js/settings/components/slack-settings.tsx'
    Imported via '@/components/ui/input' from file 'C:/Users/DION-SERVER/Desktop/noble.dion.sy/packages/noble/Stripe/src/Resources/js/settings/components/stripe-settings.tsx'
    Imported via '@/components/ui/input' from file 'C:/Users/DION-SERVER/Desktop/noble.dion.sy/packages/noble/SupportTicket/src/Resources/js/Pages/Search.tsx'
    Imported via '@/components/ui/input' from file 'C:/Users/DION-SERVER/Desktop/noble.dion.sy/packages/noble/SupportTicket/src/Resources/js/Pages/FAQ/Create.tsx'
    Imported via '@/components/ui/input' from file 'C:/Users/DION-SERVER/Desktop/noble.dion.sy/packages/noble/SupportTicket/src/Resources/js/Pages/FAQ/Edit.tsx'
    Imported via '@/components/ui/input' from file 'C:/Users/DION-SERVER/Desktop/noble.dion.sy/packages/noble/SupportTicket/src/Resources/js/Pages/FAQ/Import.tsx'
    Imported via '@/components/ui/input' from file 'C:/Users/DION-SERVER/Desktop/noble.dion.sy/packages/noble/SupportTicket/src/Resources/js/Pages/FAQ/ImportDialog.tsx'
    Imported via '@/components/ui/input' from file 'C:/Users/DION-SERVER/Desktop/noble.dion.sy/packages/noble/SupportTicket/src/Resources/js/Pages/Frontend/Contact.tsx'
    Imported via '@/components/ui/input' from file 'C:/Users/DION-SERVER/Desktop/noble.dion.sy/packages/noble/SupportTicket/src/Resources/js/Pages/Frontend/CreateTicket.tsx'
    Imported via '@/components/ui/input' from file 'C:/Users/DION-SERVER/Desktop/noble.dion.sy/packages/noble/SupportTicket/src/Resources/js/Pages/Frontend/Faq.tsx'
    Imported via '@/components/ui/input' from file 'C:/Users/DION-SERVER/Desktop/noble.dion.sy/packages/noble/SupportTicket/src/Resources/js/Pages/Frontend/Index.tsx'
    Imported via '@/components/ui/input' from file 'C:/Users/DION-SERVER/Desktop/noble.dion.sy/packages/noble/SupportTicket/src/Resources/js/Pages/Frontend/Knowledge.tsx'
    Imported via '@/components/ui/input' from file 'C:/Users/DION-SERVER/Desktop/noble.dion.sy/packages/noble/SupportTicket/src/Resources/js/Pages/Frontend/SearchTicket.tsx'
    Imported via '@/components/ui/input' from file 'C:/Users/DION-SERVER/Desktop/noble.dion.sy/packages/noble/SupportTicket/src/Resources/js/Pages/Knowledge/Create.tsx'
    Imported via '@/components/ui/input' from file 'C:/Users/DION-SERVER/Desktop/noble.dion.sy/packages/noble/SupportTicket/src/Resources/js/Pages/Knowledge/Edit.tsx'
    Imported via '@/components/ui/input' from file 'C:/Users/DION-SERVER/Desktop/noble.dion.sy/packages/noble/SupportTicket/src/Resources/js/Pages/Knowledge/Import.tsx'
    Imported via '@/components/ui/input' from file 'C:/Users/DION-SERVER/Desktop/noble.dion.sy/packages/noble/SupportTicket/src/Resources/js/Pages/Knowledge/ImportDialog.tsx'
    Imported via '@/components/ui/input' from file 'C:/Users/DION-SERVER/Desktop/noble.dion.sy/packages/noble/SupportTicket/src/Resources/js/Pages/SystemSetup/cta-section.tsx'
    Imported via '@/components/ui/input' from file 'C:/Users/DION-SERVER/Desktop/noble.dion.sy/packages/noble/SupportTicket/src/Resources/js/Pages/SystemSetup/support-information.tsx'
    Imported via '@/components/ui/input' from file 'C:/Users/DION-SERVER/Desktop/noble.dion.sy/packages/noble/SupportTicket/src/Resources/js/Pages/SystemSetup/title-section.tsx'
    Imported via '@/components/ui/input' from file 'C:/Users/DION-SERVER/Desktop/noble.dion.sy/packages/noble/SupportTicket/src/Resources/js/Pages/SystemSetup/BrandSettings/Index.tsx'
    Imported via '@/components/ui/input' from file 'C:/Users/DION-SERVER/Desktop/noble.dion.sy/packages/noble/SupportTicket/src/Resources/js/Pages/SystemSetup/Categories/Create.tsx'
    Imported via '@/components/ui/input' from file 'C:/Users/DION-SERVER/Desktop/noble.dion.sy/packages/noble/SupportTicket/src/Resources/js/Pages/SystemSetup/Categories/Edit.tsx'
    Imported via '@/components/ui/input' from file 'C:/Users/DION-SERVER/Desktop/noble.dion.sy/packages/noble/SupportTicket/src/Resources/js/Pages/SystemSetup/ContactInformation/Index.tsx'
    Imported via '@/components/ui/input' from file 'C:/Users/DION-SERVER/Desktop/noble.dion.sy/packages/noble/SupportTicket/src/Resources/js/Pages/SystemSetup/CustomPages/Create.tsx'
    Imported via '@/components/ui/input' from file 'C:/Users/DION-SERVER/Desktop/noble.dion.sy/packages/noble/SupportTicket/src/Resources/js/Pages/SystemSetup/CustomPages/Edit.tsx'
    Imported via '@/components/ui/input' from file 'C:/Users/DION-SERVER/Desktop/noble.dion.sy/packages/noble/SupportTicket/src/Resources/js/Pages/SystemSetup/KnowledgeCategories/Create.tsx'
    Imported via '@/components/ui/input' from file 'C:/Users/DION-SERVER/Desktop/noble.dion.sy/packages/noble/SupportTicket/src/Resources/js/Pages/SystemSetup/KnowledgeCategories/Edit.tsx'
    Imported via '@/components/ui/input' from file 'C:/Users/DION-SERVER/Desktop/noble.dion.sy/packages/noble/SupportTicket/src/Resources/js/Pages/SystemSetup/QuickLinks/Create.tsx'
    Imported via '@/components/ui/input' from file 'C:/Users/DION-SERVER/Desktop/noble.dion.sy/packages/noble/SupportTicket/src/Resources/js/Pages/SystemSetup/QuickLinks/Edit.tsx'
    Imported via '@/components/ui/input' from file 'C:/Users/DION-SERVER/Desktop/noble.dion.sy/packages/noble/SupportTicket/src/Resources/js/Pages/Tickets/Create.tsx'
    Imported via '@/components/ui/input' from file 'C:/Users/DION-SERVER/Desktop/noble.dion.sy/packages/noble/SupportTicket/src/Resources/js/Pages/Tickets/Edit.tsx'
    Imported via '@/components/ui/input' from file 'C:/Users/DION-SERVER/Desktop/noble.dion.sy/packages/noble/SupportTicket/src/Resources/js/Pages/Tickets/EditReply.tsx'
    Imported via '@/Components/ui/input' from file 'C:/Users/DION-SERVER/Desktop/noble.dion.sy/packages/noble/SupportTicket/src/Resources/js/faq/Import.tsx'
    Imported via '@/Components/ui/input' from file 'C:/Users/DION-SERVER/Desktop/noble.dion.sy/packages/noble/SupportTicket/src/Resources/js/knowledge/Import.tsx'
    Imported via '@/components/ui/input' from file 'C:/Users/DION-SERVER/Desktop/noble.dion.sy/packages/noble/SupportTicket/src/Resources/js/settings/components/support-setting.tsx'
    Imported via '@/components/ui/input' from file 'C:/Users/DION-SERVER/Desktop/noble.dion.sy/packages/noble/Taskly/src/Resources/js/Pages/Bugs/Create.tsx'
    Imported via '@/components/ui/input' from file 'C:/Users/DION-SERVER/Desktop/noble.dion.sy/packages/noble/Taskly/src/Resources/js/Pages/Bugs/Edit.tsx'
    Imported via '@/components/ui/input' from file 'C:/Users/DION-SERVER/Desktop/noble.dion.sy/packages/noble/Taskly/src/Resources/js/Pages/Project/Create.tsx'
    Imported via '@/components/ui/input' from file 'C:/Users/DION-SERVER/Desktop/noble.dion.sy/packages/noble/Taskly/src/Resources/js/Pages/Project/Edit.tsx'
    Imported via '@/components/ui/input' from file 'C:/Users/DION-SERVER/Desktop/noble.dion.sy/packages/noble/Taskly/src/Resources/js/Pages/Project/View.tsx'
    Imported via '@/components/ui/input' from file 'C:/Users/DION-SERVER/Desktop/noble.dion.sy/packages/noble/Taskly/src/Resources/js/Pages/SystemSetup/BugStages/Create.tsx'
    Imported via '@/components/ui/input' from file 'C:/Users/DION-SERVER/Desktop/noble.dion.sy/packages/noble/Taskly/src/Resources/js/Pages/SystemSetup/BugStages/Edit.tsx'
    Imported via '@/components/ui/input' from file 'C:/Users/DION-SERVER/Desktop/noble.dion.sy/packages/noble/Taskly/src/Resources/js/Pages/SystemSetup/TaskStages/Create.tsx'
    Imported via '@/components/ui/input' from file 'C:/Users/DION-SERVER/Desktop/noble.dion.sy/packages/noble/Taskly/src/Resources/js/Pages/SystemSetup/TaskStages/Edit.tsx'
    Imported via '@/components/ui/input' from file 'C:/Users/DION-SERVER/Desktop/noble.dion.sy/packages/noble/Taskly/src/Resources/js/Pages/Tasks/Create.tsx'
    Imported via '@/components/ui/input' from file 'C:/Users/DION-SERVER/Desktop/noble.dion.sy/packages/noble/Taskly/src/Resources/js/Pages/Tasks/Edit.tsx'
    Imported via '@/components/ui/input' from file 'C:/Users/DION-SERVER/Desktop/noble.dion.sy/packages/noble/Taskly/src/Resources/js/Pages/Tasks/View.tsx'
    Imported via '@/components/ui/input' from file 'C:/Users/DION-SERVER/Desktop/noble.dion.sy/packages/noble/Telegram/src/Resources/js/settings/components/telegram-settings.tsx'
    Imported via '@/components/ui/input' from file 'C:/Users/DION-SERVER/Desktop/noble.dion.sy/packages/noble/Timesheet/src/Resources/js/Pages/Create.tsx'
    Imported via '@/components/ui/input' from file 'C:/Users/DION-SERVER/Desktop/noble.dion.sy/packages/noble/Timesheet/src/Resources/js/Pages/Edit.tsx'
    Imported via '@/components/ui/input' from file 'C:/Users/DION-SERVER/Desktop/noble.dion.sy/packages/noble/Timesheet/src/Resources/js/Pages/Index.tsx'
    Imported via '@/components/ui/input' from file 'C:/Users/DION-SERVER/Desktop/noble.dion.sy/packages/noble/Training/src/Resources/js/Pages/tasks/create.tsx'
    Imported via '@/components/ui/input' from file 'C:/Users/DION-SERVER/Desktop/noble.dion.sy/packages/noble/Training/src/Resources/js/Pages/tasks/edit.tsx'
    Imported via '@/components/ui/input' from file 'C:/Users/DION-SERVER/Desktop/noble.dion.sy/packages/noble/Training/src/Resources/js/Pages/trainers/create.tsx'
    Imported via '@/components/ui/input' from file 'C:/Users/DION-SERVER/Desktop/noble.dion.sy/packages/noble/Training/src/Resources/js/Pages/trainers/edit.tsx'
    Imported via '@/components/ui/input' from file 'C:/Users/DION-SERVER/Desktop/noble.dion.sy/packages/noble/Training/src/Resources/js/Pages/training-types/create.tsx'
    Imported via '@/components/ui/input' from file 'C:/Users/DION-SERVER/Desktop/noble.dion.sy/packages/noble/Training/src/Resources/js/Pages/training-types/edit.tsx'
    Imported via '@/components/ui/input' from file 'C:/Users/DION-SERVER/Desktop/noble.dion.sy/packages/noble/Training/src/Resources/js/Pages/training-types/index.tsx'
    Imported via '@/components/ui/input' from file 'C:/Users/DION-SERVER/Desktop/noble.dion.sy/packages/noble/Training/src/Resources/js/Pages/trainings/create.tsx'
    Imported via '@/components/ui/input' from file 'C:/Users/DION-SERVER/Desktop/noble.dion.sy/packages/noble/Training/src/Resources/js/Pages/trainings/edit.tsx'
    Imported via '@/components/ui/input' from file 'C:/Users/DION-SERVER/Desktop/noble.dion.sy/packages/noble/Twilio/src/Resources/js/settings/components/twilio-settings.tsx'
    Imported via '@/components/ui/input' from file 'C:/Users/DION-SERVER/Desktop/noble.dion.sy/packages/noble/Webhook/src/Resources/js/settings/components/webhook-settings.tsx'
    Imported via '@/components/ui/input' from file 'C:/Users/DION-SERVER/Desktop/noble.dion.sy/packages/noble/ZoomMeeting/src/Resources/js/Pages/ZoomMeetings/Create.tsx'
    Imported via '@/components/ui/input' from file 'C:/Users/DION-SERVER/Desktop/noble.dion.sy/packages/noble/ZoomMeeting/src/Resources/js/Pages/ZoomMeetings/Edit.tsx'
    Imported via '@/components/ui/input' from file 'C:/Users/DION-SERVER/Desktop/noble.dion.sy/packages/noble/ZoomMeeting/src/Resources/js/settings/components/zoom-meeting-settings.tsx'
packages/noble/SupportTicket/src/Resources/js/knowledge/Import.tsx(6,23): error TS1149: File name 'C:/Users/DION-SERVER/Desktop/noble.dion.sy/resources/js/Components/ui/label.tsx' differs from already included file name 'C:/Users/DION-SERVER/Desktop/noble.dion.sy/resources/js/components/ui/label.tsx' only in casing.
  The file is in the program because:
    Imported via '@/components/ui/label' from file 'C:/Users/DION-SERVER/Desktop/noble.dion.sy/resources/js/pages/settings/components/brand-settings.tsx'
    Imported via './ui/label' from file 'C:/Users/DION-SERVER/Desktop/noble.dion.sy/resources/js/components/MediaPicker.tsx'
    Imported via '@/components/ui/label' from file 'C:/Users/DION-SERVER/Desktop/noble.dion.sy/resources/js/pages/settings/components/company-settings.tsx'
    Imported via '@/components/ui/label' from file 'C:/Users/DION-SERVER/Desktop/noble.dion.sy/resources/js/pages/settings/components/system-settings.tsx'
    Imported via '@/components/ui/label' from file 'C:/Users/DION-SERVER/Desktop/noble.dion.sy/resources/js/pages/settings/components/currency-settings.tsx'
    Imported via '@/components/ui/label' from file 'C:/Users/DION-SERVER/Desktop/noble.dion.sy/resources/js/pages/settings/components/seo-settings.tsx'
    Imported via '@/components/ui/label' from file 'C:/Users/DION-SERVER/Desktop/noble.dion.sy/resources/js/pages/settings/components/storage-settings.tsx'
    Imported via '@/components/ui/label' from file 'C:/Users/DION-SERVER/Desktop/noble.dion.sy/resources/js/pages/settings/components/email-settings.tsx'
    Imported via '@/components/ui/label' from file 'C:/Users/DION-SERVER/Desktop/noble.dion.sy/resources/js/pages/settings/components/pusher-settings.tsx'
    Imported via '@/components/ui/label' from file 'C:/Users/DION-SERVER/Desktop/noble.dion.sy/resources/js/pages/settings/components/cookie-settings.tsx'
    Imported via '@/components/ui/label' from file 'C:/Users/DION-SERVER/Desktop/noble.dion.sy/resources/js/pages/settings/components/bank-transfer-settings.tsx'
    Imported via '@/components/ui/label' from file 'C:/Users/DION-SERVER/Desktop/noble.dion.sy/resources/js/components/create-language-modal.tsx'
    Imported via '@/components/ui/label' from file 'C:/Users/DION-SERVER/Desktop/noble.dion.sy/resources/js/components/ui/checkbox-group.tsx'
    Imported via './label' from file 'C:/Users/DION-SERVER/Desktop/noble.dion.sy/resources/js/components/ui/currency-input.tsx'
    Matched by include pattern 'resources/js/**/*.tsx' in 'C:/Users/DION-SERVER/Desktop/noble.dion.sy/tsconfig.json'
    Imported via '@/components/ui/label' from file 'C:/Users/DION-SERVER/Desktop/noble.dion.sy/resources/js/components/ui/module-card.tsx'
    Imported via './label' from file 'C:/Users/DION-SERVER/Desktop/noble.dion.sy/resources/js/components/ui/phone-input.tsx'
    Imported via '@/components/ui/label' from file 'C:/Users/DION-SERVER/Desktop/noble.dion.sy/resources/js/pages/EmailTemplates/Edit.tsx'
    Imported via '@/components/ui/label' from file 'C:/Users/DION-SERVER/Desktop/noble.dion.sy/resources/js/pages/Installer/Environment.tsx'
    Imported via '@/components/ui/label' from file 'C:/Users/DION-SERVER/Desktop/noble.dion.sy/resources/js/pages/MissionCommand/Gamification.tsx'
    Imported via '@/components/ui/label' from file 'C:/Users/DION-SERVER/Desktop/noble.dion.sy/resources/js/pages/MissionCommand/NotificationsHub.tsx'
    Imported via '@/components/ui/label' from file 'C:/Users/DION-SERVER/Desktop/noble.dion.sy/resources/js/pages/Purchase/Create.tsx'
    Imported via '@/components/ui/label' from file 'C:/Users/DION-SERVER/Desktop/noble.dion.sy/resources/js/pages/Purchase/Edit.tsx'
    Imported via '@/components/ui/label' from file 'C:/Users/DION-SERVER/Desktop/noble.dion.sy/resources/js/pages/PurchaseReturns/Create.tsx'
    Imported via '@/components/ui/label' from file 'C:/Users/DION-SERVER/Desktop/noble.dion.sy/resources/js/pages/Sales/Create.tsx'
    Imported via '@/components/ui/label' from file 'C:/Users/DION-SERVER/Desktop/noble.dion.sy/resources/js/pages/Sales/Edit.tsx'
    Imported via '@/components/ui/label' from file 'C:/Users/DION-SERVER/Desktop/noble.dion.sy/resources/js/pages/SalesProposals/Create.tsx'
    Imported via '@/components/ui/label' from file 'C:/Users/DION-SERVER/Desktop/noble.dion.sy/resources/js/pages/SalesProposals/Edit.tsx'
    Imported via '@/components/ui/label' from file 'C:/Users/DION-SERVER/Desktop/noble.dion.sy/resources/js/pages/SalesReturns/Create.tsx'
    Imported via '@/components/ui/label' from file 'C:/Users/DION-SERVER/Desktop/noble.dion.sy/resources/js/pages/Transfers/create.tsx'
    Imported via '@/components/ui/label' from file 'C:/Users/DION-SERVER/Desktop/noble.dion.sy/resources/js/pages/auth/confirm-password.tsx'
    Imported via '@/components/ui/label' from file 'C:/Users/DION-SERVER/Desktop/noble.dion.sy/resources/js/pages/auth/forgot-password.tsx'
    Imported via '@/components/ui/label' from file 'C:/Users/DION-SERVER/Desktop/noble.dion.sy/resources/js/pages/auth/login.tsx'
    Imported via '@/components/ui/label' from file 'C:/Users/DION-SERVER/Desktop/noble.dion.sy/resources/js/pages/auth/register.tsx'
    Imported via '@/components/ui/label' from file 'C:/Users/DION-SERVER/Desktop/noble.dion.sy/resources/js/pages/auth/reset-password.tsx'
    Imported via '@/components/ui/label' from file 'C:/Users/DION-SERVER/Desktop/noble.dion.sy/resources/js/pages/bank-transfer/index.tsx'
    Imported via '@/components/ui/label' from file 'C:/Users/DION-SERVER/Desktop/noble.dion.sy/resources/js/pages/coupons/create.tsx'
    Imported via '@/components/ui/label' from file 'C:/Users/DION-SERVER/Desktop/noble.dion.sy/resources/js/pages/coupons/edit.tsx'
    Imported via '@/components/ui/label' from file 'C:/Users/DION-SERVER/Desktop/noble.dion.sy/resources/js/pages/helpdesk/categories/create.tsx'
    Imported via '@/components/ui/label' from file 'C:/Users/DION-SERVER/Desktop/noble.dion.sy/resources/js/pages/helpdesk/categories/edit.tsx'
    Imported via '@/components/ui/label' from file 'C:/Users/DION-SERVER/Desktop/noble.dion.sy/resources/js/pages/helpdesk/tickets/create.tsx'
    Imported via '@/components/ui/label' from file 'C:/Users/DION-SERVER/Desktop/noble.dion.sy/resources/js/pages/helpdesk/tickets/edit.tsx'
    Imported via '@/components/ui/label' from file 'C:/Users/DION-SERVER/Desktop/noble.dion.sy/resources/js/pages/languages/manage.tsx'
    Imported via '@/components/ui/label' from file 'C:/Users/DION-SERVER/Desktop/noble.dion.sy/resources/js/pages/notification-templates/Edit.tsx'
    Imported via '@/components/ui/label' from file 'C:/Users/DION-SERVER/Desktop/noble.dion.sy/resources/js/pages/plans/form.tsx'
    Imported via '@/components/ui/label' from file 'C:/Users/DION-SERVER/Desktop/noble.dion.sy/resources/js/pages/plans/index.tsx'
    Imported via '@/components/ui/label' from file 'C:/Users/DION-SERVER/Desktop/noble.dion.sy/resources/js/pages/plans/subscription-layout.tsx'
    Imported via '@/components/ui/label' from file 'C:/Users/DION-SERVER/Desktop/noble.dion.sy/resources/js/pages/profile/partials/update-password-form.tsx'
    Imported via '@/components/ui/label' from file 'C:/Users/DION-SERVER/Desktop/noble.dion.sy/resources/js/pages/profile/partials/update-profile-information-form.tsx'
    Imported via '@/components/ui/label' from file 'C:/Users/DION-SERVER/Desktop/noble.dion.sy/resources/js/pages/roles/create.tsx'
    Imported via '@/components/ui/label' from file 'C:/Users/DION-SERVER/Desktop/noble.dion.sy/resources/js/pages/roles/edit.tsx'
    Imported via '@/components/ui/label' from file 'C:/Users/DION-SERVER/Desktop/noble.dion.sy/resources/js/pages/users/assign-plan.tsx'
    Imported via '@/components/ui/label' from file 'C:/Users/DION-SERVER/Desktop/noble.dion.sy/resources/js/pages/users/change-password.tsx'
    Imported via '@/components/ui/label' from file 'C:/Users/DION-SERVER/Desktop/noble.dion.sy/resources/js/pages/users/create.tsx'
    Imported via '@/components/ui/label' from file 'C:/Users/DION-SERVER/Desktop/noble.dion.sy/resources/js/pages/users/edit.tsx'
    Imported via '@/components/ui/label' from file 'C:/Users/DION-SERVER/Desktop/noble.dion.sy/resources/js/pages/warehouses/create.tsx'
    Imported via '@/components/ui/label' from file 'C:/Users/DION-SERVER/Desktop/noble.dion.sy/resources/js/pages/warehouses/edit.tsx'
    Imported via '@/components/ui/label' from file 'C:/Users/DION-SERVER/Desktop/noble.dion.sy/packages/noble/AIAssistant/src/Resources/js/components/AIGenerationModal.tsx'
    Imported via '@/components/ui/label' from file 'C:/Users/DION-SERVER/Desktop/noble.dion.sy/packages/noble/AIAssistant/src/Resources/js/settings/components/ai-assistant-settings.tsx'
    Imported via '@/components/ui/label' from file 'C:/Users/DION-SERVER/Desktop/noble.dion.sy/packages/noble/Account/src/Resources/js/Pages/BankAccounts/Create.tsx'
    Imported via '@/components/ui/label' from file 'C:/Users/DION-SERVER/Desktop/noble.dion.sy/packages/noble/Account/src/Resources/js/Pages/BankAccounts/Edit.tsx'
    Imported via '@/components/ui/label' from file 'C:/Users/DION-SERVER/Desktop/noble.dion.sy/packages/noble/Account/src/Resources/js/Pages/BankTransfers/Create.tsx'
    Imported via '@/components/ui/label' from file 'C:/Users/DION-SERVER/Desktop/noble.dion.sy/packages/noble/Account/src/Resources/js/Pages/BankTransfers/Edit.tsx'
    Imported via '@/components/ui/label' from file 'C:/Users/DION-SERVER/Desktop/noble.dion.sy/packages/noble/Account/src/Resources/js/Pages/BankTransfers/View.tsx'
    Imported via '@/components/ui/label' from file 'C:/Users/DION-SERVER/Desktop/noble.dion.sy/packages/noble/Account/src/Resources/js/Pages/ChartOfAccounts/Create.tsx'
    Imported via '@/components/ui/label' from file 'C:/Users/DION-SERVER/Desktop/noble.dion.sy/packages/noble/Account/src/Resources/js/Pages/ChartOfAccounts/Edit.tsx'
    Imported via '@/components/ui/label' from file 'C:/Users/DION-SERVER/Desktop/noble.dion.sy/packages/noble/Account/src/Resources/js/Pages/CreditNotes/Create.tsx'
    Imported via '@/components/ui/label' from file 'C:/Users/DION-SERVER/Desktop/noble.dion.sy/packages/noble/Account/src/Resources/js/Pages/CustomerPayments/Create.tsx'
    Imported via '@/components/ui/label' from file 'C:/Users/DION-SERVER/Desktop/noble.dion.sy/packages/noble/Account/src/Resources/js/Pages/Customers/Create.tsx'
    Imported via '@/components/ui/label' from file 'C:/Users/DION-SERVER/Desktop/noble.dion.sy/packages/noble/Account/src/Resources/js/Pages/Customers/Edit.tsx'
    Imported via '@/components/ui/label' from file 'C:/Users/DION-SERVER/Desktop/noble.dion.sy/packages/noble/Account/src/Resources/js/Pages/DebitNotes/Create.tsx'
    Imported via '@/components/ui/label' from file 'C:/Users/DION-SERVER/Desktop/noble.dion.sy/packages/noble/Account/src/Resources/js/Pages/Expenses/Create.tsx'
    Imported via '@/components/ui/label' from file 'C:/Users/DION-SERVER/Desktop/noble.dion.sy/packages/noble/Account/src/Resources/js/Pages/Expenses/Edit.tsx'
    Imported via '@/components/ui/label' from file 'C:/Users/DION-SERVER/Desktop/noble.dion.sy/packages/noble/Account/src/Resources/js/Pages/Revenues/Create.tsx'
    Imported via '@/components/ui/label' from file 'C:/Users/DION-SERVER/Desktop/noble.dion.sy/packages/noble/Account/src/Resources/js/Pages/Revenues/Edit.tsx'
    Imported via '@/components/ui/label' from file 'C:/Users/DION-SERVER/Desktop/noble.dion.sy/packages/noble/Account/src/Resources/js/Pages/SystemSetup/AccountTypes/Create.tsx'
    Imported via '@/components/ui/label' from file 'C:/Users/DION-SERVER/Desktop/noble.dion.sy/packages/noble/Account/src/Resources/js/Pages/SystemSetup/AccountTypes/Edit.tsx'
    Imported via '@/components/ui/label' from file 'C:/Users/DION-SERVER/Desktop/noble.dion.sy/packages/noble/Account/src/Resources/js/Pages/SystemSetup/ExpenseCategories/Create.tsx'
    Imported via '@/components/ui/label' from file 'C:/Users/DION-SERVER/Desktop/noble.dion.sy/packages/noble/Account/src/Resources/js/Pages/SystemSetup/ExpenseCategories/Edit.tsx'
    Imported via '@/components/ui/label' from file 'C:/Users/DION-SERVER/Desktop/noble.dion.sy/packages/noble/Account/src/Resources/js/Pages/SystemSetup/RevenueCategories/Create.tsx'
    Imported via '@/components/ui/label' from file 'C:/Users/DION-SERVER/Desktop/noble.dion.sy/packages/noble/Account/src/Resources/js/Pages/SystemSetup/RevenueCategories/Edit.tsx'
    Imported via '@/components/ui/label' from file 'C:/Users/DION-SERVER/Desktop/noble.dion.sy/packages/noble/Account/src/Resources/js/Pages/VendorPayments/Create.tsx'
    Imported via '@/components/ui/label' from file 'C:/Users/DION-SERVER/Desktop/noble.dion.sy/packages/noble/Account/src/Resources/js/Pages/Vendors/Create.tsx'
    Imported via '@/components/ui/label' from file 'C:/Users/DION-SERVER/Desktop/noble.dion.sy/packages/noble/Account/src/Resources/js/Pages/Vendors/Edit.tsx'
    Imported via '@/components/ui/label' from file 'C:/Users/DION-SERVER/Desktop/noble.dion.sy/packages/noble/Account/src/Resources/js/fields/fields.tsx'
    Imported via '@/components/ui/label' from file 'C:/Users/DION-SERVER/Desktop/noble.dion.sy/packages/noble/BudgetPlanner/src/Resources/js/Pages/BudgetAllocations/Create.tsx'
    Imported via '@/components/ui/label' from file 'C:/Users/DION-SERVER/Desktop/noble.dion.sy/packages/noble/BudgetPlanner/src/Resources/js/Pages/BudgetAllocations/Edit.tsx'
    Imported via '@/components/ui/label' from file 'C:/Users/DION-SERVER/Desktop/noble.dion.sy/packages/noble/BudgetPlanner/src/Resources/js/Pages/BudgetPeriods/Create.tsx'
    Imported via '@/components/ui/label' from file 'C:/Users/DION-SERVER/Desktop/noble.dion.sy/packages/noble/BudgetPlanner/src/Resources/js/Pages/BudgetPeriods/Edit.tsx'
    Imported via '@/components/ui/label' from file 'C:/Users/DION-SERVER/Desktop/noble.dion.sy/packages/noble/BudgetPlanner/src/Resources/js/Pages/Budgets/Create.tsx'
    Imported via '@/components/ui/label' from file 'C:/Users/DION-SERVER/Desktop/noble.dion.sy/packages/noble/BudgetPlanner/src/Resources/js/Pages/Budgets/Edit.tsx'
    Imported via '@/components/ui/label' from file 'C:/Users/DION-SERVER/Desktop/noble.dion.sy/packages/noble/Calendar/src/Resources/js/Pages/Calendar/Index.tsx'
    Imported via '@/components/ui/label' from file 'C:/Users/DION-SERVER/Desktop/noble.dion.sy/packages/noble/Calendar/src/Resources/js/fields/fields.tsx'
    Imported via '@/components/ui/label' from file 'C:/Users/DION-SERVER/Desktop/noble.dion.sy/packages/noble/Calendar/src/Resources/js/settings/components/google-calendar-settings.tsx'
    Imported via '@/components/ui/label' from file 'C:/Users/DION-SERVER/Desktop/noble.dion.sy/packages/noble/Contract/src/Resources/js/Pages/ContractTypes/Create.tsx'
    Imported via '@/components/ui/label' from file 'C:/Users/DION-SERVER/Desktop/noble.dion.sy/packages/noble/Contract/src/Resources/js/Pages/ContractTypes/Edit.tsx'
    Imported via '@/components/ui/label' from file 'C:/Users/DION-SERVER/Desktop/noble.dion.sy/packages/noble/Contract/src/Resources/js/Pages/Contracts/Create.tsx'
    Imported via '@/components/ui/label' from file 'C:/Users/DION-SERVER/Desktop/noble.dion.sy/packages/noble/Contract/src/Resources/js/Pages/Contracts/Duplicate.tsx'
    Imported via '@/components/ui/label' from file 'C:/Users/DION-SERVER/Desktop/noble.dion.sy/packages/noble/Contract/src/Resources/js/Pages/Contracts/Edit.tsx'
    Imported via '@/components/ui/label' from file 'C:/Users/DION-SERVER/Desktop/noble.dion.sy/packages/noble/Contract/src/Resources/js/Pages/Contracts/components/RenewalsTab.tsx'
    Imported via '@/components/ui/label' from file 'C:/Users/DION-SERVER/Desktop/noble.dion.sy/packages/noble/Contract/src/Resources/js/settings/components/contract-settings.tsx'
    Imported via '@/components/ui/label' from file 'C:/Users/DION-SERVER/Desktop/noble.dion.sy/packages/noble/DoubleEntry/src/Resources/js/Pages/BalanceSheets/Compare.tsx'
    Imported via '@/components/ui/label' from file 'C:/Users/DION-SERVER/Desktop/noble.dion.sy/packages/noble/DoubleEntry/src/Resources/js/Pages/BalanceSheets/Generate.tsx'
    Imported via '@/components/ui/label' from file 'C:/Users/DION-SERVER/Desktop/noble.dion.sy/packages/noble/DoubleEntry/src/Resources/js/Pages/BalanceSheets/YearEndClose.tsx'
    Imported via '@/components/ui/label' from file 'C:/Users/DION-SERVER/Desktop/noble.dion.sy/packages/noble/DoubleEntry/src/Resources/js/Pages/BalanceSheets/Note.tsx'
    Imported via '@/components/ui/label' from file 'C:/Users/DION-SERVER/Desktop/noble.dion.sy/packages/noble/DoubleEntry/src/Resources/js/Pages/BalanceSheets/View.tsx'
    Imported via '@/components/ui/label' from file 'C:/Users/DION-SERVER/Desktop/noble.dion.sy/packages/noble/DoubleEntry/src/Resources/js/Pages/ProfitLoss/Index.tsx'
    Imported via '@/components/ui/label' from file 'C:/Users/DION-SERVER/Desktop/noble.dion.sy/packages/noble/DoubleEntry/src/Resources/js/Pages/Reports/AccountBalance.tsx'
    Imported via '@/components/ui/label' from file 'C:/Users/DION-SERVER/Desktop/noble.dion.sy/packages/noble/DoubleEntry/src/Resources/js/Pages/TrialBalance/Index.tsx'
    Imported via '@/components/ui/label' from file 'C:/Users/DION-SERVER/Desktop/noble.dion.sy/packages/noble/FormBuilder/src/Resources/js/components/ConversionSetup.tsx'
    Imported via '@/components/ui/label' from file 'C:/Users/DION-SERVER/Desktop/noble.dion.sy/packages/noble/FormBuilder/src/Resources/js/Pages/Forms/Create.tsx'
    Imported via '@/components/ui/label' from file 'C:/Users/DION-SERVER/Desktop/noble.dion.sy/packages/noble/FormBuilder/src/Resources/js/Pages/Forms/Edit.tsx'
    Imported via '@/components/ui/label' from file 'C:/Users/DION-SERVER/Desktop/noble.dion.sy/packages/noble/FormBuilder/src/Resources/js/Pages/Forms/Responses.tsx'
    Imported via '@/components/ui/label' from file 'C:/Users/DION-SERVER/Desktop/noble.dion.sy/packages/noble/FormBuilder/src/Resources/js/components/FormField.tsx'
    Imported via '@/components/ui/label' from file 'C:/Users/DION-SERVER/Desktop/noble.dion.sy/packages/noble/Goal/src/Resources/js/Pages/Categories/Create.tsx'
    Imported via '@/components/ui/label' from file 'C:/Users/DION-SERVER/Desktop/noble.dion.sy/packages/noble/Goal/src/Resources/js/Pages/Categories/Edit.tsx'
    Imported via '@/components/ui/label' from file 'C:/Users/DION-SERVER/Desktop/noble.dion.sy/packages/noble/Goal/src/Resources/js/Pages/Contributions/Create.tsx'
    Imported via '@/components/ui/label' from file 'C:/Users/DION-SERVER/Desktop/noble.dion.sy/packages/noble/Goal/src/Resources/js/Pages/Contributions/Edit.tsx'
    Imported via '@/components/ui/label' from file 'C:/Users/DION-SERVER/Desktop/noble.dion.sy/packages/noble/Goal/src/Resources/js/Pages/Goals/Create.tsx'
    Imported via '@/components/ui/label' from file 'C:/Users/DION-SERVER/Desktop/noble.dion.sy/packages/noble/Goal/src/Resources/js/Pages/Goals/Edit.tsx'
    Imported via '@/components/ui/label' from file 'C:/Users/DION-SERVER/Desktop/noble.dion.sy/packages/noble/Goal/src/Resources/js/Pages/Milestones/Create.tsx'
    Imported via '@/components/ui/label' from file 'C:/Users/DION-SERVER/Desktop/noble.dion.sy/packages/noble/Goal/src/Resources/js/Pages/Milestones/Edit.tsx'
    Imported via '@/components/ui/label' from file 'C:/Users/DION-SERVER/Desktop/noble.dion.sy/packages/noble/Goal/src/Resources/js/Pages/Tracking/Create.tsx'
    Imported via '@/components/ui/label' from file 'C:/Users/DION-SERVER/Desktop/noble.dion.sy/packages/noble/Goal/src/Resources/js/Pages/Tracking/Edit.tsx'
    Imported via '@/components/ui/label' from file 'C:/Users/DION-SERVER/Desktop/noble.dion.sy/packages/noble/GoogleCaptcha/src/Resources/js/settings/components/google-captcha-settings.tsx'
    Imported via '@/components/ui/label' from file 'C:/Users/DION-SERVER/Desktop/noble.dion.sy/packages/noble/Hrm/src/Resources/js/Pages/Acknowledgments/Create.tsx'
    Imported via '@/components/ui/label' from file 'C:/Users/DION-SERVER/Desktop/noble.dion.sy/packages/noble/Hrm/src/Resources/js/Pages/Acknowledgments/Edit.tsx'
    Imported via '@/components/ui/label' from file 'C:/Users/DION-SERVER/Desktop/noble.dion.sy/packages/noble/Hrm/src/Resources/js/Pages/Acknowledgments/StatusModal.tsx'
    Imported via '@/components/ui/label' from file 'C:/Users/DION-SERVER/Desktop/noble.dion.sy/packages/noble/Hrm/src/Resources/js/Pages/Announcements/Create.tsx'
    Imported via '@/components/ui/label' from file 'C:/Users/DION-SERVER/Desktop/noble.dion.sy/packages/noble/Hrm/src/Resources/js/Pages/Announcements/Edit.tsx'
    Imported via '@/components/ui/label' from file 'C:/Users/DION-SERVER/Desktop/noble.dion.sy/packages/noble/Hrm/src/Resources/js/Pages/Announcements/UpdateStatus.tsx'
    Imported via '@/components/ui/label' from file 'C:/Users/DION-SERVER/Desktop/noble.dion.sy/packages/noble/Hrm/src/Resources/js/Pages/Assets/Index.tsx'
    Imported via '@/components/ui/label' from file 'C:/Users/DION-SERVER/Desktop/noble.dion.sy/packages/noble/Hrm/src/Resources/js/Pages/Attendances/Create.tsx'
    Imported via '@/components/ui/label' from file 'C:/Users/DION-SERVER/Desktop/noble.dion.sy/packages/noble/Hrm/src/Resources/js/Pages/Attendances/Edit.tsx'
    Imported via '@/components/ui/label' from file 'C:/Users/DION-SERVER/Desktop/noble.dion.sy/packages/noble/Hrm/src/Resources/js/Pages/Awards/Create.tsx'
    Imported via '@/components/ui/label' from file 'C:/Users/DION-SERVER/Desktop/noble.dion.sy/packages/noble/Hrm/src/Resources/js/Pages/Awards/Edit.tsx'
    Imported via '@/components/ui/label' from file 'C:/Users/DION-SERVER/Desktop/noble.dion.sy/packages/noble/Hrm/src/Resources/js/Pages/Awards/StatusUpdate.tsx'
    Imported via '@/components/ui/label' from file 'C:/Users/DION-SERVER/Desktop/noble.dion.sy/packages/noble/Hrm/src/Resources/js/Pages/Complaints/ComplaintStatus.tsx'
    Imported via '@/components/ui/label' from file 'C:/Users/DION-SERVER/Desktop/noble.dion.sy/packages/noble/Hrm/src/Resources/js/Pages/Complaints/Create.tsx'
    Imported via '@/components/ui/label' from file 'C:/Users/DION-SERVER/Desktop/noble.dion.sy/packages/noble/Hrm/src/Resources/js/Pages/Complaints/Edit.tsx'
    Imported via '@/components/ui/label' from file 'C:/Users/DION-SERVER/Desktop/noble.dion.sy/packages/noble/Hrm/src/Resources/js/Pages/Contracts/Index.tsx'
    Imported via '@/components/ui/label' from file 'C:/Users/DION-SERVER/Desktop/noble.dion.sy/packages/noble/Hrm/src/Resources/js/Pages/EmployeeTransfers/Create.tsx'
    Imported via '@/components/ui/label' from file 'C:/Users/DION-SERVER/Desktop/noble.dion.sy/packages/noble/Hrm/src/Resources/js/Pages/EmployeeTransfers/Edit.tsx'
    Imported via '@/components/ui/label' from file 'C:/Users/DION-SERVER/Desktop/noble.dion.sy/packages/noble/Hrm/src/Resources/js/Pages/EmployeeTransfers/StatusModal.tsx'
    Imported via '@/components/ui/label' from file 'C:/Users/DION-SERVER/Desktop/noble.dion.sy/packages/noble/Hrm/src/Resources/js/Pages/Employees/Create.tsx'
    Imported via '@/components/ui/label' from file 'C:/Users/DION-SERVER/Desktop/noble.dion.sy/packages/noble/Hrm/src/Resources/js/Pages/Employees/Edit.tsx'
    Imported via '@/components/ui/label' from file 'C:/Users/DION-SERVER/Desktop/noble.dion.sy/packages/noble/Hrm/src/Resources/js/Pages/Events/Create.tsx'
    Imported via '@/components/ui/label' from file 'C:/Users/DION-SERVER/Desktop/noble.dion.sy/packages/noble/Hrm/src/Resources/js/Pages/Events/Edit.tsx'
    Imported via '@/components/ui/label' from file 'C:/Users/DION-SERVER/Desktop/noble.dion.sy/packages/noble/Hrm/src/Resources/js/Pages/Events/StatusUpdate.tsx'
    Imported via '@/components/ui/label' from file 'C:/Users/DION-SERVER/Desktop/noble.dion.sy/packages/noble/Hrm/src/Resources/js/Pages/FinalSettlement/Index.tsx'
    Imported via '@/components/ui/label' from file 'C:/Users/DION-SERVER/Desktop/noble.dion.sy/packages/noble/Hrm/src/Resources/js/Pages/Holidays/Create.tsx'
    Imported via '@/components/ui/label' from file 'C:/Users/DION-SERVER/Desktop/noble.dion.sy/packages/noble/Hrm/src/Resources/js/Pages/Holidays/Edit.tsx'
    Imported via '@/components/ui/label' from file 'C:/Users/DION-SERVER/Desktop/noble.dion.sy/packages/noble/Hrm/src/Resources/js/Pages/HrmDocuments/Action.tsx'
    Imported via '@/components/ui/label' from file 'C:/Users/DION-SERVER/Desktop/noble.dion.sy/packages/noble/Hrm/src/Resources/js/Pages/HrmDocuments/Create.tsx'
    Imported via '@/components/ui/label' from file 'C:/Users/DION-SERVER/Desktop/noble.dion.sy/packages/noble/Hrm/src/Resources/js/Pages/HrmDocuments/Edit.tsx'
    Imported via '@/components/ui/label' from file 'C:/Users/DION-SERVER/Desktop/noble.dion.sy/packages/noble/Hrm/src/Resources/js/Pages/LeaveApplications/Create.tsx'
    Imported via '@/components/ui/label' from file 'C:/Users/DION-SERVER/Desktop/noble.dion.sy/packages/noble/Hrm/src/Resources/js/Pages/LeaveApplications/Edit.tsx'
    Imported via '@/components/ui/label' from file 'C:/Users/DION-SERVER/Desktop/noble.dion.sy/packages/noble/Hrm/src/Resources/js/Pages/LeaveApplications/StatusUpdate.tsx'
    Imported via '@/components/ui/label' from file 'C:/Users/DION-SERVER/Desktop/noble.dion.sy/packages/noble/Hrm/src/Resources/js/Pages/LeaveTypes/Create.tsx'
    Imported via '@/components/ui/label' from file 'C:/Users/DION-SERVER/Desktop/noble.dion.sy/packages/noble/Hrm/src/Resources/js/Pages/LeaveTypes/Edit.tsx'
    Imported via '@/components/ui/label' from file 'C:/Users/DION-SERVER/Desktop/noble.dion.sy/packages/noble/Hrm/src/Resources/js/Pages/Onboarding/Index.tsx'
    Imported via '@/components/ui/label' from file 'C:/Users/DION-SERVER/Desktop/noble.dion.sy/packages/noble/Hrm/src/Resources/js/Pages/Payrolls/Create.tsx'
    Imported via '@/components/ui/label' from file 'C:/Users/DION-SERVER/Desktop/noble.dion.sy/packages/noble/Hrm/src/Resources/js/Pages/Payrolls/Edit.tsx'
    Imported via '@/components/ui/label' from file 'C:/Users/DION-SERVER/Desktop/noble.dion.sy/packages/noble/Hrm/src/Resources/js/Pages/Promotions/Create.tsx'
    Imported via '@/components/ui/label' from file 'C:/Users/DION-SERVER/Desktop/noble.dion.sy/packages/noble/Hrm/src/Resources/js/Pages/Promotions/Edit.tsx'
    Imported via '@/components/ui/label' from file 'C:/Users/DION-SERVER/Desktop/noble.dion.sy/packages/noble/Hrm/src/Resources/js/Pages/Resignations/Create.tsx'
    Imported via '@/components/ui/label' from file 'C:/Users/DION-SERVER/Desktop/noble.dion.sy/packages/noble/Hrm/src/Resources/js/Pages/Resignations/Edit.tsx'
    Imported via '@/components/ui/label' from file 'C:/Users/DION-SERVER/Desktop/noble.dion.sy/packages/noble/Hrm/src/Resources/js/Pages/Resignations/Index.tsx'
    Imported via '@/components/ui/label' from file 'C:/Users/DION-SERVER/Desktop/noble.dion.sy/packages/noble/Hrm/src/Resources/js/Pages/Resignations/StatusUpdate.tsx'
    Imported via '@/components/ui/label' from file 'C:/Users/DION-SERVER/Desktop/noble.dion.sy/packages/noble/Hrm/src/Resources/js/Pages/SetSalary/Show.tsx'
    Imported via '@/components/ui/label' from file 'C:/Users/DION-SERVER/Desktop/noble.dion.sy/packages/noble/Hrm/src/Resources/js/Pages/SetSalary/Allowances/Create.tsx'
    Imported via '@/components/ui/label' from file 'C:/Users/DION-SERVER/Desktop/noble.dion.sy/packages/noble/Hrm/src/Resources/js/Pages/SetSalary/Allowances/Edit.tsx'
    Imported via '@/components/ui/label' from file 'C:/Users/DION-SERVER/Desktop/noble.dion.sy/packages/noble/Hrm/src/Resources/js/Pages/SetSalary/Deductions/Create.tsx'
    Imported via '@/components/ui/label' from file 'C:/Users/DION-SERVER/Desktop/noble.dion.sy/packages/noble/Hrm/src/Resources/js/Pages/SetSalary/Deductions/Edit.tsx'
    Imported via '@/components/ui/label' from file 'C:/Users/DION-SERVER/Desktop/noble.dion.sy/packages/noble/Hrm/src/Resources/js/Pages/SetSalary/Loans/Create.tsx'
    Imported via '@/components/ui/label' from file 'C:/Users/DION-SERVER/Desktop/noble.dion.sy/packages/noble/Hrm/src/Resources/js/Pages/SetSalary/Loans/Edit.tsx'
    Imported via '@/components/ui/label' from file 'C:/Users/DION-SERVER/Desktop/noble.dion.sy/packages/noble/Hrm/src/Resources/js/Pages/SetSalary/Loans/StatusUpdate.tsx'
    Imported via '@/components/ui/label' from file 'C:/Users/DION-SERVER/Desktop/noble.dion.sy/packages/noble/Hrm/src/Resources/js/Pages/SetSalary/Overtimes/Create.tsx'
    Imported via '@/components/ui/label' from file 'C:/Users/DION-SERVER/Desktop/noble.dion.sy/packages/noble/Hrm/src/Resources/js/Pages/SetSalary/Overtimes/Edit.tsx'
    Imported via '@/components/ui/label' from file 'C:/Users/DION-SERVER/Desktop/noble.dion.sy/packages/noble/Hrm/src/Resources/js/Pages/Shifts/Create.tsx'
    Imported via '@/components/ui/label' from file 'C:/Users/DION-SERVER/Desktop/noble.dion.sy/packages/noble/Hrm/src/Resources/js/Pages/Shifts/Edit.tsx'
    Imported via '@/components/ui/label' from file 'C:/Users/DION-SERVER/Desktop/noble.dion.sy/packages/noble/Hrm/src/Resources/js/Pages/SystemSetup/AllowanceTypes/Create.tsx'
    Imported via '@/components/ui/label' from file 'C:/Users/DION-SERVER/Desktop/noble.dion.sy/packages/noble/Hrm/src/Resources/js/Pages/SystemSetup/AllowanceTypes/Edit.tsx'
    Imported via '@/components/ui/label' from file 'C:/Users/DION-SERVER/Desktop/noble.dion.sy/packages/noble/Hrm/src/Resources/js/Pages/SystemSetup/AnnouncementCategories/Create.tsx'
    Imported via '@/components/ui/label' from file 'C:/Users/DION-SERVER/Desktop/noble.dion.sy/packages/noble/Hrm/src/Resources/js/Pages/SystemSetup/AnnouncementCategories/Edit.tsx'
    Imported via '@/components/ui/label' from file 'C:/Users/DION-SERVER/Desktop/noble.dion.sy/packages/noble/Hrm/src/Resources/js/Pages/SystemSetup/AwardTypes/Create.tsx'
    Imported via '@/components/ui/label' from file 'C:/Users/DION-SERVER/Desktop/noble.dion.sy/packages/noble/Hrm/src/Resources/js/Pages/SystemSetup/AwardTypes/Edit.tsx'
    Imported via '@/components/ui/label' from file 'C:/Users/DION-SERVER/Desktop/noble.dion.sy/packages/noble/Hrm/src/Resources/js/Pages/SystemSetup/Branches/Create.tsx'
    Imported via '@/components/ui/label' from file 'C:/Users/DION-SERVER/Desktop/noble.dion.sy/packages/noble/Hrm/src/Resources/js/Pages/SystemSetup/Branches/Edit.tsx'
    Imported via '@/components/ui/label' from file 'C:/Users/DION-SERVER/Desktop/noble.dion.sy/packages/noble/Hrm/src/Resources/js/Pages/SystemSetup/ComplaintTypes/Create.tsx'
    Imported via '@/components/ui/label' from file 'C:/Users/DION-SERVER/Desktop/noble.dion.sy/packages/noble/Hrm/src/Resources/js/Pages/SystemSetup/ComplaintTypes/Edit.tsx'
    Imported via '@/components/ui/label' from file 'C:/Users/DION-SERVER/Desktop/noble.dion.sy/packages/noble/Hrm/src/Resources/js/Pages/SystemSetup/DeductionTypes/Create.tsx'
    Imported via '@/components/ui/label' from file 'C:/Users/DION-SERVER/Desktop/noble.dion.sy/packages/noble/Hrm/src/Resources/js/Pages/SystemSetup/DeductionTypes/Edit.tsx'
    Imported via '@/components/ui/label' from file 'C:/Users/DION-SERVER/Desktop/noble.dion.sy/packages/noble/Hrm/src/Resources/js/Pages/SystemSetup/Departments/Create.tsx'
    Imported via '@/components/ui/label' from file 'C:/Users/DION-SERVER/Desktop/noble.dion.sy/packages/noble/Hrm/src/Resources/js/Pages/SystemSetup/Departments/Edit.tsx'
    Imported via '@/components/ui/label' from file 'C:/Users/DION-SERVER/Desktop/noble.dion.sy/packages/noble/Hrm/src/Resources/js/Pages/SystemSetup/Designations/Create.tsx'
    Imported via '@/components/ui/label' from file 'C:/Users/DION-SERVER/Desktop/noble.dion.sy/packages/noble/Hrm/src/Resources/js/Pages/SystemSetup/Designations/Edit.tsx'
    Imported via '@/components/ui/label' from file 'C:/Users/DION-SERVER/Desktop/noble.dion.sy/packages/noble/Hrm/src/Resources/js/Pages/SystemSetup/DocumentCategories/Create.tsx'
    Imported via '@/components/ui/label' from file 'C:/Users/DION-SERVER/Desktop/noble.dion.sy/packages/noble/Hrm/src/Resources/js/Pages/SystemSetup/DocumentCategories/Edit.tsx'
    Imported via '@/components/ui/label' from file 'C:/Users/DION-SERVER/Desktop/noble.dion.sy/packages/noble/Hrm/src/Resources/js/Pages/SystemSetup/EmployeeDocumentTypes/Create.tsx'
    Imported via '@/components/ui/label' from file 'C:/Users/DION-SERVER/Desktop/noble.dion.sy/packages/noble/Hrm/src/Resources/js/Pages/SystemSetup/EmployeeDocumentTypes/Edit.tsx'
    Imported via '@/components/ui/label' from file 'C:/Users/DION-SERVER/Desktop/noble.dion.sy/packages/noble/Hrm/src/Resources/js/Pages/SystemSetup/EventTypes/Create.tsx'
    Imported via '@/components/ui/label' from file 'C:/Users/DION-SERVER/Desktop/noble.dion.sy/packages/noble/Hrm/src/Resources/js/Pages/SystemSetup/EventTypes/Edit.tsx'
    Imported via '@/components/ui/label' from file 'C:/Users/DION-SERVER/Desktop/noble.dion.sy/packages/noble/Hrm/src/Resources/js/Pages/SystemSetup/HolidayTypes/Create.tsx'
    Imported via '@/components/ui/label' from file 'C:/Users/DION-SERVER/Desktop/noble.dion.sy/packages/noble/Hrm/src/Resources/js/Pages/SystemSetup/HolidayTypes/Edit.tsx'
    Imported via '@/components/ui/label' from file 'C:/Users/DION-SERVER/Desktop/noble.dion.sy/packages/noble/Hrm/src/Resources/js/Pages/SystemSetup/IpRestricts/Create.tsx'
    Imported via '@/components/ui/label' from file 'C:/Users/DION-SERVER/Desktop/noble.dion.sy/packages/noble/Hrm/src/Resources/js/Pages/SystemSetup/IpRestricts/Edit.tsx'
    Imported via '@/components/ui/label' from file 'C:/Users/DION-SERVER/Desktop/noble.dion.sy/packages/noble/Hrm/src/Resources/js/Pages/SystemSetup/IpRestricts/Index.tsx'
    Imported via '@/components/ui/label' from file 'C:/Users/DION-SERVER/Desktop/noble.dion.sy/packages/noble/Hrm/src/Resources/js/Pages/SystemSetup/LoanTypes/Create.tsx'
    Imported via '@/components/ui/label' from file 'C:/Users/DION-SERVER/Desktop/noble.dion.sy/packages/noble/Hrm/src/Resources/js/Pages/SystemSetup/LoanTypes/Edit.tsx'
    Imported via '@/components/ui/label' from file 'C:/Users/DION-SERVER/Desktop/noble.dion.sy/packages/noble/Hrm/src/Resources/js/Pages/SystemSetup/TerminationTypes/Create.tsx'
    Imported via '@/components/ui/label' from file 'C:/Users/DION-SERVER/Desktop/noble.dion.sy/packages/noble/Hrm/src/Resources/js/Pages/SystemSetup/TerminationTypes/Edit.tsx'
    Imported via '@/components/ui/label' from file 'C:/Users/DION-SERVER/Desktop/noble.dion.sy/packages/noble/Hrm/src/Resources/js/Pages/SystemSetup/ViolationTypes/Index.tsx'
    Imported via '@/components/ui/label' from file 'C:/Users/DION-SERVER/Desktop/noble.dion.sy/packages/noble/Hrm/src/Resources/js/Pages/SystemSetup/WarningTypes/Create.tsx'
    Imported via '@/components/ui/label' from file 'C:/Users/DION-SERVER/Desktop/noble.dion.sy/packages/noble/Hrm/src/Resources/js/Pages/SystemSetup/WarningTypes/Edit.tsx'
    Imported via '@/components/ui/label' from file 'C:/Users/DION-SERVER/Desktop/noble.dion.sy/packages/noble/Hrm/src/Resources/js/Pages/Terminations/Create.tsx'
    Imported via '@/components/ui/label' from file 'C:/Users/DION-SERVER/Desktop/noble.dion.sy/packages/noble/Hrm/src/Resources/js/Pages/Terminations/Edit.tsx'
    Imported via '@/components/ui/label' from file 'C:/Users/DION-SERVER/Desktop/noble.dion.sy/packages/noble/Hrm/src/Resources/js/Pages/VacationSettlement/Index.tsx'
    Imported via '@/components/ui/label' from file 'C:/Users/DION-SERVER/Desktop/noble.dion.sy/packages/noble/Hrm/src/Resources/js/Pages/Violations/Index.tsx'
    Imported via '@/components/ui/label' from file 'C:/Users/DION-SERVER/Desktop/noble.dion.sy/packages/noble/Hrm/src/Resources/js/Pages/Warnings/Create.tsx'
    Imported via '@/components/ui/label' from file 'C:/Users/DION-SERVER/Desktop/noble.dion.sy/packages/noble/Hrm/src/Resources/js/Pages/Warnings/Edit.tsx'
    Imported via '@/components/ui/label' from file 'C:/Users/DION-SERVER/Desktop/noble.dion.sy/packages/noble/Hrm/src/Resources/js/Pages/Warnings/Response.tsx'
    Imported via '@/components/ui/label' from file 'C:/Users/DION-SERVER/Desktop/noble.dion.sy/packages/noble/LandingPage/src/Resources/js/Pages/components/settings/General.tsx'
    Imported via '@/components/ui/label' from file 'C:/Users/DION-SERVER/Desktop/noble.dion.sy/packages/noble/LandingPage/src/Resources/js/Pages/components/settings/Hero.tsx'
    Imported via '@/components/ui/label' from file 'C:/Users/DION-SERVER/Desktop/noble.dion.sy/packages/noble/LandingPage/src/Resources/js/Pages/components/settings/Header.tsx'
    Imported via '@/components/ui/label' from file 'C:/Users/DION-SERVER/Desktop/noble.dion.sy/packages/noble/LandingPage/src/Resources/js/Pages/components/settings/Features.tsx'
    Imported via '@/components/ui/label' from file 'C:/Users/DION-SERVER/Desktop/noble.dion.sy/packages/noble/LandingPage/src/Resources/js/Pages/components/settings/Stats.tsx'
    Imported via '@/components/ui/label' from file 'C:/Users/DION-SERVER/Desktop/noble.dion.sy/packages/noble/LandingPage/src/Resources/js/Pages/components/settings/Modules.tsx'
    Imported via '@/components/ui/label' from file 'C:/Users/DION-SERVER/Desktop/noble.dion.sy/packages/noble/LandingPage/src/Resources/js/Pages/components/settings/Benefits.tsx'
    Imported via '@/components/ui/label' from file 'C:/Users/DION-SERVER/Desktop/noble.dion.sy/packages/noble/LandingPage/src/Resources/js/Pages/components/settings/Gallery.tsx'
    Imported via '@/components/ui/label' from file 'C:/Users/DION-SERVER/Desktop/noble.dion.sy/packages/noble/LandingPage/src/Resources/js/Pages/components/settings/CTA.tsx'
    Imported via '@/components/ui/label' from file 'C:/Users/DION-SERVER/Desktop/noble.dion.sy/packages/noble/LandingPage/src/Resources/js/Pages/components/settings/Footer.tsx'
    Imported via '@/components/ui/label' from file 'C:/Users/DION-SERVER/Desktop/noble.dion.sy/packages/noble/LandingPage/src/Resources/js/Pages/components/settings/Order.tsx'
    Imported via '@/components/ui/label' from file 'C:/Users/DION-SERVER/Desktop/noble.dion.sy/packages/noble/LandingPage/src/Resources/js/Pages/components/settings/Colors.tsx'
    Imported via '@/components/ui/label' from file 'C:/Users/DION-SERVER/Desktop/noble.dion.sy/packages/noble/LandingPage/src/Resources/js/Pages/components/settings/Pricing.tsx'
    Imported via '@/components/ui/label' from file 'C:/Users/DION-SERVER/Desktop/noble.dion.sy/packages/noble/LandingPage/src/Resources/js/Pages/CustomPages/Create.tsx'
    Imported via '@/components/ui/label' from file 'C:/Users/DION-SERVER/Desktop/noble.dion.sy/packages/noble/LandingPage/src/Resources/js/Pages/CustomPages/Edit.tsx'
    Imported via '@/components/ui/label' from file 'C:/Users/DION-SERVER/Desktop/noble.dion.sy/packages/noble/LandingPage/src/Resources/js/Pages/marketplace/Settings.tsx'
    Imported via '@/components/ui/label' from file 'C:/Users/DION-SERVER/Desktop/noble.dion.sy/packages/noble/Lead/src/Resources/js/Pages/Deals/Create.tsx'
    Imported via '@/components/ui/label' from file 'C:/Users/DION-SERVER/Desktop/noble.dion.sy/packages/noble/Lead/src/Resources/js/Pages/Deals/Edit.tsx'
    Imported via '@/components/ui/label' from file 'C:/Users/DION-SERVER/Desktop/noble.dion.sy/packages/noble/Lead/src/Resources/js/Pages/Deals/Show/General.tsx'
    Imported via '@/components/ui/label' from file 'C:/Users/DION-SERVER/Desktop/noble.dion.sy/packages/noble/Lead/src/Resources/js/Pages/Deals/Show/Tasks.tsx'
    Imported via '@/components/ui/label' from file 'C:/Users/DION-SERVER/Desktop/noble.dion.sy/packages/noble/Lead/src/Resources/js/Pages/Deals/Show/Users.tsx'
    Imported via '@/components/ui/label' from file 'C:/Users/DION-SERVER/Desktop/noble.dion.sy/packages/noble/Lead/src/Resources/js/Pages/Deals/Show/Products.tsx'
    Imported via '@/components/ui/label' from file 'C:/Users/DION-SERVER/Desktop/noble.dion.sy/packages/noble/Lead/src/Resources/js/Pages/Deals/Show/Sources.tsx'
    Imported via '@/components/ui/label' from file 'C:/Users/DION-SERVER/Desktop/noble.dion.sy/packages/noble/Lead/src/Resources/js/Pages/Deals/Show/Calls.tsx'
    Imported via '@/components/ui/label' from file 'C:/Users/DION-SERVER/Desktop/noble.dion.sy/packages/noble/Lead/src/Resources/js/Pages/Deals/Show/Clients.tsx'
    Imported via '@/components/ui/label' from file 'C:/Users/DION-SERVER/Desktop/noble.dion.sy/packages/noble/Lead/src/Resources/js/Pages/Deals/Show/Discussions.tsx'
    Imported via '@/components/ui/label' from file 'C:/Users/DION-SERVER/Desktop/noble.dion.sy/packages/noble/Lead/src/Resources/js/Pages/Deals/Show/Emails.tsx'
    Imported via '@/components/ui/label' from file 'C:/Users/DION-SERVER/Desktop/noble.dion.sy/packages/noble/Lead/src/Resources/js/Pages/Leads/Create.tsx'
    Imported via '@/components/ui/label' from file 'C:/Users/DION-SERVER/Desktop/noble.dion.sy/packages/noble/Lead/src/Resources/js/Pages/Leads/Edit.tsx'
    Imported via '@/components/ui/label' from file 'C:/Users/DION-SERVER/Desktop/noble.dion.sy/packages/noble/Lead/src/Resources/js/Pages/Leads/Show/General.tsx'
    Imported via '@/components/ui/label' from file 'C:/Users/DION-SERVER/Desktop/noble.dion.sy/packages/noble/Lead/src/Resources/js/Pages/Leads/Show/Tasks.tsx'
    Imported via '@/components/ui/label' from file 'C:/Users/DION-SERVER/Desktop/noble.dion.sy/packages/noble/Lead/src/Resources/js/Pages/Leads/Show/Users.tsx'
    Imported via '@/components/ui/label' from file 'C:/Users/DION-SERVER/Desktop/noble.dion.sy/packages/noble/Lead/src/Resources/js/Pages/Leads/Show/Products.tsx'
    Imported via '@/components/ui/label' from file 'C:/Users/DION-SERVER/Desktop/noble.dion.sy/packages/noble/Lead/src/Resources/js/Pages/Leads/Show/Sources.tsx'
    Imported via '@/components/ui/label' from file 'C:/Users/DION-SERVER/Desktop/noble.dion.sy/packages/noble/Lead/src/Resources/js/Pages/Leads/Show/Calls.tsx'
    Imported via '@/components/ui/label' from file 'C:/Users/DION-SERVER/Desktop/noble.dion.sy/packages/noble/Lead/src/Resources/js/Pages/Leads/Show/ConvertToDeal.tsx'
    Imported via '@/components/ui/label' from file 'C:/Users/DION-SERVER/Desktop/noble.dion.sy/packages/noble/Lead/src/Resources/js/Pages/Leads/Show/Discussions.tsx'
    Imported via '@/components/ui/label' from file 'C:/Users/DION-SERVER/Desktop/noble.dion.sy/packages/noble/Lead/src/Resources/js/Pages/Leads/Show/Emails.tsx'
    Imported via '@/components/ui/label' from file 'C:/Users/DION-SERVER/Desktop/noble.dion.sy/packages/noble/Lead/src/Resources/js/Pages/Reports/DealReports.tsx'
    Imported via '@/components/ui/label' from file 'C:/Users/DION-SERVER/Desktop/noble.dion.sy/packages/noble/Lead/src/Resources/js/Pages/Reports/LeadReports.tsx'
    Imported via '@/components/ui/label' from file 'C:/Users/DION-SERVER/Desktop/noble.dion.sy/packages/noble/Lead/src/Resources/js/Pages/SystemSetup/DealStages/Create.tsx'
    Imported via '@/components/ui/label' from file 'C:/Users/DION-SERVER/Desktop/noble.dion.sy/packages/noble/Lead/src/Resources/js/Pages/SystemSetup/DealStages/Edit.tsx'
    Imported via '@/components/ui/label' from file 'C:/Users/DION-SERVER/Desktop/noble.dion.sy/packages/noble/Lead/src/Resources/js/Pages/SystemSetup/Labels/Create.tsx'
    Imported via '@/components/ui/label' from file 'C:/Users/DION-SERVER/Desktop/noble.dion.sy/packages/noble/Lead/src/Resources/js/Pages/SystemSetup/Labels/Edit.tsx'
    Imported via '@/components/ui/label' from file 'C:/Users/DION-SERVER/Desktop/noble.dion.sy/packages/noble/Lead/src/Resources/js/Pages/SystemSetup/LeadStages/Create.tsx'
    Imported via '@/components/ui/label' from file 'C:/Users/DION-SERVER/Desktop/noble.dion.sy/packages/noble/Lead/src/Resources/js/Pages/SystemSetup/LeadStages/Edit.tsx'
    Imported via '@/components/ui/label' from file 'C:/Users/DION-SERVER/Desktop/noble.dion.sy/packages/noble/Lead/src/Resources/js/Pages/SystemSetup/Pipelines/Create.tsx'
    Imported via '@/components/ui/label' from file 'C:/Users/DION-SERVER/Desktop/noble.dion.sy/packages/noble/Lead/src/Resources/js/Pages/SystemSetup/Pipelines/Edit.tsx'
    Imported via '@/components/ui/label' from file 'C:/Users/DION-SERVER/Desktop/noble.dion.sy/packages/noble/Lead/src/Resources/js/Pages/SystemSetup/Sources/Create.tsx'
    Imported via '@/components/ui/label' from file 'C:/Users/DION-SERVER/Desktop/noble.dion.sy/packages/noble/Lead/src/Resources/js/Pages/SystemSetup/Sources/Edit.tsx'
    Imported via '@/components/ui/label' from file 'C:/Users/DION-SERVER/Desktop/noble.dion.sy/packages/noble/Paypal/src/Resources/js/buttons/buttons.tsx'
    Imported via '@/components/ui/label' from file 'C:/Users/DION-SERVER/Desktop/noble.dion.sy/packages/noble/Paypal/src/Resources/js/settings/components/paypal-settings.tsx'
    Imported via '@/components/ui/label' from file 'C:/Users/DION-SERVER/Desktop/noble.dion.sy/packages/noble/Performance/src/Resources/js/Pages/EmployeeGoals/Create.tsx'
    Imported via '@/components/ui/label' from file 'C:/Users/DION-SERVER/Desktop/noble.dion.sy/packages/noble/Performance/src/Resources/js/Pages/EmployeeGoals/Edit.tsx'
    Imported via '@/components/ui/label' from file 'C:/Users/DION-SERVER/Desktop/noble.dion.sy/packages/noble/Performance/src/Resources/js/Pages/EmployeeReviews/Conduct.tsx'
    Imported via '@/components/ui/label' from file 'C:/Users/DION-SERVER/Desktop/noble.dion.sy/packages/noble/Performance/src/Resources/js/Pages/EmployeeReviews/Create.tsx'
    Imported via '@/components/ui/label' from file 'C:/Users/DION-SERVER/Desktop/noble.dion.sy/packages/noble/Performance/src/Resources/js/Pages/EmployeeReviews/Edit.tsx'
    Imported via '@/components/ui/label' from file 'C:/Users/DION-SERVER/Desktop/noble.dion.sy/packages/noble/Performance/src/Resources/js/Pages/Indicators/Create.tsx'
    Imported via '@/components/ui/label' from file 'C:/Users/DION-SERVER/Desktop/noble.dion.sy/packages/noble/Performance/src/Resources/js/Pages/Indicators/Edit.tsx'
    Imported via '@/components/ui/label' from file 'C:/Users/DION-SERVER/Desktop/noble.dion.sy/packages/noble/Performance/src/Resources/js/Pages/ReviewCycles/Create.tsx'
    Imported via '@/components/ui/label' from file 'C:/Users/DION-SERVER/Desktop/noble.dion.sy/packages/noble/Performance/src/Resources/js/Pages/ReviewCycles/Edit.tsx'
    Imported via '@/components/ui/label' from file 'C:/Users/DION-SERVER/Desktop/noble.dion.sy/packages/noble/Performance/src/Resources/js/Pages/SystemSetup/GoalTypes/Create.tsx'
    Imported via '@/components/ui/label' from file 'C:/Users/DION-SERVER/Desktop/noble.dion.sy/packages/noble/Performance/src/Resources/js/Pages/SystemSetup/GoalTypes/Edit.tsx'
    Imported via '@/components/ui/label' from file 'C:/Users/DION-SERVER/Desktop/noble.dion.sy/packages/noble/Performance/src/Resources/js/Pages/SystemSetup/IndicatorCategories/Create.tsx'
    Imported via '@/components/ui/label' from file 'C:/Users/DION-SERVER/Desktop/noble.dion.sy/packages/noble/Performance/src/Resources/js/Pages/SystemSetup/IndicatorCategories/Edit.tsx'
    Imported via '@/components/ui/label' from file 'C:/Users/DION-SERVER/Desktop/noble.dion.sy/packages/noble/Pos/src/Resources/js/Pages/Barcode/Index.tsx'
    Imported via '@/components/ui/label' from file 'C:/Users/DION-SERVER/Desktop/noble.dion.sy/packages/noble/ProductService/src/Resources/js/Pages/Items/Create.tsx'
    Imported via '@/components/ui/label' from file 'C:/Users/DION-SERVER/Desktop/noble.dion.sy/packages/noble/ProductService/src/Resources/js/Pages/Items/Edit.tsx'
    Imported via '@/components/ui/label' from file 'C:/Users/DION-SERVER/Desktop/noble.dion.sy/packages/noble/ProductService/src/Resources/js/Pages/Stock/Index.tsx'
    Imported via '@/components/ui/label' from file 'C:/Users/DION-SERVER/Desktop/noble.dion.sy/packages/noble/ProductService/src/Resources/js/Pages/SystemSetup/Categories/Create.tsx'
    Imported via '@/components/ui/label' from file 'C:/Users/DION-SERVER/Desktop/noble.dion.sy/packages/noble/ProductService/src/Resources/js/Pages/SystemSetup/Categories/Edit.tsx'
    Imported via '@/components/ui/label' from file 'C:/Users/DION-SERVER/Desktop/noble.dion.sy/packages/noble/ProductService/src/Resources/js/Pages/SystemSetup/Taxes/Create.tsx'
    Imported via '@/components/ui/label' from file 'C:/Users/DION-SERVER/Desktop/noble.dion.sy/packages/noble/ProductService/src/Resources/js/Pages/SystemSetup/Taxes/Edit.tsx'
    Imported via '@/components/ui/label' from file 'C:/Users/DION-SERVER/Desktop/noble.dion.sy/packages/noble/ProductService/src/Resources/js/Pages/SystemSetup/Units/Create.tsx'
    Imported via '@/components/ui/label' from file 'C:/Users/DION-SERVER/Desktop/noble.dion.sy/packages/noble/ProductService/src/Resources/js/Pages/SystemSetup/Units/Edit.tsx'
    Imported via '@/components/ui/label' from file 'C:/Users/DION-SERVER/Desktop/noble.dion.sy/packages/noble/ProductService/src/Resources/js/fields/fields.tsx'
    Imported via '@/components/ui/label' from file 'C:/Users/DION-SERVER/Desktop/noble.dion.sy/packages/noble/Quotation/src/Resources/js/Pages/Quotations/Create.tsx'
    Imported via '@/components/ui/label' from file 'C:/Users/DION-SERVER/Desktop/noble.dion.sy/packages/noble/Quotation/src/Resources/js/Pages/Quotations/Edit.tsx'
    Imported via '@/components/ui/label' from file 'C:/Users/DION-SERVER/Desktop/noble.dion.sy/packages/noble/Recruitment/src/Resources/js/Pages/CandidateAssessments/Create.tsx'
    Imported via '@/components/ui/label' from file 'C:/Users/DION-SERVER/Desktop/noble.dion.sy/packages/noble/Recruitment/src/Resources/js/Pages/CandidateAssessments/Edit.tsx'
    Imported via '@/components/ui/label' from file 'C:/Users/DION-SERVER/Desktop/noble.dion.sy/packages/noble/Recruitment/src/Resources/js/Pages/CandidateOnboardings/Create.tsx'
    Imported via '@/components/ui/label' from file 'C:/Users/DION-SERVER/Desktop/noble.dion.sy/packages/noble/Recruitment/src/Resources/js/Pages/CandidateOnboardings/Edit.tsx'
    Imported via '@/components/ui/label' from file 'C:/Users/DION-SERVER/Desktop/noble.dion.sy/packages/noble/Recruitment/src/Resources/js/Pages/Candidates/Create.tsx'
    Imported via '@/components/ui/label' from file 'C:/Users/DION-SERVER/Desktop/noble.dion.sy/packages/noble/Recruitment/src/Resources/js/Pages/Candidates/Edit.tsx'
    Imported via '@/components/ui/label' from file 'C:/Users/DION-SERVER/Desktop/noble.dion.sy/packages/noble/Recruitment/src/Resources/js/Pages/ChecklistItems/Create.tsx'
    Imported via '@/components/ui/label' from file 'C:/Users/DION-SERVER/Desktop/noble.dion.sy/packages/noble/Recruitment/src/Resources/js/Pages/ChecklistItems/Edit.tsx'
    Imported via '@/components/ui/label' from file 'C:/Users/DION-SERVER/Desktop/noble.dion.sy/packages/noble/Recruitment/src/Resources/js/Pages/CustomQuestions/Create.tsx'
    Imported via '@/components/ui/label' from file 'C:/Users/DION-SERVER/Desktop/noble.dion.sy/packages/noble/Recruitment/src/Resources/js/Pages/CustomQuestions/Edit.tsx'
    Imported via '@/components/ui/label' from file 'C:/Users/DION-SERVER/Desktop/noble.dion.sy/packages/noble/Recruitment/src/Resources/js/Pages/Frontend/JobApply.tsx'
    Imported via '@/components/ui/label' from file 'C:/Users/DION-SERVER/Desktop/noble.dion.sy/packages/noble/Recruitment/src/Resources/js/Pages/Frontend/TrackingForm.tsx'
    Imported via '@/components/ui/label' from file 'C:/Users/DION-SERVER/Desktop/noble.dion.sy/packages/noble/Recruitment/src/Resources/js/Pages/InterviewFeedbacks/Create.tsx'
    Imported via '@/components/ui/label' from file 'C:/Users/DION-SERVER/Desktop/noble.dion.sy/packages/noble/Recruitment/src/Resources/js/Pages/InterviewFeedbacks/Edit.tsx'
    Imported via '@/components/ui/label' from file 'C:/Users/DION-SERVER/Desktop/noble.dion.sy/packages/noble/Recruitment/src/Resources/js/Pages/InterviewRounds/Create.tsx'
    Imported via '@/components/ui/label' from file 'C:/Users/DION-SERVER/Desktop/noble.dion.sy/packages/noble/Recruitment/src/Resources/js/Pages/InterviewRounds/Edit.tsx'
    Imported via '@/components/ui/label' from file 'C:/Users/DION-SERVER/Desktop/noble.dion.sy/packages/noble/Recruitment/src/Resources/js/Pages/Interviews/Create.tsx'
    Imported via '@/components/ui/label' from file 'C:/Users/DION-SERVER/Desktop/noble.dion.sy/packages/noble/Recruitment/src/Resources/js/Pages/Interviews/Edit.tsx'
    Imported via '@/components/ui/label' from file 'C:/Users/DION-SERVER/Desktop/noble.dion.sy/packages/noble/Recruitment/src/Resources/js/Pages/JobLocations/Create.tsx'
    Imported via '@/components/ui/label' from file 'C:/Users/DION-SERVER/Desktop/noble.dion.sy/packages/noble/Recruitment/src/Resources/js/Pages/JobLocations/Edit.tsx'
    Imported via '@/components/ui/label' from file 'C:/Users/DION-SERVER/Desktop/noble.dion.sy/packages/noble/Recruitment/src/Resources/js/Pages/JobPostings/Create.tsx'
    Imported via '@/components/ui/label' from file 'C:/Users/DION-SERVER/Desktop/noble.dion.sy/packages/noble/Recruitment/src/Resources/js/Pages/JobPostings/Edit.tsx'
    Imported via '@/components/ui/label' from file 'C:/Users/DION-SERVER/Desktop/noble.dion.sy/packages/noble/Recruitment/src/Resources/js/Pages/Offers/ConvertToEmployee.tsx'
    Imported via '@/components/ui/label' from file 'C:/Users/DION-SERVER/Desktop/noble.dion.sy/packages/noble/Recruitment/src/Resources/js/Pages/Offers/Create.tsx'
    Imported via '@/components/ui/label' from file 'C:/Users/DION-SERVER/Desktop/noble.dion.sy/packages/noble/Recruitment/src/Resources/js/Pages/Offers/Edit.tsx'
    Imported via '@/components/ui/label' from file 'C:/Users/DION-SERVER/Desktop/noble.dion.sy/packages/noble/Recruitment/src/Resources/js/Pages/SystemSetup/AboutCompany/Index.tsx'
    Imported via '@/components/ui/label' from file 'C:/Users/DION-SERVER/Desktop/noble.dion.sy/packages/noble/Recruitment/src/Resources/js/Pages/SystemSetup/ApplicationTips/Index.tsx'
    Imported via '@/components/ui/label' from file 'C:/Users/DION-SERVER/Desktop/noble.dion.sy/packages/noble/Recruitment/src/Resources/js/Pages/SystemSetup/BrandSettings/Index.tsx'
    Imported via '@/components/ui/label' from file 'C:/Users/DION-SERVER/Desktop/noble.dion.sy/packages/noble/Recruitment/src/Resources/js/Pages/SystemSetup/CandidateSources/Create.tsx'
    Imported via '@/components/ui/label' from file 'C:/Users/DION-SERVER/Desktop/noble.dion.sy/packages/noble/Recruitment/src/Resources/js/Pages/SystemSetup/CandidateSources/Edit.tsx'
    Imported via '@/components/ui/label' from file 'C:/Users/DION-SERVER/Desktop/noble.dion.sy/packages/noble/Recruitment/src/Resources/js/Pages/SystemSetup/DashboardWelcomeCard/Index.tsx'
    Imported via '@/components/ui/label' from file 'C:/Users/DION-SERVER/Desktop/noble.dion.sy/packages/noble/Recruitment/src/Resources/js/Pages/SystemSetup/InterviewTypes/Create.tsx'
    Imported via '@/components/ui/label' from file 'C:/Users/DION-SERVER/Desktop/noble.dion.sy/packages/noble/Recruitment/src/Resources/js/Pages/SystemSetup/InterviewTypes/Edit.tsx'
    Imported via '@/components/ui/label' from file 'C:/Users/DION-SERVER/Desktop/noble.dion.sy/packages/noble/Recruitment/src/Resources/js/Pages/SystemSetup/JobCategories/Create.tsx'
    Imported via '@/components/ui/label' from file 'C:/Users/DION-SERVER/Desktop/noble.dion.sy/packages/noble/Recruitment/src/Resources/js/Pages/SystemSetup/JobCategories/Edit.tsx'
    Imported via '@/components/ui/label' from file 'C:/Users/DION-SERVER/Desktop/noble.dion.sy/packages/noble/Recruitment/src/Resources/js/Pages/SystemSetup/JobTypes/Create.tsx'
    Imported via '@/components/ui/label' from file 'C:/Users/DION-SERVER/Desktop/noble.dion.sy/packages/noble/Recruitment/src/Resources/js/Pages/SystemSetup/JobTypes/Edit.tsx'
    Imported via '@/components/ui/label' from file 'C:/Users/DION-SERVER/Desktop/noble.dion.sy/packages/noble/Recruitment/src/Resources/js/Pages/SystemSetup/NeedHelp/Index.tsx'
    Imported via '@/components/ui/label' from file 'C:/Users/DION-SERVER/Desktop/noble.dion.sy/packages/noble/Recruitment/src/Resources/js/Pages/SystemSetup/OnboardingChecklists/Create.tsx'
    Imported via '@/components/ui/label' from file 'C:/Users/DION-SERVER/Desktop/noble.dion.sy/packages/noble/Recruitment/src/Resources/js/Pages/SystemSetup/OnboardingChecklists/Edit.tsx'
    Imported via '@/components/ui/label' from file 'C:/Users/DION-SERVER/Desktop/noble.dion.sy/packages/noble/Recruitment/src/Resources/js/Pages/SystemSetup/TrackingFaq/Index.tsx'
    Imported via '@/components/ui/label' from file 'C:/Users/DION-SERVER/Desktop/noble.dion.sy/packages/noble/Recruitment/src/Resources/js/Pages/SystemSetup/WhatHappensNext/Index.tsx'
    Imported via '@/components/ui/label' from file 'C:/Users/DION-SERVER/Desktop/noble.dion.sy/packages/noble/Slack/src/Resources/js/settings/components/slack-settings.tsx'
    Imported via '@/components/ui/label' from file 'C:/Users/DION-SERVER/Desktop/noble.dion.sy/packages/noble/Stripe/src/Resources/js/buttons/buttons.tsx'
    Imported via '@/components/ui/label' from file 'C:/Users/DION-SERVER/Desktop/noble.dion.sy/packages/noble/Stripe/src/Resources/js/settings/components/stripe-settings.tsx'
    Imported via '@/components/ui/label' from file 'C:/Users/DION-SERVER/Desktop/noble.dion.sy/packages/noble/SupportTicket/src/Resources/js/Pages/FAQ/Create.tsx'
    Imported via '@/components/ui/label' from file 'C:/Users/DION-SERVER/Desktop/noble.dion.sy/packages/noble/SupportTicket/src/Resources/js/Pages/FAQ/Edit.tsx'
    Imported via '@/components/ui/label' from file 'C:/Users/DION-SERVER/Desktop/noble.dion.sy/packages/noble/SupportTicket/src/Resources/js/Pages/FAQ/Import.tsx'
    Imported via '@/components/ui/label' from file 'C:/Users/DION-SERVER/Desktop/noble.dion.sy/packages/noble/SupportTicket/src/Resources/js/Pages/FAQ/ImportDialog.tsx'
    Imported via '@/components/ui/label' from file 'C:/Users/DION-SERVER/Desktop/noble.dion.sy/packages/noble/SupportTicket/src/Resources/js/Pages/Frontend/Contact.tsx'
    Imported via '@/components/ui/label' from file 'C:/Users/DION-SERVER/Desktop/noble.dion.sy/packages/noble/SupportTicket/src/Resources/js/Pages/Frontend/CreateTicket.tsx'
    Imported via '@/components/ui/label' from file 'C:/Users/DION-SERVER/Desktop/noble.dion.sy/packages/noble/SupportTicket/src/Resources/js/Pages/Frontend/Index.tsx'
    Imported via '@/components/ui/label' from file 'C:/Users/DION-SERVER/Desktop/noble.dion.sy/packages/noble/SupportTicket/src/Resources/js/Pages/Knowledge/Create.tsx'
    Imported via '@/components/ui/label' from file 'C:/Users/DION-SERVER/Desktop/noble.dion.sy/packages/noble/SupportTicket/src/Resources/js/Pages/Knowledge/Edit.tsx'
    Imported via '@/components/ui/label' from file 'C:/Users/DION-SERVER/Desktop/noble.dion.sy/packages/noble/SupportTicket/src/Resources/js/Pages/Knowledge/Import.tsx'
    Imported via '@/components/ui/label' from file 'C:/Users/DION-SERVER/Desktop/noble.dion.sy/packages/noble/SupportTicket/src/Resources/js/Pages/Knowledge/ImportDialog.tsx'
    Imported via '@/components/ui/label' from file 'C:/Users/DION-SERVER/Desktop/noble.dion.sy/packages/noble/SupportTicket/src/Resources/js/Pages/SystemSetup/cta-section.tsx'
    Imported via '@/components/ui/label' from file 'C:/Users/DION-SERVER/Desktop/noble.dion.sy/packages/noble/SupportTicket/src/Resources/js/Pages/SystemSetup/support-information.tsx'
    Imported via '@/components/ui/label' from file 'C:/Users/DION-SERVER/Desktop/noble.dion.sy/packages/noble/SupportTicket/src/Resources/js/Pages/SystemSetup/title-section.tsx'
    Imported via '@/components/ui/label' from file 'C:/Users/DION-SERVER/Desktop/noble.dion.sy/packages/noble/SupportTicket/src/Resources/js/Pages/SystemSetup/BrandSettings/Index.tsx'
    Imported via '@/components/ui/label' from file 'C:/Users/DION-SERVER/Desktop/noble.dion.sy/packages/noble/SupportTicket/src/Resources/js/Pages/SystemSetup/Categories/Create.tsx'
    Imported via '@/components/ui/label' from file 'C:/Users/DION-SERVER/Desktop/noble.dion.sy/packages/noble/SupportTicket/src/Resources/js/Pages/SystemSetup/Categories/Edit.tsx'
    Imported via '@/components/ui/label' from file 'C:/Users/DION-SERVER/Desktop/noble.dion.sy/packages/noble/SupportTicket/src/Resources/js/Pages/SystemSetup/ContactInformation/Index.tsx'
    Imported via '@/components/ui/label' from file 'C:/Users/DION-SERVER/Desktop/noble.dion.sy/packages/noble/SupportTicket/src/Resources/js/Pages/SystemSetup/CustomPages/Create.tsx'
    Imported via '@/components/ui/label' from file 'C:/Users/DION-SERVER/Desktop/noble.dion.sy/packages/noble/SupportTicket/src/Resources/js/Pages/SystemSetup/CustomPages/Edit.tsx'
    Imported via '@/components/ui/label' from file 'C:/Users/DION-SERVER/Desktop/noble.dion.sy/packages/noble/SupportTicket/src/Resources/js/Pages/SystemSetup/KnowledgeCategories/Create.tsx'
    Imported via '@/components/ui/label' from file 'C:/Users/DION-SERVER/Desktop/noble.dion.sy/packages/noble/SupportTicket/src/Resources/js/Pages/SystemSetup/KnowledgeCategories/Edit.tsx'
    Imported via '@/components/ui/label' from file 'C:/Users/DION-SERVER/Desktop/noble.dion.sy/packages/noble/SupportTicket/src/Resources/js/Pages/SystemSetup/PrivacyPolicy/Index.tsx'
    Imported via '@/components/ui/label' from file 'C:/Users/DION-SERVER/Desktop/noble.dion.sy/packages/noble/SupportTicket/src/Resources/js/Pages/SystemSetup/QuickLinks/Create.tsx'
    Imported via '@/components/ui/label' from file 'C:/Users/DION-SERVER/Desktop/noble.dion.sy/packages/noble/SupportTicket/src/Resources/js/Pages/SystemSetup/QuickLinks/Edit.tsx'
    Imported via '@/components/ui/label' from file 'C:/Users/DION-SERVER/Desktop/noble.dion.sy/packages/noble/SupportTicket/src/Resources/js/Pages/SystemSetup/TermsConditions/Index.tsx'
    Imported via '@/components/ui/label' from file 'C:/Users/DION-SERVER/Desktop/noble.dion.sy/packages/noble/SupportTicket/src/Resources/js/Pages/Tickets/Create.tsx'
    Imported via '@/components/ui/label' from file 'C:/Users/DION-SERVER/Desktop/noble.dion.sy/packages/noble/SupportTicket/src/Resources/js/Pages/Tickets/Edit.tsx'
    Imported via '@/components/ui/label' from file 'C:/Users/DION-SERVER/Desktop/noble.dion.sy/packages/noble/SupportTicket/src/Resources/js/Pages/Tickets/EditReply.tsx'
    Imported via '@/Components/ui/label' from file 'C:/Users/DION-SERVER/Desktop/noble.dion.sy/packages/noble/SupportTicket/src/Resources/js/faq/Import.tsx'
    Imported via '@/Components/ui/label' from file 'C:/Users/DION-SERVER/Desktop/noble.dion.sy/packages/noble/SupportTicket/src/Resources/js/knowledge/Import.tsx'
    Imported via '@/components/ui/label' from file 'C:/Users/DION-SERVER/Desktop/noble.dion.sy/packages/noble/SupportTicket/src/Resources/js/settings/components/support-setting.tsx'
    Imported via '@/components/ui/label' from file 'C:/Users/DION-SERVER/Desktop/noble.dion.sy/packages/noble/Taskly/src/Resources/js/Pages/Bugs/Create.tsx'
    Imported via '@/components/ui/label' from file 'C:/Users/DION-SERVER/Desktop/noble.dion.sy/packages/noble/Taskly/src/Resources/js/Pages/Bugs/Edit.tsx'
    Imported via '@/components/ui/label' from file 'C:/Users/DION-SERVER/Desktop/noble.dion.sy/packages/noble/Taskly/src/Resources/js/Pages/Bugs/View.tsx'
    Imported via '@/components/ui/label' from file 'C:/Users/DION-SERVER/Desktop/noble.dion.sy/packages/noble/Taskly/src/Resources/js/Pages/Project/Create.tsx'
    Imported via '@/components/ui/label' from file 'C:/Users/DION-SERVER/Desktop/noble.dion.sy/packages/noble/Taskly/src/Resources/js/Pages/Project/DuplicateModal.tsx'
    Imported via '@/components/ui/label' from file 'C:/Users/DION-SERVER/Desktop/noble.dion.sy/packages/noble/Taskly/src/Resources/js/Pages/Project/Edit.tsx'
    Imported via '@/components/ui/label' from file 'C:/Users/DION-SERVER/Desktop/noble.dion.sy/packages/noble/Taskly/src/Resources/js/Pages/Project/View.tsx'
    Imported via '@/components/ui/label' from file 'C:/Users/DION-SERVER/Desktop/noble.dion.sy/packages/noble/Taskly/src/Resources/js/Pages/SystemSetup/BugStages/Create.tsx'
    Imported via '@/components/ui/label' from file 'C:/Users/DION-SERVER/Desktop/noble.dion.sy/packages/noble/Taskly/src/Resources/js/Pages/SystemSetup/BugStages/Edit.tsx'
    Imported via '@/components/ui/label' from file 'C:/Users/DION-SERVER/Desktop/noble.dion.sy/packages/noble/Taskly/src/Resources/js/Pages/SystemSetup/TaskStages/Create.tsx'
    Imported via '@/components/ui/label' from file 'C:/Users/DION-SERVER/Desktop/noble.dion.sy/packages/noble/Taskly/src/Resources/js/Pages/SystemSetup/TaskStages/Edit.tsx'
    Imported via '@/components/ui/label' from file 'C:/Users/DION-SERVER/Desktop/noble.dion.sy/packages/noble/Taskly/src/Resources/js/Pages/Tasks/Create.tsx'
    Imported via '@/components/ui/label' from file 'C:/Users/DION-SERVER/Desktop/noble.dion.sy/packages/noble/Taskly/src/Resources/js/Pages/Tasks/Edit.tsx'
    Imported via '@/components/ui/label' from file 'C:/Users/DION-SERVER/Desktop/noble.dion.sy/packages/noble/Taskly/src/Resources/js/Pages/Tasks/View.tsx'
    Imported via '@/components/ui/label' from file 'C:/Users/DION-SERVER/Desktop/noble.dion.sy/packages/noble/Taskly/src/Resources/js/fields/fields.tsx'
    Imported via '@/components/ui/label' from file 'C:/Users/DION-SERVER/Desktop/noble.dion.sy/packages/noble/Telegram/src/Resources/js/settings/components/telegram-settings.tsx'
    Imported via '@/components/ui/label' from file 'C:/Users/DION-SERVER/Desktop/noble.dion.sy/packages/noble/Timesheet/src/Resources/js/Pages/Create.tsx'
    Imported via '@/components/ui/label' from file 'C:/Users/DION-SERVER/Desktop/noble.dion.sy/packages/noble/Timesheet/src/Resources/js/Pages/Edit.tsx'
    Imported via '@/components/ui/label' from file 'C:/Users/DION-SERVER/Desktop/noble.dion.sy/packages/noble/Training/src/Resources/js/Pages/feedbacks/index.tsx'
    Imported via '@/components/ui/label' from file 'C:/Users/DION-SERVER/Desktop/noble.dion.sy/packages/noble/Training/src/Resources/js/Pages/tasks/create.tsx'
    Imported via '@/components/ui/label' from file 'C:/Users/DION-SERVER/Desktop/noble.dion.sy/packages/noble/Training/src/Resources/js/Pages/tasks/edit.tsx'
    Imported via '@/components/ui/label' from file 'C:/Users/DION-SERVER/Desktop/noble.dion.sy/packages/noble/Training/src/Resources/js/Pages/trainers/create.tsx'
    Imported via '@/components/ui/label' from file 'C:/Users/DION-SERVER/Desktop/noble.dion.sy/packages/noble/Training/src/Resources/js/Pages/trainers/edit.tsx'
    Imported via '@/components/ui/label' from file 'C:/Users/DION-SERVER/Desktop/noble.dion.sy/packages/noble/Training/src/Resources/js/Pages/training-types/create.tsx'
    Imported via '@/components/ui/label' from file 'C:/Users/DION-SERVER/Desktop/noble.dion.sy/packages/noble/Training/src/Resources/js/Pages/training-types/edit.tsx'
    Imported via '@/components/ui/label' from file 'C:/Users/DION-SERVER/Desktop/noble.dion.sy/packages/noble/Training/src/Resources/js/Pages/trainings/create.tsx'
    Imported via '@/components/ui/label' from file 'C:/Users/DION-SERVER/Desktop/noble.dion.sy/packages/noble/Training/src/Resources/js/Pages/trainings/edit.tsx'
    Imported via '@/components/ui/label' from file 'C:/Users/DION-SERVER/Desktop/noble.dion.sy/packages/noble/Twilio/src/Resources/js/settings/components/twilio-settings.tsx'
    Imported via '@/components/ui/label' from file 'C:/Users/DION-SERVER/Desktop/noble.dion.sy/packages/noble/Webhook/src/Resources/js/settings/components/webhook-settings.tsx'
    Imported via '@/components/ui/label' from file 'C:/Users/DION-SERVER/Desktop/noble.dion.sy/packages/noble/ZoomMeeting/src/Resources/js/Pages/ZoomMeetings/Create.tsx'
    Imported via '@/components/ui/label' from file 'C:/Users/DION-SERVER/Desktop/noble.dion.sy/packages/noble/ZoomMeeting/src/Resources/js/Pages/ZoomMeetings/Edit.tsx'
    Imported via '@/components/ui/label' from file 'C:/Users/DION-SERVER/Desktop/noble.dion.sy/packages/noble/ZoomMeeting/src/Resources/js/settings/components/zoom-meeting-settings.tsx'
packages/noble/SupportTicket/src/Resources/js/Pages/Contact/Index.tsx(198,33): error TS2322: Type '{ routeName: string; filters: { search: string; }; currentPerPage: string; onPerPageChange: (newPerPage: string) => void; }' is not assignable to type 'IntrinsicAttributes & PerPageSelectorProps'.
  Property 'currentPerPage' does not exist on type 'IntrinsicAttributes & PerPageSelectorProps'.
packages/noble/SupportTicket/src/Resources/js/Pages/Contact/Index.tsx(233,25): error TS2322: Type '{ data: Contact[]; links: any[]; meta: any; } | { current_page: number; last_page: number; per_page: number; total: number; from: number; to: number; }' is not assignable to type '{ current_page: number; last_page: number; per_page: number; total: number; from: number; to: number; }'.
  Type '{ data: Contact[]; links: any[]; meta: any; }' is missing the following properties from type '{ current_page: number; last_page: number; per_page: number; total: number; from: number; to: number; }': current_page, last_page, per_page, total, and 2 more.
packages/noble/SupportTicket/src/Resources/js/Pages/FAQ/Create.tsx(55,25): error TS2322: Type '{ value: string; onChange: (value: string) => void; placeholder: string; }' is not assignable to type 'IntrinsicAttributes & RichTextEditorProps'.
  Property 'value' does not exist on type 'IntrinsicAttributes & RichTextEditorProps'.
packages/noble/SupportTicket/src/Resources/js/Pages/FAQ/Import.tsx(140,48): error TS2353: Object literal may only specify known properties, and 'href' does not exist in type '{ label: string; url?: string; }'.
packages/noble/SupportTicket/src/Resources/js/Pages/FAQ/Import.tsx(141,36): error TS2353: Object literal may only specify known properties, and 'href' does not exist in type '{ label: string; url?: string; }'.
packages/noble/SupportTicket/src/Resources/js/Pages/FAQ/Index.tsx(227,33): error TS2322: Type '{ routeName: string; filters: { search: string; }; currentPerPage: string; onPerPageChange: (newPerPage: string) => void; }' is not assignable to type 'IntrinsicAttributes & PerPageSelectorProps'.
  Property 'currentPerPage' does not exist on type 'IntrinsicAttributes & PerPageSelectorProps'.
packages/noble/SupportTicket/src/Resources/js/Pages/FAQ/Index.tsx(265,25): error TS2322: Type '{ data: FAQ[]; links: any; meta: any; } | { current_page: number; last_page: number; per_page: number; total: number; from: number; to: number; }' is not assignable to type '{ current_page: number; last_page: number; per_page: number; total: number; from: number; to: number; }'.
  Type '{ data: FAQ[]; links: any; meta: any; }' is missing the following properties from type '{ current_page: number; last_page: number; per_page: number; total: number; from: number; to: number; }': current_page, last_page, per_page, total, and 2 more.
packages/noble/SupportTicket/src/Resources/js/Pages/Frontend/CreateTicket.tsx(146,21): error TS2345: Argument of type '"attachments"' is not assignable to parameter of type '"name" | "category" | "status" | "email" | "description" | "fields" | "subject" | "account_type"'.
packages/noble/SupportTicket/src/Resources/js/Pages/Frontend/CreateTicket.tsx(151,28): error TS2339: Property 'attachments' does not exist on type '{ name: string; email: string; category: string; subject: string; status: string; description: string; account_type: string; fields: Record<string, any>; }'.
packages/noble/SupportTicket/src/Resources/js/Pages/Frontend/CreateTicket.tsx(331,63): error TS2339: Property 'order' does not exist on type 'Field'.
packages/noble/SupportTicket/src/Resources/js/Pages/Frontend/CreateTicket.tsx(331,73): error TS2339: Property 'order' does not exist on type 'Field'.
packages/noble/SupportTicket/src/Resources/js/Pages/Frontend/CreateTicket.tsx(345,53): error TS2367: This comparison appears to be unintentional because the types 'string' and 'number' have no overlap.
packages/noble/SupportTicket/src/Resources/js/Pages/Frontend/CreateTicket.tsx(373,53): error TS2367: This comparison appears to be unintentional because the types 'string' and 'number' have no overlap.
packages/noble/SupportTicket/src/Resources/js/Pages/Frontend/CreateTicket.tsx(402,53): error TS2367: This comparison appears to be unintentional because the types 'string' and 'number' have no overlap.
packages/noble/SupportTicket/src/Resources/js/Pages/Frontend/CreateTicket.tsx(440,53): error TS2367: This comparison appears to be unintentional because the types 'string' and 'number' have no overlap.
packages/noble/SupportTicket/src/Resources/js/Pages/Frontend/CreateTicket.tsx(499,53): error TS2367: This comparison appears to be unintentional because the types 'string' and 'number' have no overlap.
packages/noble/SupportTicket/src/Resources/js/Pages/Frontend/CreateTicket.tsx(511,65): error TS2322: Type '{ value: string; onChange: (value: string) => void; placeholder: string; }' is not assignable to type 'IntrinsicAttributes & RichTextEditorProps'.
  Property 'value' does not exist on type 'IntrinsicAttributes & RichTextEditorProps'.
packages/noble/SupportTicket/src/Resources/js/Pages/Frontend/CreateTicket.tsx(524,53): error TS2367: This comparison appears to be unintentional because the types 'string' and 'number' have no overlap.
packages/noble/SupportTicket/src/Resources/js/Pages/Frontend/CreateTicket.tsx(574,69): error TS2339: Property 'attachments' does not exist on type 'Partial<Record<"name" | "category" | "status" | "email" | "description" | "fields" | "subject" | "account_type", string>>'.
packages/noble/SupportTicket/src/Resources/js/Pages/Frontend/CreateTicket.tsx(576,77): error TS2339: Property 'attachments' does not exist on type 'Partial<Record<"name" | "category" | "status" | "email" | "description" | "fields" | "subject" | "account_type", string>>'.
packages/noble/SupportTicket/src/Resources/js/Pages/Frontend/CreateTicket.tsx(584,53): error TS2365: Operator '>' cannot be applied to types 'string' and 'number'.
packages/noble/SupportTicket/src/Resources/js/Pages/Frontend/CreateTicket.tsx(707,69): error TS2322: Type '{ value: any; onChange: (value: string) => void; placeholder: string; }' is not assignable to type 'IntrinsicAttributes & RichTextEditorProps'.
  Property 'value' does not exist on type 'IntrinsicAttributes & RichTextEditorProps'.
packages/noble/SupportTicket/src/Resources/js/Pages/Frontend/CreateTicket.tsx(821,53): error TS2322: Type '{ value: string; onChange: (value: string) => void; placeholder: string; }' is not assignable to type 'IntrinsicAttributes & RichTextEditorProps'.
  Property 'value' does not exist on type 'IntrinsicAttributes & RichTextEditorProps'.
packages/noble/SupportTicket/src/Resources/js/Pages/Frontend/Index.tsx(30,51): error TS2344: Type 'IndexProps' does not satisfy the constraint 'PageProps'.
  Index signature for type 'string' is missing in type 'IndexProps'.
packages/noble/SupportTicket/src/Resources/js/Pages/Frontend/Index.tsx(280,89): error TS2345: Argument of type 'string | string[]' is not assignable to parameter of type 'any[]'.
  Type 'string' is not assignable to type 'any[]'.
packages/noble/SupportTicket/src/Resources/js/Pages/Frontend/Index.tsx(283,45): error TS2322: Type '{ value: any[]; onChange: (files: string | string[]) => void; placeholder: string; multiple: true; className: string; }' is not assignable to type 'IntrinsicAttributes & MediaPickerProps'.
  Property 'className' does not exist on type 'IntrinsicAttributes & MediaPickerProps'.
packages/noble/SupportTicket/src/Resources/js/Pages/Frontend/Index.tsx(297,41): error TS2322: Type '{ value: string; onChange: (value: string) => void; placeholder: string; }' is not assignable to type 'IntrinsicAttributes & RichTextEditorProps'.
  Property 'value' does not exist on type 'IntrinsicAttributes & RichTextEditorProps'.
packages/noble/SupportTicket/src/Resources/js/Pages/Frontend/Layouts/SupportTicketLayout.tsx(64,78): error TS2344: Type 'PageProps' does not satisfy the constraint 'import("C:/Users/DION-SERVER/Desktop/noble.dion.sy/node_modules/@inertiajs/core/types/types").PageProps'.
  Index signature for type 'string' is missing in type 'PageProps'.
packages/noble/SupportTicket/src/Resources/js/Pages/Knowledge/Create.tsx(81,29): error TS2322: Type '{ value: string; onChange: (value: string) => void; placeholder: string; }' is not assignable to type 'IntrinsicAttributes & RichTextEditorProps'.
  Property 'value' does not exist on type 'IntrinsicAttributes & RichTextEditorProps'.
packages/noble/SupportTicket/src/Resources/js/Pages/Knowledge/Import.tsx(141,48): error TS2353: Object literal may only specify known properties, and 'href' does not exist in type '{ label: string; url?: string; }'.
packages/noble/SupportTicket/src/Resources/js/Pages/Knowledge/Import.tsx(142,47): error TS2353: Object literal may only specify known properties, and 'href' does not exist in type '{ label: string; url?: string; }'.
packages/noble/SupportTicket/src/Resources/js/Pages/Knowledge/Index.tsx(256,33): error TS2322: Type '{ routeName: string; filters: { search: string; category: string; }; currentPerPage: string; onPerPageChange: (newPerPage: string) => void; }' is not assignable to type 'IntrinsicAttributes & PerPageSelectorProps'.
  Property 'currentPerPage' does not exist on type 'IntrinsicAttributes & PerPageSelectorProps'.
packages/noble/SupportTicket/src/Resources/js/Pages/Knowledge/Index.tsx(345,25): error TS2322: Type '{ data: Knowledge[]; links: any; meta: any; } | { current_page: number; last_page: number; per_page: number; total: number; from: number; to: number; }' is not assignable to type '{ current_page: number; last_page: number; per_page: number; total: number; from: number; to: number; }'.
  Type '{ data: Knowledge[]; links: any; meta: any; }' is missing the following properties from type '{ current_page: number; last_page: number; per_page: number; total: number; from: number; to: number; }': current_page, last_page, per_page, total, and 2 more.
packages/noble/SupportTicket/src/Resources/js/Pages/Show.tsx(111,9): error TS2304: Cannot find name 'setActiveToolbar'.
packages/noble/SupportTicket/src/Resources/js/Pages/SystemSetup/BrandSettings/Index.tsx(27,40): error TS2344: Type 'SettingsProps' does not satisfy the constraint 'PageProps'.
  Index signature for type 'string' is missing in type 'SettingsProps'.
packages/noble/SupportTicket/src/Resources/js/Pages/SystemSetup/Categories/Index.tsx(44,47): error TS2344: Type 'CategoriesIndexProps' does not satisfy the constraint 'PageProps'.
  Index signature for type 'string' is missing in type 'CategoriesIndexProps'.
packages/noble/SupportTicket/src/Resources/js/Pages/SystemSetup/Categories/Index.tsx(55,9): error TS2353: Object literal may only specify known properties, and 'preserveScroll' does not exist in type 'UseDeleteHandlerOptions'.
packages/noble/SupportTicket/src/Resources/js/Pages/SystemSetup/CustomPages/Create.tsx(77,25): error TS2322: Type '{ content: string; onChange: (content: string) => void; placeholder: string; className: string; required: true; }' is not assignable to type 'IntrinsicAttributes & RichTextEditorProps'.
  Property 'required' does not exist on type 'IntrinsicAttributes & RichTextEditorProps'.
packages/noble/SupportTicket/src/Resources/js/Pages/SystemSetup/CustomPages/Edit.tsx(92,25): error TS2322: Type '{ content: string; onChange: (content: string) => void; placeholder: string; className: string; required: true; }' is not assignable to type 'IntrinsicAttributes & RichTextEditorProps'.
  Property 'required' does not exist on type 'IntrinsicAttributes & RichTextEditorProps'.
packages/noble/SupportTicket/src/Resources/js/Pages/SystemSetup/CustomPages/Index.tsx(40,59): error TS2344: Type 'CustomPagesProps' does not satisfy the constraint 'PageProps'.
  Index signature for type 'string' is missing in type 'CustomPagesProps'.
packages/noble/SupportTicket/src/Resources/js/Pages/SystemSetup/CustomPages/Index.tsx(214,36): error TS2741: Property 'contents' is missing in type 'CustomPage' but required in type 'CustomPage'.
packages/noble/SupportTicket/src/Resources/js/Pages/SystemSetup/KnowledgeCategories/Index.tsx(43,47): error TS2344: Type 'CategoriesIndexProps' does not satisfy the constraint 'PageProps'.
  Index signature for type 'string' is missing in type 'CategoriesIndexProps'.
packages/noble/SupportTicket/src/Resources/js/Pages/SystemSetup/PrivacyPolicy/Index.tsx(23,34): error TS2344: Type 'SettingsProps' does not satisfy the constraint 'PageProps'.
  Index signature for type 'string' is missing in type 'SettingsProps'.
packages/noble/SupportTicket/src/Resources/js/Pages/SystemSetup/QuickLinks/Index.tsx(39,42): error TS2344: Type 'QuickLinksProps' does not satisfy the constraint 'PageProps'.
  Index signature for type 'string' is missing in type 'QuickLinksProps'.
packages/noble/SupportTicket/src/Resources/js/Pages/SystemSetup/TermsConditions/Index.tsx(23,34): error TS2344: Type 'SettingsProps' does not satisfy the constraint 'PageProps'.
  Index signature for type 'string' is missing in type 'SettingsProps'.
packages/noble/SupportTicket/src/Resources/js/Pages/Tickets/Create.tsx(140,55): error TS2339: Property 'order' does not exist on type 'Field'.
packages/noble/SupportTicket/src/Resources/js/Pages/Tickets/Create.tsx(140,65): error TS2339: Property 'order' does not exist on type 'Field'.
packages/noble/SupportTicket/src/Resources/js/Pages/Tickets/Create.tsx(154,45): error TS2367: This comparison appears to be unintentional because the types 'string' and 'number' have no overlap.
packages/noble/SupportTicket/src/Resources/js/Pages/Tickets/Create.tsx(221,45): error TS2367: This comparison appears to be unintentional because the types 'string' and 'number' have no overlap.
packages/noble/SupportTicket/src/Resources/js/Pages/Tickets/Create.tsx(245,45): error TS2367: This comparison appears to be unintentional because the types 'string' and 'number' have no overlap.
packages/noble/SupportTicket/src/Resources/js/Pages/Tickets/Create.tsx(276,45): error TS2367: This comparison appears to be unintentional because the types 'string' and 'number' have no overlap.
packages/noble/SupportTicket/src/Resources/js/Pages/Tickets/Create.tsx(328,45): error TS2367: This comparison appears to be unintentional because the types 'string' and 'number' have no overlap.
packages/noble/SupportTicket/src/Resources/js/Pages/Tickets/Create.tsx(336,57): error TS2322: Type '{ value: string; onChange: (value: string) => void; placeholder: string; rows: number; className: string; }' is not assignable to type 'IntrinsicAttributes & RichTextEditorProps'.
  Property 'value' does not exist on type 'IntrinsicAttributes & RichTextEditorProps'.
packages/noble/SupportTicket/src/Resources/js/Pages/Tickets/Create.tsx(351,45): error TS2367: This comparison appears to be unintentional because the types 'string' and 'number' have no overlap.
packages/noble/SupportTicket/src/Resources/js/Pages/Tickets/Create.tsx(366,57): error TS2322: Type '{ value: string[]; onChange: (files: string | string[]) => void; placeholder: string; multiple: true; showPreview: false; className: string; }' is not assignable to type 'IntrinsicAttributes & MediaPickerProps'.
  Property 'className' does not exist on type 'IntrinsicAttributes & MediaPickerProps'.
packages/noble/SupportTicket/src/Resources/js/Pages/Tickets/Create.tsx(378,45): error TS2365: Operator '>' cannot be applied to types 'string' and 'number'.
packages/noble/SupportTicket/src/Resources/js/Pages/Tickets/Edit.tsx(40,74): error TS2344: Type 'EditTicketProps' does not satisfy the constraint 'PageProps'.
  Index signature for type 'string' is missing in type 'EditTicketProps'.
packages/noble/SupportTicket/src/Resources/js/Pages/Tickets/Edit.tsx(96,29): error TS2339: Property 'email' does not exist on type '{ id: number; name: string; }'.
packages/noble/SupportTicket/src/Resources/js/Pages/Tickets/EditReply.tsx(328,69): error TS2339: Property 'order' does not exist on type 'Field'.
packages/noble/SupportTicket/src/Resources/js/Pages/Tickets/EditReply.tsx(328,79): error TS2339: Property 'order' does not exist on type 'Field'.
packages/noble/SupportTicket/src/Resources/js/Pages/Tickets/EditReply.tsx(330,59): error TS2367: This comparison appears to be unintentional because the types 'string' and 'number' have no overlap.
packages/noble/SupportTicket/src/Resources/js/Pages/Tickets/EditReply.tsx(378,59): error TS2367: This comparison appears to be unintentional because the types 'string' and 'number' have no overlap.
packages/noble/SupportTicket/src/Resources/js/Pages/Tickets/EditReply.tsx(398,59): error TS2367: This comparison appears to be unintentional because the types 'string' and 'number' have no overlap.
packages/noble/SupportTicket/src/Resources/js/Pages/Tickets/EditReply.tsx(431,59): error TS2367: This comparison appears to be unintentional because the types 'string' and 'number' have no overlap.
packages/noble/SupportTicket/src/Resources/js/Pages/Tickets/EditReply.tsx(483,59): error TS2367: This comparison appears to be unintentional because the types 'string' and 'number' have no overlap.
packages/noble/SupportTicket/src/Resources/js/Pages/Tickets/EditReply.tsx(504,59): error TS2365: Operator '>' cannot be applied to types 'string' and 'number'.
packages/noble/SupportTicket/src/Resources/js/Pages/Tickets/Index.tsx(69,39): error TS2344: Type 'TicketsIndexProps' does not satisfy the constraint 'PageProps'.
  Index signature for type 'string' is missing in type 'TicketsIndexProps'.
packages/noble/SupportTicket/src/Resources/js/Pages/Tickets/Index.tsx(357,33): error TS2322: Type '{ routeName: string; filters: { view: "list" | "grid"; search: string; status: string; }; currentPerPage: string; onPerPageChange: (newPerPage: string) => void; }' is not assignable to type 'IntrinsicAttributes & PerPageSelectorProps'.
  Property 'currentPerPage' does not exist on type 'IntrinsicAttributes & PerPageSelectorProps'.
packages/noble/SupportTicket/src/Resources/js/Pages/Tickets/Index.tsx(619,25): error TS2740: Type '{ data: Ticket[]; links: any[]; meta: any; }' is missing the following properties from type '{ current_page: number; last_page: number; per_page: number; total: number; from: number; to: number; }': current_page, last_page, per_page, total, and 2 more.
packages/noble/SupportTicket/src/Resources/js/settings/components/support-setting.tsx(149,17): error TS2322: Type '{ fields: TicketField[]; faq_is_on: boolean; knowledge_base_is_on: boolean; }' is not assignable to type 'FormDataConvertible'.
  Types of property 'fields' are incompatible.
    Type 'TicketField[]' is not assignable to type 'FormDataConvertible'.
      Type 'TicketField[]' is not assignable to type 'FormDataConvertible[]'.
        Type 'TicketField' is not assignable to type 'FormDataConvertible'.
          Type 'TicketField' is not assignable to type '{ [key: string]: FormDataConvertible; }'.
            Index signature for type 'string' is missing in type 'TicketField'.
packages/noble/Taskly/src/Resources/js/Pages/Bugs/Edit.tsx(167,70): error TS2322: Type 'number' is not assignable to type 'string'.
packages/noble/Taskly/src/Resources/js/Pages/Bugs/Index.tsx(34,69): error TS2344: Type 'ProjectBugsIndexProps' does not satisfy the constraint 'PageProps'.
  Index signature for type 'string' is missing in type 'ProjectBugsIndexProps'.
packages/noble/Taskly/src/Resources/js/Pages/Bugs/Index.tsx(147,29): error TS2339: Property 'project_id' does not exist on type '{ per_page: string; sort: string; direction: string; view: "list" | "grid"; title: string; priority: string; user_id: string; }'.
packages/noble/Taskly/src/Resources/js/Pages/Bugs/Index.tsx(159,29): error TS2339: Property 'project_id' does not exist on type '{ per_page: string; sort: string; direction: string; view: "list" | "grid"; title: string; priority: string; user_id: string; }'.
packages/noble/Taskly/src/Resources/js/Pages/Bugs/Index.tsx(169,29): error TS2339: Property 'project_id' does not exist on type '{ per_page: string; view: "list" | "grid"; }'.
packages/noble/Taskly/src/Resources/js/Pages/Bugs/Index.tsx(746,25): error TS2322: Type '{ onSuccess: () => void; bug: { id: number; }; project: { id: number; name: string; teamMembers: { id: number; name: string; avatar?: string; }[]; }; teamMembers: { id: number; name: string; avatar?: string; }[]; bugStages: { ...; }[]; }' is not assignable to type 'IntrinsicAttributes & EditBugProps'.
  Property 'project' does not exist on type 'IntrinsicAttributes & EditBugProps'.
packages/noble/Taskly/src/Resources/js/Pages/Bugs/Index.tsx(752,63): error TS2322: Type '{ bug: { id: number; }; auth: { user: { permissions: string[]; }; }; }' is not assignable to type 'IntrinsicAttributes & ViewBugProps'.
  Property 'auth' does not exist on type 'IntrinsicAttributes & ViewBugProps'.
packages/noble/Taskly/src/Resources/js/Pages/Bugs/Kanban.tsx(57,77): error TS2344: Type 'BugKanbanProps' does not satisfy the constraint 'PageProps'.
  Index signature for type 'string' is missing in type 'BugKanbanProps'.
packages/noble/Taskly/src/Resources/js/Pages/Bugs/Kanban.tsx(151,37): error TS2367: This comparison appears to be unintentional because the types '"medium" | "low" | "high" | "urgent"' and '"Low"' have no overlap.
packages/noble/Taskly/src/Resources/js/Pages/Bugs/Kanban.tsx(153,43): error TS2367: This comparison appears to be unintentional because the types '"medium" | "low" | "high" | "urgent"' and '"Medium"' have no overlap.
packages/noble/Taskly/src/Resources/js/Pages/Bugs/Kanban.tsx(155,45): error TS2367: This comparison appears to be unintentional because the types '"medium" | "low" | "high" | "urgent"' and '"High"' have no overlap.
packages/noble/Taskly/src/Resources/js/Pages/Bugs/Kanban.tsx(180,67): error TS2345: Argument of type '{ id: number; }' is not assignable to parameter of type 'KanbanTask'.
  Property 'title' is missing in type '{ id: number; }' but required in type 'KanbanTask'.
packages/noble/Taskly/src/Resources/js/Pages/Bugs/Kanban.tsx(190,67): error TS2345: Argument of type '{ id: number; }' is not assignable to parameter of type 'KanbanTask'.
  Property 'title' is missing in type '{ id: number; }' but required in type 'KanbanTask'.
packages/noble/Taskly/src/Resources/js/Pages/Bugs/Kanban.tsx(373,25): error TS2322: Type '{ onSuccess: () => void; bug: { id: number; }; project: Project; teamMembers: { id: number; name: string; }[]; bugStages: { id: number; name: string; color: string; }[]; }' is not assignable to type 'IntrinsicAttributes & EditBugProps'.
  Property 'project' does not exist on type 'IntrinsicAttributes & EditBugProps'.
packages/noble/Taskly/src/Resources/js/Pages/Bugs/Kanban.tsx(381,25): error TS2322: Type '{ bug: { id: number; }; project: Project; teamMembers: { id: number; name: string; }[]; bugStages: { id: number; name: string; color: string; }[]; }' is not assignable to type 'IntrinsicAttributes & ViewBugProps'.
  Property 'project' does not exist on type 'IntrinsicAttributes & ViewBugProps'.
packages/noble/Taskly/src/Resources/js/Pages/Bugs/View.tsx(282,34): error TS2304: Cannot find name 'auth'.
packages/noble/Taskly/src/Resources/js/Pages/Dashboard/ClientDashboard.tsx(52,77): error TS2344: Type 'ClientDashboardProps' does not satisfy the constraint 'PageProps'.
  Index signature for type 'string' is missing in type 'ClientDashboardProps'.
packages/noble/Taskly/src/Resources/js/Pages/Dashboard/ClientDashboard.tsx(163,56): error TS2322: Type '{ children: string; size: string; className: string; }' is not assignable to type 'IntrinsicAttributes & BadgeProps'.
  Property 'size' does not exist on type 'IntrinsicAttributes & BadgeProps'.
packages/noble/Taskly/src/Resources/js/Pages/Dashboard/ClientDashboard.tsx(200,56): error TS2322: Type '{ children: string; size: string; className: string; }' is not assignable to type 'IntrinsicAttributes & BadgeProps'.
  Property 'size' does not exist on type 'IntrinsicAttributes & BadgeProps'.
packages/noble/Taskly/src/Resources/js/Pages/Dashboard/ClientDashboard.tsx(242,56): error TS2322: Type '{ children: string; size: string; className: string; }' is not assignable to type 'IntrinsicAttributes & BadgeProps'.
  Property 'size' does not exist on type 'IntrinsicAttributes & BadgeProps'.
packages/noble/Taskly/src/Resources/js/Pages/Dashboard/ClientDashboard.tsx(249,53): error TS2322: Type '{ children: string; size: string; variant: "secondary"; style: { backgroundColor: string; color: "#fff"; } | {}; }' is not assignable to type 'IntrinsicAttributes & BadgeProps'.
  Property 'size' does not exist on type 'IntrinsicAttributes & BadgeProps'.
packages/noble/Taskly/src/Resources/js/Pages/Dashboard/StaffDashboard.tsx(58,17): error TS2344: Type 'StaffDashboardProps' does not satisfy the constraint 'PageProps'.
  Index signature for type 'string' is missing in type 'StaffDashboardProps'.
packages/noble/Taskly/src/Resources/js/Pages/Dashboard/StaffDashboard.tsx(207,56): error TS2322: Type '{ children: string; size: string; className: string; }' is not assignable to type 'IntrinsicAttributes & BadgeProps'.
  Property 'size' does not exist on type 'IntrinsicAttributes & BadgeProps'.
packages/noble/Taskly/src/Resources/js/Pages/Dashboard/StaffDashboard.tsx(251,56): error TS2322: Type '{ children: string; size: string; className: string; }' is not assignable to type 'IntrinsicAttributes & BadgeProps'.
  Property 'size' does not exist on type 'IntrinsicAttributes & BadgeProps'.
packages/noble/Taskly/src/Resources/js/Pages/Dashboard/StaffDashboard.tsx(258,53): error TS2322: Type '{ children: string; size: string; variant: "secondary"; style: { backgroundColor: string; color: "#fff"; } | {}; }' is not assignable to type 'IntrinsicAttributes & BadgeProps'.
  Property 'size' does not exist on type 'IntrinsicAttributes & BadgeProps'.
packages/noble/Taskly/src/Resources/js/Pages/Project/Create.tsx(53,41): error TS2686: 'React' refers to a UMD global, but the current file is a module. Consider adding an import instead.
packages/noble/Taskly/src/Resources/js/Pages/Project/Index.tsx(392,37): error TS2322: Type '{ currentView: "list" | "grid"; routeName: string; filters: { per_page: string; name: string; status: string; date: string; }; className: string; }' is not assignable to type 'IntrinsicAttributes & ListGridToggleProps'.
  Property 'className' does not exist on type 'IntrinsicAttributes & ListGridToggleProps'.
packages/noble/Taskly/src/Resources/js/Pages/Project/Index.tsx(419,41): error TS2339: Property 'total' does not exist on type 'any[] | { data: ProjectItem[]; current_page: number; last_page: number; per_page: number; total: number; from: number; to: number; }'.
  Property 'total' does not exist on type 'any[]'.
packages/noble/Taskly/src/Resources/js/Pages/Project/Index.tsx(434,67): error TS2339: Property 'total' does not exist on type 'any[] | { data: ProjectItem[]; current_page: number; last_page: number; per_page: number; total: number; from: number; to: number; }'.
  Property 'total' does not exist on type 'any[]'.
packages/noble/Taskly/src/Resources/js/Pages/Project/Index.tsx(437,43): error TS2339: Property 'data' does not exist on type 'any[] | { data: ProjectItem[]; current_page: number; last_page: number; per_page: number; total: number; from: number; to: number; }'.
  Property 'data' does not exist on type 'any[]'.
packages/noble/Taskly/src/Resources/js/Pages/Project/Index.tsx(443,43): error TS2339: Property 'data' does not exist on type 'any[] | { data: ProjectItem[]; current_page: number; last_page: number; per_page: number; total: number; from: number; to: number; }'.
  Property 'data' does not exist on type 'any[]'.
packages/noble/Taskly/src/Resources/js/Pages/Project/Index.tsx(589,49): error TS2339: Property 'data' does not exist on type 'any[] | { data: ProjectItem[]; current_page: number; last_page: number; per_page: number; total: number; from: number; to: number; }'.
  Property 'data' does not exist on type 'any[]'.
packages/noble/Taskly/src/Resources/js/Pages/Project/Index.tsx(612,40): error TS2339: Property 'data' does not exist on type 'any[] | { data: ProjectItem[]; current_page: number; last_page: number; per_page: number; total: number; from: number; to: number; }'.
  Property 'data' does not exist on type 'any[]'.
packages/noble/Taskly/src/Resources/js/Pages/Project/Index.tsx(614,48): error TS2339: Property 'data' does not exist on type 'any[] | { data: ProjectItem[]; current_page: number; last_page: number; per_page: number; total: number; from: number; to: number; }'.
  Property 'data' does not exist on type 'any[]'.
packages/noble/Taskly/src/Resources/js/Pages/Project/Index.tsx(790,29): error TS2322: Type 'any[] | { data: ProjectItem[]; current_page: number; last_page: number; per_page: number; total: number; from: number; to: number; }' is not assignable to type '{ current_page: number; last_page: number; per_page: number; total: number; from: number; to: number; }'.
  Type 'any[]' is missing the following properties from type '{ current_page: number; last_page: number; per_page: number; total: number; from: number; to: number; }': current_page, last_page, per_page, total, and 2 more.
packages/noble/Taskly/src/Resources/js/Pages/Project/View.tsx(124,17): error TS2344: Type 'ShowProps' does not satisfy the constraint 'PageProps'.
  Index signature for type 'string' is missing in type 'ShowProps'.
packages/noble/Taskly/src/Resources/js/Pages/Project/View.tsx(568,49): error TS2339: Property 'status' does not exist on type 'Project'.
packages/noble/Taskly/src/Resources/js/Pages/Project/View.tsx(570,55): error TS2339: Property 'status' does not exist on type 'Project'.
packages/noble/Taskly/src/Resources/js/Pages/Project/View.tsx(575,48): error TS2339: Property 'status' does not exist on type 'Project'.
packages/noble/Taskly/src/Resources/js/Pages/Project/View.tsx(583,46): error TS2339: Property 'start_date' does not exist on type 'Project'.
packages/noble/Taskly/src/Resources/js/Pages/Project/View.tsx(583,78): error TS2339: Property 'start_date' does not exist on type 'Project'.
packages/noble/Taskly/src/Resources/js/Pages/Project/View.tsx(592,49): error TS2339: Property 'end_date' does not exist on type 'Project'.
packages/noble/Taskly/src/Resources/js/Pages/Project/View.tsx(592,78): error TS2339: Property 'end_date' does not exist on type 'Project'.
packages/noble/Taskly/src/Resources/js/Pages/Project/View.tsx(597,46): error TS2339: Property 'end_date' does not exist on type 'Project'.
packages/noble/Taskly/src/Resources/js/Pages/Project/View.tsx(597,76): error TS2339: Property 'end_date' does not exist on type 'Project'.
packages/noble/Taskly/src/Resources/js/Pages/Project/View.tsx(803,29): error TS2322: Type '{ data: { [key: string]: any; name: string; }[]; dataKey: string; xAxisKey: string; height: number; showGrid: false; lines: { dataKey: string; color: string; name: string; }[]; margin: { left: number; right: number; top: number; bottom: number; }; }' is not assignable to type 'IntrinsicAttributes & LineChartProps'.
  Property 'margin' does not exist on type 'IntrinsicAttributes & LineChartProps'.
packages/noble/Taskly/src/Resources/js/Pages/Report/Index.tsx(55,52): error TS2344: Type 'ProjectReportIndexProps' does not satisfy the constraint 'PageProps'.
  Index signature for type 'string' is missing in type 'ProjectReportIndexProps'.
packages/noble/Taskly/src/Resources/js/Pages/Report/View.tsx(59,17): error TS2344: Type 'ProjectReportViewProps' does not satisfy the constraint 'PageProps'.
  Index signature for type 'string' is missing in type 'ProjectReportViewProps'.
packages/noble/Taskly/src/Resources/js/Pages/Report/View.tsx(226,45): error TS2322: Type '{ data: { name: string; value: number; color?: string; }[]; dataKey: string; nameKey: string; height: number; outerRadius: number; showLabels: false; showLegend: false; showTooltip: true; colors: string[]; }' is not assignable to type 'IntrinsicAttributes & PieChartProps'.
  Property 'colors' does not exist on type 'IntrinsicAttributes & PieChartProps'.
packages/noble/Taskly/src/Resources/js/Pages/SystemSetup/BugStages/Index.tsx(60,37): error TS2488: Type 'PaginatedBugStages' must have a '[Symbol.iterator]()' method that returns an iterator.
packages/noble/Taskly/src/Resources/js/Pages/SystemSetup/BugStages/Index.tsx(281,26): error TS2741: Property 'data' is missing in type '{ bugStage: BugStage; onSuccess: () => void; }' but required in type 'EditBugStageProps'.
packages/noble/Taskly/src/Resources/js/Pages/SystemSetup/TaskStages/Index.tsx(57,37): error TS2488: Type 'PaginatedTaskStages' must have a '[Symbol.iterator]()' method that returns an iterator.
packages/noble/Taskly/src/Resources/js/Pages/SystemSetup/TaskStages/Index.tsx(276,26): error TS2741: Property 'data' is missing in type '{ taskStage: TaskStage; onSuccess: () => void; }' but required in type 'EditTaskStageProps'.
packages/noble/Taskly/src/Resources/js/Pages/Tasks/Calendar.tsx(37,47): error TS2344: Type 'CalendarProps' does not satisfy the constraint 'PageProps'.
  Index signature for type 'string' is missing in type 'CalendarProps'.
packages/noble/Taskly/src/Resources/js/Pages/Tasks/Calendar.tsx(90,35): error TS2719: Type 'CalendarEvent[]' is not assignable to type 'CalendarEvent[]'. Two different types with this name exist, but they are unrelated.
  Type 'CalendarEvent' is not assignable to type 'CalendarEvent'. Two different types with this name exist, but they are unrelated.
    Types of property 'id' are incompatible.
      Type 'string | number' is not assignable to type 'number'.
        Type 'string' is not assignable to type 'number'.
packages/noble/Taskly/src/Resources/js/Pages/Tasks/Create.tsx(423,85): error TS2345: Argument of type 'string | string[]' is not assignable to parameter of type 'string[]'.
  Type 'string' is not assignable to type 'string[]'.
packages/noble/Timesheet/src/Resources/js/Pages/Index.tsx(66,83): error TS2344: Type 'TimesheetIndexProps' does not satisfy the constraint 'PageProps'.
  Index signature for type 'string' is missing in type 'TimesheetIndexProps'.
packages/noble/Timesheet/src/Resources/js/Pages/Index.tsx(564,29): error TS2740: Type '{ data: Timesheet[]; links: any; meta: any; }' is missing the following properties from type '{ current_page: number; last_page: number; per_page: number; total: number; from: number; to: number; }': current_page, last_page, per_page, total, and 2 more.
packages/noble/Timesheet/src/Resources/js/Pages/Index.tsx(594,29): error TS2741: Property 'user_id' is missing in type 'Timesheet' but required in type 'Timesheet'.
packages/noble/Training/src/Resources/js/Pages/feedbacks/index.tsx(27,59): error TS2339: Property 'id' does not exist on type 'unknown'.
packages/noble/Training/src/Resources/js/Pages/feedbacks/index.tsx(58,31): error TS2339: Property 'training' does not exist on type 'unknown'.
packages/noble/Training/src/Resources/js/Pages/feedbacks/index.tsx(58,97): error TS2339: Property 'training' does not exist on type 'unknown'.
packages/noble/Training/src/Resources/js/Pages/feedbacks/index.tsx(59,31): error TS2339: Property 'title' does not exist on type 'unknown'.
packages/noble/Training/src/Resources/js/Pages/feedbacks/index.tsx(59,88): error TS2339: Property 'training' does not exist on type 'unknown'.
packages/noble/Training/src/Resources/js/Pages/feedbacks/index.tsx(62,32): error TS2339: Property 'title' does not exist on type 'unknown'.
packages/noble/Training/src/Resources/js/Pages/feedbacks/index.tsx(66,31): error TS2339: Property 'user' does not exist on type 'unknown'.
packages/noble/Training/src/Resources/js/Pages/feedbacks/index.tsx(91,44): error TS2339: Property 'length' does not exist on type 'unknown'.
packages/noble/Training/src/Resources/js/Pages/feedbacks/index.tsx(95,78): error TS2339: Property 'title' does not exist on type 'unknown'.
packages/noble/Training/src/Resources/js/Pages/feedbacks/index.tsx(100,32): error TS2339: Property 'length' does not exist on type 'unknown'.
packages/noble/Training/src/Resources/js/Pages/feedbacks/index.tsx(112,41): error TS2339: Property 'map' does not exist on type 'unknown'.
packages/noble/Training/src/Resources/js/Pages/tasks/index.tsx(23,32): error TS2339: Property 'data' does not exist on type 'unknown'.
packages/noble/Training/src/Resources/js/Pages/tasks/index.tsx(77,75): error TS2339: Property 'id' does not exist on type 'unknown'.
packages/noble/Training/src/Resources/js/Pages/tasks/index.tsx(135,31): error TS2339: Property 'user' does not exist on type 'unknown'.
packages/noble/Training/src/Resources/js/Pages/tasks/index.tsx(169,31): error TS2339: Property 'user' does not exist on type 'unknown'.
packages/noble/Training/src/Resources/js/Pages/tasks/index.tsx(197,35): error TS2339: Property 'title' does not exist on type 'unknown'.
packages/noble/Training/src/Resources/js/Pages/tasks/index.tsx(200,36): error TS2339: Property 'title' does not exist on type 'unknown'.
packages/noble/Training/src/Resources/js/Pages/tasks/index.tsx(204,31): error TS2339: Property 'user' does not exist on type 'unknown'.
packages/noble/Training/src/Resources/js/Pages/trainers/index.tsx(25,63): error TS2344: Type 'TrainersIndexProps' does not satisfy the constraint 'PageProps'.
  Index signature for type 'string' is missing in type 'TrainersIndexProps'.
packages/noble/Training/src/Resources/js/Pages/trainers/index.tsx(336,25): error TS2740: Type '{ [key: string]: any; data: Trainer[]; links: any[]; meta: any; }' is missing the following properties from type '{ current_page: number; last_page: number; per_page: number; total: number; from: number; to: number; }': current_page, last_page, per_page, total, and 2 more.
packages/noble/Training/src/Resources/js/Pages/training-types/edit.tsx(38,36): error TS2339: Property 'department_id' does not exist on type 'TrainingType'.
packages/noble/Training/src/Resources/js/Pages/training-types/index.tsx(26,68): error TS2344: Type 'TrainingTypesIndexProps' does not satisfy the constraint 'PageProps'.
  Index signature for type 'string' is missing in type 'TrainingTypesIndexProps'.
packages/noble/Training/src/Resources/js/Pages/training-types/index.tsx(29,65): error TS2345: Argument of type '{ name: string; branch_id: string; department_id: string; }' is not assignable to parameter of type 'TrainingTypeFilters | (() => TrainingTypeFilters)'.
  Property 'is_active' is missing in type '{ name: string; branch_id: string; department_id: string; }' but required in type 'TrainingTypeFilters'.
packages/noble/Training/src/Resources/js/Pages/training-types/index.tsx(82,20): error TS2345: Argument of type '{ name: string; branch_id: string; department_id: string; }' is not assignable to parameter of type 'SetStateAction<TrainingTypeFilters>'.
  Property 'is_active' is missing in type '{ name: string; branch_id: string; department_id: string; }' but required in type 'TrainingTypeFilters'.
packages/noble/Training/src/Resources/js/Pages/training-types/index.tsx(116,78): error TS2339: Property 'department' does not exist on type 'TrainingType'.
packages/noble/Training/src/Resources/js/Pages/training-types/index.tsx(329,25): error TS2740: Type '{ [key: string]: any; data: TrainingType[]; links: any[]; meta: any; }' is missing the following properties from type '{ current_page: number; last_page: number; per_page: number; total: number; from: number; to: number; }': current_page, last_page, per_page, total, and 2 more.
packages/noble/Training/src/Resources/js/Pages/trainings/edit.tsx(170,97): error TS2345: Argument of type 'string' is not assignable to parameter of type '"completed" | "cancelled" | "scheduled" | "ongoing"'.
packages/noble/Training/src/Resources/js/Pages/trainings/index.tsx(35,17): error TS2344: Type 'TrainingsIndexProps' does not satisfy the constraint 'PageProps'.
  Index signature for type 'string' is missing in type 'TrainingsIndexProps'.
packages/noble/Training/src/Resources/js/Pages/trainings/index.tsx(642,25): error TS2740: Type '{ [key: string]: any; data: Training[]; links: any[]; meta: any; }' is missing the following properties from type '{ current_page: number; last_page: number; per_page: number; total: number; from: number; to: number; }': current_page, last_page, per_page, total, and 2 more.
