packages/dionone/Account/src/Resources/js/menus/company-menu.ts(4,14): error TS2300: Duplicate identifier 'route'.
packages/dionone/Account/src/Resources/js/Pages/BankAccounts/Create.tsx(38,34): error TS2555: Expected at least 4 arguments, but got 1.
packages/dionone/Account/src/Resources/js/Pages/BankAccounts/Edit.tsx(22,89): error TS2769: No overload matches this call.
  Overload 2 of 2, '(rememberKey: string, initialValues?: EditBankAccountFormData | undefined): InertiaFormProps<EditBankAccountFormData>', gave the following error.
    Argument of type '{ account_number: string; account_name: string; bank_name: string; branch_name: string; account_type: string; payment_gateway: string; opening_balance: number; current_balance: number; iban: string; swift_code: string; routing_number: string; is_active: boolean; gl_account_id: string; }' is not assignable to parameter of type 'string'.
packages/dionone/Account/src/Resources/js/Pages/BankAccounts/Edit.tsx(38,34): error TS2555: Expected at least 4 arguments, but got 1.
packages/dionone/Account/src/Resources/js/Pages/BankAccounts/Index.tsx(393,111): error TS2339: Property 'account_name' does not exist on type 'ChartOfAccount'.
packages/dionone/Account/src/Resources/js/Pages/BankAccounts/View.tsx(80,110): error TS2339: Property 'account_name' does not exist on type 'ChartOfAccount'.
packages/dionone/Account/src/Resources/js/Pages/BankTransactions/Index.tsx(62,58): error TS2344: Type 'BankTransactionsIndexProps' does not satisfy the constraint 'PageProps'.
  Index signature for type 'string' is missing in type 'BankTransactionsIndexProps'.
packages/dionone/Account/src/Resources/js/Pages/BankTransactions/Index.tsx(458,25): error TS2740: Type '{ data: BankTransaction[]; links: any[]; meta: any; }' is missing the following properties from type '{ current_page: number; last_page: number; per_page: number; total: number; from: number; to: number; }': current_page, last_page, per_page, total, and 2 more.
packages/dionone/Account/src/Resources/js/Pages/BankTransfers/Create.tsx(23,30): error TS2352: Conversion of type 'PageProps & { errors: Errors & ErrorBag; }' to type '{ bankaccounts: BankAccount[]; }' may be a mistake because neither type sufficiently overlaps with the other. If this was intentional, convert the expression to 'unknown' first.
  Property 'bankaccounts' is missing in type 'PageProps & { errors: Errors & ErrorBag; }' but required in type '{ bankaccounts: BankAccount[]; }'.
packages/dionone/Account/src/Resources/js/Pages/BankTransfers/Edit.tsx(24,30): error TS2352: Conversion of type 'PageProps & { errors: Errors & ErrorBag; }' to type '{ bankaccounts: BankAccount[]; }' may be a mistake because neither type sufficiently overlaps with the other. If this was intentional, convert the expression to 'unknown' first.
  Property 'bankaccounts' is missing in type 'PageProps & { errors: Errors & ErrorBag; }' but required in type '{ bankaccounts: BankAccount[]; }'.
packages/dionone/Account/src/Resources/js/Pages/BankTransfers/Index.tsx(29,59): error TS2344: Type 'BankTransfersIndexProps' does not satisfy the constraint 'PageProps'.
  Index signature for type 'string' is missing in type 'BankTransfersIndexProps'.
packages/dionone/Account/src/Resources/js/Pages/BankTransfers/Index.tsx(66,14): error TS2304: Cannot find name 'Badge'.
packages/dionone/Account/src/Resources/js/Pages/BankTransfers/Index.tsx(68,15): error TS2304: Cannot find name 'Badge'.
packages/dionone/Account/src/Resources/js/Pages/BankTransfers/Index.tsx(392,25): error TS2739: Type '{ data: BankTransfer[]; current_page: number; last_page: number; per_page: number; total: number; links: any; meta: any; }' is missing the following properties from type '{ current_page: number; last_page: number; per_page: number; total: number; from: number; to: number; }': from, to
packages/dionone/Account/src/Resources/js/Pages/ChartOfAccounts/Edit.tsx(23,92): error TS2769: No overload matches this call.
  Overload 2 of 2, '(rememberKey: string, initialValues?: EditChartOfAccountFormData | undefined): InertiaFormProps<EditChartOfAccountFormData>', gave the following error.
    Argument of type '{ account_code: string; account_name: string; normal_balance: string; opening_balance: string | number; current_balance: string | number; is_active: boolean; description: string; account_type_id: string; parent_account_id: string; }' is not assignable to parameter of type 'string'.
packages/dionone/Account/src/Resources/js/Pages/ChartOfAccounts/Edit.tsx(99,50): error TS2339: Property 'is_system_account' does not exist on type 'ChartOfAccount'.
packages/dionone/Account/src/Resources/js/Pages/ChartOfAccounts/Edit.tsx(146,54): error TS2339: Property 'is_system_account' does not exist on type 'ChartOfAccount'.
packages/dionone/Account/src/Resources/js/Pages/ChartOfAccounts/Index.tsx(191,105): error TS2339: Property 'is_system_account' does not exist on type 'ChartOfAccount'.
packages/dionone/Account/src/Resources/js/Pages/ChartOfAccounts/Show.tsx(60,95): error TS2344: Type 'ShowProps' does not satisfy the constraint 'PageProps'.
  Index signature for type 'string' is missing in type 'ShowProps'.
packages/dionone/Account/src/Resources/js/Pages/CreditNotes/Create.tsx(43,45): error TS2344: Type 'CreateProps' does not satisfy the constraint 'PageProps'.
  Index signature for type 'string' is missing in type 'CreateProps'.
packages/dionone/Account/src/Resources/js/Pages/CreditNotes/Index.tsx(138,171): error TS2339: Property 'id' does not exist on type '{ return_number: string; }'.
packages/dionone/Account/src/Resources/js/Pages/CreditNotes/Index.tsx(417,204): error TS18048: 'creditNote.sales_return' is possibly 'undefined'.
packages/dionone/Account/src/Resources/js/Pages/CreditNotes/Index.tsx(417,228): error TS2339: Property 'id' does not exist on type '{ return_number: string; }'.
packages/dionone/Account/src/Resources/js/Pages/CustomerPayments/Create.tsx(137,55): error TS2358: The left-hand side of an 'instanceof' expression must be of type 'any', an object type or a type parameter.
packages/dionone/Account/src/Resources/js/Pages/CustomerPayments/Index.tsx(36,90): error TS2344: Type 'CustomerPaymentsIndexProps' does not satisfy the constraint 'PageProps'.
  Index signature for type 'string' is missing in type 'CustomerPaymentsIndexProps'.
packages/dionone/Account/src/Resources/js/Pages/CustomerPayments/Index.tsx(82,26): error TS2339: Property 'date_from' does not exist on type '{ search: string; customer_id: string; status: string; date_range: string; }'.
packages/dionone/Account/src/Resources/js/Pages/CustomerPayments/Index.tsx(83,26): error TS2339: Property 'date_to' does not exist on type '{ search: string; customer_id: string; status: string; date_range: string; }'.
packages/dionone/Account/src/Resources/js/Pages/CustomerPayments/Index.tsx(85,16): error TS2790: The operand of a 'delete' operator must be optional.
packages/dionone/Account/src/Resources/js/Pages/CustomerPayments/Index.tsx(527,57): error TS2339: Property 'meta' does not exist on type 'PaginatedCustomerPayments'.
packages/dionone/Account/src/Resources/js/Pages/CustomerPayments/View.tsx(133,26): error TS2339: Property 'credit_note_applications' does not exist on type 'CustomerPayment'.
packages/dionone/Account/src/Resources/js/Pages/CustomerPayments/View.tsx(133,62): error TS2339: Property 'credit_note_applications' does not exist on type 'CustomerPayment'.
packages/dionone/Account/src/Resources/js/Pages/CustomerPayments/View.tsx(149,50): error TS2339: Property 'credit_note_applications' does not exist on type 'CustomerPayment'.
packages/dionone/Account/src/Resources/js/Pages/CustomerPayments/View.tsx(149,80): error TS7006: Parameter 'application' implicitly has an 'any' type.
packages/dionone/Account/src/Resources/js/Pages/CustomerPayments/View.tsx(160,109): error TS2339: Property 'credit_note_applications' does not exist on type 'CustomerPayment'.
packages/dionone/Account/src/Resources/js/Pages/CustomerPayments/View.tsx(160,142): error TS7006: Parameter 'sum' implicitly has an 'any' type.
packages/dionone/Account/src/Resources/js/Pages/CustomerPayments/View.tsx(160,147): error TS7006: Parameter 'app' implicitly has an 'any' type.
packages/dionone/Account/src/Resources/js/Pages/Customers/Create.tsx(154,25): error TS2322: Type 'string | undefined' is not assignable to type 'string'.
  Type 'undefined' is not assignable to type 'string'.
packages/dionone/Account/src/Resources/js/Pages/Customers/Create.tsx(191,49): error TS2551: Property 'billing_address.name' does not exist on type 'Partial<Record<keyof CustomerFormData, string>>'. Did you mean 'billing_address'?
packages/dionone/Account/src/Resources/js/Pages/Customers/Create.tsx(202,42): error TS7053: Element implicitly has an 'any' type because expression of type '"billing_address.address_line_1"' can't be used to index type 'Partial<Record<keyof CustomerFormData, string>>'.
  Property 'billing_address.address_line_1' does not exist on type 'Partial<Record<keyof CustomerFormData, string>>'.
packages/dionone/Account/src/Resources/js/Pages/Customers/Create.tsx(212,42): error TS7053: Element implicitly has an 'any' type because expression of type '"billing_address.address_line_2"' can't be used to index type 'Partial<Record<keyof CustomerFormData, string>>'.
  Property 'billing_address.address_line_2' does not exist on type 'Partial<Record<keyof CustomerFormData, string>>'.
packages/dionone/Account/src/Resources/js/Pages/Customers/Create.tsx(224,53): error TS2551: Property 'billing_address.city' does not exist on type 'Partial<Record<keyof CustomerFormData, string>>'. Did you mean 'billing_address'?
packages/dionone/Account/src/Resources/js/Pages/Customers/Create.tsx(235,53): error TS2551: Property 'billing_address.state' does not exist on type 'Partial<Record<keyof CustomerFormData, string>>'. Did you mean 'billing_address'?
packages/dionone/Account/src/Resources/js/Pages/Customers/Create.tsx(248,46): error TS7053: Element implicitly has an 'any' type because expression of type '"billing_address.country"' can't be used to index type 'Partial<Record<keyof CustomerFormData, string>>'.
  Property 'billing_address.country' does not exist on type 'Partial<Record<keyof CustomerFormData, string>>'.
packages/dionone/Account/src/Resources/js/Pages/Customers/Create.tsx(259,46): error TS7053: Element implicitly has an 'any' type because expression of type '"billing_address.zip_code"' can't be used to index type 'Partial<Record<keyof CustomerFormData, string>>'.
  Property 'billing_address.zip_code' does not exist on type 'Partial<Record<keyof CustomerFormData, string>>'.
packages/dionone/Account/src/Resources/js/Pages/Customers/Create.tsx(293,57): error TS2551: Property 'shipping_address.name' does not exist on type 'Partial<Record<keyof CustomerFormData, string>>'. Did you mean 'shipping_address'?
packages/dionone/Account/src/Resources/js/Pages/Customers/Create.tsx(304,50): error TS7053: Element implicitly has an 'any' type because expression of type '"shipping_address.address_line_1"' can't be used to index type 'Partial<Record<keyof CustomerFormData, string>>'.
  Property 'shipping_address.address_line_1' does not exist on type 'Partial<Record<keyof CustomerFormData, string>>'.
packages/dionone/Account/src/Resources/js/Pages/Customers/Create.tsx(314,50): error TS7053: Element implicitly has an 'any' type because expression of type '"shipping_address.address_line_2"' can't be used to index type 'Partial<Record<keyof CustomerFormData, string>>'.
  Property 'shipping_address.address_line_2' does not exist on type 'Partial<Record<keyof CustomerFormData, string>>'.
packages/dionone/Account/src/Resources/js/Pages/Customers/Create.tsx(326,61): error TS2551: Property 'shipping_address.city' does not exist on type 'Partial<Record<keyof CustomerFormData, string>>'. Did you mean 'shipping_address'?
packages/dionone/Account/src/Resources/js/Pages/Customers/Create.tsx(337,61): error TS2551: Property 'shipping_address.state' does not exist on type 'Partial<Record<keyof CustomerFormData, string>>'. Did you mean 'shipping_address'?
packages/dionone/Account/src/Resources/js/Pages/Customers/Create.tsx(350,61): error TS2551: Property 'shipping_address.country' does not exist on type 'Partial<Record<keyof CustomerFormData, string>>'. Did you mean 'shipping_address'?
packages/dionone/Account/src/Resources/js/Pages/Customers/Create.tsx(361,54): error TS7053: Element implicitly has an 'any' type because expression of type '"shipping_address.zip_code"' can't be used to index type 'Partial<Record<keyof CustomerFormData, string>>'.
  Property 'shipping_address.zip_code' does not exist on type 'Partial<Record<keyof CustomerFormData, string>>'.
packages/dionone/Account/src/Resources/js/Pages/Customers/Edit.tsx(75,25): error TS2322: Type 'string | undefined' is not assignable to type 'string'.
  Type 'undefined' is not assignable to type 'string'.
packages/dionone/Account/src/Resources/js/Pages/Customers/Edit.tsx(112,49): error TS2551: Property 'billing_address.name' does not exist on type 'Partial<Record<keyof CustomerFormData, string>>'. Did you mean 'billing_address'?
packages/dionone/Account/src/Resources/js/Pages/Customers/Edit.tsx(123,42): error TS7053: Element implicitly has an 'any' type because expression of type '"billing_address.address_line_1"' can't be used to index type 'Partial<Record<keyof CustomerFormData, string>>'.
  Property 'billing_address.address_line_1' does not exist on type 'Partial<Record<keyof CustomerFormData, string>>'.
packages/dionone/Account/src/Resources/js/Pages/Customers/Edit.tsx(133,42): error TS7053: Element implicitly has an 'any' type because expression of type '"billing_address.address_line_2"' can't be used to index type 'Partial<Record<keyof CustomerFormData, string>>'.
  Property 'billing_address.address_line_2' does not exist on type 'Partial<Record<keyof CustomerFormData, string>>'.
packages/dionone/Account/src/Resources/js/Pages/Customers/Edit.tsx(145,53): error TS2551: Property 'billing_address.city' does not exist on type 'Partial<Record<keyof CustomerFormData, string>>'. Did you mean 'billing_address'?
packages/dionone/Account/src/Resources/js/Pages/Customers/Edit.tsx(156,53): error TS2551: Property 'billing_address.state' does not exist on type 'Partial<Record<keyof CustomerFormData, string>>'. Did you mean 'billing_address'?
packages/dionone/Account/src/Resources/js/Pages/Customers/Edit.tsx(170,46): error TS7053: Element implicitly has an 'any' type because expression of type '"billing_address.country"' can't be used to index type 'Partial<Record<keyof CustomerFormData, string>>'.
  Property 'billing_address.country' does not exist on type 'Partial<Record<keyof CustomerFormData, string>>'.
packages/dionone/Account/src/Resources/js/Pages/Customers/Edit.tsx(181,46): error TS7053: Element implicitly has an 'any' type because expression of type '"billing_address.zip_code"' can't be used to index type 'Partial<Record<keyof CustomerFormData, string>>'.
  Property 'billing_address.zip_code' does not exist on type 'Partial<Record<keyof CustomerFormData, string>>'.
packages/dionone/Account/src/Resources/js/Pages/Customers/Edit.tsx(213,57): error TS2551: Property 'shipping_address.name' does not exist on type 'Partial<Record<keyof CustomerFormData, string>>'. Did you mean 'shipping_address'?
packages/dionone/Account/src/Resources/js/Pages/Customers/Edit.tsx(224,50): error TS7053: Element implicitly has an 'any' type because expression of type '"shipping_address.address_line_1"' can't be used to index type 'Partial<Record<keyof CustomerFormData, string>>'.
  Property 'shipping_address.address_line_1' does not exist on type 'Partial<Record<keyof CustomerFormData, string>>'.
packages/dionone/Account/src/Resources/js/Pages/Customers/Edit.tsx(234,50): error TS7053: Element implicitly has an 'any' type because expression of type '"shipping_address.address_line_2"' can't be used to index type 'Partial<Record<keyof CustomerFormData, string>>'.
  Property 'shipping_address.address_line_2' does not exist on type 'Partial<Record<keyof CustomerFormData, string>>'.
packages/dionone/Account/src/Resources/js/Pages/Customers/Edit.tsx(246,61): error TS2551: Property 'shipping_address.city' does not exist on type 'Partial<Record<keyof CustomerFormData, string>>'. Did you mean 'shipping_address'?
packages/dionone/Account/src/Resources/js/Pages/Customers/Edit.tsx(257,61): error TS2551: Property 'shipping_address.state' does not exist on type 'Partial<Record<keyof CustomerFormData, string>>'. Did you mean 'shipping_address'?
packages/dionone/Account/src/Resources/js/Pages/Customers/Edit.tsx(270,61): error TS2551: Property 'shipping_address.country' does not exist on type 'Partial<Record<keyof CustomerFormData, string>>'. Did you mean 'shipping_address'?
packages/dionone/Account/src/Resources/js/Pages/Customers/Edit.tsx(281,54): error TS7053: Element implicitly has an 'any' type because expression of type '"shipping_address.zip_code"' can't be used to index type 'Partial<Record<keyof CustomerFormData, string>>'.
  Property 'shipping_address.zip_code' does not exist on type 'Partial<Record<keyof CustomerFormData, string>>'.
packages/dionone/Account/src/Resources/js/Pages/Customers/Index.tsx(181,37): error TS2339: Property 'is_disable' does not exist on type '{ id: number; name: string; avatar?: string | undefined; }'.
packages/dionone/Account/src/Resources/js/Pages/Customers/Index.tsx(392,58): error TS7006: Parameter 'customer' implicitly has an 'any' type.
packages/dionone/Account/src/Resources/js/Pages/Customers/View.tsx(67,55): error TS2339: Property 'address' does not exist on type 'Address'.
packages/dionone/Account/src/Resources/js/Pages/Customers/View.tsx(67,95): error TS2339: Property 'address' does not exist on type 'Address'.
packages/dionone/Account/src/Resources/js/Pages/Customers/View.tsx(78,56): error TS2339: Property 'address' does not exist on type 'Address'.
packages/dionone/Account/src/Resources/js/Pages/Customers/View.tsx(78,97): error TS2339: Property 'address' does not exist on type 'Address'.
packages/dionone/Account/src/Resources/js/Pages/Dashboard/ClientDashboard.tsx(41,13): error TS2322: Type '{ children: Element[]; breadcrumbs: { label: string; }[]; pageTitleClass: string; pageTitle: string; }' is not assignable to type 'IntrinsicAttributes & { header?: ReactNode; breadcrumbs?: { label: string; url?: string | undefined; }[] | undefined; pageTitle?: string | undefined; pageActions?: ReactNode; className?: string | undefined; } & { ...; }'.
  Property 'pageTitleClass' does not exist on type 'IntrinsicAttributes & { header?: ReactNode; breadcrumbs?: { label: string; url?: string | undefined; }[] | undefined; pageTitle?: string | undefined; pageActions?: ReactNode; className?: string | undefined; } & { ...; }'.
packages/dionone/Account/src/Resources/js/Pages/Dashboard/ClientDashboard.tsx(88,25): error TS2322: Type '{ month: string; payments: number; }[] | undefined' is not assignable to type 'any[]'.
  Type 'undefined' is not assignable to type 'any[]'.
packages/dionone/Account/src/Resources/js/Pages/Dashboard/CompanyDashboard.tsx(38,13): error TS2322: Type '{ children: (Element | undefined)[]; breadcrumbs: { label: string; }[]; pageTitle: string; pageTitleClass: string; }' is not assignable to type 'IntrinsicAttributes & { header?: ReactNode; breadcrumbs?: { label: string; url?: string | undefined; }[] | undefined; pageTitle?: string | undefined; pageActions?: ReactNode; className?: string | undefined; } & { ...; }'.
  Property 'pageTitleClass' does not exist on type 'IntrinsicAttributes & { header?: ReactNode; breadcrumbs?: { label: string; url?: string | undefined; }[] | undefined; pageTitle?: string | undefined; pageActions?: ReactNode; className?: string | undefined; } & { ...; }'.
packages/dionone/Account/src/Resources/js/Pages/Dashboard/CompanyDashboard.tsx(95,33): error TS2322: Type '{ month: string; customer_payments: number; }[] | undefined' is not assignable to type 'any[]'.
  Type 'undefined' is not assignable to type 'any[]'.
packages/dionone/Account/src/Resources/js/Pages/Dashboard/CompanyDashboard.tsx(139,33): error TS2322: Type '{ month: string; vendor_payments: number; }[] | undefined' is not assignable to type 'any[]'.
  Type 'undefined' is not assignable to type 'any[]'.
packages/dionone/Account/src/Resources/js/Pages/Dashboard/StaffDashboard.tsx(30,13): error TS2322: Type '{ children: Element[]; breadcrumbs: { label: string; }[]; pageTitle: string; pageTitleClass: string; }' is not assignable to type 'IntrinsicAttributes & { header?: ReactNode; breadcrumbs?: { label: string; url?: string | undefined; }[] | undefined; pageTitle?: string | undefined; pageActions?: ReactNode; className?: string | undefined; } & { ...; }'.
  Property 'pageTitleClass' does not exist on type 'IntrinsicAttributes & { header?: ReactNode; breadcrumbs?: { label: string; url?: string | undefined; }[] | undefined; pageTitle?: string | undefined; pageActions?: ReactNode; className?: string | undefined; } & { ...; }'.
packages/dionone/Account/src/Resources/js/Pages/Dashboard/VendorDashboard.tsx(41,13): error TS2322: Type '{ children: Element[]; breadcrumbs: { label: string; }[]; pageTitleClass: string; pageTitle: string; }' is not assignable to type 'IntrinsicAttributes & { header?: ReactNode; breadcrumbs?: { label: string; url?: string | undefined; }[] | undefined; pageTitle?: string | undefined; pageActions?: ReactNode; className?: string | undefined; } & { ...; }'.
  Property 'pageTitleClass' does not exist on type 'IntrinsicAttributes & { header?: ReactNode; breadcrumbs?: { label: string; url?: string | undefined; }[] | undefined; pageTitle?: string | undefined; pageActions?: ReactNode; className?: string | undefined; } & { ...; }'.
packages/dionone/Account/src/Resources/js/Pages/Dashboard/VendorDashboard.tsx(88,25): error TS2322: Type '{ month: string; payments: number; }[] | undefined' is not assignable to type 'any[]'.
  Type 'undefined' is not assignable to type 'any[]'.
packages/dionone/Account/src/Resources/js/Pages/DebitNotes/Create.tsx(43,43): error TS2344: Type 'CreateProps' does not satisfy the constraint 'PageProps'.
  Index signature for type 'string' is missing in type 'CreateProps'.
packages/dionone/Account/src/Resources/js/Pages/DebitNotes/Index.tsx(139,176): error TS2339: Property 'id' does not exist on type '{ return_number: string; }'.
packages/dionone/Account/src/Resources/js/Pages/DebitNotes/Index.tsx(419,207): error TS18048: 'debitNote.purchase_return' is possibly 'undefined'.
packages/dionone/Account/src/Resources/js/Pages/DebitNotes/Index.tsx(419,233): error TS2339: Property 'id' does not exist on type '{ return_number: string; }'.
packages/dionone/Account/src/Resources/js/Pages/Expenses/Create.tsx(85,63): error TS2358: The left-hand side of an 'instanceof' expression must be of type 'any', an object type or a type parameter.
packages/dionone/Account/src/Resources/js/Pages/Expenses/Edit.tsx(98,63): error TS2358: The left-hand side of an 'instanceof' expression must be of type 'any', an object type or a type parameter.
packages/dionone/Account/src/Resources/js/Pages/Expenses/Index.tsx(79,108): error TS2344: Type 'ExpenseIndexProps' does not satisfy the constraint 'PageProps'.
  Index signature for type 'string' is missing in type 'ExpenseIndexProps'.
packages/dionone/Account/src/Resources/js/Pages/Expenses/Index.tsx(138,26): error TS2339: Property 'date_from' does not exist on type '{ search: string; category_id: string; status: string; date_range: string; bank_account_id: string; }'.
packages/dionone/Account/src/Resources/js/Pages/Expenses/Index.tsx(139,26): error TS2339: Property 'date_to' does not exist on type '{ search: string; category_id: string; status: string; date_range: string; bank_account_id: string; }'.
packages/dionone/Account/src/Resources/js/Pages/Expenses/Index.tsx(141,16): error TS2790: The operand of a 'delete' operator must be optional.
packages/dionone/Account/src/Resources/js/Pages/Expenses/Index.tsx(157,26): error TS2339: Property 'date_from' does not exist on type '{ search: string; category_id: string; status: string; date_range: string; bank_account_id: string; }'.
packages/dionone/Account/src/Resources/js/Pages/Expenses/Index.tsx(158,26): error TS2339: Property 'date_to' does not exist on type '{ search: string; category_id: string; status: string; date_range: string; bank_account_id: string; }'.
packages/dionone/Account/src/Resources/js/Pages/Expenses/Index.tsx(160,16): error TS2790: The operand of a 'delete' operator must be optional.
packages/dionone/Account/src/Resources/js/Pages/Expenses/Index.tsx(611,25): error TS2740: Type '{ data: Expense[]; meta?: any; }' is missing the following properties from type '{ current_page: number; last_page: number; per_page: number; total: number; from: number; to: number; }': current_page, last_page, per_page, total, and 2 more.
packages/dionone/Account/src/Resources/js/Pages/Expenses/Index.tsx(632,25): error TS2739: Type 'Expense' is missing the following properties from type 'Expense': category_id, bank_account_id, chart_of_account_id, description
packages/dionone/Account/src/Resources/js/Pages/Expenses/Index.tsx(642,39): error TS2739: Type 'Expense' is missing the following properties from type 'Expense': description, creator
packages/dionone/Account/src/Resources/js/Pages/Reports/CustomerBalance.tsx(49,66): error TS2322: Type 'Dispatch<SetStateAction<boolean>>' is not assignable to type '(checked: CheckedState) => void'.
  Types of parameters 'value' and 'checked' are incompatible.
    Type 'CheckedState' is not assignable to type 'SetStateAction<boolean>'.
      Type '"indeterminate"' is not assignable to type 'SetStateAction<boolean>'.
packages/dionone/Account/src/Resources/js/Pages/Reports/Index.tsx(27,45): error TS2344: Type 'ReportsIndexProps' does not satisfy the constraint 'PageProps'.
  Index signature for type 'string' is missing in type 'ReportsIndexProps'.
packages/dionone/Account/src/Resources/js/Pages/Reports/VendorBalance.tsx(49,66): error TS2322: Type 'Dispatch<SetStateAction<boolean>>' is not assignable to type '(checked: CheckedState) => void'.
  Types of parameters 'value' and 'checked' are incompatible.
    Type 'CheckedState' is not assignable to type 'SetStateAction<boolean>'.
      Type '"indeterminate"' is not assignable to type 'SetStateAction<boolean>'.
packages/dionone/Account/src/Resources/js/Pages/Revenues/Create.tsx(85,63): error TS2358: The left-hand side of an 'instanceof' expression must be of type 'any', an object type or a type parameter.
packages/dionone/Account/src/Resources/js/Pages/Revenues/Edit.tsx(98,63): error TS2358: The left-hand side of an 'instanceof' expression must be of type 'any', an object type or a type parameter.
packages/dionone/Account/src/Resources/js/Pages/Revenues/Index.tsx(79,108): error TS2344: Type 'RevenueIndexProps' does not satisfy the constraint 'PageProps'.
  Index signature for type 'string' is missing in type 'RevenueIndexProps'.
packages/dionone/Account/src/Resources/js/Pages/Revenues/Index.tsx(140,26): error TS2339: Property 'date_from' does not exist on type '{ search: string; category_id: string; status: string; date_range: string; bank_account_id: string; }'.
packages/dionone/Account/src/Resources/js/Pages/Revenues/Index.tsx(141,26): error TS2339: Property 'date_to' does not exist on type '{ search: string; category_id: string; status: string; date_range: string; bank_account_id: string; }'.
packages/dionone/Account/src/Resources/js/Pages/Revenues/Index.tsx(143,16): error TS2790: The operand of a 'delete' operator must be optional.
packages/dionone/Account/src/Resources/js/Pages/Revenues/Index.tsx(159,26): error TS2339: Property 'date_from' does not exist on type '{ search: string; category_id: string; status: string; date_range: string; bank_account_id: string; }'.
packages/dionone/Account/src/Resources/js/Pages/Revenues/Index.tsx(160,26): error TS2339: Property 'date_to' does not exist on type '{ search: string; category_id: string; status: string; date_range: string; bank_account_id: string; }'.
packages/dionone/Account/src/Resources/js/Pages/Revenues/Index.tsx(162,16): error TS2790: The operand of a 'delete' operator must be optional.
packages/dionone/Account/src/Resources/js/Pages/Revenues/Index.tsx(182,17): error TS2304: Cannot find name 'Badge'.
packages/dionone/Account/src/Resources/js/Pages/Revenues/Index.tsx(182,64): error TS2304: Cannot find name 'Badge'.
packages/dionone/Account/src/Resources/js/Pages/Revenues/Index.tsx(632,25): error TS2740: Type '{ data: Revenue[]; meta?: any; }' is missing the following properties from type '{ current_page: number; last_page: number; per_page: number; total: number; from: number; to: number; }': current_page, last_page, per_page, total, and 2 more.
packages/dionone/Account/src/Resources/js/Pages/Revenues/Index.tsx(653,25): error TS2739: Type 'Revenue' is missing the following properties from type 'Revenue': category_id, bank_account_id, description
packages/dionone/Account/src/Resources/js/Pages/Revenues/Index.tsx(663,39): error TS2739: Type 'Revenue' is missing the following properties from type 'Revenue': description, creator
packages/dionone/Account/src/Resources/js/Pages/SystemSetup/AccountTypes/Edit.tsx(104,47): error TS2339: Property 'is_system_type' does not exist on type 'AccountType'.
packages/dionone/Account/src/Resources/js/Pages/SystemSetup/AccountTypes/Index.tsx(47,44): error TS2344: Type 'Props' does not satisfy the constraint 'PageProps'.
  Index signature for type 'string' is missing in type 'Props'.
packages/dionone/Account/src/Resources/js/Pages/SystemSetup/AccountTypes/Index.tsx(118,98): error TS2339: Property 'is_system_type' does not exist on type 'AccountType'.
packages/dionone/Account/src/Resources/js/Pages/SystemSetup/ExpenseCategories/Edit.tsx(14,32): error TS2339: Property 'expensecategories' does not exist on type 'EditExpenseCategoriesProps'.
packages/dionone/Account/src/Resources/js/Pages/SystemSetup/ExpenseCategories/Index.tsx(156,45): error TS2740: Type 'PaginatedData<ExpenseCategories>' is missing the following properties from type 'ExpenseCategories[]': length, pop, push, concat, and 35 more.
packages/dionone/Account/src/Resources/js/Pages/SystemSetup/ExpenseCategories/Index.tsx(184,29): error TS2322: Type '{ expensecategories: ExpenseCategories; onSuccess: () => void; chartofaccounts: any[]; }' is not assignable to type 'IntrinsicAttributes & EditExpenseCategoriesProps'.
  Property 'expensecategories' does not exist on type 'IntrinsicAttributes & EditExpenseCategoriesProps'.
packages/dionone/Account/src/Resources/js/Pages/SystemSetup/ExpenseCategories/types.ts(10,18): error TS2304: Cannot find name 'ChartOfAccount'.
packages/dionone/Account/src/Resources/js/Pages/SystemSetup/RevenueCategories/Edit.tsx(14,32): error TS2339: Property 'revenuecategories' does not exist on type 'EditRevenueCategoriesProps'.
packages/dionone/Account/src/Resources/js/Pages/SystemSetup/RevenueCategories/Index.tsx(157,45): error TS2740: Type 'PaginatedData<RevenueCategories>' is missing the following properties from type 'RevenueCategories[]': length, pop, push, concat, and 35 more.
packages/dionone/Account/src/Resources/js/Pages/SystemSetup/RevenueCategories/Index.tsx(185,29): error TS2322: Type '{ revenuecategories: RevenueCategories; onSuccess: () => void; chartofaccounts: any[]; }' is not assignable to type 'IntrinsicAttributes & EditRevenueCategoriesProps'.
  Property 'revenuecategories' does not exist on type 'IntrinsicAttributes & EditRevenueCategoriesProps'.
packages/dionone/Account/src/Resources/js/Pages/SystemSetup/RevenueCategories/types.ts(10,18): error TS2304: Cannot find name 'ChartOfAccount'.
packages/dionone/Account/src/Resources/js/Pages/VendorPayments/Create.tsx(142,55): error TS2358: The left-hand side of an 'instanceof' expression must be of type 'any', an object type or a type parameter.
packages/dionone/Account/src/Resources/js/Pages/VendorPayments/Index.tsx(37,88): error TS2344: Type 'VendorPaymentsIndexProps' does not satisfy the constraint 'PageProps'.
  Index signature for type 'string' is missing in type 'VendorPaymentsIndexProps'.
packages/dionone/Account/src/Resources/js/Pages/VendorPayments/Index.tsx(49,42): error TS2339: Property 'bank_account_id' does not exist on type 'VendorPaymentFilters'.
packages/dionone/Account/src/Resources/js/Pages/VendorPayments/Index.tsx(105,26): error TS2339: Property 'date_from' does not exist on type '{ vendor_id: string; status: string; search: string; date_range: string; bank_account_id: string; }'.
packages/dionone/Account/src/Resources/js/Pages/VendorPayments/Index.tsx(106,26): error TS2339: Property 'date_to' does not exist on type '{ vendor_id: string; status: string; search: string; date_range: string; bank_account_id: string; }'.
packages/dionone/Account/src/Resources/js/Pages/VendorPayments/Index.tsx(108,16): error TS2790: The operand of a 'delete' operator must be optional.
packages/dionone/Account/src/Resources/js/Pages/VendorPayments/View.tsx(133,26): error TS2339: Property 'debit_note_applications' does not exist on type 'VendorPayment'.
packages/dionone/Account/src/Resources/js/Pages/VendorPayments/View.tsx(133,61): error TS2339: Property 'debit_note_applications' does not exist on type 'VendorPayment'.
packages/dionone/Account/src/Resources/js/Pages/VendorPayments/View.tsx(149,50): error TS2339: Property 'debit_note_applications' does not exist on type 'VendorPayment'.
packages/dionone/Account/src/Resources/js/Pages/VendorPayments/View.tsx(149,79): error TS7006: Parameter 'application' implicitly has an 'any' type.
packages/dionone/Account/src/Resources/js/Pages/VendorPayments/View.tsx(160,109): error TS2339: Property 'debit_note_applications' does not exist on type 'VendorPayment'.
packages/dionone/Account/src/Resources/js/Pages/VendorPayments/View.tsx(160,141): error TS7006: Parameter 'sum' implicitly has an 'any' type.
packages/dionone/Account/src/Resources/js/Pages/VendorPayments/View.tsx(160,146): error TS7006: Parameter 'app' implicitly has an 'any' type.
packages/dionone/Account/src/Resources/js/Pages/Vendors/Create.tsx(177,49): error TS2551: Property 'billing_address.name' does not exist on type 'Partial<Record<keyof CreateVendorFormData, string>>'. Did you mean 'billing_address'?
packages/dionone/Account/src/Resources/js/Pages/Vendors/Create.tsx(188,42): error TS7053: Element implicitly has an 'any' type because expression of type '"billing_address.address_line_1"' can't be used to index type 'Partial<Record<keyof CreateVendorFormData, string>>'.
  Property 'billing_address.address_line_1' does not exist on type 'Partial<Record<keyof CreateVendorFormData, string>>'.
packages/dionone/Account/src/Resources/js/Pages/Vendors/Create.tsx(198,42): error TS7053: Element implicitly has an 'any' type because expression of type '"billing_address.address_line_2"' can't be used to index type 'Partial<Record<keyof CreateVendorFormData, string>>'.
  Property 'billing_address.address_line_2' does not exist on type 'Partial<Record<keyof CreateVendorFormData, string>>'.
packages/dionone/Account/src/Resources/js/Pages/Vendors/Create.tsx(210,53): error TS2551: Property 'billing_address.city' does not exist on type 'Partial<Record<keyof CreateVendorFormData, string>>'. Did you mean 'billing_address'?
packages/dionone/Account/src/Resources/js/Pages/Vendors/Create.tsx(221,53): error TS2551: Property 'billing_address.state' does not exist on type 'Partial<Record<keyof CreateVendorFormData, string>>'. Did you mean 'billing_address'?
packages/dionone/Account/src/Resources/js/Pages/Vendors/Create.tsx(234,46): error TS7053: Element implicitly has an 'any' type because expression of type '"billing_address.country"' can't be used to index type 'Partial<Record<keyof CreateVendorFormData, string>>'.
  Property 'billing_address.country' does not exist on type 'Partial<Record<keyof CreateVendorFormData, string>>'.
packages/dionone/Account/src/Resources/js/Pages/Vendors/Create.tsx(245,46): error TS7053: Element implicitly has an 'any' type because expression of type '"billing_address.zip_code"' can't be used to index type 'Partial<Record<keyof CreateVendorFormData, string>>'.
  Property 'billing_address.zip_code' does not exist on type 'Partial<Record<keyof CreateVendorFormData, string>>'.
packages/dionone/Account/src/Resources/js/Pages/Vendors/Create.tsx(274,57): error TS2551: Property 'shipping_address.name' does not exist on type 'Partial<Record<keyof CreateVendorFormData, string>>'. Did you mean 'shipping_address'?
packages/dionone/Account/src/Resources/js/Pages/Vendors/Create.tsx(285,50): error TS7053: Element implicitly has an 'any' type because expression of type '"shipping_address.address_line_1"' can't be used to index type 'Partial<Record<keyof CreateVendorFormData, string>>'.
  Property 'shipping_address.address_line_1' does not exist on type 'Partial<Record<keyof CreateVendorFormData, string>>'.
packages/dionone/Account/src/Resources/js/Pages/Vendors/Create.tsx(295,50): error TS7053: Element implicitly has an 'any' type because expression of type '"shipping_address.address_line_2"' can't be used to index type 'Partial<Record<keyof CreateVendorFormData, string>>'.
  Property 'shipping_address.address_line_2' does not exist on type 'Partial<Record<keyof CreateVendorFormData, string>>'.
packages/dionone/Account/src/Resources/js/Pages/Vendors/Create.tsx(307,61): error TS2551: Property 'shipping_address.city' does not exist on type 'Partial<Record<keyof CreateVendorFormData, string>>'. Did you mean 'shipping_address'?
packages/dionone/Account/src/Resources/js/Pages/Vendors/Create.tsx(318,61): error TS2551: Property 'shipping_address.state' does not exist on type 'Partial<Record<keyof CreateVendorFormData, string>>'. Did you mean 'shipping_address'?
packages/dionone/Account/src/Resources/js/Pages/Vendors/Create.tsx(331,61): error TS2551: Property 'shipping_address.country' does not exist on type 'Partial<Record<keyof CreateVendorFormData, string>>'. Did you mean 'shipping_address'?
packages/dionone/Account/src/Resources/js/Pages/Vendors/Create.tsx(342,54): error TS7053: Element implicitly has an 'any' type because expression of type '"shipping_address.zip_code"' can't be used to index type 'Partial<Record<keyof CreateVendorFormData, string>>'.
  Property 'shipping_address.zip_code' does not exist on type 'Partial<Record<keyof CreateVendorFormData, string>>'.
packages/dionone/Account/src/Resources/js/Pages/Vendors/Edit.tsx(16,86): error TS2769: No overload matches this call.
  Overload 1 of 2, '(initialValues?: CreateVendorFormData | undefined): InertiaFormProps<CreateVendorFormData>', gave the following error.
    Argument of type 'Vendor' is not assignable to parameter of type 'CreateVendorFormData'.
      Types of property 'user_id' are incompatible.
        Type 'number | undefined' is not assignable to type 'string | undefined'.
          Type 'number' is not assignable to type 'string'.
  Overload 2 of 2, '(rememberKey: string, initialValues?: CreateVendorFormData | undefined): InertiaFormProps<CreateVendorFormData>', gave the following error.
    Argument of type 'Vendor' is not assignable to parameter of type 'string'.
packages/dionone/Account/src/Resources/js/Pages/Vendors/Edit.tsx(107,49): error TS2551: Property 'billing_address.name' does not exist on type 'Partial<Record<keyof CreateVendorFormData, string>>'. Did you mean 'billing_address'?
packages/dionone/Account/src/Resources/js/Pages/Vendors/Edit.tsx(118,42): error TS7053: Element implicitly has an 'any' type because expression of type '"billing_address.address_line_1"' can't be used to index type 'Partial<Record<keyof CreateVendorFormData, string>>'.
  Property 'billing_address.address_line_1' does not exist on type 'Partial<Record<keyof CreateVendorFormData, string>>'.
packages/dionone/Account/src/Resources/js/Pages/Vendors/Edit.tsx(128,42): error TS7053: Element implicitly has an 'any' type because expression of type '"billing_address.address_line_2"' can't be used to index type 'Partial<Record<keyof CreateVendorFormData, string>>'.
  Property 'billing_address.address_line_2' does not exist on type 'Partial<Record<keyof CreateVendorFormData, string>>'.
packages/dionone/Account/src/Resources/js/Pages/Vendors/Edit.tsx(140,53): error TS2551: Property 'billing_address.city' does not exist on type 'Partial<Record<keyof CreateVendorFormData, string>>'. Did you mean 'billing_address'?
packages/dionone/Account/src/Resources/js/Pages/Vendors/Edit.tsx(151,53): error TS2551: Property 'billing_address.state' does not exist on type 'Partial<Record<keyof CreateVendorFormData, string>>'. Did you mean 'billing_address'?
packages/dionone/Account/src/Resources/js/Pages/Vendors/Edit.tsx(165,46): error TS7053: Element implicitly has an 'any' type because expression of type '"billing_address.country"' can't be used to index type 'Partial<Record<keyof CreateVendorFormData, string>>'.
  Property 'billing_address.country' does not exist on type 'Partial<Record<keyof CreateVendorFormData, string>>'.
packages/dionone/Account/src/Resources/js/Pages/Vendors/Edit.tsx(176,46): error TS7053: Element implicitly has an 'any' type because expression of type '"billing_address.zip_code"' can't be used to index type 'Partial<Record<keyof CreateVendorFormData, string>>'.
  Property 'billing_address.zip_code' does not exist on type 'Partial<Record<keyof CreateVendorFormData, string>>'.
packages/dionone/Account/src/Resources/js/Pages/Vendors/Edit.tsx(205,57): error TS2551: Property 'shipping_address.name' does not exist on type 'Partial<Record<keyof CreateVendorFormData, string>>'. Did you mean 'shipping_address'?
packages/dionone/Account/src/Resources/js/Pages/Vendors/Edit.tsx(216,50): error TS7053: Element implicitly has an 'any' type because expression of type '"shipping_address.address_line_1"' can't be used to index type 'Partial<Record<keyof CreateVendorFormData, string>>'.
  Property 'shipping_address.address_line_1' does not exist on type 'Partial<Record<keyof CreateVendorFormData, string>>'.
packages/dionone/Account/src/Resources/js/Pages/Vendors/Edit.tsx(226,50): error TS7053: Element implicitly has an 'any' type because expression of type '"shipping_address.address_line_2"' can't be used to index type 'Partial<Record<keyof CreateVendorFormData, string>>'.
  Property 'shipping_address.address_line_2' does not exist on type 'Partial<Record<keyof CreateVendorFormData, string>>'.
packages/dionone/Account/src/Resources/js/Pages/Vendors/Edit.tsx(238,61): error TS2551: Property 'shipping_address.city' does not exist on type 'Partial<Record<keyof CreateVendorFormData, string>>'. Did you mean 'shipping_address'?
packages/dionone/Account/src/Resources/js/Pages/Vendors/Edit.tsx(249,61): error TS2551: Property 'shipping_address.state' does not exist on type 'Partial<Record<keyof CreateVendorFormData, string>>'. Did you mean 'shipping_address'?
packages/dionone/Account/src/Resources/js/Pages/Vendors/Edit.tsx(262,61): error TS2551: Property 'shipping_address.country' does not exist on type 'Partial<Record<keyof CreateVendorFormData, string>>'. Did you mean 'shipping_address'?
packages/dionone/Account/src/Resources/js/Pages/Vendors/Edit.tsx(273,54): error TS7053: Element implicitly has an 'any' type because expression of type '"shipping_address.zip_code"' can't be used to index type 'Partial<Record<keyof CreateVendorFormData, string>>'.
  Property 'shipping_address.zip_code' does not exist on type 'Partial<Record<keyof CreateVendorFormData, string>>'.
packages/dionone/Account/src/Resources/js/Pages/Vendors/Index.tsx(35,9): error TS2353: Object literal may only specify known properties, and 'tax_number' does not exist in type 'VendorFilters | (() => VendorFilters)'.
packages/dionone/Account/src/Resources/js/Pages/Vendors/Index.tsx(89,57): error TS2353: Object literal may only specify known properties, and 'tax_number' does not exist in type 'SetStateAction<VendorFilters>'.
packages/dionone/Account/src/Resources/js/Pages/Vendors/Index.tsx(155,29): error TS2339: Property 'user' does not exist on type 'Vendor'.
packages/dionone/Account/src/Resources/js/Pages/Vendors/Index.tsx(287,89): error TS2339: Property 'tax_number' does not exist on type 'VendorFilters'.
packages/dionone/Account/src/Resources/js/Pages/Vendors/Index.tsx(322,52): error TS2339: Property 'tax_number' does not exist on type 'VendorFilters'.
packages/dionone/Account/src/Resources/js/Pages/Vendors/Index.tsx(323,78): error TS2353: Object literal may only specify known properties, and 'tax_number' does not exist in type 'SetStateAction<VendorFilters>'.
packages/dionone/Account/src/Resources/js/Pages/Vendors/Index.tsx(351,111): error TS2339: Property 'tax_number' does not exist on type 'VendorFilters'.
packages/dionone/Account/src/Resources/js/Pages/Vendors/Index.tsx(366,56): error TS7006: Parameter 'vendor' implicitly has an 'any' type.
packages/dionone/Account/src/Resources/js/Pages/Vendors/Index.tsx(516,107): error TS2339: Property 'tax_number' does not exist on type 'VendorFilters'.
packages/dionone/Account/src/Resources/js/Pages/Vendors/View.tsx(75,93): error TS2339: Property 'user' does not exist on type 'Vendor'.
packages/dionone/Account/src/Resources/js/Pages/Vendors/View.tsx(83,53): error TS2339: Property 'address' does not exist on type 'Address'.
packages/dionone/Account/src/Resources/js/Pages/Vendors/View.tsx(83,91): error TS2339: Property 'address' does not exist on type 'Address'.
packages/dionone/Account/src/Resources/js/Pages/Vendors/View.tsx(94,54): error TS2339: Property 'address' does not exist on type 'Address'.
packages/dionone/Account/src/Resources/js/Pages/Vendors/View.tsx(94,93): error TS2339: Property 'address' does not exist on type 'Address'.
packages/dionone/BudgetPlanner/src/Resources/js/menus/company-menu.ts(4,14): error TS2300: Duplicate identifier 'route'.
packages/dionone/BudgetPlanner/src/Resources/js/Pages/BudgetAllocations/Index.tsx(86,45): error TS2322: Type 'BudgetAllocation | null' is not assignable to type 'null'.
  Type 'BudgetAllocation' is not assignable to type 'null'.
packages/dionone/BudgetPlanner/src/Resources/js/Pages/BudgetMonitorings/Index.tsx(80,26): error TS2339: Property 'date_from' does not exist on type '{ search: string; budget_id: string; date_range: string; }'.
packages/dionone/BudgetPlanner/src/Resources/js/Pages/BudgetMonitorings/Index.tsx(81,26): error TS2339: Property 'date_to' does not exist on type '{ search: string; budget_id: string; date_range: string; }'.
packages/dionone/BudgetPlanner/src/Resources/js/Pages/BudgetMonitorings/Index.tsx(83,16): error TS2790: The operand of a 'delete' operator must be optional.
packages/dionone/BudgetPlanner/src/Resources/js/Pages/BudgetPeriods/Index.tsx(96,26): error TS2339: Property 'date_from' does not exist on type '{ period_name: string; financial_year: string; status: string; date_range: string; }'.
packages/dionone/BudgetPlanner/src/Resources/js/Pages/BudgetPeriods/Index.tsx(97,26): error TS2339: Property 'date_to' does not exist on type '{ period_name: string; financial_year: string; status: string; date_range: string; }'.
packages/dionone/BudgetPlanner/src/Resources/js/Pages/BudgetPeriods/Index.tsx(99,16): error TS2790: The operand of a 'delete' operator must be optional.
packages/dionone/BudgetPlanner/src/Resources/js/Pages/Budgets/Index.tsx(91,45): error TS2322: Type 'Budget | null' is not assignable to type 'null'.
  Type 'Budget' is not assignable to type 'null'.
packages/dionone/BudgetPlanner/src/Resources/js/Pages/Budgets/Index.tsx(414,56): error TS7006: Parameter 'budget' implicitly has an 'any' type.
packages/dionone/Calendar/src/Resources/js/menus/company-menu.ts(4,14): error TS2300: Duplicate identifier 'route'.
packages/dionone/Contract/src/Resources/js/menus/company-menu.ts(4,14): error TS2300: Duplicate identifier 'route'.
packages/dionone/Contract/src/Resources/js/Pages/Contracts/components/CommentsTab.tsx(82,29): error TS2322: Type '{ value: string; onChange: (value: string) => void; onSearch: () => void; onClear: () => void; placeholder: string; className: string; }' is not assignable to type 'IntrinsicAttributes & SearchInputProps'.
  Property 'onClear' does not exist on type 'IntrinsicAttributes & SearchInputProps'.
packages/dionone/Contract/src/Resources/js/Pages/Contracts/components/ContractPDFExport.tsx(106,36): error TS2345: Argument of type '{ margin: number; filename: string; image: { type: string; quality: number; }; html2canvas: { scale: number; }; jsPDF: { unit: string; format: string; orientation: string; }; }' is not assignable to parameter of type 'Html2PdfOptions'.
  The types of 'image.type' are incompatible between these types.
    Type 'string' is not assignable to type '"png" | "jpeg" | "webp" | undefined'.
packages/dionone/Contract/src/Resources/js/Pages/Contracts/components/NotesTab.tsx(82,29): error TS2322: Type '{ value: string; onChange: (value: string) => void; onSearch: () => void; onClear: () => void; placeholder: string; className: string; }' is not assignable to type 'IntrinsicAttributes & SearchInputProps'.
  Property 'onClear' does not exist on type 'IntrinsicAttributes & SearchInputProps'.
packages/dionone/Contract/src/Resources/js/Pages/Contracts/components/RenewalsTab.tsx(134,33): error TS2322: Type '{ value: string; onChange: (value: string) => void; onSearch: () => void; onClear: () => void; placeholder: string; className: string; }' is not assignable to type 'IntrinsicAttributes & SearchInputProps'.
  Property 'onClear' does not exist on type 'IntrinsicAttributes & SearchInputProps'.
packages/dionone/Contract/src/Resources/js/Pages/Contracts/components/SignatureModal.tsx(7,29): error TS7016: Could not find a declaration file for module 'react-signature-canvas'. 'C:/Users/DION-SERVER/Desktop/codecanyon-FOhzjwS6-erpgo-saas-all-in-one-business-erp-with-project-account-hrm-crm-pos/main-file/node_modules/react-signature-canvas/build/index.js' implicitly has an 'any' type.
  Try `npm i --save-dev @types/react-signature-canvas` if it exists or add a new declaration (.d.ts) file containing `declare module 'react-signature-canvas';`
packages/dionone/Contract/src/Resources/js/Pages/Contracts/Create.tsx(18,57): error TS2769: No overload matches this call.
  Overload 1 of 2, '(initialValues?: CreateContractFormData | undefined): InertiaFormProps<CreateContractFormData>', gave the following error.
    Type 'string' is not assignable to type 'boolean'.
  Overload 2 of 2, '(rememberKey: string, initialValues?: CreateContractFormData | undefined): InertiaFormProps<CreateContractFormData>', gave the following error.
    Argument of type '{ subject: string; user_id: string; value: string; type_id: string; start_date: string; end_date: string; description: string; status: string; sync_to_google_calendar: boolean; }' is not assignable to parameter of type 'string'.
packages/dionone/Contract/src/Resources/js/Pages/Contracts/Create.tsx(104,118): error TS2345: Argument of type 'string' is not assignable to parameter of type 'boolean'.
packages/dionone/Contract/src/Resources/js/Pages/Contracts/Edit.tsx(18,56): error TS2769: No overload matches this call.
  Overload 1 of 2, '(initialValues?: EditContractFormData | undefined): InertiaFormProps<EditContractFormData>', gave the following error.
    Type 'string' is not assignable to type 'boolean'.
  Overload 2 of 2, '(rememberKey: string, initialValues?: EditContractFormData | undefined): InertiaFormProps<EditContractFormData>', gave the following error.
    Argument of type '{ subject: string; user_id: string; value: string; type_id: string; start_date: string; end_date: string; description: string; status: string; }' is not assignable to parameter of type 'string'.
packages/dionone/Contract/src/Resources/js/Pages/Contracts/Edit.tsx(98,118): error TS2345: Argument of type 'string' is not assignable to parameter of type 'boolean'.
packages/dionone/Contract/src/Resources/js/Pages/Contracts/Index.tsx(485,102): error TS2551: Property 'contract_type' does not exist on type 'Contract'. Did you mean 'contractType'?
packages/dionone/Contract/src/Resources/js/Pages/Contracts/Preview.tsx(33,40): error TS2344: Type 'ContractPreviewProps' does not satisfy the constraint 'PageProps'.
  Index signature for type 'string' is missing in type 'ContractPreviewProps'.
packages/dionone/Contract/src/Resources/js/Pages/Contracts/Preview.tsx(50,24): error TS2345: Argument of type '{ margin: number; filename: string; image: { type: string; quality: number; }; html2canvas: { scale: number; }; jsPDF: { unit: string; format: string; orientation: string; }; }' is not assignable to parameter of type 'Html2PdfOptions'.
  The types of 'image.type' are incompatible between these types.
    Type 'string' is not assignable to type '"png" | "jpeg" | "webp" | undefined'.
packages/dionone/Contract/src/Resources/js/Pages/Contracts/Preview.tsx(158,71): error TS2551: Property 'contract_type' does not exist on type 'Contract & { signatures?: { id: number; user: { name: string; }; signature_type: string; signature_data: string; signed_at: string; is_finalized: boolean; }[] | undefined; }'. Did you mean 'contractType'?
packages/dionone/Contract/src/Resources/js/Pages/Contracts/Preview.tsx(237,20): error TS2322: Type '{ children: string; jsx: true; }' is not assignable to type 'DetailedHTMLProps<StyleHTMLAttributes<HTMLStyleElement>, HTMLStyleElement>'.
  Property 'jsx' does not exist on type 'DetailedHTMLProps<StyleHTMLAttributes<HTMLStyleElement>, HTMLStyleElement>'.
packages/dionone/Contract/src/Resources/js/Pages/Contracts/Show.tsx(81,27): error TS2551: Property 'contract_type' does not exist on type 'Contract'. Did you mean 'contractType'?
packages/dionone/Contract/src/Resources/js/Pages/Contracts/Show.tsx(114,31): error TS2551: Property 'contract_type' does not exist on type 'Contract'. Did you mean 'contractType'?
packages/dionone/Contract/src/Resources/js/Pages/Contracts/Show.tsx(124,32): error TS18046: 'auth' is of type 'unknown'.
packages/dionone/Contract/src/Resources/js/Pages/Contracts/Show.tsx(124,103): error TS18046: 'auth' is of type 'unknown'.
packages/dionone/Contract/src/Resources/js/Pages/Contracts/Show.tsx(125,29): error TS18046: 'auth' is of type 'unknown'.
packages/dionone/Contract/src/Resources/js/Pages/Contracts/Show.tsx(125,97): error TS18046: 'auth' is of type 'unknown'.
packages/dionone/Contract/src/Resources/js/Pages/Contracts/Show.tsx(126,26): error TS18046: 'auth' is of type 'unknown'.
packages/dionone/Contract/src/Resources/js/Pages/Contracts/Show.tsx(126,91): error TS18046: 'auth' is of type 'unknown'.
packages/dionone/Contract/src/Resources/js/Pages/Contracts/Show.tsx(127,29): error TS18046: 'auth' is of type 'unknown'.
packages/dionone/Contract/src/Resources/js/Pages/Contracts/Show.tsx(127,97): error TS18046: 'auth' is of type 'unknown'.
packages/dionone/Contract/src/Resources/js/Pages/Contracts/Show.tsx(136,19): error TS2322: Type 'string | undefined' is not assignable to type 'string'.
  Type 'undefined' is not assignable to type 'string'.
packages/dionone/Contract/src/Resources/js/Pages/Contracts/Show.tsx(153,26): error TS18046: 'auth' is of type 'unknown'.
packages/dionone/Contract/src/Resources/js/Pages/Contracts/Show.tsx(172,76): error TS18046: 'auth' is of type 'unknown'.
packages/dionone/Contract/src/Resources/js/Pages/Contracts/Show.tsx(214,38): error TS18046: 'auth' is of type 'unknown'.
packages/dionone/Contract/src/Resources/js/Pages/Contracts/Show.tsx(292,43): error TS2551: Property 'contract_type' does not exist on type 'Contract'. Did you mean 'contractType'?
packages/dionone/Contract/src/Resources/js/Pages/Contracts/Show.tsx(294,102): error TS2551: Property 'contract_type' does not exist on type 'Contract'. Did you mean 'contractType'?
packages/dionone/Contract/src/Resources/js/Pages/Contracts/Show.tsx(362,78): error TS2551: Property 'contract_type' does not exist on type 'Contract'. Did you mean 'contractType'?
packages/dionone/Contract/src/Resources/js/Pages/Contracts/Show.tsx(425,46): error TS18046: 'auth' is of type 'unknown'.
packages/dionone/Contract/src/Resources/js/Pages/ContractTypes/Index.tsx(160,99): error TS2339: Property 'creator_id' does not exist on type 'ContractType'.
packages/dionone/Contract/src/Resources/js/Pages/ContractTypes/Index.tsx(160,144): error TS2551: Property 'created_by' does not exist on type 'ContractType'. Did you mean 'created_at'?
packages/dionone/Contract/src/Resources/js/Pages/ContractTypes/Index.tsx(172,101): error TS2339: Property 'creator_id' does not exist on type 'ContractType'.
packages/dionone/Contract/src/Resources/js/Pages/ContractTypes/Index.tsx(172,146): error TS2551: Property 'created_by' does not exist on type 'ContractType'. Did you mean 'created_at'?
packages/dionone/DoubleEntry/src/Resources/js/menus/company-menu.ts(4,14): error TS2300: Duplicate identifier 'route'.
packages/dionone/DoubleEntry/src/Resources/js/Pages/BalanceSheets/Comparison.tsx(53,42): error TS2344: Type 'ComparisonProps' does not satisfy the constraint 'PageProps'.
  Index signature for type 'string' is missing in type 'ComparisonProps'.
packages/dionone/DoubleEntry/src/Resources/js/Pages/BalanceSheets/Comparison.tsx(74,38): error TS2551: Property 'current_period' does not exist on type '{ id: number; currentPeriod: { id: number; balance_sheet_date: string; financial_year: string; total_assets: number; total_liabilities: number; total_equity: number; items: { id: number; section_type: string; sub_section: string; amount: number; account: { ...; }; }[]; }; previousPeriod: { ...; }; }'. Did you mean 'currentPeriod'?
packages/dionone/DoubleEntry/src/Resources/js/Pages/BalanceSheets/Comparison.tsx(75,39): error TS2551: Property 'previous_period' does not exist on type '{ id: number; currentPeriod: { id: number; balance_sheet_date: string; financial_year: string; total_assets: number; total_liabilities: number; total_equity: number; items: { id: number; section_type: string; sub_section: string; amount: number; account: { ...; }; }[]; }; previousPeriod: { ...; }; }'. Did you mean 'previousPeriod'?
packages/dionone/DoubleEntry/src/Resources/js/Pages/BalanceSheets/Comparison.tsx(80,63): error TS7006: Parameter 'acc' implicitly has an 'any' type.
packages/dionone/DoubleEntry/src/Resources/js/Pages/BalanceSheets/Comparison.tsx(80,68): error TS7006: Parameter 'item' implicitly has an 'any' type.
packages/dionone/DoubleEntry/src/Resources/js/Pages/BalanceSheets/Comparison.tsx(87,65): error TS7006: Parameter 'acc' implicitly has an 'any' type.
packages/dionone/DoubleEntry/src/Resources/js/Pages/BalanceSheets/Comparison.tsx(87,70): error TS7006: Parameter 'item' implicitly has an 'any' type.
packages/dionone/DoubleEntry/src/Resources/js/Pages/BalanceSheets/Comparison.tsx(190,36): error TS2339: Property 'user' does not exist on type '{}'.
packages/dionone/DoubleEntry/src/Resources/js/Pages/BalanceSheets/Comparison.tsx(192,66): error TS2551: Property 'current_period' does not exist on type '{ id: number; currentPeriod: { id: number; balance_sheet_date: string; financial_year: string; total_assets: number; total_liabilities: number; total_equity: number; items: { id: number; section_type: string; sub_section: string; amount: number; account: { ...; }; }[]; }; previousPeriod: { ...; }; }'. Did you mean 'currentPeriod'?
packages/dionone/DoubleEntry/src/Resources/js/Pages/BalanceSheets/Comparison.tsx(193,67): error TS2551: Property 'previous_period' does not exist on type '{ id: number; currentPeriod: { id: number; balance_sheet_date: string; financial_year: string; total_assets: number; total_liabilities: number; total_equity: number; items: { id: number; section_type: string; sub_section: string; amount: number; account: { ...; }; }[]; }; previousPeriod: { ...; }; }'. Did you mean 'previousPeriod'?
packages/dionone/DoubleEntry/src/Resources/js/Pages/BalanceSheets/ComparisonPrint.tsx(16,36): error TS2344: Type 'ComparisonPrintProps' does not satisfy the constraint 'PageProps'.
  Index signature for type 'string' is missing in type 'ComparisonPrintProps'.
packages/dionone/DoubleEntry/src/Resources/js/Pages/BalanceSheets/ComparisonPrint.tsx(19,38): error TS2551: Property 'current_period' does not exist on type '{ currentPeriod: any; previousPeriod: any; }'. Did you mean 'currentPeriod'?
packages/dionone/DoubleEntry/src/Resources/js/Pages/BalanceSheets/ComparisonPrint.tsx(20,39): error TS2551: Property 'previous_period' does not exist on type '{ currentPeriod: any; previousPeriod: any; }'. Did you mean 'previousPeriod'?
packages/dionone/DoubleEntry/src/Resources/js/Pages/BalanceSheets/Comparisons.tsx(34,37): error TS2344: Type 'ComparisonsProps' does not satisfy the constraint 'PageProps'.
  Index signature for type 'string' is missing in type 'ComparisonsProps'.
packages/dionone/DoubleEntry/src/Resources/js/Pages/BalanceSheets/Comparisons.tsx(91,29): error TS2740: Type '{ data: { id: number; comparison_date: string; current_period: { id: number; balance_sheet_date: string; financial_year: string; }; previous_period: { id: number; balance_sheet_date: string; financial_year: string; }; }[]; links: any[]; meta: any; }' is missing the following properties from type '{ current_page: number; last_page: number; per_page: number; total: number; from: number; to: number; }': current_page, last_page, per_page, total, and 2 more.
packages/dionone/DoubleEntry/src/Resources/js/Pages/BalanceSheets/Index.tsx(27,45): error TS2344: Type 'BalanceSheetsIndexProps' does not satisfy the constraint 'PageProps'.
  Index signature for type 'string' is missing in type 'BalanceSheetsIndexProps'.
packages/dionone/DoubleEntry/src/Resources/js/Pages/BalanceSheets/Index.tsx(360,25): error TS2740: Type '{ data: BalanceSheet[]; links: any[]; meta: any; }' is missing the following properties from type '{ current_page: number; last_page: number; per_page: number; total: number; from: number; to: number; }': current_page, last_page, per_page, total, and 2 more.
packages/dionone/DoubleEntry/src/Resources/js/Pages/BalanceSheets/Print.tsx(10,52): error TS2344: Type 'BalanceSheetViewProps' does not satisfy the constraint 'PageProps'.
  Index signature for type 'string' is missing in type 'BalanceSheetViewProps'.
packages/dionone/DoubleEntry/src/Resources/js/Pages/BalanceSheets/View.tsx(26,96): error TS2344: Type 'BalanceSheetViewProps' does not satisfy the constraint 'PageProps'.
  Index signature for type 'string' is missing in type 'BalanceSheetViewProps'.
packages/dionone/DoubleEntry/src/Resources/js/Pages/BalanceSheets/View.tsx(54,26): error TS2345: Argument of type 'number[]' is not assignable to parameter of type 'string | number'.
packages/dionone/DoubleEntry/src/Resources/js/Pages/BalanceSheets/View.tsx(242,21): error TS2322: Type '{ id: number; balance_sheet_date: string; financial_year: string; }[] | undefined' is not assignable to type 'any[]'.
  Type 'undefined' is not assignable to type 'any[]'.
packages/dionone/DoubleEntry/src/Resources/js/Pages/LedgerSummary/Index.tsx(53,49): error TS2344: Type 'LedgerSummaryProps' does not satisfy the constraint 'PageProps'.
  Index signature for type 'string' is missing in type 'LedgerSummaryProps'.
packages/dionone/DoubleEntry/src/Resources/js/Pages/LedgerSummary/Index.tsx(255,25): error TS2740: Type '{ data: LedgerEntry[]; links: any[]; meta: any; }' is missing the following properties from type '{ current_page: number; last_page: number; per_page: number; total: number; from: number; to: number; }': current_page, last_page, per_page, total, and 2 more.
packages/dionone/DoubleEntry/src/Resources/js/Pages/LedgerSummary/Print.tsx(33,59): error TS2344: Type 'LedgerSummaryProps' does not satisfy the constraint 'PageProps'.
  Index signature for type 'string' is missing in type 'LedgerSummaryProps'.
packages/dionone/DoubleEntry/src/Resources/js/Pages/ProfitLoss/Index.tsx(40,42): error TS2344: Type 'ProfitLossProps' does not satisfy the constraint 'PageProps'.
  Index signature for type 'string' is missing in type 'ProfitLossProps'.
packages/dionone/DoubleEntry/src/Resources/js/Pages/ProfitLoss/Print.tsx(30,36): error TS2344: Type 'ProfitLossProps' does not satisfy the constraint 'PageProps'.
  Index signature for type 'string' is missing in type 'ProfitLossProps'.
packages/dionone/DoubleEntry/src/Resources/js/Pages/Reports/Index.tsx(29,45): error TS2344: Type 'ReportsIndexProps' does not satisfy the constraint 'PageProps'.
  Index signature for type 'string' is missing in type 'ReportsIndexProps'.
packages/dionone/DoubleEntry/src/Resources/js/Pages/Reports/Print/AccountBalance.tsx(41,39): error TS2344: Type 'PrintProps' does not satisfy the constraint 'PageProps'.
  Index signature for type 'string' is missing in type 'PrintProps'.
packages/dionone/DoubleEntry/src/Resources/js/Pages/Reports/Print/AccountStatement.tsx(39,56): error TS2344: Type 'PrintProps' does not satisfy the constraint 'PageProps'.
  Index signature for type 'string' is missing in type 'PrintProps'.
packages/dionone/DoubleEntry/src/Resources/js/Pages/Reports/Print/CashFlow.tsx(26,39): error TS2344: Type 'PrintProps' does not satisfy the constraint 'PageProps'.
  Index signature for type 'string' is missing in type 'PrintProps'.
packages/dionone/DoubleEntry/src/Resources/js/Pages/Reports/Print/ExpenseReport.tsx(28,39): error TS2344: Type 'PrintProps' does not satisfy the constraint 'PageProps'.
  Index signature for type 'string' is missing in type 'PrintProps'.
packages/dionone/DoubleEntry/src/Resources/js/Pages/Reports/Print/GeneralLedger.tsx(39,56): error TS2344: Type 'PrintProps' does not satisfy the constraint 'PageProps'.
  Index signature for type 'string' is missing in type 'PrintProps'.
packages/dionone/DoubleEntry/src/Resources/js/Pages/Reports/Print/JournalEntry.tsx(38,39): error TS2344: Type 'PrintProps' does not satisfy the constraint 'PageProps'.
  Index signature for type 'string' is missing in type 'PrintProps'.
packages/dionone/DoubleEntry/src/Resources/js/Pages/TrialBalance/Index.tsx(41,44): error TS2344: Type 'TrialBalanceProps' does not satisfy the constraint 'PageProps'.
  Index signature for type 'string' is missing in type 'TrialBalanceProps'.
packages/dionone/DoubleEntry/src/Resources/js/Pages/TrialBalance/Print.tsx(30,38): error TS2344: Type 'TrialBalanceProps' does not satisfy the constraint 'PageProps'.
  Index signature for type 'string' is missing in type 'TrialBalanceProps'.
packages/dionone/FormBuilder/src/Resources/js/components/ConversionSetup.tsx(111,9): error TS2322: Type 'string' is not assignable to type 'number'.
packages/dionone/FormBuilder/src/Resources/js/components/ConversionSetup.tsx(127,11): error TS2367: This comparison appears to be unintentional because the types 'number' and 'string' have no overlap.
packages/dionone/FormBuilder/src/Resources/js/components/ConversionSetup.tsx(128,11): error TS2367: This comparison appears to be unintentional because the types 'number' and 'string' have no overlap.
packages/dionone/FormBuilder/src/Resources/js/components/ConversionSetup.tsx(264,68): error TS7006: Parameter 'option' implicitly has an 'any' type.
packages/dionone/FormBuilder/src/Resources/js/components/ConversionSetup.tsx(280,95): error TS2367: This comparison appears to be unintentional because the types 'number' and 'string' have no overlap.
packages/dionone/FormBuilder/src/Resources/js/components/ConversionSetup.tsx(294,57): error TS2345: Argument of type '{ [x: string]: number | string[] | number[]; }' is not assignable to parameter of type 'Record<string, number>'.
  'string' index signatures are incompatible.
    Type 'number | string[] | number[]' is not assignable to type 'number'.
      Type 'string[]' is not assignable to type 'number'.
packages/dionone/FormBuilder/src/Resources/js/components/ConversionSetup.tsx(302,27): error TS2322: Type '{ options: any; value: string[]; onValueChange: (values: string[]) => void; placeholder: string; searchable: true; disabled: boolean; }' is not assignable to type 'IntrinsicAttributes & MultiSelectEnhancedProps'.
  Property 'disabled' does not exist on type 'IntrinsicAttributes & MultiSelectEnhancedProps'.
packages/dionone/FormBuilder/src/Resources/js/components/ConversionSetup.tsx(315,62): error TS7006: Parameter 'option' implicitly has an 'any' type.
packages/dionone/FormBuilder/src/Resources/js/menus/company-menu.ts(4,14): error TS2300: Duplicate identifier 'route'.
packages/dionone/FormBuilder/src/Resources/js/Pages/Forms/Conversion.tsx(77,11): error TS2353: Object literal may only specify known properties, and 'lead_pipelines' does not exist in type '{ conversion?: { module_name: string; submodule_name?: string | undefined; is_active: boolean; field_mappings: Record<string, number>; } | undefined; available_modules: Record<string, any>; form_fields: { ...; }[]; users?: { ...; }[] | undefined; }'.
packages/dionone/FormBuilder/src/Resources/js/Pages/Forms/Create.tsx(55,23): error TS2345: Argument of type 'FormField[]' is not assignable to parameter of type 'never[]'.
  Type 'FormField' is not assignable to type 'never'.
packages/dionone/FormBuilder/src/Resources/js/Pages/Forms/Edit.tsx(406,66): error TS2345: Argument of type 'string | number' is not assignable to parameter of type 'string'.
  Type 'number' is not assignable to type 'string'.
packages/dionone/FormBuilder/src/Resources/js/Pages/Forms/Edit.tsx(416,66): error TS2345: Argument of type 'string | number' is not assignable to parameter of type 'string'.
  Type 'number' is not assignable to type 'string'.
packages/dionone/FormBuilder/src/Resources/js/Pages/Forms/Edit.tsx(429,66): error TS2345: Argument of type 'string | number' is not assignable to parameter of type 'string'.
  Type 'number' is not assignable to type 'string'.
packages/dionone/FormBuilder/src/Resources/js/Pages/Forms/Edit.tsx(444,66): error TS2345: Argument of type 'string | number' is not assignable to parameter of type 'string'.
  Type 'number' is not assignable to type 'string'.
packages/dionone/FormBuilder/src/Resources/js/Pages/Forms/Edit.tsx(454,66): error TS2345: Argument of type 'string | number' is not assignable to parameter of type 'string'.
  Type 'number' is not assignable to type 'string'.
packages/dionone/FormBuilder/src/Resources/js/Pages/Forms/Edit.tsx(465,81): error TS2345: Argument of type 'string | number' is not assignable to parameter of type 'string'.
  Type 'number' is not assignable to type 'string'.
packages/dionone/FormBuilder/src/Resources/js/Pages/Forms/Edit.tsx(481,64): error TS2345: Argument of type 'string | number' is not assignable to parameter of type 'string'.
  Type 'number' is not assignable to type 'string'.
packages/dionone/FormBuilder/src/Resources/js/Pages/Forms/Edit.tsx(496,71): error TS2345: Argument of type 'string | number' is not assignable to parameter of type 'string'.
  Type 'number' is not assignable to type 'string'.
packages/dionone/FormBuilder/src/Resources/js/Pages/Forms/Edit.tsx(506,71): error TS2345: Argument of type 'string | number' is not assignable to parameter of type 'string'.
  Type 'number' is not assignable to type 'string'.
packages/dionone/FormBuilder/src/Resources/js/Pages/Forms/Edit.tsx(515,73): error TS2345: Argument of type 'string | number' is not assignable to parameter of type 'string'.
  Type 'number' is not assignable to type 'string'.
packages/dionone/FormBuilder/src/Resources/js/Pages/Forms/Edit.tsx(523,71): error TS2345: Argument of type 'string | number' is not assignable to parameter of type 'string'.
  Type 'number' is not assignable to type 'string'.
packages/dionone/FormBuilder/src/Resources/js/Pages/Forms/Index.tsx(421,13): error TS2740: Type '{ data: Form[]; links: any; meta: any; }' is missing the following properties from type '{ current_page: number; last_page: number; per_page: number; total: number; from: number; to: number; }': current_page, last_page, per_page, total, and 2 more.
packages/dionone/Goal/src/Resources/js/menus/company-menu.ts(4,14): error TS2300: Duplicate identifier 'route'.
packages/dionone/Goal/src/Resources/js/Pages/Contributions/Create.tsx(73,29): error TS2322: Type 'number' is not assignable to type 'string'.
packages/dionone/Goal/src/Resources/js/Pages/Contributions/Create.tsx(74,81): error TS2345: Argument of type 'string' is not assignable to parameter of type 'number'.
packages/dionone/Goal/src/Resources/js/Pages/Contributions/Edit.tsx(73,29): error TS2322: Type 'number' is not assignable to type 'string'.
packages/dionone/Goal/src/Resources/js/Pages/Contributions/Edit.tsx(74,81): error TS2345: Argument of type 'string' is not assignable to parameter of type 'number'.
packages/dionone/Goal/src/Resources/js/Pages/Contributions/Index.tsx(67,26): error TS2339: Property 'date_from' does not exist on type '{ goal_name: string; goal_id: string; contribution_type: string; date_range: string; }'.
packages/dionone/Goal/src/Resources/js/Pages/Contributions/Index.tsx(68,26): error TS2339: Property 'date_to' does not exist on type '{ goal_name: string; goal_id: string; contribution_type: string; date_range: string; }'.
packages/dionone/Goal/src/Resources/js/Pages/Contributions/Index.tsx(70,16): error TS2790: The operand of a 'delete' operator must be optional.
packages/dionone/Goal/src/Resources/js/Pages/Contributions/Index.tsx(86,26): error TS2339: Property 'date_from' does not exist on type '{ goal_name: string; goal_id: string; contribution_type: string; date_range: string; }'.
packages/dionone/Goal/src/Resources/js/Pages/Contributions/Index.tsx(87,26): error TS2339: Property 'date_to' does not exist on type '{ goal_name: string; goal_id: string; contribution_type: string; date_range: string; }'.
packages/dionone/Goal/src/Resources/js/Pages/Contributions/Index.tsx(89,16): error TS2790: The operand of a 'delete' operator must be optional.
packages/dionone/Goal/src/Resources/js/Pages/Goals/View.tsx(80,82): error TS2339: Property 'account_name' does not exist on type '{ id: number; name: string; }'.
packages/dionone/Goal/src/Resources/js/Pages/Milestones/Index.tsx(23,10): error TS2724: '"./types"' has no exported member named 'GoalMilestone'. Did you mean 'Milestone'?
packages/dionone/Goal/src/Resources/js/Pages/Milestones/Index.tsx(28,49): error TS2344: Type 'MilestonesIndexProps' does not satisfy the constraint 'PageProps'.
  Index signature for type 'string' is missing in type 'MilestonesIndexProps'.
packages/dionone/Goal/src/Resources/js/Pages/Milestones/Index.tsx(65,26): error TS2339: Property 'date_from' does not exist on type '{ milestone_name: string; status: string; goal_id: string; date_range: string; }'.
packages/dionone/Goal/src/Resources/js/Pages/Milestones/Index.tsx(66,26): error TS2339: Property 'date_to' does not exist on type '{ milestone_name: string; status: string; goal_id: string; date_range: string; }'.
packages/dionone/Goal/src/Resources/js/Pages/Milestones/Index.tsx(68,16): error TS2790: The operand of a 'delete' operator must be optional.
packages/dionone/Goal/src/Resources/js/Pages/Milestones/Index.tsx(84,26): error TS2339: Property 'date_from' does not exist on type '{ milestone_name: string; status: string; goal_id: string; date_range: string; }'.
packages/dionone/Goal/src/Resources/js/Pages/Milestones/Index.tsx(85,26): error TS2339: Property 'date_to' does not exist on type '{ milestone_name: string; status: string; goal_id: string; date_range: string; }'.
packages/dionone/Goal/src/Resources/js/Pages/Milestones/Index.tsx(87,16): error TS2790: The operand of a 'delete' operator must be optional.
packages/dionone/Goal/src/Resources/js/Pages/Milestones/View.tsx(70,119): error TS2339: Property 'achieved_amount' does not exist on type 'Milestone'.
packages/dionone/Goal/src/Resources/js/Pages/Milestones/View.tsx(75,99): error TS2339: Property 'achieved_amount' does not exist on type 'Milestone'.
packages/dionone/Goal/src/Resources/js/Pages/Milestones/View.tsx(84,110): error TS2339: Property 'achieved_amount' does not exist on type 'Milestone'.
packages/dionone/Goal/src/Resources/js/Pages/Tracking/Index.tsx(28,48): error TS2344: Type 'TrackingIndexProps' does not satisfy the constraint 'PageProps'.
  Index signature for type 'string' is missing in type 'TrackingIndexProps'.
packages/dionone/Goal/src/Resources/js/Pages/Tracking/Index.tsx(32,9): error TS2353: Object literal may only specify known properties, and 'goal_name' does not exist in type 'TrackingFilters | (() => TrackingFilters)'.
packages/dionone/Goal/src/Resources/js/Pages/Tracking/Index.tsx(65,26): error TS2339: Property 'date_from' does not exist on type '{ goal_id: string; on_track_status: string; date_range: string; }'.
packages/dionone/Goal/src/Resources/js/Pages/Tracking/Index.tsx(66,26): error TS2339: Property 'date_to' does not exist on type '{ goal_id: string; on_track_status: string; date_range: string; }'.
packages/dionone/Goal/src/Resources/js/Pages/Tracking/Index.tsx(68,16): error TS2790: The operand of a 'delete' operator must be optional.
packages/dionone/Goal/src/Resources/js/Pages/Tracking/Index.tsx(84,26): error TS2339: Property 'date_from' does not exist on type '{ goal_id: string; on_track_status: string; date_range: string; }'.
packages/dionone/Goal/src/Resources/js/Pages/Tracking/Index.tsx(85,26): error TS2339: Property 'date_to' does not exist on type '{ goal_id: string; on_track_status: string; date_range: string; }'.
packages/dionone/Goal/src/Resources/js/Pages/Tracking/Index.tsx(87,16): error TS2790: The operand of a 'delete' operator must be optional.
packages/dionone/Goal/src/Resources/js/Pages/Tracking/Index.tsx(97,13): error TS2353: Object literal may only specify known properties, and 'goal_name' does not exist in type 'SetStateAction<TrackingFilters>'.
packages/dionone/Goal/src/Resources/js/Pages/Tracking/Index.tsx(248,48): error TS2339: Property 'goal_name' does not exist on type 'TrackingFilters'.
packages/dionone/Goal/src/Resources/js/Pages/Tracking/Index.tsx(249,78): error TS2353: Object literal may only specify known properties, and 'goal_name' does not exist in type 'SetStateAction<TrackingFilters>'.
packages/dionone/Goal/src/Resources/js/Pages/Tracking/Index.tsx(270,68): error TS2339: Property 'goal_name' does not exist on type 'TrackingFilters'.
packages/dionone/Goal/src/Resources/js/Pages/Tracking/Index.tsx(348,64): error TS2339: Property 'goal_name' does not exist on type 'TrackingFilters'.
packages/dionone/Goal/src/Resources/js/Pages/Tracking/Index.tsx(363,58): error TS7006: Parameter 'tracking' implicitly has an 'any' type.
packages/dionone/Goal/src/Resources/js/Pages/Tracking/Index.tsx(459,60): error TS2339: Property 'goal_name' does not exist on type 'TrackingFilters'.
packages/dionone/Goal/src/Resources/js/Pages/Tracking/View.tsx(17,34): error TS2344: Type 'ViewProps' does not satisfy the constraint 'PageProps'.
  Index signature for type 'string' is missing in type 'ViewProps'.
packages/dionone/Goal/src/Resources/js/Pages/Tracking/View.tsx(188,76): error TS2345: Argument of type 'string | undefined' is not assignable to parameter of type 'string | Date'.
  Type 'undefined' is not assignable to type 'string | Date'.
packages/dionone/Goal/src/Resources/js/Pages/Tracking/View.tsx(192,76): error TS2345: Argument of type 'string | undefined' is not assignable to parameter of type 'string | Date'.
  Type 'undefined' is not assignable to type 'string | Date'.
packages/dionone/Hrm/src/Resources/js/menus/company-menu.ts(4,14): error TS2300: Duplicate identifier 'route'.
packages/dionone/Hrm/src/Resources/js/Pages/Acknowledgments/Index.tsx(179,44): error TS2339: Property 'document' does not exist on type 'HrmDocument'.
packages/dionone/Hrm/src/Resources/js/Pages/Acknowledgments/Index.tsx(181,115): error TS2339: Property 'document' does not exist on type 'HrmDocument'.
packages/dionone/Hrm/src/Resources/js/Pages/Acknowledgments/Index.tsx(189,101): error TS2339: Property 'document' does not exist on type 'HrmDocument'.
packages/dionone/Hrm/src/Resources/js/Pages/Acknowledgments/Index.tsx(194,100): error TS2339: Property 'document' does not exist on type 'HrmDocument'.
packages/dionone/Hrm/src/Resources/js/Pages/Acknowledgments/Index.tsx(429,118): error TS2339: Property 'title' does not exist on type 'HrmDocument'.
packages/dionone/Hrm/src/Resources/js/Pages/Acknowledgments/Index.tsx(433,121): error TS2339: Property 'name' does not exist on type 'number'.
packages/dionone/Hrm/src/Resources/js/Pages/Acknowledgments/Index.tsx(475,119): error TS2339: Property 'document' does not exist on type 'HrmDocument'.
packages/dionone/Hrm/src/Resources/js/Pages/Acknowledgments/Index.tsx(476,110): error TS2339: Property 'title' does not exist on type 'HrmDocument'.
packages/dionone/Hrm/src/Resources/js/Pages/Acknowledgments/View.tsx(44,87): error TS2339: Property 'title' does not exist on type 'HrmDocument'.
packages/dionone/Hrm/src/Resources/js/Pages/Acknowledgments/View.tsx(70,90): error TS2339: Property 'name' does not exist on type 'number'.
packages/dionone/Hrm/src/Resources/js/Pages/Announcements/Create.tsx(19,57): error TS2769: No overload matches this call.
  Overload 1 of 2, '(initialValues?: CreateAnnouncementFormData | undefined): InertiaFormProps<CreateAnnouncementFormData>', gave the following error.
    Object literal may only specify known properties, and 'departments' does not exist in type 'CreateAnnouncementFormData'.
  Overload 2 of 2, '(rememberKey: string, initialValues?: CreateAnnouncementFormData | undefined): InertiaFormProps<CreateAnnouncementFormData>', gave the following error.
    Argument of type '{ title: string; announcement_category_id: string; departments: never[]; priority: string; status: string; start_date: string; end_date: string; description: string; }' is not assignable to parameter of type 'string'.
packages/dionone/Hrm/src/Resources/js/Pages/Announcements/Create.tsx(88,37): error TS2339: Property 'departments' does not exist on type 'CreateAnnouncementFormData'.
packages/dionone/Hrm/src/Resources/js/Pages/Announcements/Create.tsx(89,59): error TS2345: Argument of type '"departments"' is not assignable to parameter of type 'keyof CreateAnnouncementFormData'.
packages/dionone/Hrm/src/Resources/js/Pages/Announcements/Create.tsx(93,49): error TS2339: Property 'departments' does not exist on type 'Partial<Record<keyof CreateAnnouncementFormData, string>>'.
packages/dionone/Hrm/src/Resources/js/Pages/Announcements/Edit.tsx(19,56): error TS2769: No overload matches this call.
  Overload 1 of 2, '(initialValues?: EditAnnouncementFormData | undefined): InertiaFormProps<EditAnnouncementFormData>', gave the following error.
    Object literal may only specify known properties, and 'departments' does not exist in type 'EditAnnouncementFormData'.
  Overload 2 of 2, '(rememberKey: string, initialValues?: EditAnnouncementFormData | undefined): InertiaFormProps<EditAnnouncementFormData>', gave the following error.
    Argument of type '{ title: string; announcement_category_id: string; departments: any; priority: string; status: string; start_date: string; end_date: string; description: string; }' is not assignable to parameter of type 'string'.
packages/dionone/Hrm/src/Resources/js/Pages/Announcements/Edit.tsx(22,35): error TS2339: Property 'departments' does not exist on type 'Announcement'.
packages/dionone/Hrm/src/Resources/js/Pages/Announcements/Edit.tsx(88,37): error TS2339: Property 'departments' does not exist on type 'EditAnnouncementFormData'.
packages/dionone/Hrm/src/Resources/js/Pages/Announcements/Edit.tsx(89,59): error TS2345: Argument of type '"departments"' is not assignable to parameter of type 'keyof EditAnnouncementFormData'.
packages/dionone/Hrm/src/Resources/js/Pages/Announcements/Edit.tsx(93,49): error TS2339: Property 'departments' does not exist on type 'Partial<Record<keyof EditAnnouncementFormData, string>>'.
packages/dionone/Hrm/src/Resources/js/Pages/Announcements/Index.tsx(423,94): error TS2551: Property 'announcement_category' does not exist on type 'Announcement'. Did you mean 'announcementCategory'?
packages/dionone/Hrm/src/Resources/js/Pages/Announcements/View.tsx(44,75): error TS2551: Property 'announcement_category' does not exist on type 'Announcement'. Did you mean 'announcementCategory'?
packages/dionone/Hrm/src/Resources/js/Pages/Announcements/View.tsx(110,47): error TS2339: Property 'departments' does not exist on type 'Announcement'.
packages/dionone/Hrm/src/Resources/js/Pages/Announcements/View.tsx(110,75): error TS2339: Property 'departments' does not exist on type 'Announcement'.
packages/dionone/Hrm/src/Resources/js/Pages/Announcements/View.tsx(112,55): error TS2339: Property 'departments' does not exist on type 'Announcement'.
packages/dionone/Hrm/src/Resources/js/Pages/Announcements/View.tsx(127,75): error TS2339: Property 'approved_by' does not exist on type 'Announcement'.
packages/dionone/Hrm/src/Resources/js/Pages/Attendances/Index.tsx(280,65): error TS2367: This comparison appears to be unintentional because the types '"present" | "half_day" | "absent"' and '"half day"' have no overlap.
packages/dionone/Hrm/src/Resources/js/Pages/Attendances/Index.tsx(295,93): error TS2345: Argument of type 'string | undefined' is not assignable to parameter of type 'string'.
  Type 'undefined' is not assignable to type 'string'.
packages/dionone/Hrm/src/Resources/js/Pages/Attendances/Show.tsx(69,33): error TS2367: This comparison appears to be unintentional because the types '"half_day" | "absent"' and '"half day"' have no overlap.
packages/dionone/Hrm/src/Resources/js/Pages/Awards/Index.tsx(35,9): error TS2353: Object literal may only specify known properties, and 'employee_id' does not exist in type 'AwardFilters | (() => AwardFilters)'.
packages/dionone/Hrm/src/Resources/js/Pages/Awards/Index.tsx(80,13): error TS2353: Object literal may only specify known properties, and 'employee_id' does not exist in type 'SetStateAction<AwardFilters>'.
packages/dionone/Hrm/src/Resources/js/Pages/Awards/Index.tsx(241,56): error TS2339: Property 'employee_id' does not exist on type 'AwardFilters'.
packages/dionone/Hrm/src/Resources/js/Pages/Awards/Index.tsx(241,128): error TS2353: Object literal may only specify known properties, and 'employee_id' does not exist in type 'SetStateAction<AwardFilters>'.
packages/dionone/Hrm/src/Resources/js/Pages/Awards/Index.tsx(247,53): error TS2339: Property 'map' does not exist on type '{}'.
packages/dionone/Hrm/src/Resources/js/Pages/Awards/Index.tsx(257,56): error TS2339: Property 'award_type_id' does not exist on type 'AwardFilters'.
packages/dionone/Hrm/src/Resources/js/Pages/Awards/Index.tsx(257,130): error TS2353: Object literal may only specify known properties, and 'award_type_id' does not exist in type 'SetStateAction<AwardFilters>'.
packages/dionone/Hrm/src/Resources/js/Pages/Awards/Index.tsx(263,54): error TS2339: Property 'map' does not exist on type '{}'.
packages/dionone/Hrm/src/Resources/js/Pages/Awards/Index.tsx(296,80): error TS2339: Property 'employee_id' does not exist on type 'AwardFilters'.
packages/dionone/Hrm/src/Resources/js/Pages/Awards/Index.tsx(296,103): error TS2339: Property 'award_type_id' does not exist on type 'AwardFilters'.
packages/dionone/Hrm/src/Resources/js/Pages/Awards/Index.tsx(319,107): error TS2339: Property 'employee' does not exist on type 'Award'.
packages/dionone/Hrm/src/Resources/js/Pages/Awards/Index.tsx(328,99): error TS2551: Property 'award_type' does not exist on type 'Award'. Did you mean 'award_type_id'?
packages/dionone/Hrm/src/Resources/js/Pages/Awards/Index.tsx(403,76): error TS2339: Property 'employee_id' does not exist on type 'AwardFilters'.
packages/dionone/Hrm/src/Resources/js/Pages/Awards/Index.tsx(403,99): error TS2339: Property 'award_type_id' does not exist on type 'AwardFilters'.
packages/dionone/Hrm/src/Resources/js/Pages/Awards/View.tsx(34,64): error TS2339: Property 'employee' does not exist on type 'Award'.
packages/dionone/Hrm/src/Resources/js/Pages/Awards/View.tsx(41,64): error TS2551: Property 'award_type' does not exist on type 'Award'. Did you mean 'award_type_id'?
packages/dionone/Hrm/src/Resources/js/Pages/Complaints/Index.tsx(29,69): error TS2344: Type 'ComplaintsIndexProps' does not satisfy the constraint 'PageProps'.
  Index signature for type 'string' is missing in type 'ComplaintsIndexProps'.
packages/dionone/Hrm/src/Resources/js/Pages/Complaints/Index.tsx(406,103): error TS2551: Property 'against_employee' does not exist on type 'Complaint'. Did you mean 'againstEmployee'?
packages/dionone/Hrm/src/Resources/js/Pages/Complaints/Index.tsx(417,103): error TS2551: Property 'complaint_type' does not exist on type 'Complaint'. Did you mean 'complaintType'?
packages/dionone/Hrm/src/Resources/js/Pages/Complaints/Show.tsx(42,68): error TS2551: Property 'against_employee' does not exist on type 'Complaint'. Did you mean 'againstEmployee'?
packages/dionone/Hrm/src/Resources/js/Pages/Complaints/Show.tsx(52,68): error TS2551: Property 'complaint_type' does not exist on type 'Complaint'. Did you mean 'complaintType'?
packages/dionone/Hrm/src/Resources/js/Pages/Complaints/Show.tsx(87,81): error TS2339: Property 'name' does not exist on type 'number'.
packages/dionone/Hrm/src/Resources/js/Pages/Employees/Create.tsx(15,10): error TS2614: Module '"@/components/MediaPicker"' has no exported member 'MediaPicker'. Did you mean to use 'import MediaPicker from "@/components/MediaPicker"' instead?
packages/dionone/Hrm/src/Resources/js/Pages/Employees/Create.tsx(44,89): error TS2769: No overload matches this call.
  Overload 1 of 2, '(initialValues?: CreateEmployeeFormData | undefined): InertiaFormProps<CreateEmployeeFormData>', gave the following error.
    Argument of type '{ employee_id: any; application_id: string; name_ar: string; date_of_birth: string; gender: string; shift_id: string; date_of_joining: string; employment_type: string; nationality: string; marital_status: string; ... 64 more ...; attachment_ids: never[]; }' is not assignable to parameter of type 'CreateEmployeeFormData'.
      Property 'documents' is missing in type '{ employee_id: any; application_id: string; name_ar: string; date_of_birth: string; gender: string; shift_id: string; date_of_joining: string; employment_type: string; nationality: string; marital_status: string; ... 64 more ...; attachment_ids: never[]; }' but required in type 'CreateEmployeeFormData'.
  Overload 2 of 2, '(rememberKey: string, initialValues?: CreateEmployeeFormData | undefined): InertiaFormProps<CreateEmployeeFormData>', gave the following error.
    Argument of type '{ employee_id: any; application_id: string; name_ar: string; date_of_birth: string; gender: string; shift_id: string; date_of_joining: string; employment_type: string; nationality: string; marital_status: string; ... 64 more ...; attachment_ids: never[]; }' is not assignable to parameter of type 'string'.
packages/dionone/Hrm/src/Resources/js/Pages/Employees/Create.tsx(140,58): error TS7006: Parameter 'dept' implicitly has an 'any' type.
packages/dionone/Hrm/src/Resources/js/Pages/Employees/Create.tsx(142,63): error TS7006: Parameter 'dept' implicitly has an 'any' type.
packages/dionone/Hrm/src/Resources/js/Pages/Employees/Create.tsx(155,64): error TS7006: Parameter 'desig' implicitly has an 'any' type.
packages/dionone/Hrm/src/Resources/js/Pages/Employees/Create.tsx(157,69): error TS7006: Parameter 'desig' implicitly has an 'any' type.
packages/dionone/Hrm/src/Resources/js/Pages/Employees/Create.tsx(934,52): error TS7006: Parameter 'ids' implicitly has an 'any' type.
packages/dionone/Hrm/src/Resources/js/Pages/Employees/Edit.tsx(15,8): error TS2613: Module '"C:/Users/DION-SERVER/Desktop/codecanyon-FOhzjwS6-erpgo-saas-all-in-one-business-erp-with-project-account-hrm-crm-pos/main-file/resources/js/components/ModuleAttachments"' has no default export. Did you mean to use 'import { ModuleAttachments } from "C:/Users/DION-SERVER/Desktop/codecanyon-FOhzjwS6-erpgo-saas-all-in-one-business-erp-with-project-account-hrm-crm-pos/main-file/resources/js/components/ModuleAttachments"' instead?
packages/dionone/Hrm/src/Resources/js/Pages/Employees/Edit.tsx(31,86): error TS2769: No overload matches this call.
  Overload 1 of 2, '(initialValues?: EditEmployeeFormData | undefined): InertiaFormProps<EditEmployeeFormData>', gave the following error.
    Argument of type '{ employee_id: any; application_id: any; name_ar: any; date_of_birth: any; gender: any; nationality: any; marital_status: any; marital_status2: any; place_of_birth: any; religion: any; no_of_dependents: any; ... 63 more ...; attachment_ids: never[]; }' is not assignable to parameter of type 'EditEmployeeFormData'.
      Property 'documents' is missing in type '{ employee_id: any; application_id: any; name_ar: any; date_of_birth: any; gender: any; nationality: any; marital_status: any; marital_status2: any; place_of_birth: any; religion: any; no_of_dependents: any; ... 63 more ...; attachment_ids: never[]; }' but required in type 'EditEmployeeFormData'.
  Overload 2 of 2, '(rememberKey: string, initialValues?: EditEmployeeFormData | undefined): InertiaFormProps<EditEmployeeFormData>', gave the following error.
    Argument of type '{ employee_id: any; application_id: any; name_ar: any; date_of_birth: any; gender: any; nationality: any; marital_status: any; marital_status2: any; place_of_birth: any; religion: any; no_of_dependents: any; ... 63 more ...; attachment_ids: never[]; }' is not assignable to parameter of type 'string'.
packages/dionone/Hrm/src/Resources/js/Pages/Employees/Edit.tsx(710,41): error TS2322: Type 'number[]' is not assignable to type 'string | string[] | undefined'.
  Type 'number[]' is not assignable to type 'string[]'.
    Type 'number' is not assignable to type 'string'.
packages/dionone/Hrm/src/Resources/js/Pages/EmployeeTransfers/Create.tsx(20,97): error TS2769: No overload matches this call.
  Overload 1 of 2, '(initialValues?: CreateEmployeeTransferFormData | undefined): InertiaFormProps<CreateEmployeeTransferFormData>', gave the following error.
    Argument of type '{ employee_id: string; to_branch_id: string; to_department_id: string; to_designation_id: string; effective_date: string; reason: string; document: string; }' is not assignable to parameter of type 'CreateEmployeeTransferFormData'.
      Type '{ employee_id: string; to_branch_id: string; to_department_id: string; to_designation_id: string; effective_date: string; reason: string; document: string; }' is missing the following properties from type 'CreateEmployeeTransferFormData': transfer_date, status, from_branch_id, from_department_id, and 2 more.
  Overload 2 of 2, '(rememberKey: string, initialValues?: CreateEmployeeTransferFormData | undefined): InertiaFormProps<CreateEmployeeTransferFormData>', gave the following error.
    Argument of type '{ employee_id: string; to_branch_id: string; to_department_id: string; to_designation_id: string; effective_date: string; reason: string; document: string; }' is not assignable to parameter of type 'string'.
packages/dionone/Hrm/src/Resources/js/Pages/EmployeeTransfers/Edit.tsx(22,94): error TS2769: No overload matches this call.
  Overload 1 of 2, '(initialValues?: EditEmployeeTransferFormData | undefined): InertiaFormProps<EditEmployeeTransferFormData>', gave the following error.
    Argument of type '{ employee_id: string; to_branch_id: string; to_department_id: string; to_designation_id: string; effective_date: string; reason: string; document: string; }' is not assignable to parameter of type 'EditEmployeeTransferFormData'.
      Type '{ employee_id: string; to_branch_id: string; to_department_id: string; to_designation_id: string; effective_date: string; reason: string; document: string; }' is missing the following properties from type 'EditEmployeeTransferFormData': transfer_date, status, from_branch_id, from_department_id, and 2 more.
  Overload 2 of 2, '(rememberKey: string, initialValues?: EditEmployeeTransferFormData | undefined): InertiaFormProps<EditEmployeeTransferFormData>', gave the following error.
    Argument of type '{ employee_id: string; to_branch_id: string; to_department_id: string; to_designation_id: string; effective_date: string; reason: string; document: string; }' is not assignable to parameter of type 'string'.
packages/dionone/Hrm/src/Resources/js/Pages/EmployeeTransfers/Index.tsx(34,9): error TS2353: Object literal may only specify known properties, and 'search' does not exist in type 'EmployeeTransferFilters | (() => EmployeeTransferFilters)'.
packages/dionone/Hrm/src/Resources/js/Pages/EmployeeTransfers/Index.tsx(80,13): error TS2353: Object literal may only specify known properties, and 'search' does not exist in type 'SetStateAction<EmployeeTransferFilters>'.
packages/dionone/Hrm/src/Resources/js/Pages/EmployeeTransfers/Index.tsx(261,48): error TS2339: Property 'search' does not exist on type 'EmployeeTransferFilters'.
packages/dionone/Hrm/src/Resources/js/Pages/EmployeeTransfers/Index.tsx(262,79): error TS2353: Object literal may only specify known properties, and 'search' does not exist in type 'SetStateAction<EmployeeTransferFilters>'.
packages/dionone/Hrm/src/Resources/js/Pages/EmployeeTransfers/Index.tsx(283,68): error TS2339: Property 'employee_id' does not exist on type 'EmployeeTransferFilters'.
packages/dionone/Hrm/src/Resources/js/Pages/EmployeeTransfers/Index.tsx(283,100): error TS2339: Property 'employee_id' does not exist on type 'EmployeeTransferFilters'.
packages/dionone/Hrm/src/Resources/js/Pages/EmployeeTransfers/Index.tsx(303,60): error TS2339: Property 'employee_id' does not exist on type 'EmployeeTransferFilters'.
packages/dionone/Hrm/src/Resources/js/Pages/EmployeeTransfers/Index.tsx(303,124): error TS2353: Object literal may only specify known properties, and 'employee_id' does not exist in type 'SetStateAction<EmployeeTransferFilters>'.
packages/dionone/Hrm/src/Resources/js/Pages/EmployeeTransfers/Index.tsx(309,57): error TS2339: Property 'map' does not exist on type '{}'.
packages/dionone/Hrm/src/Resources/js/Pages/EmployeeTransfers/Index.tsx(359,68): error TS2339: Property 'search' does not exist on type 'EmployeeTransferFilters'.
packages/dionone/Hrm/src/Resources/js/Pages/EmployeeTransfers/Index.tsx(359,87): error TS2339: Property 'employee_id' does not exist on type 'EmployeeTransferFilters'.
packages/dionone/Hrm/src/Resources/js/Pages/EmployeeTransfers/Index.tsx(359,120): error TS2339: Property 'employee_id' does not exist on type 'EmployeeTransferFilters'.
packages/dionone/Hrm/src/Resources/js/Pages/EmployeeTransfers/Index.tsx(422,123): error TS2339: Property 'name' does not exist on type 'number'.
packages/dionone/Hrm/src/Resources/js/Pages/EmployeeTransfers/Index.tsx(493,60): error TS2339: Property 'search' does not exist on type 'EmployeeTransferFilters'.
packages/dionone/Hrm/src/Resources/js/Pages/EmployeeTransfers/Index.tsx(493,79): error TS2339: Property 'employee_id' does not exist on type 'EmployeeTransferFilters'.
packages/dionone/Hrm/src/Resources/js/Pages/EmployeeTransfers/Index.tsx(493,112): error TS2339: Property 'employee_id' does not exist on type 'EmployeeTransferFilters'.
packages/dionone/Hrm/src/Resources/js/Pages/EmployeeTransfers/View.tsx(77,103): error TS2339: Property 'branch_name' does not exist on type 'Branch'.
packages/dionone/Hrm/src/Resources/js/Pages/EmployeeTransfers/View.tsx(78,111): error TS2339: Property 'department_name' does not exist on type 'Department'.
packages/dionone/Hrm/src/Resources/js/Pages/EmployeeTransfers/View.tsx(79,113): error TS2339: Property 'designation_name' does not exist on type 'Designation'.
packages/dionone/Hrm/src/Resources/js/Pages/EmployeeTransfers/View.tsx(95,101): error TS2339: Property 'branch_name' does not exist on type 'Branch'.
packages/dionone/Hrm/src/Resources/js/Pages/EmployeeTransfers/View.tsx(96,109): error TS2339: Property 'department_name' does not exist on type 'Department'.
packages/dionone/Hrm/src/Resources/js/Pages/EmployeeTransfers/View.tsx(97,111): error TS2339: Property 'designation_name' does not exist on type 'Designation'.
packages/dionone/Hrm/src/Resources/js/Pages/EmployeeTransfers/View.tsx(106,60): error TS2339: Property 'branch_name' does not exist on type 'Branch'.
packages/dionone/Hrm/src/Resources/js/Pages/EmployeeTransfers/View.tsx(106,111): error TS2339: Property 'branch_name' does not exist on type 'Branch'.
packages/dionone/Hrm/src/Resources/js/Pages/EmployeeTransfers/View.tsx(135,92): error TS2339: Property 'name' does not exist on type 'number'.
packages/dionone/Hrm/src/Resources/js/Pages/EmployeeTransfers/View.tsx(160,70): error TS2345: Argument of type 'string | undefined' is not assignable to parameter of type 'string'.
  Type 'undefined' is not assignable to type 'string'.
packages/dionone/Hrm/src/Resources/js/Pages/Events/Calendar.tsx(29,32): error TS2344: Type 'CalendarProps' does not satisfy the constraint 'PageProps'.
  Index signature for type 'string' is missing in type 'CalendarProps'.
packages/dionone/Hrm/src/Resources/js/Pages/Events/Calendar.tsx(35,39): error TS2353: Object literal may only specify known properties, and 'href' does not exist in type '{ label: string; url?: string | undefined; }'.
packages/dionone/Hrm/src/Resources/js/Pages/Events/Create.tsx(21,57): error TS2769: No overload matches this call.
  Overload 1 of 2, '(initialValues?: CreateEventFormData | undefined): InertiaFormProps<CreateEventFormData>', gave the following error.
    Object literal may only specify known properties, and 'departments' does not exist in type 'CreateEventFormData'.
  Overload 2 of 2, '(rememberKey: string, initialValues?: CreateEventFormData | undefined): InertiaFormProps<CreateEventFormData>', gave the following error.
    Argument of type '{ title: string; event_type_id: string; start_date: string; end_date: string; start_time: string; end_time: string; location: string; description: string; departments: never[]; color: string; sync_to_google_calendar: boolean; }' is not assignable to parameter of type 'string'.
packages/dionone/Hrm/src/Resources/js/Pages/Events/Create.tsx(98,37): error TS2339: Property 'departments' does not exist on type 'CreateEventFormData'.
packages/dionone/Hrm/src/Resources/js/Pages/Events/Create.tsx(99,59): error TS2345: Argument of type '"departments"' is not assignable to parameter of type 'keyof CreateEventFormData'.
packages/dionone/Hrm/src/Resources/js/Pages/Events/Create.tsx(103,49): error TS2339: Property 'departments' does not exist on type 'Partial<Record<keyof CreateEventFormData, string>>'.
packages/dionone/Hrm/src/Resources/js/Pages/Events/Create.tsx(170,41): error TS2339: Property 'color' does not exist on type 'CreateEventFormData'.
packages/dionone/Hrm/src/Resources/js/Pages/Events/Create.tsx(171,54): error TS2345: Argument of type '"color"' is not assignable to parameter of type 'keyof CreateEventFormData'.
packages/dionone/Hrm/src/Resources/js/Pages/Events/Create.tsx(176,41): error TS2339: Property 'color' does not exist on type 'CreateEventFormData'.
packages/dionone/Hrm/src/Resources/js/Pages/Events/Create.tsx(177,54): error TS2345: Argument of type '"color"' is not assignable to parameter of type 'keyof CreateEventFormData'.
packages/dionone/Hrm/src/Resources/js/Pages/Events/Create.tsx(182,49): error TS2339: Property 'color' does not exist on type 'Partial<Record<keyof CreateEventFormData, string>>'.
packages/dionone/Hrm/src/Resources/js/Pages/Events/Edit.tsx(21,56): error TS2769: No overload matches this call.
  Overload 1 of 2, '(initialValues?: EditEventFormData | undefined): InertiaFormProps<EditEventFormData>', gave the following error.
    Type 'number' is not assignable to type 'string'.
  Overload 2 of 2, '(rememberKey: string, initialValues?: EditEventFormData | undefined): InertiaFormProps<EditEventFormData>', gave the following error.
    Argument of type '{ title: string; event_type_id: number; start_date: string; end_date: string; start_time: string; end_time: string; location: string; description: string; departments: any; color: any; }' is not assignable to parameter of type 'string'.
packages/dionone/Hrm/src/Resources/js/Pages/Events/Edit.tsx(30,28): error TS2339: Property 'departments' does not exist on type 'Event'.
packages/dionone/Hrm/src/Resources/js/Pages/Events/Edit.tsx(31,22): error TS2339: Property 'color' does not exist on type 'Event'.
packages/dionone/Hrm/src/Resources/js/Pages/Events/Edit.tsx(95,37): error TS2339: Property 'departments' does not exist on type 'EditEventFormData'.
packages/dionone/Hrm/src/Resources/js/Pages/Events/Edit.tsx(96,59): error TS2345: Argument of type '"departments"' is not assignable to parameter of type 'keyof EditEventFormData'.
packages/dionone/Hrm/src/Resources/js/Pages/Events/Edit.tsx(100,49): error TS2339: Property 'departments' does not exist on type 'Partial<Record<keyof EditEventFormData, string>>'.
packages/dionone/Hrm/src/Resources/js/Pages/Events/Edit.tsx(168,41): error TS2339: Property 'color' does not exist on type 'EditEventFormData'.
packages/dionone/Hrm/src/Resources/js/Pages/Events/Edit.tsx(169,54): error TS2345: Argument of type '"color"' is not assignable to parameter of type 'keyof EditEventFormData'.
packages/dionone/Hrm/src/Resources/js/Pages/Events/Edit.tsx(174,41): error TS2339: Property 'color' does not exist on type 'EditEventFormData'.
packages/dionone/Hrm/src/Resources/js/Pages/Events/Edit.tsx(175,54): error TS2345: Argument of type '"color"' is not assignable to parameter of type 'keyof EditEventFormData'.
packages/dionone/Hrm/src/Resources/js/Pages/Events/Edit.tsx(180,49): error TS2339: Property 'color' does not exist on type 'Partial<Record<keyof EditEventFormData, string>>'.
packages/dionone/Hrm/src/Resources/js/Pages/Events/Index.tsx(38,9): error TS2353: Object literal may only specify known properties, and 'event_type_id' does not exist in type 'EventFilters | (() => EventFilters)'.
packages/dionone/Hrm/src/Resources/js/Pages/Events/Index.tsx(86,13): error TS2353: Object literal may only specify known properties, and 'event_type_id' does not exist in type 'SetStateAction<EventFilters>'.
packages/dionone/Hrm/src/Resources/js/Pages/Events/Index.tsx(297,84): error TS2339: Property 'event_type_id' does not exist on type 'EventFilters'.
packages/dionone/Hrm/src/Resources/js/Pages/Events/Index.tsx(328,56): error TS2339: Property 'event_type_id' does not exist on type 'EventFilters'.
packages/dionone/Hrm/src/Resources/js/Pages/Events/Index.tsx(328,121): error TS2353: Object literal may only specify known properties, and 'event_type_id' does not exist in type 'SetStateAction<EventFilters>'.
packages/dionone/Hrm/src/Resources/js/Pages/Events/Index.tsx(366,142): error TS2339: Property 'event_type_id' does not exist on type 'EventFilters'.
packages/dionone/Hrm/src/Resources/js/Pages/Events/Index.tsx(439,108): error TS2339: Property 'name' does not exist on type 'number'.
packages/dionone/Hrm/src/Resources/js/Pages/Events/Index.tsx(509,138): error TS2339: Property 'event_type_id' does not exist on type 'EventFilters'.
packages/dionone/Hrm/src/Resources/js/Pages/Events/View.tsx(42,64): error TS2551: Property 'event_type' does not exist on type 'Event'. Did you mean 'eventType'?
packages/dionone/Hrm/src/Resources/js/Pages/Events/View.tsx(93,77): error TS2339: Property 'name' does not exist on type 'number'.
packages/dionone/Hrm/src/Resources/js/Pages/Events/View.tsx(120,36): error TS2339: Property 'departments' does not exist on type 'Event'.
packages/dionone/Hrm/src/Resources/js/Pages/Events/View.tsx(120,57): error TS2339: Property 'departments' does not exist on type 'Event'.
packages/dionone/Hrm/src/Resources/js/Pages/Events/View.tsx(122,44): error TS2339: Property 'departments' does not exist on type 'Event'.
packages/dionone/Hrm/src/Resources/js/Pages/Holidays/Edit.tsx(22,56): error TS2769: No overload matches this call.
  Overload 1 of 2, '(initialValues?: EditHolidayFormData | undefined): InertiaFormProps<EditHolidayFormData>', gave the following error.
    Type 'number' is not assignable to type 'string'.
  Overload 2 of 2, '(rememberKey: string, initialValues?: EditHolidayFormData | undefined): InertiaFormProps<EditHolidayFormData>', gave the following error.
    Argument of type '{ name: string; start_date: string; end_date: string; holiday_type_id: number; description: string; is_paid: boolean; is_sync_google_calendar: boolean; is_sync_outlook_calendar: boolean; }' is not assignable to parameter of type 'string'.
packages/dionone/Hrm/src/Resources/js/Pages/Holidays/View.tsx(41,66): error TS2551: Property 'holiday_type' does not exist on type 'Holiday'. Did you mean 'holiday_type_id'?
packages/dionone/Hrm/src/Resources/js/Pages/HrmDocuments/Create.tsx(19,89): error TS2769: No overload matches this call.
  Overload 1 of 2, '(initialValues?: CreateDocumentFormData | undefined): InertiaFormProps<CreateDocumentFormData>', gave the following error.
    Argument of type '{ title: string; description: string; document_category_id: string; document: string; }' is not assignable to parameter of type 'CreateDocumentFormData'.
      Type '{ title: string; description: string; document_category_id: string; document: string; }' is missing the following properties from type 'CreateDocumentFormData': effective_date, status, uploaded_by, approved_by
  Overload 2 of 2, '(rememberKey: string, initialValues?: CreateDocumentFormData | undefined): InertiaFormProps<CreateDocumentFormData>', gave the following error.
    Argument of type '{ title: string; description: string; document_category_id: string; document: string; }' is not assignable to parameter of type 'string'.
packages/dionone/Hrm/src/Resources/js/Pages/HrmDocuments/Edit.tsx(19,56): error TS2769: No overload matches this call.
  Overload 1 of 2, '(initialValues?: EditDocumentFormData | undefined): InertiaFormProps<EditDocumentFormData>', gave the following error.
    Type 'string | number' is not assignable to type 'string'.
      Type 'number' is not assignable to type 'string'.
  Overload 2 of 2, '(rememberKey: string, initialValues?: EditDocumentFormData | undefined): InertiaFormProps<EditDocumentFormData>', gave the following error.
    Argument of type '{ title: string; description: string; document_category_id: string | number; document: string; }' is not assignable to parameter of type 'string'.
packages/dionone/Hrm/src/Resources/js/Pages/HrmDocuments/Index.tsx(146,32): error TS7053: Element implicitly has an 'any' type because expression of type 'any' can't be used to index type '{ pending: string; approve: string; reject: string; }'.
packages/dionone/Hrm/src/Resources/js/Pages/HrmDocuments/Index.tsx(148,72): error TS7053: Element implicitly has an 'any' type because expression of type 'any' can't be used to index type '{ pending: string; approve: string; reject: string; }'.
packages/dionone/Hrm/src/Resources/js/Pages/HrmDocuments/Index.tsx(196,69): error TS18048: 'docItem.document' is possibly 'undefined'.
packages/dionone/Hrm/src/Resources/js/Pages/HrmDocuments/Index.tsx(433,115): error TS2339: Property 'name' does not exist on type 'number'.
packages/dionone/Hrm/src/Resources/js/Pages/HrmDocuments/Index.tsx(439,111): error TS2339: Property 'name' does not exist on type 'number'.
packages/dionone/Hrm/src/Resources/js/Pages/HrmDocuments/Index.tsx(466,95): error TS2339: Property 'createElement' does not exist on type 'Document'.
packages/dionone/Hrm/src/Resources/js/Pages/HrmDocuments/Index.tsx(468,89): error TS18048: 'document.document' is possibly 'undefined'.
packages/dionone/Hrm/src/Resources/js/Pages/HrmDocuments/View.tsx(68,77): error TS2339: Property 'name' does not exist on type 'number'.
packages/dionone/Hrm/src/Resources/js/Pages/HrmDocuments/View.tsx(73,77): error TS2339: Property 'name' does not exist on type 'number'.
packages/dionone/Hrm/src/Resources/js/Pages/Index.tsx(412,67): error TS2339: Property 'avatar' does not exist on type '{ name: string; leave_type: string; days: number; }'.
packages/dionone/Hrm/src/Resources/js/Pages/Index.tsx(414,92): error TS2339: Property 'avatar' does not exist on type '{ name: string; leave_type: string; days: number; }'.
packages/dionone/Hrm/src/Resources/js/Pages/Index.tsx(464,67): error TS2339: Property 'avatar' does not exist on type '{ name: string; department: string; }'.
packages/dionone/Hrm/src/Resources/js/Pages/Index.tsx(466,92): error TS2339: Property 'avatar' does not exist on type '{ name: string; department: string; }'.
packages/dionone/Hrm/src/Resources/js/Pages/Index.tsx(478,104): error TS2339: Property 'employee_id' does not exist on type '{ name: string; department: string; }'.
packages/dionone/Hrm/src/Resources/js/Pages/Index.tsx(510,33): error TS2322: Type '{ events: { id: number; title: string; startDate: string; endDate: string; time: string; description: string; type: string; color: string; }[]; height: number; }' is not assignable to type 'IntrinsicAttributes & CalendarViewProps'.
  Property 'height' does not exist on type 'IntrinsicAttributes & CalendarViewProps'.
packages/dionone/Hrm/src/Resources/js/Pages/LeaveApplications/Edit.tsx(10,8): error TS2613: Module '"C:/Users/DION-SERVER/Desktop/codecanyon-FOhzjwS6-erpgo-saas-all-in-one-business-erp-with-project-account-hrm-crm-pos/main-file/resources/js/components/ModuleAttachments"' has no default export. Did you mean to use 'import { ModuleAttachments } from "C:/Users/DION-SERVER/Desktop/codecanyon-FOhzjwS6-erpgo-saas-all-in-one-business-erp-with-project-account-hrm-crm-pos/main-file/resources/js/components/ModuleAttachments"' instead?
packages/dionone/Hrm/src/Resources/js/Pages/LeaveApplications/Index.tsx(289,100): error TS2339: Property 'meta' does not exist on type 'PaginatedLeaveApplications'.
packages/dionone/Hrm/src/Resources/js/Pages/LeaveApplications/Index.tsx(510,153): error TS2339: Property 'is_paid' does not exist on type 'LeaveType'.
packages/dionone/Hrm/src/Resources/js/Pages/LeaveApplications/Index.tsx(511,84): error TS2339: Property 'is_paid' does not exist on type 'LeaveType'.
packages/dionone/Hrm/src/Resources/js/Pages/LeaveApplications/View.tsx(49,92): error TS2339: Property 'color' does not exist on type 'LeaveType'.
packages/dionone/Hrm/src/Resources/js/Pages/LeaveApplications/View.tsx(103,92): error TS2339: Property 'name' does not exist on type 'number'.
packages/dionone/Hrm/src/Resources/js/Pages/LeaveBalance/Index.tsx(28,39): error TS2344: Type 'LeaveBalanceIndexProps' does not satisfy the constraint 'PageProps'.
  Index signature for type 'string' is missing in type 'LeaveBalanceIndexProps'.
packages/dionone/Hrm/src/Resources/js/Pages/LeaveBalance/Index.tsx(47,47): error TS2339: Property 'avatar' does not exist on type 'LeaveBalanceData'.
packages/dionone/Hrm/src/Resources/js/Pages/LeaveBalance/Index.tsx(49,72): error TS2339: Property 'avatar' does not exist on type 'LeaveBalanceData'.
packages/dionone/Hrm/src/Resources/js/Pages/LeaveBalance/Index.tsx(50,59): error TS2339: Property 'name' does not exist on type 'LeaveBalanceData'.
packages/dionone/Hrm/src/Resources/js/Pages/LeaveTypes/Edit.tsx(19,56): error TS2769: No overload matches this call.
  Overload 1 of 2, '(initialValues?: EditLeaveTypeFormData | undefined): InertiaFormProps<EditLeaveTypeFormData>', gave the following error.
    Type 'number' is not assignable to type 'string'.
  Overload 2 of 2, '(rememberKey: string, initialValues?: EditLeaveTypeFormData | undefined): InertiaFormProps<EditLeaveTypeFormData>', gave the following error.
    Argument of type '{ name: string; description: string; max_days_per_year: number; is_paid: boolean; color: any; }' is not assignable to parameter of type 'string'.
packages/dionone/Hrm/src/Resources/js/Pages/Payrolls/Edit.tsx(22,85): error TS2769: No overload matches this call.
  Overload 2 of 2, '(rememberKey: string, initialValues?: EditPayrollFormData | undefined): InertiaFormProps<EditPayrollFormData>', gave the following error.
    Argument of type '{ title: string; payroll_frequency: string; pay_period_start: string; pay_period_end: string; pay_date: string; notes: string; total_gross_pay: string | number; total_deductions: string | number; ... 4 more ...; bank_account_id: any; }' is not assignable to parameter of type 'string'.
packages/dionone/Hrm/src/Resources/js/Pages/Payrolls/Edit.tsx(35,34): error TS2339: Property 'bank_account_id' does not exist on type 'Payroll'.
packages/dionone/Hrm/src/Resources/js/Pages/Payrolls/Edit.tsx(152,41): error TS2339: Property 'is_payroll_paid' does not exist on type 'EditPayrollFormData'.
packages/dionone/Hrm/src/Resources/js/Pages/Payrolls/Edit.tsx(152,104): error TS2345: Argument of type '"is_payroll_paid"' is not assignable to parameter of type 'keyof EditPayrollFormData'.
packages/dionone/Hrm/src/Resources/js/Pages/Payrolls/Edit.tsx(161,49): error TS2339: Property 'is_payroll_paid' does not exist on type 'Partial<Record<keyof EditPayrollFormData, string>>'.
packages/dionone/Hrm/src/Resources/js/Pages/Payrolls/payslip/Payslip.tsx(59,38): error TS2344: Type 'PayslipProps' does not satisfy the constraint 'PageProps'.
  Index signature for type 'string' is missing in type 'PayslipProps'.
packages/dionone/Hrm/src/Resources/js/Pages/Payrolls/payslip/Payslip.tsx(134,63): error TS2339: Property 'designation' does not exist on type '{ id: number; name: string; email: string; user: { name: string; email: string; }; }'.
packages/dionone/Hrm/src/Resources/js/Pages/Payrolls/payslip/Payslip.tsx(142,62): error TS2339: Property 'employee_id' does not exist on type '{ id: number; name: string; email: string; user: { name: string; email: string; }; }'.
packages/dionone/Hrm/src/Resources/js/Pages/Payrolls/payslip/Payslip.tsx(150,63): error TS2339: Property 'bank_name' does not exist on type '{ id: number; name: string; email: string; user: { name: string; email: string; }; }'.
packages/dionone/Hrm/src/Resources/js/Pages/Payrolls/payslip/Payslip.tsx(158,63): error TS2339: Property 'account_number' does not exist on type '{ id: number; name: string; email: string; user: { name: string; email: string; }; }'.
packages/dionone/Hrm/src/Resources/js/Pages/Payrolls/payslip/Payslip.tsx(166,63): error TS2339: Property 'ifsc_code' does not exist on type '{ id: number; name: string; email: string; user: { name: string; email: string; }; }'.
packages/dionone/Hrm/src/Resources/js/Pages/Payrolls/Show.tsx(73,39): error TS2344: Type 'ShowProps' does not satisfy the constraint 'PageProps'.
  Index signature for type 'string' is missing in type 'ShowProps'.
packages/dionone/Hrm/src/Resources/js/Pages/Payrolls/Show.tsx(188,83): error TS2339: Property 'status' does not exist on type 'PayrollEntry'.
packages/dionone/Hrm/src/Resources/js/Pages/Payrolls/Show.tsx(224,86): error TS2339: Property 'status' does not exist on type 'PayrollEntry'.
packages/dionone/Hrm/src/Resources/js/Pages/Payrolls/Show.tsx(387,17): error TS2719: Type 'PayrollEntry | null' is not assignable to type 'PayrollEntry | null'. Two different types with this name exist, but they are unrelated.
  Type 'PayrollEntry' is missing the following properties from type 'PayrollEntry': attendance_overtime_rate, half_days, manual_overtime_hours, attendance_overtime_hours, and 4 more.
packages/dionone/Hrm/src/Resources/js/Pages/Payrolls/View.tsx(22,79): error TS2339: Property 'name' does not exist on type 'Payroll'.
packages/dionone/Hrm/src/Resources/js/Pages/Promotions/Create.tsx(22,90): error TS2769: No overload matches this call.
  Overload 1 of 2, '(initialValues?: CreatePromotionFormData | undefined): InertiaFormProps<CreatePromotionFormData>', gave the following error.
    Argument of type '{ employee_id: string; current_branch_id: string; current_department_id: string; current_designation_id: string; effective_date: string; reason: string; document: string; }' is not assignable to parameter of type 'CreatePromotionFormData'.
      Type '{ employee_id: string; current_branch_id: string; current_department_id: string; current_designation_id: string; effective_date: string; reason: string; document: string; }' is missing the following properties from type 'CreatePromotionFormData': previous_branch_id, previous_department_id, previous_designation_id, status, and 2 more.
  Overload 2 of 2, '(rememberKey: string, initialValues?: CreatePromotionFormData | undefined): InertiaFormProps<CreatePromotionFormData>', gave the following error.
    Argument of type '{ employee_id: string; current_branch_id: string; current_department_id: string; current_designation_id: string; effective_date: string; reason: string; document: string; }' is not assignable to parameter of type 'string'.
packages/dionone/Hrm/src/Resources/js/Pages/Promotions/Create.tsx(38,58): error TS7006: Parameter 'dept' implicitly has an 'any' type.
packages/dionone/Hrm/src/Resources/js/Pages/Promotions/Create.tsx(40,71): error TS7006: Parameter 'dept' implicitly has an 'any' type.
packages/dionone/Hrm/src/Resources/js/Pages/Promotions/Create.tsx(53,64): error TS7006: Parameter 'desig' implicitly has an 'any' type.
packages/dionone/Hrm/src/Resources/js/Pages/Promotions/Create.tsx(55,77): error TS7006: Parameter 'desig' implicitly has an 'any' type.
packages/dionone/Hrm/src/Resources/js/Pages/Promotions/Edit.tsx(22,87): error TS2769: No overload matches this call.
  Overload 1 of 2, '(initialValues?: EditPromotionFormData | undefined): InertiaFormProps<EditPromotionFormData>', gave the following error.
    Argument of type '{ employee_id: any; current_branch_id: any; current_department_id: any; current_designation_id: any; effective_date: any; reason: any; document: any; }' is not assignable to parameter of type 'EditPromotionFormData'.
      Type '{ employee_id: any; current_branch_id: any; current_department_id: any; current_designation_id: any; effective_date: any; reason: any; document: any; }' is missing the following properties from type 'EditPromotionFormData': previous_branch_id, previous_department_id, previous_designation_id, status, and 2 more.
  Overload 2 of 2, '(rememberKey: string, initialValues?: EditPromotionFormData | undefined): InertiaFormProps<EditPromotionFormData>', gave the following error.
    Argument of type '{ employee_id: any; current_branch_id: any; current_department_id: any; current_designation_id: any; effective_date: any; reason: any; document: any; }' is not assignable to parameter of type 'string'.
packages/dionone/Hrm/src/Resources/js/Pages/Promotions/Edit.tsx(38,58): error TS7006: Parameter 'dept' implicitly has an 'any' type.
packages/dionone/Hrm/src/Resources/js/Pages/Promotions/Edit.tsx(40,71): error TS7006: Parameter 'dept' implicitly has an 'any' type.
packages/dionone/Hrm/src/Resources/js/Pages/Promotions/Edit.tsx(53,64): error TS7006: Parameter 'desig' implicitly has an 'any' type.
packages/dionone/Hrm/src/Resources/js/Pages/Promotions/Edit.tsx(55,77): error TS7006: Parameter 'desig' implicitly has an 'any' type.
packages/dionone/Hrm/src/Resources/js/Pages/Promotions/Index.tsx(299,53): error TS2339: Property 'map' does not exist on type '{}'.
packages/dionone/Hrm/src/Resources/js/Pages/Promotions/View.tsx(47,78): error TS2339: Property 'employee' does not exist on type 'Promotion'.
packages/dionone/Hrm/src/Resources/js/Pages/Promotions/View.tsx(67,55): error TS2551: Property 'previous_designation' does not exist on type 'Promotion'. Did you mean 'previous_designation_id'?
packages/dionone/Hrm/src/Resources/js/Pages/Promotions/View.tsx(68,55): error TS2551: Property 'previous_department' does not exist on type 'Promotion'. Did you mean 'previous_department_id'?
packages/dionone/Hrm/src/Resources/js/Pages/Promotions/View.tsx(69,55): error TS2551: Property 'previous_branch' does not exist on type 'Promotion'. Did you mean 'previous_branch_id'?
packages/dionone/Hrm/src/Resources/js/Pages/Promotions/View.tsx(89,55): error TS2551: Property 'current_designation' does not exist on type 'Promotion'. Did you mean 'current_designation_id'?
packages/dionone/Hrm/src/Resources/js/Pages/Promotions/View.tsx(90,55): error TS2551: Property 'current_department' does not exist on type 'Promotion'. Did you mean 'current_department_id'?
packages/dionone/Hrm/src/Resources/js/Pages/Promotions/View.tsx(91,55): error TS2551: Property 'current_branch' does not exist on type 'Promotion'. Did you mean 'current_branch_id'?
packages/dionone/Hrm/src/Resources/js/Pages/Promotions/View.tsx(145,32): error TS2551: Property 'approved_by' does not exist on type 'Promotion'. Did you mean 'approved'?
packages/dionone/Hrm/src/Resources/js/Pages/Promotions/View.tsx(148,84): error TS2551: Property 'approved_by' does not exist on type 'Promotion'. Did you mean 'approved'?
packages/dionone/Hrm/src/Resources/js/Pages/Resignations/Index.tsx(308,57): error TS2339: Property 'map' does not exist on type '{}'.
packages/dionone/Hrm/src/Resources/js/Pages/Resignations/types.ts(16,5): error TS2300: Duplicate identifier 'approved_by'.
packages/dionone/Hrm/src/Resources/js/Pages/Resignations/types.ts(17,5): error TS2300: Duplicate identifier 'approved_by'.
packages/dionone/Hrm/src/Resources/js/Pages/Resignations/types.ts(17,5): error TS2717: Subsequent property declarations must have the same type.  Property 'approved_by' must be of type 'any', but here has type '{ id: number; name: string; } | undefined'.
packages/dionone/Hrm/src/Resources/js/Pages/SetSalary/Index.tsx(50,55): error TS2344: Type 'SetSalaryIndexProps' does not satisfy the constraint 'PageProps'.
  Index signature for type 'string' is missing in type 'SetSalaryIndexProps'.
packages/dionone/Hrm/src/Resources/js/Pages/SetSalary/Index.tsx(265,25): error TS2740: Type '{ data: Employee[]; links: any[]; meta: any; }' is missing the following properties from type '{ current_page: number; last_page: number; per_page: number; total: number; from: number; to: number; }': current_page, last_page, per_page, total, and 2 more.
packages/dionone/Hrm/src/Resources/js/Pages/SetSalary/Show.tsx(108,195): error TS2344: Type 'SetSalaryShowProps' does not satisfy the constraint 'PageProps'.
  Index signature for type 'string' is missing in type 'SetSalaryShowProps'.
packages/dionone/Hrm/src/Resources/js/Pages/SetSalary/Show.tsx(404,101): error TS2345: Argument of type 'number[]' is not assignable to parameter of type 'string | number'.
packages/dionone/Hrm/src/Resources/js/Pages/SetSalary/Show.tsx(504,110): error TS2345: Argument of type 'number[]' is not assignable to parameter of type 'string | number'.
packages/dionone/Hrm/src/Resources/js/Pages/SetSalary/Show.tsx(573,83): error TS2345: Argument of type 'string | undefined' is not assignable to parameter of type 'string | Date'.
  Type 'undefined' is not assignable to type 'string | Date'.
packages/dionone/Hrm/src/Resources/js/Pages/SetSalary/Show.tsx(579,83): error TS2345: Argument of type 'string | undefined' is not assignable to parameter of type 'string | Date'.
  Type 'undefined' is not assignable to type 'string | Date'.
packages/dionone/Hrm/src/Resources/js/Pages/SetSalary/Show.tsx(625,105): error TS2345: Argument of type 'number[]' is not assignable to parameter of type 'string | number'.
packages/dionone/Hrm/src/Resources/js/Pages/SetSalary/Show.tsx(752,109): error TS2345: Argument of type 'number[]' is not assignable to parameter of type 'string | number'.
packages/dionone/Hrm/src/Resources/js/Pages/SetSalary/Show.tsx(827,25): error TS2739: Type 'Loan' is missing the following properties from type 'Loan': title, reason
packages/dionone/Hrm/src/Resources/js/Pages/SetSalary/Show.tsx(834,25): error TS2741: Property 'title' is missing in type 'Loan' but required in type 'Loan'.
packages/dionone/Hrm/src/Resources/js/Pages/SetSalary/Show.tsx(849,25): error TS2719: Type 'Overtime' is not assignable to type 'Overtime'. Two different types with this name exist, but they are unrelated.
  Types of property 'start_date' are incompatible.
    Type 'string | undefined' is not assignable to type 'string'.
      Type 'undefined' is not assignable to type 'string'.
packages/dionone/Hrm/src/Resources/js/Pages/Shifts/Create.tsx(19,86): error TS2769: No overload matches this call.
  Overload 1 of 2, '(initialValues?: CreateShiftFormData | undefined): InertiaFormProps<CreateShiftFormData>', gave the following error.
    Argument of type '{ shift_name: string; start_time: string; end_time: string; break_start_time: string; break_end_time: string; is_night_shift: false; }' is not assignable to parameter of type 'CreateShiftFormData'.
      Type '{ shift_name: string; start_time: string; end_time: string; break_start_time: string; break_end_time: string; is_night_shift: false; }' is missing the following properties from type 'CreateShiftFormData': creator_id, created_by
  Overload 2 of 2, '(rememberKey: string, initialValues?: CreateShiftFormData | undefined): InertiaFormProps<CreateShiftFormData>', gave the following error.
    Argument of type '{ shift_name: string; start_time: string; end_time: string; break_start_time: string; break_end_time: string; is_night_shift: boolean; }' is not assignable to parameter of type 'string'.
packages/dionone/Hrm/src/Resources/js/Pages/Shifts/Edit.tsx(19,83): error TS2769: No overload matches this call.
  Overload 1 of 2, '(initialValues?: EditShiftFormData | undefined): InertiaFormProps<EditShiftFormData>', gave the following error.
    Argument of type '{ shift_name: string; start_time: string; end_time: string; break_start_time: string; break_end_time: string; is_night_shift: boolean; }' is not assignable to parameter of type 'EditShiftFormData'.
      Type '{ shift_name: string; start_time: string; end_time: string; break_start_time: string; break_end_time: string; is_night_shift: boolean; }' is missing the following properties from type 'EditShiftFormData': creator_id, created_by
  Overload 2 of 2, '(rememberKey: string, initialValues?: EditShiftFormData | undefined): InertiaFormProps<EditShiftFormData>', gave the following error.
    Argument of type '{ shift_name: string; start_time: string; end_time: string; break_start_time: string; break_end_time: string; is_night_shift: boolean; }' is not assignable to parameter of type 'string'.
packages/dionone/Hrm/src/Resources/js/Pages/SystemSetup/AllowanceTypes/Edit.tsx(12,32): error TS2339: Property 'allowancetype' does not exist on type 'EditAllowanceTypeProps'.
packages/dionone/Hrm/src/Resources/js/Pages/SystemSetup/AllowanceTypes/Index.tsx(136,45): error TS2740: Type 'PaginatedData<AllowanceType>' is missing the following properties from type 'AllowanceType[]': length, pop, push, concat, and 35 more.
packages/dionone/Hrm/src/Resources/js/Pages/SystemSetup/AllowanceTypes/Index.tsx(164,29): error TS2322: Type '{ allowancetype: AllowanceType; onSuccess: () => void; }' is not assignable to type 'IntrinsicAttributes & EditAllowanceTypeProps'.
  Property 'allowancetype' does not exist on type 'IntrinsicAttributes & EditAllowanceTypeProps'.
packages/dionone/Hrm/src/Resources/js/Pages/SystemSetup/AnnouncementCategories/Edit.tsx(11,32): error TS2339: Property 'announcementcategory' does not exist on type 'EditAnnouncementCategoryProps'.
packages/dionone/Hrm/src/Resources/js/Pages/SystemSetup/AnnouncementCategories/Index.tsx(131,45): error TS2740: Type 'PaginatedData<AnnouncementCategory>' is missing the following properties from type 'AnnouncementCategory[]': length, pop, push, concat, and 35 more.
packages/dionone/Hrm/src/Resources/js/Pages/SystemSetup/AnnouncementCategories/Index.tsx(159,29): error TS2322: Type '{ announcementcategory: AnnouncementCategory; onSuccess: () => void; }' is not assignable to type 'IntrinsicAttributes & EditAnnouncementCategoryProps'.
  Property 'announcementcategory' does not exist on type 'IntrinsicAttributes & EditAnnouncementCategoryProps'.
packages/dionone/Hrm/src/Resources/js/Pages/SystemSetup/AwardTypes/Edit.tsx(11,32): error TS2339: Property 'awardtype' does not exist on type 'EditAwardTypeProps'.
packages/dionone/Hrm/src/Resources/js/Pages/SystemSetup/AwardTypes/Index.tsx(136,45): error TS2740: Type 'PaginatedData<AwardType>' is missing the following properties from type 'AwardType[]': length, pop, push, concat, and 35 more.
packages/dionone/Hrm/src/Resources/js/Pages/SystemSetup/AwardTypes/Index.tsx(164,29): error TS2322: Type '{ awardtype: AwardType; onSuccess: () => void; }' is not assignable to type 'IntrinsicAttributes & EditAwardTypeProps'.
  Property 'awardtype' does not exist on type 'IntrinsicAttributes & EditAwardTypeProps'.
packages/dionone/Hrm/src/Resources/js/Pages/SystemSetup/Branches/Edit.tsx(11,32): error TS2339: Property 'branch' does not exist on type 'EditBranchProps'.
packages/dionone/Hrm/src/Resources/js/Pages/SystemSetup/Branches/Index.tsx(131,45): error TS2740: Type 'PaginatedData<Branch>' is missing the following properties from type 'Branch[]': length, pop, push, concat, and 35 more.
packages/dionone/Hrm/src/Resources/js/Pages/SystemSetup/Branches/Index.tsx(159,29): error TS2322: Type '{ branch: Branch; onSuccess: () => void; }' is not assignable to type 'IntrinsicAttributes & EditBranchProps'.
  Property 'branch' does not exist on type 'IntrinsicAttributes & EditBranchProps'.
packages/dionone/Hrm/src/Resources/js/Pages/SystemSetup/ComplaintTypes/Edit.tsx(11,32): error TS2339: Property 'complainttype' does not exist on type 'EditComplaintTypeProps'.
packages/dionone/Hrm/src/Resources/js/Pages/SystemSetup/ComplaintTypes/Index.tsx(131,45): error TS2740: Type 'PaginatedData<ComplaintType>' is missing the following properties from type 'ComplaintType[]': length, pop, push, concat, and 35 more.
packages/dionone/Hrm/src/Resources/js/Pages/SystemSetup/ComplaintTypes/Index.tsx(159,29): error TS2322: Type '{ complainttype: ComplaintType; onSuccess: () => void; }' is not assignable to type 'IntrinsicAttributes & EditComplaintTypeProps'.
  Property 'complainttype' does not exist on type 'IntrinsicAttributes & EditComplaintTypeProps'.
packages/dionone/Hrm/src/Resources/js/Pages/SystemSetup/DeductionTypes/Edit.tsx(12,32): error TS2339: Property 'deductiontype' does not exist on type 'EditDeductionTypeProps'.
packages/dionone/Hrm/src/Resources/js/Pages/SystemSetup/DeductionTypes/Index.tsx(136,45): error TS2740: Type 'PaginatedData<DeductionType>' is missing the following properties from type 'DeductionType[]': length, pop, push, concat, and 35 more.
packages/dionone/Hrm/src/Resources/js/Pages/SystemSetup/DeductionTypes/Index.tsx(164,29): error TS2322: Type '{ deductiontype: DeductionType; onSuccess: () => void; }' is not assignable to type 'IntrinsicAttributes & EditDeductionTypeProps'.
  Property 'deductiontype' does not exist on type 'IntrinsicAttributes & EditDeductionTypeProps'.
packages/dionone/Hrm/src/Resources/js/Pages/SystemSetup/Departments/Edit.tsx(12,32): error TS2339: Property 'department' does not exist on type 'EditDepartmentProps'.
packages/dionone/Hrm/src/Resources/js/Pages/SystemSetup/Departments/Index.tsx(137,45): error TS2740: Type 'PaginatedData<Department>' is missing the following properties from type 'Department[]': length, pop, push, concat, and 35 more.
packages/dionone/Hrm/src/Resources/js/Pages/SystemSetup/Departments/Index.tsx(165,29): error TS2322: Type '{ department: Department; onSuccess: () => void; branches: any[]; }' is not assignable to type 'IntrinsicAttributes & EditDepartmentProps'.
  Property 'department' does not exist on type 'IntrinsicAttributes & EditDepartmentProps'.
packages/dionone/Hrm/src/Resources/js/Pages/SystemSetup/Departments/types.ts(7,14): error TS2304: Cannot find name 'Branch'.
packages/dionone/Hrm/src/Resources/js/Pages/SystemSetup/Designations/Edit.tsx(12,32): error TS2339: Property 'designation' does not exist on type 'EditDesignationProps'.
packages/dionone/Hrm/src/Resources/js/Pages/SystemSetup/Designations/Index.tsx(143,45): error TS2740: Type 'PaginatedData<Designation>' is missing the following properties from type 'Designation[]': length, pop, push, concat, and 35 more.
packages/dionone/Hrm/src/Resources/js/Pages/SystemSetup/Designations/Index.tsx(171,29): error TS2322: Type '{ designation: Designation; onSuccess: () => void; branches: any[]; departments: any[]; }' is not assignable to type 'IntrinsicAttributes & EditDesignationProps'.
  Property 'designation' does not exist on type 'IntrinsicAttributes & EditDesignationProps'.
packages/dionone/Hrm/src/Resources/js/Pages/SystemSetup/Designations/types.ts(7,14): error TS2304: Cannot find name 'Branch'.
packages/dionone/Hrm/src/Resources/js/Pages/SystemSetup/Designations/types.ts(9,18): error TS2304: Cannot find name 'Department'.
packages/dionone/Hrm/src/Resources/js/Pages/SystemSetup/DocumentCategories/Edit.tsx(12,32): error TS2339: Property 'documentcategory' does not exist on type 'EditDocumentCategoryProps'.
packages/dionone/Hrm/src/Resources/js/Pages/SystemSetup/DocumentCategories/Index.tsx(143,45): error TS2740: Type 'PaginatedData<DocumentCategory>' is missing the following properties from type 'DocumentCategory[]': length, pop, push, concat, and 35 more.
packages/dionone/Hrm/src/Resources/js/Pages/SystemSetup/DocumentCategories/Index.tsx(171,29): error TS2322: Type '{ documentcategory: DocumentCategory; onSuccess: () => void; }' is not assignable to type 'IntrinsicAttributes & EditDocumentCategoryProps'.
  Property 'documentcategory' does not exist on type 'IntrinsicAttributes & EditDocumentCategoryProps'.
packages/dionone/Hrm/src/Resources/js/Pages/SystemSetup/EmployeeDocumentTypes/Edit.tsx(13,32): error TS2339: Property 'employeedocumenttype' does not exist on type 'EditEmployeeDocumentTypeProps'.
packages/dionone/Hrm/src/Resources/js/Pages/SystemSetup/EmployeeDocumentTypes/Index.tsx(148,45): error TS2740: Type 'PaginatedData<EmployeeDocumentType>' is missing the following properties from type 'EmployeeDocumentType[]': length, pop, push, concat, and 35 more.
packages/dionone/Hrm/src/Resources/js/Pages/SystemSetup/EmployeeDocumentTypes/Index.tsx(176,29): error TS2322: Type '{ employeedocumenttype: EmployeeDocumentType; onSuccess: () => void; }' is not assignable to type 'IntrinsicAttributes & EditEmployeeDocumentTypeProps'.
  Property 'employeedocumenttype' does not exist on type 'IntrinsicAttributes & EditEmployeeDocumentTypeProps'.
packages/dionone/Hrm/src/Resources/js/Pages/SystemSetup/EventTypes/Edit.tsx(11,32): error TS2339: Property 'eventtype' does not exist on type 'EditEventTypeProps'.
packages/dionone/Hrm/src/Resources/js/Pages/SystemSetup/EventTypes/Index.tsx(131,45): error TS2740: Type 'PaginatedData<EventType>' is missing the following properties from type 'EventType[]': length, pop, push, concat, and 35 more.
packages/dionone/Hrm/src/Resources/js/Pages/SystemSetup/EventTypes/Index.tsx(159,29): error TS2322: Type '{ eventtype: EventType; onSuccess: () => void; }' is not assignable to type 'IntrinsicAttributes & EditEventTypeProps'.
  Property 'eventtype' does not exist on type 'IntrinsicAttributes & EditEventTypeProps'.
packages/dionone/Hrm/src/Resources/js/Pages/SystemSetup/HolidayTypes/Edit.tsx(11,32): error TS2339: Property 'holidaytype' does not exist on type 'EditHolidayTypeProps'.
packages/dionone/Hrm/src/Resources/js/Pages/SystemSetup/HolidayTypes/Index.tsx(131,45): error TS2740: Type 'PaginatedData<HolidayType>' is missing the following properties from type 'HolidayType[]': length, pop, push, concat, and 35 more.
packages/dionone/Hrm/src/Resources/js/Pages/SystemSetup/HolidayTypes/Index.tsx(159,29): error TS2322: Type '{ holidaytype: HolidayType; onSuccess: () => void; }' is not assignable to type 'IntrinsicAttributes & EditHolidayTypeProps'.
  Property 'holidaytype' does not exist on type 'IntrinsicAttributes & EditHolidayTypeProps'.
packages/dionone/Hrm/src/Resources/js/Pages/SystemSetup/IpRestricts/Edit.tsx(11,32): error TS2339: Property 'iprestrict' does not exist on type 'EditIpRestrictProps'.
packages/dionone/Hrm/src/Resources/js/Pages/SystemSetup/IpRestricts/Index.tsx(25,64): error TS2367: This comparison appears to be unintentional because the types 'boolean' and 'string' have no overlap.
packages/dionone/Hrm/src/Resources/js/Pages/SystemSetup/IpRestricts/Index.tsx(160,45): error TS2740: Type 'PaginatedData<IpRestrict>' is missing the following properties from type 'IpRestrict[]': length, pop, push, concat, and 35 more.
packages/dionone/Hrm/src/Resources/js/Pages/SystemSetup/IpRestricts/Index.tsx(188,29): error TS2322: Type '{ iprestrict: IpRestrict; onSuccess: () => void; }' is not assignable to type 'IntrinsicAttributes & EditIpRestrictProps'.
  Property 'iprestrict' does not exist on type 'IntrinsicAttributes & EditIpRestrictProps'.
packages/dionone/Hrm/src/Resources/js/Pages/SystemSetup/LoanTypes/Edit.tsx(12,32): error TS2339: Property 'loantype' does not exist on type 'EditLoanTypeProps'.
packages/dionone/Hrm/src/Resources/js/Pages/SystemSetup/LoanTypes/Index.tsx(136,45): error TS2740: Type 'PaginatedData<LoanType>' is missing the following properties from type 'LoanType[]': length, pop, push, concat, and 35 more.
packages/dionone/Hrm/src/Resources/js/Pages/SystemSetup/LoanTypes/Index.tsx(164,29): error TS2322: Type '{ loantype: LoanType; onSuccess: () => void; }' is not assignable to type 'IntrinsicAttributes & EditLoanTypeProps'.
  Property 'loantype' does not exist on type 'IntrinsicAttributes & EditLoanTypeProps'.
packages/dionone/Hrm/src/Resources/js/Pages/SystemSetup/TerminationTypes/Edit.tsx(11,32): error TS2339: Property 'terminationtype' does not exist on type 'EditTerminationTypeProps'.
packages/dionone/Hrm/src/Resources/js/Pages/SystemSetup/TerminationTypes/Index.tsx(131,45): error TS2740: Type 'PaginatedData<TerminationType>' is missing the following properties from type 'TerminationType[]': length, pop, push, concat, and 35 more.
packages/dionone/Hrm/src/Resources/js/Pages/SystemSetup/TerminationTypes/Index.tsx(159,29): error TS2322: Type '{ terminationtype: TerminationType; onSuccess: () => void; }' is not assignable to type 'IntrinsicAttributes & EditTerminationTypeProps'.
  Property 'terminationtype' does not exist on type 'IntrinsicAttributes & EditTerminationTypeProps'.
packages/dionone/Hrm/src/Resources/js/Pages/SystemSetup/WarningTypes/Edit.tsx(11,32): error TS2339: Property 'warningtype' does not exist on type 'EditWarningTypeProps'.
packages/dionone/Hrm/src/Resources/js/Pages/SystemSetup/WarningTypes/Index.tsx(131,45): error TS2740: Type 'PaginatedData<WarningType>' is missing the following properties from type 'WarningType[]': length, pop, push, concat, and 35 more.
packages/dionone/Hrm/src/Resources/js/Pages/SystemSetup/WarningTypes/Index.tsx(159,29): error TS2322: Type '{ warningtype: WarningType; onSuccess: () => void; }' is not assignable to type 'IntrinsicAttributes & EditWarningTypeProps'.
  Property 'warningtype' does not exist on type 'IntrinsicAttributes & EditWarningTypeProps'.
packages/dionone/Hrm/src/Resources/js/Pages/SystemSetup/WorkingDays/Index.tsx(14,43): error TS2344: Type 'WorkingDaysIndexProps' does not satisfy the constraint 'PageProps'.
  Index signature for type 'string' is missing in type 'WorkingDaysIndexProps'.
packages/dionone/Hrm/src/Resources/js/Pages/Terminations/Index.tsx(175,103): error TS2339: Property 'status' does not exist on type 'Termination'.
packages/dionone/Hrm/src/Resources/js/Pages/Terminations/Index.tsx(391,105): error TS2551: Property 'termination_type' does not exist on type 'Termination'. Did you mean 'terminationType'?
packages/dionone/Hrm/src/Resources/js/Pages/Terminations/Index.tsx(396,73): error TS2339: Property 'status' does not exist on type 'Termination'.
packages/dionone/Hrm/src/Resources/js/Pages/Terminations/Index.tsx(397,73): error TS2339: Property 'status' does not exist on type 'Termination'.
packages/dionone/Hrm/src/Resources/js/Pages/Terminations/Index.tsx(398,73): error TS2339: Property 'status' does not exist on type 'Termination'.
packages/dionone/Hrm/src/Resources/js/Pages/Terminations/Index.tsx(401,76): error TS2339: Property 'status' does not exist on type 'Termination'.
packages/dionone/Hrm/src/Resources/js/Pages/Terminations/Index.tsx(401,122): error TS2339: Property 'status' does not exist on type 'Termination'.
packages/dionone/Hrm/src/Resources/js/Pages/Terminations/Index.tsx(420,105): error TS2339: Property 'approved_by' does not exist on type 'Termination'.
packages/dionone/Hrm/src/Resources/js/Pages/Terminations/Index.tsx(440,131): error TS2339: Property 'status' does not exist on type 'Termination'.
packages/dionone/Hrm/src/Resources/js/Pages/Terminations/TerminationStatusModal.tsx(17,70): error TS2339: Property 'status' does not exist on type 'Termination'.
packages/dionone/Hrm/src/Resources/js/Pages/Terminations/View.tsx(43,70): error TS2551: Property 'termination_type' does not exist on type 'Termination'. Did you mean 'terminationType'?
packages/dionone/Hrm/src/Resources/js/Pages/Terminations/View.tsx(60,70): error TS2339: Property 'approved_by' does not exist on type 'Termination'.
packages/dionone/Hrm/src/Resources/js/Pages/Terminations/View.tsx(79,45): error TS2339: Property 'status' does not exist on type 'Termination'.
packages/dionone/Hrm/src/Resources/js/Pages/Terminations/View.tsx(80,45): error TS2339: Property 'status' does not exist on type 'Termination'.
packages/dionone/Hrm/src/Resources/js/Pages/Terminations/View.tsx(81,45): error TS2339: Property 'status' does not exist on type 'Termination'.
packages/dionone/Hrm/src/Resources/js/Pages/Terminations/View.tsx(84,48): error TS2339: Property 'status' does not exist on type 'Termination'.
packages/dionone/Hrm/src/Resources/js/Pages/Terminations/View.tsx(84,94): error TS2339: Property 'status' does not exist on type 'Termination'.
packages/dionone/Hrm/src/Resources/js/Pages/Warnings/Create.tsx(20,57): error TS2769: No overload matches this call.
  Overload 1 of 2, '(initialValues?: CreateWarningFormData | undefined): InertiaFormProps<CreateWarningFormData>', gave the following error.
    Type 'string' is not assignable to type 'boolean'.
  Overload 2 of 2, '(rememberKey: string, initialValues?: CreateWarningFormData | undefined): InertiaFormProps<CreateWarningFormData>', gave the following error.
    Argument of type '{ subject: string; severity: string; warning_date: string; description: string; document: string; employee_id: string; warning_by: string; warning_type_id: string; }' is not assignable to parameter of type 'string'.
packages/dionone/Hrm/src/Resources/js/Pages/Warnings/Create.tsx(139,29): error TS2322: Type 'true | "Minor"' is not assignable to type 'string | undefined'.
  Type 'boolean' is not assignable to type 'string'.
packages/dionone/Hrm/src/Resources/js/Pages/Warnings/Create.tsx(139,108): error TS2345: Argument of type 'string' is not assignable to parameter of type 'boolean'.
packages/dionone/Hrm/src/Resources/js/Pages/Warnings/Edit.tsx(27,42): error TS2339: Property 'id' does not exist on type 'number'.
packages/dionone/Hrm/src/Resources/js/Pages/Warnings/Edit.tsx(40,114): error TS2339: Property 'id' does not exist on type 'number'.
packages/dionone/Hrm/src/Resources/js/Pages/Warnings/Edit.tsx(141,29): error TS2322: Type 'true | "Minor"' is not assignable to type 'string | undefined'.
  Type 'boolean' is not assignable to type 'string'.
packages/dionone/Hrm/src/Resources/js/Pages/Warnings/Edit.tsx(141,108): error TS2345: Argument of type 'string' is not assignable to parameter of type 'boolean'.
packages/dionone/Hrm/src/Resources/js/Pages/Warnings/Index.tsx(86,39): error TS2322: Type '"view" | "add" | "edit" | "response"' is not assignable to type '"" | "view" | "add" | "edit"'.
  Type '"response"' is not assignable to type '"" | "view" | "add" | "edit"'.
packages/dionone/Hrm/src/Resources/js/Pages/Warnings/Index.tsx(188,88): error TS2339: Property 'status' does not exist on type 'Warning'.
packages/dionone/Hrm/src/Resources/js/Pages/Warnings/Index.tsx(188,121): error TS2339: Property 'status' does not exist on type 'Warning'.
packages/dionone/Hrm/src/Resources/js/Pages/Warnings/Index.tsx(381,113): error TS2339: Property 'name' does not exist on type 'number'.
packages/dionone/Hrm/src/Resources/js/Pages/Warnings/Index.tsx(392,101): error TS2551: Property 'warning_type' does not exist on type 'Warning'. Did you mean 'warningType'?
packages/dionone/Hrm/src/Resources/js/Pages/Warnings/Index.tsx(411,69): error TS2339: Property 'status' does not exist on type 'Warning'.
packages/dionone/Hrm/src/Resources/js/Pages/Warnings/Index.tsx(412,69): error TS2339: Property 'status' does not exist on type 'Warning'.
packages/dionone/Hrm/src/Resources/js/Pages/Warnings/Index.tsx(413,69): error TS2339: Property 'status' does not exist on type 'Warning'.
packages/dionone/Hrm/src/Resources/js/Pages/Warnings/Index.tsx(416,72): error TS2339: Property 'status' does not exist on type 'Warning'.
packages/dionone/Hrm/src/Resources/js/Pages/Warnings/Index.tsx(416,89): error TS2339: Property 'status' does not exist on type 'Warning'.
packages/dionone/Hrm/src/Resources/js/Pages/Warnings/Index.tsx(416,130): error TS2339: Property 'status' does not exist on type 'Warning'.
packages/dionone/Hrm/src/Resources/js/Pages/Warnings/Index.tsx(422,61): error TS2367: This comparison appears to be unintentional because the types 'boolean' and 'string' have no overlap.
packages/dionone/Hrm/src/Resources/js/Pages/Warnings/Index.tsx(423,61): error TS2367: This comparison appears to be unintentional because the types 'boolean' and 'string' have no overlap.
packages/dionone/Hrm/src/Resources/js/Pages/Warnings/Index.tsx(424,61): error TS2367: This comparison appears to be unintentional because the types 'boolean' and 'string' have no overlap.
packages/dionone/Hrm/src/Resources/js/Pages/Warnings/Index.tsx(427,64): error TS2345: Argument of type '[true | "-"]' is not assignable to parameter of type '[key: string | string[], options: TOptionsBase & $Dictionary & { defaultValue: string; }] | [key: string | string[], defaultValue: string, options?: (TOptionsBase & $Dictionary) | undefined] | [key: ...]'.
  Type '[true | "-"]' is not assignable to type '[key: string | TemplateStringsArray | (string | TemplateStringsArray)[], options?: (TOptionsBase & $Dictionary & { ...; }) | undefined]'.
    Type at position 0 in source is not compatible with type at position 0 in target.
      Type 'string | boolean' is not assignable to type 'string | TemplateStringsArray | (string | TemplateStringsArray)[]'.
        Type 'boolean' is not assignable to type 'string | TemplateStringsArray | (string | TemplateStringsArray)[]'.
packages/dionone/Hrm/src/Resources/js/Pages/Warnings/Index.tsx(449,116): error TS2339: Property 'status' does not exist on type 'Warning'.
packages/dionone/Hrm/src/Resources/js/Pages/Warnings/Index.tsx(449,149): error TS2339: Property 'status' does not exist on type 'Warning'.
packages/dionone/Hrm/src/Resources/js/Pages/Warnings/Index.tsx(531,18): error TS2367: This comparison appears to be unintentional because the types '"" | "view" | "add" | "edit"' and '"response"' have no overlap.
packages/dionone/LandingPage/src/Resources/js/menus/superadmin-menu.ts(4,14): error TS2300: Duplicate identifier 'route'.
packages/dionone/LandingPage/src/Resources/js/Pages/components/AddonCard.tsx(99,62): error TS2339: Property 'module' does not exist on type '{ id: number; name: string; description?: string | undefined; image?: string | undefined; monthly_price?: number | undefined; yearly_price?: number | undefined; package_name: string; }'.
packages/dionone/LandingPage/src/Resources/js/Pages/components/AddonCard.tsx(105,73): error TS2339: Property 'module' does not exist on type '{ id: number; name: string; description?: string | undefined; image?: string | undefined; monthly_price?: number | undefined; yearly_price?: number | undefined; package_name: string; }'.
packages/dionone/LandingPage/src/Resources/js/Pages/components/AddonCard.tsx(133,89): error TS2345: Argument of type 'number | undefined' is not assignable to parameter of type 'string | number'.
  Type 'undefined' is not assignable to type 'string | number'.
packages/dionone/LandingPage/src/Resources/js/Pages/components/AddonCard.tsx(137,54): error TS2345: Argument of type 'number | undefined' is not assignable to parameter of type 'string | number'.
  Type 'undefined' is not assignable to type 'string | number'.
packages/dionone/LandingPage/src/Resources/js/Pages/components/AddonCard.tsx(143,72): error TS2345: Argument of type 'number | undefined' is not assignable to parameter of type 'string | number'.
  Type 'undefined' is not assignable to type 'string | number'.
packages/dionone/LandingPage/src/Resources/js/Pages/components/AddonCard.tsx(143,115): error TS2345: Argument of type 'number | undefined' is not assignable to parameter of type 'string | number'.
  Type 'undefined' is not assignable to type 'string | number'.
packages/dionone/LandingPage/src/Resources/js/Pages/components/AddonCard.tsx(174,20): error TS2339: Property 'useDynamicGradient' does not exist on type '{ container: string; imageContainer: string; imageWrapper: string; content: string; title: string; priceContainer: string; priceText: string; priceLabel: string; button: string; fallbackClass: string; } | { ...; } | { ...; } | { ...; } | { ...; }'.
  Property 'useDynamicGradient' does not exist on type '{ container: string; imageContainer: string; imageWrapper: string; content: string; title: string; priceContainer: string; priceText: string; priceLabel: string; button: string; fallbackClass: string; }'.
packages/dionone/LandingPage/src/Resources/js/Pages/components/AddonCard.tsx(186,16): error TS2339: Property 'isHorizontal' does not exist on type '{ container: string; imageContainer: string; imageWrapper: string; content: string; title: string; priceContainer: string; priceText: string; priceLabel: string; button: string; fallbackClass: string; } | { ...; } | { ...; } | { ...; } | { ...; }'.
  Property 'isHorizontal' does not exist on type '{ container: string; imageContainer: string; imageWrapper: string; content: string; title: string; priceContainer: string; priceText: string; priceLabel: string; button: string; fallbackClass: string; }'.
packages/dionone/LandingPage/src/Resources/js/Pages/components/Features.tsx(233,44): error TS7006: Parameter '_' implicitly has an 'any' type.
packages/dionone/LandingPage/src/Resources/js/Pages/components/Features.tsx(233,47): error TS7006: Parameter 'index' implicitly has an 'any' type.
packages/dionone/LandingPage/src/Resources/js/Pages/components/Gallery.tsx(110,37): error TS7006: Parameter '_' implicitly has an 'any' type.
packages/dionone/LandingPage/src/Resources/js/Pages/components/Gallery.tsx(110,40): error TS7006: Parameter 'index' implicitly has an 'any' type.
packages/dionone/LandingPage/src/Resources/js/Pages/components/Gallery.tsx(128,33): error TS7006: Parameter 'image' implicitly has an 'any' type.
packages/dionone/LandingPage/src/Resources/js/Pages/components/Gallery.tsx(128,40): error TS7006: Parameter 'index' implicitly has an 'any' type.
packages/dionone/LandingPage/src/Resources/js/Pages/components/Gallery.tsx(144,37): error TS7006: Parameter 'image' implicitly has an 'any' type.
packages/dionone/LandingPage/src/Resources/js/Pages/components/Gallery.tsx(144,44): error TS7006: Parameter 'index' implicitly has an 'any' type.
packages/dionone/LandingPage/src/Resources/js/Pages/components/Gallery.tsx(175,37): error TS7006: Parameter 'image' implicitly has an 'any' type.
packages/dionone/LandingPage/src/Resources/js/Pages/components/Gallery.tsx(175,44): error TS7006: Parameter 'index' implicitly has an 'any' type.
packages/dionone/LandingPage/src/Resources/js/Pages/components/Gallery.tsx(194,37): error TS7006: Parameter '_' implicitly has an 'any' type.
packages/dionone/LandingPage/src/Resources/js/Pages/components/Gallery.tsx(194,40): error TS7006: Parameter 'index' implicitly has an 'any' type.
packages/dionone/LandingPage/src/Resources/js/Pages/components/Gallery.tsx(218,41): error TS7006: Parameter 'image' implicitly has an 'any' type.
packages/dionone/LandingPage/src/Resources/js/Pages/components/Gallery.tsx(218,48): error TS7006: Parameter 'index' implicitly has an 'any' type.
packages/dionone/LandingPage/src/Resources/js/Pages/components/Gallery.tsx(304,118): error TS7006: Parameter 'image' implicitly has an 'any' type.
packages/dionone/LandingPage/src/Resources/js/Pages/components/Gallery.tsx(304,125): error TS7006: Parameter 'idx' implicitly has an 'any' type.
packages/dionone/LandingPage/src/Resources/js/Pages/components/Header.tsx(81,45): error TS7006: Parameter 'page' implicitly has an 'any' type.
packages/dionone/LandingPage/src/Resources/js/Pages/components/LandingPreview.tsx(215,31): error TS7006: Parameter 'sectionKey' implicitly has an 'any' type.
packages/dionone/LandingPage/src/Resources/js/Pages/components/LandingPreview.tsx(221,38): error TS7006: Parameter 'key' implicitly has an 'any' type.
packages/dionone/LandingPage/src/Resources/js/Pages/components/settings/CTA.tsx(129,33): error TS2322: Type '{ value: any; onChange: (value: string | string[]) => void; accept: string; placeholder: string; }' is not assignable to type 'IntrinsicAttributes & MediaPickerProps'.
  Property 'accept' does not exist on type 'IntrinsicAttributes & MediaPickerProps'.
packages/dionone/LandingPage/src/Resources/js/Pages/components/settings/Order.tsx(32,75): error TS7006: Parameter 'sectionKey' implicitly has an 'any' type.
packages/dionone/LandingPage/src/Resources/js/Pages/components/settings/Order.tsx(32,87): error TS7006: Parameter 'index' implicitly has an 'any' type.
packages/dionone/LandingPage/src/Resources/js/Pages/components/settings/Order.tsx(80,92): error TS7053: Element implicitly has an 'any' type because expression of type 'any' can't be used to index type '{ header: string; hero: string; stats: string; features: string; modules: string; benefits: string; gallery: string; cta: string; footer: string; }'.
packages/dionone/LandingPage/src/Resources/js/Pages/components/Stats.tsx(122,33): error TS7006: Parameter 'stat' implicitly has an 'any' type.
packages/dionone/LandingPage/src/Resources/js/Pages/components/Stats.tsx(122,39): error TS7006: Parameter 'index' implicitly has an 'any' type.
packages/dionone/LandingPage/src/Resources/js/Pages/CustomPages/Create.tsx(129,33): error TS2322: Type '{ content: string; onChange: (value: string) => void; placeholder: string; required: true; }' is not assignable to type 'IntrinsicAttributes & RichTextEditorProps'.
  Property 'required' does not exist on type 'IntrinsicAttributes & RichTextEditorProps'.
packages/dionone/LandingPage/src/Resources/js/Pages/CustomPages/Edit.tsx(129,33): error TS2322: Type '{ content: string; onChange: (value: string) => void; placeholder: string; required: true; }' is not assignable to type 'IntrinsicAttributes & RichTextEditorProps'.
  Property 'required' does not exist on type 'IntrinsicAttributes & RichTextEditorProps'.
packages/dionone/LandingPage/src/Resources/js/Pages/CustomPages/Show.tsx(54,17): error TS2322: Type '{ title: string; description: string; }' is not assignable to type 'IntrinsicAttributes & InertiaHeadProps'.
  Property 'description' does not exist on type 'IntrinsicAttributes & InertiaHeadProps'.
packages/dionone/LandingPage/src/Resources/js/Pages/marketplace/Dedication.tsx(78,25): error TS18048: 'propSubSections.length' is possibly 'undefined'.
packages/dionone/LandingPage/src/Resources/js/Pages/marketplace/Modules.tsx(96,21): error TS18048: 'packages.length' is possibly 'undefined'.
packages/dionone/LandingPage/src/Resources/js/Pages/marketplace/Modules.tsx(97,11): error TS18048: 'packages' is possibly 'undefined'.
packages/dionone/LandingPage/src/Resources/js/Pages/marketplace/Modules.tsx(106,32): error TS2339: Property 'id' does not exist on type '{ name: string; slug: string; description: string; price: string; yearly_price?: string | undefined; image?: string | undefined; }'.
packages/dionone/LandingPage/src/Resources/js/Pages/marketplace/Modules.tsx(107,21): error TS2739: Type '{ name: string; slug: string; description: string; price: string; yearly_price?: string | undefined; image?: string | undefined; }' is missing the following properties from type '{ id: number; name: string; description?: string | undefined; image?: string | undefined; monthly_price?: number | undefined; yearly_price?: number | undefined; package_name: string; }': id, package_name
packages/dionone/LandingPage/src/Resources/js/Pages/marketplace/Modules.tsx(111,73): error TS2339: Property 'package_name' does not exist on type '{ name: string; slug: string; description: string; price: string; yearly_price?: string | undefined; image?: string | undefined; }'.
packages/dionone/LandingPage/src/Resources/js/Pages/marketplace/Modules.tsx(126,36): error TS2339: Property 'id' does not exist on type '{ name: string; slug: string; description: string; price: string; yearly_price?: string | undefined; image?: string | undefined; }'.
packages/dionone/LandingPage/src/Resources/js/Pages/marketplace/Modules.tsx(127,25): error TS2739: Type '{ name: string; slug: string; description: string; price: string; yearly_price?: string | undefined; image?: string | undefined; }' is missing the following properties from type '{ id: number; name: string; description?: string | undefined; image?: string | undefined; monthly_price?: number | undefined; yearly_price?: number | undefined; package_name: string; }': id, package_name
packages/dionone/LandingPage/src/Resources/js/Pages/marketplace/Modules.tsx(131,77): error TS2339: Property 'package_name' does not exist on type '{ name: string; slug: string; description: string; price: string; yearly_price?: string | undefined; image?: string | undefined; }'.
packages/dionone/LandingPage/src/Resources/js/Pages/marketplace/Modules.tsx(147,36): error TS2339: Property 'id' does not exist on type '{ name: string; slug: string; description: string; price: string; yearly_price?: string | undefined; image?: string | undefined; }'.
packages/dionone/LandingPage/src/Resources/js/Pages/marketplace/Modules.tsx(148,25): error TS2739: Type '{ name: string; slug: string; description: string; price: string; yearly_price?: string | undefined; image?: string | undefined; }' is missing the following properties from type '{ id: number; name: string; description?: string | undefined; image?: string | undefined; monthly_price?: number | undefined; yearly_price?: number | undefined; package_name: string; }': id, package_name
packages/dionone/LandingPage/src/Resources/js/Pages/marketplace/Modules.tsx(152,77): error TS2339: Property 'package_name' does not exist on type '{ name: string; slug: string; description: string; price: string; yearly_price?: string | undefined; image?: string | undefined; }'.
packages/dionone/LandingPage/src/Resources/js/Pages/marketplace/Modules.tsx(181,33): error TS2739: Type '{ name: string; slug: string; description: string; price: string; yearly_price?: string | undefined; image?: string | undefined; }' is missing the following properties from type '{ id: number; name: string; description?: string | undefined; image?: string | undefined; monthly_price?: number | undefined; yearly_price?: number | undefined; package_name: string; }': id, package_name
packages/dionone/LandingPage/src/Resources/js/Pages/marketplace/Modules.tsx(185,94): error TS2339: Property 'package_name' does not exist on type '{ name: string; slug: string; description: string; price: string; yearly_price?: string | undefined; image?: string | undefined; }'.
packages/dionone/LandingPage/src/Resources/js/Pages/marketplace/Modules.tsx(245,37): error TS2339: Property 'id' does not exist on type '{ name: string; slug: string; description: string; price: string; yearly_price?: string | undefined; image?: string | undefined; }'.
packages/dionone/LandingPage/src/Resources/js/Pages/marketplace/Modules.tsx(247,29): error TS2739: Type '{ name: string; slug: string; description: string; price: string; yearly_price?: string | undefined; image?: string | undefined; }' is missing the following properties from type '{ id: number; name: string; description?: string | undefined; image?: string | undefined; monthly_price?: number | undefined; yearly_price?: number | undefined; package_name: string; }': id, package_name
packages/dionone/LandingPage/src/Resources/js/Pages/marketplace/Modules.tsx(251,81): error TS2339: Property 'package_name' does not exist on type '{ name: string; slug: string; description: string; price: string; yearly_price?: string | undefined; image?: string | undefined; }'.
packages/dionone/LandingPage/src/Resources/js/Pages/marketplace/Screenshots.tsx(91,15): error TS2345: Argument of type '() => () => HTMLStyleElement' is not assignable to parameter of type 'EffectCallback'.
  Type '() => HTMLStyleElement' is not assignable to type 'void | Destructor'.
    Type '() => HTMLStyleElement' is not assignable to type 'Destructor'.
      Type 'HTMLStyleElement' is not assignable to type 'void | { [UNDEFINED_VOID_ONLY]: never; }'.
packages/dionone/LandingPage/src/Resources/js/Pages/marketplace/Settings.tsx(111,41): error TS2339: Property 'module' does not exist on type 'Module'.
packages/dionone/LandingPage/src/Resources/js/Pages/marketplace/Settings.tsx(113,77): error TS2339: Property 'module' does not exist on type 'Module'.
packages/dionone/LandingPage/src/Resources/js/Pages/marketplace/Settings.tsx(116,58): error TS2339: Property 'module' does not exist on type 'Module'.
packages/dionone/LandingPage/src/Resources/js/Pages/marketplace/Settings.tsx(153,39): error TS2339: Property 'success' does not exist on type '{}'.
packages/dionone/LandingPage/src/Resources/js/Pages/marketplace/Settings.tsx(154,52): error TS2339: Property 'success' does not exist on type '{}'.
packages/dionone/LandingPage/src/Resources/js/Pages/marketplace/Settings.tsx(222,70): error TS2339: Property 'module' does not exist on type 'Module'.
packages/dionone/LandingPage/src/Resources/js/Pages/marketplace/Settings.tsx(225,64): error TS2339: Property 'module' does not exist on type 'Module'.
packages/dionone/LandingPage/src/Resources/js/Pages/marketplace/Settings.tsx(227,100): error TS2339: Property 'module' does not exist on type 'Module'.
packages/dionone/LandingPage/src/Resources/js/Pages/marketplace/Settings.tsx(233,62): error TS2339: Property 'module' does not exist on type 'Module'.
packages/dionone/LandingPage/src/Resources/js/Pages/marketplace/Settings.tsx(294,52): error TS7053: Element implicitly has an 'any' type because expression of type '"content" | "layout" | "setup" | "social" | "engagement"' can't be used to index type '{ setup: { key: string; label: string; }[]; content: { key: string; label: string; }[]; social: { key: string; label: string; }[]; }'.
  Property 'layout' does not exist on type '{ setup: { key: string; label: string; }[]; content: { key: string; label: string; }[]; social: { key: string; label: string; }[]; }'.
packages/dionone/LandingPage/src/Resources/js/Pages/marketplace/Settings.tsx(294,79): error TS7006: Parameter 'section' implicitly has an 'any' type.
packages/dionone/LandingPage/src/Resources/js/Pages/marketplace/Settings.tsx(752,107): error TS7006: Parameter 'sectionKey' implicitly has an 'any' type.
packages/dionone/LandingPage/src/Resources/js/Pages/marketplace/Settings.tsx(752,119): error TS7006: Parameter 'index' implicitly has an 'any' type.
packages/dionone/LandingPage/src/Resources/js/Pages/marketplace/Settings.tsx(799,124): error TS7053: Element implicitly has an 'any' type because expression of type 'any' can't be used to index type '{ header: string; hero: string; modules: string; dedication: string; screenshots: string; why_choose: string; cta: string; footer: string; }'.
packages/dionone/LandingPage/src/Resources/js/Pages/marketplace/WhyChoose.tsx(70,22): error TS18048: 'propBenefits.length' is possibly 'undefined'.
packages/dionone/LandingPage/src/Resources/js/Pages/Settings.tsx(122,39): error TS2339: Property 'success' does not exist on type '{}'.
packages/dionone/LandingPage/src/Resources/js/Pages/Settings.tsx(123,52): error TS2339: Property 'success' does not exist on type '{}'.
packages/dionone/LandingPage/src/Resources/js/Pages/Settings.tsx(233,78): error TS2345: Argument of type 'string' is not assignable to parameter of type '"company_name" | "contact_email" | "contact_phone" | "contact_address" | "config_sections"'.
packages/dionone/Lead/src/Resources/js/menus/company-menu.ts(4,14): error TS2300: Duplicate identifier 'route'.
packages/dionone/Lead/src/Resources/js/Pages/Dashboard/UserDashboard.tsx(176,102): error TS2339: Property 'total_amount' does not exist on type '{ assigned_leads: number; assigned_deals: number; completed_tasks: number; pending_tasks: number; }'.
packages/dionone/Lead/src/Resources/js/Pages/Deals/Create.tsx(18,57): error TS2769: No overload matches this call.
  Overload 1 of 2, '(initialValues?: CreateDealFormData | undefined): InertiaFormProps<CreateDealFormData>', gave the following error.
    Object literal may only specify known properties, and 'clients' does not exist in type 'CreateDealFormData'.
  Overload 2 of 2, '(rememberKey: string, initialValues?: CreateDealFormData | undefined): InertiaFormProps<CreateDealFormData>', gave the following error.
    Argument of type '{ name: string; price: string; phone: string; clients: never[]; }' is not assignable to parameter of type 'string'.
packages/dionone/Lead/src/Resources/js/Pages/Deals/Create.tsx(84,51): error TS2339: Property 'clients' does not exist on type 'CreateDealFormData'.
packages/dionone/Lead/src/Resources/js/Pages/Deals/Create.tsx(84,67): error TS2339: Property 'clients' does not exist on type 'CreateDealFormData'.
packages/dionone/Lead/src/Resources/js/Pages/Deals/Create.tsx(85,59): error TS2345: Argument of type '"clients"' is not assignable to parameter of type 'keyof CreateDealFormData'.
packages/dionone/Lead/src/Resources/js/Pages/Deals/Create.tsx(89,49): error TS2339: Property 'clients' does not exist on type 'Partial<Record<keyof CreateDealFormData, string>>'.
packages/dionone/Lead/src/Resources/js/Pages/Deals/Edit.tsx(49,57): error TS7006: Parameter 'field' implicitly has an 'any' type.
packages/dionone/Lead/src/Resources/js/Pages/Deals/Edit.tsx(49,64): error TS7006: Parameter 'value' implicitly has an 'any' type.
packages/dionone/Lead/src/Resources/js/Pages/Deals/Edit.tsx(57,51): error TS7006: Parameter 'stage' implicitly has an 'any' type.
packages/dionone/Lead/src/Resources/js/Pages/Deals/LabelView.tsx(28,24): error TS2352: Conversion of type 'PageProps & { errors: Errors & ErrorBag; }' to type '{ labels: Label[]; }' may be a mistake because neither type sufficiently overlaps with the other. If this was intentional, convert the expression to 'unknown' first.
  Property 'labels' is missing in type 'PageProps & { errors: Errors & ErrorBag; }' but required in type '{ labels: Label[]; }'.
packages/dionone/Lead/src/Resources/js/Pages/Deals/LabelView.tsx(36,30): error TS7006: Parameter 'id' implicitly has an 'any' type.
packages/dionone/Lead/src/Resources/js/Pages/Deals/Show.tsx(34,101): error TS2344: Type 'DealShowProps' does not satisfy the constraint 'PageProps'.
  Index signature for type 'string' is missing in type 'DealShowProps'.
packages/dionone/Lead/src/Resources/js/Pages/Deals/Show.tsx(64,54): error TS7053: Element implicitly has an 'any' type because expression of type 'string' can't be used to index type '{ general: string; tasks: string; users: string; products: string; sources: string; files: string; calls: string; clients: string; activity: string; }'.
  No index signature with a parameter of type 'string' was found on type '{ general: string; tasks: string; users: string; products: string; sources: string; files: string; calls: string; clients: string; activity: string; }'.
packages/dionone/Lead/src/Resources/js/Pages/Deals/Show.tsx(70,41): error TS7053: Element implicitly has an 'any' type because expression of type 'string' can't be used to index type '{}'.
  No index signature with a parameter of type 'string' was found on type '{}'.
packages/dionone/Lead/src/Resources/js/Pages/Deals/Show.tsx(71,41): error TS7053: Element implicitly has an 'any' type because expression of type 'string' can't be used to index type '{}'.
  No index signature with a parameter of type 'string' was found on type '{}'.
packages/dionone/Lead/src/Resources/js/Pages/Deals/Show.tsx(78,46): error TS7053: Element implicitly has an 'any' type because expression of type 'string' can't be used to index type '{ general: string; tasks: string; users: string; products: string; sources: string; files: string; calls: string; clients: string; activity: string; }'.
  No index signature with a parameter of type 'string' was found on type '{ general: string; tasks: string; users: string; products: string; sources: string; files: string; calls: string; clients: string; activity: string; }'.
packages/dionone/Lead/src/Resources/js/Pages/Deals/Show.tsx(105,138): error TS2322: Type '{ deal: Deal; onRegisterAddHandler: (handler: () => void) => void; onDealUpdate: Dispatch<SetStateAction<Deal>>; }' is not assignable to type 'IntrinsicAttributes & TasksProps'.
  Property 'onDealUpdate' does not exist on type 'IntrinsicAttributes & TasksProps'.
packages/dionone/Lead/src/Resources/js/Pages/Deals/Show.tsx(107,170): error TS2322: Type '{ deal: Deal; availableUsers: any[]; onRegisterAddHandler: (handler: () => void) => void; onDealUpdate: Dispatch<SetStateAction<Deal>>; }' is not assignable to type 'IntrinsicAttributes & UsersProps'.
  Property 'onDealUpdate' does not exist on type 'IntrinsicAttributes & UsersProps'.
packages/dionone/Lead/src/Resources/js/Pages/Deals/Show.tsx(109,182): error TS2322: Type '{ deal: Deal; availableProducts: any[]; onRegisterAddHandler: (handler: () => void) => void; onDealUpdate: Dispatch<SetStateAction<Deal>>; }' is not assignable to type 'IntrinsicAttributes & ProductsProps'.
  Property 'onDealUpdate' does not exist on type 'IntrinsicAttributes & ProductsProps'.
packages/dionone/Lead/src/Resources/js/Pages/Deals/Show.tsx(111,178): error TS2322: Type '{ deal: Deal; availableSources: any[]; onRegisterAddHandler: (handler: () => void) => void; onDealUpdate: Dispatch<SetStateAction<Deal>>; }' is not assignable to type 'IntrinsicAttributes & SourcesProps'.
  Property 'onDealUpdate' does not exist on type 'IntrinsicAttributes & SourcesProps'.
packages/dionone/Lead/src/Resources/js/Pages/Deals/Show.tsx(113,50): error TS2322: Type '{ deal: Deal; onDealUpdate: Dispatch<SetStateAction<Deal>>; }' is not assignable to type 'IntrinsicAttributes & FilesProps'.
  Property 'onDealUpdate' does not exist on type 'IntrinsicAttributes & FilesProps'.
packages/dionone/Lead/src/Resources/js/Pages/Deals/Show.tsx(115,138): error TS2322: Type '{ deal: Deal; onRegisterAddHandler: (handler: () => void) => void; onDealUpdate: Dispatch<SetStateAction<Deal>>; }' is not assignable to type 'IntrinsicAttributes & CallsProps'.
  Property 'onDealUpdate' does not exist on type 'IntrinsicAttributes & CallsProps'.
packages/dionone/Lead/src/Resources/js/Pages/Deals/Show.tsx(117,53): error TS2322: Type '{ deal: Deal; onDealUpdate: Dispatch<SetStateAction<Deal>>; }' is not assignable to type 'IntrinsicAttributes & ActivityProps'.
  Property 'onDealUpdate' does not exist on type 'IntrinsicAttributes & ActivityProps'.
packages/dionone/Lead/src/Resources/js/Pages/Deals/Show.tsx(119,178): error TS2322: Type '{ deal: Deal; availableClients: any[]; onRegisterAddHandler: (handler: () => void) => void; onDealUpdate: Dispatch<SetStateAction<Deal>>; }' is not assignable to type 'IntrinsicAttributes & ClientsProps'.
  Property 'onDealUpdate' does not exist on type 'IntrinsicAttributes & ClientsProps'.
packages/dionone/Lead/src/Resources/js/Pages/Deals/Show.tsx(136,13): error TS2322: Type 'Element' is not assignable to type 'string'.
packages/dionone/Lead/src/Resources/js/Pages/Deals/Show/Activity.tsx(17,23): error TS2339: Property 'activities' does not exist on type 'Deal'.
packages/dionone/Lead/src/Resources/js/Pages/Deals/Show/Activity.tsx(17,42): error TS2339: Property 'activities' does not exist on type 'Deal'.
packages/dionone/Lead/src/Resources/js/Pages/Deals/Show/Activity.tsx(18,26): error TS2339: Property 'activities' does not exist on type 'Deal'.
packages/dionone/Lead/src/Resources/js/Pages/Deals/Show/Calls.tsx(82,13): error TS2322: Type 'number' is not assignable to type 'null'.
packages/dionone/Lead/src/Resources/js/Pages/Deals/Show/Calls.tsx(103,36): error TS2339: Property 'calls' does not exist on type 'Deal'.
packages/dionone/Lead/src/Resources/js/Pages/Deals/Show/Clients.tsx(34,34): error TS2345: Argument of type '{ value: any; label: any; }[]' is not assignable to parameter of type 'SetStateAction<never[]>'.
  Type '{ value: any; label: any; }[]' is not assignable to type 'never[]'.
    Type '{ value: any; label: any; }' is not assignable to type 'never'.
packages/dionone/Lead/src/Resources/js/Pages/Deals/Show/Clients.tsx(61,13): error TS2322: Type 'number' is not assignable to type 'null'.
packages/dionone/Lead/src/Resources/js/Pages/Deals/Show/Clients.tsx(83,36): error TS2339: Property 'client_deals' does not exist on type 'Deal'.
packages/dionone/Lead/src/Resources/js/Pages/Deals/Show/Clients.tsx(83,71): error TS2339: Property 'client_deals' does not exist on type 'Deal'.
packages/dionone/Lead/src/Resources/js/Pages/Deals/Show/Clients.tsx(83,92): error TS2339: Property 'client_deals' does not exist on type 'Deal'.
packages/dionone/Lead/src/Resources/js/Pages/Deals/Show/Clients.tsx(161,33): error TS2322: Type 'Dispatch<SetStateAction<never[]>>' is not assignable to type '(value: string[]) => void'.
  Types of parameters 'value' and 'value' are incompatible.
    Type 'string[]' is not assignable to type 'SetStateAction<never[]>'.
      Type 'string[]' is not assignable to type 'never[]'.
        Type 'string' is not assignable to type 'never'.
packages/dionone/Lead/src/Resources/js/Pages/Deals/Show/Discussions.tsx(41,23): error TS2339: Property 'discussions' does not exist on type 'Deal'.
packages/dionone/Lead/src/Resources/js/Pages/Deals/Show/Discussions.tsx(41,43): error TS2339: Property 'discussions' does not exist on type 'Deal'.
packages/dionone/Lead/src/Resources/js/Pages/Deals/Show/Discussions.tsx(42,26): error TS2339: Property 'discussions' does not exist on type 'Deal'.
packages/dionone/Lead/src/Resources/js/Pages/Deals/Show/Emails.tsx(54,23): error TS2339: Property 'emails' does not exist on type 'Deal'.
packages/dionone/Lead/src/Resources/js/Pages/Deals/Show/Emails.tsx(54,38): error TS2339: Property 'emails' does not exist on type 'Deal'.
packages/dionone/Lead/src/Resources/js/Pages/Deals/Show/Emails.tsx(55,26): error TS2339: Property 'emails' does not exist on type 'Deal'.
packages/dionone/Lead/src/Resources/js/Pages/Deals/Show/Files.tsx(76,19): error TS2339: Property 'files' does not exist on type 'Deal'.
packages/dionone/Lead/src/Resources/js/Pages/Deals/Show/Files.tsx(76,33): error TS2339: Property 'files' does not exist on type 'Deal'.
packages/dionone/Lead/src/Resources/js/Pages/Deals/Show/Files.tsx(78,27): error TS2339: Property 'files' does not exist on type 'Deal'.
packages/dionone/Lead/src/Resources/js/Pages/Deals/Show/Files.tsx(78,38): error TS7006: Parameter 'file' implicitly has an 'any' type.
packages/dionone/Lead/src/Resources/js/Pages/Deals/Show/General.tsx(30,65): error TS7006: Parameter 'field' implicitly has an 'any' type.
packages/dionone/Lead/src/Resources/js/Pages/Deals/Show/General.tsx(30,72): error TS7006: Parameter 'value' implicitly has an 'any' type.
packages/dionone/Lead/src/Resources/js/Pages/Deals/Show/General.tsx(35,69): error TS7006: Parameter 'field' implicitly has an 'any' type.
packages/dionone/Lead/src/Resources/js/Pages/Deals/Show/General.tsx(35,76): error TS7006: Parameter 'value' implicitly has an 'any' type.
packages/dionone/Lead/src/Resources/js/Pages/Deals/Show/General.tsx(191,31): error TS2339: Property 'emails' does not exist on type 'Deal'.
packages/dionone/Lead/src/Resources/js/Pages/Deals/Show/General.tsx(191,46): error TS2339: Property 'emails' does not exist on type 'Deal'.
packages/dionone/Lead/src/Resources/js/Pages/Deals/Show/General.tsx(192,34): error TS2339: Property 'emails' does not exist on type 'Deal'.
packages/dionone/Lead/src/Resources/js/Pages/Deals/Show/General.tsx(253,31): error TS2339: Property 'discussions' does not exist on type 'Deal'.
packages/dionone/Lead/src/Resources/js/Pages/Deals/Show/General.tsx(253,51): error TS2339: Property 'discussions' does not exist on type 'Deal'.
packages/dionone/Lead/src/Resources/js/Pages/Deals/Show/General.tsx(254,34): error TS2339: Property 'discussions' does not exist on type 'Deal'.
packages/dionone/Lead/src/Resources/js/Pages/Deals/Show/Products.tsx(34,35): error TS2345: Argument of type '{ value: any; label: any; }[]' is not assignable to parameter of type 'SetStateAction<never[]>'.
  Type '{ value: any; label: any; }[]' is not assignable to type 'never[]'.
    Type '{ value: any; label: any; }' is not assignable to type 'never'.
packages/dionone/Lead/src/Resources/js/Pages/Deals/Show/Products.tsx(61,13): error TS2322: Type 'string' is not assignable to type 'null'.
packages/dionone/Lead/src/Resources/js/Pages/Deals/Show/Products.tsx(81,17): error TS7053: Element implicitly has an 'any' type because expression of type 'any' can't be used to index type '{}'.
packages/dionone/Lead/src/Resources/js/Pages/Deals/Show/Products.tsx(92,121): error TS2339: Property 'split' does not exist on type 'never'.
packages/dionone/Lead/src/Resources/js/Pages/Deals/Show/Products.tsx(92,153): error TS7006: Parameter 'id' implicitly has an 'any' type.
packages/dionone/Lead/src/Resources/js/Pages/Deals/Show/Products.tsx(92,187): error TS2345: Argument of type '(productId: string, index: number) => { id: string; key: string; name: any; }' is not assignable to parameter of type '(value: unknown, index: number, array: unknown[]) => { id: string; key: string; name: any; }'.
  Types of parameters 'productId' and 'value' are incompatible.
    Type 'unknown' is not assignable to type 'string'.
packages/dionone/Lead/src/Resources/js/Pages/Deals/Show/Products.tsx(92,287): error TS7053: Element implicitly has an 'any' type because expression of type 'string' can't be used to index type '{}'.
  No index signature with a parameter of type 'string' was found on type '{}'.
packages/dionone/Lead/src/Resources/js/Pages/Deals/Show/Products.tsx(148,33): error TS2322: Type 'Dispatch<SetStateAction<never[]>>' is not assignable to type '(value: string[]) => void'.
  Types of parameters 'value' and 'value' are incompatible.
    Type 'string[]' is not assignable to type 'SetStateAction<never[]>'.
      Type 'string[]' is not assignable to type 'never[]'.
        Type 'string' is not assignable to type 'never'.
packages/dionone/Lead/src/Resources/js/Pages/Deals/Show/Sources.tsx(34,34): error TS2345: Argument of type '{ value: any; label: any; }[]' is not assignable to parameter of type 'SetStateAction<never[]>'.
  Type '{ value: any; label: any; }[]' is not assignable to type 'never[]'.
    Type '{ value: any; label: any; }' is not assignable to type 'never'.
packages/dionone/Lead/src/Resources/js/Pages/Deals/Show/Sources.tsx(61,13): error TS2322: Type 'string' is not assignable to type 'null'.
packages/dionone/Lead/src/Resources/js/Pages/Deals/Show/Sources.tsx(81,17): error TS7053: Element implicitly has an 'any' type because expression of type 'any' can't be used to index type '{}'.
packages/dionone/Lead/src/Resources/js/Pages/Deals/Show/Sources.tsx(92,258): error TS7053: Element implicitly has an 'any' type because expression of type 'string' can't be used to index type '{}'.
  No index signature with a parameter of type 'string' was found on type '{}'.
packages/dionone/Lead/src/Resources/js/Pages/Deals/Show/Sources.tsx(148,33): error TS2322: Type 'Dispatch<SetStateAction<never[]>>' is not assignable to type '(value: string[]) => void'.
  Types of parameters 'value' and 'value' are incompatible.
    Type 'string[]' is not assignable to type 'SetStateAction<never[]>'.
      Type 'string[]' is not assignable to type 'never[]'.
        Type 'string' is not assignable to type 'never'.
packages/dionone/Lead/src/Resources/js/Pages/Deals/Show/Tasks.tsx(44,80): error TS7006: Parameter 'field' implicitly has an 'any' type.
packages/dionone/Lead/src/Resources/js/Pages/Deals/Show/Tasks.tsx(44,87): error TS7006: Parameter 'value' implicitly has an 'any' type.
packages/dionone/Lead/src/Resources/js/Pages/Deals/Show/Tasks.tsx(58,33): error TS2345: Argument of type '{ name: string; date: string; time: string; priority: string; status: string; }' is not assignable to parameter of type 'SetStateAction<{ name: string; date: string; time: string; priority: string; status: string; sync_to_google_calendar: boolean; }>'.
  Property 'sync_to_google_calendar' is missing in type '{ name: string; date: string; time: string; priority: string; status: string; }' but required in type '{ name: string; date: string; time: string; priority: string; status: string; sync_to_google_calendar: boolean; }'.
packages/dionone/Lead/src/Resources/js/Pages/Deals/Show/Tasks.tsx(69,33): error TS2345: Argument of type '{ name: string; date: string; time: string; priority: string; status: string; }' is not assignable to parameter of type 'SetStateAction<{ name: string; date: string; time: string; priority: string; status: string; sync_to_google_calendar: boolean; }>'.
  Property 'sync_to_google_calendar' is missing in type '{ name: string; date: string; time: string; priority: string; status: string; }' but required in type '{ name: string; date: string; time: string; priority: string; status: string; sync_to_google_calendar: boolean; }'.
packages/dionone/Lead/src/Resources/js/Pages/Deals/Show/Tasks.tsx(92,25): error TS2345: Argument of type '{ name: any; date: string; time: any; priority: any; status: any; }' is not assignable to parameter of type 'SetStateAction<{ name: string; date: string; time: string; priority: string; status: string; sync_to_google_calendar: boolean; }>'.
  Property 'sync_to_google_calendar' is missing in type '{ name: any; date: string; time: any; priority: any; status: any; }' but required in type '{ name: string; date: string; time: string; priority: string; status: string; sync_to_google_calendar: boolean; }'.
packages/dionone/Lead/src/Resources/js/Pages/Deals/Show/Tasks.tsx(100,25): error TS2345: Argument of type '{ name: string; date: string; time: string; priority: string; status: string; }' is not assignable to parameter of type 'SetStateAction<{ name: string; date: string; time: string; priority: string; status: string; sync_to_google_calendar: boolean; }>'.
  Property 'sync_to_google_calendar' is missing in type '{ name: string; date: string; time: string; priority: string; status: string; }' but required in type '{ name: string; date: string; time: string; priority: string; status: string; sync_to_google_calendar: boolean; }'.
packages/dionone/Lead/src/Resources/js/Pages/Deals/Show/Tasks.tsx(230,33): error TS2345: Argument of type '{ name: string; date: string; time: string; priority: string; status: string; }' is not assignable to parameter of type 'SetStateAction<{ name: string; date: string; time: string; priority: string; status: string; sync_to_google_calendar: boolean; }>'.
  Property 'sync_to_google_calendar' is missing in type '{ name: string; date: string; time: string; priority: string; status: string; }' but required in type '{ name: string; date: string; time: string; priority: string; status: string; sync_to_google_calendar: boolean; }'.
packages/dionone/Lead/src/Resources/js/Pages/Deals/Show/Users.tsx(34,32): error TS2345: Argument of type '{ value: any; label: any; }[]' is not assignable to parameter of type 'SetStateAction<never[]>'.
  Type '{ value: any; label: any; }[]' is not assignable to type 'never[]'.
    Type '{ value: any; label: any; }' is not assignable to type 'never'.
packages/dionone/Lead/src/Resources/js/Pages/Deals/Show/Users.tsx(61,13): error TS2322: Type 'number' is not assignable to type 'null'.
packages/dionone/Lead/src/Resources/js/Pages/Deals/Show/Users.tsx(161,33): error TS2322: Type 'Dispatch<SetStateAction<never[]>>' is not assignable to type '(value: string[]) => void'.
  Types of parameters 'value' and 'value' are incompatible.
    Type 'string[]' is not assignable to type 'SetStateAction<never[]>'.
      Type 'string[]' is not assignable to type 'never[]'.
        Type 'string' is not assignable to type 'never'.
packages/dionone/Lead/src/Resources/js/Pages/Leads/Edit.tsx(16,29): error TS2307: Cannot find module '@/components/media/MediaPicker' or its corresponding type declarations.
packages/dionone/Lead/src/Resources/js/Pages/Leads/Edit.tsx(55,53): error TS7006: Parameter 'field' implicitly has an 'any' type.
packages/dionone/Lead/src/Resources/js/Pages/Leads/Edit.tsx(55,60): error TS7006: Parameter 'value' implicitly has an 'any' type.
packages/dionone/Lead/src/Resources/js/Pages/Leads/LabelView.tsx(28,24): error TS2352: Conversion of type 'PageProps & { errors: Errors & ErrorBag; }' to type '{ labels: Label[]; }' may be a mistake because neither type sufficiently overlaps with the other. If this was intentional, convert the expression to 'unknown' first.
  Property 'labels' is missing in type 'PageProps & { errors: Errors & ErrorBag; }' but required in type '{ labels: Label[]; }'.
packages/dionone/Lead/src/Resources/js/Pages/Leads/Show/Calls.tsx(82,13): error TS2322: Type 'number' is not assignable to type 'null'.
packages/dionone/Lead/src/Resources/js/Pages/Leads/Show/Files.tsx(74,19): error TS2339: Property 'files' does not exist on type 'Lead'.
packages/dionone/Lead/src/Resources/js/Pages/Leads/Show/Files.tsx(74,33): error TS2339: Property 'files' does not exist on type 'Lead'.
packages/dionone/Lead/src/Resources/js/Pages/Leads/Show/Files.tsx(76,27): error TS2339: Property 'files' does not exist on type 'Lead'.
packages/dionone/Lead/src/Resources/js/Pages/Leads/Show/Files.tsx(76,38): error TS7006: Parameter 'file' implicitly has an 'any' type.
packages/dionone/Lead/src/Resources/js/Pages/Leads/Show/General.tsx(28,65): error TS7006: Parameter 'field' implicitly has an 'any' type.
packages/dionone/Lead/src/Resources/js/Pages/Leads/Show/General.tsx(28,72): error TS7006: Parameter 'value' implicitly has an 'any' type.
packages/dionone/Lead/src/Resources/js/Pages/Leads/Show/General.tsx(32,69): error TS7006: Parameter 'field' implicitly has an 'any' type.
packages/dionone/Lead/src/Resources/js/Pages/Leads/Show/General.tsx(32,76): error TS7006: Parameter 'value' implicitly has an 'any' type.
packages/dionone/Lead/src/Resources/js/Pages/Leads/Show/General.tsx(115,80): error TS2339: Property 'pipeline' does not exist on type 'Lead'.
packages/dionone/Lead/src/Resources/js/Pages/Leads/Show/General.tsx(136,19): error TS2339: Property 'description' does not exist on type 'Lead'.
packages/dionone/Lead/src/Resources/js/Pages/Leads/Show/General.tsx(141,65): error TS2339: Property 'description' does not exist on type 'Lead'.
packages/dionone/Lead/src/Resources/js/Pages/Leads/Show/Index.tsx(131,13): error TS2322: Type 'Element' is not assignable to type 'string'.
packages/dionone/Lead/src/Resources/js/Pages/Leads/Show/Products.tsx(65,13): error TS2322: Type 'string' is not assignable to type 'null'.
packages/dionone/Lead/src/Resources/js/Pages/Leads/Show/Products.tsx(88,38): error TS7006: Parameter 'product' implicitly has an 'any' type.
packages/dionone/Lead/src/Resources/js/Pages/Leads/Show/Products.tsx(89,25): error TS7053: Element implicitly has an 'any' type because expression of type 'any' can't be used to index type '{}'.
packages/dionone/Lead/src/Resources/js/Pages/Leads/Show/Products.tsx(104,73): error TS2339: Property 'split' does not exist on type 'string | string[]'.
  Property 'split' does not exist on type 'string[]'.
packages/dionone/Lead/src/Resources/js/Pages/Leads/Show/Products.tsx(104,104): error TS7006: Parameter 'id' implicitly has an 'any' type.
packages/dionone/Lead/src/Resources/js/Pages/Leads/Show/Products.tsx(104,127): error TS2345: Argument of type '(productId: string, index: number) => { id: string; key: string; name: any; }' is not assignable to parameter of type '(value: unknown, index: number, array: unknown[]) => { id: string; key: string; name: any; }'.
  Types of parameters 'productId' and 'value' are incompatible.
    Type 'unknown' is not assignable to type 'string'.
packages/dionone/Lead/src/Resources/js/Pages/Leads/Show/Products.tsx(104,227): error TS7053: Element implicitly has an 'any' type because expression of type 'string' can't be used to index type '{}'.
  No index signature with a parameter of type 'string' was found on type '{}'.
packages/dionone/Lead/src/Resources/js/Pages/Leads/Show/Products.tsx(160,33): error TS2322: Type 'Dispatch<SetStateAction<never[]>>' is not assignable to type '(value: string[]) => void'.
  Types of parameters 'value' and 'value' are incompatible.
    Type 'string[]' is not assignable to type 'SetStateAction<never[]>'.
      Type 'string[]' is not assignable to type 'never[]'.
        Type 'string' is not assignable to type 'never'.
packages/dionone/Lead/src/Resources/js/Pages/Leads/Show/Sources.tsx(65,13): error TS2322: Type 'string' is not assignable to type 'null'.
packages/dionone/Lead/src/Resources/js/Pages/Leads/Show/Sources.tsx(88,37): error TS7006: Parameter 'source' implicitly has an 'any' type.
packages/dionone/Lead/src/Resources/js/Pages/Leads/Show/Sources.tsx(89,25): error TS7053: Element implicitly has an 'any' type because expression of type 'any' can't be used to index type '{}'.
packages/dionone/Lead/src/Resources/js/Pages/Leads/Show/Sources.tsx(104,71): error TS2339: Property 'split' does not exist on type 'string | string[]'.
  Property 'split' does not exist on type 'string[]'.
packages/dionone/Lead/src/Resources/js/Pages/Leads/Show/Sources.tsx(104,102): error TS7006: Parameter 'id' implicitly has an 'any' type.
packages/dionone/Lead/src/Resources/js/Pages/Leads/Show/Sources.tsx(104,125): error TS2345: Argument of type '(sourceId: string, index: number) => { id: string; key: string; name: any; }' is not assignable to parameter of type '(value: unknown, index: number, array: unknown[]) => { id: string; key: string; name: any; }'.
  Types of parameters 'sourceId' and 'value' are incompatible.
    Type 'unknown' is not assignable to type 'string'.
packages/dionone/Lead/src/Resources/js/Pages/Leads/Show/Sources.tsx(104,221): error TS7053: Element implicitly has an 'any' type because expression of type 'string' can't be used to index type '{}'.
  No index signature with a parameter of type 'string' was found on type '{}'.
packages/dionone/Lead/src/Resources/js/Pages/Leads/Show/Sources.tsx(160,33): error TS2322: Type 'Dispatch<SetStateAction<never[]>>' is not assignable to type '(value: string[]) => void'.
  Types of parameters 'value' and 'value' are incompatible.
    Type 'string[]' is not assignable to type 'SetStateAction<never[]>'.
      Type 'string[]' is not assignable to type 'never[]'.
        Type 'string' is not assignable to type 'never'.
packages/dionone/Lead/src/Resources/js/Pages/Leads/Show/Tasks.tsx(43,80): error TS7006: Parameter 'field' implicitly has an 'any' type.
packages/dionone/Lead/src/Resources/js/Pages/Leads/Show/Tasks.tsx(43,87): error TS7006: Parameter 'value' implicitly has an 'any' type.
packages/dionone/Lead/src/Resources/js/Pages/Leads/Show/Tasks.tsx(57,33): error TS2345: Argument of type '{ name: string; date: string; time: string; priority: string; status: string; }' is not assignable to parameter of type 'SetStateAction<{ name: string; date: string; time: string; priority: string; status: string; sync_to_google_calendar: boolean; }>'.
  Property 'sync_to_google_calendar' is missing in type '{ name: string; date: string; time: string; priority: string; status: string; }' but required in type '{ name: string; date: string; time: string; priority: string; status: string; sync_to_google_calendar: boolean; }'.
packages/dionone/Lead/src/Resources/js/Pages/Leads/Show/Tasks.tsx(68,33): error TS2345: Argument of type '{ name: string; date: string; time: string; priority: string; status: string; }' is not assignable to parameter of type 'SetStateAction<{ name: string; date: string; time: string; priority: string; status: string; sync_to_google_calendar: boolean; }>'.
  Property 'sync_to_google_calendar' is missing in type '{ name: string; date: string; time: string; priority: string; status: string; }' but required in type '{ name: string; date: string; time: string; priority: string; status: string; sync_to_google_calendar: boolean; }'.
packages/dionone/Lead/src/Resources/js/Pages/Leads/Show/Tasks.tsx(91,25): error TS2345: Argument of type '{ name: any; date: string; time: any; priority: any; status: any; }' is not assignable to parameter of type 'SetStateAction<{ name: string; date: string; time: string; priority: string; status: string; sync_to_google_calendar: boolean; }>'.
  Property 'sync_to_google_calendar' is missing in type '{ name: any; date: string; time: any; priority: any; status: any; }' but required in type '{ name: string; date: string; time: string; priority: string; status: string; sync_to_google_calendar: boolean; }'.
packages/dionone/Lead/src/Resources/js/Pages/Leads/Show/Tasks.tsx(99,25): error TS2345: Argument of type '{ name: string; date: string; time: string; priority: string; status: string; }' is not assignable to parameter of type 'SetStateAction<{ name: string; date: string; time: string; priority: string; status: string; sync_to_google_calendar: boolean; }>'.
  Property 'sync_to_google_calendar' is missing in type '{ name: string; date: string; time: string; priority: string; status: string; }' but required in type '{ name: string; date: string; time: string; priority: string; status: string; sync_to_google_calendar: boolean; }'.
packages/dionone/Lead/src/Resources/js/Pages/Leads/Show/Tasks.tsx(230,33): error TS2345: Argument of type '{ name: string; date: string; time: string; priority: string; status: string; }' is not assignable to parameter of type 'SetStateAction<{ name: string; date: string; time: string; priority: string; status: string; sync_to_google_calendar: boolean; }>'.
  Property 'sync_to_google_calendar' is missing in type '{ name: string; date: string; time: string; priority: string; status: string; }' but required in type '{ name: string; date: string; time: string; priority: string; status: string; sync_to_google_calendar: boolean; }'.
packages/dionone/Lead/src/Resources/js/Pages/Leads/Show/Users.tsx(65,13): error TS2322: Type 'number' is not assignable to type 'null'.
packages/dionone/Lead/src/Resources/js/Pages/Leads/Show/Users.tsx(164,33): error TS2322: Type 'Dispatch<SetStateAction<never[]>>' is not assignable to type '(value: string[]) => void'.
  Types of parameters 'value' and 'value' are incompatible.
    Type 'string[]' is not assignable to type 'SetStateAction<never[]>'.
      Type 'string[]' is not assignable to type 'never[]'.
        Type 'string' is not assignable to type 'never'.
packages/dionone/Lead/src/Resources/js/Pages/Reports/DealReports.tsx(27,124): error TS2344: Type 'DealReportsProps' does not satisfy the constraint 'PageProps'.
  Index signature for type 'string' is missing in type 'DealReportsProps'.
packages/dionone/Lead/src/Resources/js/Pages/Reports/DealReports.tsx(90,85): error TS18048: 'percent' is possibly 'undefined'.
packages/dionone/Lead/src/Resources/js/Pages/Reports/DealReports.tsx(189,75): error TS2345: Argument of type 'unknown' is not assignable to parameter of type 'SetStateAction<any[]>'.
packages/dionone/Lead/src/Resources/js/Pages/Reports/LeadReports.tsx(26,103): error TS2344: Type 'LeadReportsProps' does not satisfy the constraint 'PageProps'.
  Index signature for type 'string' is missing in type 'LeadReportsProps'.
packages/dionone/Lead/src/Resources/js/Pages/Reports/LeadReports.tsx(86,85): error TS18048: 'percent' is possibly 'undefined'.
packages/dionone/Lead/src/Resources/js/Pages/Reports/LeadReports.tsx(185,75): error TS2345: Argument of type 'unknown' is not assignable to parameter of type 'SetStateAction<any[]>'.
packages/dionone/Lead/src/Resources/js/Pages/SystemSetup/DealStages/Edit.tsx(12,32): error TS2339: Property 'dealstage' does not exist on type 'EditDealStageProps'.
packages/dionone/Lead/src/Resources/js/Pages/SystemSetup/DealStages/Index.tsx(30,20): error TS2339: Property 'some' does not exist on type 'PaginatedDealStages'.
packages/dionone/Lead/src/Resources/js/Pages/SystemSetup/DealStages/Index.tsx(56,39): error TS2339: Property 'filter' does not exist on type 'PaginatedDealStages'.
packages/dionone/Lead/src/Resources/js/Pages/SystemSetup/DealStages/Index.tsx(275,29): error TS2322: Type '{ dealstage: DealStage; onSuccess: () => void; pipelines: any[]; }' is not assignable to type 'IntrinsicAttributes & EditDealStageProps'.
  Property 'dealstage' does not exist on type 'IntrinsicAttributes & EditDealStageProps'.
packages/dionone/Lead/src/Resources/js/Pages/SystemSetup/DealStages/types.ts(8,16): error TS2304: Cannot find name 'Pipeline'.
packages/dionone/Lead/src/Resources/js/Pages/SystemSetup/Labels/Edit.tsx(12,32): error TS2339: Property 'label' does not exist on type 'EditLabelProps'.
packages/dionone/Lead/src/Resources/js/Pages/SystemSetup/Labels/Index.tsx(29,16): error TS2339: Property 'some' does not exist on type 'PaginatedLabels'.
packages/dionone/Lead/src/Resources/js/Pages/SystemSetup/Labels/Index.tsx(55,35): error TS2339: Property 'filter' does not exist on type 'PaginatedLabels'.
packages/dionone/Lead/src/Resources/js/Pages/SystemSetup/Labels/Index.tsx(249,29): error TS2322: Type '{ label: Label; onSuccess: () => void; pipelines: any[]; }' is not assignable to type 'IntrinsicAttributes & EditLabelProps'.
  Property 'label' does not exist on type 'IntrinsicAttributes & EditLabelProps'.
packages/dionone/Lead/src/Resources/js/Pages/SystemSetup/Labels/types.ts(8,16): error TS2304: Cannot find name 'Pipeline'.
packages/dionone/Lead/src/Resources/js/Pages/SystemSetup/LeadStages/Edit.tsx(12,32): error TS2339: Property 'leadstage' does not exist on type 'EditLeadStageProps'.
packages/dionone/Lead/src/Resources/js/Pages/SystemSetup/LeadStages/Index.tsx(30,20): error TS2339: Property 'some' does not exist on type 'PaginatedLeadStages'.
packages/dionone/Lead/src/Resources/js/Pages/SystemSetup/LeadStages/Index.tsx(56,39): error TS2339: Property 'filter' does not exist on type 'PaginatedLeadStages'.
packages/dionone/Lead/src/Resources/js/Pages/SystemSetup/LeadStages/Index.tsx(276,29): error TS2322: Type '{ leadstage: LeadStage; onSuccess: () => void; pipelines: any[]; }' is not assignable to type 'IntrinsicAttributes & EditLeadStageProps'.
  Property 'leadstage' does not exist on type 'IntrinsicAttributes & EditLeadStageProps'.
packages/dionone/Lead/src/Resources/js/Pages/SystemSetup/LeadStages/types.ts(8,16): error TS2304: Cannot find name 'Pipeline'.
packages/dionone/Lead/src/Resources/js/Pages/SystemSetup/Pipelines/Edit.tsx(11,32): error TS2339: Property 'pipeline' does not exist on type 'EditPipelineProps'.
packages/dionone/Lead/src/Resources/js/Pages/SystemSetup/Pipelines/Index.tsx(132,45): error TS2740: Type 'PaginatedData<Pipeline>' is missing the following properties from type 'Pipeline[]': length, pop, push, concat, and 35 more.
packages/dionone/Lead/src/Resources/js/Pages/SystemSetup/Pipelines/Index.tsx(160,29): error TS2322: Type '{ pipeline: Pipeline; onSuccess: () => void; }' is not assignable to type 'IntrinsicAttributes & EditPipelineProps'.
  Property 'pipeline' does not exist on type 'IntrinsicAttributes & EditPipelineProps'.
packages/dionone/Lead/src/Resources/js/Pages/SystemSetup/Sources/Edit.tsx(11,32): error TS2339: Property 'source' does not exist on type 'EditSourceProps'.
packages/dionone/Lead/src/Resources/js/Pages/SystemSetup/Sources/Index.tsx(132,45): error TS2740: Type 'PaginatedData<Source>' is missing the following properties from type 'Source[]': length, pop, push, concat, and 35 more.
packages/dionone/Lead/src/Resources/js/Pages/SystemSetup/Sources/Index.tsx(160,29): error TS2322: Type '{ source: Source; onSuccess: () => void; }' is not assignable to type 'IntrinsicAttributes & EditSourceProps'.
  Property 'source' does not exist on type 'IntrinsicAttributes & EditSourceProps'.
packages/dionone/Performance/src/Resources/js/menus/company-menu.ts(4,14): error TS2300: Duplicate identifier 'route'.
packages/dionone/Performance/src/Resources/js/Pages/EmployeeGoals/Index.tsx(88,59): error TS2344: Type 'Props' does not satisfy the constraint 'PageProps'.
  Index signature for type 'string' is missing in type 'Props'.
packages/dionone/Performance/src/Resources/js/Pages/EmployeeGoals/Index.tsx(602,29): error TS2740: Type '{ data: EmployeeGoal[]; links: any[]; meta: any; }' is missing the following properties from type '{ current_page: number; last_page: number; per_page: number; total: number; from: number; to: number; }': current_page, last_page, per_page, total, and 2 more.
packages/dionone/Performance/src/Resources/js/Pages/EmployeeGoals/Index.tsx(629,29): error TS2739: Type 'EmployeeGoal' is missing the following properties from type 'EmployeeGoal': employee_id, goal_type_id
packages/dionone/Performance/src/Resources/js/Pages/EmployeeGoals/Index.tsx(639,31): error TS2741: Property 'updated_at' is missing in type 'EmployeeGoal' but required in type 'EmployeeGoal'.
packages/dionone/Performance/src/Resources/js/Pages/EmployeeReviews/Conduct.tsx(39,80): error TS2344: Type 'ConductProps' does not satisfy the constraint 'PageProps'.
  Index signature for type 'string' is missing in type 'ConductProps'.
packages/dionone/Performance/src/Resources/js/Pages/EmployeeReviews/Edit.tsx(53,74): error TS2769: No overload matches this call.
  Overload 1 of 2, '(initialValues?: FormData | undefined): InertiaFormProps<FormData>', gave the following error.
    Argument of type '{ user_id: string; reviewer_id: string; review_cycle_id: string; review_date: string; status: string; }' is not assignable to parameter of type 'FormData'.
      Property 'comments' is missing in type '{ user_id: string; reviewer_id: string; review_cycle_id: string; review_date: string; status: string; }' but required in type 'FormData'.
  Overload 2 of 2, '(rememberKey: string, initialValues?: FormData | undefined): InertiaFormProps<FormData>', gave the following error.
    Argument of type '{ user_id: string; reviewer_id: string; review_cycle_id: string; review_date: string; status: string; }' is not assignable to parameter of type 'string'.
packages/dionone/Performance/src/Resources/js/Pages/EmployeeReviews/Index.tsx(58,13): error TS2339: Property 'additionalButtons' does not exist on type 'PageButton[]'.
packages/dionone/Performance/src/Resources/js/Pages/EmployeeReviews/Index.tsx(544,73): error TS2339: Property 'additionalButtons' does not exist on type 'PageButton[]'.
packages/dionone/Performance/src/Resources/js/Pages/EmployeeReviews/Index.tsx(653,29): error TS2739: Type 'EmployeeReview' is missing the following properties from type 'EmployeeReview': user_id, reviewer_id, review_cycle_id, comments
packages/dionone/Performance/src/Resources/js/Pages/EmployeeReviews/Show.tsx(95,105): error TS2339: Property 'id' does not exist on type '{ name: string; }'.
packages/dionone/Performance/src/Resources/js/Pages/EmployeeReviews/Show.tsx(101,109): error TS2339: Property 'id' does not exist on type '{ name: string; }'.
packages/dionone/Performance/src/Resources/js/Pages/EmployeeReviews/Show.tsx(110,123): error TS2339: Property 'id' does not exist on type '{ name: string; }'.
packages/dionone/Performance/src/Resources/js/Pages/Indicators/Index.tsx(76,54): error TS2344: Type 'Props' does not satisfy the constraint 'PageProps'.
  Index signature for type 'string' is missing in type 'Props'.
packages/dionone/Performance/src/Resources/js/Pages/Indicators/Index.tsx(519,29): error TS2740: Type '{ data: PerformanceIndicator[]; links: any[]; meta: any; }' is missing the following properties from type '{ current_page: number; last_page: number; per_page: number; total: number; from: number; to: number; }': current_page, last_page, per_page, total, and 2 more.
packages/dionone/Performance/src/Resources/js/Pages/Indicators/Index.tsx(545,29): error TS2741: Property 'category_id' is missing in type 'PerformanceIndicator' but required in type 'PerformanceIndicator'.
packages/dionone/Performance/src/Resources/js/Pages/Indicators/Index.tsx(554,31): error TS2741: Property 'updated_at' is missing in type 'PerformanceIndicator' but required in type 'PerformanceIndicator'.
packages/dionone/Performance/src/Resources/js/Pages/ReviewCycles/Index.tsx(502,31): error TS2739: Type 'ReviewCycle' is missing the following properties from type 'ReviewCycle': creator, created_by, employee_reviews
packages/dionone/Performance/src/Resources/js/Pages/SystemSetup/GoalTypes/Index.tsx(39,41): error TS2344: Type 'Props' does not satisfy the constraint 'PageProps'.
  Index signature for type 'string' is missing in type 'Props'.
packages/dionone/Performance/src/Resources/js/Pages/SystemSetup/IndicatorCategories/Index.tsx(39,42): error TS2344: Type 'Props' does not satisfy the constraint 'PageProps'.
  Index signature for type 'string' is missing in type 'Props'.
packages/dionone/Pos/src/Resources/js/menus/company-menu.ts(4,14): error TS2300: Duplicate identifier 'route'.
packages/dionone/Pos/src/Resources/js/Pages/Barcode/Index.tsx(35,36): error TS2344: Type 'IndexProps' does not satisfy the constraint 'PageProps'.
  Index signature for type 'string' is missing in type 'IndexProps'.
packages/dionone/Pos/src/Resources/js/Pages/Barcode/Index.tsx(244,53): error TS2322: Type 'Element' is not assignable to type 'string'.
packages/dionone/Pos/src/Resources/js/Pages/Barcode/Print.tsx(13,9): error TS18046: 'products' is of type 'unknown'.
packages/dionone/Pos/src/Resources/js/Pages/Barcode/Print.tsx(13,26): error TS7006: Parameter 'product' implicitly has an 'any' type.
packages/dionone/Pos/src/Resources/js/Pages/Barcode/Print.tsx(14,31): error TS18046: 'copies' is of type 'unknown'.
packages/dionone/Pos/src/Resources/js/Pages/Barcode/Print.tsx(18,17): error TS7053: Element implicitly has an 'any' type because expression of type '`${any}-${number}`' can't be used to index type '{}'.
packages/dionone/Pos/src/Resources/js/Pages/Barcode/Print.tsx(32,38): error TS2345: Argument of type '{ margin: number; filename: string; image: { type: string; quality: number; }; html2canvas: { scale: number; useCORS: boolean; letterRendering: boolean; }; jsPDF: { unit: string; format: string; orientation: string; }; }' is not assignable to parameter of type 'Html2PdfOptions'.
  The types of 'image.type' are incompatible between these types.
    Type 'string' is not assignable to type '"png" | "jpeg" | "webp" | undefined'.
packages/dionone/Pos/src/Resources/js/Pages/Barcode/Print.tsx(32,48): error TS2345: Argument of type 'Element | null' is not assignable to parameter of type 'string | HTMLElement | HTMLCanvasElement | HTMLImageElement'.
  Type 'null' is not assignable to type 'string | HTMLElement | HTMLCanvasElement | HTMLImageElement'.
packages/dionone/Pos/src/Resources/js/Pages/Barcode/Print.tsx(44,18): error TS18046: 'products' is of type 'unknown'.
packages/dionone/Pos/src/Resources/js/Pages/Barcode/Print.tsx(44,31): error TS7006: Parameter 'product' implicitly has an 'any' type.
packages/dionone/Pos/src/Resources/js/Pages/Barcode/Print.tsx(45,27): error TS18046: 'copies' is of type 'unknown'.
packages/dionone/Pos/src/Resources/js/Pages/Barcode/Print.tsx(45,52): error TS2554: Expected 1-3 arguments, but got 0.
packages/dionone/Pos/src/Resources/js/Pages/Barcode/Print.tsx(48,39): error TS7053: Element implicitly has an 'any' type because expression of type '`${any}-${number}`' can't be used to index type '{}'.
packages/dionone/Pos/src/Resources/js/Pages/Dashboard/ClientDashboard.tsx(110,26): error TS2741: Property 'dataKey' is missing in type '{ data: { month: string; spending: number; }[]; height: number; showTooltip: true; showGrid: true; lines: { dataKey: string; color: string; name: string; }[]; xAxisKey: string; showLegend: true; }' but required in type 'LineChartProps'.
packages/dionone/Pos/src/Resources/js/Pages/Dashboard/Index.tsx(151,26): error TS2741: Property 'dataKey' is missing in type '{ data: { date: string; sales: number; }[]; height: number; showTooltip: true; showGrid: true; lines: { dataKey: string; color: string; name: string; }[]; xAxisKey: string; showLegend: true; }' but required in type 'LineChartProps'.
packages/dionone/Pos/src/Resources/js/Pages/Pos/DownloadReceipt.tsx(130,30): error TS2345: Argument of type '{ margin: number; filename: string; image: { type: string; quality: number; }; html2canvas: { scale: number; }; jsPDF: { unit: string; format: number[]; orientation: string; }; }' is not assignable to parameter of type 'Html2PdfOptions'.
  The types of 'image.type' are incompatible between these types.
    Type 'string' is not assignable to type '"png" | "jpeg" | "webp" | undefined'.
packages/dionone/Pos/src/Resources/js/Pages/PosOrder/Index.tsx(57,37): error TS2344: Type 'IndexProps' does not satisfy the constraint 'PageProps'.
  Index signature for type 'string' is missing in type 'IndexProps'.
packages/dionone/Pos/src/Resources/js/Pages/PosOrder/Index.tsx(124,42): error TS2339: Property 'total' does not exist on type 'PosSale'.
packages/dionone/Pos/src/Resources/js/Pages/PosOrder/Index.tsx(312,101): error TS2339: Property 'total' does not exist on type 'PosSale'.
packages/dionone/Pos/src/Resources/js/Pages/PosOrder/Index.tsx(339,25): error TS2740: Type '{ data: PosSale[]; links: any[]; meta: any; }' is missing the following properties from type '{ current_page: number; last_page: number; per_page: number; total: number; from: number; to: number; }': current_page, last_page, per_page, total, and 2 more.
packages/dionone/Pos/src/Resources/js/Pages/PosOrder/Print.tsx(74,38): error TS2345: Argument of type '{ margin: number; filename: string; image: { type: string; quality: number; }; html2canvas: { scale: number; }; jsPDF: { unit: string; format: string; orientation: string; }; }' is not assignable to parameter of type 'Html2PdfOptions'.
  The types of 'image.type' are incompatible between these types.
    Type 'string' is not assignable to type '"png" | "jpeg" | "webp" | undefined'.
packages/dionone/Pos/src/Resources/js/Pages/PosOrder/Print.tsx(74,48): error TS2345: Argument of type 'Element' is not assignable to parameter of type 'string | HTMLElement | HTMLCanvasElement | HTMLImageElement'.
  Type 'Element' is missing the following properties from type 'HTMLImageElement': align, alt, border, complete, and 156 more.
packages/dionone/Pos/src/Resources/js/Pages/PosOrder/Print.tsx(176,42): error TS18048: 'item.tax_amount' is possibly 'undefined'.
packages/dionone/Pos/src/Resources/js/Pages/PosOrder/Print.tsx(177,67): error TS2345: Argument of type 'number | undefined' is not assignable to parameter of type 'string | number'.
  Type 'undefined' is not assignable to type 'string | number'.
packages/dionone/Pos/src/Resources/js/Pages/PosOrder/Print.tsx(180,99): error TS2345: Argument of type 'number | undefined' is not assignable to parameter of type 'string | number'.
  Type 'undefined' is not assignable to type 'string | number'.
packages/dionone/Pos/src/Resources/js/Pages/PosOrder/Print.tsx(228,20): error TS2322: Type '{ children: string; jsx: true; global: true; }' is not assignable to type 'DetailedHTMLProps<StyleHTMLAttributes<HTMLStyleElement>, HTMLStyleElement>'.
  Property 'jsx' does not exist on type 'DetailedHTMLProps<StyleHTMLAttributes<HTMLStyleElement>, HTMLStyleElement>'.
packages/dionone/Pos/src/Resources/js/Pages/PosOrder/Show.tsx(59,30): error TS2344: Type 'ShowProps' does not satisfy the constraint 'PageProps'.
  Index signature for type 'string' is missing in type 'ShowProps'.
packages/dionone/Pos/src/Resources/js/Pages/PosOrder/Show.tsx(104,94): error TS2551: Property 'total_amount' does not exist on type 'PosSale'. Did you mean 'tax_amount'?
packages/dionone/Pos/src/Resources/js/Pages/PosOrder/Show.tsx(244,88): error TS2339: Property 'subtotal' does not exist on type 'PosSale'.
packages/dionone/Pos/src/Resources/js/Pages/PosOrder/Show.tsx(248,102): error TS2339: Property 'discount_amount' does not exist on type 'PosSale'.
packages/dionone/Pos/src/Resources/js/Pages/PosOrder/Show.tsx(257,98): error TS2551: Property 'total_amount' does not exist on type 'PosSale'. Did you mean 'tax_amount'?
packages/dionone/Pos/src/Resources/js/Pages/Reports/Customers.tsx(113,61): error TS2339: Property 'name' does not exist on type '{ customer_id: number | null; total_orders: number; total_spent: number; avg_order_value: number; last_order_date: string; customer?: { name: string; } | undefined; }'.
packages/dionone/Pos/src/Resources/js/Pages/Reports/Customers.tsx(162,59): error TS2339: Property 'customer' does not exist on type 'PieLabelRenderProps'.
packages/dionone/Pos/src/Resources/js/Pages/Reports/Sales.tsx(60,84): error TS2345: Argument of type 'ValueType | undefined' is not assignable to parameter of type 'string | number'.
  Type 'undefined' is not assignable to type 'string | number'.
packages/dionone/Pos/src/Resources/js/Pages/Reports/Sales.tsx(79,84): error TS2345: Argument of type 'ValueType | undefined' is not assignable to parameter of type 'string | number'.
  Type 'undefined' is not assignable to type 'string | number'.
packages/dionone/Pos/src/Resources/js/Pages/Reports/Sales.tsx(98,84): error TS2345: Argument of type 'ValueType | undefined' is not assignable to parameter of type 'string | number'.
  Type 'undefined' is not assignable to type 'string | number'.
packages/dionone/ProductService/src/Resources/js/fields/fields.tsx(34,54): error TS2339: Property 'id' does not exist on type 'never'.
packages/dionone/ProductService/src/Resources/js/fields/fields.tsx(38,44): error TS2339: Property 'taxes' does not exist on type 'never'.
packages/dionone/ProductService/src/Resources/js/fields/fields.tsx(38,55): error TS7006: Parameter 'tax' implicitly has an 'any' type.
packages/dionone/ProductService/src/Resources/js/fields/fields.tsx(41,46): error TS2339: Property 'sale_price' does not exist on type 'never'.
packages/dionone/ProductService/src/Resources/js/fields/fields.tsx(43,52): error TS2339: Property 'description' does not exist on type 'never'.
packages/dionone/ProductService/src/Resources/js/fields/fields.tsx(49,36): error TS2339: Property 'id' does not exist on type 'never'.
packages/dionone/ProductService/src/Resources/js/fields/fields.tsx(66,54): error TS2339: Property 'id' does not exist on type 'never'.
packages/dionone/ProductService/src/Resources/js/fields/fields.tsx(66,73): error TS2339: Property 'id' does not exist on type 'never'.
packages/dionone/ProductService/src/Resources/js/fields/fields.tsx(67,72): error TS2339: Property 'name' does not exist on type 'never'.
packages/dionone/ProductService/src/Resources/js/fields/fields.tsx(67,104): error TS2339: Property 'sale_price' does not exist on type 'never'.
packages/dionone/ProductService/src/Resources/js/fields/fields.tsx(73,35): error TS2339: Property 'taxes' does not exist on type 'never'.
packages/dionone/ProductService/src/Resources/js/fields/fields.tsx(75,26): error TS18049: 'selectedProduct' is possibly 'null' or 'undefined'.
packages/dionone/ProductService/src/Resources/js/fields/fields.tsx(75,53): error TS7006: Parameter 'tax' implicitly has an 'any' type.
packages/dionone/ProductService/src/Resources/js/fields/fields.tsx(75,58): error TS7006: Parameter 'index' implicitly has an 'any' type.
packages/dionone/ProductService/src/Resources/js/menus/company-menu.ts(4,14): error TS2300: Duplicate identifier 'route'.
packages/dionone/ProductService/src/Resources/js/Pages/Items/Create.tsx(26,57): error TS2769: No overload matches this call.
  Overload 1 of 2, '(initialValues?: ItemFormData | undefined): InertiaFormProps<ItemFormData>', gave the following error.
    Object literal may only specify known properties, but 'images' does not exist in type 'ItemFormData'. Did you mean to write 'image'?
  Overload 2 of 2, '(rememberKey: string, initialValues?: ItemFormData | undefined): InertiaFormProps<ItemFormData>', gave the following error.
    Argument of type '{ name: string; sku: string; tax_ids: never[]; category_id: string; description: string; long_description: string; sale_price: string; purchase_price: string; unit: string; quantity: string; image: string; ... 7 more ...; warranty_terms: string; }' is not assignable to parameter of type 'string'.
packages/dionone/ProductService/src/Resources/js/Pages/Items/Create.tsx(60,16): error TS18048: 'data.sku' is possibly 'undefined'.
packages/dionone/ProductService/src/Resources/js/Pages/Items/Create.tsx(61,16): error TS18048: 'data.tax_ids' is possibly 'undefined'.
packages/dionone/ProductService/src/Resources/js/Pages/Items/Create.tsx(66,32): error TS18048: 'data.sale_price' is possibly 'undefined'.
packages/dionone/ProductService/src/Resources/js/Pages/Items/Create.tsx(67,16): error TS18048: 'data.purchase_price' is possibly 'undefined'.
packages/dionone/ProductService/src/Resources/js/Pages/Items/Create.tsx(74,34): error TS18048: 'data.quantity' is possibly 'undefined'.
packages/dionone/ProductService/src/Resources/js/Pages/Items/Create.tsx(102,13): error TS2353: Object literal may only specify known properties, and 'transform' does not exist in type 'Partial<Visit & { onCancelToken: ({ cancel }: { cancel: VoidFunction; }) => void; onBefore: GlobalEventCallback<"before">; onStart: GlobalEventCallback<"start">; ... 4 more ...; onError: GlobalEventCallback<...>; }>'.
packages/dionone/ProductService/src/Resources/js/Pages/Items/Create.tsx(102,25): error TS7006: Parameter 'data' implicitly has an 'any' type.
packages/dionone/ProductService/src/Resources/js/Pages/Items/Create.tsx(120,17): error TS2322: Type 'Element' is not assignable to type 'string'.
packages/dionone/ProductService/src/Resources/js/Pages/Items/Create.tsx(195,49): error TS2322: Type 'string[] | undefined' is not assignable to type 'string[]'.
  Type 'undefined' is not assignable to type 'string[]'.
packages/dionone/ProductService/src/Resources/js/Pages/Items/Create.tsx(357,87): error TS2345: Argument of type 'string | string[]' is not assignable to parameter of type 'string | undefined'.
  Type 'string[]' is not assignable to type 'string'.
packages/dionone/ProductService/src/Resources/js/Pages/Items/Create.tsx(366,61): error TS2551: Property 'images' does not exist on type 'ItemFormData'. Did you mean 'image'?
packages/dionone/ProductService/src/Resources/js/Pages/Items/Create.tsx(367,78): error TS2345: Argument of type '"images"' is not assignable to parameter of type 'keyof ItemFormData'.
packages/dionone/ProductService/src/Resources/js/Pages/Items/Create.tsx(372,73): error TS2551: Property 'images' does not exist on type 'Partial<Record<keyof ItemFormData, string>>'. Did you mean 'image'?
packages/dionone/ProductService/src/Resources/js/Pages/Items/Edit.tsx(27,56): error TS2769: No overload matches this call.
  Overload 1 of 2, '(initialValues?: ItemFormData | undefined): InertiaFormProps<ItemFormData>', gave the following error.
    Object literal may only specify known properties, but 'images' does not exist in type 'ItemFormData'. Did you mean to write 'image'?
  Overload 2 of 2, '(rememberKey: string, initialValues?: ItemFormData | undefined): InertiaFormProps<ItemFormData>', gave the following error.
    Argument of type '{ images: any; id: number; name: string; sku?: string; tax_id?: number; category_id?: number; description?: string; long_description?: string; is_active: boolean; created_at: string; sale_price?: number; ... 5 more ...; image?: string; }' is not assignable to parameter of type 'string'.
packages/dionone/ProductService/src/Resources/js/Pages/Items/Edit.tsx(29,22): error TS2551: Property 'images' does not exist on type 'Item'. Did you mean 'image'?
packages/dionone/ProductService/src/Resources/js/Pages/Items/Edit.tsx(29,44): error TS2551: Property 'images' does not exist on type 'Item'. Did you mean 'image'?
packages/dionone/ProductService/src/Resources/js/Pages/Items/Edit.tsx(29,82): error TS2551: Property 'images' does not exist on type 'Item'. Did you mean 'image'?
packages/dionone/ProductService/src/Resources/js/Pages/Items/Edit.tsx(29,97): error TS2551: Property 'images' does not exist on type 'Item'. Did you mean 'image'?
packages/dionone/ProductService/src/Resources/js/Pages/Items/Edit.tsx(45,13): error TS18048: 'data.sku' is possibly 'undefined'.
packages/dionone/ProductService/src/Resources/js/Pages/Items/Edit.tsx(46,13): error TS18048: 'data.tax_ids' is possibly 'undefined'.
packages/dionone/ProductService/src/Resources/js/Pages/Items/Edit.tsx(51,16): error TS18048: 'data.sale_price' is possibly 'undefined'.
packages/dionone/ProductService/src/Resources/js/Pages/Items/Edit.tsx(52,13): error TS18048: 'data.purchase_price' is possibly 'undefined'.
packages/dionone/ProductService/src/Resources/js/Pages/Items/Edit.tsx(79,13): error TS2353: Object literal may only specify known properties, and 'transform' does not exist in type 'Partial<Visit & { onCancelToken: ({ cancel }: { cancel: VoidFunction; }) => void; onBefore: GlobalEventCallback<"before">; onStart: GlobalEventCallback<"start">; ... 4 more ...; onError: GlobalEventCallback<...>; }>'.
packages/dionone/ProductService/src/Resources/js/Pages/Items/Edit.tsx(79,25): error TS7006: Parameter 'data' implicitly has an 'any' type.
packages/dionone/ProductService/src/Resources/js/Pages/Items/Edit.tsx(99,17): error TS2322: Type 'Element' is not assignable to type 'string'.
packages/dionone/ProductService/src/Resources/js/Pages/Items/Edit.tsx(312,87): error TS2345: Argument of type 'string | string[]' is not assignable to parameter of type 'string | undefined'.
  Type 'string[]' is not assignable to type 'string'.
packages/dionone/ProductService/src/Resources/js/Pages/Items/Edit.tsx(321,61): error TS2551: Property 'images' does not exist on type 'ItemFormData'. Did you mean 'image'?
packages/dionone/ProductService/src/Resources/js/Pages/Items/Edit.tsx(322,78): error TS2345: Argument of type '"images"' is not assignable to parameter of type 'keyof ItemFormData'.
packages/dionone/ProductService/src/Resources/js/Pages/Items/Edit.tsx(327,73): error TS2551: Property 'images' does not exist on type 'Partial<Record<keyof ItemFormData, string>>'. Did you mean 'image'?
packages/dionone/ProductService/src/Resources/js/Pages/Items/Index.tsx(399,101): error TS2345: Argument of type 'string | undefined' is not assignable to parameter of type 'string'.
  Type 'undefined' is not assignable to type 'string'.
packages/dionone/ProductService/src/Resources/js/Pages/Items/Index.tsx(442,112): error TS2339: Property 'total_quantity' does not exist on type 'Item'.
packages/dionone/ProductService/src/Resources/js/Pages/Items/Index.tsx(460,60): error TS2345: Argument of type '[string | undefined]' is not assignable to parameter of type '[key: string | string[], options: TOptionsBase & $Dictionary & { defaultValue: string; }] | [key: string | string[], defaultValue: string, options?: (TOptionsBase & $Dictionary) | undefined] | [key: ...]'.
  Type '[string | undefined]' is not assignable to type '[key: string | TemplateStringsArray | (string | TemplateStringsArray)[], options?: (TOptionsBase & $Dictionary & { ...; }) | undefined]'.
    Type at position 0 in source is not compatible with type at position 0 in target.
      Type 'string | undefined' is not assignable to type 'string | TemplateStringsArray | (string | TemplateStringsArray)[]'.
        Type 'undefined' is not assignable to type 'string | TemplateStringsArray | (string | TemplateStringsArray)[]'.
packages/dionone/ProductService/src/Resources/js/Pages/Items/Show.tsx(49,30): error TS2344: Type 'ShowItemPageProps' does not satisfy the constraint 'PageProps'.
  Index signature for type 'string' is missing in type 'ShowItemPageProps'.
packages/dionone/ProductService/src/Resources/js/Pages/Items/Show.tsx(51,33): error TS2345: Argument of type 'string | undefined' is not assignable to parameter of type 'string'.
  Type 'undefined' is not assignable to type 'string'.
packages/dionone/ProductService/src/Resources/js/Pages/Items/Show.tsx(121,107): error TS2345: Argument of type 'number | undefined' is not assignable to parameter of type 'number'.
  Type 'undefined' is not assignable to type 'number'.
packages/dionone/ProductService/src/Resources/js/Pages/Items/Show.tsx(200,77): error TS7006: Parameter 'img' implicitly has an 'any' type.
packages/dionone/ProductService/src/Resources/js/Pages/Stock/Index.tsx(55,50): error TS2344: Type 'StockIndexProps' does not satisfy the constraint 'PageProps'.
  Index signature for type 'string' is missing in type 'StockIndexProps'.
packages/dionone/ProductService/src/Resources/js/Pages/Stock/Index.tsx(151,96): error TS2353: Object literal may only specify known properties, and 'onClick' does not exist in type '{ label: string; url?: string | undefined; }'.
packages/dionone/ProductService/src/Resources/js/Pages/SystemSetup/Categories/Edit.tsx(11,32): error TS2339: Property 'category' does not exist on type 'EditItemCategoryProps'.
packages/dionone/ProductService/src/Resources/js/Pages/SystemSetup/Categories/Index.tsx(143,45): error TS2740: Type 'PaginatedData<ItemCategory>' is missing the following properties from type 'ItemCategory[]': length, pop, push, concat, and 35 more.
packages/dionone/ProductService/src/Resources/js/Pages/SystemSetup/Categories/Index.tsx(171,29): error TS2322: Type '{ category: ItemCategory; onSuccess: () => void; }' is not assignable to type 'IntrinsicAttributes & EditItemCategoryProps'.
  Property 'category' does not exist on type 'IntrinsicAttributes & EditItemCategoryProps'.
packages/dionone/ProductService/src/Resources/js/Pages/SystemSetup/Taxes/Index.tsx(22,37): error TS2344: Type 'TaxesIndexProps' does not satisfy the constraint 'PageProps'.
  Index signature for type 'string' is missing in type 'TaxesIndexProps'.
packages/dionone/ProductService/src/Resources/js/Pages/SystemSetup/Units/Index.tsx(22,37): error TS2344: Type 'UnitsIndexProps' does not satisfy the constraint 'PageProps'.
  Index signature for type 'string' is missing in type 'UnitsIndexProps'.
packages/dionone/Quotation/src/Resources/js/menus/company-menu.ts(4,14): error TS2300: Duplicate identifier 'route'.
packages/dionone/Quotation/src/Resources/js/Pages/Quotations/Index.tsx(66,43): error TS2322: Type 'number' is not assignable to type 'null'.
packages/dionone/Quotation/src/Resources/js/Pages/Quotations/Index.tsx(83,41): error TS2322: Type 'number' is not assignable to type 'null'.
packages/dionone/Recruitment/src/Resources/js/menus/company-menu.ts(4,14): error TS2300: Duplicate identifier 'route'.
packages/dionone/Recruitment/src/Resources/js/Pages/CandidateAssessments/Create.tsx(17,57): error TS2769: No overload matches this call.
  Overload 1 of 2, '(initialValues?: CreateCandidateAssessmentFormData | undefined): InertiaFormProps<CreateCandidateAssessmentFormData>', gave the following error.
    Type 'string' is not assignable to type 'boolean'.
  Overload 2 of 2, '(rememberKey: string, initialValues?: CreateCandidateAssessmentFormData | undefined): InertiaFormProps<CreateCandidateAssessmentFormData>', gave the following error.
    Argument of type '{ assessment_name: string; score: string; max_score: string; pass_fail_status: string; comments: string; assessment_date: string; candidate_id: string; conducted_by: string; }' is not assignable to parameter of type 'string'.
packages/dionone/Recruitment/src/Resources/js/Pages/CandidateAssessments/Create.tsx(117,132): error TS2345: Argument of type 'string' is not assignable to parameter of type 'boolean'.
packages/dionone/Recruitment/src/Resources/js/Pages/CandidateAssessments/Edit.tsx(18,97): error TS2769: No overload matches this call.
  Overload 2 of 2, '(rememberKey: string, initialValues?: EditCandidateAssessmentFormData | undefined): InertiaFormProps<EditCandidateAssessmentFormData>', gave the following error.
    Argument of type '{ assessment_name: any; score: number; max_score: number; pass_fail_status: string; comments: string; assessment_date: any; candidate_id: string; conducted_by: any; }' is not assignable to parameter of type 'string'.
packages/dionone/Recruitment/src/Resources/js/Pages/CandidateAssessments/Edit.tsx(26,57): error TS2339: Property 'id' does not exist on type 'number'.
packages/dionone/Recruitment/src/Resources/js/Pages/CandidateAssessments/Edit.tsx(118,132): error TS2345: Argument of type 'string' is not assignable to parameter of type 'boolean'.
packages/dionone/Recruitment/src/Resources/js/Pages/CandidateAssessments/Index.tsx(306,37): error TS2322: Type 'string' is not assignable to type 'Date'.
packages/dionone/Recruitment/src/Resources/js/Pages/CandidateAssessments/Index.tsx(367,90): error TS2339: Property 'first_name' does not exist on type 'Candidate'.
packages/dionone/Recruitment/src/Resources/js/Pages/CandidateAssessments/Index.tsx(368,89): error TS2339: Property 'last_name' does not exist on type 'Candidate'.
packages/dionone/Recruitment/src/Resources/js/Pages/CandidateAssessments/Index.tsx(372,83): error TS2538: Type 'boolean' cannot be used as an index type.
packages/dionone/Recruitment/src/Resources/js/Pages/CandidateAssessments/Index.tsx(372,155): error TS2538: Type 'boolean' cannot be used as an index type.
packages/dionone/Recruitment/src/Resources/js/Pages/CandidateAssessments/Index.tsx(388,119): error TS2339: Property 'name' does not exist on type 'number'.
packages/dionone/Recruitment/src/Resources/js/Pages/CandidateAssessments/View.tsx(17,54): error TS2339: Property 'first_name' does not exist on type 'Candidate'.
packages/dionone/Recruitment/src/Resources/js/Pages/CandidateAssessments/View.tsx(18,53): error TS2339: Property 'last_name' does not exist on type 'Candidate'.
packages/dionone/Recruitment/src/Resources/js/Pages/CandidateAssessments/View.tsx(62,93): error TS2339: Property 'name' does not exist on type 'number'.
packages/dionone/Recruitment/src/Resources/js/Pages/CandidateAssessments/View.tsx(72,120): error TS2345: Argument of type 'boolean' is not assignable to parameter of type 'string'.
packages/dionone/Recruitment/src/Resources/js/Pages/CandidateAssessments/View.tsx(73,50): error TS2345: Argument of type 'boolean' is not assignable to parameter of type 'string'.
packages/dionone/Recruitment/src/Resources/js/Pages/CandidateOnboardings/Edit.tsx(17,56): error TS2769: No overload matches this call.
  Overload 1 of 2, '(initialValues?: EditCandidateOnboardingFormData | undefined): InertiaFormProps<EditCandidateOnboardingFormData>', gave the following error.
    Type 'string | boolean' is not assignable to type 'string'.
      Type 'boolean' is not assignable to type 'string'.
  Overload 2 of 2, '(rememberKey: string, initialValues?: EditCandidateOnboardingFormData | undefined): InertiaFormProps<EditCandidateOnboardingFormData>', gave the following error.
    Argument of type '{ candidate_id: any; checklist_id: any; start_date: string; buddy_employee_id: any; status: string | true; }' is not assignable to parameter of type 'string'.
packages/dionone/Recruitment/src/Resources/js/Pages/CandidateOnboardings/Index.tsx(323,37): error TS2322: Type 'string' is not assignable to type 'Date'.
packages/dionone/Recruitment/src/Resources/js/Pages/CandidateOnboardings/Index.tsx(417,134): error TS2339: Property 'email' does not exist on type 'Candidate'.
packages/dionone/Recruitment/src/Resources/js/Pages/CandidateOnboardings/Index.tsx(441,119): error TS2345: Argument of type 'boolean' is not assignable to parameter of type 'string'.
packages/dionone/Recruitment/src/Resources/js/Pages/CandidateOnboardings/Index.tsx(442,60): error TS2345: Argument of type '[boolean]' is not assignable to parameter of type '[key: string | string[], options: TOptionsBase & $Dictionary & { defaultValue: string; }] | [key: string | string[], defaultValue: string, options?: (TOptionsBase & $Dictionary) | undefined] | [key: ...]'.
  Type '[boolean]' is not assignable to type '[key: string | TemplateStringsArray | (string | TemplateStringsArray)[], options?: (TOptionsBase & $Dictionary & { ...; }) | undefined]'.
    Type at position 0 in source is not compatible with type at position 0 in target.
      Type 'boolean' is not assignable to type 'string | TemplateStringsArray | (string | TemplateStringsArray)[]'.
packages/dionone/Recruitment/src/Resources/js/Pages/CandidateOnboardings/Index.tsx(476,109): error TS2345: Argument of type 'CandidateOnboarding' is not assignable to parameter of type 'string | number'.
packages/dionone/Recruitment/src/Resources/js/Pages/CandidateOnboardings/View.tsx(56,90): error TS2339: Property 'email' does not exist on type 'Candidate'.
packages/dionone/Recruitment/src/Resources/js/Pages/CandidateOnboardings/View.tsx(75,111): error TS2345: Argument of type 'boolean' is not assignable to parameter of type 'string'.
packages/dionone/Recruitment/src/Resources/js/Pages/CandidateOnboardings/View.tsx(76,40): error TS2345: Argument of type '[boolean]' is not assignable to parameter of type '[key: string | string[], options: TOptionsBase & $Dictionary & { defaultValue: string; }] | [key: string | string[], defaultValue: string, options?: (TOptionsBase & $Dictionary) | undefined] | [key: ...]'.
  Type '[boolean]' is not assignable to type '[key: string | TemplateStringsArray | (string | TemplateStringsArray)[], options?: (TOptionsBase & $Dictionary & { ...; }) | undefined]'.
    Type at position 0 in source is not compatible with type at position 0 in target.
      Type 'boolean' is not assignable to type 'string | TemplateStringsArray | (string | TemplateStringsArray)[]'.
packages/dionone/Recruitment/src/Resources/js/Pages/Candidates/Create.tsx(76,57): error TS2769: No overload matches this call.
  Overload 1 of 2, '(initialValues?: CreateCandidateFormData | undefined): InertiaFormProps<CreateCandidateFormData>', gave the following error.
    Type 'string' is not assignable to type 'boolean'.
  Overload 2 of 2, '(rememberKey: string, initialValues?: CreateCandidateFormData | undefined): InertiaFormProps<CreateCandidateFormData>', gave the following error.
    Argument of type '{ first_name: string; last_name: string; email: string; phone: string; gender: string; dob: string; country: string; state: string; city: string; job_id: string; source_id: string; current_company: string; ... 14 more ...; custom_question: string; }' is not assignable to parameter of type 'string'.
packages/dionone/Recruitment/src/Resources/js/Pages/Candidates/Create.tsx(631,144): error TS7006: Parameter 'v' implicitly has an 'any' type.
packages/dionone/Recruitment/src/Resources/js/Pages/Candidates/Create.tsx(635,124): error TS7006: Parameter 'v' implicitly has an 'any' type.
packages/dionone/Recruitment/src/Resources/js/Pages/Candidates/Edit.tsx(86,16): error TS7053: Element implicitly has an 'any' type because expression of type 'any' can't be used to index type '{ '0': string; '1': string; '2': string; '3': string; '4': string; '5': string; }'.
packages/dionone/Recruitment/src/Resources/js/Pages/Candidates/Edit.tsx(98,16): error TS7053: Element implicitly has an 'any' type because expression of type 'string' can't be used to index type '{ New: string; Screening: string; Interview: string; Offer: string; Hired: string; Rejected: string; }'.
  No index signature with a parameter of type 'string' was found on type '{ New: string; Screening: string; Interview: string; Offer: string; Hired: string; Rejected: string; }'.
packages/dionone/Recruitment/src/Resources/js/Pages/Candidates/Edit.tsx(144,21): error TS7053: Element implicitly has an 'any' type because expression of type 'string' can't be used to index type '{ job_id: string; source_id: string; first_name: string; last_name: string; email: any; phone: string; gender: string; dob: string; country: string; state: string; city: string; current_company: string; ... 14 more ...; custom_question: any; }'.
  No index signature with a parameter of type 'string' was found on type '{ job_id: string; source_id: string; first_name: string; last_name: string; email: any; phone: string; gender: string; dob: string; country: string; state: string; city: string; current_company: string; ... 14 more ...; custom_question: any; }'.
packages/dionone/Recruitment/src/Resources/js/Pages/Candidates/Edit.tsx(727,144): error TS7006: Parameter 'v' implicitly has an 'any' type.
packages/dionone/Recruitment/src/Resources/js/Pages/Candidates/Edit.tsx(731,124): error TS7006: Parameter 'v' implicitly has an 'any' type.
packages/dionone/Recruitment/src/Resources/js/Pages/Candidates/Index.tsx(156,38): error TS7053: Element implicitly has an 'any' type because expression of type 'any' can't be used to index type '{ "0": string; "1": string; "2": string; "3": string; "4": string; "5": string; }'.
packages/dionone/Recruitment/src/Resources/js/Pages/Candidates/Index.tsx(157,36): error TS7053: Element implicitly has an 'any' type because expression of type 'any' can't be used to index type '{ "0": string; "1": string; "2": string; "3": string; "4": string; "5": string; }'.
packages/dionone/Recruitment/src/Resources/js/Pages/Candidates/Index.tsx(421,83): error TS2538: Type 'boolean' cannot be used as an index type.
packages/dionone/Recruitment/src/Resources/js/Pages/Candidates/Index.tsx(421,149): error TS2538: Type 'boolean' cannot be used as an index type.
packages/dionone/Recruitment/src/Resources/js/Pages/Candidates/Index.tsx(432,224): error TS2339: Property 'tracking_id' does not exist on type 'Candidate'.
packages/dionone/Recruitment/src/Resources/js/Pages/Candidates/Index.tsx(434,118): error TS2339: Property 'tracking_id' does not exist on type 'Candidate'.
packages/dionone/Recruitment/src/Resources/js/Pages/Candidates/Index.tsx(446,99): error TS2551: Property 'job_posting' does not exist on type 'Candidate'. Did you mean 'jobPosting'?
packages/dionone/Recruitment/src/Resources/js/Pages/Candidates/Index.tsx(450,99): error TS2551: Property 'candidate_source' does not exist on type 'Candidate'. Did you mean 'candidateSource'?
packages/dionone/Recruitment/src/Resources/js/Pages/Candidates/Show.tsx(72,92): error TS2339: Property 'tracking_id' does not exist on type 'Candidate'.
packages/dionone/Recruitment/src/Resources/js/Pages/Candidates/Show.tsx(76,93): error TS2538: Type 'boolean' cannot be used as an index type.
packages/dionone/Recruitment/src/Resources/js/Pages/Candidates/Show.tsx(77,50): error TS2538: Type 'boolean' cannot be used as an index type.
packages/dionone/Recruitment/src/Resources/js/Pages/Candidates/Show.tsx(207,77): error TS2345: Argument of type 'string | undefined' is not assignable to parameter of type 'string'.
  Type 'undefined' is not assignable to type 'string'.
packages/dionone/Recruitment/src/Resources/js/Pages/Candidates/Show.tsx(225,77): error TS2345: Argument of type 'string | undefined' is not assignable to parameter of type 'string'.
  Type 'undefined' is not assignable to type 'string'.
packages/dionone/Recruitment/src/Resources/js/Pages/Candidates/Show.tsx(268,28): error TS2339: Property 'notes' does not exist on type 'Candidate'.
packages/dionone/Recruitment/src/Resources/js/Pages/Candidates/Show.tsx(278,79): error TS2339: Property 'notes' does not exist on type 'Candidate'.
packages/dionone/Recruitment/src/Resources/js/Pages/ChecklistItems/Edit.tsx(18,56): error TS2769: No overload matches this call.
  Overload 1 of 2, '(initialValues?: EditChecklistItemFormData | undefined): InertiaFormProps<EditChecklistItemFormData>', gave the following error.
    Type 'string | number' is not assignable to type 'string'.
      Type 'number' is not assignable to type 'string'.
  Overload 2 of 2, '(rememberKey: string, initialValues?: EditChecklistItemFormData | undefined): InertiaFormProps<EditChecklistItemFormData>', gave the following error.
    Argument of type '{ checklist_id: string; task_name: string; description: string; category: string; assigned_to_role: string; due_day: string | number; is_required: boolean; status: boolean; }' is not assignable to parameter of type 'string'.
packages/dionone/Recruitment/src/Resources/js/Pages/ChecklistItems/Index.tsx(150,28): error TS7053: Element implicitly has an 'any' type because expression of type 'string' can't be used to index type '{ Other: string; Documentation: string; HR: string; 'IT Setup': string; Training: string; Facilities: string; }'.
  No index signature with a parameter of type 'string' was found on type '{ Other: string; Documentation: string; HR: string; 'IT Setup': string; Training: string; Facilities: string; }'.
packages/dionone/Recruitment/src/Resources/js/Pages/ChecklistItems/Index.tsx(405,52): error TS7053: Element implicitly has an 'any' type because expression of type 'string' can't be used to index type '{ Other: string; Documentation: string; HR: string; 'IT Setup': string; Training: string; Facilities: string; }'.
  No index signature with a parameter of type 'string' was found on type '{ Other: string; Documentation: string; HR: string; 'IT Setup': string; Training: string; Facilities: string; }'.
packages/dionone/Recruitment/src/Resources/js/Pages/ChecklistItems/Index.tsx(495,109): error TS2345: Argument of type 'ChecklistItem' is not assignable to parameter of type 'string | number'.
packages/dionone/Recruitment/src/Resources/js/Pages/ChecklistItems/View.tsx(23,16): error TS7053: Element implicitly has an 'any' type because expression of type 'string' can't be used to index type '{ Other: string; Documentation: string; HR: string; 'IT Setup': string; Training: string; Facilities: string; }'.
  No index signature with a parameter of type 'string' was found on type '{ Other: string; Documentation: string; HR: string; 'IT Setup': string; Training: string; Facilities: string; }'.
packages/dionone/Recruitment/src/Resources/js/Pages/CustomQuestions/Create.tsx(20,95): error TS2769: No overload matches this call.
  Overload 2 of 2, '(rememberKey: string, initialValues?: CreateCustomQuestionFormData | undefined): InertiaFormProps<CreateCustomQuestionFormData>', gave the following error.
    Argument of type '{ question: string; type: string; options: string; is_required: boolean; is_active: boolean; sort_order: number; }' is not assignable to parameter of type 'string'.
packages/dionone/Recruitment/src/Resources/js/Pages/CustomQuestions/Create.tsx(63,29): error TS2322: Type 'true | "text"' is not assignable to type 'string | undefined'.
  Type 'boolean' is not assignable to type 'string'.
packages/dionone/Recruitment/src/Resources/js/Pages/CustomQuestions/Create.tsx(64,41): error TS2345: Argument of type 'string' is not assignable to parameter of type 'boolean'.
packages/dionone/Recruitment/src/Resources/js/Pages/CustomQuestions/Create.tsx(91,67): error TS2345: Argument of type 'boolean' is not assignable to parameter of type 'string'.
packages/dionone/Recruitment/src/Resources/js/Pages/CustomQuestions/Create.tsx(173,64): error TS2345: Argument of type 'number' is not assignable to parameter of type 'string'.
packages/dionone/Recruitment/src/Resources/js/Pages/CustomQuestions/Edit.tsx(31,56): error TS2769: No overload matches this call.
  Overload 1 of 2, '(initialValues?: EditCustomQuestionFormData | undefined): InertiaFormProps<EditCustomQuestionFormData>', gave the following error.
    Type 'number' is not assignable to type 'string'.
  Overload 2 of 2, '(rememberKey: string, initialValues?: EditCustomQuestionFormData | undefined): InertiaFormProps<EditCustomQuestionFormData>', gave the following error.
    Argument of type '{ question: string; type: boolean; options: string; is_required: boolean; is_active: boolean; sort_order: number; }' is not assignable to parameter of type 'string'.
packages/dionone/Recruitment/src/Resources/js/Pages/CustomQuestions/Edit.tsx(40,73): error TS2345: Argument of type 'string | undefined' is not assignable to parameter of type 'string | any[]'.
  Type 'undefined' is not assignable to type 'string | any[]'.
packages/dionone/Recruitment/src/Resources/js/Pages/CustomQuestions/Edit.tsx(74,29): error TS2322: Type 'true | "text"' is not assignable to type 'string | undefined'.
  Type 'boolean' is not assignable to type 'string'.
packages/dionone/Recruitment/src/Resources/js/Pages/CustomQuestions/Edit.tsx(75,41): error TS2345: Argument of type 'string' is not assignable to parameter of type 'boolean'.
packages/dionone/Recruitment/src/Resources/js/Pages/CustomQuestions/Edit.tsx(102,67): error TS2345: Argument of type 'boolean' is not assignable to parameter of type 'string'.
packages/dionone/Recruitment/src/Resources/js/Pages/CustomQuestions/Edit.tsx(184,64): error TS2345: Argument of type 'number' is not assignable to parameter of type 'string'.
packages/dionone/Recruitment/src/Resources/js/Pages/CustomQuestions/View.tsx(23,86): error TS2339: Property 'name' does not exist on type 'CustomQuestion'.
packages/dionone/Recruitment/src/Resources/js/Pages/CustomQuestions/View.tsx(41,66): error TS2538: Type 'boolean' cannot be used as an index type.
packages/dionone/Recruitment/src/Resources/js/Pages/CustomQuestions/View.tsx(90,47): error TS7006: Parameter 'option' implicitly has an 'any' type.
packages/dionone/Recruitment/src/Resources/js/Pages/CustomQuestions/View.tsx(90,55): error TS7006: Parameter 'index' implicitly has an 'any' type.
packages/dionone/Recruitment/src/Resources/js/Pages/Dashboard/StaffDashboard.tsx(60,39): error TS2344: Type 'StaffDashboardProps' does not satisfy the constraint 'PageProps'.
  Index signature for type 'string' is missing in type 'StaffDashboardProps'.
packages/dionone/Recruitment/src/Resources/js/Pages/Frontend/JobApply.tsx(178,10): error TS2741: Property 'title' is missing in type '{ children: (Element | Element[])[]; userSlug: string; brandSettings: { logo?: string | undefined; favicon?: string | undefined; titleText?: string | undefined; footerText?: string | undefined; }; }' but required in type 'FrontendLayoutProps'.
packages/dionone/Recruitment/src/Resources/js/Pages/Frontend/JobApply.tsx(248,53): error TS2322: Type '{ label: string; value: string; onChange: (value: string) => void; placeholder: string; id: string; name: string; }' is not assignable to type 'IntrinsicAttributes & PhoneInputProps'.
  Property 'name' does not exist on type 'IntrinsicAttributes & PhoneInputProps'.
packages/dionone/Recruitment/src/Resources/js/Pages/Frontend/JobDetails.tsx(90,10): error TS2741: Property 'title' is missing in type '{ children: (Element | Element[])[]; userSlug: string; brandSettings: { logo?: string | undefined; favicon?: string | undefined; titleText?: string | undefined; footerText?: string | undefined; }; }' but required in type 'FrontendLayoutProps'.
packages/dionone/Recruitment/src/Resources/js/Pages/Frontend/JobListings.tsx(305,118): error TS2345: Argument of type 'number | undefined' is not assignable to parameter of type 'number'.
  Type 'undefined' is not assignable to type 'number'.
packages/dionone/Recruitment/src/Resources/js/Pages/Frontend/JobTerms.tsx(34,10): error TS2741: Property 'title' is missing in type '{ children: (Element | Element[])[]; userSlug: string; brandSettings: { logo?: string | undefined; favicon?: string | undefined; titleText?: string | undefined; footerText?: string | undefined; }; }' but required in type 'FrontendLayoutProps'.
packages/dionone/Recruitment/src/Resources/js/Pages/Frontend/NotFound.tsx(23,10): error TS2741: Property 'title' is missing in type '{ children: Element[]; userSlug: string; brandSettings: { logo?: string | undefined; favicon?: string | undefined; titleText?: string | undefined; footerText?: string | undefined; }; }' but required in type 'FrontendLayoutProps'.
packages/dionone/Recruitment/src/Resources/js/Pages/Frontend/Success.tsx(101,10): error TS2741: Property 'title' is missing in type '{ children: (Element | Element[])[]; userSlug: string; brandSettings: { logo?: string | undefined; favicon?: string | undefined; titleText?: string | undefined; footerText?: string | undefined; }; }' but required in type 'FrontendLayoutProps'.
packages/dionone/Recruitment/src/Resources/js/Pages/Frontend/TrackingDetails.tsx(237,10): error TS2741: Property 'title' is missing in type '{ children: (Element | Element[])[]; userSlug: string; brandSettings: { logo: string; favicon: string; titleText: string; footerText: string; }; currentPage: string; }' but required in type 'FrontendLayoutProps'.
packages/dionone/Recruitment/src/Resources/js/Pages/Frontend/TrackingDetails.tsx(324,76): error TS2339: Property 'details' does not exist on type '{ status: number; title: string; description: string; date: string; completed: boolean; } | { status: number; title: string; description: string; date: null; completed: boolean; }'.
  Property 'details' does not exist on type '{ status: number; title: string; description: string; date: string; completed: boolean; }'.
packages/dionone/Recruitment/src/Resources/js/Pages/Frontend/TrackingDetails.tsx(330,88): error TS2339: Property 'details' does not exist on type '{ status: number; title: string; description: string; date: string; completed: boolean; } | { status: number; title: string; description: string; date: null; completed: boolean; }'.
  Property 'details' does not exist on type '{ status: number; title: string; description: string; date: string; completed: boolean; }'.
packages/dionone/Recruitment/src/Resources/js/Pages/Frontend/TrackingDetails.tsx(330,112): error TS2339: Property 'details' does not exist on type '{ status: number; title: string; description: string; date: string; completed: boolean; } | { status: number; title: string; description: string; date: null; completed: boolean; }'.
  Property 'details' does not exist on type '{ status: number; title: string; description: string; date: string; completed: boolean; }'.
packages/dionone/Recruitment/src/Resources/js/Pages/Frontend/TrackingDetails.tsx(334,94): error TS2339: Property 'details' does not exist on type '{ status: number; title: string; description: string; date: string; completed: boolean; } | { status: number; title: string; description: string; date: null; completed: boolean; }'.
  Property 'details' does not exist on type '{ status: number; title: string; description: string; date: string; completed: boolean; }'.
packages/dionone/Recruitment/src/Resources/js/Pages/Frontend/TrackingDetails.tsx(336,67): error TS2339: Property 'details' does not exist on type '{ status: number; title: string; description: string; date: string; completed: boolean; } | { status: number; title: string; description: string; date: null; completed: boolean; }'.
  Property 'details' does not exist on type '{ status: number; title: string; description: string; date: string; completed: boolean; }'.
packages/dionone/Recruitment/src/Resources/js/Pages/Frontend/TrackingDetails.tsx(339,81): error TS2339: Property 'details' does not exist on type '{ status: number; title: string; description: string; date: string; completed: boolean; } | { status: number; title: string; description: string; date: null; completed: boolean; }'.
  Property 'details' does not exist on type '{ status: number; title: string; description: string; date: string; completed: boolean; }'.
packages/dionone/Recruitment/src/Resources/js/Pages/Frontend/TrackingDetails.tsx(342,67): error TS2339: Property 'details' does not exist on type '{ status: number; title: string; description: string; date: string; completed: boolean; } | { status: number; title: string; description: string; date: null; completed: boolean; }'.
  Property 'details' does not exist on type '{ status: number; title: string; description: string; date: string; completed: boolean; }'.
packages/dionone/Recruitment/src/Resources/js/Pages/Frontend/TrackingDetails.tsx(345,83): error TS2339: Property 'details' does not exist on type '{ status: number; title: string; description: string; date: string; completed: boolean; } | { status: number; title: string; description: string; date: null; completed: boolean; }'.
  Property 'details' does not exist on type '{ status: number; title: string; description: string; date: string; completed: boolean; }'.
packages/dionone/Recruitment/src/Resources/js/Pages/Frontend/TrackingDetails.tsx(352,75): error TS2339: Property 'details' does not exist on type '{ status: number; title: string; description: string; date: string; completed: boolean; } | { status: number; title: string; description: string; date: null; completed: boolean; }'.
  Property 'details' does not exist on type '{ status: number; title: string; description: string; date: string; completed: boolean; }'.
packages/dionone/Recruitment/src/Resources/js/Pages/Frontend/TrackingDetails.tsx(352,98): error TS2339: Property 'details' does not exist on type '{ status: number; title: string; description: string; date: string; completed: boolean; } | { status: number; title: string; description: string; date: null; completed: boolean; }'.
  Property 'details' does not exist on type '{ status: number; title: string; description: string; date: string; completed: boolean; }'.
packages/dionone/Recruitment/src/Resources/js/Pages/Frontend/TrackingDetails.tsx(355,75): error TS2339: Property 'details' does not exist on type '{ status: number; title: string; description: string; date: string; completed: boolean; } | { status: number; title: string; description: string; date: null; completed: boolean; }'.
  Property 'details' does not exist on type '{ status: number; title: string; description: string; date: string; completed: boolean; }'.
packages/dionone/Recruitment/src/Resources/js/Pages/Frontend/TrackingDetails.tsx(358,75): error TS2339: Property 'details' does not exist on type '{ status: number; title: string; description: string; date: string; completed: boolean; } | { status: number; title: string; description: string; date: null; completed: boolean; }'.
  Property 'details' does not exist on type '{ status: number; title: string; description: string; date: string; completed: boolean; }'.
packages/dionone/Recruitment/src/Resources/js/Pages/Frontend/TrackingDetails.tsx(361,75): error TS2339: Property 'details' does not exist on type '{ status: number; title: string; description: string; date: string; completed: boolean; } | { status: number; title: string; description: string; date: null; completed: boolean; }'.
  Property 'details' does not exist on type '{ status: number; title: string; description: string; date: string; completed: boolean; }'.
packages/dionone/Recruitment/src/Resources/js/Pages/Frontend/TrackingDetails.tsx(364,75): error TS2339: Property 'details' does not exist on type '{ status: number; title: string; description: string; date: string; completed: boolean; } | { status: number; title: string; description: string; date: null; completed: boolean; }'.
  Property 'details' does not exist on type '{ status: number; title: string; description: string; date: string; completed: boolean; }'.
packages/dionone/Recruitment/src/Resources/js/Pages/Frontend/TrackingDetails.tsx(374,76): error TS2339: Property 'details' does not exist on type '{ status: number; title: string; description: string; date: string; completed: boolean; } | { status: number; title: string; description: string; date: null; completed: boolean; }'.
  Property 'details' does not exist on type '{ status: number; title: string; description: string; date: string; completed: boolean; }'.
packages/dionone/Recruitment/src/Resources/js/Pages/Frontend/TrackingDetails.tsx(380,94): error TS2339: Property 'details' does not exist on type '{ status: number; title: string; description: string; date: string; completed: boolean; } | { status: number; title: string; description: string; date: null; completed: boolean; }'.
  Property 'details' does not exist on type '{ status: number; title: string; description: string; date: string; completed: boolean; }'.
packages/dionone/Recruitment/src/Resources/js/Pages/Frontend/TrackingDetails.tsx(384,93): error TS2339: Property 'details' does not exist on type '{ status: number; title: string; description: string; date: string; completed: boolean; } | { status: number; title: string; description: string; date: null; completed: boolean; }'.
  Property 'details' does not exist on type '{ status: number; title: string; description: string; date: string; completed: boolean; }'.
packages/dionone/Recruitment/src/Resources/js/Pages/Frontend/TrackingDetails.tsx(386,67): error TS2339: Property 'details' does not exist on type '{ status: number; title: string; description: string; date: string; completed: boolean; } | { status: number; title: string; description: string; date: null; completed: boolean; }'.
  Property 'details' does not exist on type '{ status: number; title: string; description: string; date: string; completed: boolean; }'.
packages/dionone/Recruitment/src/Resources/js/Pages/Frontend/TrackingDetails.tsx(389,96): error TS2339: Property 'details' does not exist on type '{ status: number; title: string; description: string; date: string; completed: boolean; } | { status: number; title: string; description: string; date: null; completed: boolean; }'.
  Property 'details' does not exist on type '{ status: number; title: string; description: string; date: string; completed: boolean; }'.
packages/dionone/Recruitment/src/Resources/js/Pages/Frontend/TrackingDetails.tsx(394,107): error TS2339: Property 'details' does not exist on type '{ status: number; title: string; description: string; date: string; completed: boolean; } | { status: number; title: string; description: string; date: null; completed: boolean; }'.
  Property 'details' does not exist on type '{ status: number; title: string; description: string; date: string; completed: boolean; }'.
packages/dionone/Recruitment/src/Resources/js/Pages/Frontend/TrackingDetails.tsx(398,104): error TS2339: Property 'details' does not exist on type '{ status: number; title: string; description: string; date: string; completed: boolean; } | { status: number; title: string; description: string; date: null; completed: boolean; }'.
  Property 'details' does not exist on type '{ status: number; title: string; description: string; date: string; completed: boolean; }'.
packages/dionone/Recruitment/src/Resources/js/Pages/Frontend/TrackingDetails.tsx(400,67): error TS2339: Property 'details' does not exist on type '{ status: number; title: string; description: string; date: string; completed: boolean; } | { status: number; title: string; description: string; date: null; completed: boolean; }'.
  Property 'details' does not exist on type '{ status: number; title: string; description: string; date: string; completed: boolean; }'.
packages/dionone/Recruitment/src/Resources/js/Pages/Frontend/TrackingDetails.tsx(403,103): error TS2339: Property 'details' does not exist on type '{ status: number; title: string; description: string; date: string; completed: boolean; } | { status: number; title: string; description: string; date: null; completed: boolean; }'.
  Property 'details' does not exist on type '{ status: number; title: string; description: string; date: string; completed: boolean; }'.
packages/dionone/Recruitment/src/Resources/js/Pages/Frontend/TrackingDetails.tsx(409,63): error TS2339: Property 'details' does not exist on type '{ status: number; title: string; description: string; date: string; completed: boolean; } | { status: number; title: string; description: string; date: null; completed: boolean; }'.
  Property 'details' does not exist on type '{ status: number; title: string; description: string; date: string; completed: boolean; }'.
packages/dionone/Recruitment/src/Resources/js/Pages/Frontend/TrackingDetails.tsx(413,109): error TS2339: Property 'details' does not exist on type '{ status: number; title: string; description: string; date: string; completed: boolean; } | { status: number; title: string; description: string; date: null; completed: boolean; }'.
  Property 'details' does not exist on type '{ status: number; title: string; description: string; date: string; completed: boolean; }'.
packages/dionone/Recruitment/src/Resources/js/Pages/Frontend/TrackingDetails.tsx(414,102): error TS2339: Property 'details' does not exist on type '{ status: number; title: string; description: string; date: string; completed: boolean; } | { status: number; title: string; description: string; date: null; completed: boolean; }'.
  Property 'details' does not exist on type '{ status: number; title: string; description: string; date: string; completed: boolean; }'.
packages/dionone/Recruitment/src/Resources/js/Pages/Frontend/TrackingDetails.tsx(417,93): error TS2339: Property 'details' does not exist on type '{ status: number; title: string; description: string; date: string; completed: boolean; } | { status: number; title: string; description: string; date: null; completed: boolean; }'.
  Property 'details' does not exist on type '{ status: number; title: string; description: string; date: string; completed: boolean; }'.
packages/dionone/Recruitment/src/Resources/js/Pages/Frontend/TrackingDetails.tsx(422,109): error TS2339: Property 'details' does not exist on type '{ status: number; title: string; description: string; date: string; completed: boolean; } | { status: number; title: string; description: string; date: null; completed: boolean; }'.
  Property 'details' does not exist on type '{ status: number; title: string; description: string; date: string; completed: boolean; }'.
packages/dionone/Recruitment/src/Resources/js/Pages/Frontend/TrackingDetails.tsx(423,102): error TS2339: Property 'details' does not exist on type '{ status: number; title: string; description: string; date: string; completed: boolean; } | { status: number; title: string; description: string; date: null; completed: boolean; }'.
  Property 'details' does not exist on type '{ status: number; title: string; description: string; date: string; completed: boolean; }'.
packages/dionone/Recruitment/src/Resources/js/Pages/Frontend/TrackingDetails.tsx(425,93): error TS2339: Property 'details' does not exist on type '{ status: number; title: string; description: string; date: string; completed: boolean; } | { status: number; title: string; description: string; date: null; completed: boolean; }'.
  Property 'details' does not exist on type '{ status: number; title: string; description: string; date: string; completed: boolean; }'.
packages/dionone/Recruitment/src/Resources/js/Pages/Frontend/TrackingDetails.tsx(430,63): error TS2339: Property 'details' does not exist on type '{ status: number; title: string; description: string; date: string; completed: boolean; } | { status: number; title: string; description: string; date: null; completed: boolean; }'.
  Property 'details' does not exist on type '{ status: number; title: string; description: string; date: string; completed: boolean; }'.
packages/dionone/Recruitment/src/Resources/js/Pages/Frontend/TrackingDetails.tsx(436,63): error TS2339: Property 'details' does not exist on type '{ status: number; title: string; description: string; date: string; completed: boolean; } | { status: number; title: string; description: string; date: null; completed: boolean; }'.
  Property 'details' does not exist on type '{ status: number; title: string; description: string; date: string; completed: boolean; }'.
packages/dionone/Recruitment/src/Resources/js/Pages/Frontend/TrackingDetails.tsx(442,63): error TS2339: Property 'details' does not exist on type '{ status: number; title: string; description: string; date: string; completed: boolean; } | { status: number; title: string; description: string; date: null; completed: boolean; }'.
  Property 'details' does not exist on type '{ status: number; title: string; description: string; date: string; completed: boolean; }'.
packages/dionone/Recruitment/src/Resources/js/Pages/Frontend/TrackingDetails.tsx(448,63): error TS2339: Property 'details' does not exist on type '{ status: number; title: string; description: string; date: string; completed: boolean; } | { status: number; title: string; description: string; date: null; completed: boolean; }'.
  Property 'details' does not exist on type '{ status: number; title: string; description: string; date: string; completed: boolean; }'.
packages/dionone/Recruitment/src/Resources/js/Pages/Frontend/TrackingForm.tsx(82,10): error TS2741: Property 'title' is missing in type '{ children: (Element | Element[])[]; userSlug: string; brandSettings: { logo?: string | undefined; favicon?: string | undefined; titleText?: string | undefined; footerText?: string | undefined; }; currentPage: string; }' but required in type 'FrontendLayoutProps'.
packages/dionone/Recruitment/src/Resources/js/Pages/Index.tsx(583,34): error TS18048: 'dashboardData.onboardingStatus.pending' is possibly 'undefined'.
packages/dionone/Recruitment/src/Resources/js/Pages/Index.tsx(589,88): error TS18048: 'dashboardData' is possibly 'undefined'.
packages/dionone/Recruitment/src/Resources/js/Pages/InterviewFeedbacks/Create.tsx(21,57): error TS2769: No overload matches this call.
  Overload 1 of 2, '(initialValues?: CreateInterviewFeedbackFormData | undefined): InertiaFormProps<CreateInterviewFeedbackFormData>', gave the following error.
    Type 'string' is not assignable to type 'boolean'.
  Overload 2 of 2, '(rememberKey: string, initialValues?: CreateInterviewFeedbackFormData | undefined): InertiaFormProps<CreateInterviewFeedbackFormData>', gave the following error.
    Argument of type '{ technical_rating: string; communication_rating: string; cultural_fit_rating: string; overall_rating: string; strengths: string; weaknesses: string; comments: string; recommendation: string; interview_id: string; interviewer_ids: string[]; }' is not assignable to parameter of type 'string'.
packages/dionone/Recruitment/src/Resources/js/Pages/InterviewFeedbacks/Create.tsx(48,21): error TS2345: Argument of type '"interviewer_ids"' is not assignable to parameter of type 'keyof CreateInterviewFeedbackFormData'.
packages/dionone/Recruitment/src/Resources/js/Pages/InterviewFeedbacks/Create.tsx(51,21): error TS2345: Argument of type '"interviewer_ids"' is not assignable to parameter of type 'keyof CreateInterviewFeedbackFormData'.
packages/dionone/Recruitment/src/Resources/js/Pages/InterviewFeedbacks/Create.tsx(105,37): error TS2551: Property 'interviewer_ids' does not exist on type 'CreateInterviewFeedbackFormData'. Did you mean 'interviewer_id'?
packages/dionone/Recruitment/src/Resources/js/Pages/InterviewFeedbacks/Create.tsx(106,59): error TS2345: Argument of type '"interviewer_ids"' is not assignable to parameter of type 'keyof CreateInterviewFeedbackFormData'.
packages/dionone/Recruitment/src/Resources/js/Pages/InterviewFeedbacks/Create.tsx(109,25): error TS2322: Type '{ options: any; value: any; onValueChange: (value: string[]) => void; placeholder: string; searchable: true; disabled: boolean; }' is not assignable to type 'IntrinsicAttributes & MultiSelectEnhancedProps'.
  Property 'disabled' does not exist on type 'IntrinsicAttributes & MultiSelectEnhancedProps'.
packages/dionone/Recruitment/src/Resources/js/Pages/InterviewFeedbacks/Create.tsx(111,49): error TS2551: Property 'interviewer_ids' does not exist on type 'Partial<Record<keyof CreateInterviewFeedbackFormData, string>>'. Did you mean 'interviewer_id'?
packages/dionone/Recruitment/src/Resources/js/Pages/InterviewFeedbacks/Create.tsx(159,128): error TS2345: Argument of type 'string' is not assignable to parameter of type 'boolean'.
packages/dionone/Recruitment/src/Resources/js/Pages/InterviewFeedbacks/Edit.tsx(21,95): error TS2769: No overload matches this call.
  Overload 2 of 2, '(rememberKey: string, initialValues?: EditInterviewFeedbackFormData | undefined): InertiaFormProps<EditInterviewFeedbackFormData>', gave the following error.
    Argument of type '{ technical_rating: number; communication_rating: number; cultural_fit_rating: number; overall_rating: number; strengths: string; weaknesses: string; comments: string; recommendation: string; interview_id: string; interviewer_ids: any; }' is not assignable to parameter of type 'string'.
packages/dionone/Recruitment/src/Resources/js/Pages/InterviewFeedbacks/Edit.tsx(31,44): error TS2551: Property 'interviewer_ids' does not exist on type 'InterviewFeedback'. Did you mean 'interviewer_id'?
packages/dionone/Recruitment/src/Resources/js/Pages/InterviewFeedbacks/Edit.tsx(56,103): error TS18048: 'interviewfeedback.interview_id' is possibly 'undefined'.
packages/dionone/Recruitment/src/Resources/js/Pages/InterviewFeedbacks/Edit.tsx(117,37): error TS2551: Property 'interviewer_ids' does not exist on type 'EditInterviewFeedbackFormData'. Did you mean 'interviewer_id'?
packages/dionone/Recruitment/src/Resources/js/Pages/InterviewFeedbacks/Edit.tsx(118,59): error TS2345: Argument of type '"interviewer_ids"' is not assignable to parameter of type 'keyof EditInterviewFeedbackFormData'.
packages/dionone/Recruitment/src/Resources/js/Pages/InterviewFeedbacks/Edit.tsx(121,25): error TS2322: Type '{ options: any; value: any; onValueChange: (value: string[]) => void; placeholder: string; searchable: true; disabled: boolean; }' is not assignable to type 'IntrinsicAttributes & MultiSelectEnhancedProps'.
  Property 'disabled' does not exist on type 'IntrinsicAttributes & MultiSelectEnhancedProps'.
packages/dionone/Recruitment/src/Resources/js/Pages/InterviewFeedbacks/Edit.tsx(123,49): error TS2551: Property 'interviewer_ids' does not exist on type 'Partial<Record<keyof EditInterviewFeedbackFormData, string>>'. Did you mean 'interviewer_id'?
packages/dionone/Recruitment/src/Resources/js/Pages/InterviewFeedbacks/Edit.tsx(171,128): error TS2345: Argument of type 'string' is not assignable to parameter of type 'boolean'.
packages/dionone/Recruitment/src/Resources/js/Pages/InterviewFeedbacks/Index.tsx(389,85): error TS2538: Type 'boolean' cannot be used as an index type.
packages/dionone/Recruitment/src/Resources/js/Pages/InterviewFeedbacks/Index.tsx(389,171): error TS2538: Type 'boolean' cannot be used as an index type.
packages/dionone/Recruitment/src/Resources/js/Pages/InterviewFeedbacks/Index.tsx(399,92): error TS2339: Property 'candidate' does not exist on type 'Interview'.
packages/dionone/Recruitment/src/Resources/js/Pages/InterviewFeedbacks/Index.tsx(399,146): error TS2339: Property 'candidate' does not exist on type 'Interview'.
packages/dionone/Recruitment/src/Resources/js/Pages/InterviewFeedbacks/Index.tsx(400,98): error TS2339: Property 'candidate' does not exist on type 'Interview'.
packages/dionone/Recruitment/src/Resources/js/Pages/InterviewFeedbacks/Index.tsx(400,150): error TS2339: Property 'candidate' does not exist on type 'Interview'.
packages/dionone/Recruitment/src/Resources/js/Pages/InterviewFeedbacks/Index.tsx(404,132): error TS2339: Property 'job_posting' does not exist on type 'Interview'.
packages/dionone/Recruitment/src/Resources/js/Pages/InterviewFeedbacks/Index.tsx(410,103): error TS2339: Property 'interviewer_names' does not exist on type 'InterviewFeedback'.
packages/dionone/Recruitment/src/Resources/js/Pages/InterviewFeedbacks/View.tsx(15,54): error TS2538: Type 'boolean' cannot be used as an index type.
packages/dionone/Recruitment/src/Resources/js/Pages/InterviewFeedbacks/View.tsx(57,102): error TS2345: Argument of type 'boolean' is not assignable to parameter of type 'string'.
packages/dionone/Recruitment/src/Resources/js/Pages/InterviewFeedbacks/View.tsx(75,68): error TS2339: Property 'candidate' does not exist on type 'Interview'.
packages/dionone/Recruitment/src/Resources/js/Pages/InterviewFeedbacks/View.tsx(75,122): error TS2339: Property 'candidate' does not exist on type 'Interview'.
packages/dionone/Recruitment/src/Resources/js/Pages/InterviewFeedbacks/View.tsx(76,74): error TS2339: Property 'candidate' does not exist on type 'Interview'.
packages/dionone/Recruitment/src/Resources/js/Pages/InterviewFeedbacks/View.tsx(76,126): error TS2339: Property 'candidate' does not exist on type 'Interview'.
packages/dionone/Recruitment/src/Resources/js/Pages/InterviewFeedbacks/View.tsx(83,93): error TS2339: Property 'job_posting' does not exist on type 'Interview'.
packages/dionone/Recruitment/src/Resources/js/Pages/InterviewFeedbacks/View.tsx(96,82): error TS2339: Property 'interviewer_names' does not exist on type 'InterviewFeedback'.
packages/dionone/Recruitment/src/Resources/js/Pages/InterviewRounds/Create.tsx(19,57): error TS2769: No overload matches this call.
  Overload 1 of 2, '(initialValues?: CreateInterviewRoundFormData | undefined): InertiaFormProps<CreateInterviewRoundFormData>', gave the following error.
    Type 'string' is not assignable to type 'boolean'.
  Overload 2 of 2, '(rememberKey: string, initialValues?: CreateInterviewRoundFormData | undefined): InertiaFormProps<CreateInterviewRoundFormData>', gave the following error.
    Argument of type '{ name: string; sequence_number: string; description: string; status: string; job_id: string; }' is not assignable to parameter of type 'string'.
packages/dionone/Recruitment/src/Resources/js/Pages/InterviewRounds/Create.tsx(111,112): error TS2345: Argument of type 'string' is not assignable to parameter of type 'boolean'.
packages/dionone/Recruitment/src/Resources/js/Pages/InterviewRounds/Edit.tsx(19,92): error TS2769: No overload matches this call.
  Overload 2 of 2, '(rememberKey: string, initialValues?: EditInterviewRoundFormData | undefined): InertiaFormProps<EditInterviewRoundFormData>', gave the following error.
    Argument of type '{ name: string; sequence_number: number; description: string; status: string; job_id: string; }' is not assignable to parameter of type 'string'.
packages/dionone/Recruitment/src/Resources/js/Pages/InterviewRounds/Edit.tsx(111,112): error TS2345: Argument of type 'string' is not assignable to parameter of type 'boolean'.
packages/dionone/Recruitment/src/Resources/js/Pages/InterviewRounds/View.tsx(38,74): error TS2551: Property 'job_posting' does not exist on type 'InterviewRound'. Did you mean 'jobPosting'?
packages/dionone/Recruitment/src/Resources/js/Pages/InterviewRounds/View.tsx(57,37): error TS2367: This comparison appears to be unintentional because the types 'boolean' and 'string' have no overlap.
packages/dionone/Recruitment/src/Resources/js/Pages/InterviewRounds/View.tsx(59,38): error TS2367: This comparison appears to be unintentional because the types 'boolean' and 'string' have no overlap.
packages/dionone/Recruitment/src/Resources/js/Pages/Interviews/Create.tsx(25,57): error TS2769: No overload matches this call.
  Overload 1 of 2, '(initialValues?: CreateInterviewFormData | undefined): InertiaFormProps<CreateInterviewFormData>', gave the following error.
    Type 'string' is not assignable to type 'boolean'.
  Overload 2 of 2, '(rememberKey: string, initialValues?: CreateInterviewFormData | undefined): InertiaFormProps<CreateInterviewFormData>', gave the following error.
    Argument of type '{ scheduled_date: string; scheduled_time: string; duration: string; location: string; meeting_link: string; interviewer_ids: string[]; status: string; candidate_id: string; round_id: string; interview_type_id: string; sync_to_google_calendar: boolean; }' is not assignable to parameter of type 'string'.
packages/dionone/Recruitment/src/Resources/js/Pages/Interviews/Create.tsx(53,55): error TS7006: Parameter 'c' implicitly has an 'any' type.
packages/dionone/Recruitment/src/Resources/js/Pages/Interviews/Edit.tsx(24,87): error TS2769: No overload matches this call.
  Overload 2 of 2, '(rememberKey: string, initialValues?: EditInterviewFormData | undefined): InertiaFormProps<EditInterviewFormData>', gave the following error.
    Argument of type '{ scheduled_date: any; scheduled_time: any; duration: string | number; location: string; meeting_link: any; interviewer_ids: string[]; status: string; candidate_id: string; round_id: string; interview_type_id: string; }' is not assignable to parameter of type 'string'.
packages/dionone/Recruitment/src/Resources/js/Pages/Interviews/Edit.tsx(265,112): error TS2345: Argument of type 'string' is not assignable to parameter of type 'boolean'.
packages/dionone/Recruitment/src/Resources/js/Pages/Interviews/Index.tsx(420,102): error TS2367: This comparison appears to be unintentional because the types 'boolean | undefined' and 'number' have no overlap.
packages/dionone/Recruitment/src/Resources/js/Pages/Interviews/Index.tsx(420,140): error TS2367: This comparison appears to be unintentional because the types 'boolean | undefined' and 'string' have no overlap.
packages/dionone/Recruitment/src/Resources/js/Pages/Interviews/Index.tsx(429,134): error TS2339: Property 'first_name' does not exist on type 'Candidate'.
packages/dionone/Recruitment/src/Resources/js/Pages/Interviews/Index.tsx(429,175): error TS2339: Property 'last_name' does not exist on type 'Candidate'.
packages/dionone/Recruitment/src/Resources/js/Pages/Interviews/Index.tsx(430,125): error TS2339: Property 'title' does not exist on type 'JobPosting'.
packages/dionone/Recruitment/src/Resources/js/Pages/Interviews/Index.tsx(430,144): error TS2551: Property 'job_posting' does not exist on type 'Interview'. Did you mean 'jobPosting'?
packages/dionone/Recruitment/src/Resources/js/Pages/Interviews/Index.tsx(441,133): error TS2551: Property 'interview_round' does not exist on type 'Interview'. Did you mean 'interviewRound'?
packages/dionone/Recruitment/src/Resources/js/Pages/Interviews/Index.tsx(445,132): error TS2551: Property 'interview_type' does not exist on type 'Interview'. Did you mean 'interviewType'?
packages/dionone/Recruitment/src/Resources/js/Pages/Interviews/Show.tsx(16,35): error TS2344: Type 'InterviewShowProps' does not satisfy the constraint 'PageProps'.
  Index signature for type 'string' is missing in type 'InterviewShowProps'.
packages/dionone/Recruitment/src/Resources/js/Pages/Interviews/Show.tsx(30,66): error TS2367: This comparison appears to be unintentional because the types 'boolean | undefined' and 'number' have no overlap.
packages/dionone/Recruitment/src/Resources/js/Pages/Interviews/Show.tsx(30,104): error TS2367: This comparison appears to be unintentional because the types 'boolean | undefined' and 'string' have no overlap.
packages/dionone/Recruitment/src/Resources/js/Pages/Interviews/Show.tsx(41,78): error TS2339: Property 'first_name' does not exist on type 'Candidate'.
packages/dionone/Recruitment/src/Resources/js/Pages/Interviews/Show.tsx(41,113): error TS2339: Property 'last_name' does not exist on type 'Candidate'.
packages/dionone/Recruitment/src/Resources/js/Pages/Interviews/Show.tsx(57,89): error TS2339: Property 'first_name' does not exist on type 'Candidate'.
packages/dionone/Recruitment/src/Resources/js/Pages/Interviews/Show.tsx(57,130): error TS2339: Property 'last_name' does not exist on type 'Candidate'.
packages/dionone/Recruitment/src/Resources/js/Pages/Interviews/Show.tsx(61,87): error TS2339: Property 'title' does not exist on type 'JobPosting'.
packages/dionone/Recruitment/src/Resources/js/Pages/Interviews/Show.tsx(61,106): error TS2551: Property 'job_posting' does not exist on type 'Interview'. Did you mean 'jobPosting'?
packages/dionone/Recruitment/src/Resources/js/Pages/Interviews/Show.tsx(125,105): error TS2551: Property 'interview_round' does not exist on type 'Interview'. Did you mean 'interviewRound'?
packages/dionone/Recruitment/src/Resources/js/Pages/Interviews/Show.tsx(129,104): error TS2551: Property 'interview_type' does not exist on type 'Interview'. Did you mean 'interviewType'?
packages/dionone/Recruitment/src/Resources/js/Pages/Interviews/Show.tsx(208,28): error TS2339: Property 'notes' does not exist on type 'Interview'.
packages/dionone/Recruitment/src/Resources/js/Pages/Interviews/Show.tsx(218,79): error TS2339: Property 'notes' does not exist on type 'Interview'.
packages/dionone/Recruitment/src/Resources/js/Pages/Interviews/View.tsx(27,66): error TS2367: This comparison appears to be unintentional because the types 'boolean | undefined' and 'number' have no overlap.
packages/dionone/Recruitment/src/Resources/js/Pages/Interviews/View.tsx(27,104): error TS2367: This comparison appears to be unintentional because the types 'boolean | undefined' and 'string' have no overlap.
packages/dionone/Recruitment/src/Resources/js/Pages/Interviews/View.tsx(55,81): error TS2339: Property 'first_name' does not exist on type 'Candidate'.
packages/dionone/Recruitment/src/Resources/js/Pages/Interviews/View.tsx(55,122): error TS2339: Property 'last_name' does not exist on type 'Candidate'.
packages/dionone/Recruitment/src/Resources/js/Pages/Interviews/View.tsx(59,79): error TS2339: Property 'title' does not exist on type 'JobPosting'.
packages/dionone/Recruitment/src/Resources/js/Pages/Interviews/View.tsx(59,98): error TS2551: Property 'job_posting' does not exist on type 'Interview'. Did you mean 'jobPosting'?
packages/dionone/Recruitment/src/Resources/js/Pages/Interviews/View.tsx(107,101): error TS2551: Property 'interview_round' does not exist on type 'Interview'. Did you mean 'interviewRound'?
packages/dionone/Recruitment/src/Resources/js/Pages/Interviews/View.tsx(111,100): error TS2551: Property 'interview_type' does not exist on type 'Interview'. Did you mean 'interviewType'?
packages/dionone/Recruitment/src/Resources/js/Pages/JobPostings/Create.tsx(25,57): error TS2769: No overload matches this call.
  Overload 1 of 2, '(initialValues?: CreateJobPostingFormData | undefined): InertiaFormProps<CreateJobPostingFormData>', gave the following error.
    Type 'string' is not assignable to type 'boolean'.
  Overload 2 of 2, '(rememberKey: string, initialValues?: CreateJobPostingFormData | undefined): InertiaFormProps<CreateJobPostingFormData>', gave the following error.
    Argument of type '{ title: string; position: string; priority: string; job_application: string; application_url: string; branch_id: string; applicant: never[]; visibility: never[]; min_experience: string; max_experience: string; ... 16 more ...; skills: never[]; }' is not assignable to parameter of type 'string'.
packages/dionone/Recruitment/src/Resources/js/Pages/JobPostings/Create.tsx(59,59): error TS7006: Parameter 'field' implicitly has an 'any' type.
packages/dionone/Recruitment/src/Resources/js/Pages/JobPostings/Create.tsx(59,66): error TS7006: Parameter 'value' implicitly has an 'any' type.
packages/dionone/Recruitment/src/Resources/js/Pages/JobPostings/Create.tsx(65,60): error TS7006: Parameter 'field' implicitly has an 'any' type.
packages/dionone/Recruitment/src/Resources/js/Pages/JobPostings/Create.tsx(65,67): error TS7006: Parameter 'value' implicitly has an 'any' type.
packages/dionone/Recruitment/src/Resources/js/Pages/JobPostings/Create.tsx(71,56): error TS7006: Parameter 'field' implicitly has an 'any' type.
packages/dionone/Recruitment/src/Resources/js/Pages/JobPostings/Create.tsx(71,63): error TS7006: Parameter 'value' implicitly has an 'any' type.
packages/dionone/Recruitment/src/Resources/js/Pages/JobPostings/Create.tsx(77,53): error TS7006: Parameter 'field' implicitly has an 'any' type.
packages/dionone/Recruitment/src/Resources/js/Pages/JobPostings/Create.tsx(77,60): error TS7006: Parameter 'value' implicitly has an 'any' type.
packages/dionone/Recruitment/src/Resources/js/Pages/JobPostings/Create.tsx(191,45): error TS2339: Property 'branch_id' does not exist on type 'CreateJobPostingFormData'.
packages/dionone/Recruitment/src/Resources/js/Pages/JobPostings/Create.tsx(191,108): error TS2345: Argument of type '"branch_id"' is not assignable to parameter of type 'keyof CreateJobPostingFormData'.
packages/dionone/Recruitment/src/Resources/js/Pages/JobPostings/Create.tsx(203,53): error TS2339: Property 'branch_id' does not exist on type 'Partial<Record<keyof CreateJobPostingFormData, string>>'.
packages/dionone/Recruitment/src/Resources/js/Pages/JobPostings/Create.tsx(222,45): error TS2339: Property 'job_application' does not exist on type 'CreateJobPostingFormData'.
packages/dionone/Recruitment/src/Resources/js/Pages/JobPostings/Create.tsx(222,102): error TS2345: Argument of type '"job_application"' is not assignable to parameter of type 'keyof CreateJobPostingFormData'.
packages/dionone/Recruitment/src/Resources/js/Pages/JobPostings/Create.tsx(231,53): error TS2339: Property 'job_application' does not exist on type 'Partial<Record<keyof CreateJobPostingFormData, string>>'.
packages/dionone/Recruitment/src/Resources/js/Pages/JobPostings/Create.tsx(233,27): error TS2339: Property 'job_application' does not exist on type 'CreateJobPostingFormData'.
packages/dionone/Recruitment/src/Resources/js/Pages/JobPostings/Create.tsx(242,30): error TS2339: Property 'job_application' does not exist on type 'CreateJobPostingFormData'.
packages/dionone/Recruitment/src/Resources/js/Pages/JobPostings/Create.tsx(248,45): error TS2339: Property 'application_url' does not exist on type 'CreateJobPostingFormData'.
packages/dionone/Recruitment/src/Resources/js/Pages/JobPostings/Create.tsx(249,58): error TS2345: Argument of type '"application_url"' is not assignable to parameter of type 'keyof CreateJobPostingFormData'.
packages/dionone/Recruitment/src/Resources/js/Pages/JobPostings/Create.tsx(253,57): error TS2339: Property 'application_url' does not exist on type 'Partial<Record<keyof CreateJobPostingFormData, string>>'.
packages/dionone/Recruitment/src/Resources/js/Pages/JobPostings/Create.tsx(264,41): error TS2339: Property 'position' does not exist on type 'CreateJobPostingFormData'.
packages/dionone/Recruitment/src/Resources/js/Pages/JobPostings/Create.tsx(265,54): error TS2345: Argument of type '"position"' is not assignable to parameter of type 'keyof CreateJobPostingFormData'.
packages/dionone/Recruitment/src/Resources/js/Pages/JobPostings/Create.tsx(269,53): error TS2339: Property 'position' does not exist on type 'Partial<Record<keyof CreateJobPostingFormData, string>>'.
packages/dionone/Recruitment/src/Resources/js/Pages/JobPostings/Create.tsx(273,45): error TS2339: Property 'priority' does not exist on type 'CreateJobPostingFormData'.
packages/dionone/Recruitment/src/Resources/js/Pages/JobPostings/Create.tsx(273,107): error TS2345: Argument of type '"priority"' is not assignable to parameter of type 'keyof CreateJobPostingFormData'.
packages/dionone/Recruitment/src/Resources/js/Pages/JobPostings/Create.tsx(283,53): error TS2339: Property 'priority' does not exist on type 'Partial<Record<keyof CreateJobPostingFormData, string>>'.
packages/dionone/Recruitment/src/Resources/js/Pages/JobPostings/Create.tsx(362,47): error TS2339: Property 'applicant' does not exist on type 'CreateJobPostingFormData'.
packages/dionone/Recruitment/src/Resources/js/Pages/JobPostings/Create.tsx(365,49): error TS2345: Argument of type '"applicant"' is not assignable to parameter of type 'keyof CreateJobPostingFormData'.
packages/dionone/Recruitment/src/Resources/js/Pages/JobPostings/Create.tsx(365,71): error TS2339: Property 'applicant' does not exist on type 'CreateJobPostingFormData'.
packages/dionone/Recruitment/src/Resources/js/Pages/JobPostings/Create.tsx(367,49): error TS2345: Argument of type '"applicant"' is not assignable to parameter of type 'keyof CreateJobPostingFormData'.
packages/dionone/Recruitment/src/Resources/js/Pages/JobPostings/Create.tsx(367,67): error TS2339: Property 'applicant' does not exist on type 'CreateJobPostingFormData'.
packages/dionone/Recruitment/src/Resources/js/Pages/JobPostings/Create.tsx(367,84): error TS7006: Parameter 'item' implicitly has an 'any' type.
packages/dionone/Recruitment/src/Resources/js/Pages/JobPostings/Create.tsx(376,47): error TS2339: Property 'applicant' does not exist on type 'CreateJobPostingFormData'.
packages/dionone/Recruitment/src/Resources/js/Pages/JobPostings/Create.tsx(379,49): error TS2345: Argument of type '"applicant"' is not assignable to parameter of type 'keyof CreateJobPostingFormData'.
packages/dionone/Recruitment/src/Resources/js/Pages/JobPostings/Create.tsx(379,71): error TS2339: Property 'applicant' does not exist on type 'CreateJobPostingFormData'.
packages/dionone/Recruitment/src/Resources/js/Pages/JobPostings/Create.tsx(381,49): error TS2345: Argument of type '"applicant"' is not assignable to parameter of type 'keyof CreateJobPostingFormData'.
packages/dionone/Recruitment/src/Resources/js/Pages/JobPostings/Create.tsx(381,67): error TS2339: Property 'applicant' does not exist on type 'CreateJobPostingFormData'.
packages/dionone/Recruitment/src/Resources/js/Pages/JobPostings/Create.tsx(381,84): error TS7006: Parameter 'item' implicitly has an 'any' type.
packages/dionone/Recruitment/src/Resources/js/Pages/JobPostings/Create.tsx(390,47): error TS2339: Property 'applicant' does not exist on type 'CreateJobPostingFormData'.
packages/dionone/Recruitment/src/Resources/js/Pages/JobPostings/Create.tsx(393,49): error TS2345: Argument of type '"applicant"' is not assignable to parameter of type 'keyof CreateJobPostingFormData'.
packages/dionone/Recruitment/src/Resources/js/Pages/JobPostings/Create.tsx(393,71): error TS2339: Property 'applicant' does not exist on type 'CreateJobPostingFormData'.
packages/dionone/Recruitment/src/Resources/js/Pages/JobPostings/Create.tsx(395,49): error TS2345: Argument of type '"applicant"' is not assignable to parameter of type 'keyof CreateJobPostingFormData'.
packages/dionone/Recruitment/src/Resources/js/Pages/JobPostings/Create.tsx(395,67): error TS2339: Property 'applicant' does not exist on type 'CreateJobPostingFormData'.
packages/dionone/Recruitment/src/Resources/js/Pages/JobPostings/Create.tsx(395,84): error TS7006: Parameter 'item' implicitly has an 'any' type.
packages/dionone/Recruitment/src/Resources/js/Pages/JobPostings/Create.tsx(410,47): error TS2339: Property 'visibility' does not exist on type 'CreateJobPostingFormData'.
packages/dionone/Recruitment/src/Resources/js/Pages/JobPostings/Create.tsx(413,49): error TS2345: Argument of type '"visibility"' is not assignable to parameter of type 'keyof CreateJobPostingFormData'.
packages/dionone/Recruitment/src/Resources/js/Pages/JobPostings/Create.tsx(413,72): error TS2339: Property 'visibility' does not exist on type 'CreateJobPostingFormData'.
packages/dionone/Recruitment/src/Resources/js/Pages/JobPostings/Create.tsx(415,49): error TS2345: Argument of type '"visibility"' is not assignable to parameter of type 'keyof CreateJobPostingFormData'.
packages/dionone/Recruitment/src/Resources/js/Pages/JobPostings/Create.tsx(415,68): error TS2339: Property 'visibility' does not exist on type 'CreateJobPostingFormData'.
packages/dionone/Recruitment/src/Resources/js/Pages/JobPostings/Create.tsx(415,86): error TS7006: Parameter 'item' implicitly has an 'any' type.
packages/dionone/Recruitment/src/Resources/js/Pages/JobPostings/Create.tsx(424,47): error TS2339: Property 'visibility' does not exist on type 'CreateJobPostingFormData'.
packages/dionone/Recruitment/src/Resources/js/Pages/JobPostings/Create.tsx(427,49): error TS2345: Argument of type '"visibility"' is not assignable to parameter of type 'keyof CreateJobPostingFormData'.
packages/dionone/Recruitment/src/Resources/js/Pages/JobPostings/Create.tsx(427,72): error TS2339: Property 'visibility' does not exist on type 'CreateJobPostingFormData'.
packages/dionone/Recruitment/src/Resources/js/Pages/JobPostings/Create.tsx(429,49): error TS2345: Argument of type '"visibility"' is not assignable to parameter of type 'keyof CreateJobPostingFormData'.
packages/dionone/Recruitment/src/Resources/js/Pages/JobPostings/Create.tsx(429,68): error TS2339: Property 'visibility' does not exist on type 'CreateJobPostingFormData'.
packages/dionone/Recruitment/src/Resources/js/Pages/JobPostings/Create.tsx(429,86): error TS7006: Parameter 'item' implicitly has an 'any' type.
packages/dionone/Recruitment/src/Resources/js/Pages/JobPostings/Create.tsx(438,47): error TS2339: Property 'visibility' does not exist on type 'CreateJobPostingFormData'.
packages/dionone/Recruitment/src/Resources/js/Pages/JobPostings/Create.tsx(441,49): error TS2345: Argument of type '"visibility"' is not assignable to parameter of type 'keyof CreateJobPostingFormData'.
packages/dionone/Recruitment/src/Resources/js/Pages/JobPostings/Create.tsx(441,72): error TS2339: Property 'visibility' does not exist on type 'CreateJobPostingFormData'.
packages/dionone/Recruitment/src/Resources/js/Pages/JobPostings/Create.tsx(443,49): error TS2345: Argument of type '"visibility"' is not assignable to parameter of type 'keyof CreateJobPostingFormData'.
packages/dionone/Recruitment/src/Resources/js/Pages/JobPostings/Create.tsx(443,68): error TS2339: Property 'visibility' does not exist on type 'CreateJobPostingFormData'.
packages/dionone/Recruitment/src/Resources/js/Pages/JobPostings/Create.tsx(443,86): error TS7006: Parameter 'item' implicitly has an 'any' type.
packages/dionone/Recruitment/src/Resources/js/Pages/JobPostings/Create.tsx(459,25): error TS2322: Type '{ value: string[]; onChange: (skills: string[]) => void; placeholder: string; allowCustom: true; required: true; }' is not assignable to type 'IntrinsicAttributes & TagsInputProps & RefAttributes<HTMLDivElement>'.
  Property 'required' does not exist on type 'IntrinsicAttributes & TagsInputProps & RefAttributes<HTMLDivElement>'.
packages/dionone/Recruitment/src/Resources/js/Pages/JobPostings/Edit.tsx(24,88): error TS2769: No overload matches this call.
  Overload 2 of 2, '(rememberKey: string, initialValues?: EditJobPostingFormData | undefined): InertiaFormProps<EditJobPostingFormData>', gave the following error.
    Argument of type '{ title: string; position: any; priority: any; job_application: any; application_url: any; branch_id: any; applicant: any[]; visibility: any[]; min_experience: string | number; max_experience: string | number; ... 15 more ...; skills: string[]; }' is not assignable to parameter of type 'string'.
packages/dionone/Recruitment/src/Resources/js/Pages/JobPostings/Edit.tsx(26,30): error TS2339: Property 'position' does not exist on type 'JobPosting'.
packages/dionone/Recruitment/src/Resources/js/Pages/JobPostings/Edit.tsx(27,30): error TS2339: Property 'priority' does not exist on type 'JobPosting'.
packages/dionone/Recruitment/src/Resources/js/Pages/JobPostings/Edit.tsx(28,37): error TS2339: Property 'job_application' does not exist on type 'JobPosting'.
packages/dionone/Recruitment/src/Resources/js/Pages/JobPostings/Edit.tsx(29,37): error TS2339: Property 'application_url' does not exist on type 'JobPosting'.
packages/dionone/Recruitment/src/Resources/js/Pages/JobPostings/Edit.tsx(30,31): error TS2339: Property 'branch_id' does not exist on type 'JobPosting'.
packages/dionone/Recruitment/src/Resources/js/Pages/JobPostings/Edit.tsx(33,32): error TS2339: Property 'applicant' does not exist on type 'JobPosting'.
packages/dionone/Recruitment/src/Resources/js/Pages/JobPostings/Edit.tsx(34,58): error TS2339: Property 'applicant' does not exist on type 'JobPosting'.
packages/dionone/Recruitment/src/Resources/js/Pages/JobPostings/Edit.tsx(53,32): error TS2339: Property 'visibility' does not exist on type 'JobPosting'.
packages/dionone/Recruitment/src/Resources/js/Pages/JobPostings/Edit.tsx(54,58): error TS2339: Property 'visibility' does not exist on type 'JobPosting'.
packages/dionone/Recruitment/src/Resources/js/Pages/JobPostings/Edit.tsx(89,35): error TS2339: Property 'custom_questions' does not exist on type 'JobPosting'.
packages/dionone/Recruitment/src/Resources/js/Pages/JobPostings/Edit.tsx(89,76): error TS2339: Property 'custom_questions' does not exist on type 'JobPosting'.
packages/dionone/Recruitment/src/Resources/js/Pages/JobPostings/Edit.tsx(101,59): error TS7006: Parameter 'field' implicitly has an 'any' type.
packages/dionone/Recruitment/src/Resources/js/Pages/JobPostings/Edit.tsx(101,66): error TS7006: Parameter 'value' implicitly has an 'any' type.
packages/dionone/Recruitment/src/Resources/js/Pages/JobPostings/Edit.tsx(107,60): error TS7006: Parameter 'field' implicitly has an 'any' type.
packages/dionone/Recruitment/src/Resources/js/Pages/JobPostings/Edit.tsx(107,67): error TS7006: Parameter 'value' implicitly has an 'any' type.
packages/dionone/Recruitment/src/Resources/js/Pages/JobPostings/Edit.tsx(113,56): error TS7006: Parameter 'field' implicitly has an 'any' type.
packages/dionone/Recruitment/src/Resources/js/Pages/JobPostings/Edit.tsx(113,63): error TS7006: Parameter 'value' implicitly has an 'any' type.
packages/dionone/Recruitment/src/Resources/js/Pages/JobPostings/Edit.tsx(119,53): error TS7006: Parameter 'field' implicitly has an 'any' type.
packages/dionone/Recruitment/src/Resources/js/Pages/JobPostings/Edit.tsx(119,60): error TS7006: Parameter 'value' implicitly has an 'any' type.
packages/dionone/Recruitment/src/Resources/js/Pages/JobPostings/Edit.tsx(211,45): error TS2339: Property 'branch_id' does not exist on type 'EditJobPostingFormData'.
packages/dionone/Recruitment/src/Resources/js/Pages/JobPostings/Edit.tsx(211,108): error TS2345: Argument of type '"branch_id"' is not assignable to parameter of type 'keyof EditJobPostingFormData'.
packages/dionone/Recruitment/src/Resources/js/Pages/JobPostings/Edit.tsx(223,53): error TS2339: Property 'branch_id' does not exist on type 'Partial<Record<keyof EditJobPostingFormData, string>>'.
packages/dionone/Recruitment/src/Resources/js/Pages/JobPostings/Edit.tsx(228,45): error TS2339: Property 'job_application' does not exist on type 'EditJobPostingFormData'.
packages/dionone/Recruitment/src/Resources/js/Pages/JobPostings/Edit.tsx(228,102): error TS2345: Argument of type '"job_application"' is not assignable to parameter of type 'keyof EditJobPostingFormData'.
packages/dionone/Recruitment/src/Resources/js/Pages/JobPostings/Edit.tsx(237,53): error TS2339: Property 'job_application' does not exist on type 'Partial<Record<keyof EditJobPostingFormData, string>>'.
packages/dionone/Recruitment/src/Resources/js/Pages/JobPostings/Edit.tsx(239,27): error TS2339: Property 'job_application' does not exist on type 'EditJobPostingFormData'.
packages/dionone/Recruitment/src/Resources/js/Pages/JobPostings/Edit.tsx(248,30): error TS2339: Property 'job_application' does not exist on type 'EditJobPostingFormData'.
packages/dionone/Recruitment/src/Resources/js/Pages/JobPostings/Edit.tsx(254,45): error TS2339: Property 'application_url' does not exist on type 'EditJobPostingFormData'.
packages/dionone/Recruitment/src/Resources/js/Pages/JobPostings/Edit.tsx(255,58): error TS2345: Argument of type '"application_url"' is not assignable to parameter of type 'keyof EditJobPostingFormData'.
packages/dionone/Recruitment/src/Resources/js/Pages/JobPostings/Edit.tsx(259,57): error TS2339: Property 'application_url' does not exist on type 'Partial<Record<keyof EditJobPostingFormData, string>>'.
packages/dionone/Recruitment/src/Resources/js/Pages/JobPostings/Edit.tsx(270,41): error TS2339: Property 'position' does not exist on type 'EditJobPostingFormData'.
packages/dionone/Recruitment/src/Resources/js/Pages/JobPostings/Edit.tsx(271,54): error TS2345: Argument of type '"position"' is not assignable to parameter of type 'keyof EditJobPostingFormData'.
packages/dionone/Recruitment/src/Resources/js/Pages/JobPostings/Edit.tsx(275,53): error TS2339: Property 'position' does not exist on type 'Partial<Record<keyof EditJobPostingFormData, string>>'.
packages/dionone/Recruitment/src/Resources/js/Pages/JobPostings/Edit.tsx(279,45): error TS2339: Property 'priority' does not exist on type 'EditJobPostingFormData'.
packages/dionone/Recruitment/src/Resources/js/Pages/JobPostings/Edit.tsx(279,107): error TS2345: Argument of type '"priority"' is not assignable to parameter of type 'keyof EditJobPostingFormData'.
packages/dionone/Recruitment/src/Resources/js/Pages/JobPostings/Edit.tsx(289,53): error TS2339: Property 'priority' does not exist on type 'Partial<Record<keyof EditJobPostingFormData, string>>'.
packages/dionone/Recruitment/src/Resources/js/Pages/JobPostings/Edit.tsx(368,61): error TS2339: Property 'applicant' does not exist on type 'EditJobPostingFormData'.
packages/dionone/Recruitment/src/Resources/js/Pages/JobPostings/Edit.tsx(368,80): error TS2339: Property 'applicant' does not exist on type 'EditJobPostingFormData'.
packages/dionone/Recruitment/src/Resources/js/Pages/JobPostings/Edit.tsx(371,49): error TS2345: Argument of type '"applicant"' is not assignable to parameter of type 'keyof EditJobPostingFormData'.
packages/dionone/Recruitment/src/Resources/js/Pages/JobPostings/Edit.tsx(371,81): error TS2339: Property 'applicant' does not exist on type 'EditJobPostingFormData'.
packages/dionone/Recruitment/src/Resources/js/Pages/JobPostings/Edit.tsx(371,103): error TS2339: Property 'applicant' does not exist on type 'EditJobPostingFormData'.
packages/dionone/Recruitment/src/Resources/js/Pages/JobPostings/Edit.tsx(373,49): error TS2345: Argument of type '"applicant"' is not assignable to parameter of type 'keyof EditJobPostingFormData'.
packages/dionone/Recruitment/src/Resources/js/Pages/JobPostings/Edit.tsx(373,81): error TS2339: Property 'applicant' does not exist on type 'EditJobPostingFormData'.
packages/dionone/Recruitment/src/Resources/js/Pages/JobPostings/Edit.tsx(373,99): error TS2339: Property 'applicant' does not exist on type 'EditJobPostingFormData'.
packages/dionone/Recruitment/src/Resources/js/Pages/JobPostings/Edit.tsx(373,116): error TS7006: Parameter 'item' implicitly has an 'any' type.
packages/dionone/Recruitment/src/Resources/js/Pages/JobPostings/Edit.tsx(382,61): error TS2339: Property 'applicant' does not exist on type 'EditJobPostingFormData'.
packages/dionone/Recruitment/src/Resources/js/Pages/JobPostings/Edit.tsx(382,80): error TS2339: Property 'applicant' does not exist on type 'EditJobPostingFormData'.
packages/dionone/Recruitment/src/Resources/js/Pages/JobPostings/Edit.tsx(385,49): error TS2345: Argument of type '"applicant"' is not assignable to parameter of type 'keyof EditJobPostingFormData'.
packages/dionone/Recruitment/src/Resources/js/Pages/JobPostings/Edit.tsx(385,81): error TS2339: Property 'applicant' does not exist on type 'EditJobPostingFormData'.
packages/dionone/Recruitment/src/Resources/js/Pages/JobPostings/Edit.tsx(385,103): error TS2339: Property 'applicant' does not exist on type 'EditJobPostingFormData'.
packages/dionone/Recruitment/src/Resources/js/Pages/JobPostings/Edit.tsx(387,49): error TS2345: Argument of type '"applicant"' is not assignable to parameter of type 'keyof EditJobPostingFormData'.
packages/dionone/Recruitment/src/Resources/js/Pages/JobPostings/Edit.tsx(387,81): error TS2339: Property 'applicant' does not exist on type 'EditJobPostingFormData'.
packages/dionone/Recruitment/src/Resources/js/Pages/JobPostings/Edit.tsx(387,99): error TS2339: Property 'applicant' does not exist on type 'EditJobPostingFormData'.
packages/dionone/Recruitment/src/Resources/js/Pages/JobPostings/Edit.tsx(387,116): error TS7006: Parameter 'item' implicitly has an 'any' type.
packages/dionone/Recruitment/src/Resources/js/Pages/JobPostings/Edit.tsx(396,61): error TS2339: Property 'applicant' does not exist on type 'EditJobPostingFormData'.
packages/dionone/Recruitment/src/Resources/js/Pages/JobPostings/Edit.tsx(396,80): error TS2339: Property 'applicant' does not exist on type 'EditJobPostingFormData'.
packages/dionone/Recruitment/src/Resources/js/Pages/JobPostings/Edit.tsx(399,49): error TS2345: Argument of type '"applicant"' is not assignable to parameter of type 'keyof EditJobPostingFormData'.
packages/dionone/Recruitment/src/Resources/js/Pages/JobPostings/Edit.tsx(399,81): error TS2339: Property 'applicant' does not exist on type 'EditJobPostingFormData'.
packages/dionone/Recruitment/src/Resources/js/Pages/JobPostings/Edit.tsx(399,103): error TS2339: Property 'applicant' does not exist on type 'EditJobPostingFormData'.
packages/dionone/Recruitment/src/Resources/js/Pages/JobPostings/Edit.tsx(401,49): error TS2345: Argument of type '"applicant"' is not assignable to parameter of type 'keyof EditJobPostingFormData'.
packages/dionone/Recruitment/src/Resources/js/Pages/JobPostings/Edit.tsx(401,81): error TS2339: Property 'applicant' does not exist on type 'EditJobPostingFormData'.
packages/dionone/Recruitment/src/Resources/js/Pages/JobPostings/Edit.tsx(401,99): error TS2339: Property 'applicant' does not exist on type 'EditJobPostingFormData'.
packages/dionone/Recruitment/src/Resources/js/Pages/JobPostings/Edit.tsx(401,116): error TS7006: Parameter 'item' implicitly has an 'any' type.
packages/dionone/Recruitment/src/Resources/js/Pages/JobPostings/Edit.tsx(416,61): error TS2339: Property 'visibility' does not exist on type 'EditJobPostingFormData'.
packages/dionone/Recruitment/src/Resources/js/Pages/JobPostings/Edit.tsx(416,81): error TS2339: Property 'visibility' does not exist on type 'EditJobPostingFormData'.
packages/dionone/Recruitment/src/Resources/js/Pages/JobPostings/Edit.tsx(419,49): error TS2345: Argument of type '"visibility"' is not assignable to parameter of type 'keyof EditJobPostingFormData'.
packages/dionone/Recruitment/src/Resources/js/Pages/JobPostings/Edit.tsx(419,82): error TS2339: Property 'visibility' does not exist on type 'EditJobPostingFormData'.
packages/dionone/Recruitment/src/Resources/js/Pages/JobPostings/Edit.tsx(419,105): error TS2339: Property 'visibility' does not exist on type 'EditJobPostingFormData'.
packages/dionone/Recruitment/src/Resources/js/Pages/JobPostings/Edit.tsx(421,49): error TS2345: Argument of type '"visibility"' is not assignable to parameter of type 'keyof EditJobPostingFormData'.
packages/dionone/Recruitment/src/Resources/js/Pages/JobPostings/Edit.tsx(421,82): error TS2339: Property 'visibility' does not exist on type 'EditJobPostingFormData'.
packages/dionone/Recruitment/src/Resources/js/Pages/JobPostings/Edit.tsx(421,101): error TS2339: Property 'visibility' does not exist on type 'EditJobPostingFormData'.
packages/dionone/Recruitment/src/Resources/js/Pages/JobPostings/Edit.tsx(421,119): error TS7006: Parameter 'item' implicitly has an 'any' type.
packages/dionone/Recruitment/src/Resources/js/Pages/JobPostings/Edit.tsx(430,61): error TS2339: Property 'visibility' does not exist on type 'EditJobPostingFormData'.
packages/dionone/Recruitment/src/Resources/js/Pages/JobPostings/Edit.tsx(430,81): error TS2339: Property 'visibility' does not exist on type 'EditJobPostingFormData'.
packages/dionone/Recruitment/src/Resources/js/Pages/JobPostings/Edit.tsx(433,49): error TS2345: Argument of type '"visibility"' is not assignable to parameter of type 'keyof EditJobPostingFormData'.
packages/dionone/Recruitment/src/Resources/js/Pages/JobPostings/Edit.tsx(433,82): error TS2339: Property 'visibility' does not exist on type 'EditJobPostingFormData'.
packages/dionone/Recruitment/src/Resources/js/Pages/JobPostings/Edit.tsx(433,105): error TS2339: Property 'visibility' does not exist on type 'EditJobPostingFormData'.
packages/dionone/Recruitment/src/Resources/js/Pages/JobPostings/Edit.tsx(435,49): error TS2345: Argument of type '"visibility"' is not assignable to parameter of type 'keyof EditJobPostingFormData'.
packages/dionone/Recruitment/src/Resources/js/Pages/JobPostings/Edit.tsx(435,82): error TS2339: Property 'visibility' does not exist on type 'EditJobPostingFormData'.
packages/dionone/Recruitment/src/Resources/js/Pages/JobPostings/Edit.tsx(435,101): error TS2339: Property 'visibility' does not exist on type 'EditJobPostingFormData'.
packages/dionone/Recruitment/src/Resources/js/Pages/JobPostings/Edit.tsx(435,119): error TS7006: Parameter 'item' implicitly has an 'any' type.
packages/dionone/Recruitment/src/Resources/js/Pages/JobPostings/Edit.tsx(444,61): error TS2339: Property 'visibility' does not exist on type 'EditJobPostingFormData'.
packages/dionone/Recruitment/src/Resources/js/Pages/JobPostings/Edit.tsx(444,81): error TS2339: Property 'visibility' does not exist on type 'EditJobPostingFormData'.
packages/dionone/Recruitment/src/Resources/js/Pages/JobPostings/Edit.tsx(447,49): error TS2345: Argument of type '"visibility"' is not assignable to parameter of type 'keyof EditJobPostingFormData'.
packages/dionone/Recruitment/src/Resources/js/Pages/JobPostings/Edit.tsx(447,82): error TS2339: Property 'visibility' does not exist on type 'EditJobPostingFormData'.
packages/dionone/Recruitment/src/Resources/js/Pages/JobPostings/Edit.tsx(447,105): error TS2339: Property 'visibility' does not exist on type 'EditJobPostingFormData'.
packages/dionone/Recruitment/src/Resources/js/Pages/JobPostings/Edit.tsx(449,49): error TS2345: Argument of type '"visibility"' is not assignable to parameter of type 'keyof EditJobPostingFormData'.
packages/dionone/Recruitment/src/Resources/js/Pages/JobPostings/Edit.tsx(449,82): error TS2339: Property 'visibility' does not exist on type 'EditJobPostingFormData'.
packages/dionone/Recruitment/src/Resources/js/Pages/JobPostings/Edit.tsx(449,101): error TS2339: Property 'visibility' does not exist on type 'EditJobPostingFormData'.
packages/dionone/Recruitment/src/Resources/js/Pages/JobPostings/Edit.tsx(449,119): error TS7006: Parameter 'item' implicitly has an 'any' type.
packages/dionone/Recruitment/src/Resources/js/Pages/JobPostings/Edit.tsx(465,25): error TS2322: Type '{ value: string[]; onChange: (skills: string[]) => void; placeholder: string; allowCustom: true; required: true; }' is not assignable to type 'IntrinsicAttributes & TagsInputProps & RefAttributes<HTMLDivElement>'.
  Property 'required' does not exist on type 'IntrinsicAttributes & TagsInputProps & RefAttributes<HTMLDivElement>'.
packages/dionone/Recruitment/src/Resources/js/Pages/JobPostings/Index.tsx(197,46): error TS2367: This comparison appears to be unintentional because the types 'boolean' and 'string' have no overlap.
packages/dionone/Recruitment/src/Resources/js/Pages/JobPostings/Index.tsx(197,79): error TS2367: This comparison appears to be unintentional because the types 'boolean' and 'string' have no overlap.
packages/dionone/Recruitment/src/Resources/js/Pages/JobPostings/Index.tsx(202,43): error TS2367: This comparison appears to be unintentional because the types 'boolean' and 'string' have no overlap.
packages/dionone/Recruitment/src/Resources/js/Pages/JobPostings/Index.tsx(202,76): error TS2367: This comparison appears to be unintentional because the types 'boolean' and 'string' have no overlap.
packages/dionone/Recruitment/src/Resources/js/Pages/JobPostings/Index.tsx(210,42): error TS2367: This comparison appears to be unintentional because the types 'boolean' and 'string' have no overlap.
packages/dionone/Recruitment/src/Resources/js/Pages/JobPostings/Index.tsx(210,75): error TS2367: This comparison appears to be unintentional because the types 'boolean' and 'string' have no overlap.
packages/dionone/Recruitment/src/Resources/js/Pages/JobPostings/Index.tsx(443,73): error TS2538: Type 'boolean' cannot be used as an index type.
packages/dionone/Recruitment/src/Resources/js/Pages/JobPostings/Index.tsx(457,227): error TS2339: Property 'posting_code' does not exist on type 'JobPosting'.
packages/dionone/Recruitment/src/Resources/js/Pages/JobPostings/Index.tsx(459,118): error TS2339: Property 'posting_code' does not exist on type 'JobPosting'.
packages/dionone/Recruitment/src/Resources/js/Pages/JobPostings/Index.tsx(467,128): error TS2551: Property 'job_type' does not exist on type 'JobPosting'. Did you mean 'jobType'?
packages/dionone/Recruitment/src/Resources/js/Pages/JobPostings/Index.tsx(467,157): error TS2551: Property 'jobtype' does not exist on type 'JobPosting'. Did you mean 'jobType'?
packages/dionone/Recruitment/src/Resources/js/Pages/JobPostings/Index.tsx(477,100): error TS2339: Property 'branch_name' does not exist on type 'JobPosting'.
packages/dionone/Recruitment/src/Resources/js/Pages/JobPostings/Index.tsx(505,82): error TS2367: This comparison appears to be unintentional because the types 'boolean' and 'string' have no overlap.
packages/dionone/Recruitment/src/Resources/js/Pages/JobPostings/Index.tsx(505,115): error TS2367: This comparison appears to be unintentional because the types 'boolean' and 'string' have no overlap.
packages/dionone/Recruitment/src/Resources/js/Pages/JobPostings/Index.tsx(510,79): error TS2367: This comparison appears to be unintentional because the types 'boolean' and 'string' have no overlap.
packages/dionone/Recruitment/src/Resources/js/Pages/JobPostings/Index.tsx(510,112): error TS2367: This comparison appears to be unintentional because the types 'boolean' and 'string' have no overlap.
packages/dionone/Recruitment/src/Resources/js/Pages/JobPostings/Index.tsx(518,78): error TS2367: This comparison appears to be unintentional because the types 'boolean' and 'string' have no overlap.
packages/dionone/Recruitment/src/Resources/js/Pages/JobPostings/Index.tsx(518,111): error TS2367: This comparison appears to be unintentional because the types 'boolean' and 'string' have no overlap.
packages/dionone/Recruitment/src/Resources/js/Pages/JobPostings/Show.tsx(23,37): error TS2538: Type 'boolean' cannot be used as an index type.
packages/dionone/Recruitment/src/Resources/js/Pages/JobPostings/Show.tsx(60,85): error TS2551: Property 'job_type' does not exist on type 'JobPosting'. Did you mean 'jobType'?
packages/dionone/Recruitment/src/Resources/js/Pages/JobPostings/Show.tsx(180,115): error TS2551: Property 'job_type' does not exist on type 'JobPosting'. Did you mean 'jobType'?
packages/dionone/Recruitment/src/Resources/js/Pages/JobPostings/Show.tsx(188,87): error TS2339: Property 'branch_name' does not exist on type 'JobPosting'.
packages/dionone/Recruitment/src/Resources/js/Pages/JobPostings/Show.tsx(196,61): error TS2345: Argument of type 'number | undefined' is not assignable to parameter of type 'string | number'.
  Type 'undefined' is not assignable to type 'string | number'.
packages/dionone/Recruitment/src/Resources/js/Pages/JobPostings/Show.tsx(196,108): error TS2345: Argument of type 'number | undefined' is not assignable to parameter of type 'string | number'.
  Type 'undefined' is not assignable to type 'string | number'.
packages/dionone/Recruitment/src/Resources/js/Pages/JobPostings/Show.tsx(227,45): error TS2339: Property 'job_application' does not exist on type 'JobPosting'.
packages/dionone/Recruitment/src/Resources/js/Pages/JobPostings/Show.tsx(230,102): error TS2339: Property 'job_application' does not exist on type 'JobPosting'.
packages/dionone/Recruitment/src/Resources/js/Pages/JobPostings/Show.tsx(233,45): error TS2339: Property 'application_url' does not exist on type 'JobPosting'.
packages/dionone/Recruitment/src/Resources/js/Pages/JobPostings/Show.tsx(236,61): error TS2339: Property 'application_url' does not exist on type 'JobPosting'.
packages/dionone/Recruitment/src/Resources/js/Pages/JobPostings/Show.tsx(237,57): error TS2339: Property 'application_url' does not exist on type 'JobPosting'.
packages/dionone/Recruitment/src/Resources/js/Pages/Offers/ConvertToEmployee.tsx(80,39): error TS2339: Property 'phone' does not exist on type '{ first_name: string; last_name: string; email: string; }'.
packages/dionone/Recruitment/src/Resources/js/Pages/Offers/ConvertToEmployee.tsx(201,38): error TS7053: Element implicitly has an 'any' type because expression of type 'string' can't be used to index type '{ employee_id: string; candidate_name: string; candidate_email: string; phone_number: any; date_of_birth: string; gender: string; password: string; shift_id: string; attendance_policy: string; ... 24 more ...; documents: { ...; }[]; }'.
  No index signature with a parameter of type 'string' was found on type '{ employee_id: string; candidate_name: string; candidate_email: string; phone_number: any; date_of_birth: string; gender: string; password: string; shift_id: string; attendance_policy: string; ... 24 more ...; documents: { ...; }[]; }'.
packages/dionone/Recruitment/src/Resources/js/Pages/Offers/ConvertToEmployee.tsx(801,74): error TS7053: Element implicitly has an 'any' type because expression of type '`documents.${number}.document_type_id`' can't be used to index type 'Partial<Record<"city" | "password" | "country" | "state" | "employee_id" | "date_of_birth" | "gender" | "shift_id" | "date_of_joining" | "employment_type" | "address_line_1" | "address_line_2" | ... 21 more ... | "phone_number", string>>'.
packages/dionone/Recruitment/src/Resources/js/Pages/Offers/ConvertToEmployee.tsx(817,74): error TS7053: Element implicitly has an 'any' type because expression of type '`documents.${number}.file`' can't be used to index type 'Partial<Record<"city" | "password" | "country" | "state" | "employee_id" | "date_of_birth" | "gender" | "shift_id" | "date_of_joining" | "employment_type" | "address_line_1" | "address_line_2" | ... 21 more ... | "phone_number", string>>'.
packages/dionone/Recruitment/src/Resources/js/Pages/Offers/Create.tsx(22,86): error TS2769: No overload matches this call.
  Overload 2 of 2, '(rememberKey: string, initialValues?: CreateOfferFormData | undefined): InertiaFormProps<CreateOfferFormData>', gave the following error.
    Argument of type '{ candidate_id: string; job_id: string; offer_date: string; position: string; department_id: string; salary: string; bonus: string; equity: string; benefits: string; start_date: string; expiration_date: string; offer_letter_path: string; status: string; response_date: string; decline_reason: string; }' is not assignable to parameter of type 'string'.
packages/dionone/Recruitment/src/Resources/js/Pages/Offers/Create.tsx(116,125): error TS2345: Argument of type 'string' is not assignable to parameter of type 'boolean'.
packages/dionone/Recruitment/src/Resources/js/Pages/Offers/Edit.tsx(18,83): error TS2769: No overload matches this call.
  Overload 2 of 2, '(rememberKey: string, initialValues?: EditOfferFormData | undefined): InertiaFormProps<EditOfferFormData>', gave the following error.
    Argument of type '{ candidate_id: any; position: any; department_id: string; salary: string | number; bonus: string | number; equity: any; start_date: any; expiration_date: any; status: string; benefits: string; }' is not assignable to parameter of type 'string'.
packages/dionone/Recruitment/src/Resources/js/Pages/Offers/Edit.tsx(92,125): error TS2345: Argument of type 'string' is not assignable to parameter of type 'boolean'.
packages/dionone/Recruitment/src/Resources/js/Pages/Offers/Edit.tsx(179,112): error TS2345: Argument of type 'string' is not assignable to parameter of type 'boolean'.
packages/dionone/Recruitment/src/Resources/js/Pages/Offers/Index.tsx(34,58): error TS2345: Argument of type '{ position: string; candidate_id: string; start_date: string; expiration_date: string; status: string; approval_status: string; offer_date: string; }' is not assignable to parameter of type 'OfferFilters | (() => OfferFilters)'.
  Type '{ position: string; candidate_id: string; start_date: string; expiration_date: string; status: string; approval_status: string; offer_date: string; }' is missing the following properties from type 'OfferFilters': benefits, decline_reason, job_id
packages/dionone/Recruitment/src/Resources/js/Pages/Offers/Index.tsx(105,20): error TS2345: Argument of type '{ position: string; candidate_id: string; start_date: string; expiration_date: string; status: string; approval_status: string; offer_date: string; }' is not assignable to parameter of type 'SetStateAction<OfferFilters>'.
  Type '{ position: string; candidate_id: string; start_date: string; expiration_date: string; status: string; approval_status: string; offer_date: string; }' is missing the following properties from type 'OfferFilters': benefits, decline_reason, job_id
packages/dionone/Recruitment/src/Resources/js/Pages/Offers/Index.tsx(271,26): error TS2367: This comparison appears to be unintentional because the types 'boolean' and 'string' have no overlap.
packages/dionone/Recruitment/src/Resources/js/Pages/Offers/Index.tsx(274,104): error TS2339: Property 'download_url' does not exist on type 'Offer'.
packages/dionone/Recruitment/src/Resources/js/Pages/Offers/Index.tsx(283,26): error TS2367: This comparison appears to be unintentional because the types 'boolean' and 'string' have no overlap.
packages/dionone/Recruitment/src/Resources/js/Pages/Offers/Index.tsx(283,65): error TS2339: Property 'converted_to_employee' does not exist on type 'Offer'.
packages/dionone/Recruitment/src/Resources/js/Pages/Offers/Index.tsx(295,40): error TS2339: Property 'converted_to_employee' does not exist on type 'Offer'.
packages/dionone/Recruitment/src/Resources/js/Pages/Offers/Index.tsx(295,72): error TS2339: Property 'employee_id' does not exist on type 'Offer'.
packages/dionone/Recruitment/src/Resources/js/Pages/Offers/Index.tsx(298,131): error TS2339: Property 'employee_id' does not exist on type 'Offer'.
packages/dionone/Recruitment/src/Resources/js/Pages/Offers/Index.tsx(478,37): error TS2322: Type 'string' is not assignable to type 'Date'.
packages/dionone/Recruitment/src/Resources/js/Pages/Offers/Index.tsx(538,76): error TS2339: Property 'first_name' does not exist on type 'Candidate'.
packages/dionone/Recruitment/src/Resources/js/Pages/Offers/Index.tsx(539,75): error TS2339: Property 'last_name' does not exist on type 'Candidate'.
packages/dionone/Recruitment/src/Resources/js/Pages/Offers/Index.tsx(543,83): error TS2538: Type 'boolean' cannot be used as an index type.
packages/dionone/Recruitment/src/Resources/js/Pages/Offers/Index.tsx(543,129): error TS2538: Type 'boolean' cannot be used as an index type.
packages/dionone/Recruitment/src/Resources/js/Pages/Offers/Index.tsx(554,114): error TS2339: Property 'title' does not exist on type 'JobPosting'.
packages/dionone/Recruitment/src/Resources/js/Pages/Offers/Index.tsx(593,91): error TS2551: Property 'department' does not exist on type 'Offer'. Did you mean 'department_id'?
packages/dionone/Recruitment/src/Resources/js/Pages/Offers/Index.tsx(612,62): error TS2367: This comparison appears to be unintentional because the types 'boolean' and 'string' have no overlap.
packages/dionone/Recruitment/src/Resources/js/Pages/Offers/Index.tsx(615,140): error TS2339: Property 'download_url' does not exist on type 'Offer'.
packages/dionone/Recruitment/src/Resources/js/Pages/Offers/Index.tsx(624,62): error TS2367: This comparison appears to be unintentional because the types 'boolean' and 'string' have no overlap.
packages/dionone/Recruitment/src/Resources/js/Pages/Offers/Index.tsx(624,101): error TS2339: Property 'converted_to_employee' does not exist on type 'Offer'.
packages/dionone/Recruitment/src/Resources/js/Pages/Offers/Index.tsx(636,76): error TS2339: Property 'converted_to_employee' does not exist on type 'Offer'.
packages/dionone/Recruitment/src/Resources/js/Pages/Offers/Index.tsx(636,108): error TS2339: Property 'employee_id' does not exist on type 'Offer'.
packages/dionone/Recruitment/src/Resources/js/Pages/Offers/Index.tsx(639,167): error TS2339: Property 'employee_id' does not exist on type 'Offer'.
packages/dionone/Recruitment/src/Resources/js/Pages/Offers/OfferLetterPdf.tsx(67,78): error TS2344: Type 'OfferLetterPdfProps' does not satisfy the constraint 'PageProps'.
  Index signature for type 'string' is missing in type 'OfferLetterPdfProps'.
packages/dionone/Recruitment/src/Resources/js/Pages/Offers/OfferLetterPdf.tsx(87,24): error TS2345: Argument of type '{ margin: number; filename: string; image: { type: string; quality: number; }; html2canvas: { scale: number; }; jsPDF: { unit: string; format: string; orientation: string; }; }' is not assignable to parameter of type 'Html2PdfOptions'.
  The types of 'image.type' are incompatible between these types.
    Type 'string' is not assignable to type '"png" | "jpeg" | "webp" | undefined'.
packages/dionone/Recruitment/src/Resources/js/Pages/Offers/View.tsx(27,44): error TS2339: Property 'first_name' does not exist on type 'Candidate'.
packages/dionone/Recruitment/src/Resources/js/Pages/Offers/View.tsx(28,43): error TS2339: Property 'last_name' does not exist on type 'Candidate'.
packages/dionone/Recruitment/src/Resources/js/Pages/Offers/View.tsx(63,115): error TS2345: Argument of type 'boolean' is not assignable to parameter of type 'string'.
packages/dionone/Recruitment/src/Resources/js/Pages/Offers/View.tsx(64,42): error TS2345: Argument of type 'boolean' is not assignable to parameter of type 'string'.
packages/dionone/Recruitment/src/Resources/js/Pages/Offers/View.tsx(84,76): error TS2339: Property 'email' does not exist on type 'Candidate'.
packages/dionone/Recruitment/src/Resources/js/Pages/Offers/View.tsx(88,76): error TS2339: Property 'phone' does not exist on type 'Candidate'.
packages/dionone/Recruitment/src/Resources/js/Pages/Offers/View.tsx(92,70): error TS2339: Property 'title' does not exist on type 'JobPosting'.
packages/dionone/Recruitment/src/Resources/js/Pages/Offers/View.tsx(96,65): error TS2551: Property 'department' does not exist on type 'Offer'. Did you mean 'department_id'?
packages/dionone/Recruitment/src/Resources/js/Pages/SystemSetup/AboutCompany/Index.tsx(25,40): error TS2344: Type 'SettingsProps' does not satisfy the constraint 'PageProps'.
  Index signature for type 'string' is missing in type 'SettingsProps'.
packages/dionone/Recruitment/src/Resources/js/Pages/SystemSetup/ApplicationTips/Index.tsx(27,40): error TS2344: Type 'SettingsProps' does not satisfy the constraint 'PageProps'.
  Index signature for type 'string' is missing in type 'SettingsProps'.
packages/dionone/Recruitment/src/Resources/js/Pages/SystemSetup/ApplicationTips/Index.tsx(86,13): error TS2322: Type '{ tips: Tip[]; }' is not assignable to type 'FormDataConvertible'.
  Type '{ tips: Tip[]; }' is not assignable to type '{ [key: string]: FormDataConvertible; }'.
    Property 'tips' is incompatible with index signature.
      Type 'Tip[]' is not assignable to type 'FormDataConvertible'.
        Type 'Tip[]' is not assignable to type 'FormDataConvertible[]'.
          Type 'Tip' is not assignable to type 'FormDataConvertible'.
            Type 'Tip' is not assignable to type '{ [key: string]: FormDataConvertible; }'.
              Index signature for type 'string' is missing in type 'Tip'.
packages/dionone/Recruitment/src/Resources/js/Pages/SystemSetup/BrandSettings/Index.tsx(27,40): error TS2344: Type 'SettingsProps' does not satisfy the constraint 'PageProps'.
  Index signature for type 'string' is missing in type 'SettingsProps'.
packages/dionone/Recruitment/src/Resources/js/Pages/SystemSetup/CandidateSources/Edit.tsx(13,32): error TS2339: Property 'candidatesources' does not exist on type 'EditCandidateSourcesProps'.
packages/dionone/Recruitment/src/Resources/js/Pages/SystemSetup/CandidateSources/Index.tsx(148,45): error TS2740: Type 'PaginatedData<CandidateSources>' is missing the following properties from type 'CandidateSources[]': length, pop, push, concat, and 35 more.
packages/dionone/Recruitment/src/Resources/js/Pages/SystemSetup/CandidateSources/Index.tsx(176,29): error TS2322: Type '{ candidatesources: CandidateSources; onSuccess: () => void; }' is not assignable to type 'IntrinsicAttributes & EditCandidateSourcesProps'.
  Property 'candidatesources' does not exist on type 'IntrinsicAttributes & EditCandidateSourcesProps'.
packages/dionone/Recruitment/src/Resources/js/Pages/SystemSetup/DashboardWelcomeCard/Index.tsx(108,45): error TS2322: Type '{ value: string; onChange: (icon: string) => void; placeholder: string; required: true; }' is not assignable to type 'IntrinsicAttributes & IconPickerProps'.
  Property 'required' does not exist on type 'IntrinsicAttributes & IconPickerProps'.
packages/dionone/Recruitment/src/Resources/js/Pages/SystemSetup/InterviewTypes/Edit.tsx(13,32): error TS2339: Property 'interviewtype' does not exist on type 'EditInterviewTypeProps'.
packages/dionone/Recruitment/src/Resources/js/Pages/SystemSetup/InterviewTypes/Index.tsx(148,45): error TS2740: Type 'PaginatedData<InterviewType>' is missing the following properties from type 'InterviewType[]': length, pop, push, concat, and 35 more.
packages/dionone/Recruitment/src/Resources/js/Pages/SystemSetup/InterviewTypes/Index.tsx(176,29): error TS2322: Type '{ interviewtype: InterviewType; onSuccess: () => void; }' is not assignable to type 'IntrinsicAttributes & EditInterviewTypeProps'.
  Property 'interviewtype' does not exist on type 'IntrinsicAttributes & EditInterviewTypeProps'.
packages/dionone/Recruitment/src/Resources/js/Pages/SystemSetup/JobCategories/Edit.tsx(13,32): error TS2339: Property 'jobcategory' does not exist on type 'EditJobCategoryProps'.
packages/dionone/Recruitment/src/Resources/js/Pages/SystemSetup/JobCategories/Index.tsx(149,45): error TS2740: Type 'PaginatedData<JobCategory>' is missing the following properties from type 'JobCategory[]': length, pop, push, concat, and 35 more.
packages/dionone/Recruitment/src/Resources/js/Pages/SystemSetup/JobCategories/Index.tsx(177,29): error TS2322: Type '{ jobcategory: JobCategory; onSuccess: () => void; }' is not assignable to type 'IntrinsicAttributes & EditJobCategoryProps'.
  Property 'jobcategory' does not exist on type 'IntrinsicAttributes & EditJobCategoryProps'.
packages/dionone/Recruitment/src/Resources/js/Pages/SystemSetup/JobTypes/Edit.tsx(13,32): error TS2339: Property 'jobtype' does not exist on type 'EditJobTypeProps'.
packages/dionone/Recruitment/src/Resources/js/Pages/SystemSetup/JobTypes/Index.tsx(148,45): error TS2740: Type 'PaginatedData<JobType>' is missing the following properties from type 'JobType[]': length, pop, push, concat, and 35 more.
packages/dionone/Recruitment/src/Resources/js/Pages/SystemSetup/JobTypes/Index.tsx(176,29): error TS2322: Type '{ jobtype: JobType; onSuccess: () => void; }' is not assignable to type 'IntrinsicAttributes & EditJobTypeProps'.
  Property 'jobtype' does not exist on type 'IntrinsicAttributes & EditJobTypeProps'.
packages/dionone/Recruitment/src/Resources/js/Pages/SystemSetup/NeedHelp/Index.tsx(25,40): error TS2344: Type 'SettingsProps' does not satisfy the constraint 'PageProps'.
  Index signature for type 'string' is missing in type 'SettingsProps'.
packages/dionone/Recruitment/src/Resources/js/Pages/SystemSetup/OfferLetterTemplate/Index.tsx(24,40): error TS2344: Type 'SettingsProps' does not satisfy the constraint 'PageProps'.
  Index signature for type 'string' is missing in type 'SettingsProps'.
packages/dionone/Recruitment/src/Resources/js/Pages/SystemSetup/OfferLetterTemplate/Index.tsx(93,64): error TS7006: Parameter 'field' implicitly has an 'any' type.
packages/dionone/Recruitment/src/Resources/js/Pages/SystemSetup/OfferLetterTemplate/Index.tsx(93,71): error TS7006: Parameter 'value' implicitly has an 'any' type.
packages/dionone/Recruitment/src/Resources/js/Pages/SystemSetup/OnboardingChecklists/Edit.tsx(14,32): error TS2339: Property 'onboardingchecklist' does not exist on type 'EditOnboardingChecklistProps'.
packages/dionone/Recruitment/src/Resources/js/Pages/SystemSetup/OnboardingChecklists/Index.tsx(180,45): error TS2740: Type 'PaginatedData<OnboardingChecklist>' is missing the following properties from type 'OnboardingChecklist[]': length, pop, push, concat, and 35 more.
packages/dionone/Recruitment/src/Resources/js/Pages/SystemSetup/OnboardingChecklists/Index.tsx(208,29): error TS2322: Type '{ onboardingchecklist: OnboardingChecklist; onSuccess: () => void; }' is not assignable to type 'IntrinsicAttributes & EditOnboardingChecklistProps'.
  Property 'onboardingchecklist' does not exist on type 'IntrinsicAttributes & EditOnboardingChecklistProps'.
packages/dionone/Recruitment/src/Resources/js/Pages/SystemSetup/TrackingFaq/Index.tsx(29,40): error TS2344: Type 'SettingsProps' does not satisfy the constraint 'PageProps'.
  Index signature for type 'string' is missing in type 'SettingsProps'.
packages/dionone/Recruitment/src/Resources/js/Pages/SystemSetup/TrackingFaq/Index.tsx(91,13): error TS2322: Type '{ faqs: Faq[]; }' is not assignable to type 'FormDataConvertible'.
  Type '{ faqs: Faq[]; }' is not assignable to type '{ [key: string]: FormDataConvertible; }'.
    Property 'faqs' is incompatible with index signature.
      Type 'Faq[]' is not assignable to type 'FormDataConvertible'.
        Type 'Faq[]' is not assignable to type 'FormDataConvertible[]'.
          Type 'Faq' is not assignable to type 'FormDataConvertible'.
            Type 'Faq' is not assignable to type '{ [key: string]: FormDataConvertible; }'.
              Index signature for type 'string' is missing in type 'Faq'.
packages/dionone/Recruitment/src/Resources/js/Pages/SystemSetup/WhatHappensNext/Index.tsx(31,40): error TS2344: Type 'SettingsProps' does not satisfy the constraint 'PageProps'.
  Index signature for type 'string' is missing in type 'SettingsProps'.
packages/dionone/Recruitment/src/Resources/js/Pages/SystemSetup/WhatHappensNext/Index.tsx(96,13): error TS2322: Type '{ steps: Step[]; }' is not assignable to type 'FormDataConvertible'.
  Type '{ steps: Step[]; }' is not assignable to type '{ [key: string]: FormDataConvertible; }'.
    Property 'steps' is incompatible with index signature.
      Type 'Step[]' is not assignable to type 'FormDataConvertible'.
        Type 'Step[]' is not assignable to type 'FormDataConvertible[]'.
          Type 'Step' is not assignable to type 'FormDataConvertible'.
            Type 'Step' is not assignable to type '{ [key: string]: FormDataConvertible; }'.
              Index signature for type 'string' is missing in type 'Step'.
packages/dionone/SupportTicket/src/Resources/js/faq/Import.tsx(3,28): error TS2305: Module '"@/Components/ui/card"' has no exported member 'CardBody'.
packages/dionone/SupportTicket/src/Resources/js/faq/Import.tsx(3,44): error TS1149: File name 'C:/Users/DION-SERVER/Desktop/codecanyon-FOhzjwS6-erpgo-saas-all-in-one-business-erp-with-project-account-hrm-crm-pos/main-file/resources/js/Components/ui/card.tsx' differs from already included file name 'C:/Users/DION-SERVER/Desktop/codecanyon-FOhzjwS6-erpgo-saas-all-in-one-business-erp-with-project-account-hrm-crm-pos/main-file/resources/js/components/ui/card.tsx' only in casing.
  The file is in the program because:
    Imported via '@/components/ui/card' from file 'C:/Users/DION-SERVER/Desktop/codecanyon-FOhzjwS6-erpgo-saas-all-in-one-business-erp-with-project-account-hrm-crm-pos/main-file/resources/js/pages/settings/components/brand-settings.tsx'
    Imported via '@/components/ui/card' from file 'C:/Users/DION-SERVER/Desktop/codecanyon-FOhzjwS6-erpgo-saas-all-in-one-business-erp-with-project-account-hrm-crm-pos/main-file/resources/js/pages/settings/components/company-settings.tsx'
    Imported via '@/components/ui/card' from file 'C:/Users/DION-SERVER/Desktop/codecanyon-FOhzjwS6-erpgo-saas-all-in-one-business-erp-with-project-account-hrm-crm-pos/main-file/resources/js/pages/settings/components/system-settings.tsx'
    Imported via '@/components/ui/card' from file 'C:/Users/DION-SERVER/Desktop/codecanyon-FOhzjwS6-erpgo-saas-all-in-one-business-erp-with-project-account-hrm-crm-pos/main-file/resources/js/pages/settings/components/currency-settings.tsx'
    Imported via '@/components/ui/card' from file 'C:/Users/DION-SERVER/Desktop/codecanyon-FOhzjwS6-erpgo-saas-all-in-one-business-erp-with-project-account-hrm-crm-pos/main-file/resources/js/pages/settings/components/seo-settings.tsx'
    Imported via '@/components/ui/card' from file 'C:/Users/DION-SERVER/Desktop/codecanyon-FOhzjwS6-erpgo-saas-all-in-one-business-erp-with-project-account-hrm-crm-pos/main-file/resources/js/pages/settings/components/storage-settings.tsx'
    Imported via '@/components/ui/card' from file 'C:/Users/DION-SERVER/Desktop/codecanyon-FOhzjwS6-erpgo-saas-all-in-one-business-erp-with-project-account-hrm-crm-pos/main-file/resources/js/pages/settings/components/email-settings.tsx'
    Imported via '@/components/ui/card' from file 'C:/Users/DION-SERVER/Desktop/codecanyon-FOhzjwS6-erpgo-saas-all-in-one-business-erp-with-project-account-hrm-crm-pos/main-file/resources/js/pages/settings/components/pusher-settings.tsx'
    Imported via '@/components/ui/card' from file 'C:/Users/DION-SERVER/Desktop/codecanyon-FOhzjwS6-erpgo-saas-all-in-one-business-erp-with-project-account-hrm-crm-pos/main-file/resources/js/pages/settings/components/email-notification-settings.tsx'
    Imported via '@/components/ui/card' from file 'C:/Users/DION-SERVER/Desktop/codecanyon-FOhzjwS6-erpgo-saas-all-in-one-business-erp-with-project-account-hrm-crm-pos/main-file/resources/js/pages/settings/components/cookie-settings.tsx'
    Imported via '@/components/ui/card' from file 'C:/Users/DION-SERVER/Desktop/codecanyon-FOhzjwS6-erpgo-saas-all-in-one-business-erp-with-project-account-hrm-crm-pos/main-file/resources/js/pages/settings/components/bank-transfer-settings.tsx'
    Imported via '@/components/ui/card' from file 'C:/Users/DION-SERVER/Desktop/codecanyon-FOhzjwS6-erpgo-saas-all-in-one-business-erp-with-project-account-hrm-crm-pos/main-file/resources/js/pages/settings/components/cache-settings.tsx'
    Imported via '@/components/ui/card' from file 'C:/Users/DION-SERVER/Desktop/codecanyon-FOhzjwS6-erpgo-saas-all-in-one-business-erp-with-project-account-hrm-crm-pos/main-file/resources/js/components/cookie-consent.tsx'
    Imported via '@/components/ui/card' from file 'C:/Users/DION-SERVER/Desktop/codecanyon-FOhzjwS6-erpgo-saas-all-in-one-business-erp-with-project-account-hrm-crm-pos/main-file/resources/js/components/components/cookie-consent.tsx'
    Imported via '@/components/ui/card' from file 'C:/Users/DION-SERVER/Desktop/codecanyon-FOhzjwS6-erpgo-saas-all-in-one-business-erp-with-project-account-hrm-crm-pos/main-file/resources/js/components/components/ui/subscription-info.tsx'
    Matched by include pattern 'resources/js/**/*.tsx' in 'C:/Users/DION-SERVER/Desktop/codecanyon-FOhzjwS6-erpgo-saas-all-in-one-business-erp-with-project-account-hrm-crm-pos/main-file/tsconfig.json'
    Imported via './card' from file 'C:/Users/DION-SERVER/Desktop/codecanyon-FOhzjwS6-erpgo-saas-all-in-one-business-erp-with-project-account-hrm-crm-pos/main-file/resources/js/components/ui/data-table.tsx'
    Imported via '@/components/ui/card' from file 'C:/Users/DION-SERVER/Desktop/codecanyon-FOhzjwS6-erpgo-saas-all-in-one-business-erp-with-project-account-hrm-crm-pos/main-file/resources/js/components/ui/subscription-info.tsx'
    Imported via '@/components/ui/card' from file 'C:/Users/DION-SERVER/Desktop/codecanyon-FOhzjwS6-erpgo-saas-all-in-one-business-erp-with-project-account-hrm-crm-pos/main-file/resources/js/pages/CompanyDashboard.tsx'
    Imported via '@/components/ui/card' from file 'C:/Users/DION-SERVER/Desktop/codecanyon-FOhzjwS6-erpgo-saas-all-in-one-business-erp-with-project-account-hrm-crm-pos/main-file/resources/js/pages/StaffDashboard.tsx'
    Imported via "@/components/ui/card" from file 'C:/Users/DION-SERVER/Desktop/codecanyon-FOhzjwS6-erpgo-saas-all-in-one-business-erp-with-project-account-hrm-crm-pos/main-file/resources/js/pages/SuperAdminDashboard.tsx'
    Imported via '@/components/ui/card' from file 'C:/Users/DION-SERVER/Desktop/codecanyon-FOhzjwS6-erpgo-saas-all-in-one-business-erp-with-project-account-hrm-crm-pos/main-file/resources/js/pages/media-library.tsx'
    Imported via '@/components/ui/card' from file 'C:/Users/DION-SERVER/Desktop/codecanyon-FOhzjwS6-erpgo-saas-all-in-one-business-erp-with-project-account-hrm-crm-pos/main-file/resources/js/pages/EmailTemplates/Edit.tsx'
    Imported via '@/components/ui/card' from file 'C:/Users/DION-SERVER/Desktop/codecanyon-FOhzjwS6-erpgo-saas-all-in-one-business-erp-with-project-account-hrm-crm-pos/main-file/resources/js/pages/EmailTemplates/Index.tsx'
    Imported via '@/components/ui/card' from file 'C:/Users/DION-SERVER/Desktop/codecanyon-FOhzjwS6-erpgo-saas-all-in-one-business-erp-with-project-account-hrm-crm-pos/main-file/resources/js/pages/EmailTemplates/EmailTemplates/Edit.tsx'
    Imported via '@/components/ui/card' from file 'C:/Users/DION-SERVER/Desktop/codecanyon-FOhzjwS6-erpgo-saas-all-in-one-business-erp-with-project-account-hrm-crm-pos/main-file/resources/js/pages/EmailTemplates/EmailTemplates/Index.tsx'
    Imported via '@/components/ui/card' from file 'C:/Users/DION-SERVER/Desktop/codecanyon-FOhzjwS6-erpgo-saas-all-in-one-business-erp-with-project-account-hrm-crm-pos/main-file/resources/js/pages/Installer/Environment.tsx'
    Imported via '@/components/ui/card' from file 'C:/Users/DION-SERVER/Desktop/codecanyon-FOhzjwS6-erpgo-saas-all-in-one-business-erp-with-project-account-hrm-crm-pos/main-file/resources/js/pages/Installer/Installer/Environment.tsx'
    Imported via '@/components/ui/card' from file 'C:/Users/DION-SERVER/Desktop/codecanyon-FOhzjwS6-erpgo-saas-all-in-one-business-erp-with-project-account-hrm-crm-pos/main-file/resources/js/pages/MissionCommand/AffiliateEngine/Index.tsx'
    Imported via '@/components/ui/card' from file 'C:/Users/DION-SERVER/Desktop/codecanyon-FOhzjwS6-erpgo-saas-all-in-one-business-erp-with-project-account-hrm-crm-pos/main-file/resources/js/pages/MissionCommand/DionFlow/Index.tsx'
    Imported via '@/components/ui/card' from file 'C:/Users/DION-SERVER/Desktop/codecanyon-FOhzjwS6-erpgo-saas-all-in-one-business-erp-with-project-account-hrm-crm-pos/main-file/resources/js/pages/MissionCommand/PredictiveFinance/Index.tsx'
    Imported via '@/components/ui/card' from file 'C:/Users/DION-SERVER/Desktop/codecanyon-FOhzjwS6-erpgo-saas-all-in-one-business-erp-with-project-account-hrm-crm-pos/main-file/resources/js/pages/MissionCommand/SecurityAudit/Index.tsx'
    Imported via '@/components/ui/card' from file 'C:/Users/DION-SERVER/Desktop/codecanyon-FOhzjwS6-erpgo-saas-all-in-one-business-erp-with-project-account-hrm-crm-pos/main-file/resources/js/pages/MissionCommand/UnifiedInbox/Index.tsx'
    Imported via '@/components/ui/card' from file 'C:/Users/DION-SERVER/Desktop/codecanyon-FOhzjwS6-erpgo-saas-all-in-one-business-erp-with-project-account-hrm-crm-pos/main-file/resources/js/pages/Purchase/Create.tsx'
    Imported via '@/components/ui/card' from file 'C:/Users/DION-SERVER/Desktop/codecanyon-FOhzjwS6-erpgo-saas-all-in-one-business-erp-with-project-account-hrm-crm-pos/main-file/resources/js/pages/Purchase/Edit.tsx'
    Imported via "@/components/ui/card" from file 'C:/Users/DION-SERVER/Desktop/codecanyon-FOhzjwS6-erpgo-saas-all-in-one-business-erp-with-project-account-hrm-crm-pos/main-file/resources/js/pages/Purchase/Index.tsx'
    Imported via '@/components/ui/card' from file 'C:/Users/DION-SERVER/Desktop/codecanyon-FOhzjwS6-erpgo-saas-all-in-one-business-erp-with-project-account-hrm-crm-pos/main-file/resources/js/pages/Purchase/View.tsx'
    Imported via '@/components/ui/card' from file 'C:/Users/DION-SERVER/Desktop/codecanyon-FOhzjwS6-erpgo-saas-all-in-one-business-erp-with-project-account-hrm-crm-pos/main-file/resources/js/pages/Purchase/Purchase/Create.tsx'
    Imported via '@/components/ui/card' from file 'C:/Users/DION-SERVER/Desktop/codecanyon-FOhzjwS6-erpgo-saas-all-in-one-business-erp-with-project-account-hrm-crm-pos/main-file/resources/js/pages/Purchase/Purchase/Edit.tsx'
    Imported via "@/components/ui/card" from file 'C:/Users/DION-SERVER/Desktop/codecanyon-FOhzjwS6-erpgo-saas-all-in-one-business-erp-with-project-account-hrm-crm-pos/main-file/resources/js/pages/Purchase/Purchase/Index.tsx'
    Imported via '@/components/ui/card' from file 'C:/Users/DION-SERVER/Desktop/codecanyon-FOhzjwS6-erpgo-saas-all-in-one-business-erp-with-project-account-hrm-crm-pos/main-file/resources/js/pages/Purchase/Purchase/View.tsx'
    Imported via '@/components/ui/card' from file 'C:/Users/DION-SERVER/Desktop/codecanyon-FOhzjwS6-erpgo-saas-all-in-one-business-erp-with-project-account-hrm-crm-pos/main-file/resources/js/pages/PurchaseReturns/Create.tsx'
    Imported via "@/components/ui/card" from file 'C:/Users/DION-SERVER/Desktop/codecanyon-FOhzjwS6-erpgo-saas-all-in-one-business-erp-with-project-account-hrm-crm-pos/main-file/resources/js/pages/PurchaseReturns/Index.tsx'
    Imported via '@/components/ui/card' from file 'C:/Users/DION-SERVER/Desktop/codecanyon-FOhzjwS6-erpgo-saas-all-in-one-business-erp-with-project-account-hrm-crm-pos/main-file/resources/js/pages/PurchaseReturns/View.tsx'
    Imported via '@/components/ui/card' from file 'C:/Users/DION-SERVER/Desktop/codecanyon-FOhzjwS6-erpgo-saas-all-in-one-business-erp-with-project-account-hrm-crm-pos/main-file/resources/js/pages/PurchaseReturns/PurchaseReturns/Create.tsx'
    Imported via "@/components/ui/card" from file 'C:/Users/DION-SERVER/Desktop/codecanyon-FOhzjwS6-erpgo-saas-all-in-one-business-erp-with-project-account-hrm-crm-pos/main-file/resources/js/pages/PurchaseReturns/PurchaseReturns/Index.tsx'
    Imported via '@/components/ui/card' from file 'C:/Users/DION-SERVER/Desktop/codecanyon-FOhzjwS6-erpgo-saas-all-in-one-business-erp-with-project-account-hrm-crm-pos/main-file/resources/js/pages/PurchaseReturns/PurchaseReturns/View.tsx'
    Imported via '@/components/ui/card' from file 'C:/Users/DION-SERVER/Desktop/codecanyon-FOhzjwS6-erpgo-saas-all-in-one-business-erp-with-project-account-hrm-crm-pos/main-file/resources/js/pages/Sales/Create.tsx'
    Imported via '@/components/ui/card' from file 'C:/Users/DION-SERVER/Desktop/codecanyon-FOhzjwS6-erpgo-saas-all-in-one-business-erp-with-project-account-hrm-crm-pos/main-file/resources/js/pages/Sales/Edit.tsx'
    Imported via "@/components/ui/card" from file 'C:/Users/DION-SERVER/Desktop/codecanyon-FOhzjwS6-erpgo-saas-all-in-one-business-erp-with-project-account-hrm-crm-pos/main-file/resources/js/pages/Sales/Index.tsx'
    Imported via '@/components/ui/card' from file 'C:/Users/DION-SERVER/Desktop/codecanyon-FOhzjwS6-erpgo-saas-all-in-one-business-erp-with-project-account-hrm-crm-pos/main-file/resources/js/pages/Sales/View.tsx'
    Imported via '@/components/ui/card' from file 'C:/Users/DION-SERVER/Desktop/codecanyon-FOhzjwS6-erpgo-saas-all-in-one-business-erp-with-project-account-hrm-crm-pos/main-file/resources/js/pages/Sales/Sales/Create.tsx'
    Imported via '@/components/ui/card' from file 'C:/Users/DION-SERVER/Desktop/codecanyon-FOhzjwS6-erpgo-saas-all-in-one-business-erp-with-project-account-hrm-crm-pos/main-file/resources/js/pages/Sales/Sales/Edit.tsx'
    Imported via "@/components/ui/card" from file 'C:/Users/DION-SERVER/Desktop/codecanyon-FOhzjwS6-erpgo-saas-all-in-one-business-erp-with-project-account-hrm-crm-pos/main-file/resources/js/pages/Sales/Sales/Index.tsx'
    Imported via '@/components/ui/card' from file 'C:/Users/DION-SERVER/Desktop/codecanyon-FOhzjwS6-erpgo-saas-all-in-one-business-erp-with-project-account-hrm-crm-pos/main-file/resources/js/pages/Sales/Sales/View.tsx'
    Imported via '@/components/ui/card' from file 'C:/Users/DION-SERVER/Desktop/codecanyon-FOhzjwS6-erpgo-saas-all-in-one-business-erp-with-project-account-hrm-crm-pos/main-file/resources/js/pages/SalesProposals/Create.tsx'
    Imported via '@/components/ui/card' from file 'C:/Users/DION-SERVER/Desktop/codecanyon-FOhzjwS6-erpgo-saas-all-in-one-business-erp-with-project-account-hrm-crm-pos/main-file/resources/js/pages/SalesProposals/Edit.tsx'
    Imported via "@/components/ui/card" from file 'C:/Users/DION-SERVER/Desktop/codecanyon-FOhzjwS6-erpgo-saas-all-in-one-business-erp-with-project-account-hrm-crm-pos/main-file/resources/js/pages/SalesProposals/Index.tsx'
    Imported via '@/components/ui/card' from file 'C:/Users/DION-SERVER/Desktop/codecanyon-FOhzjwS6-erpgo-saas-all-in-one-business-erp-with-project-account-hrm-crm-pos/main-file/resources/js/pages/SalesProposals/View.tsx'
    Imported via '@/components/ui/card' from file 'C:/Users/DION-SERVER/Desktop/codecanyon-FOhzjwS6-erpgo-saas-all-in-one-business-erp-with-project-account-hrm-crm-pos/main-file/resources/js/pages/SalesProposals/SalesProposals/Create.tsx'
    Imported via '@/components/ui/card' from file 'C:/Users/DION-SERVER/Desktop/codecanyon-FOhzjwS6-erpgo-saas-all-in-one-business-erp-with-project-account-hrm-crm-pos/main-file/resources/js/pages/SalesProposals/SalesProposals/Edit.tsx'
    Imported via "@/components/ui/card" from file 'C:/Users/DION-SERVER/Desktop/codecanyon-FOhzjwS6-erpgo-saas-all-in-one-business-erp-with-project-account-hrm-crm-pos/main-file/resources/js/pages/SalesProposals/SalesProposals/Index.tsx'
    Imported via '@/components/ui/card' from file 'C:/Users/DION-SERVER/Desktop/codecanyon-FOhzjwS6-erpgo-saas-all-in-one-business-erp-with-project-account-hrm-crm-pos/main-file/resources/js/pages/SalesProposals/SalesProposals/View.tsx'
    Imported via '@/components/ui/card' from file 'C:/Users/DION-SERVER/Desktop/codecanyon-FOhzjwS6-erpgo-saas-all-in-one-business-erp-with-project-account-hrm-crm-pos/main-file/resources/js/pages/SalesReturns/Create.tsx'
    Imported via "@/components/ui/card" from file 'C:/Users/DION-SERVER/Desktop/codecanyon-FOhzjwS6-erpgo-saas-all-in-one-business-erp-with-project-account-hrm-crm-pos/main-file/resources/js/pages/SalesReturns/Index.tsx'
    Imported via '@/components/ui/card' from file 'C:/Users/DION-SERVER/Desktop/codecanyon-FOhzjwS6-erpgo-saas-all-in-one-business-erp-with-project-account-hrm-crm-pos/main-file/resources/js/pages/SalesReturns/View.tsx'
    Imported via '@/components/ui/card' from file 'C:/Users/DION-SERVER/Desktop/codecanyon-FOhzjwS6-erpgo-saas-all-in-one-business-erp-with-project-account-hrm-crm-pos/main-file/resources/js/pages/SalesReturns/SalesReturns/Create.tsx'
    Imported via "@/components/ui/card" from file 'C:/Users/DION-SERVER/Desktop/codecanyon-FOhzjwS6-erpgo-saas-all-in-one-business-erp-with-project-account-hrm-crm-pos/main-file/resources/js/pages/SalesReturns/SalesReturns/Index.tsx'
    Imported via '@/components/ui/card' from file 'C:/Users/DION-SERVER/Desktop/codecanyon-FOhzjwS6-erpgo-saas-all-in-one-business-erp-with-project-account-hrm-crm-pos/main-file/resources/js/pages/SalesReturns/SalesReturns/View.tsx'
    Imported via "@/components/ui/card" from file 'C:/Users/DION-SERVER/Desktop/codecanyon-FOhzjwS6-erpgo-saas-all-in-one-business-erp-with-project-account-hrm-crm-pos/main-file/resources/js/pages/Transfers/Index.tsx'
    Imported via "@/components/ui/card" from file 'C:/Users/DION-SERVER/Desktop/codecanyon-FOhzjwS6-erpgo-saas-all-in-one-business-erp-with-project-account-hrm-crm-pos/main-file/resources/js/pages/Transfers/Transfers/Index.tsx'
    Imported via '@/components/ui/card' from file 'C:/Users/DION-SERVER/Desktop/codecanyon-FOhzjwS6-erpgo-saas-all-in-one-business-erp-with-project-account-hrm-crm-pos/main-file/resources/js/pages/Updater/Index.tsx'
    Imported via '@/components/ui/card' from file 'C:/Users/DION-SERVER/Desktop/codecanyon-FOhzjwS6-erpgo-saas-all-in-one-business-erp-with-project-account-hrm-crm-pos/main-file/resources/js/pages/Updater/Updater/Index.tsx'
    Imported via '@/components/ui/card' from file 'C:/Users/DION-SERVER/Desktop/codecanyon-FOhzjwS6-erpgo-saas-all-in-one-business-erp-with-project-account-hrm-crm-pos/main-file/resources/js/pages/audit-logs/Show.tsx'
    Imported via '@/components/ui/card' from file 'C:/Users/DION-SERVER/Desktop/codecanyon-FOhzjwS6-erpgo-saas-all-in-one-business-erp-with-project-account-hrm-crm-pos/main-file/resources/js/pages/bank-transfer/index.tsx'
    Imported via '@/components/ui/card' from file 'C:/Users/DION-SERVER/Desktop/codecanyon-FOhzjwS6-erpgo-saas-all-in-one-business-erp-with-project-account-hrm-crm-pos/main-file/resources/js/pages/bank-transfer/bank-transfer/index.tsx'
    Imported via "@/components/ui/card" from file 'C:/Users/DION-SERVER/Desktop/codecanyon-FOhzjwS6-erpgo-saas-all-in-one-business-erp-with-project-account-hrm-crm-pos/main-file/resources/js/pages/coupons/details.tsx'
    Imported via "@/components/ui/card" from file 'C:/Users/DION-SERVER/Desktop/codecanyon-FOhzjwS6-erpgo-saas-all-in-one-business-erp-with-project-account-hrm-crm-pos/main-file/resources/js/pages/coupons/index.tsx'
    Imported via "@/components/ui/card" from file 'C:/Users/DION-SERVER/Desktop/codecanyon-FOhzjwS6-erpgo-saas-all-in-one-business-erp-with-project-account-hrm-crm-pos/main-file/resources/js/pages/coupons/coupons/details.tsx'
    Imported via "@/components/ui/card" from file 'C:/Users/DION-SERVER/Desktop/codecanyon-FOhzjwS6-erpgo-saas-all-in-one-business-erp-with-project-account-hrm-crm-pos/main-file/resources/js/pages/coupons/coupons/index.tsx'
    Imported via "@/components/ui/card" from file 'C:/Users/DION-SERVER/Desktop/codecanyon-FOhzjwS6-erpgo-saas-all-in-one-business-erp-with-project-account-hrm-crm-pos/main-file/resources/js/pages/helpdesk/categories/index.tsx'
    Imported via "@/components/ui/card" from file 'C:/Users/DION-SERVER/Desktop/codecanyon-FOhzjwS6-erpgo-saas-all-in-one-business-erp-with-project-account-hrm-crm-pos/main-file/resources/js/pages/helpdesk/helpdesk/categories/index.tsx'
    Imported via "@/components/ui/card" from file 'C:/Users/DION-SERVER/Desktop/codecanyon-FOhzjwS6-erpgo-saas-all-in-one-business-erp-with-project-account-hrm-crm-pos/main-file/resources/js/pages/helpdesk/helpdesk/tickets/index.tsx'
    Imported via "@/components/ui/card" from file 'C:/Users/DION-SERVER/Desktop/codecanyon-FOhzjwS6-erpgo-saas-all-in-one-business-erp-with-project-account-hrm-crm-pos/main-file/resources/js/pages/helpdesk/helpdesk/tickets/show.tsx'
    Imported via "@/components/ui/card" from file 'C:/Users/DION-SERVER/Desktop/codecanyon-FOhzjwS6-erpgo-saas-all-in-one-business-erp-with-project-account-hrm-crm-pos/main-file/resources/js/pages/helpdesk/tickets/index.tsx'
    Imported via "@/components/ui/card" from file 'C:/Users/DION-SERVER/Desktop/codecanyon-FOhzjwS6-erpgo-saas-all-in-one-business-erp-with-project-account-hrm-crm-pos/main-file/resources/js/pages/helpdesk/tickets/show.tsx'
    Imported via '@/components/ui/card' from file 'C:/Users/DION-SERVER/Desktop/codecanyon-FOhzjwS6-erpgo-saas-all-in-one-business-erp-with-project-account-hrm-crm-pos/main-file/resources/js/pages/languages/manage.tsx'
    Imported via '@/components/ui/card' from file 'C:/Users/DION-SERVER/Desktop/codecanyon-FOhzjwS6-erpgo-saas-all-in-one-business-erp-with-project-account-hrm-crm-pos/main-file/resources/js/pages/languages/languages/manage.tsx'
    Imported via "@/components/ui/card" from file 'C:/Users/DION-SERVER/Desktop/codecanyon-FOhzjwS6-erpgo-saas-all-in-one-business-erp-with-project-account-hrm-crm-pos/main-file/resources/js/pages/messenger/index.tsx'
    Imported via "@/components/ui/card" from file 'C:/Users/DION-SERVER/Desktop/codecanyon-FOhzjwS6-erpgo-saas-all-in-one-business-erp-with-project-account-hrm-crm-pos/main-file/resources/js/pages/messenger/messenger/index.tsx'
    Imported via '@/components/ui/card' from file 'C:/Users/DION-SERVER/Desktop/codecanyon-FOhzjwS6-erpgo-saas-all-in-one-business-erp-with-project-account-hrm-crm-pos/main-file/resources/js/pages/mission-command/Dashboard.tsx'
    Imported via '@/components/ui/card' from file 'C:/Users/DION-SERVER/Desktop/codecanyon-FOhzjwS6-erpgo-saas-all-in-one-business-erp-with-project-account-hrm-crm-pos/main-file/resources/js/pages/mission-command/Gamification.tsx'
    Imported via '@/components/ui/card' from file 'C:/Users/DION-SERVER/Desktop/codecanyon-FOhzjwS6-erpgo-saas-all-in-one-business-erp-with-project-account-hrm-crm-pos/main-file/resources/js/pages/mission-command/NotificationsHub.tsx'
    Imported via "@/components/ui/card" from file 'C:/Users/DION-SERVER/Desktop/codecanyon-FOhzjwS6-erpgo-saas-all-in-one-business-erp-with-project-account-hrm-crm-pos/main-file/resources/js/pages/modules/index.tsx'
    Imported via "@/components/ui/card" from file 'C:/Users/DION-SERVER/Desktop/codecanyon-FOhzjwS6-erpgo-saas-all-in-one-business-erp-with-project-account-hrm-crm-pos/main-file/resources/js/pages/modules/upload.tsx'
    Imported via "@/components/ui/card" from file 'C:/Users/DION-SERVER/Desktop/codecanyon-FOhzjwS6-erpgo-saas-all-in-one-business-erp-with-project-account-hrm-crm-pos/main-file/resources/js/pages/modules/modules/index.tsx'
    Imported via "@/components/ui/card" from file 'C:/Users/DION-SERVER/Desktop/codecanyon-FOhzjwS6-erpgo-saas-all-in-one-business-erp-with-project-account-hrm-crm-pos/main-file/resources/js/pages/modules/modules/upload.tsx'
    Imported via '@/components/ui/card' from file 'C:/Users/DION-SERVER/Desktop/codecanyon-FOhzjwS6-erpgo-saas-all-in-one-business-erp-with-project-account-hrm-crm-pos/main-file/resources/js/pages/notification-templates/Edit.tsx'
    Imported via '@/components/ui/card' from file 'C:/Users/DION-SERVER/Desktop/codecanyon-FOhzjwS6-erpgo-saas-all-in-one-business-erp-with-project-account-hrm-crm-pos/main-file/resources/js/pages/notification-templates/Index.tsx'
    Imported via '@/components/ui/card' from file 'C:/Users/DION-SERVER/Desktop/codecanyon-FOhzjwS6-erpgo-saas-all-in-one-business-erp-with-project-account-hrm-crm-pos/main-file/resources/js/pages/notification-templates/notification-templates/Edit.tsx'
    Imported via '@/components/ui/card' from file 'C:/Users/DION-SERVER/Desktop/codecanyon-FOhzjwS6-erpgo-saas-all-in-one-business-erp-with-project-account-hrm-crm-pos/main-file/resources/js/pages/notification-templates/notification-templates/Index.tsx'
    Imported via '@/components/ui/card' from file 'C:/Users/DION-SERVER/Desktop/codecanyon-FOhzjwS6-erpgo-saas-all-in-one-business-erp-with-project-account-hrm-crm-pos/main-file/resources/js/pages/orders/index.tsx'
    Imported via '@/components/ui/card' from file 'C:/Users/DION-SERVER/Desktop/codecanyon-FOhzjwS6-erpgo-saas-all-in-one-business-erp-with-project-account-hrm-crm-pos/main-file/resources/js/pages/orders/orders/index.tsx'
    Imported via '@/components/ui/card' from file 'C:/Users/DION-SERVER/Desktop/codecanyon-FOhzjwS6-erpgo-saas-all-in-one-business-erp-with-project-account-hrm-crm-pos/main-file/resources/js/pages/plans/create.tsx'
    Imported via '@/components/ui/card' from file 'C:/Users/DION-SERVER/Desktop/codecanyon-FOhzjwS6-erpgo-saas-all-in-one-business-erp-with-project-account-hrm-crm-pos/main-file/resources/js/pages/plans/form.tsx'
    Imported via '@/components/ui/card' from file 'C:/Users/DION-SERVER/Desktop/codecanyon-FOhzjwS6-erpgo-saas-all-in-one-business-erp-with-project-account-hrm-crm-pos/main-file/resources/js/pages/plans/edit.tsx'
    Imported via '@/components/ui/card' from file 'C:/Users/DION-SERVER/Desktop/codecanyon-FOhzjwS6-erpgo-saas-all-in-one-business-erp-with-project-account-hrm-crm-pos/main-file/resources/js/pages/plans/subscription-layout.tsx'
    Imported via '@/components/ui/card' from file 'C:/Users/DION-SERVER/Desktop/codecanyon-FOhzjwS6-erpgo-saas-all-in-one-business-erp-with-project-account-hrm-crm-pos/main-file/resources/js/pages/plans/plans/create.tsx'
    Imported via '@/components/ui/card' from file 'C:/Users/DION-SERVER/Desktop/codecanyon-FOhzjwS6-erpgo-saas-all-in-one-business-erp-with-project-account-hrm-crm-pos/main-file/resources/js/pages/plans/plans/form.tsx'
    Imported via '@/components/ui/card' from file 'C:/Users/DION-SERVER/Desktop/codecanyon-FOhzjwS6-erpgo-saas-all-in-one-business-erp-with-project-account-hrm-crm-pos/main-file/resources/js/pages/plans/plans/edit.tsx'
    Imported via '@/components/ui/card' from file 'C:/Users/DION-SERVER/Desktop/codecanyon-FOhzjwS6-erpgo-saas-all-in-one-business-erp-with-project-account-hrm-crm-pos/main-file/resources/js/pages/plans/plans/subscription-layout.tsx'
    Imported via "@/components/ui/card" from file 'C:/Users/DION-SERVER/Desktop/codecanyon-FOhzjwS6-erpgo-saas-all-in-one-business-erp-with-project-account-hrm-crm-pos/main-file/resources/js/pages/profile/edit.tsx'
    Imported via "@/components/ui/card" from file 'C:/Users/DION-SERVER/Desktop/codecanyon-FOhzjwS6-erpgo-saas-all-in-one-business-erp-with-project-account-hrm-crm-pos/main-file/resources/js/pages/profile/profile/edit.tsx'
    Imported via '@/components/ui/card' from file 'C:/Users/DION-SERVER/Desktop/codecanyon-FOhzjwS6-erpgo-saas-all-in-one-business-erp-with-project-account-hrm-crm-pos/main-file/resources/js/pages/reports/View.tsx'
    Imported via "@/components/ui/card" from file 'C:/Users/DION-SERVER/Desktop/codecanyon-FOhzjwS6-erpgo-saas-all-in-one-business-erp-with-project-account-hrm-crm-pos/main-file/resources/js/pages/roles/create.tsx'
    Imported via "@/components/ui/card" from file 'C:/Users/DION-SERVER/Desktop/codecanyon-FOhzjwS6-erpgo-saas-all-in-one-business-erp-with-project-account-hrm-crm-pos/main-file/resources/js/pages/roles/edit.tsx'
    Imported via "@/components/ui/card" from file 'C:/Users/DION-SERVER/Desktop/codecanyon-FOhzjwS6-erpgo-saas-all-in-one-business-erp-with-project-account-hrm-crm-pos/main-file/resources/js/pages/roles/index.tsx'
    Imported via "@/components/ui/card" from file 'C:/Users/DION-SERVER/Desktop/codecanyon-FOhzjwS6-erpgo-saas-all-in-one-business-erp-with-project-account-hrm-crm-pos/main-file/resources/js/pages/roles/roles/create.tsx'
    Imported via "@/components/ui/card" from file 'C:/Users/DION-SERVER/Desktop/codecanyon-FOhzjwS6-erpgo-saas-all-in-one-business-erp-with-project-account-hrm-crm-pos/main-file/resources/js/pages/roles/roles/edit.tsx'
    Imported via "@/components/ui/card" from file 'C:/Users/DION-SERVER/Desktop/codecanyon-FOhzjwS6-erpgo-saas-all-in-one-business-erp-with-project-account-hrm-crm-pos/main-file/resources/js/pages/roles/roles/index.tsx'
    Imported via '@/components/ui/card' from file 'C:/Users/DION-SERVER/Desktop/codecanyon-FOhzjwS6-erpgo-saas-all-in-one-business-erp-with-project-account-hrm-crm-pos/main-file/resources/js/pages/settings/settings/components/bank-transfer-settings.tsx'
    Imported via '@/components/ui/card' from file 'C:/Users/DION-SERVER/Desktop/codecanyon-FOhzjwS6-erpgo-saas-all-in-one-business-erp-with-project-account-hrm-crm-pos/main-file/resources/js/pages/settings/settings/components/brand-settings.tsx'
    Imported via '@/components/ui/card' from file 'C:/Users/DION-SERVER/Desktop/codecanyon-FOhzjwS6-erpgo-saas-all-in-one-business-erp-with-project-account-hrm-crm-pos/main-file/resources/js/pages/settings/settings/components/cache-settings.tsx'
    Imported via '@/components/ui/card' from file 'C:/Users/DION-SERVER/Desktop/codecanyon-FOhzjwS6-erpgo-saas-all-in-one-business-erp-with-project-account-hrm-crm-pos/main-file/resources/js/pages/settings/settings/components/company-settings.tsx'
    Imported via '@/components/ui/card' from file 'C:/Users/DION-SERVER/Desktop/codecanyon-FOhzjwS6-erpgo-saas-all-in-one-business-erp-with-project-account-hrm-crm-pos/main-file/resources/js/pages/settings/settings/components/cookie-settings.tsx'
    Imported via '@/components/ui/card' from file 'C:/Users/DION-SERVER/Desktop/codecanyon-FOhzjwS6-erpgo-saas-all-in-one-business-erp-with-project-account-hrm-crm-pos/main-file/resources/js/pages/settings/settings/components/currency-settings.tsx'
    Imported via '@/components/ui/card' from file 'C:/Users/DION-SERVER/Desktop/codecanyon-FOhzjwS6-erpgo-saas-all-in-one-business-erp-with-project-account-hrm-crm-pos/main-file/resources/js/pages/settings/settings/components/email-notification-settings.tsx'
    Imported via '@/components/ui/card' from file 'C:/Users/DION-SERVER/Desktop/codecanyon-FOhzjwS6-erpgo-saas-all-in-one-business-erp-with-project-account-hrm-crm-pos/main-file/resources/js/pages/settings/settings/components/email-settings.tsx'
    Imported via '@/components/ui/card' from file 'C:/Users/DION-SERVER/Desktop/codecanyon-FOhzjwS6-erpgo-saas-all-in-one-business-erp-with-project-account-hrm-crm-pos/main-file/resources/js/pages/settings/settings/components/pusher-settings.tsx'
    Imported via '@/components/ui/card' from file 'C:/Users/DION-SERVER/Desktop/codecanyon-FOhzjwS6-erpgo-saas-all-in-one-business-erp-with-project-account-hrm-crm-pos/main-file/resources/js/pages/settings/settings/components/seo-settings.tsx'
    Imported via '@/components/ui/card' from file 'C:/Users/DION-SERVER/Desktop/codecanyon-FOhzjwS6-erpgo-saas-all-in-one-business-erp-with-project-account-hrm-crm-pos/main-file/resources/js/pages/settings/settings/components/storage-settings.tsx'
    Imported via '@/components/ui/card' from file 'C:/Users/DION-SERVER/Desktop/codecanyon-FOhzjwS6-erpgo-saas-all-in-one-business-erp-with-project-account-hrm-crm-pos/main-file/resources/js/pages/settings/settings/components/system-settings.tsx'
    Imported via "@/components/ui/card" from file 'C:/Users/DION-SERVER/Desktop/codecanyon-FOhzjwS6-erpgo-saas-all-in-one-business-erp-with-project-account-hrm-crm-pos/main-file/resources/js/pages/users/index.tsx'
    Imported via "@/components/ui/card" from file 'C:/Users/DION-SERVER/Desktop/codecanyon-FOhzjwS6-erpgo-saas-all-in-one-business-erp-with-project-account-hrm-crm-pos/main-file/resources/js/pages/users/login-history.tsx'
    Imported via "@/components/ui/card" from file 'C:/Users/DION-SERVER/Desktop/codecanyon-FOhzjwS6-erpgo-saas-all-in-one-business-erp-with-project-account-hrm-crm-pos/main-file/resources/js/pages/users/users/index.tsx'
    Imported via "@/components/ui/card" from file 'C:/Users/DION-SERVER/Desktop/codecanyon-FOhzjwS6-erpgo-saas-all-in-one-business-erp-with-project-account-hrm-crm-pos/main-file/resources/js/pages/users/users/login-history.tsx'
    Imported via "@/components/ui/card" from file 'C:/Users/DION-SERVER/Desktop/codecanyon-FOhzjwS6-erpgo-saas-all-in-one-business-erp-with-project-account-hrm-crm-pos/main-file/resources/js/pages/warehouses/index.tsx'
    Imported via "@/components/ui/card" from file 'C:/Users/DION-SERVER/Desktop/codecanyon-FOhzjwS6-erpgo-saas-all-in-one-business-erp-with-project-account-hrm-crm-pos/main-file/resources/js/pages/warehouses/warehouses/index.tsx'
    Imported via '@/components/ui/card' from file 'C:/Users/DION-SERVER/Desktop/codecanyon-FOhzjwS6-erpgo-saas-all-in-one-business-erp-with-project-account-hrm-crm-pos/main-file/packages/dionone/AIAssistant/src/Resources/js/settings/components/ai-assistant-settings.tsx'
    Imported via "@/components/ui/card" from file 'C:/Users/DION-SERVER/Desktop/codecanyon-FOhzjwS6-erpgo-saas-all-in-one-business-erp-with-project-account-hrm-crm-pos/main-file/packages/dionone/Account/src/Resources/js/Pages/BankAccounts/Index.tsx'
    Imported via "@/components/ui/card" from file 'C:/Users/DION-SERVER/Desktop/codecanyon-FOhzjwS6-erpgo-saas-all-in-one-business-erp-with-project-account-hrm-crm-pos/main-file/packages/dionone/Account/src/Resources/js/Pages/BankTransactions/Index.tsx'
    Imported via "@/components/ui/card" from file 'C:/Users/DION-SERVER/Desktop/codecanyon-FOhzjwS6-erpgo-saas-all-in-one-business-erp-with-project-account-hrm-crm-pos/main-file/packages/dionone/Account/src/Resources/js/Pages/BankTransfers/Index.tsx'
    Imported via "@/components/ui/card" from file 'C:/Users/DION-SERVER/Desktop/codecanyon-FOhzjwS6-erpgo-saas-all-in-one-business-erp-with-project-account-hrm-crm-pos/main-file/packages/dionone/Account/src/Resources/js/Pages/ChartOfAccounts/Index.tsx'
    Imported via "@/components/ui/card" from file 'C:/Users/DION-SERVER/Desktop/codecanyon-FOhzjwS6-erpgo-saas-all-in-one-business-erp-with-project-account-hrm-crm-pos/main-file/packages/dionone/Account/src/Resources/js/Pages/ChartOfAccounts/Show.tsx'
    Imported via "@/components/ui/card" from file 'C:/Users/DION-SERVER/Desktop/codecanyon-FOhzjwS6-erpgo-saas-all-in-one-business-erp-with-project-account-hrm-crm-pos/main-file/packages/dionone/Account/src/Resources/js/Pages/CreditNotes/Create.tsx'
    Imported via "@/components/ui/card" from file 'C:/Users/DION-SERVER/Desktop/codecanyon-FOhzjwS6-erpgo-saas-all-in-one-business-erp-with-project-account-hrm-crm-pos/main-file/packages/dionone/Account/src/Resources/js/Pages/CreditNotes/Index.tsx'
    Imported via '@/components/ui/card' from file 'C:/Users/DION-SERVER/Desktop/codecanyon-FOhzjwS6-erpgo-saas-all-in-one-business-erp-with-project-account-hrm-crm-pos/main-file/packages/dionone/Account/src/Resources/js/Pages/CreditNotes/View.tsx'
    Imported via '@/components/ui/card' from file 'C:/Users/DION-SERVER/Desktop/codecanyon-FOhzjwS6-erpgo-saas-all-in-one-business-erp-with-project-account-hrm-crm-pos/main-file/packages/dionone/Account/src/Resources/js/Pages/CustomerPayments/Create.tsx'
    Imported via "@/components/ui/card" from file 'C:/Users/DION-SERVER/Desktop/codecanyon-FOhzjwS6-erpgo-saas-all-in-one-business-erp-with-project-account-hrm-crm-pos/main-file/packages/dionone/Account/src/Resources/js/Pages/CustomerPayments/Index.tsx'
    Imported via '@/components/ui/card' from file 'C:/Users/DION-SERVER/Desktop/codecanyon-FOhzjwS6-erpgo-saas-all-in-one-business-erp-with-project-account-hrm-crm-pos/main-file/packages/dionone/Account/src/Resources/js/Pages/CustomerPayments/View.tsx'
    Imported via "@/components/ui/card" from file 'C:/Users/DION-SERVER/Desktop/codecanyon-FOhzjwS6-erpgo-saas-all-in-one-business-erp-with-project-account-hrm-crm-pos/main-file/packages/dionone/Account/src/Resources/js/Pages/Customers/Index.tsx'
    Imported via '@/components/ui/card' from file 'C:/Users/DION-SERVER/Desktop/codecanyon-FOhzjwS6-erpgo-saas-all-in-one-business-erp-with-project-account-hrm-crm-pos/main-file/packages/dionone/Account/src/Resources/js/Pages/Dashboard/ClientDashboard.tsx'
    Imported via '@/components/ui/card' from file 'C:/Users/DION-SERVER/Desktop/codecanyon-FOhzjwS6-erpgo-saas-all-in-one-business-erp-with-project-account-hrm-crm-pos/main-file/packages/dionone/Account/src/Resources/js/Pages/Dashboard/CompanyDashboard.tsx'
    Imported via '@/components/ui/card' from file 'C:/Users/DION-SERVER/Desktop/codecanyon-FOhzjwS6-erpgo-saas-all-in-one-business-erp-with-project-account-hrm-crm-pos/main-file/packages/dionone/Account/src/Resources/js/Pages/Dashboard/StaffDashboard.tsx'
    Imported via '@/components/ui/card' from file 'C:/Users/DION-SERVER/Desktop/codecanyon-FOhzjwS6-erpgo-saas-all-in-one-business-erp-with-project-account-hrm-crm-pos/main-file/packages/dionone/Account/src/Resources/js/Pages/Dashboard/VendorDashboard.tsx'
    Imported via "@/components/ui/card" from file 'C:/Users/DION-SERVER/Desktop/codecanyon-FOhzjwS6-erpgo-saas-all-in-one-business-erp-with-project-account-hrm-crm-pos/main-file/packages/dionone/Account/src/Resources/js/Pages/DebitNotes/Create.tsx'
    Imported via "@/components/ui/card" from file 'C:/Users/DION-SERVER/Desktop/codecanyon-FOhzjwS6-erpgo-saas-all-in-one-business-erp-with-project-account-hrm-crm-pos/main-file/packages/dionone/Account/src/Resources/js/Pages/DebitNotes/Index.tsx'
    Imported via '@/components/ui/card' from file 'C:/Users/DION-SERVER/Desktop/codecanyon-FOhzjwS6-erpgo-saas-all-in-one-business-erp-with-project-account-hrm-crm-pos/main-file/packages/dionone/Account/src/Resources/js/Pages/DebitNotes/View.tsx'
    Imported via "@/components/ui/card" from file 'C:/Users/DION-SERVER/Desktop/codecanyon-FOhzjwS6-erpgo-saas-all-in-one-business-erp-with-project-account-hrm-crm-pos/main-file/packages/dionone/Account/src/Resources/js/Pages/Expenses/Index.tsx'
    Imported via '@/components/ui/card' from file 'C:/Users/DION-SERVER/Desktop/codecanyon-FOhzjwS6-erpgo-saas-all-in-one-business-erp-with-project-account-hrm-crm-pos/main-file/packages/dionone/Account/src/Resources/js/Pages/Expenses/View.tsx'
    Imported via '@/components/ui/card' from file 'C:/Users/DION-SERVER/Desktop/codecanyon-FOhzjwS6-erpgo-saas-all-in-one-business-erp-with-project-account-hrm-crm-pos/main-file/packages/dionone/Account/src/Resources/js/Pages/Reports/BillAging.tsx'
    Imported via '@/components/ui/card' from file 'C:/Users/DION-SERVER/Desktop/codecanyon-FOhzjwS6-erpgo-saas-all-in-one-business-erp-with-project-account-hrm-crm-pos/main-file/packages/dionone/Account/src/Resources/js/Pages/Reports/CustomerBalance.tsx'
    Imported via "@/components/ui/card" from file 'C:/Users/DION-SERVER/Desktop/codecanyon-FOhzjwS6-erpgo-saas-all-in-one-business-erp-with-project-account-hrm-crm-pos/main-file/packages/dionone/Account/src/Resources/js/Pages/Reports/CustomerDetail.tsx'
    Imported via '@/components/ui/card' from file 'C:/Users/DION-SERVER/Desktop/codecanyon-FOhzjwS6-erpgo-saas-all-in-one-business-erp-with-project-account-hrm-crm-pos/main-file/packages/dionone/Account/src/Resources/js/Pages/Reports/IncomeStatement.tsx'
    Imported via "@/components/ui/card" from file 'C:/Users/DION-SERVER/Desktop/codecanyon-FOhzjwS6-erpgo-saas-all-in-one-business-erp-with-project-account-hrm-crm-pos/main-file/packages/dionone/Account/src/Resources/js/Pages/Reports/Index.tsx'
    Imported via '@/components/ui/card' from file 'C:/Users/DION-SERVER/Desktop/codecanyon-FOhzjwS6-erpgo-saas-all-in-one-business-erp-with-project-account-hrm-crm-pos/main-file/packages/dionone/Account/src/Resources/js/Pages/Reports/InvoiceAging.tsx'
    Imported via '@/components/ui/card' from file 'C:/Users/DION-SERVER/Desktop/codecanyon-FOhzjwS6-erpgo-saas-all-in-one-business-erp-with-project-account-hrm-crm-pos/main-file/packages/dionone/Account/src/Resources/js/Pages/Reports/TaxSummary.tsx'
    Imported via '@/components/ui/card' from file 'C:/Users/DION-SERVER/Desktop/codecanyon-FOhzjwS6-erpgo-saas-all-in-one-business-erp-with-project-account-hrm-crm-pos/main-file/packages/dionone/Account/src/Resources/js/Pages/Reports/VendorBalance.tsx'
    Imported via "@/components/ui/card" from file 'C:/Users/DION-SERVER/Desktop/codecanyon-FOhzjwS6-erpgo-saas-all-in-one-business-erp-with-project-account-hrm-crm-pos/main-file/packages/dionone/Account/src/Resources/js/Pages/Reports/VendorDetail.tsx'
    Imported via "@/components/ui/card" from file 'C:/Users/DION-SERVER/Desktop/codecanyon-FOhzjwS6-erpgo-saas-all-in-one-business-erp-with-project-account-hrm-crm-pos/main-file/packages/dionone/Account/src/Resources/js/Pages/Revenues/Index.tsx'
    Imported via '@/components/ui/card' from file 'C:/Users/DION-SERVER/Desktop/codecanyon-FOhzjwS6-erpgo-saas-all-in-one-business-erp-with-project-account-hrm-crm-pos/main-file/packages/dionone/Account/src/Resources/js/Pages/Revenues/View.tsx'
    Imported via "@/components/ui/card" from file 'C:/Users/DION-SERVER/Desktop/codecanyon-FOhzjwS6-erpgo-saas-all-in-one-business-erp-with-project-account-hrm-crm-pos/main-file/packages/dionone/Account/src/Resources/js/Pages/SystemSetup/AccountTypes/Index.tsx'
    Imported via "@/components/ui/card" from file 'C:/Users/DION-SERVER/Desktop/codecanyon-FOhzjwS6-erpgo-saas-all-in-one-business-erp-with-project-account-hrm-crm-pos/main-file/packages/dionone/Account/src/Resources/js/Pages/SystemSetup/ExpenseCategories/Index.tsx'
    Imported via "@/components/ui/card" from file 'C:/Users/DION-SERVER/Desktop/codecanyon-FOhzjwS6-erpgo-saas-all-in-one-business-erp-with-project-account-hrm-crm-pos/main-file/packages/dionone/Account/src/Resources/js/Pages/SystemSetup/RevenueCategories/Index.tsx'
    Imported via '@/components/ui/card' from file 'C:/Users/DION-SERVER/Desktop/codecanyon-FOhzjwS6-erpgo-saas-all-in-one-business-erp-with-project-account-hrm-crm-pos/main-file/packages/dionone/Account/src/Resources/js/Pages/VendorPayments/Create.tsx'
    Imported via "@/components/ui/card" from file 'C:/Users/DION-SERVER/Desktop/codecanyon-FOhzjwS6-erpgo-saas-all-in-one-business-erp-with-project-account-hrm-crm-pos/main-file/packages/dionone/Account/src/Resources/js/Pages/VendorPayments/Index.tsx'
    Imported via '@/components/ui/card' from file 'C:/Users/DION-SERVER/Desktop/codecanyon-FOhzjwS6-erpgo-saas-all-in-one-business-erp-with-project-account-hrm-crm-pos/main-file/packages/dionone/Account/src/Resources/js/Pages/VendorPayments/View.tsx'
    Imported via "@/components/ui/card" from file 'C:/Users/DION-SERVER/Desktop/codecanyon-FOhzjwS6-erpgo-saas-all-in-one-business-erp-with-project-account-hrm-crm-pos/main-file/packages/dionone/Account/src/Resources/js/Pages/Vendors/Index.tsx'
    Imported via "@/components/ui/card" from file 'C:/Users/DION-SERVER/Desktop/codecanyon-FOhzjwS6-erpgo-saas-all-in-one-business-erp-with-project-account-hrm-crm-pos/main-file/packages/dionone/BudgetPlanner/src/Resources/js/Pages/BudgetAllocations/Index.tsx'
    Imported via "@/components/ui/card" from file 'C:/Users/DION-SERVER/Desktop/codecanyon-FOhzjwS6-erpgo-saas-all-in-one-business-erp-with-project-account-hrm-crm-pos/main-file/packages/dionone/BudgetPlanner/src/Resources/js/Pages/BudgetMonitorings/Index.tsx'
    Imported via "@/components/ui/card" from file 'C:/Users/DION-SERVER/Desktop/codecanyon-FOhzjwS6-erpgo-saas-all-in-one-business-erp-with-project-account-hrm-crm-pos/main-file/packages/dionone/BudgetPlanner/src/Resources/js/Pages/BudgetPeriods/Index.tsx'
    Imported via "@/components/ui/card" from file 'C:/Users/DION-SERVER/Desktop/codecanyon-FOhzjwS6-erpgo-saas-all-in-one-business-erp-with-project-account-hrm-crm-pos/main-file/packages/dionone/BudgetPlanner/src/Resources/js/Pages/Budgets/Index.tsx'
    Imported via '@/components/ui/card' from file 'C:/Users/DION-SERVER/Desktop/codecanyon-FOhzjwS6-erpgo-saas-all-in-one-business-erp-with-project-account-hrm-crm-pos/main-file/packages/dionone/Calendar/src/Resources/js/Pages/Calendar/Index.tsx'
    Imported via '@/components/ui/card' from file 'C:/Users/DION-SERVER/Desktop/codecanyon-FOhzjwS6-erpgo-saas-all-in-one-business-erp-with-project-account-hrm-crm-pos/main-file/packages/dionone/Calendar/src/Resources/js/settings/components/google-calendar-settings.tsx'
    Imported via "@/components/ui/card" from file 'C:/Users/DION-SERVER/Desktop/codecanyon-FOhzjwS6-erpgo-saas-all-in-one-business-erp-with-project-account-hrm-crm-pos/main-file/packages/dionone/Contract/src/Resources/js/Pages/ContractTypes/Index.tsx'
    Imported via "@/components/ui/card" from file 'C:/Users/DION-SERVER/Desktop/codecanyon-FOhzjwS6-erpgo-saas-all-in-one-business-erp-with-project-account-hrm-crm-pos/main-file/packages/dionone/Contract/src/Resources/js/Pages/Contracts/Index.tsx'
    Imported via "@/components/ui/card" from file 'C:/Users/DION-SERVER/Desktop/codecanyon-FOhzjwS6-erpgo-saas-all-in-one-business-erp-with-project-account-hrm-crm-pos/main-file/packages/dionone/Contract/src/Resources/js/Pages/Contracts/Preview.tsx'
    Imported via "@/components/ui/card" from file 'C:/Users/DION-SERVER/Desktop/codecanyon-FOhzjwS6-erpgo-saas-all-in-one-business-erp-with-project-account-hrm-crm-pos/main-file/packages/dionone/Contract/src/Resources/js/Pages/Contracts/Show.tsx'
    Imported via "@/components/ui/card" from file 'C:/Users/DION-SERVER/Desktop/codecanyon-FOhzjwS6-erpgo-saas-all-in-one-business-erp-with-project-account-hrm-crm-pos/main-file/packages/dionone/Contract/src/Resources/js/Pages/Contracts/components/AttachmentsTab.tsx'
    Imported via "@/components/ui/card" from file 'C:/Users/DION-SERVER/Desktop/codecanyon-FOhzjwS6-erpgo-saas-all-in-one-business-erp-with-project-account-hrm-crm-pos/main-file/packages/dionone/Contract/src/Resources/js/Pages/Contracts/components/CommentsTab.tsx'
    Imported via "@/components/ui/card" from file 'C:/Users/DION-SERVER/Desktop/codecanyon-FOhzjwS6-erpgo-saas-all-in-one-business-erp-with-project-account-hrm-crm-pos/main-file/packages/dionone/Contract/src/Resources/js/Pages/Contracts/components/NotesTab.tsx'
    Imported via "@/components/ui/card" from file 'C:/Users/DION-SERVER/Desktop/codecanyon-FOhzjwS6-erpgo-saas-all-in-one-business-erp-with-project-account-hrm-crm-pos/main-file/packages/dionone/Contract/src/Resources/js/Pages/Contracts/components/RenewalsTab.tsx'
    Imported via '@/components/ui/card' from file 'C:/Users/DION-SERVER/Desktop/codecanyon-FOhzjwS6-erpgo-saas-all-in-one-business-erp-with-project-account-hrm-crm-pos/main-file/packages/dionone/Contract/src/Resources/js/settings/components/contract-settings.tsx'
    Imported via "@/components/ui/card" from file 'C:/Users/DION-SERVER/Desktop/codecanyon-FOhzjwS6-erpgo-saas-all-in-one-business-erp-with-project-account-hrm-crm-pos/main-file/packages/dionone/DoubleEntry/src/Resources/js/Pages/BalanceSheets/Comparison.tsx'
    Imported via "@/components/ui/card" from file 'C:/Users/DION-SERVER/Desktop/codecanyon-FOhzjwS6-erpgo-saas-all-in-one-business-erp-with-project-account-hrm-crm-pos/main-file/packages/dionone/DoubleEntry/src/Resources/js/Pages/BalanceSheets/Comparisons.tsx'
    Imported via "@/components/ui/card" from file 'C:/Users/DION-SERVER/Desktop/codecanyon-FOhzjwS6-erpgo-saas-all-in-one-business-erp-with-project-account-hrm-crm-pos/main-file/packages/dionone/DoubleEntry/src/Resources/js/Pages/BalanceSheets/Index.tsx'
    Imported via "@/components/ui/card" from file 'C:/Users/DION-SERVER/Desktop/codecanyon-FOhzjwS6-erpgo-saas-all-in-one-business-erp-with-project-account-hrm-crm-pos/main-file/packages/dionone/DoubleEntry/src/Resources/js/Pages/BalanceSheets/View.tsx'
    Imported via "@/components/ui/card" from file 'C:/Users/DION-SERVER/Desktop/codecanyon-FOhzjwS6-erpgo-saas-all-in-one-business-erp-with-project-account-hrm-crm-pos/main-file/packages/dionone/DoubleEntry/src/Resources/js/Pages/LedgerSummary/Index.tsx'
    Imported via "@/components/ui/card" from file 'C:/Users/DION-SERVER/Desktop/codecanyon-FOhzjwS6-erpgo-saas-all-in-one-business-erp-with-project-account-hrm-crm-pos/main-file/packages/dionone/DoubleEntry/src/Resources/js/Pages/ProfitLoss/Index.tsx'
    Imported via '@/components/ui/card' from file 'C:/Users/DION-SERVER/Desktop/codecanyon-FOhzjwS6-erpgo-saas-all-in-one-business-erp-with-project-account-hrm-crm-pos/main-file/packages/dionone/DoubleEntry/src/Resources/js/Pages/Reports/AccountBalance.tsx'
    Imported via '@/components/ui/card' from file 'C:/Users/DION-SERVER/Desktop/codecanyon-FOhzjwS6-erpgo-saas-all-in-one-business-erp-with-project-account-hrm-crm-pos/main-file/packages/dionone/DoubleEntry/src/Resources/js/Pages/Reports/AccountStatement.tsx'
    Imported via '@/components/ui/card' from file 'C:/Users/DION-SERVER/Desktop/codecanyon-FOhzjwS6-erpgo-saas-all-in-one-business-erp-with-project-account-hrm-crm-pos/main-file/packages/dionone/DoubleEntry/src/Resources/js/Pages/Reports/CashFlow.tsx'
    Imported via '@/components/ui/card' from file 'C:/Users/DION-SERVER/Desktop/codecanyon-FOhzjwS6-erpgo-saas-all-in-one-business-erp-with-project-account-hrm-crm-pos/main-file/packages/dionone/DoubleEntry/src/Resources/js/Pages/Reports/ExpenseReport.tsx'
    Imported via '@/components/ui/card' from file 'C:/Users/DION-SERVER/Desktop/codecanyon-FOhzjwS6-erpgo-saas-all-in-one-business-erp-with-project-account-hrm-crm-pos/main-file/packages/dionone/DoubleEntry/src/Resources/js/Pages/Reports/GeneralLedger.tsx'
    Imported via "@/components/ui/card" from file 'C:/Users/DION-SERVER/Desktop/codecanyon-FOhzjwS6-erpgo-saas-all-in-one-business-erp-with-project-account-hrm-crm-pos/main-file/packages/dionone/DoubleEntry/src/Resources/js/Pages/Reports/Index.tsx'
    Imported via '@/components/ui/card' from file 'C:/Users/DION-SERVER/Desktop/codecanyon-FOhzjwS6-erpgo-saas-all-in-one-business-erp-with-project-account-hrm-crm-pos/main-file/packages/dionone/DoubleEntry/src/Resources/js/Pages/Reports/JournalEntry.tsx'
    Imported via "@/components/ui/card" from file 'C:/Users/DION-SERVER/Desktop/codecanyon-FOhzjwS6-erpgo-saas-all-in-one-business-erp-with-project-account-hrm-crm-pos/main-file/packages/dionone/DoubleEntry/src/Resources/js/Pages/TrialBalance/Index.tsx'
    Imported via '@/components/ui/card' from file 'C:/Users/DION-SERVER/Desktop/codecanyon-FOhzjwS6-erpgo-saas-all-in-one-business-erp-with-project-account-hrm-crm-pos/main-file/packages/dionone/FormBuilder/src/Resources/js/components/ConversionSetup.tsx'
    Imported via '@/components/ui/card' from file 'C:/Users/DION-SERVER/Desktop/codecanyon-FOhzjwS6-erpgo-saas-all-in-one-business-erp-with-project-account-hrm-crm-pos/main-file/packages/dionone/FormBuilder/src/Resources/js/Pages/Forms/Create.tsx'
    Imported via '@/components/ui/card' from file 'C:/Users/DION-SERVER/Desktop/codecanyon-FOhzjwS6-erpgo-saas-all-in-one-business-erp-with-project-account-hrm-crm-pos/main-file/packages/dionone/FormBuilder/src/Resources/js/Pages/Forms/Edit.tsx'
    Imported via '@/components/ui/card' from file 'C:/Users/DION-SERVER/Desktop/codecanyon-FOhzjwS6-erpgo-saas-all-in-one-business-erp-with-project-account-hrm-crm-pos/main-file/packages/dionone/FormBuilder/src/Resources/js/Pages/Forms/Index.tsx'
    Imported via '@/components/ui/card' from file 'C:/Users/DION-SERVER/Desktop/codecanyon-FOhzjwS6-erpgo-saas-all-in-one-business-erp-with-project-account-hrm-crm-pos/main-file/packages/dionone/FormBuilder/src/Resources/js/Pages/Forms/Responses.tsx'
    Imported via '@/components/ui/card' from file 'C:/Users/DION-SERVER/Desktop/codecanyon-FOhzjwS6-erpgo-saas-all-in-one-business-erp-with-project-account-hrm-crm-pos/main-file/packages/dionone/FormBuilder/src/Resources/js/Pages/Public/Form.tsx'
    Imported via "@/components/ui/card" from file 'C:/Users/DION-SERVER/Desktop/codecanyon-FOhzjwS6-erpgo-saas-all-in-one-business-erp-with-project-account-hrm-crm-pos/main-file/packages/dionone/Goal/src/Resources/js/Pages/Categories/Index.tsx'
    Imported via "@/components/ui/card" from file 'C:/Users/DION-SERVER/Desktop/codecanyon-FOhzjwS6-erpgo-saas-all-in-one-business-erp-with-project-account-hrm-crm-pos/main-file/packages/dionone/Goal/src/Resources/js/Pages/Contributions/Index.tsx'
    Imported via "@/components/ui/card" from file 'C:/Users/DION-SERVER/Desktop/codecanyon-FOhzjwS6-erpgo-saas-all-in-one-business-erp-with-project-account-hrm-crm-pos/main-file/packages/dionone/Goal/src/Resources/js/Pages/Goals/Index.tsx'
    Imported via '@/components/ui/card' from file 'C:/Users/DION-SERVER/Desktop/codecanyon-FOhzjwS6-erpgo-saas-all-in-one-business-erp-with-project-account-hrm-crm-pos/main-file/packages/dionone/Goal/src/Resources/js/Pages/Goals/View.tsx'
    Imported via "@/components/ui/card" from file 'C:/Users/DION-SERVER/Desktop/codecanyon-FOhzjwS6-erpgo-saas-all-in-one-business-erp-with-project-account-hrm-crm-pos/main-file/packages/dionone/Goal/src/Resources/js/Pages/Milestones/Index.tsx'
    Imported via '@/components/ui/card' from file 'C:/Users/DION-SERVER/Desktop/codecanyon-FOhzjwS6-erpgo-saas-all-in-one-business-erp-with-project-account-hrm-crm-pos/main-file/packages/dionone/Goal/src/Resources/js/Pages/Milestones/View.tsx'
    Imported via "@/components/ui/card" from file 'C:/Users/DION-SERVER/Desktop/codecanyon-FOhzjwS6-erpgo-saas-all-in-one-business-erp-with-project-account-hrm-crm-pos/main-file/packages/dionone/Goal/src/Resources/js/Pages/Tracking/Index.tsx'
    Imported via "@/components/ui/card" from file 'C:/Users/DION-SERVER/Desktop/codecanyon-FOhzjwS6-erpgo-saas-all-in-one-business-erp-with-project-account-hrm-crm-pos/main-file/packages/dionone/Goal/src/Resources/js/Pages/Tracking/View.tsx'
    Imported via '@/components/ui/card' from file 'C:/Users/DION-SERVER/Desktop/codecanyon-FOhzjwS6-erpgo-saas-all-in-one-business-erp-with-project-account-hrm-crm-pos/main-file/packages/dionone/GoogleCaptcha/src/Resources/js/settings/components/google-captcha-settings.tsx'
    Imported via '@/components/ui/card' from file 'C:/Users/DION-SERVER/Desktop/codecanyon-FOhzjwS6-erpgo-saas-all-in-one-business-erp-with-project-account-hrm-crm-pos/main-file/packages/dionone/Hrm/src/Resources/js/Pages/Index.tsx'
    Imported via "@/components/ui/card" from file 'C:/Users/DION-SERVER/Desktop/codecanyon-FOhzjwS6-erpgo-saas-all-in-one-business-erp-with-project-account-hrm-crm-pos/main-file/packages/dionone/Hrm/src/Resources/js/Pages/Acknowledgments/Index.tsx'
    Imported via "@/components/ui/card" from file 'C:/Users/DION-SERVER/Desktop/codecanyon-FOhzjwS6-erpgo-saas-all-in-one-business-erp-with-project-account-hrm-crm-pos/main-file/packages/dionone/Hrm/src/Resources/js/Pages/Announcements/Index.tsx'
    Imported via "@/components/ui/card" from file 'C:/Users/DION-SERVER/Desktop/codecanyon-FOhzjwS6-erpgo-saas-all-in-one-business-erp-with-project-account-hrm-crm-pos/main-file/packages/dionone/Hrm/src/Resources/js/Pages/Attendances/Index.tsx'
    Imported via "@/components/ui/card" from file 'C:/Users/DION-SERVER/Desktop/codecanyon-FOhzjwS6-erpgo-saas-all-in-one-business-erp-with-project-account-hrm-crm-pos/main-file/packages/dionone/Hrm/src/Resources/js/Pages/Awards/Index.tsx'
    Imported via "@/components/ui/card" from file 'C:/Users/DION-SERVER/Desktop/codecanyon-FOhzjwS6-erpgo-saas-all-in-one-business-erp-with-project-account-hrm-crm-pos/main-file/packages/dionone/Hrm/src/Resources/js/Pages/Complaints/Index.tsx'
    Imported via '@/components/ui/card' from file 'C:/Users/DION-SERVER/Desktop/codecanyon-FOhzjwS6-erpgo-saas-all-in-one-business-erp-with-project-account-hrm-crm-pos/main-file/packages/dionone/Hrm/src/Resources/js/Pages/Dashboard/company-dashboard.tsx'
    Imported via '@/components/ui/card' from file 'C:/Users/DION-SERVER/Desktop/codecanyon-FOhzjwS6-erpgo-saas-all-in-one-business-erp-with-project-account-hrm-crm-pos/main-file/packages/dionone/Hrm/src/Resources/js/Pages/Dashboard/employee-dashboard.tsx'
    Imported via "@/components/ui/card" from file 'C:/Users/DION-SERVER/Desktop/codecanyon-FOhzjwS6-erpgo-saas-all-in-one-business-erp-with-project-account-hrm-crm-pos/main-file/packages/dionone/Hrm/src/Resources/js/Pages/EmployeeTransfers/Index.tsx'
    Imported via "@/components/ui/card" from file 'C:/Users/DION-SERVER/Desktop/codecanyon-FOhzjwS6-erpgo-saas-all-in-one-business-erp-with-project-account-hrm-crm-pos/main-file/packages/dionone/Hrm/src/Resources/js/Pages/Employees/Create.tsx'
    Imported via "@/components/ui/card" from file 'C:/Users/DION-SERVER/Desktop/codecanyon-FOhzjwS6-erpgo-saas-all-in-one-business-erp-with-project-account-hrm-crm-pos/main-file/packages/dionone/Hrm/src/Resources/js/Pages/Employees/Edit.tsx'
    Imported via "@/components/ui/card" from file 'C:/Users/DION-SERVER/Desktop/codecanyon-FOhzjwS6-erpgo-saas-all-in-one-business-erp-with-project-account-hrm-crm-pos/main-file/packages/dionone/Hrm/src/Resources/js/Pages/Employees/Index.tsx'
    Imported via "@/components/ui/card" from file 'C:/Users/DION-SERVER/Desktop/codecanyon-FOhzjwS6-erpgo-saas-all-in-one-business-erp-with-project-account-hrm-crm-pos/main-file/packages/dionone/Hrm/src/Resources/js/Pages/Employees/Show.tsx'
    Imported via "@/components/ui/card" from file 'C:/Users/DION-SERVER/Desktop/codecanyon-FOhzjwS6-erpgo-saas-all-in-one-business-erp-with-project-account-hrm-crm-pos/main-file/packages/dionone/Hrm/src/Resources/js/Pages/Events/Calendar.tsx'
    Imported via "@/components/ui/card" from file 'C:/Users/DION-SERVER/Desktop/codecanyon-FOhzjwS6-erpgo-saas-all-in-one-business-erp-with-project-account-hrm-crm-pos/main-file/packages/dionone/Hrm/src/Resources/js/Pages/Events/Index.tsx'
    Imported via "@/components/ui/card" from file 'C:/Users/DION-SERVER/Desktop/codecanyon-FOhzjwS6-erpgo-saas-all-in-one-business-erp-with-project-account-hrm-crm-pos/main-file/packages/dionone/Hrm/src/Resources/js/Pages/Holidays/Index.tsx'
    Imported via "@/components/ui/card" from file 'C:/Users/DION-SERVER/Desktop/codecanyon-FOhzjwS6-erpgo-saas-all-in-one-business-erp-with-project-account-hrm-crm-pos/main-file/packages/dionone/Hrm/src/Resources/js/Pages/HrmDocuments/Index.tsx'
    Imported via "@/components/ui/card" from file 'C:/Users/DION-SERVER/Desktop/codecanyon-FOhzjwS6-erpgo-saas-all-in-one-business-erp-with-project-account-hrm-crm-pos/main-file/packages/dionone/Hrm/src/Resources/js/Pages/LeaveApplications/Index.tsx'
    Imported via "@/components/ui/card" from file 'C:/Users/DION-SERVER/Desktop/codecanyon-FOhzjwS6-erpgo-saas-all-in-one-business-erp-with-project-account-hrm-crm-pos/main-file/packages/dionone/Hrm/src/Resources/js/Pages/LeaveBalance/Index.tsx'
    Imported via "@/components/ui/card" from file 'C:/Users/DION-SERVER/Desktop/codecanyon-FOhzjwS6-erpgo-saas-all-in-one-business-erp-with-project-account-hrm-crm-pos/main-file/packages/dionone/Hrm/src/Resources/js/Pages/LeaveTypes/Index.tsx'
    Imported via "@/components/ui/card" from file 'C:/Users/DION-SERVER/Desktop/codecanyon-FOhzjwS6-erpgo-saas-all-in-one-business-erp-with-project-account-hrm-crm-pos/main-file/packages/dionone/Hrm/src/Resources/js/Pages/Payrolls/Index.tsx'
    Imported via '@/components/ui/card' from file 'C:/Users/DION-SERVER/Desktop/codecanyon-FOhzjwS6-erpgo-saas-all-in-one-business-erp-with-project-account-hrm-crm-pos/main-file/packages/dionone/Hrm/src/Resources/js/Pages/Payrolls/payslip/PayslipModal.tsx'
    Imported via "@/components/ui/card" from file 'C:/Users/DION-SERVER/Desktop/codecanyon-FOhzjwS6-erpgo-saas-all-in-one-business-erp-with-project-account-hrm-crm-pos/main-file/packages/dionone/Hrm/src/Resources/js/Pages/Payrolls/Show.tsx'
    Imported via "@/components/ui/card" from file 'C:/Users/DION-SERVER/Desktop/codecanyon-FOhzjwS6-erpgo-saas-all-in-one-business-erp-with-project-account-hrm-crm-pos/main-file/packages/dionone/Hrm/src/Resources/js/Pages/Promotions/Index.tsx'
    Imported via "@/components/ui/card" from file 'C:/Users/DION-SERVER/Desktop/codecanyon-FOhzjwS6-erpgo-saas-all-in-one-business-erp-with-project-account-hrm-crm-pos/main-file/packages/dionone/Hrm/src/Resources/js/Pages/Resignations/Index.tsx'
    Imported via "@/components/ui/card" from file 'C:/Users/DION-SERVER/Desktop/codecanyon-FOhzjwS6-erpgo-saas-all-in-one-business-erp-with-project-account-hrm-crm-pos/main-file/packages/dionone/Hrm/src/Resources/js/Pages/SetSalary/Index.tsx'
    Imported via "@/components/ui/card" from file 'C:/Users/DION-SERVER/Desktop/codecanyon-FOhzjwS6-erpgo-saas-all-in-one-business-erp-with-project-account-hrm-crm-pos/main-file/packages/dionone/Hrm/src/Resources/js/Pages/SetSalary/Show.tsx'
    Imported via "@/components/ui/card" from file 'C:/Users/DION-SERVER/Desktop/codecanyon-FOhzjwS6-erpgo-saas-all-in-one-business-erp-with-project-account-hrm-crm-pos/main-file/packages/dionone/Hrm/src/Resources/js/Pages/Shifts/Index.tsx'
    Imported via "@/components/ui/card" from file 'C:/Users/DION-SERVER/Desktop/codecanyon-FOhzjwS6-erpgo-saas-all-in-one-business-erp-with-project-account-hrm-crm-pos/main-file/packages/dionone/Hrm/src/Resources/js/Pages/SystemSetup/AllowanceTypes/Index.tsx'
    Imported via "@/components/ui/card" from file 'C:/Users/DION-SERVER/Desktop/codecanyon-FOhzjwS6-erpgo-saas-all-in-one-business-erp-with-project-account-hrm-crm-pos/main-file/packages/dionone/Hrm/src/Resources/js/Pages/SystemSetup/AnnouncementCategories/Index.tsx'
    Imported via "@/components/ui/card" from file 'C:/Users/DION-SERVER/Desktop/codecanyon-FOhzjwS6-erpgo-saas-all-in-one-business-erp-with-project-account-hrm-crm-pos/main-file/packages/dionone/Hrm/src/Resources/js/Pages/SystemSetup/AwardTypes/Index.tsx'
    Imported via "@/components/ui/card" from file 'C:/Users/DION-SERVER/Desktop/codecanyon-FOhzjwS6-erpgo-saas-all-in-one-business-erp-with-project-account-hrm-crm-pos/main-file/packages/dionone/Hrm/src/Resources/js/Pages/SystemSetup/Branches/Index.tsx'
    Imported via "@/components/ui/card" from file 'C:/Users/DION-SERVER/Desktop/codecanyon-FOhzjwS6-erpgo-saas-all-in-one-business-erp-with-project-account-hrm-crm-pos/main-file/packages/dionone/Hrm/src/Resources/js/Pages/SystemSetup/ComplaintTypes/Index.tsx'
    Imported via "@/components/ui/card" from file 'C:/Users/DION-SERVER/Desktop/codecanyon-FOhzjwS6-erpgo-saas-all-in-one-business-erp-with-project-account-hrm-crm-pos/main-file/packages/dionone/Hrm/src/Resources/js/Pages/SystemSetup/DeductionTypes/Index.tsx'
    Imported via "@/components/ui/card" from file 'C:/Users/DION-SERVER/Desktop/codecanyon-FOhzjwS6-erpgo-saas-all-in-one-business-erp-with-project-account-hrm-crm-pos/main-file/packages/dionone/Hrm/src/Resources/js/Pages/SystemSetup/Departments/Index.tsx'
    Imported via "@/components/ui/card" from file 'C:/Users/DION-SERVER/Desktop/codecanyon-FOhzjwS6-erpgo-saas-all-in-one-business-erp-with-project-account-hrm-crm-pos/main-file/packages/dionone/Hrm/src/Resources/js/Pages/SystemSetup/Designations/Index.tsx'
    Imported via "@/components/ui/card" from file 'C:/Users/DION-SERVER/Desktop/codecanyon-FOhzjwS6-erpgo-saas-all-in-one-business-erp-with-project-account-hrm-crm-pos/main-file/packages/dionone/Hrm/src/Resources/js/Pages/SystemSetup/DocumentCategories/Index.tsx'
    Imported via "@/components/ui/card" from file 'C:/Users/DION-SERVER/Desktop/codecanyon-FOhzjwS6-erpgo-saas-all-in-one-business-erp-with-project-account-hrm-crm-pos/main-file/packages/dionone/Hrm/src/Resources/js/Pages/SystemSetup/EmployeeDocumentTypes/Index.tsx'
    Imported via "@/components/ui/card" from file 'C:/Users/DION-SERVER/Desktop/codecanyon-FOhzjwS6-erpgo-saas-all-in-one-business-erp-with-project-account-hrm-crm-pos/main-file/packages/dionone/Hrm/src/Resources/js/Pages/SystemSetup/EventTypes/Index.tsx'
    Imported via "@/components/ui/card" from file 'C:/Users/DION-SERVER/Desktop/codecanyon-FOhzjwS6-erpgo-saas-all-in-one-business-erp-with-project-account-hrm-crm-pos/main-file/packages/dionone/Hrm/src/Resources/js/Pages/SystemSetup/HolidayTypes/Index.tsx'
    Imported via "@/components/ui/card" from file 'C:/Users/DION-SERVER/Desktop/codecanyon-FOhzjwS6-erpgo-saas-all-in-one-business-erp-with-project-account-hrm-crm-pos/main-file/packages/dionone/Hrm/src/Resources/js/Pages/SystemSetup/IpRestricts/Index.tsx'
    Imported via "@/components/ui/card" from file 'C:/Users/DION-SERVER/Desktop/codecanyon-FOhzjwS6-erpgo-saas-all-in-one-business-erp-with-project-account-hrm-crm-pos/main-file/packages/dionone/Hrm/src/Resources/js/Pages/SystemSetup/LoanTypes/Index.tsx'
    Imported via "@/components/ui/card" from file 'C:/Users/DION-SERVER/Desktop/codecanyon-FOhzjwS6-erpgo-saas-all-in-one-business-erp-with-project-account-hrm-crm-pos/main-file/packages/dionone/Hrm/src/Resources/js/Pages/SystemSetup/TerminationTypes/Index.tsx'
    Imported via "@/components/ui/card" from file 'C:/Users/DION-SERVER/Desktop/codecanyon-FOhzjwS6-erpgo-saas-all-in-one-business-erp-with-project-account-hrm-crm-pos/main-file/packages/dionone/Hrm/src/Resources/js/Pages/SystemSetup/WarningTypes/Index.tsx'
    Imported via "@/components/ui/card" from file 'C:/Users/DION-SERVER/Desktop/codecanyon-FOhzjwS6-erpgo-saas-all-in-one-business-erp-with-project-account-hrm-crm-pos/main-file/packages/dionone/Hrm/src/Resources/js/Pages/SystemSetup/WorkingDays/Index.tsx'
    Imported via "@/components/ui/card" from file 'C:/Users/DION-SERVER/Desktop/codecanyon-FOhzjwS6-erpgo-saas-all-in-one-business-erp-with-project-account-hrm-crm-pos/main-file/packages/dionone/Hrm/src/Resources/js/Pages/Terminations/Index.tsx'
    Imported via "@/components/ui/card" from file 'C:/Users/DION-SERVER/Desktop/codecanyon-FOhzjwS6-erpgo-saas-all-in-one-business-erp-with-project-account-hrm-crm-pos/main-file/packages/dionone/Hrm/src/Resources/js/Pages/Warnings/Index.tsx'
    Imported via '@/components/ui/card' from file 'C:/Users/DION-SERVER/Desktop/codecanyon-FOhzjwS6-erpgo-saas-all-in-one-business-erp-with-project-account-hrm-crm-pos/main-file/packages/dionone/LandingPage/src/Resources/js/Pages/Settings.tsx'
    Imported via '@/components/ui/card' from file 'C:/Users/DION-SERVER/Desktop/codecanyon-FOhzjwS6-erpgo-saas-all-in-one-business-erp-with-project-account-hrm-crm-pos/main-file/packages/dionone/LandingPage/src/Resources/js/Pages/components/settings/General.tsx'
    Imported via '@/components/ui/card' from file 'C:/Users/DION-SERVER/Desktop/codecanyon-FOhzjwS6-erpgo-saas-all-in-one-business-erp-with-project-account-hrm-crm-pos/main-file/packages/dionone/LandingPage/src/Resources/js/Pages/components/settings/Hero.tsx'
    Imported via '@/components/ui/card' from file 'C:/Users/DION-SERVER/Desktop/codecanyon-FOhzjwS6-erpgo-saas-all-in-one-business-erp-with-project-account-hrm-crm-pos/main-file/packages/dionone/LandingPage/src/Resources/js/Pages/components/settings/Header.tsx'
    Imported via '@/components/ui/card' from file 'C:/Users/DION-SERVER/Desktop/codecanyon-FOhzjwS6-erpgo-saas-all-in-one-business-erp-with-project-account-hrm-crm-pos/main-file/packages/dionone/LandingPage/src/Resources/js/Pages/components/settings/Features.tsx'
    Imported via '@/components/ui/card' from file 'C:/Users/DION-SERVER/Desktop/codecanyon-FOhzjwS6-erpgo-saas-all-in-one-business-erp-with-project-account-hrm-crm-pos/main-file/packages/dionone/LandingPage/src/Resources/js/Pages/components/settings/Stats.tsx'
    Imported via '@/components/ui/card' from file 'C:/Users/DION-SERVER/Desktop/codecanyon-FOhzjwS6-erpgo-saas-all-in-one-business-erp-with-project-account-hrm-crm-pos/main-file/packages/dionone/LandingPage/src/Resources/js/Pages/components/settings/Modules.tsx'
    Imported via '@/components/ui/card' from file 'C:/Users/DION-SERVER/Desktop/codecanyon-FOhzjwS6-erpgo-saas-all-in-one-business-erp-with-project-account-hrm-crm-pos/main-file/packages/dionone/LandingPage/src/Resources/js/Pages/components/settings/Benefits.tsx'
    Imported via '@/components/ui/card' from file 'C:/Users/DION-SERVER/Desktop/codecanyon-FOhzjwS6-erpgo-saas-all-in-one-business-erp-with-project-account-hrm-crm-pos/main-file/packages/dionone/LandingPage/src/Resources/js/Pages/components/settings/Gallery.tsx'
    Imported via '@/components/ui/card' from file 'C:/Users/DION-SERVER/Desktop/codecanyon-FOhzjwS6-erpgo-saas-all-in-one-business-erp-with-project-account-hrm-crm-pos/main-file/packages/dionone/LandingPage/src/Resources/js/Pages/components/settings/CTA.tsx'
    Imported via '@/components/ui/card' from file 'C:/Users/DION-SERVER/Desktop/codecanyon-FOhzjwS6-erpgo-saas-all-in-one-business-erp-with-project-account-hrm-crm-pos/main-file/packages/dionone/LandingPage/src/Resources/js/Pages/components/settings/Footer.tsx'
    Imported via '@/components/ui/card' from file 'C:/Users/DION-SERVER/Desktop/codecanyon-FOhzjwS6-erpgo-saas-all-in-one-business-erp-with-project-account-hrm-crm-pos/main-file/packages/dionone/LandingPage/src/Resources/js/Pages/components/settings/Order.tsx'
    Imported via '@/components/ui/card' from file 'C:/Users/DION-SERVER/Desktop/codecanyon-FOhzjwS6-erpgo-saas-all-in-one-business-erp-with-project-account-hrm-crm-pos/main-file/packages/dionone/LandingPage/src/Resources/js/Pages/components/settings/Colors.tsx'
    Imported via '@/components/ui/card' from file 'C:/Users/DION-SERVER/Desktop/codecanyon-FOhzjwS6-erpgo-saas-all-in-one-business-erp-with-project-account-hrm-crm-pos/main-file/packages/dionone/LandingPage/src/Resources/js/Pages/components/settings/Pricing.tsx'
    Imported via '@/components/ui/card' from file 'C:/Users/DION-SERVER/Desktop/codecanyon-FOhzjwS6-erpgo-saas-all-in-one-business-erp-with-project-account-hrm-crm-pos/main-file/packages/dionone/LandingPage/src/Resources/js/Pages/CustomPages/Create.tsx'
    Imported via '@/components/ui/card' from file 'C:/Users/DION-SERVER/Desktop/codecanyon-FOhzjwS6-erpgo-saas-all-in-one-business-erp-with-project-account-hrm-crm-pos/main-file/packages/dionone/LandingPage/src/Resources/js/Pages/CustomPages/Edit.tsx'
    Imported via '@/components/ui/card' from file 'C:/Users/DION-SERVER/Desktop/codecanyon-FOhzjwS6-erpgo-saas-all-in-one-business-erp-with-project-account-hrm-crm-pos/main-file/packages/dionone/LandingPage/src/Resources/js/Pages/CustomPages/Index.tsx'
    Imported via '@/components/ui/card' from file 'C:/Users/DION-SERVER/Desktop/codecanyon-FOhzjwS6-erpgo-saas-all-in-one-business-erp-with-project-account-hrm-crm-pos/main-file/packages/dionone/LandingPage/src/Resources/js/Pages/NewsletterSubscribers/Index.tsx'
    Imported via '@/components/ui/card' from file 'C:/Users/DION-SERVER/Desktop/codecanyon-FOhzjwS6-erpgo-saas-all-in-one-business-erp-with-project-account-hrm-crm-pos/main-file/packages/dionone/LandingPage/src/Resources/js/Pages/marketplace/Settings.tsx'
    Imported via '@/components/ui/card' from file 'C:/Users/DION-SERVER/Desktop/codecanyon-FOhzjwS6-erpgo-saas-all-in-one-business-erp-with-project-account-hrm-crm-pos/main-file/packages/dionone/Lead/src/Resources/js/Pages/Dashboard/ClientDashboard.tsx'
    Imported via '@/components/ui/card' from file 'C:/Users/DION-SERVER/Desktop/codecanyon-FOhzjwS6-erpgo-saas-all-in-one-business-erp-with-project-account-hrm-crm-pos/main-file/packages/dionone/Lead/src/Resources/js/Pages/Dashboard/CompanyDashboard.tsx'
    Imported via '@/components/ui/card' from file 'C:/Users/DION-SERVER/Desktop/codecanyon-FOhzjwS6-erpgo-saas-all-in-one-business-erp-with-project-account-hrm-crm-pos/main-file/packages/dionone/Lead/src/Resources/js/Pages/Dashboard/UserDashboard.tsx'
    Imported via "@/components/ui/card" from file 'C:/Users/DION-SERVER/Desktop/codecanyon-FOhzjwS6-erpgo-saas-all-in-one-business-erp-with-project-account-hrm-crm-pos/main-file/packages/dionone/Lead/src/Resources/js/Pages/Deals/Index.tsx'
    Imported via '@/components/ui/card' from file 'C:/Users/DION-SERVER/Desktop/codecanyon-FOhzjwS6-erpgo-saas-all-in-one-business-erp-with-project-account-hrm-crm-pos/main-file/packages/dionone/Lead/src/Resources/js/Pages/Deals/Show.tsx'
    Imported via '@/components/ui/card' from file 'C:/Users/DION-SERVER/Desktop/codecanyon-FOhzjwS6-erpgo-saas-all-in-one-business-erp-with-project-account-hrm-crm-pos/main-file/packages/dionone/Lead/src/Resources/js/Pages/Deals/Show/Files.tsx'
    Imported via "@/components/ui/card" from file 'C:/Users/DION-SERVER/Desktop/codecanyon-FOhzjwS6-erpgo-saas-all-in-one-business-erp-with-project-account-hrm-crm-pos/main-file/packages/dionone/Lead/src/Resources/js/Pages/Leads/Index.tsx'
    Imported via '@/components/ui/card' from file 'C:/Users/DION-SERVER/Desktop/codecanyon-FOhzjwS6-erpgo-saas-all-in-one-business-erp-with-project-account-hrm-crm-pos/main-file/packages/dionone/Lead/src/Resources/js/Pages/Leads/Show/Index.tsx'
    Imported via '@/components/ui/card' from file 'C:/Users/DION-SERVER/Desktop/codecanyon-FOhzjwS6-erpgo-saas-all-in-one-business-erp-with-project-account-hrm-crm-pos/main-file/packages/dionone/Lead/src/Resources/js/Pages/Leads/Show/Files.tsx'
    Imported via "@/components/ui/card" from file 'C:/Users/DION-SERVER/Desktop/codecanyon-FOhzjwS6-erpgo-saas-all-in-one-business-erp-with-project-account-hrm-crm-pos/main-file/packages/dionone/Lead/src/Resources/js/Pages/Reports/DealReports.tsx'
    Imported via "@/components/ui/card" from file 'C:/Users/DION-SERVER/Desktop/codecanyon-FOhzjwS6-erpgo-saas-all-in-one-business-erp-with-project-account-hrm-crm-pos/main-file/packages/dionone/Lead/src/Resources/js/Pages/Reports/Index.tsx'
    Imported via "@/components/ui/card" from file 'C:/Users/DION-SERVER/Desktop/codecanyon-FOhzjwS6-erpgo-saas-all-in-one-business-erp-with-project-account-hrm-crm-pos/main-file/packages/dionone/Lead/src/Resources/js/Pages/Reports/LeadReports.tsx'
    Imported via "@/components/ui/card" from file 'C:/Users/DION-SERVER/Desktop/codecanyon-FOhzjwS6-erpgo-saas-all-in-one-business-erp-with-project-account-hrm-crm-pos/main-file/packages/dionone/Lead/src/Resources/js/Pages/SystemSetup/DealStages/Index.tsx'
    Imported via "@/components/ui/card" from file 'C:/Users/DION-SERVER/Desktop/codecanyon-FOhzjwS6-erpgo-saas-all-in-one-business-erp-with-project-account-hrm-crm-pos/main-file/packages/dionone/Lead/src/Resources/js/Pages/SystemSetup/Labels/Index.tsx'
    Imported via "@/components/ui/card" from file 'C:/Users/DION-SERVER/Desktop/codecanyon-FOhzjwS6-erpgo-saas-all-in-one-business-erp-with-project-account-hrm-crm-pos/main-file/packages/dionone/Lead/src/Resources/js/Pages/SystemSetup/LeadStages/Index.tsx'
    Imported via "@/components/ui/card" from file 'C:/Users/DION-SERVER/Desktop/codecanyon-FOhzjwS6-erpgo-saas-all-in-one-business-erp-with-project-account-hrm-crm-pos/main-file/packages/dionone/Lead/src/Resources/js/Pages/SystemSetup/Pipelines/Index.tsx'
    Imported via "@/components/ui/card" from file 'C:/Users/DION-SERVER/Desktop/codecanyon-FOhzjwS6-erpgo-saas-all-in-one-business-erp-with-project-account-hrm-crm-pos/main-file/packages/dionone/Lead/src/Resources/js/Pages/SystemSetup/Sources/Index.tsx'
    Imported via '@/components/ui/card' from file 'C:/Users/DION-SERVER/Desktop/codecanyon-FOhzjwS6-erpgo-saas-all-in-one-business-erp-with-project-account-hrm-crm-pos/main-file/packages/dionone/Paypal/src/Resources/js/settings/components/paypal-settings.tsx'
    Imported via "@/components/ui/card" from file 'C:/Users/DION-SERVER/Desktop/codecanyon-FOhzjwS6-erpgo-saas-all-in-one-business-erp-with-project-account-hrm-crm-pos/main-file/packages/dionone/Performance/src/Resources/js/Pages/EmployeeGoals/Index.tsx'
    Imported via "@/components/ui/card" from file 'C:/Users/DION-SERVER/Desktop/codecanyon-FOhzjwS6-erpgo-saas-all-in-one-business-erp-with-project-account-hrm-crm-pos/main-file/packages/dionone/Performance/src/Resources/js/Pages/EmployeeReviews/Conduct.tsx'
    Imported via "@/components/ui/card" from file 'C:/Users/DION-SERVER/Desktop/codecanyon-FOhzjwS6-erpgo-saas-all-in-one-business-erp-with-project-account-hrm-crm-pos/main-file/packages/dionone/Performance/src/Resources/js/Pages/EmployeeReviews/Index.tsx'
    Imported via "@/components/ui/card" from file 'C:/Users/DION-SERVER/Desktop/codecanyon-FOhzjwS6-erpgo-saas-all-in-one-business-erp-with-project-account-hrm-crm-pos/main-file/packages/dionone/Performance/src/Resources/js/Pages/Indicators/Index.tsx'
    Imported via "@/components/ui/card" from file 'C:/Users/DION-SERVER/Desktop/codecanyon-FOhzjwS6-erpgo-saas-all-in-one-business-erp-with-project-account-hrm-crm-pos/main-file/packages/dionone/Performance/src/Resources/js/Pages/ReviewCycles/Index.tsx'
    Imported via "@/components/ui/card" from file 'C:/Users/DION-SERVER/Desktop/codecanyon-FOhzjwS6-erpgo-saas-all-in-one-business-erp-with-project-account-hrm-crm-pos/main-file/packages/dionone/Performance/src/Resources/js/Pages/SystemSetup/GoalTypes/Index.tsx'
    Imported via "@/components/ui/card" from file 'C:/Users/DION-SERVER/Desktop/codecanyon-FOhzjwS6-erpgo-saas-all-in-one-business-erp-with-project-account-hrm-crm-pos/main-file/packages/dionone/Performance/src/Resources/js/Pages/SystemSetup/IndicatorCategories/Index.tsx'
    Imported via '@/components/ui/card' from file 'C:/Users/DION-SERVER/Desktop/codecanyon-FOhzjwS6-erpgo-saas-all-in-one-business-erp-with-project-account-hrm-crm-pos/main-file/packages/dionone/Pos/src/Resources/js/Pages/Barcode/Index.tsx'
    Imported via '@/components/ui/card' from file 'C:/Users/DION-SERVER/Desktop/codecanyon-FOhzjwS6-erpgo-saas-all-in-one-business-erp-with-project-account-hrm-crm-pos/main-file/packages/dionone/Pos/src/Resources/js/Pages/Dashboard/ClientDashboard.tsx'
    Imported via '@/components/ui/card' from file 'C:/Users/DION-SERVER/Desktop/codecanyon-FOhzjwS6-erpgo-saas-all-in-one-business-erp-with-project-account-hrm-crm-pos/main-file/packages/dionone/Pos/src/Resources/js/Pages/Dashboard/Index.tsx'
    Imported via '@/components/ui/card' from file 'C:/Users/DION-SERVER/Desktop/codecanyon-FOhzjwS6-erpgo-saas-all-in-one-business-erp-with-project-account-hrm-crm-pos/main-file/packages/dionone/Pos/src/Resources/js/Pages/Pos/Create.tsx'
    Imported via '@/components/ui/card' from file 'C:/Users/DION-SERVER/Desktop/codecanyon-FOhzjwS6-erpgo-saas-all-in-one-business-erp-with-project-account-hrm-crm-pos/main-file/packages/dionone/Pos/src/Resources/js/Pages/PosOrder/Index.tsx'
    Imported via '@/components/ui/card' from file 'C:/Users/DION-SERVER/Desktop/codecanyon-FOhzjwS6-erpgo-saas-all-in-one-business-erp-with-project-account-hrm-crm-pos/main-file/packages/dionone/Pos/src/Resources/js/Pages/PosOrder/Show.tsx'
    Imported via '@/components/ui/card' from file 'C:/Users/DION-SERVER/Desktop/codecanyon-FOhzjwS6-erpgo-saas-all-in-one-business-erp-with-project-account-hrm-crm-pos/main-file/packages/dionone/Pos/src/Resources/js/Pages/Reports/Customers.tsx'
    Imported via '@/components/ui/card' from file 'C:/Users/DION-SERVER/Desktop/codecanyon-FOhzjwS6-erpgo-saas-all-in-one-business-erp-with-project-account-hrm-crm-pos/main-file/packages/dionone/Pos/src/Resources/js/Pages/Reports/Products.tsx'
    Imported via '@/components/ui/card' from file 'C:/Users/DION-SERVER/Desktop/codecanyon-FOhzjwS6-erpgo-saas-all-in-one-business-erp-with-project-account-hrm-crm-pos/main-file/packages/dionone/Pos/src/Resources/js/Pages/Reports/Sales.tsx'
    Imported via "@/components/ui/card" from file 'C:/Users/DION-SERVER/Desktop/codecanyon-FOhzjwS6-erpgo-saas-all-in-one-business-erp-with-project-account-hrm-crm-pos/main-file/packages/dionone/ProductService/src/Resources/js/Pages/Items/Create.tsx'
    Imported via "@/components/ui/card" from file 'C:/Users/DION-SERVER/Desktop/codecanyon-FOhzjwS6-erpgo-saas-all-in-one-business-erp-with-project-account-hrm-crm-pos/main-file/packages/dionone/ProductService/src/Resources/js/Pages/Items/Edit.tsx'
    Imported via "@/components/ui/card" from file 'C:/Users/DION-SERVER/Desktop/codecanyon-FOhzjwS6-erpgo-saas-all-in-one-business-erp-with-project-account-hrm-crm-pos/main-file/packages/dionone/ProductService/src/Resources/js/Pages/Items/Index.tsx'
    Imported via "@/components/ui/card" from file 'C:/Users/DION-SERVER/Desktop/codecanyon-FOhzjwS6-erpgo-saas-all-in-one-business-erp-with-project-account-hrm-crm-pos/main-file/packages/dionone/ProductService/src/Resources/js/Pages/Items/Show.tsx'
    Imported via "@/components/ui/card" from file 'C:/Users/DION-SERVER/Desktop/codecanyon-FOhzjwS6-erpgo-saas-all-in-one-business-erp-with-project-account-hrm-crm-pos/main-file/packages/dionone/ProductService/src/Resources/js/Pages/Stock/Index.tsx'
    Imported via "@/components/ui/card" from file 'C:/Users/DION-SERVER/Desktop/codecanyon-FOhzjwS6-erpgo-saas-all-in-one-business-erp-with-project-account-hrm-crm-pos/main-file/packages/dionone/ProductService/src/Resources/js/Pages/SystemSetup/Categories/Index.tsx'
    Imported via "@/components/ui/card" from file 'C:/Users/DION-SERVER/Desktop/codecanyon-FOhzjwS6-erpgo-saas-all-in-one-business-erp-with-project-account-hrm-crm-pos/main-file/packages/dionone/ProductService/src/Resources/js/Pages/SystemSetup/Taxes/Index.tsx'
    Imported via "@/components/ui/card" from file 'C:/Users/DION-SERVER/Desktop/codecanyon-FOhzjwS6-erpgo-saas-all-in-one-business-erp-with-project-account-hrm-crm-pos/main-file/packages/dionone/ProductService/src/Resources/js/Pages/SystemSetup/Units/Index.tsx'
    Imported via '@/components/ui/card' from file 'C:/Users/DION-SERVER/Desktop/codecanyon-FOhzjwS6-erpgo-saas-all-in-one-business-erp-with-project-account-hrm-crm-pos/main-file/packages/dionone/Quotation/src/Resources/js/Pages/Quotations/Create.tsx'
    Imported via '@/components/ui/card' from file 'C:/Users/DION-SERVER/Desktop/codecanyon-FOhzjwS6-erpgo-saas-all-in-one-business-erp-with-project-account-hrm-crm-pos/main-file/packages/dionone/Quotation/src/Resources/js/Pages/Quotations/Edit.tsx'
    Imported via "@/components/ui/card" from file 'C:/Users/DION-SERVER/Desktop/codecanyon-FOhzjwS6-erpgo-saas-all-in-one-business-erp-with-project-account-hrm-crm-pos/main-file/packages/dionone/Quotation/src/Resources/js/Pages/Quotations/Index.tsx'
    Imported via '@/components/ui/card' from file 'C:/Users/DION-SERVER/Desktop/codecanyon-FOhzjwS6-erpgo-saas-all-in-one-business-erp-with-project-account-hrm-crm-pos/main-file/packages/dionone/Quotation/src/Resources/js/Pages/Quotations/View.tsx'
    Imported via '@/components/ui/card' from file 'C:/Users/DION-SERVER/Desktop/codecanyon-FOhzjwS6-erpgo-saas-all-in-one-business-erp-with-project-account-hrm-crm-pos/main-file/packages/dionone/Recruitment/src/Resources/js/Pages/Index.tsx'
    Imported via "@/components/ui/card" from file 'C:/Users/DION-SERVER/Desktop/codecanyon-FOhzjwS6-erpgo-saas-all-in-one-business-erp-with-project-account-hrm-crm-pos/main-file/packages/dionone/Recruitment/src/Resources/js/Pages/CandidateAssessments/Index.tsx'
    Imported via "@/components/ui/card" from file 'C:/Users/DION-SERVER/Desktop/codecanyon-FOhzjwS6-erpgo-saas-all-in-one-business-erp-with-project-account-hrm-crm-pos/main-file/packages/dionone/Recruitment/src/Resources/js/Pages/CandidateOnboardings/Index.tsx'
    Imported via "@/components/ui/card" from file 'C:/Users/DION-SERVER/Desktop/codecanyon-FOhzjwS6-erpgo-saas-all-in-one-business-erp-with-project-account-hrm-crm-pos/main-file/packages/dionone/Recruitment/src/Resources/js/Pages/Candidates/Index.tsx'
    Imported via "@/components/ui/card" from file 'C:/Users/DION-SERVER/Desktop/codecanyon-FOhzjwS6-erpgo-saas-all-in-one-business-erp-with-project-account-hrm-crm-pos/main-file/packages/dionone/Recruitment/src/Resources/js/Pages/Candidates/Show.tsx'
    Imported via "@/components/ui/card" from file 'C:/Users/DION-SERVER/Desktop/codecanyon-FOhzjwS6-erpgo-saas-all-in-one-business-erp-with-project-account-hrm-crm-pos/main-file/packages/dionone/Recruitment/src/Resources/js/Pages/ChecklistItems/Index.tsx'
    Imported via "@/components/ui/card" from file 'C:/Users/DION-SERVER/Desktop/codecanyon-FOhzjwS6-erpgo-saas-all-in-one-business-erp-with-project-account-hrm-crm-pos/main-file/packages/dionone/Recruitment/src/Resources/js/Pages/CustomQuestions/Index.tsx'
    Imported via "@/components/ui/card" from file 'C:/Users/DION-SERVER/Desktop/codecanyon-FOhzjwS6-erpgo-saas-all-in-one-business-erp-with-project-account-hrm-crm-pos/main-file/packages/dionone/Recruitment/src/Resources/js/Pages/Dashboard/StaffDashboard.tsx'
    Imported via '@/components/ui/card' from file 'C:/Users/DION-SERVER/Desktop/codecanyon-FOhzjwS6-erpgo-saas-all-in-one-business-erp-with-project-account-hrm-crm-pos/main-file/packages/dionone/Recruitment/src/Resources/js/Pages/Frontend/JobApply.tsx'
    Imported via '@/components/ui/card' from file 'C:/Users/DION-SERVER/Desktop/codecanyon-FOhzjwS6-erpgo-saas-all-in-one-business-erp-with-project-account-hrm-crm-pos/main-file/packages/dionone/Recruitment/src/Resources/js/Pages/Frontend/JobDetails.tsx'
    Imported via '@/components/ui/card' from file 'C:/Users/DION-SERVER/Desktop/codecanyon-FOhzjwS6-erpgo-saas-all-in-one-business-erp-with-project-account-hrm-crm-pos/main-file/packages/dionone/Recruitment/src/Resources/js/Pages/Frontend/JobListings.tsx'
    Imported via '@/components/ui/card' from file 'C:/Users/DION-SERVER/Desktop/codecanyon-FOhzjwS6-erpgo-saas-all-in-one-business-erp-with-project-account-hrm-crm-pos/main-file/packages/dionone/Recruitment/src/Resources/js/Pages/Frontend/JobTerms.tsx'
    Imported via '@/components/ui/card' from file 'C:/Users/DION-SERVER/Desktop/codecanyon-FOhzjwS6-erpgo-saas-all-in-one-business-erp-with-project-account-hrm-crm-pos/main-file/packages/dionone/Recruitment/src/Resources/js/Pages/Frontend/NotFound.tsx'
    Imported via '@/components/ui/card' from file 'C:/Users/DION-SERVER/Desktop/codecanyon-FOhzjwS6-erpgo-saas-all-in-one-business-erp-with-project-account-hrm-crm-pos/main-file/packages/dionone/Recruitment/src/Resources/js/Pages/Frontend/Success.tsx'
    Imported via '@/components/ui/card' from file 'C:/Users/DION-SERVER/Desktop/codecanyon-FOhzjwS6-erpgo-saas-all-in-one-business-erp-with-project-account-hrm-crm-pos/main-file/packages/dionone/Recruitment/src/Resources/js/Pages/Frontend/TrackingDetails.tsx'
    Imported via '@/components/ui/card' from file 'C:/Users/DION-SERVER/Desktop/codecanyon-FOhzjwS6-erpgo-saas-all-in-one-business-erp-with-project-account-hrm-crm-pos/main-file/packages/dionone/Recruitment/src/Resources/js/Pages/Frontend/TrackingForm.tsx'
    Imported via "@/components/ui/card" from file 'C:/Users/DION-SERVER/Desktop/codecanyon-FOhzjwS6-erpgo-saas-all-in-one-business-erp-with-project-account-hrm-crm-pos/main-file/packages/dionone/Recruitment/src/Resources/js/Pages/InterviewFeedbacks/Index.tsx'
    Imported via "@/components/ui/card" from file 'C:/Users/DION-SERVER/Desktop/codecanyon-FOhzjwS6-erpgo-saas-all-in-one-business-erp-with-project-account-hrm-crm-pos/main-file/packages/dionone/Recruitment/src/Resources/js/Pages/InterviewRounds/Index.tsx'
    Imported via "@/components/ui/card" from file 'C:/Users/DION-SERVER/Desktop/codecanyon-FOhzjwS6-erpgo-saas-all-in-one-business-erp-with-project-account-hrm-crm-pos/main-file/packages/dionone/Recruitment/src/Resources/js/Pages/Interviews/Index.tsx'
    Imported via "@/components/ui/card" from file 'C:/Users/DION-SERVER/Desktop/codecanyon-FOhzjwS6-erpgo-saas-all-in-one-business-erp-with-project-account-hrm-crm-pos/main-file/packages/dionone/Recruitment/src/Resources/js/Pages/Interviews/Show.tsx'
    Imported via "@/components/ui/card" from file 'C:/Users/DION-SERVER/Desktop/codecanyon-FOhzjwS6-erpgo-saas-all-in-one-business-erp-with-project-account-hrm-crm-pos/main-file/packages/dionone/Recruitment/src/Resources/js/Pages/JobLocations/Index.tsx'
    Imported via "@/components/ui/card" from file 'C:/Users/DION-SERVER/Desktop/codecanyon-FOhzjwS6-erpgo-saas-all-in-one-business-erp-with-project-account-hrm-crm-pos/main-file/packages/dionone/Recruitment/src/Resources/js/Pages/JobPostings/Index.tsx'
    Imported via "@/components/ui/card" from file 'C:/Users/DION-SERVER/Desktop/codecanyon-FOhzjwS6-erpgo-saas-all-in-one-business-erp-with-project-account-hrm-crm-pos/main-file/packages/dionone/Recruitment/src/Resources/js/Pages/JobPostings/Show.tsx'
    Imported via "@/components/ui/card" from file 'C:/Users/DION-SERVER/Desktop/codecanyon-FOhzjwS6-erpgo-saas-all-in-one-business-erp-with-project-account-hrm-crm-pos/main-file/packages/dionone/Recruitment/src/Resources/js/Pages/Offers/ConvertToEmployee.tsx'
    Imported via "@/components/ui/card" from file 'C:/Users/DION-SERVER/Desktop/codecanyon-FOhzjwS6-erpgo-saas-all-in-one-business-erp-with-project-account-hrm-crm-pos/main-file/packages/dionone/Recruitment/src/Resources/js/Pages/Offers/Index.tsx'
    Imported via '@/components/ui/card' from file 'C:/Users/DION-SERVER/Desktop/codecanyon-FOhzjwS6-erpgo-saas-all-in-one-business-erp-with-project-account-hrm-crm-pos/main-file/packages/dionone/Recruitment/src/Resources/js/Pages/SystemSetup/AboutCompany/Index.tsx'
    Imported via '@/components/ui/card' from file 'C:/Users/DION-SERVER/Desktop/codecanyon-FOhzjwS6-erpgo-saas-all-in-one-business-erp-with-project-account-hrm-crm-pos/main-file/packages/dionone/Recruitment/src/Resources/js/Pages/SystemSetup/ApplicationTips/Index.tsx'
    Imported via '@/components/ui/card' from file 'C:/Users/DION-SERVER/Desktop/codecanyon-FOhzjwS6-erpgo-saas-all-in-one-business-erp-with-project-account-hrm-crm-pos/main-file/packages/dionone/Recruitment/src/Resources/js/Pages/SystemSetup/BrandSettings/Index.tsx'
    Imported via "@/components/ui/card" from file 'C:/Users/DION-SERVER/Desktop/codecanyon-FOhzjwS6-erpgo-saas-all-in-one-business-erp-with-project-account-hrm-crm-pos/main-file/packages/dionone/Recruitment/src/Resources/js/Pages/SystemSetup/CandidateSources/Index.tsx'
    Imported via "@/components/ui/card" from file 'C:/Users/DION-SERVER/Desktop/codecanyon-FOhzjwS6-erpgo-saas-all-in-one-business-erp-with-project-account-hrm-crm-pos/main-file/packages/dionone/Recruitment/src/Resources/js/Pages/SystemSetup/DashboardWelcomeCard/Index.tsx'
    Imported via "@/components/ui/card" from file 'C:/Users/DION-SERVER/Desktop/codecanyon-FOhzjwS6-erpgo-saas-all-in-one-business-erp-with-project-account-hrm-crm-pos/main-file/packages/dionone/Recruitment/src/Resources/js/Pages/SystemSetup/InterviewTypes/Index.tsx'
    Imported via "@/components/ui/card" from file 'C:/Users/DION-SERVER/Desktop/codecanyon-FOhzjwS6-erpgo-saas-all-in-one-business-erp-with-project-account-hrm-crm-pos/main-file/packages/dionone/Recruitment/src/Resources/js/Pages/SystemSetup/JobCategories/Index.tsx'
    Imported via "@/components/ui/card" from file 'C:/Users/DION-SERVER/Desktop/codecanyon-FOhzjwS6-erpgo-saas-all-in-one-business-erp-with-project-account-hrm-crm-pos/main-file/packages/dionone/Recruitment/src/Resources/js/Pages/SystemSetup/JobTypes/Index.tsx'
    Imported via '@/components/ui/card' from file 'C:/Users/DION-SERVER/Desktop/codecanyon-FOhzjwS6-erpgo-saas-all-in-one-business-erp-with-project-account-hrm-crm-pos/main-file/packages/dionone/Recruitment/src/Resources/js/Pages/SystemSetup/NeedHelp/Index.tsx'
    Imported via '@/components/ui/card' from file 'C:/Users/DION-SERVER/Desktop/codecanyon-FOhzjwS6-erpgo-saas-all-in-one-business-erp-with-project-account-hrm-crm-pos/main-file/packages/dionone/Recruitment/src/Resources/js/Pages/SystemSetup/OfferLetterTemplate/Index.tsx'
    Imported via "@/components/ui/card" from file 'C:/Users/DION-SERVER/Desktop/codecanyon-FOhzjwS6-erpgo-saas-all-in-one-business-erp-with-project-account-hrm-crm-pos/main-file/packages/dionone/Recruitment/src/Resources/js/Pages/SystemSetup/OnboardingChecklists/Index.tsx'
    Imported via '@/components/ui/card' from file 'C:/Users/DION-SERVER/Desktop/codecanyon-FOhzjwS6-erpgo-saas-all-in-one-business-erp-with-project-account-hrm-crm-pos/main-file/packages/dionone/Recruitment/src/Resources/js/Pages/SystemSetup/TrackingFaq/Index.tsx'
    Imported via '@/components/ui/card' from file 'C:/Users/DION-SERVER/Desktop/codecanyon-FOhzjwS6-erpgo-saas-all-in-one-business-erp-with-project-account-hrm-crm-pos/main-file/packages/dionone/Recruitment/src/Resources/js/Pages/SystemSetup/WhatHappensNext/Index.tsx'
    Imported via '@/components/ui/card' from file 'C:/Users/DION-SERVER/Desktop/codecanyon-FOhzjwS6-erpgo-saas-all-in-one-business-erp-with-project-account-hrm-crm-pos/main-file/packages/dionone/Slack/src/Resources/js/settings/components/slack-settings.tsx'
    Imported via '@/components/ui/card' from file 'C:/Users/DION-SERVER/Desktop/codecanyon-FOhzjwS6-erpgo-saas-all-in-one-business-erp-with-project-account-hrm-crm-pos/main-file/packages/dionone/Stripe/src/Resources/js/settings/components/stripe-settings.tsx'
    Imported via "@/components/ui/card" from file 'C:/Users/DION-SERVER/Desktop/codecanyon-FOhzjwS6-erpgo-saas-all-in-one-business-erp-with-project-account-hrm-crm-pos/main-file/packages/dionone/SupportTicket/src/Resources/js/Pages/Search.tsx'
    Imported via '@/components/ui/card' from file 'C:/Users/DION-SERVER/Desktop/codecanyon-FOhzjwS6-erpgo-saas-all-in-one-business-erp-with-project-account-hrm-crm-pos/main-file/packages/dionone/SupportTicket/src/Resources/js/Pages/Show.tsx'
    Imported via '@/components/ui/card' from file 'C:/Users/DION-SERVER/Desktop/codecanyon-FOhzjwS6-erpgo-saas-all-in-one-business-erp-with-project-account-hrm-crm-pos/main-file/packages/dionone/SupportTicket/src/Resources/js/Pages/Categories/Index.tsx'
    Imported via '@/components/ui/card' from file 'C:/Users/DION-SERVER/Desktop/codecanyon-FOhzjwS6-erpgo-saas-all-in-one-business-erp-with-project-account-hrm-crm-pos/main-file/packages/dionone/SupportTicket/src/Resources/js/Pages/Contact/Index.tsx'
    Imported via '@/components/ui/card' from file 'C:/Users/DION-SERVER/Desktop/codecanyon-FOhzjwS6-erpgo-saas-all-in-one-business-erp-with-project-account-hrm-crm-pos/main-file/packages/dionone/SupportTicket/src/Resources/js/Pages/Dashboard/ClientDashboard.tsx'
    Imported via '@/components/ui/card' from file 'C:/Users/DION-SERVER/Desktop/codecanyon-FOhzjwS6-erpgo-saas-all-in-one-business-erp-with-project-account-hrm-crm-pos/main-file/packages/dionone/SupportTicket/src/Resources/js/Pages/Dashboard/Index.tsx'
    Imported via '@/components/ui/card' from file 'C:/Users/DION-SERVER/Desktop/codecanyon-FOhzjwS6-erpgo-saas-all-in-one-business-erp-with-project-account-hrm-crm-pos/main-file/packages/dionone/SupportTicket/src/Resources/js/Pages/Dashboard/StaffDashboard.tsx'
    Imported via '@/components/ui/card' from file 'C:/Users/DION-SERVER/Desktop/codecanyon-FOhzjwS6-erpgo-saas-all-in-one-business-erp-with-project-account-hrm-crm-pos/main-file/packages/dionone/SupportTicket/src/Resources/js/Pages/Dashboard/VendorDashboard.tsx'
    Imported via '@/components/ui/card' from file 'C:/Users/DION-SERVER/Desktop/codecanyon-FOhzjwS6-erpgo-saas-all-in-one-business-erp-with-project-account-hrm-crm-pos/main-file/packages/dionone/SupportTicket/src/Resources/js/Pages/FAQ/Import.tsx'
    Imported via '@/components/ui/card' from file 'C:/Users/DION-SERVER/Desktop/codecanyon-FOhzjwS6-erpgo-saas-all-in-one-business-erp-with-project-account-hrm-crm-pos/main-file/packages/dionone/SupportTicket/src/Resources/js/Pages/FAQ/Index.tsx'
    Imported via "@/components/ui/card" from file 'C:/Users/DION-SERVER/Desktop/codecanyon-FOhzjwS6-erpgo-saas-all-in-one-business-erp-with-project-account-hrm-crm-pos/main-file/packages/dionone/SupportTicket/src/Resources/js/Pages/Frontend/Contact.tsx'
    Imported via "@/components/ui/card" from file 'C:/Users/DION-SERVER/Desktop/codecanyon-FOhzjwS6-erpgo-saas-all-in-one-business-erp-with-project-account-hrm-crm-pos/main-file/packages/dionone/SupportTicket/src/Resources/js/Pages/Frontend/CreateTicket.tsx'
    Imported via "@/components/ui/card" from file 'C:/Users/DION-SERVER/Desktop/codecanyon-FOhzjwS6-erpgo-saas-all-in-one-business-erp-with-project-account-hrm-crm-pos/main-file/packages/dionone/SupportTicket/src/Resources/js/Pages/Frontend/CustomPage.tsx'
    Imported via "@/components/ui/card" from file 'C:/Users/DION-SERVER/Desktop/codecanyon-FOhzjwS6-erpgo-saas-all-in-one-business-erp-with-project-account-hrm-crm-pos/main-file/packages/dionone/SupportTicket/src/Resources/js/Pages/Frontend/Faq.tsx'
    Imported via "@/components/ui/card" from file 'C:/Users/DION-SERVER/Desktop/codecanyon-FOhzjwS6-erpgo-saas-all-in-one-business-erp-with-project-account-hrm-crm-pos/main-file/packages/dionone/SupportTicket/src/Resources/js/Pages/Frontend/Index.tsx'
    Imported via "@/components/ui/card" from file 'C:/Users/DION-SERVER/Desktop/codecanyon-FOhzjwS6-erpgo-saas-all-in-one-business-erp-with-project-account-hrm-crm-pos/main-file/packages/dionone/SupportTicket/src/Resources/js/Pages/Frontend/Knowledge.tsx'
    Imported via "@/components/ui/card" from file 'C:/Users/DION-SERVER/Desktop/codecanyon-FOhzjwS6-erpgo-saas-all-in-one-business-erp-with-project-account-hrm-crm-pos/main-file/packages/dionone/SupportTicket/src/Resources/js/Pages/Frontend/KnowledgeArticle.tsx'
    Imported via "@/components/ui/card" from file 'C:/Users/DION-SERVER/Desktop/codecanyon-FOhzjwS6-erpgo-saas-all-in-one-business-erp-with-project-account-hrm-crm-pos/main-file/packages/dionone/SupportTicket/src/Resources/js/Pages/Frontend/PrivacyPolicy.tsx'
    Imported via "@/components/ui/card" from file 'C:/Users/DION-SERVER/Desktop/codecanyon-FOhzjwS6-erpgo-saas-all-in-one-business-erp-with-project-account-hrm-crm-pos/main-file/packages/dionone/SupportTicket/src/Resources/js/Pages/Frontend/SearchTicket.tsx'
    Imported via "@/components/ui/card" from file 'C:/Users/DION-SERVER/Desktop/codecanyon-FOhzjwS6-erpgo-saas-all-in-one-business-erp-with-project-account-hrm-crm-pos/main-file/packages/dionone/SupportTicket/src/Resources/js/Pages/Frontend/TermsConditions.tsx'
    Imported via '@/components/ui/card' from file 'C:/Users/DION-SERVER/Desktop/codecanyon-FOhzjwS6-erpgo-saas-all-in-one-business-erp-with-project-account-hrm-crm-pos/main-file/packages/dionone/SupportTicket/src/Resources/js/Pages/Knowledge/Import.tsx'
    Imported via '@/components/ui/card' from file 'C:/Users/DION-SERVER/Desktop/codecanyon-FOhzjwS6-erpgo-saas-all-in-one-business-erp-with-project-account-hrm-crm-pos/main-file/packages/dionone/SupportTicket/src/Resources/js/Pages/Knowledge/Index.tsx'
    Imported via "@/components/ui/card" from file 'C:/Users/DION-SERVER/Desktop/codecanyon-FOhzjwS6-erpgo-saas-all-in-one-business-erp-with-project-account-hrm-crm-pos/main-file/packages/dionone/SupportTicket/src/Resources/js/Pages/SystemSetup/cta-section.tsx'
    Imported via "@/components/ui/card" from file 'C:/Users/DION-SERVER/Desktop/codecanyon-FOhzjwS6-erpgo-saas-all-in-one-business-erp-with-project-account-hrm-crm-pos/main-file/packages/dionone/SupportTicket/src/Resources/js/Pages/SystemSetup/support-information.tsx'
    Imported via "@/components/ui/card" from file 'C:/Users/DION-SERVER/Desktop/codecanyon-FOhzjwS6-erpgo-saas-all-in-one-business-erp-with-project-account-hrm-crm-pos/main-file/packages/dionone/SupportTicket/src/Resources/js/Pages/SystemSetup/title-section.tsx'
    Imported via '@/components/ui/card' from file 'C:/Users/DION-SERVER/Desktop/codecanyon-FOhzjwS6-erpgo-saas-all-in-one-business-erp-with-project-account-hrm-crm-pos/main-file/packages/dionone/SupportTicket/src/Resources/js/Pages/SystemSetup/BrandSettings/Index.tsx'
    Imported via "@/components/ui/card" from file 'C:/Users/DION-SERVER/Desktop/codecanyon-FOhzjwS6-erpgo-saas-all-in-one-business-erp-with-project-account-hrm-crm-pos/main-file/packages/dionone/SupportTicket/src/Resources/js/Pages/SystemSetup/Categories/Index.tsx'
    Imported via "@/components/ui/card" from file 'C:/Users/DION-SERVER/Desktop/codecanyon-FOhzjwS6-erpgo-saas-all-in-one-business-erp-with-project-account-hrm-crm-pos/main-file/packages/dionone/SupportTicket/src/Resources/js/Pages/SystemSetup/ContactInformation/Index.tsx'
    Imported via "@/components/ui/card" from file 'C:/Users/DION-SERVER/Desktop/codecanyon-FOhzjwS6-erpgo-saas-all-in-one-business-erp-with-project-account-hrm-crm-pos/main-file/packages/dionone/SupportTicket/src/Resources/js/Pages/SystemSetup/CustomPages/Index.tsx'
    Imported via "@/components/ui/card" from file 'C:/Users/DION-SERVER/Desktop/codecanyon-FOhzjwS6-erpgo-saas-all-in-one-business-erp-with-project-account-hrm-crm-pos/main-file/packages/dionone/SupportTicket/src/Resources/js/Pages/SystemSetup/KnowledgeCategories/Index.tsx'
    Imported via '@/components/ui/card' from file 'C:/Users/DION-SERVER/Desktop/codecanyon-FOhzjwS6-erpgo-saas-all-in-one-business-erp-with-project-account-hrm-crm-pos/main-file/packages/dionone/SupportTicket/src/Resources/js/Pages/SystemSetup/PrivacyPolicy/Index.tsx'
    Imported via "@/components/ui/card" from file 'C:/Users/DION-SERVER/Desktop/codecanyon-FOhzjwS6-erpgo-saas-all-in-one-business-erp-with-project-account-hrm-crm-pos/main-file/packages/dionone/SupportTicket/src/Resources/js/Pages/SystemSetup/QuickLinks/Index.tsx'
    Imported via '@/components/ui/card' from file 'C:/Users/DION-SERVER/Desktop/codecanyon-FOhzjwS6-erpgo-saas-all-in-one-business-erp-with-project-account-hrm-crm-pos/main-file/packages/dionone/SupportTicket/src/Resources/js/Pages/SystemSetup/TermsConditions/Index.tsx'
    Imported via '@/components/ui/card' from file 'C:/Users/DION-SERVER/Desktop/codecanyon-FOhzjwS6-erpgo-saas-all-in-one-business-erp-with-project-account-hrm-crm-pos/main-file/packages/dionone/SupportTicket/src/Resources/js/Pages/Tickets/Create.tsx'
    Imported via '@/components/ui/card' from file 'C:/Users/DION-SERVER/Desktop/codecanyon-FOhzjwS6-erpgo-saas-all-in-one-business-erp-with-project-account-hrm-crm-pos/main-file/packages/dionone/SupportTicket/src/Resources/js/Pages/Tickets/Edit.tsx'
    Imported via '@/components/ui/card' from file 'C:/Users/DION-SERVER/Desktop/codecanyon-FOhzjwS6-erpgo-saas-all-in-one-business-erp-with-project-account-hrm-crm-pos/main-file/packages/dionone/SupportTicket/src/Resources/js/Pages/Tickets/EditReply.tsx'
    Imported via '@/components/ui/card' from file 'C:/Users/DION-SERVER/Desktop/codecanyon-FOhzjwS6-erpgo-saas-all-in-one-business-erp-with-project-account-hrm-crm-pos/main-file/packages/dionone/SupportTicket/src/Resources/js/Pages/Tickets/Index.tsx'
    Imported via '@/Components/ui/card' from file 'C:/Users/DION-SERVER/Desktop/codecanyon-FOhzjwS6-erpgo-saas-all-in-one-business-erp-with-project-account-hrm-crm-pos/main-file/packages/dionone/SupportTicket/src/Resources/js/faq/Import.tsx'
    Imported via '@/Components/ui/card' from file 'C:/Users/DION-SERVER/Desktop/codecanyon-FOhzjwS6-erpgo-saas-all-in-one-business-erp-with-project-account-hrm-crm-pos/main-file/packages/dionone/SupportTicket/src/Resources/js/knowledge/Import.tsx'
    Imported via '@/components/ui/card' from file 'C:/Users/DION-SERVER/Desktop/codecanyon-FOhzjwS6-erpgo-saas-all-in-one-business-erp-with-project-account-hrm-crm-pos/main-file/packages/dionone/SupportTicket/src/Resources/js/settings/components/support-setting.tsx'
    Imported via "@/components/ui/card" from file 'C:/Users/DION-SERVER/Desktop/codecanyon-FOhzjwS6-erpgo-saas-all-in-one-business-erp-with-project-account-hrm-crm-pos/main-file/packages/dionone/Taskly/src/Resources/js/Pages/Bugs/Index.tsx'
    Imported via "@/components/ui/card" from file 'C:/Users/DION-SERVER/Desktop/codecanyon-FOhzjwS6-erpgo-saas-all-in-one-business-erp-with-project-account-hrm-crm-pos/main-file/packages/dionone/Taskly/src/Resources/js/Pages/Dashboard/ClientDashboard.tsx'
    Imported via "@/components/ui/card" from file 'C:/Users/DION-SERVER/Desktop/codecanyon-FOhzjwS6-erpgo-saas-all-in-one-business-erp-with-project-account-hrm-crm-pos/main-file/packages/dionone/Taskly/src/Resources/js/Pages/Dashboard/CompanyDashboard.tsx'
    Imported via "@/components/ui/card" from file 'C:/Users/DION-SERVER/Desktop/codecanyon-FOhzjwS6-erpgo-saas-all-in-one-business-erp-with-project-account-hrm-crm-pos/main-file/packages/dionone/Taskly/src/Resources/js/Pages/Dashboard/StaffDashboard.tsx'
    Imported via "@/components/ui/card" from file 'C:/Users/DION-SERVER/Desktop/codecanyon-FOhzjwS6-erpgo-saas-all-in-one-business-erp-with-project-account-hrm-crm-pos/main-file/packages/dionone/Taskly/src/Resources/js/Pages/Project/Index.tsx'
    Imported via "@/components/ui/card" from file 'C:/Users/DION-SERVER/Desktop/codecanyon-FOhzjwS6-erpgo-saas-all-in-one-business-erp-with-project-account-hrm-crm-pos/main-file/packages/dionone/Taskly/src/Resources/js/Pages/Project/View.tsx'
    Imported via "@/components/ui/card" from file 'C:/Users/DION-SERVER/Desktop/codecanyon-FOhzjwS6-erpgo-saas-all-in-one-business-erp-with-project-account-hrm-crm-pos/main-file/packages/dionone/Taskly/src/Resources/js/Pages/Report/Index.tsx'
    Imported via '@/components/ui/card' from file 'C:/Users/DION-SERVER/Desktop/codecanyon-FOhzjwS6-erpgo-saas-all-in-one-business-erp-with-project-account-hrm-crm-pos/main-file/packages/dionone/Taskly/src/Resources/js/Pages/Report/View.tsx'
    Imported via "@/components/ui/card" from file 'C:/Users/DION-SERVER/Desktop/codecanyon-FOhzjwS6-erpgo-saas-all-in-one-business-erp-with-project-account-hrm-crm-pos/main-file/packages/dionone/Taskly/src/Resources/js/Pages/SystemSetup/BugStages/Index.tsx'
    Imported via "@/components/ui/card" from file 'C:/Users/DION-SERVER/Desktop/codecanyon-FOhzjwS6-erpgo-saas-all-in-one-business-erp-with-project-account-hrm-crm-pos/main-file/packages/dionone/Taskly/src/Resources/js/Pages/SystemSetup/TaskStages/Index.tsx'
    Imported via '@/components/ui/card' from file 'C:/Users/DION-SERVER/Desktop/codecanyon-FOhzjwS6-erpgo-saas-all-in-one-business-erp-with-project-account-hrm-crm-pos/main-file/packages/dionone/Taskly/src/Resources/js/Pages/Tasks/Calendar.tsx'
    Imported via "@/components/ui/card" from file 'C:/Users/DION-SERVER/Desktop/codecanyon-FOhzjwS6-erpgo-saas-all-in-one-business-erp-with-project-account-hrm-crm-pos/main-file/packages/dionone/Taskly/src/Resources/js/Pages/Tasks/Index.tsx'
    Imported via '@/components/ui/card' from file 'C:/Users/DION-SERVER/Desktop/codecanyon-FOhzjwS6-erpgo-saas-all-in-one-business-erp-with-project-account-hrm-crm-pos/main-file/packages/dionone/Taskly/src/Resources/js/Pages/Tasks/View.tsx'
    Imported via '@/components/ui/card' from file 'C:/Users/DION-SERVER/Desktop/codecanyon-FOhzjwS6-erpgo-saas-all-in-one-business-erp-with-project-account-hrm-crm-pos/main-file/packages/dionone/Telegram/src/Resources/js/settings/components/telegram-settings.tsx'
    Imported via "@/components/ui/card" from file 'C:/Users/DION-SERVER/Desktop/codecanyon-FOhzjwS6-erpgo-saas-all-in-one-business-erp-with-project-account-hrm-crm-pos/main-file/packages/dionone/Timesheet/src/Resources/js/Pages/Index.tsx'
    Imported via "@/components/ui/card" from file 'C:/Users/DION-SERVER/Desktop/codecanyon-FOhzjwS6-erpgo-saas-all-in-one-business-erp-with-project-account-hrm-crm-pos/main-file/packages/dionone/Training/src/Resources/js/Pages/feedbacks/index.tsx'
    Imported via "@/components/ui/card" from file 'C:/Users/DION-SERVER/Desktop/codecanyon-FOhzjwS6-erpgo-saas-all-in-one-business-erp-with-project-account-hrm-crm-pos/main-file/packages/dionone/Training/src/Resources/js/Pages/tasks/index.tsx'
    Imported via "@/components/ui/card" from file 'C:/Users/DION-SERVER/Desktop/codecanyon-FOhzjwS6-erpgo-saas-all-in-one-business-erp-with-project-account-hrm-crm-pos/main-file/packages/dionone/Training/src/Resources/js/Pages/trainers/index.tsx'
    Imported via "@/components/ui/card" from file 'C:/Users/DION-SERVER/Desktop/codecanyon-FOhzjwS6-erpgo-saas-all-in-one-business-erp-with-project-account-hrm-crm-pos/main-file/packages/dionone/Training/src/Resources/js/Pages/training-types/index.tsx'
    Imported via "@/components/ui/card" from file 'C:/Users/DION-SERVER/Desktop/codecanyon-FOhzjwS6-erpgo-saas-all-in-one-business-erp-with-project-account-hrm-crm-pos/main-file/packages/dionone/Training/src/Resources/js/Pages/trainings/index.tsx'
    Imported via '@/components/ui/card' from file 'C:/Users/DION-SERVER/Desktop/codecanyon-FOhzjwS6-erpgo-saas-all-in-one-business-erp-with-project-account-hrm-crm-pos/main-file/packages/dionone/Twilio/src/Resources/js/settings/components/twilio-settings.tsx'
    Imported via '@/components/ui/card' from file 'C:/Users/DION-SERVER/Desktop/codecanyon-FOhzjwS6-erpgo-saas-all-in-one-business-erp-with-project-account-hrm-crm-pos/main-file/packages/dionone/Webhook/src/Resources/js/settings/components/webhook-settings.tsx'
    Imported via "@/components/ui/card" from file 'C:/Users/DION-SERVER/Desktop/codecanyon-FOhzjwS6-erpgo-saas-all-in-one-business-erp-with-project-account-hrm-crm-pos/main-file/packages/dionone/ZoomMeeting/src/Resources/js/Pages/ZoomMeetings/Index.tsx'
    Imported via '@/components/ui/card' from file 'C:/Users/DION-SERVER/Desktop/codecanyon-FOhzjwS6-erpgo-saas-all-in-one-business-erp-with-project-account-hrm-crm-pos/main-file/packages/dionone/ZoomMeeting/src/Resources/js/settings/components/zoom-meeting-settings.tsx'
packages/dionone/SupportTicket/src/Resources/js/faq/Import.tsx(4,24): error TS1149: File name 'C:/Users/DION-SERVER/Desktop/codecanyon-FOhzjwS6-erpgo-saas-all-in-one-business-erp-with-project-account-hrm-crm-pos/main-file/resources/js/Components/ui/button.tsx' differs from already included file name 'C:/Users/DION-SERVER/Desktop/codecanyon-FOhzjwS6-erpgo-saas-all-in-one-business-erp-with-project-account-hrm-crm-pos/main-file/resources/js/components/ui/button.tsx' only in casing.
  The file is in the program because:
    Imported via '@/components/ui/button' from file 'C:/Users/DION-SERVER/Desktop/codecanyon-FOhzjwS6-erpgo-saas-all-in-one-business-erp-with-project-account-hrm-crm-pos/main-file/resources/js/pages/settings/components/brand-settings.tsx'
    Imported via './ui/button' from file 'C:/Users/DION-SERVER/Desktop/codecanyon-FOhzjwS6-erpgo-saas-all-in-one-business-erp-with-project-account-hrm-crm-pos/main-file/resources/js/components/MediaPicker.tsx'
    Imported via './ui/button' from file 'C:/Users/DION-SERVER/Desktop/codecanyon-FOhzjwS6-erpgo-saas-all-in-one-business-erp-with-project-account-hrm-crm-pos/main-file/resources/js/components/MediaLibraryModal.tsx'
    Imported via '@/components/ui/button' from file 'C:/Users/DION-SERVER/Desktop/codecanyon-FOhzjwS6-erpgo-saas-all-in-one-business-erp-with-project-account-hrm-crm-pos/main-file/resources/js/pages/settings/components/company-settings.tsx'
    Imported via '@/components/ui/button' from file 'C:/Users/DION-SERVER/Desktop/codecanyon-FOhzjwS6-erpgo-saas-all-in-one-business-erp-with-project-account-hrm-crm-pos/main-file/resources/js/pages/settings/components/system-settings.tsx'
    Imported via '@/components/ui/button' from file 'C:/Users/DION-SERVER/Desktop/codecanyon-FOhzjwS6-erpgo-saas-all-in-one-business-erp-with-project-account-hrm-crm-pos/main-file/resources/js/pages/settings/components/currency-settings.tsx'
    Imported via '@/components/ui/button' from file 'C:/Users/DION-SERVER/Desktop/codecanyon-FOhzjwS6-erpgo-saas-all-in-one-business-erp-with-project-account-hrm-crm-pos/main-file/resources/js/pages/settings/components/seo-settings.tsx'
    Imported via '@/components/ui/button' from file 'C:/Users/DION-SERVER/Desktop/codecanyon-FOhzjwS6-erpgo-saas-all-in-one-business-erp-with-project-account-hrm-crm-pos/main-file/resources/js/pages/settings/components/storage-settings.tsx'
    Imported via '@/components/ui/button' from file 'C:/Users/DION-SERVER/Desktop/codecanyon-FOhzjwS6-erpgo-saas-all-in-one-business-erp-with-project-account-hrm-crm-pos/main-file/resources/js/pages/settings/components/email-settings.tsx'
    Imported via '@/components/ui/button' from file 'C:/Users/DION-SERVER/Desktop/codecanyon-FOhzjwS6-erpgo-saas-all-in-one-business-erp-with-project-account-hrm-crm-pos/main-file/resources/js/pages/settings/components/pusher-settings.tsx'
    Imported via '@/components/ui/button' from file 'C:/Users/DION-SERVER/Desktop/codecanyon-FOhzjwS6-erpgo-saas-all-in-one-business-erp-with-project-account-hrm-crm-pos/main-file/resources/js/pages/settings/components/email-notification-settings.tsx'
    Imported via '@/components/ui/button' from file 'C:/Users/DION-SERVER/Desktop/codecanyon-FOhzjwS6-erpgo-saas-all-in-one-business-erp-with-project-account-hrm-crm-pos/main-file/resources/js/pages/settings/components/cookie-settings.tsx'
    Imported via '@/components/ui/button' from file 'C:/Users/DION-SERVER/Desktop/codecanyon-FOhzjwS6-erpgo-saas-all-in-one-business-erp-with-project-account-hrm-crm-pos/main-file/resources/js/pages/settings/components/bank-transfer-settings.tsx'
    Imported via '@/components/ui/button' from file 'C:/Users/DION-SERVER/Desktop/codecanyon-FOhzjwS6-erpgo-saas-all-in-one-business-erp-with-project-account-hrm-crm-pos/main-file/resources/js/pages/settings/components/cache-settings.tsx'
    Imported via './ui/button' from file 'C:/Users/DION-SERVER/Desktop/codecanyon-FOhzjwS6-erpgo-saas-all-in-one-business-erp-with-project-account-hrm-crm-pos/main-file/resources/js/components/ModuleAttachments.tsx'
    Imported via '@/components/ui/button' from file 'C:/Users/DION-SERVER/Desktop/codecanyon-FOhzjwS6-erpgo-saas-all-in-one-business-erp-with-project-account-hrm-crm-pos/main-file/resources/js/components/QRCodeModal.tsx'
    Imported via './button' from file 'C:/Users/DION-SERVER/Desktop/codecanyon-FOhzjwS6-erpgo-saas-all-in-one-business-erp-with-project-account-hrm-crm-pos/main-file/resources/js/components/ui/icon-picker.tsx'
    Imported via "@/components/ui/button" from file 'C:/Users/DION-SERVER/Desktop/codecanyon-FOhzjwS6-erpgo-saas-all-in-one-business-erp-with-project-account-hrm-crm-pos/main-file/resources/js/components/ui/sidebar.tsx'
    Imported via '@/components/ui/button' from file 'C:/Users/DION-SERVER/Desktop/codecanyon-FOhzjwS6-erpgo-saas-all-in-one-business-erp-with-project-account-hrm-crm-pos/main-file/resources/js/components/create-language-modal.tsx'
    Imported via "@/components/ui/button" from file 'C:/Users/DION-SERVER/Desktop/codecanyon-FOhzjwS6-erpgo-saas-all-in-one-business-erp-with-project-account-hrm-crm-pos/main-file/resources/js/components/nav-user.tsx'
    Imported via "@/components/ui/button" from file 'C:/Users/DION-SERVER/Desktop/codecanyon-FOhzjwS6-erpgo-saas-all-in-one-business-erp-with-project-account-hrm-crm-pos/main-file/resources/js/components/appearance-dropdown.tsx'
    Imported via '@/components/ui/button' from file 'C:/Users/DION-SERVER/Desktop/codecanyon-FOhzjwS6-erpgo-saas-all-in-one-business-erp-with-project-account-hrm-crm-pos/main-file/resources/js/components/cookie-consent.tsx'
    Imported via '@/components/ui/button' from file 'C:/Users/DION-SERVER/Desktop/codecanyon-FOhzjwS6-erpgo-saas-all-in-one-business-erp-with-project-account-hrm-crm-pos/main-file/resources/js/components/no-records-found.tsx'
    Imported via "@/components/ui/button" from file 'C:/Users/DION-SERVER/Desktop/codecanyon-FOhzjwS6-erpgo-saas-all-in-one-business-erp-with-project-account-hrm-crm-pos/main-file/resources/js/components/theme-toggle.tsx'
    Imported via '@/components/ui/button' from file 'C:/Users/DION-SERVER/Desktop/codecanyon-FOhzjwS6-erpgo-saas-all-in-one-business-erp-with-project-account-hrm-crm-pos/main-file/resources/js/components/components/QRCodeModal.tsx'
    Imported via "@/components/ui/button" from file 'C:/Users/DION-SERVER/Desktop/codecanyon-FOhzjwS6-erpgo-saas-all-in-one-business-erp-with-project-account-hrm-crm-pos/main-file/resources/js/components/components/appearance-dropdown.tsx'
    Imported via '@/components/ui/button' from file 'C:/Users/DION-SERVER/Desktop/codecanyon-FOhzjwS6-erpgo-saas-all-in-one-business-erp-with-project-account-hrm-crm-pos/main-file/resources/js/components/components/cookie-consent.tsx'
    Imported via '@/components/ui/button' from file 'C:/Users/DION-SERVER/Desktop/codecanyon-FOhzjwS6-erpgo-saas-all-in-one-business-erp-with-project-account-hrm-crm-pos/main-file/resources/js/components/components/create-language-modal.tsx'
    Imported via "@/components/ui/button" from file 'C:/Users/DION-SERVER/Desktop/codecanyon-FOhzjwS6-erpgo-saas-all-in-one-business-erp-with-project-account-hrm-crm-pos/main-file/resources/js/components/components/nav-user.tsx'
    Imported via '@/components/ui/button' from file 'C:/Users/DION-SERVER/Desktop/codecanyon-FOhzjwS6-erpgo-saas-all-in-one-business-erp-with-project-account-hrm-crm-pos/main-file/resources/js/components/components/no-records-found.tsx'
    Imported via "@/components/ui/button" from file 'C:/Users/DION-SERVER/Desktop/codecanyon-FOhzjwS6-erpgo-saas-all-in-one-business-erp-with-project-account-hrm-crm-pos/main-file/resources/js/components/components/ui/alert-dialog.tsx'
    Imported via "@/components/ui/button" from file 'C:/Users/DION-SERVER/Desktop/codecanyon-FOhzjwS6-erpgo-saas-all-in-one-business-erp-with-project-account-hrm-crm-pos/main-file/resources/js/components/ui/alert-dialog.tsx'
    Imported via "@/components/ui/button" from file 'C:/Users/DION-SERVER/Desktop/codecanyon-FOhzjwS6-erpgo-saas-all-in-one-business-erp-with-project-account-hrm-crm-pos/main-file/resources/js/components/components/ui/date-picker.tsx'
    Imported via "@/components/ui/button" from file 'C:/Users/DION-SERVER/Desktop/codecanyon-FOhzjwS6-erpgo-saas-all-in-one-business-erp-with-project-account-hrm-crm-pos/main-file/resources/js/components/components/ui/date-range-picker.tsx'
    Imported via "@/components/ui/button" from file 'C:/Users/DION-SERVER/Desktop/codecanyon-FOhzjwS6-erpgo-saas-all-in-one-business-erp-with-project-account-hrm-crm-pos/main-file/resources/js/components/components/ui/datetime-range-picker.tsx'
    Imported via "@/components/ui/button" from file 'C:/Users/DION-SERVER/Desktop/codecanyon-FOhzjwS6-erpgo-saas-all-in-one-business-erp-with-project-account-hrm-crm-pos/main-file/resources/js/components/components/ui/emoji-picker.tsx'
    Imported via "@/components/ui/button" from file 'C:/Users/DION-SERVER/Desktop/codecanyon-FOhzjwS6-erpgo-saas-all-in-one-business-erp-with-project-account-hrm-crm-pos/main-file/resources/js/components/components/ui/filter-button.tsx'
    Imported via '@/components/ui/button' from file 'C:/Users/DION-SERVER/Desktop/codecanyon-FOhzjwS6-erpgo-saas-all-in-one-business-erp-with-project-account-hrm-crm-pos/main-file/resources/js/components/components/ui/generate-code.tsx'
    Imported via '@/components/ui/button' from file 'C:/Users/DION-SERVER/Desktop/codecanyon-FOhzjwS6-erpgo-saas-all-in-one-business-erp-with-project-account-hrm-crm-pos/main-file/resources/js/components/components/ui/list-grid-toggle.tsx'
    Imported via '@/components/ui/button' from file 'C:/Users/DION-SERVER/Desktop/codecanyon-FOhzjwS6-erpgo-saas-all-in-one-business-erp-with-project-account-hrm-crm-pos/main-file/resources/js/components/components/ui/module-card.tsx'
    Imported via "@/components/ui/button" from file 'C:/Users/DION-SERVER/Desktop/codecanyon-FOhzjwS6-erpgo-saas-all-in-one-business-erp-with-project-account-hrm-crm-pos/main-file/resources/js/components/components/ui/pagination.tsx'
    Imported via "@/components/ui/button" from file 'C:/Users/DION-SERVER/Desktop/codecanyon-FOhzjwS6-erpgo-saas-all-in-one-business-erp-with-project-account-hrm-crm-pos/main-file/resources/js/components/components/ui/time-picker.tsx'
    Imported via "@/components/ui/button" from file 'C:/Users/DION-SERVER/Desktop/codecanyon-FOhzjwS6-erpgo-saas-all-in-one-business-erp-with-project-account-hrm-crm-pos/main-file/resources/js/components/components/ui/sidebar.tsx'
    Imported via "@/components/ui/button" from file 'C:/Users/DION-SERVER/Desktop/codecanyon-FOhzjwS6-erpgo-saas-all-in-one-business-erp-with-project-account-hrm-crm-pos/main-file/resources/js/components/components/ui/year-picker.tsx'
    Matched by include pattern 'resources/js/**/*.tsx' in 'C:/Users/DION-SERVER/Desktop/codecanyon-FOhzjwS6-erpgo-saas-all-in-one-business-erp-with-project-account-hrm-crm-pos/main-file/tsconfig.json'
    Imported via "./button" from file 'C:/Users/DION-SERVER/Desktop/codecanyon-FOhzjwS6-erpgo-saas-all-in-one-business-erp-with-project-account-hrm-crm-pos/main-file/resources/js/components/ui/calendar.tsx'
    Imported via './button' from file 'C:/Users/DION-SERVER/Desktop/codecanyon-FOhzjwS6-erpgo-saas-all-in-one-business-erp-with-project-account-hrm-crm-pos/main-file/resources/js/components/ui/data-table.tsx'
    Imported via "@/components/ui/button" from file 'C:/Users/DION-SERVER/Desktop/codecanyon-FOhzjwS6-erpgo-saas-all-in-one-business-erp-with-project-account-hrm-crm-pos/main-file/resources/js/components/ui/date-picker.tsx'
    Imported via "@/components/ui/button" from file 'C:/Users/DION-SERVER/Desktop/codecanyon-FOhzjwS6-erpgo-saas-all-in-one-business-erp-with-project-account-hrm-crm-pos/main-file/resources/js/components/ui/date-range-picker.tsx'
    Imported via "@/components/ui/button" from file 'C:/Users/DION-SERVER/Desktop/codecanyon-FOhzjwS6-erpgo-saas-all-in-one-business-erp-with-project-account-hrm-crm-pos/main-file/resources/js/components/ui/datetime-range-picker.tsx'
    Imported via "@/components/ui/button" from file 'C:/Users/DION-SERVER/Desktop/codecanyon-FOhzjwS6-erpgo-saas-all-in-one-business-erp-with-project-account-hrm-crm-pos/main-file/resources/js/components/ui/emoji-picker.tsx'
    Imported via "@/components/ui/button" from file 'C:/Users/DION-SERVER/Desktop/codecanyon-FOhzjwS6-erpgo-saas-all-in-one-business-erp-with-project-account-hrm-crm-pos/main-file/resources/js/components/ui/filter-button.tsx'
    Imported via '@/components/ui/button' from file 'C:/Users/DION-SERVER/Desktop/codecanyon-FOhzjwS6-erpgo-saas-all-in-one-business-erp-with-project-account-hrm-crm-pos/main-file/resources/js/components/ui/generate-code.tsx'
    Imported via './button' from file 'C:/Users/DION-SERVER/Desktop/codecanyon-FOhzjwS6-erpgo-saas-all-in-one-business-erp-with-project-account-hrm-crm-pos/main-file/resources/js/components/ui/image-slider.tsx'
    Imported via '@/components/ui/button' from file 'C:/Users/DION-SERVER/Desktop/codecanyon-FOhzjwS6-erpgo-saas-all-in-one-business-erp-with-project-account-hrm-crm-pos/main-file/resources/js/components/ui/list-grid-toggle.tsx'
    Imported via '@/components/ui/button' from file 'C:/Users/DION-SERVER/Desktop/codecanyon-FOhzjwS6-erpgo-saas-all-in-one-business-erp-with-project-account-hrm-crm-pos/main-file/resources/js/components/ui/module-card.tsx'
    Imported via "./button" from file 'C:/Users/DION-SERVER/Desktop/codecanyon-FOhzjwS6-erpgo-saas-all-in-one-business-erp-with-project-account-hrm-crm-pos/main-file/resources/js/components/ui/multi-select-enhanced.tsx'
    Imported via "@/components/ui/button" from file 'C:/Users/DION-SERVER/Desktop/codecanyon-FOhzjwS6-erpgo-saas-all-in-one-business-erp-with-project-account-hrm-crm-pos/main-file/resources/js/components/ui/pagination.tsx'
    Imported via "./button" from file 'C:/Users/DION-SERVER/Desktop/codecanyon-FOhzjwS6-erpgo-saas-all-in-one-business-erp-with-project-account-hrm-crm-pos/main-file/resources/js/components/ui/repeater.tsx'
    Imported via "@/components/ui/button" from file 'C:/Users/DION-SERVER/Desktop/codecanyon-FOhzjwS6-erpgo-saas-all-in-one-business-erp-with-project-account-hrm-crm-pos/main-file/resources/js/components/ui/time-picker.tsx'
    Imported via './button' from file 'C:/Users/DION-SERVER/Desktop/codecanyon-FOhzjwS6-erpgo-saas-all-in-one-business-erp-with-project-account-hrm-crm-pos/main-file/resources/js/components/ui/rich-text-editor.tsx'
    Imported via "./button" from file 'C:/Users/DION-SERVER/Desktop/codecanyon-FOhzjwS6-erpgo-saas-all-in-one-business-erp-with-project-account-hrm-crm-pos/main-file/resources/js/components/ui/search-input.tsx'
    Imported via "@/components/ui/button" from file 'C:/Users/DION-SERVER/Desktop/codecanyon-FOhzjwS6-erpgo-saas-all-in-one-business-erp-with-project-account-hrm-crm-pos/main-file/resources/js/components/ui/year-picker.tsx'
    Imported via "@/components/ui/button" from file 'C:/Users/DION-SERVER/Desktop/codecanyon-FOhzjwS6-erpgo-saas-all-in-one-business-erp-with-project-account-hrm-crm-pos/main-file/resources/js/layouts/authenticated-layout.tsx'
    Imported via "@/components/ui/button" from file 'C:/Users/DION-SERVER/Desktop/codecanyon-FOhzjwS6-erpgo-saas-all-in-one-business-erp-with-project-account-hrm-crm-pos/main-file/resources/js/layouts/layouts/authenticated-layout.tsx'
    Imported via '@/components/ui/button' from file 'C:/Users/DION-SERVER/Desktop/codecanyon-FOhzjwS6-erpgo-saas-all-in-one-business-erp-with-project-account-hrm-crm-pos/main-file/resources/js/pages/media-library.tsx'
    Imported via '@/components/ui/button' from file 'C:/Users/DION-SERVER/Desktop/codecanyon-FOhzjwS6-erpgo-saas-all-in-one-business-erp-with-project-account-hrm-crm-pos/main-file/resources/js/pages/EmailTemplates/Edit.tsx'
    Imported via '@/components/ui/button' from file 'C:/Users/DION-SERVER/Desktop/codecanyon-FOhzjwS6-erpgo-saas-all-in-one-business-erp-with-project-account-hrm-crm-pos/main-file/resources/js/pages/EmailTemplates/Index.tsx'
    Imported via '@/components/ui/button' from file 'C:/Users/DION-SERVER/Desktop/codecanyon-FOhzjwS6-erpgo-saas-all-in-one-business-erp-with-project-account-hrm-crm-pos/main-file/resources/js/pages/EmailTemplates/EmailTemplates/Edit.tsx'
    Imported via '@/components/ui/button' from file 'C:/Users/DION-SERVER/Desktop/codecanyon-FOhzjwS6-erpgo-saas-all-in-one-business-erp-with-project-account-hrm-crm-pos/main-file/resources/js/pages/EmailTemplates/EmailTemplates/Index.tsx'
    Imported via '@/components/ui/button' from file 'C:/Users/DION-SERVER/Desktop/codecanyon-FOhzjwS6-erpgo-saas-all-in-one-business-erp-with-project-account-hrm-crm-pos/main-file/resources/js/pages/Installer/Environment.tsx'
    Imported via '@/components/ui/button' from file 'C:/Users/DION-SERVER/Desktop/codecanyon-FOhzjwS6-erpgo-saas-all-in-one-business-erp-with-project-account-hrm-crm-pos/main-file/resources/js/pages/Installer/Installer/Environment.tsx'
    Imported via '@/components/ui/button' from file 'C:/Users/DION-SERVER/Desktop/codecanyon-FOhzjwS6-erpgo-saas-all-in-one-business-erp-with-project-account-hrm-crm-pos/main-file/resources/js/pages/MissionCommand/AffiliateEngine/Index.tsx'
    Imported via '@/components/ui/button' from file 'C:/Users/DION-SERVER/Desktop/codecanyon-FOhzjwS6-erpgo-saas-all-in-one-business-erp-with-project-account-hrm-crm-pos/main-file/resources/js/pages/MissionCommand/DionFlow/Index.tsx'
    Imported via '@/components/ui/button' from file 'C:/Users/DION-SERVER/Desktop/codecanyon-FOhzjwS6-erpgo-saas-all-in-one-business-erp-with-project-account-hrm-crm-pos/main-file/resources/js/pages/MissionCommand/SecurityAudit/Index.tsx'
    Imported via '@/components/ui/button' from file 'C:/Users/DION-SERVER/Desktop/codecanyon-FOhzjwS6-erpgo-saas-all-in-one-business-erp-with-project-account-hrm-crm-pos/main-file/resources/js/pages/MissionCommand/UnifiedInbox/Index.tsx'
    Imported via '@/components/ui/button' from file 'C:/Users/DION-SERVER/Desktop/codecanyon-FOhzjwS6-erpgo-saas-all-in-one-business-erp-with-project-account-hrm-crm-pos/main-file/resources/js/pages/Purchase/components/InvoiceItemsTable.tsx'
    Imported via '@/components/ui/button' from file 'C:/Users/DION-SERVER/Desktop/codecanyon-FOhzjwS6-erpgo-saas-all-in-one-business-erp-with-project-account-hrm-crm-pos/main-file/resources/js/pages/Purchase/Create.tsx'
    Imported via '@/components/ui/button' from file 'C:/Users/DION-SERVER/Desktop/codecanyon-FOhzjwS6-erpgo-saas-all-in-one-business-erp-with-project-account-hrm-crm-pos/main-file/resources/js/pages/Purchase/Edit.tsx'
    Imported via '@/components/ui/button' from file 'C:/Users/DION-SERVER/Desktop/codecanyon-FOhzjwS6-erpgo-saas-all-in-one-business-erp-with-project-account-hrm-crm-pos/main-file/resources/js/pages/Purchase/Index.tsx'
    Imported via '@/components/ui/button' from file 'C:/Users/DION-SERVER/Desktop/codecanyon-FOhzjwS6-erpgo-saas-all-in-one-business-erp-with-project-account-hrm-crm-pos/main-file/resources/js/pages/Purchase/View.tsx'
    Imported via '@/components/ui/button' from file 'C:/Users/DION-SERVER/Desktop/codecanyon-FOhzjwS6-erpgo-saas-all-in-one-business-erp-with-project-account-hrm-crm-pos/main-file/resources/js/pages/Purchase/Purchase/components/InvoiceItemsTable.tsx'
    Imported via '@/components/ui/button' from file 'C:/Users/DION-SERVER/Desktop/codecanyon-FOhzjwS6-erpgo-saas-all-in-one-business-erp-with-project-account-hrm-crm-pos/main-file/resources/js/pages/Purchase/Purchase/Create.tsx'
    Imported via '@/components/ui/button' from file 'C:/Users/DION-SERVER/Desktop/codecanyon-FOhzjwS6-erpgo-saas-all-in-one-business-erp-with-project-account-hrm-crm-pos/main-file/resources/js/pages/Purchase/Purchase/Edit.tsx'
    Imported via '@/components/ui/button' from file 'C:/Users/DION-SERVER/Desktop/codecanyon-FOhzjwS6-erpgo-saas-all-in-one-business-erp-with-project-account-hrm-crm-pos/main-file/resources/js/pages/Purchase/Purchase/Index.tsx'
    Imported via '@/components/ui/button' from file 'C:/Users/DION-SERVER/Desktop/codecanyon-FOhzjwS6-erpgo-saas-all-in-one-business-erp-with-project-account-hrm-crm-pos/main-file/resources/js/pages/Purchase/Purchase/View.tsx'
    Imported via '@/components/ui/button' from file 'C:/Users/DION-SERVER/Desktop/codecanyon-FOhzjwS6-erpgo-saas-all-in-one-business-erp-with-project-account-hrm-crm-pos/main-file/resources/js/pages/PurchaseReturns/Create.tsx'
    Imported via '@/components/ui/button' from file 'C:/Users/DION-SERVER/Desktop/codecanyon-FOhzjwS6-erpgo-saas-all-in-one-business-erp-with-project-account-hrm-crm-pos/main-file/resources/js/pages/PurchaseReturns/Index.tsx'
    Imported via '@/components/ui/button' from file 'C:/Users/DION-SERVER/Desktop/codecanyon-FOhzjwS6-erpgo-saas-all-in-one-business-erp-with-project-account-hrm-crm-pos/main-file/resources/js/pages/PurchaseReturns/View.tsx'
    Imported via '@/components/ui/button' from file 'C:/Users/DION-SERVER/Desktop/codecanyon-FOhzjwS6-erpgo-saas-all-in-one-business-erp-with-project-account-hrm-crm-pos/main-file/resources/js/pages/PurchaseReturns/PurchaseReturns/Create.tsx'
    Imported via '@/components/ui/button' from file 'C:/Users/DION-SERVER/Desktop/codecanyon-FOhzjwS6-erpgo-saas-all-in-one-business-erp-with-project-account-hrm-crm-pos/main-file/resources/js/pages/PurchaseReturns/PurchaseReturns/Index.tsx'
    Imported via '@/components/ui/button' from file 'C:/Users/DION-SERVER/Desktop/codecanyon-FOhzjwS6-erpgo-saas-all-in-one-business-erp-with-project-account-hrm-crm-pos/main-file/resources/js/pages/PurchaseReturns/PurchaseReturns/View.tsx'
    Imported via '@/components/ui/button' from file 'C:/Users/DION-SERVER/Desktop/codecanyon-FOhzjwS6-erpgo-saas-all-in-one-business-erp-with-project-account-hrm-crm-pos/main-file/resources/js/pages/Sales/components/InvoiceItemsTable.tsx'
    Imported via '@/components/ui/button' from file 'C:/Users/DION-SERVER/Desktop/codecanyon-FOhzjwS6-erpgo-saas-all-in-one-business-erp-with-project-account-hrm-crm-pos/main-file/resources/js/pages/Sales/Create.tsx'
    Imported via '@/components/ui/button' from file 'C:/Users/DION-SERVER/Desktop/codecanyon-FOhzjwS6-erpgo-saas-all-in-one-business-erp-with-project-account-hrm-crm-pos/main-file/resources/js/pages/Sales/Edit.tsx'
    Imported via '@/components/ui/button' from file 'C:/Users/DION-SERVER/Desktop/codecanyon-FOhzjwS6-erpgo-saas-all-in-one-business-erp-with-project-account-hrm-crm-pos/main-file/resources/js/pages/Sales/Index.tsx'
    Imported via '@/components/ui/button' from file 'C:/Users/DION-SERVER/Desktop/codecanyon-FOhzjwS6-erpgo-saas-all-in-one-business-erp-with-project-account-hrm-crm-pos/main-file/resources/js/pages/Sales/View.tsx'
    Imported via '@/components/ui/button' from file 'C:/Users/DION-SERVER/Desktop/codecanyon-FOhzjwS6-erpgo-saas-all-in-one-business-erp-with-project-account-hrm-crm-pos/main-file/resources/js/pages/Sales/Sales/components/InvoiceItemsTable.tsx'
    Imported via '@/components/ui/button' from file 'C:/Users/DION-SERVER/Desktop/codecanyon-FOhzjwS6-erpgo-saas-all-in-one-business-erp-with-project-account-hrm-crm-pos/main-file/resources/js/pages/Sales/Sales/Create.tsx'
    Imported via '@/components/ui/button' from file 'C:/Users/DION-SERVER/Desktop/codecanyon-FOhzjwS6-erpgo-saas-all-in-one-business-erp-with-project-account-hrm-crm-pos/main-file/resources/js/pages/Sales/Sales/Edit.tsx'
    Imported via '@/components/ui/button' from file 'C:/Users/DION-SERVER/Desktop/codecanyon-FOhzjwS6-erpgo-saas-all-in-one-business-erp-with-project-account-hrm-crm-pos/main-file/resources/js/pages/Sales/Sales/Index.tsx'
    Imported via '@/components/ui/button' from file 'C:/Users/DION-SERVER/Desktop/codecanyon-FOhzjwS6-erpgo-saas-all-in-one-business-erp-with-project-account-hrm-crm-pos/main-file/resources/js/pages/Sales/Sales/View.tsx'
    Imported via '@/components/ui/button' from file 'C:/Users/DION-SERVER/Desktop/codecanyon-FOhzjwS6-erpgo-saas-all-in-one-business-erp-with-project-account-hrm-crm-pos/main-file/resources/js/pages/SalesProposals/Create.tsx'
    Imported via '@/components/ui/button' from file 'C:/Users/DION-SERVER/Desktop/codecanyon-FOhzjwS6-erpgo-saas-all-in-one-business-erp-with-project-account-hrm-crm-pos/main-file/resources/js/pages/SalesProposals/Edit.tsx'
    Imported via "@/components/ui/button" from file 'C:/Users/DION-SERVER/Desktop/codecanyon-FOhzjwS6-erpgo-saas-all-in-one-business-erp-with-project-account-hrm-crm-pos/main-file/resources/js/pages/SalesProposals/Index.tsx'
    Imported via '@/components/ui/button' from file 'C:/Users/DION-SERVER/Desktop/codecanyon-FOhzjwS6-erpgo-saas-all-in-one-business-erp-with-project-account-hrm-crm-pos/main-file/resources/js/pages/SalesProposals/View.tsx'
    Imported via '@/components/ui/button' from file 'C:/Users/DION-SERVER/Desktop/codecanyon-FOhzjwS6-erpgo-saas-all-in-one-business-erp-with-project-account-hrm-crm-pos/main-file/resources/js/pages/SalesProposals/SalesProposals/Create.tsx'
    Imported via '@/components/ui/button' from file 'C:/Users/DION-SERVER/Desktop/codecanyon-FOhzjwS6-erpgo-saas-all-in-one-business-erp-with-project-account-hrm-crm-pos/main-file/resources/js/pages/SalesProposals/SalesProposals/Edit.tsx'
    Imported via "@/components/ui/button" from file 'C:/Users/DION-SERVER/Desktop/codecanyon-FOhzjwS6-erpgo-saas-all-in-one-business-erp-with-project-account-hrm-crm-pos/main-file/resources/js/pages/SalesProposals/SalesProposals/Index.tsx'
    Imported via '@/components/ui/button' from file 'C:/Users/DION-SERVER/Desktop/codecanyon-FOhzjwS6-erpgo-saas-all-in-one-business-erp-with-project-account-hrm-crm-pos/main-file/resources/js/pages/SalesProposals/SalesProposals/View.tsx'
    Imported via '@/components/ui/button' from file 'C:/Users/DION-SERVER/Desktop/codecanyon-FOhzjwS6-erpgo-saas-all-in-one-business-erp-with-project-account-hrm-crm-pos/main-file/resources/js/pages/SalesReturns/Create.tsx'
    Imported via '@/components/ui/button' from file 'C:/Users/DION-SERVER/Desktop/codecanyon-FOhzjwS6-erpgo-saas-all-in-one-business-erp-with-project-account-hrm-crm-pos/main-file/resources/js/pages/SalesReturns/Index.tsx'
    Imported via '@/components/ui/button' from file 'C:/Users/DION-SERVER/Desktop/codecanyon-FOhzjwS6-erpgo-saas-all-in-one-business-erp-with-project-account-hrm-crm-pos/main-file/resources/js/pages/SalesReturns/View.tsx'
    Imported via '@/components/ui/button' from file 'C:/Users/DION-SERVER/Desktop/codecanyon-FOhzjwS6-erpgo-saas-all-in-one-business-erp-with-project-account-hrm-crm-pos/main-file/resources/js/pages/SalesReturns/SalesReturns/Create.tsx'
    Imported via '@/components/ui/button' from file 'C:/Users/DION-SERVER/Desktop/codecanyon-FOhzjwS6-erpgo-saas-all-in-one-business-erp-with-project-account-hrm-crm-pos/main-file/resources/js/pages/SalesReturns/SalesReturns/Index.tsx'
    Imported via '@/components/ui/button' from file 'C:/Users/DION-SERVER/Desktop/codecanyon-FOhzjwS6-erpgo-saas-all-in-one-business-erp-with-project-account-hrm-crm-pos/main-file/resources/js/pages/SalesReturns/SalesReturns/View.tsx'
    Imported via '@/components/ui/button' from file 'C:/Users/DION-SERVER/Desktop/codecanyon-FOhzjwS6-erpgo-saas-all-in-one-business-erp-with-project-account-hrm-crm-pos/main-file/resources/js/pages/Transfers/Index.tsx'
    Imported via "@/components/ui/button" from file 'C:/Users/DION-SERVER/Desktop/codecanyon-FOhzjwS6-erpgo-saas-all-in-one-business-erp-with-project-account-hrm-crm-pos/main-file/resources/js/pages/Transfers/create.tsx'
    Imported via '@/components/ui/button' from file 'C:/Users/DION-SERVER/Desktop/codecanyon-FOhzjwS6-erpgo-saas-all-in-one-business-erp-with-project-account-hrm-crm-pos/main-file/resources/js/pages/Transfers/Transfers/Index.tsx'
    Imported via "@/components/ui/button" from file 'C:/Users/DION-SERVER/Desktop/codecanyon-FOhzjwS6-erpgo-saas-all-in-one-business-erp-with-project-account-hrm-crm-pos/main-file/resources/js/pages/Transfers/Transfers/create.tsx'
    Imported via '@/components/ui/button' from file 'C:/Users/DION-SERVER/Desktop/codecanyon-FOhzjwS6-erpgo-saas-all-in-one-business-erp-with-project-account-hrm-crm-pos/main-file/resources/js/pages/Updater/Index.tsx'
    Imported via '@/components/ui/button' from file 'C:/Users/DION-SERVER/Desktop/codecanyon-FOhzjwS6-erpgo-saas-all-in-one-business-erp-with-project-account-hrm-crm-pos/main-file/resources/js/pages/Updater/Updater/Index.tsx'
    Imported via '@/components/ui/button' from file 'C:/Users/DION-SERVER/Desktop/codecanyon-FOhzjwS6-erpgo-saas-all-in-one-business-erp-with-project-account-hrm-crm-pos/main-file/resources/js/pages/auth/confirm-password.tsx'
    Imported via '@/components/ui/button' from file 'C:/Users/DION-SERVER/Desktop/codecanyon-FOhzjwS6-erpgo-saas-all-in-one-business-erp-with-project-account-hrm-crm-pos/main-file/resources/js/pages/auth/forgot-password.tsx'
    Imported via "@/components/ui/button" from file 'C:/Users/DION-SERVER/Desktop/codecanyon-FOhzjwS6-erpgo-saas-all-in-one-business-erp-with-project-account-hrm-crm-pos/main-file/resources/js/pages/auth/login.tsx'
    Imported via '@/components/ui/button' from file 'C:/Users/DION-SERVER/Desktop/codecanyon-FOhzjwS6-erpgo-saas-all-in-one-business-erp-with-project-account-hrm-crm-pos/main-file/resources/js/pages/auth/register.tsx'
    Imported via '@/components/ui/button' from file 'C:/Users/DION-SERVER/Desktop/codecanyon-FOhzjwS6-erpgo-saas-all-in-one-business-erp-with-project-account-hrm-crm-pos/main-file/resources/js/pages/auth/reset-password.tsx'
    Imported via '@/components/ui/button' from file 'C:/Users/DION-SERVER/Desktop/codecanyon-FOhzjwS6-erpgo-saas-all-in-one-business-erp-with-project-account-hrm-crm-pos/main-file/resources/js/pages/auth/verify-email.tsx'
    Imported via '@/components/ui/button' from file 'C:/Users/DION-SERVER/Desktop/codecanyon-FOhzjwS6-erpgo-saas-all-in-one-business-erp-with-project-account-hrm-crm-pos/main-file/resources/js/pages/auth/auth/confirm-password.tsx'
    Imported via '@/components/ui/button' from file 'C:/Users/DION-SERVER/Desktop/codecanyon-FOhzjwS6-erpgo-saas-all-in-one-business-erp-with-project-account-hrm-crm-pos/main-file/resources/js/pages/auth/auth/forgot-password.tsx'
    Imported via "@/components/ui/button" from file 'C:/Users/DION-SERVER/Desktop/codecanyon-FOhzjwS6-erpgo-saas-all-in-one-business-erp-with-project-account-hrm-crm-pos/main-file/resources/js/pages/auth/auth/login.tsx'
    Imported via '@/components/ui/button' from file 'C:/Users/DION-SERVER/Desktop/codecanyon-FOhzjwS6-erpgo-saas-all-in-one-business-erp-with-project-account-hrm-crm-pos/main-file/resources/js/pages/auth/auth/register.tsx'
    Imported via '@/components/ui/button' from file 'C:/Users/DION-SERVER/Desktop/codecanyon-FOhzjwS6-erpgo-saas-all-in-one-business-erp-with-project-account-hrm-crm-pos/main-file/resources/js/pages/auth/auth/reset-password.tsx'
    Imported via '@/components/ui/button' from file 'C:/Users/DION-SERVER/Desktop/codecanyon-FOhzjwS6-erpgo-saas-all-in-one-business-erp-with-project-account-hrm-crm-pos/main-file/resources/js/pages/auth/auth/verify-email.tsx'
    Imported via '@/components/ui/button' from file 'C:/Users/DION-SERVER/Desktop/codecanyon-FOhzjwS6-erpgo-saas-all-in-one-business-erp-with-project-account-hrm-crm-pos/main-file/resources/js/pages/bank-transfer/index.tsx'
    Imported via '@/components/ui/button' from file 'C:/Users/DION-SERVER/Desktop/codecanyon-FOhzjwS6-erpgo-saas-all-in-one-business-erp-with-project-account-hrm-crm-pos/main-file/resources/js/pages/bank-transfer/bank-transfer/index.tsx'
    Imported via '@/components/ui/button' from file 'C:/Users/DION-SERVER/Desktop/codecanyon-FOhzjwS6-erpgo-saas-all-in-one-business-erp-with-project-account-hrm-crm-pos/main-file/resources/js/pages/coupons/create.tsx'
    Imported via '@/components/ui/button' from file 'C:/Users/DION-SERVER/Desktop/codecanyon-FOhzjwS6-erpgo-saas-all-in-one-business-erp-with-project-account-hrm-crm-pos/main-file/resources/js/pages/coupons/details.tsx'
    Imported via '@/components/ui/button' from file 'C:/Users/DION-SERVER/Desktop/codecanyon-FOhzjwS6-erpgo-saas-all-in-one-business-erp-with-project-account-hrm-crm-pos/main-file/resources/js/pages/coupons/edit.tsx'
    Imported via '@/components/ui/button' from file 'C:/Users/DION-SERVER/Desktop/codecanyon-FOhzjwS6-erpgo-saas-all-in-one-business-erp-with-project-account-hrm-crm-pos/main-file/resources/js/pages/coupons/index.tsx'
    Imported via '@/components/ui/button' from file 'C:/Users/DION-SERVER/Desktop/codecanyon-FOhzjwS6-erpgo-saas-all-in-one-business-erp-with-project-account-hrm-crm-pos/main-file/resources/js/pages/coupons/coupons/create.tsx'
    Imported via '@/components/ui/button' from file 'C:/Users/DION-SERVER/Desktop/codecanyon-FOhzjwS6-erpgo-saas-all-in-one-business-erp-with-project-account-hrm-crm-pos/main-file/resources/js/pages/coupons/coupons/details.tsx'
    Imported via '@/components/ui/button' from file 'C:/Users/DION-SERVER/Desktop/codecanyon-FOhzjwS6-erpgo-saas-all-in-one-business-erp-with-project-account-hrm-crm-pos/main-file/resources/js/pages/coupons/coupons/edit.tsx'
    Imported via '@/components/ui/button' from file 'C:/Users/DION-SERVER/Desktop/codecanyon-FOhzjwS6-erpgo-saas-all-in-one-business-erp-with-project-account-hrm-crm-pos/main-file/resources/js/pages/coupons/coupons/index.tsx'
    Imported via "@/components/ui/button" from file 'C:/Users/DION-SERVER/Desktop/codecanyon-FOhzjwS6-erpgo-saas-all-in-one-business-erp-with-project-account-hrm-crm-pos/main-file/resources/js/pages/helpdesk/categories/create.tsx'
    Imported via "@/components/ui/button" from file 'C:/Users/DION-SERVER/Desktop/codecanyon-FOhzjwS6-erpgo-saas-all-in-one-business-erp-with-project-account-hrm-crm-pos/main-file/resources/js/pages/helpdesk/categories/edit.tsx'
    Imported via "@/components/ui/button" from file 'C:/Users/DION-SERVER/Desktop/codecanyon-FOhzjwS6-erpgo-saas-all-in-one-business-erp-with-project-account-hrm-crm-pos/main-file/resources/js/pages/helpdesk/categories/index.tsx'
    Imported via "@/components/ui/button" from file 'C:/Users/DION-SERVER/Desktop/codecanyon-FOhzjwS6-erpgo-saas-all-in-one-business-erp-with-project-account-hrm-crm-pos/main-file/resources/js/pages/helpdesk/components/ChatMessage.tsx'
    Imported via "@/components/ui/button" from file 'C:/Users/DION-SERVER/Desktop/codecanyon-FOhzjwS6-erpgo-saas-all-in-one-business-erp-with-project-account-hrm-crm-pos/main-file/resources/js/pages/helpdesk/components/ReplyForm.tsx'
    Imported via "@/components/ui/button" from file 'C:/Users/DION-SERVER/Desktop/codecanyon-FOhzjwS6-erpgo-saas-all-in-one-business-erp-with-project-account-hrm-crm-pos/main-file/resources/js/pages/helpdesk/helpdesk/categories/create.tsx'
    Imported via "@/components/ui/button" from file 'C:/Users/DION-SERVER/Desktop/codecanyon-FOhzjwS6-erpgo-saas-all-in-one-business-erp-with-project-account-hrm-crm-pos/main-file/resources/js/pages/helpdesk/helpdesk/categories/edit.tsx'
    Imported via "@/components/ui/button" from file 'C:/Users/DION-SERVER/Desktop/codecanyon-FOhzjwS6-erpgo-saas-all-in-one-business-erp-with-project-account-hrm-crm-pos/main-file/resources/js/pages/helpdesk/helpdesk/categories/index.tsx'
    Imported via "@/components/ui/button" from file 'C:/Users/DION-SERVER/Desktop/codecanyon-FOhzjwS6-erpgo-saas-all-in-one-business-erp-with-project-account-hrm-crm-pos/main-file/resources/js/pages/helpdesk/helpdesk/components/ChatMessage.tsx'
    Imported via "@/components/ui/button" from file 'C:/Users/DION-SERVER/Desktop/codecanyon-FOhzjwS6-erpgo-saas-all-in-one-business-erp-with-project-account-hrm-crm-pos/main-file/resources/js/pages/helpdesk/helpdesk/components/ReplyForm.tsx'
    Imported via "@/components/ui/button" from file 'C:/Users/DION-SERVER/Desktop/codecanyon-FOhzjwS6-erpgo-saas-all-in-one-business-erp-with-project-account-hrm-crm-pos/main-file/resources/js/pages/helpdesk/helpdesk/tickets/create.tsx'
    Imported via "@/components/ui/button" from file 'C:/Users/DION-SERVER/Desktop/codecanyon-FOhzjwS6-erpgo-saas-all-in-one-business-erp-with-project-account-hrm-crm-pos/main-file/resources/js/pages/helpdesk/helpdesk/tickets/edit.tsx'
    Imported via '@/components/ui/button' from file 'C:/Users/DION-SERVER/Desktop/codecanyon-FOhzjwS6-erpgo-saas-all-in-one-business-erp-with-project-account-hrm-crm-pos/main-file/resources/js/pages/helpdesk/helpdesk/tickets/index.tsx'
    Imported via "@/components/ui/button" from file 'C:/Users/DION-SERVER/Desktop/codecanyon-FOhzjwS6-erpgo-saas-all-in-one-business-erp-with-project-account-hrm-crm-pos/main-file/resources/js/pages/helpdesk/tickets/create.tsx'
    Imported via "@/components/ui/button" from file 'C:/Users/DION-SERVER/Desktop/codecanyon-FOhzjwS6-erpgo-saas-all-in-one-business-erp-with-project-account-hrm-crm-pos/main-file/resources/js/pages/helpdesk/tickets/edit.tsx'
    Imported via '@/components/ui/button' from file 'C:/Users/DION-SERVER/Desktop/codecanyon-FOhzjwS6-erpgo-saas-all-in-one-business-erp-with-project-account-hrm-crm-pos/main-file/resources/js/pages/helpdesk/tickets/index.tsx'
    Imported via '@/components/ui/button' from file 'C:/Users/DION-SERVER/Desktop/codecanyon-FOhzjwS6-erpgo-saas-all-in-one-business-erp-with-project-account-hrm-crm-pos/main-file/resources/js/pages/languages/manage.tsx'
    Imported via '@/components/ui/button' from file 'C:/Users/DION-SERVER/Desktop/codecanyon-FOhzjwS6-erpgo-saas-all-in-one-business-erp-with-project-account-hrm-crm-pos/main-file/resources/js/pages/languages/languages/manage.tsx'
    Imported via '@/components/ui/button' from file 'C:/Users/DION-SERVER/Desktop/codecanyon-FOhzjwS6-erpgo-saas-all-in-one-business-erp-with-project-account-hrm-crm-pos/main-file/resources/js/pages/messenger/index.tsx'
    Imported via '@/components/ui/button' from file 'C:/Users/DION-SERVER/Desktop/codecanyon-FOhzjwS6-erpgo-saas-all-in-one-business-erp-with-project-account-hrm-crm-pos/main-file/resources/js/pages/messenger/messenger/index.tsx'
    Imported via '@/components/ui/button' from file 'C:/Users/DION-SERVER/Desktop/codecanyon-FOhzjwS6-erpgo-saas-all-in-one-business-erp-with-project-account-hrm-crm-pos/main-file/resources/js/pages/mission-command/Gamification.tsx'
    Imported via '@/components/ui/button' from file 'C:/Users/DION-SERVER/Desktop/codecanyon-FOhzjwS6-erpgo-saas-all-in-one-business-erp-with-project-account-hrm-crm-pos/main-file/resources/js/pages/mission-command/NotificationsHub.tsx'
    Imported via '@/components/ui/button' from file 'C:/Users/DION-SERVER/Desktop/codecanyon-FOhzjwS6-erpgo-saas-all-in-one-business-erp-with-project-account-hrm-crm-pos/main-file/resources/js/pages/modules/index.tsx'
    Imported via '@/components/ui/button' from file 'C:/Users/DION-SERVER/Desktop/codecanyon-FOhzjwS6-erpgo-saas-all-in-one-business-erp-with-project-account-hrm-crm-pos/main-file/resources/js/pages/modules/upload.tsx'
    Imported via '@/components/ui/button' from file 'C:/Users/DION-SERVER/Desktop/codecanyon-FOhzjwS6-erpgo-saas-all-in-one-business-erp-with-project-account-hrm-crm-pos/main-file/resources/js/pages/modules/modules/index.tsx'
    Imported via '@/components/ui/button' from file 'C:/Users/DION-SERVER/Desktop/codecanyon-FOhzjwS6-erpgo-saas-all-in-one-business-erp-with-project-account-hrm-crm-pos/main-file/resources/js/pages/modules/modules/upload.tsx'
    Imported via '@/components/ui/button' from file 'C:/Users/DION-SERVER/Desktop/codecanyon-FOhzjwS6-erpgo-saas-all-in-one-business-erp-with-project-account-hrm-crm-pos/main-file/resources/js/pages/notification-templates/Edit.tsx'
    Imported via '@/components/ui/button' from file 'C:/Users/DION-SERVER/Desktop/codecanyon-FOhzjwS6-erpgo-saas-all-in-one-business-erp-with-project-account-hrm-crm-pos/main-file/resources/js/pages/notification-templates/Index.tsx'
    Imported via '@/components/ui/button' from file 'C:/Users/DION-SERVER/Desktop/codecanyon-FOhzjwS6-erpgo-saas-all-in-one-business-erp-with-project-account-hrm-crm-pos/main-file/resources/js/pages/notification-templates/notification-templates/Edit.tsx'
    Imported via '@/components/ui/button' from file 'C:/Users/DION-SERVER/Desktop/codecanyon-FOhzjwS6-erpgo-saas-all-in-one-business-erp-with-project-account-hrm-crm-pos/main-file/resources/js/pages/notification-templates/notification-templates/Index.tsx'
    Imported via '@/components/ui/button' from file 'C:/Users/DION-SERVER/Desktop/codecanyon-FOhzjwS6-erpgo-saas-all-in-one-business-erp-with-project-account-hrm-crm-pos/main-file/resources/js/pages/orders/index.tsx'
    Imported via '@/components/ui/button' from file 'C:/Users/DION-SERVER/Desktop/codecanyon-FOhzjwS6-erpgo-saas-all-in-one-business-erp-with-project-account-hrm-crm-pos/main-file/resources/js/pages/orders/orders/index.tsx'
    Imported via '@/components/ui/button' from file 'C:/Users/DION-SERVER/Desktop/codecanyon-FOhzjwS6-erpgo-saas-all-in-one-business-erp-with-project-account-hrm-crm-pos/main-file/resources/js/pages/plans/form.tsx'
    Imported via '@/components/ui/button' from file 'C:/Users/DION-SERVER/Desktop/codecanyon-FOhzjwS6-erpgo-saas-all-in-one-business-erp-with-project-account-hrm-crm-pos/main-file/resources/js/pages/plans/index.tsx'
    Imported via '@/components/ui/button' from file 'C:/Users/DION-SERVER/Desktop/codecanyon-FOhzjwS6-erpgo-saas-all-in-one-business-erp-with-project-account-hrm-crm-pos/main-file/resources/js/pages/plans/subscription-layout.tsx'
    Imported via '@/components/ui/button' from file 'C:/Users/DION-SERVER/Desktop/codecanyon-FOhzjwS6-erpgo-saas-all-in-one-business-erp-with-project-account-hrm-crm-pos/main-file/resources/js/pages/plans/plans/form.tsx'
    Imported via '@/components/ui/button' from file 'C:/Users/DION-SERVER/Desktop/codecanyon-FOhzjwS6-erpgo-saas-all-in-one-business-erp-with-project-account-hrm-crm-pos/main-file/resources/js/pages/plans/plans/index.tsx'
    Imported via '@/components/ui/button' from file 'C:/Users/DION-SERVER/Desktop/codecanyon-FOhzjwS6-erpgo-saas-all-in-one-business-erp-with-project-account-hrm-crm-pos/main-file/resources/js/pages/plans/plans/subscription-layout.tsx'
    Imported via "@/components/ui/button" from file 'C:/Users/DION-SERVER/Desktop/codecanyon-FOhzjwS6-erpgo-saas-all-in-one-business-erp-with-project-account-hrm-crm-pos/main-file/resources/js/pages/profile/partials/update-password-form.tsx'
    Imported via "@/components/ui/button" from file 'C:/Users/DION-SERVER/Desktop/codecanyon-FOhzjwS6-erpgo-saas-all-in-one-business-erp-with-project-account-hrm-crm-pos/main-file/resources/js/pages/profile/partials/update-profile-information-form.tsx'
    Imported via "@/components/ui/button" from file 'C:/Users/DION-SERVER/Desktop/codecanyon-FOhzjwS6-erpgo-saas-all-in-one-business-erp-with-project-account-hrm-crm-pos/main-file/resources/js/pages/profile/profile/partials/update-password-form.tsx'
    Imported via "@/components/ui/button" from file 'C:/Users/DION-SERVER/Desktop/codecanyon-FOhzjwS6-erpgo-saas-all-in-one-business-erp-with-project-account-hrm-crm-pos/main-file/resources/js/pages/profile/profile/partials/update-profile-information-form.tsx'
    Imported via '@/components/ui/button' from file 'C:/Users/DION-SERVER/Desktop/codecanyon-FOhzjwS6-erpgo-saas-all-in-one-business-erp-with-project-account-hrm-crm-pos/main-file/resources/js/pages/roles/create.tsx'
    Imported via '@/components/ui/button' from file 'C:/Users/DION-SERVER/Desktop/codecanyon-FOhzjwS6-erpgo-saas-all-in-one-business-erp-with-project-account-hrm-crm-pos/main-file/resources/js/pages/roles/edit.tsx'
    Imported via '@/components/ui/button' from file 'C:/Users/DION-SERVER/Desktop/codecanyon-FOhzjwS6-erpgo-saas-all-in-one-business-erp-with-project-account-hrm-crm-pos/main-file/resources/js/pages/roles/index.tsx'
    Imported via '@/components/ui/button' from file 'C:/Users/DION-SERVER/Desktop/codecanyon-FOhzjwS6-erpgo-saas-all-in-one-business-erp-with-project-account-hrm-crm-pos/main-file/resources/js/pages/roles/roles/create.tsx'
    Imported via '@/components/ui/button' from file 'C:/Users/DION-SERVER/Desktop/codecanyon-FOhzjwS6-erpgo-saas-all-in-one-business-erp-with-project-account-hrm-crm-pos/main-file/resources/js/pages/roles/roles/edit.tsx'
    Imported via '@/components/ui/button' from file 'C:/Users/DION-SERVER/Desktop/codecanyon-FOhzjwS6-erpgo-saas-all-in-one-business-erp-with-project-account-hrm-crm-pos/main-file/resources/js/pages/roles/roles/index.tsx'
    Imported via '@/components/ui/button' from file 'C:/Users/DION-SERVER/Desktop/codecanyon-FOhzjwS6-erpgo-saas-all-in-one-business-erp-with-project-account-hrm-crm-pos/main-file/resources/js/pages/settings/index.tsx'
    Imported via '@/components/ui/button' from file 'C:/Users/DION-SERVER/Desktop/codecanyon-FOhzjwS6-erpgo-saas-all-in-one-business-erp-with-project-account-hrm-crm-pos/main-file/resources/js/pages/settings/settings/index.tsx'
    Imported via '@/components/ui/button' from file 'C:/Users/DION-SERVER/Desktop/codecanyon-FOhzjwS6-erpgo-saas-all-in-one-business-erp-with-project-account-hrm-crm-pos/main-file/resources/js/pages/settings/settings/components/bank-transfer-settings.tsx'
    Imported via '@/components/ui/button' from file 'C:/Users/DION-SERVER/Desktop/codecanyon-FOhzjwS6-erpgo-saas-all-in-one-business-erp-with-project-account-hrm-crm-pos/main-file/resources/js/pages/settings/settings/components/brand-settings.tsx'
    Imported via '@/components/ui/button' from file 'C:/Users/DION-SERVER/Desktop/codecanyon-FOhzjwS6-erpgo-saas-all-in-one-business-erp-with-project-account-hrm-crm-pos/main-file/resources/js/pages/settings/settings/components/cache-settings.tsx'
    Imported via '@/components/ui/button' from file 'C:/Users/DION-SERVER/Desktop/codecanyon-FOhzjwS6-erpgo-saas-all-in-one-business-erp-with-project-account-hrm-crm-pos/main-file/resources/js/pages/settings/settings/components/company-settings.tsx'
    Imported via '@/components/ui/button' from file 'C:/Users/DION-SERVER/Desktop/codecanyon-FOhzjwS6-erpgo-saas-all-in-one-business-erp-with-project-account-hrm-crm-pos/main-file/resources/js/pages/settings/settings/components/cookie-settings.tsx'
    Imported via '@/components/ui/button' from file 'C:/Users/DION-SERVER/Desktop/codecanyon-FOhzjwS6-erpgo-saas-all-in-one-business-erp-with-project-account-hrm-crm-pos/main-file/resources/js/pages/settings/settings/components/currency-settings.tsx'
    Imported via '@/components/ui/button' from file 'C:/Users/DION-SERVER/Desktop/codecanyon-FOhzjwS6-erpgo-saas-all-in-one-business-erp-with-project-account-hrm-crm-pos/main-file/resources/js/pages/settings/settings/components/email-notification-settings.tsx'
    Imported via '@/components/ui/button' from file 'C:/Users/DION-SERVER/Desktop/codecanyon-FOhzjwS6-erpgo-saas-all-in-one-business-erp-with-project-account-hrm-crm-pos/main-file/resources/js/pages/settings/settings/components/email-settings.tsx'
    Imported via '@/components/ui/button' from file 'C:/Users/DION-SERVER/Desktop/codecanyon-FOhzjwS6-erpgo-saas-all-in-one-business-erp-with-project-account-hrm-crm-pos/main-file/resources/js/pages/settings/settings/components/pusher-settings.tsx'
    Imported via '@/components/ui/button' from file 'C:/Users/DION-SERVER/Desktop/codecanyon-FOhzjwS6-erpgo-saas-all-in-one-business-erp-with-project-account-hrm-crm-pos/main-file/resources/js/pages/settings/settings/components/seo-settings.tsx'
    Imported via '@/components/ui/button' from file 'C:/Users/DION-SERVER/Desktop/codecanyon-FOhzjwS6-erpgo-saas-all-in-one-business-erp-with-project-account-hrm-crm-pos/main-file/resources/js/pages/settings/settings/components/storage-settings.tsx'
    Imported via '@/components/ui/button' from file 'C:/Users/DION-SERVER/Desktop/codecanyon-FOhzjwS6-erpgo-saas-all-in-one-business-erp-with-project-account-hrm-crm-pos/main-file/resources/js/pages/settings/settings/components/system-settings.tsx'
    Imported via '@/components/ui/button' from file 'C:/Users/DION-SERVER/Desktop/codecanyon-FOhzjwS6-erpgo-saas-all-in-one-business-erp-with-project-account-hrm-crm-pos/main-file/resources/js/pages/users/assign-plan.tsx'
    Imported via "@/components/ui/button" from file 'C:/Users/DION-SERVER/Desktop/codecanyon-FOhzjwS6-erpgo-saas-all-in-one-business-erp-with-project-account-hrm-crm-pos/main-file/resources/js/pages/users/change-password.tsx'
    Imported via "@/components/ui/button" from file 'C:/Users/DION-SERVER/Desktop/codecanyon-FOhzjwS6-erpgo-saas-all-in-one-business-erp-with-project-account-hrm-crm-pos/main-file/resources/js/pages/users/create.tsx'
    Imported via "@/components/ui/button" from file 'C:/Users/DION-SERVER/Desktop/codecanyon-FOhzjwS6-erpgo-saas-all-in-one-business-erp-with-project-account-hrm-crm-pos/main-file/resources/js/pages/users/edit.tsx'
    Imported via '@/components/ui/button' from file 'C:/Users/DION-SERVER/Desktop/codecanyon-FOhzjwS6-erpgo-saas-all-in-one-business-erp-with-project-account-hrm-crm-pos/main-file/resources/js/pages/users/index.tsx'
    Imported via '@/components/ui/button' from file 'C:/Users/DION-SERVER/Desktop/codecanyon-FOhzjwS6-erpgo-saas-all-in-one-business-erp-with-project-account-hrm-crm-pos/main-file/resources/js/pages/users/login-history.tsx'
    Imported via "@/components/ui/button" from file 'C:/Users/DION-SERVER/Desktop/codecanyon-FOhzjwS6-erpgo-saas-all-in-one-business-erp-with-project-account-hrm-crm-pos/main-file/resources/js/pages/users/users/change-password.tsx'
    Imported via "@/components/ui/button" from file 'C:/Users/DION-SERVER/Desktop/codecanyon-FOhzjwS6-erpgo-saas-all-in-one-business-erp-with-project-account-hrm-crm-pos/main-file/resources/js/pages/users/users/create.tsx'
    Imported via "@/components/ui/button" from file 'C:/Users/DION-SERVER/Desktop/codecanyon-FOhzjwS6-erpgo-saas-all-in-one-business-erp-with-project-account-hrm-crm-pos/main-file/resources/js/pages/users/users/edit.tsx'
    Imported via '@/components/ui/button' from file 'C:/Users/DION-SERVER/Desktop/codecanyon-FOhzjwS6-erpgo-saas-all-in-one-business-erp-with-project-account-hrm-crm-pos/main-file/resources/js/pages/users/users/index.tsx'
    Imported via '@/components/ui/button' from file 'C:/Users/DION-SERVER/Desktop/codecanyon-FOhzjwS6-erpgo-saas-all-in-one-business-erp-with-project-account-hrm-crm-pos/main-file/resources/js/pages/users/users/login-history.tsx'
    Imported via "@/components/ui/button" from file 'C:/Users/DION-SERVER/Desktop/codecanyon-FOhzjwS6-erpgo-saas-all-in-one-business-erp-with-project-account-hrm-crm-pos/main-file/resources/js/pages/warehouses/create.tsx'
    Imported via "@/components/ui/button" from file 'C:/Users/DION-SERVER/Desktop/codecanyon-FOhzjwS6-erpgo-saas-all-in-one-business-erp-with-project-account-hrm-crm-pos/main-file/resources/js/pages/warehouses/edit.tsx'
    Imported via '@/components/ui/button' from file 'C:/Users/DION-SERVER/Desktop/codecanyon-FOhzjwS6-erpgo-saas-all-in-one-business-erp-with-project-account-hrm-crm-pos/main-file/resources/js/pages/warehouses/index.tsx'
    Imported via "@/components/ui/button" from file 'C:/Users/DION-SERVER/Desktop/codecanyon-FOhzjwS6-erpgo-saas-all-in-one-business-erp-with-project-account-hrm-crm-pos/main-file/resources/js/pages/warehouses/warehouses/create.tsx'
    Imported via "@/components/ui/button" from file 'C:/Users/DION-SERVER/Desktop/codecanyon-FOhzjwS6-erpgo-saas-all-in-one-business-erp-with-project-account-hrm-crm-pos/main-file/resources/js/pages/warehouses/warehouses/edit.tsx'
    Imported via '@/components/ui/button' from file 'C:/Users/DION-SERVER/Desktop/codecanyon-FOhzjwS6-erpgo-saas-all-in-one-business-erp-with-project-account-hrm-crm-pos/main-file/resources/js/pages/warehouses/warehouses/index.tsx'
    Imported via '@/components/ui/button' from file 'C:/Users/DION-SERVER/Desktop/codecanyon-FOhzjwS6-erpgo-saas-all-in-one-business-erp-with-project-account-hrm-crm-pos/main-file/packages/dionone/AIAssistant/src/Resources/js/components/AIGenerationModal.tsx'
    Imported via '@/components/ui/button' from file 'C:/Users/DION-SERVER/Desktop/codecanyon-FOhzjwS6-erpgo-saas-all-in-one-business-erp-with-project-account-hrm-crm-pos/main-file/packages/dionone/AIAssistant/src/Resources/js/hooks/useAIField.tsx'
    Imported via '@/components/ui/button' from file 'C:/Users/DION-SERVER/Desktop/codecanyon-FOhzjwS6-erpgo-saas-all-in-one-business-erp-with-project-account-hrm-crm-pos/main-file/packages/dionone/AIAssistant/src/Resources/js/settings/components/ai-assistant-settings.tsx'
    Imported via "@/components/ui/button" from file 'C:/Users/DION-SERVER/Desktop/codecanyon-FOhzjwS6-erpgo-saas-all-in-one-business-erp-with-project-account-hrm-crm-pos/main-file/packages/dionone/Account/src/Resources/js/Pages/BankAccounts/Create.tsx'
    Imported via "@/components/ui/button" from file 'C:/Users/DION-SERVER/Desktop/codecanyon-FOhzjwS6-erpgo-saas-all-in-one-business-erp-with-project-account-hrm-crm-pos/main-file/packages/dionone/Account/src/Resources/js/Pages/BankAccounts/Edit.tsx'
    Imported via '@/components/ui/button' from file 'C:/Users/DION-SERVER/Desktop/codecanyon-FOhzjwS6-erpgo-saas-all-in-one-business-erp-with-project-account-hrm-crm-pos/main-file/packages/dionone/Account/src/Resources/js/Pages/BankAccounts/Index.tsx'
    Imported via '@/components/ui/button' from file 'C:/Users/DION-SERVER/Desktop/codecanyon-FOhzjwS6-erpgo-saas-all-in-one-business-erp-with-project-account-hrm-crm-pos/main-file/packages/dionone/Account/src/Resources/js/Pages/BankTransactions/Index.tsx'
    Imported via '@/components/ui/button' from file 'C:/Users/DION-SERVER/Desktop/codecanyon-FOhzjwS6-erpgo-saas-all-in-one-business-erp-with-project-account-hrm-crm-pos/main-file/packages/dionone/Account/src/Resources/js/Pages/BankTransfers/Create.tsx'
    Imported via '@/components/ui/button' from file 'C:/Users/DION-SERVER/Desktop/codecanyon-FOhzjwS6-erpgo-saas-all-in-one-business-erp-with-project-account-hrm-crm-pos/main-file/packages/dionone/Account/src/Resources/js/Pages/BankTransfers/Edit.tsx'
    Imported via '@/components/ui/button' from file 'C:/Users/DION-SERVER/Desktop/codecanyon-FOhzjwS6-erpgo-saas-all-in-one-business-erp-with-project-account-hrm-crm-pos/main-file/packages/dionone/Account/src/Resources/js/Pages/BankTransfers/Index.tsx'
    Imported via "@/components/ui/button" from file 'C:/Users/DION-SERVER/Desktop/codecanyon-FOhzjwS6-erpgo-saas-all-in-one-business-erp-with-project-account-hrm-crm-pos/main-file/packages/dionone/Account/src/Resources/js/Pages/ChartOfAccounts/Create.tsx'
    Imported via "@/components/ui/button" from file 'C:/Users/DION-SERVER/Desktop/codecanyon-FOhzjwS6-erpgo-saas-all-in-one-business-erp-with-project-account-hrm-crm-pos/main-file/packages/dionone/Account/src/Resources/js/Pages/ChartOfAccounts/Edit.tsx'
    Imported via '@/components/ui/button' from file 'C:/Users/DION-SERVER/Desktop/codecanyon-FOhzjwS6-erpgo-saas-all-in-one-business-erp-with-project-account-hrm-crm-pos/main-file/packages/dionone/Account/src/Resources/js/Pages/ChartOfAccounts/Index.tsx'
    Imported via "@/components/ui/button" from file 'C:/Users/DION-SERVER/Desktop/codecanyon-FOhzjwS6-erpgo-saas-all-in-one-business-erp-with-project-account-hrm-crm-pos/main-file/packages/dionone/Account/src/Resources/js/Pages/ChartOfAccounts/Show.tsx'
    Imported via '@/components/ui/button' from file 'C:/Users/DION-SERVER/Desktop/codecanyon-FOhzjwS6-erpgo-saas-all-in-one-business-erp-with-project-account-hrm-crm-pos/main-file/packages/dionone/Account/src/Resources/js/Pages/CreditNotes/Create.tsx'
    Imported via '@/components/ui/button' from file 'C:/Users/DION-SERVER/Desktop/codecanyon-FOhzjwS6-erpgo-saas-all-in-one-business-erp-with-project-account-hrm-crm-pos/main-file/packages/dionone/Account/src/Resources/js/Pages/CreditNotes/Index.tsx'
    Imported via '@/components/ui/button' from file 'C:/Users/DION-SERVER/Desktop/codecanyon-FOhzjwS6-erpgo-saas-all-in-one-business-erp-with-project-account-hrm-crm-pos/main-file/packages/dionone/Account/src/Resources/js/Pages/CreditNotes/View.tsx'
    Imported via '@/components/ui/button' from file 'C:/Users/DION-SERVER/Desktop/codecanyon-FOhzjwS6-erpgo-saas-all-in-one-business-erp-with-project-account-hrm-crm-pos/main-file/packages/dionone/Account/src/Resources/js/Pages/CustomerPayments/Create.tsx'
    Imported via '@/components/ui/button' from file 'C:/Users/DION-SERVER/Desktop/codecanyon-FOhzjwS6-erpgo-saas-all-in-one-business-erp-with-project-account-hrm-crm-pos/main-file/packages/dionone/Account/src/Resources/js/Pages/CustomerPayments/Index.tsx'
    Imported via "@/components/ui/button" from file 'C:/Users/DION-SERVER/Desktop/codecanyon-FOhzjwS6-erpgo-saas-all-in-one-business-erp-with-project-account-hrm-crm-pos/main-file/packages/dionone/Account/src/Resources/js/Pages/Customers/Create.tsx'
    Imported via "@/components/ui/button" from file 'C:/Users/DION-SERVER/Desktop/codecanyon-FOhzjwS6-erpgo-saas-all-in-one-business-erp-with-project-account-hrm-crm-pos/main-file/packages/dionone/Account/src/Resources/js/Pages/Customers/Edit.tsx'
    Imported via "@/components/ui/button" from file 'C:/Users/DION-SERVER/Desktop/codecanyon-FOhzjwS6-erpgo-saas-all-in-one-business-erp-with-project-account-hrm-crm-pos/main-file/packages/dionone/Account/src/Resources/js/Pages/Customers/Index.tsx'
    Imported via '@/components/ui/button' from file 'C:/Users/DION-SERVER/Desktop/codecanyon-FOhzjwS6-erpgo-saas-all-in-one-business-erp-with-project-account-hrm-crm-pos/main-file/packages/dionone/Account/src/Resources/js/Pages/DebitNotes/Create.tsx'
    Imported via '@/components/ui/button' from file 'C:/Users/DION-SERVER/Desktop/codecanyon-FOhzjwS6-erpgo-saas-all-in-one-business-erp-with-project-account-hrm-crm-pos/main-file/packages/dionone/Account/src/Resources/js/Pages/DebitNotes/Index.tsx'
    Imported via '@/components/ui/button' from file 'C:/Users/DION-SERVER/Desktop/codecanyon-FOhzjwS6-erpgo-saas-all-in-one-business-erp-with-project-account-hrm-crm-pos/main-file/packages/dionone/Account/src/Resources/js/Pages/DebitNotes/View.tsx'
    Imported via "@/components/ui/button" from file 'C:/Users/DION-SERVER/Desktop/codecanyon-FOhzjwS6-erpgo-saas-all-in-one-business-erp-with-project-account-hrm-crm-pos/main-file/packages/dionone/Account/src/Resources/js/Pages/Expenses/Create.tsx'
    Imported via "@/components/ui/button" from file 'C:/Users/DION-SERVER/Desktop/codecanyon-FOhzjwS6-erpgo-saas-all-in-one-business-erp-with-project-account-hrm-crm-pos/main-file/packages/dionone/Account/src/Resources/js/Pages/Expenses/Edit.tsx'
    Imported via '@/components/ui/button' from file 'C:/Users/DION-SERVER/Desktop/codecanyon-FOhzjwS6-erpgo-saas-all-in-one-business-erp-with-project-account-hrm-crm-pos/main-file/packages/dionone/Account/src/Resources/js/Pages/Expenses/Index.tsx'
    Imported via '@/components/ui/button' from file 'C:/Users/DION-SERVER/Desktop/codecanyon-FOhzjwS6-erpgo-saas-all-in-one-business-erp-with-project-account-hrm-crm-pos/main-file/packages/dionone/Account/src/Resources/js/Pages/Reports/BillAging.tsx'
    Imported via '@/components/ui/button' from file 'C:/Users/DION-SERVER/Desktop/codecanyon-FOhzjwS6-erpgo-saas-all-in-one-business-erp-with-project-account-hrm-crm-pos/main-file/packages/dionone/Account/src/Resources/js/Pages/Reports/CustomerBalance.tsx'
    Imported via '@/components/ui/button' from file 'C:/Users/DION-SERVER/Desktop/codecanyon-FOhzjwS6-erpgo-saas-all-in-one-business-erp-with-project-account-hrm-crm-pos/main-file/packages/dionone/Account/src/Resources/js/Pages/Reports/CustomerDetail.tsx'
    Imported via '@/components/ui/button' from file 'C:/Users/DION-SERVER/Desktop/codecanyon-FOhzjwS6-erpgo-saas-all-in-one-business-erp-with-project-account-hrm-crm-pos/main-file/packages/dionone/Account/src/Resources/js/Pages/Reports/IncomeStatement.tsx'
    Imported via '@/components/ui/button' from file 'C:/Users/DION-SERVER/Desktop/codecanyon-FOhzjwS6-erpgo-saas-all-in-one-business-erp-with-project-account-hrm-crm-pos/main-file/packages/dionone/Account/src/Resources/js/Pages/Reports/InvoiceAging.tsx'
    Imported via '@/components/ui/button' from file 'C:/Users/DION-SERVER/Desktop/codecanyon-FOhzjwS6-erpgo-saas-all-in-one-business-erp-with-project-account-hrm-crm-pos/main-file/packages/dionone/Account/src/Resources/js/Pages/Reports/TaxSummary.tsx'
    Imported via '@/components/ui/button' from file 'C:/Users/DION-SERVER/Desktop/codecanyon-FOhzjwS6-erpgo-saas-all-in-one-business-erp-with-project-account-hrm-crm-pos/main-file/packages/dionone/Account/src/Resources/js/Pages/Reports/VendorBalance.tsx'
    Imported via '@/components/ui/button' from file 'C:/Users/DION-SERVER/Desktop/codecanyon-FOhzjwS6-erpgo-saas-all-in-one-business-erp-with-project-account-hrm-crm-pos/main-file/packages/dionone/Account/src/Resources/js/Pages/Reports/VendorDetail.tsx'
    Imported via "@/components/ui/button" from file 'C:/Users/DION-SERVER/Desktop/codecanyon-FOhzjwS6-erpgo-saas-all-in-one-business-erp-with-project-account-hrm-crm-pos/main-file/packages/dionone/Account/src/Resources/js/Pages/Revenues/Create.tsx'
    Imported via "@/components/ui/button" from file 'C:/Users/DION-SERVER/Desktop/codecanyon-FOhzjwS6-erpgo-saas-all-in-one-business-erp-with-project-account-hrm-crm-pos/main-file/packages/dionone/Account/src/Resources/js/Pages/Revenues/Edit.tsx'
    Imported via '@/components/ui/button' from file 'C:/Users/DION-SERVER/Desktop/codecanyon-FOhzjwS6-erpgo-saas-all-in-one-business-erp-with-project-account-hrm-crm-pos/main-file/packages/dionone/Account/src/Resources/js/Pages/Revenues/Index.tsx'
    Imported via "@/components/ui/button" from file 'C:/Users/DION-SERVER/Desktop/codecanyon-FOhzjwS6-erpgo-saas-all-in-one-business-erp-with-project-account-hrm-crm-pos/main-file/packages/dionone/Account/src/Resources/js/Pages/SystemSetup/SystemSetupSidebar.tsx'
    Imported via "@/components/ui/button" from file 'C:/Users/DION-SERVER/Desktop/codecanyon-FOhzjwS6-erpgo-saas-all-in-one-business-erp-with-project-account-hrm-crm-pos/main-file/packages/dionone/Account/src/Resources/js/Pages/SystemSetup/AccountTypes/Create.tsx'
    Imported via "@/components/ui/button" from file 'C:/Users/DION-SERVER/Desktop/codecanyon-FOhzjwS6-erpgo-saas-all-in-one-business-erp-with-project-account-hrm-crm-pos/main-file/packages/dionone/Account/src/Resources/js/Pages/SystemSetup/AccountTypes/Edit.tsx'
    Imported via '@/components/ui/button' from file 'C:/Users/DION-SERVER/Desktop/codecanyon-FOhzjwS6-erpgo-saas-all-in-one-business-erp-with-project-account-hrm-crm-pos/main-file/packages/dionone/Account/src/Resources/js/Pages/SystemSetup/AccountTypes/Index.tsx'
    Imported via "@/components/ui/button" from file 'C:/Users/DION-SERVER/Desktop/codecanyon-FOhzjwS6-erpgo-saas-all-in-one-business-erp-with-project-account-hrm-crm-pos/main-file/packages/dionone/Account/src/Resources/js/Pages/SystemSetup/ExpenseCategories/Create.tsx'
    Imported via "@/components/ui/button" from file 'C:/Users/DION-SERVER/Desktop/codecanyon-FOhzjwS6-erpgo-saas-all-in-one-business-erp-with-project-account-hrm-crm-pos/main-file/packages/dionone/Account/src/Resources/js/Pages/SystemSetup/ExpenseCategories/Edit.tsx'
    Imported via '@/components/ui/button' from file 'C:/Users/DION-SERVER/Desktop/codecanyon-FOhzjwS6-erpgo-saas-all-in-one-business-erp-with-project-account-hrm-crm-pos/main-file/packages/dionone/Account/src/Resources/js/Pages/SystemSetup/ExpenseCategories/Index.tsx'
    Imported via "@/components/ui/button" from file 'C:/Users/DION-SERVER/Desktop/codecanyon-FOhzjwS6-erpgo-saas-all-in-one-business-erp-with-project-account-hrm-crm-pos/main-file/packages/dionone/Account/src/Resources/js/Pages/SystemSetup/RevenueCategories/Create.tsx'
    Imported via "@/components/ui/button" from file 'C:/Users/DION-SERVER/Desktop/codecanyon-FOhzjwS6-erpgo-saas-all-in-one-business-erp-with-project-account-hrm-crm-pos/main-file/packages/dionone/Account/src/Resources/js/Pages/SystemSetup/RevenueCategories/Edit.tsx'
    Imported via '@/components/ui/button' from file 'C:/Users/DION-SERVER/Desktop/codecanyon-FOhzjwS6-erpgo-saas-all-in-one-business-erp-with-project-account-hrm-crm-pos/main-file/packages/dionone/Account/src/Resources/js/Pages/SystemSetup/RevenueCategories/Index.tsx'
    Imported via '@/components/ui/button' from file 'C:/Users/DION-SERVER/Desktop/codecanyon-FOhzjwS6-erpgo-saas-all-in-one-business-erp-with-project-account-hrm-crm-pos/main-file/packages/dionone/Account/src/Resources/js/Pages/VendorPayments/Create.tsx'
    Imported via '@/components/ui/button' from file 'C:/Users/DION-SERVER/Desktop/codecanyon-FOhzjwS6-erpgo-saas-all-in-one-business-erp-with-project-account-hrm-crm-pos/main-file/packages/dionone/Account/src/Resources/js/Pages/VendorPayments/Index.tsx'
    Imported via "@/components/ui/button" from file 'C:/Users/DION-SERVER/Desktop/codecanyon-FOhzjwS6-erpgo-saas-all-in-one-business-erp-with-project-account-hrm-crm-pos/main-file/packages/dionone/Account/src/Resources/js/Pages/Vendors/Create.tsx'
    Imported via "@/components/ui/button" from file 'C:/Users/DION-SERVER/Desktop/codecanyon-FOhzjwS6-erpgo-saas-all-in-one-business-erp-with-project-account-hrm-crm-pos/main-file/packages/dionone/Account/src/Resources/js/Pages/Vendors/Edit.tsx'
    Imported via "@/components/ui/button" from file 'C:/Users/DION-SERVER/Desktop/codecanyon-FOhzjwS6-erpgo-saas-all-in-one-business-erp-with-project-account-hrm-crm-pos/main-file/packages/dionone/Account/src/Resources/js/Pages/Vendors/Index.tsx'
    Imported via "@/components/ui/button" from file 'C:/Users/DION-SERVER/Desktop/codecanyon-FOhzjwS6-erpgo-saas-all-in-one-business-erp-with-project-account-hrm-crm-pos/main-file/packages/dionone/BudgetPlanner/src/Resources/js/Pages/BudgetAllocations/Create.tsx'
    Imported via "@/components/ui/button" from file 'C:/Users/DION-SERVER/Desktop/codecanyon-FOhzjwS6-erpgo-saas-all-in-one-business-erp-with-project-account-hrm-crm-pos/main-file/packages/dionone/BudgetPlanner/src/Resources/js/Pages/BudgetAllocations/Edit.tsx'
    Imported via '@/components/ui/button' from file 'C:/Users/DION-SERVER/Desktop/codecanyon-FOhzjwS6-erpgo-saas-all-in-one-business-erp-with-project-account-hrm-crm-pos/main-file/packages/dionone/BudgetPlanner/src/Resources/js/Pages/BudgetAllocations/Index.tsx'
    Imported via '@/components/ui/button' from file 'C:/Users/DION-SERVER/Desktop/codecanyon-FOhzjwS6-erpgo-saas-all-in-one-business-erp-with-project-account-hrm-crm-pos/main-file/packages/dionone/BudgetPlanner/src/Resources/js/Pages/BudgetMonitorings/Index.tsx'
    Imported via "@/components/ui/button" from file 'C:/Users/DION-SERVER/Desktop/codecanyon-FOhzjwS6-erpgo-saas-all-in-one-business-erp-with-project-account-hrm-crm-pos/main-file/packages/dionone/BudgetPlanner/src/Resources/js/Pages/BudgetPeriods/Create.tsx'
    Imported via "@/components/ui/button" from file 'C:/Users/DION-SERVER/Desktop/codecanyon-FOhzjwS6-erpgo-saas-all-in-one-business-erp-with-project-account-hrm-crm-pos/main-file/packages/dionone/BudgetPlanner/src/Resources/js/Pages/BudgetPeriods/Edit.tsx'
    Imported via '@/components/ui/button' from file 'C:/Users/DION-SERVER/Desktop/codecanyon-FOhzjwS6-erpgo-saas-all-in-one-business-erp-with-project-account-hrm-crm-pos/main-file/packages/dionone/BudgetPlanner/src/Resources/js/Pages/BudgetPeriods/Index.tsx'
    Imported via "@/components/ui/button" from file 'C:/Users/DION-SERVER/Desktop/codecanyon-FOhzjwS6-erpgo-saas-all-in-one-business-erp-with-project-account-hrm-crm-pos/main-file/packages/dionone/BudgetPlanner/src/Resources/js/Pages/Budgets/Create.tsx'
    Imported via "@/components/ui/button" from file 'C:/Users/DION-SERVER/Desktop/codecanyon-FOhzjwS6-erpgo-saas-all-in-one-business-erp-with-project-account-hrm-crm-pos/main-file/packages/dionone/BudgetPlanner/src/Resources/js/Pages/Budgets/Edit.tsx'
    Imported via '@/components/ui/button' from file 'C:/Users/DION-SERVER/Desktop/codecanyon-FOhzjwS6-erpgo-saas-all-in-one-business-erp-with-project-account-hrm-crm-pos/main-file/packages/dionone/BudgetPlanner/src/Resources/js/Pages/Budgets/Index.tsx'
    Imported via '@/components/ui/button' from file 'C:/Users/DION-SERVER/Desktop/codecanyon-FOhzjwS6-erpgo-saas-all-in-one-business-erp-with-project-account-hrm-crm-pos/main-file/packages/dionone/Calendar/src/Resources/js/settings/components/google-calendar-settings.tsx'
    Imported via "@/components/ui/button" from file 'C:/Users/DION-SERVER/Desktop/codecanyon-FOhzjwS6-erpgo-saas-all-in-one-business-erp-with-project-account-hrm-crm-pos/main-file/packages/dionone/Contract/src/Resources/js/Pages/ContractTypes/Create.tsx'
    Imported via "@/components/ui/button" from file 'C:/Users/DION-SERVER/Desktop/codecanyon-FOhzjwS6-erpgo-saas-all-in-one-business-erp-with-project-account-hrm-crm-pos/main-file/packages/dionone/Contract/src/Resources/js/Pages/ContractTypes/Edit.tsx'
    Imported via '@/components/ui/button' from file 'C:/Users/DION-SERVER/Desktop/codecanyon-FOhzjwS6-erpgo-saas-all-in-one-business-erp-with-project-account-hrm-crm-pos/main-file/packages/dionone/Contract/src/Resources/js/Pages/ContractTypes/Index.tsx'
    Imported via "@/components/ui/button" from file 'C:/Users/DION-SERVER/Desktop/codecanyon-FOhzjwS6-erpgo-saas-all-in-one-business-erp-with-project-account-hrm-crm-pos/main-file/packages/dionone/Contract/src/Resources/js/Pages/Contracts/Create.tsx'
    Imported via '@/components/ui/button' from file 'C:/Users/DION-SERVER/Desktop/codecanyon-FOhzjwS6-erpgo-saas-all-in-one-business-erp-with-project-account-hrm-crm-pos/main-file/packages/dionone/Contract/src/Resources/js/Pages/Contracts/Duplicate.tsx'
    Imported via "@/components/ui/button" from file 'C:/Users/DION-SERVER/Desktop/codecanyon-FOhzjwS6-erpgo-saas-all-in-one-business-erp-with-project-account-hrm-crm-pos/main-file/packages/dionone/Contract/src/Resources/js/Pages/Contracts/Edit.tsx'
    Imported via '@/components/ui/button' from file 'C:/Users/DION-SERVER/Desktop/codecanyon-FOhzjwS6-erpgo-saas-all-in-one-business-erp-with-project-account-hrm-crm-pos/main-file/packages/dionone/Contract/src/Resources/js/Pages/Contracts/Index.tsx'
    Imported via '@/components/ui/button' from file 'C:/Users/DION-SERVER/Desktop/codecanyon-FOhzjwS6-erpgo-saas-all-in-one-business-erp-with-project-account-hrm-crm-pos/main-file/packages/dionone/Contract/src/Resources/js/Pages/Contracts/components/DuplicateButton.tsx'
    Imported via "@/components/ui/button" from file 'C:/Users/DION-SERVER/Desktop/codecanyon-FOhzjwS6-erpgo-saas-all-in-one-business-erp-with-project-account-hrm-crm-pos/main-file/packages/dionone/Contract/src/Resources/js/Pages/Contracts/Preview.tsx'
    Imported via "@/components/ui/button" from file 'C:/Users/DION-SERVER/Desktop/codecanyon-FOhzjwS6-erpgo-saas-all-in-one-business-erp-with-project-account-hrm-crm-pos/main-file/packages/dionone/Contract/src/Resources/js/Pages/Contracts/Show.tsx'
    Imported via "@/components/ui/button" from file 'C:/Users/DION-SERVER/Desktop/codecanyon-FOhzjwS6-erpgo-saas-all-in-one-business-erp-with-project-account-hrm-crm-pos/main-file/packages/dionone/Contract/src/Resources/js/Pages/Contracts/components/AttachmentsTab.tsx'
    Imported via "@/components/ui/button" from file 'C:/Users/DION-SERVER/Desktop/codecanyon-FOhzjwS6-erpgo-saas-all-in-one-business-erp-with-project-account-hrm-crm-pos/main-file/packages/dionone/Contract/src/Resources/js/Pages/Contracts/components/CommentsTab.tsx'
    Imported via "@/components/ui/button" from file 'C:/Users/DION-SERVER/Desktop/codecanyon-FOhzjwS6-erpgo-saas-all-in-one-business-erp-with-project-account-hrm-crm-pos/main-file/packages/dionone/Contract/src/Resources/js/Pages/Contracts/components/NotesTab.tsx'
    Imported via "@/components/ui/button" from file 'C:/Users/DION-SERVER/Desktop/codecanyon-FOhzjwS6-erpgo-saas-all-in-one-business-erp-with-project-account-hrm-crm-pos/main-file/packages/dionone/Contract/src/Resources/js/Pages/Contracts/components/RenewalsTab.tsx'
    Imported via '@/components/ui/button' from file 'C:/Users/DION-SERVER/Desktop/codecanyon-FOhzjwS6-erpgo-saas-all-in-one-business-erp-with-project-account-hrm-crm-pos/main-file/packages/dionone/Contract/src/Resources/js/Pages/Contracts/components/SignatureModal.tsx'
    Imported via "@/components/ui/button" from file 'C:/Users/DION-SERVER/Desktop/codecanyon-FOhzjwS6-erpgo-saas-all-in-one-business-erp-with-project-account-hrm-crm-pos/main-file/packages/dionone/Contract/src/Resources/js/Pages/Contracts/components/ContractPDFExport.tsx'
    Imported via '@/components/ui/button' from file 'C:/Users/DION-SERVER/Desktop/codecanyon-FOhzjwS6-erpgo-saas-all-in-one-business-erp-with-project-account-hrm-crm-pos/main-file/packages/dionone/Contract/src/Resources/js/settings/components/contract-settings.tsx'
    Imported via '@/components/ui/button' from file 'C:/Users/DION-SERVER/Desktop/codecanyon-FOhzjwS6-erpgo-saas-all-in-one-business-erp-with-project-account-hrm-crm-pos/main-file/packages/dionone/DoubleEntry/src/Resources/js/Pages/BalanceSheets/Compare.tsx'
    Imported via '@/components/ui/button' from file 'C:/Users/DION-SERVER/Desktop/codecanyon-FOhzjwS6-erpgo-saas-all-in-one-business-erp-with-project-account-hrm-crm-pos/main-file/packages/dionone/DoubleEntry/src/Resources/js/Pages/BalanceSheets/Comparison.tsx'
    Imported via '@/components/ui/button' from file 'C:/Users/DION-SERVER/Desktop/codecanyon-FOhzjwS6-erpgo-saas-all-in-one-business-erp-with-project-account-hrm-crm-pos/main-file/packages/dionone/DoubleEntry/src/Resources/js/Pages/BalanceSheets/Comparisons.tsx'
    Imported via '@/components/ui/button' from file 'C:/Users/DION-SERVER/Desktop/codecanyon-FOhzjwS6-erpgo-saas-all-in-one-business-erp-with-project-account-hrm-crm-pos/main-file/packages/dionone/DoubleEntry/src/Resources/js/Pages/BalanceSheets/Generate.tsx'
    Imported via '@/components/ui/button' from file 'C:/Users/DION-SERVER/Desktop/codecanyon-FOhzjwS6-erpgo-saas-all-in-one-business-erp-with-project-account-hrm-crm-pos/main-file/packages/dionone/DoubleEntry/src/Resources/js/Pages/BalanceSheets/Index.tsx'
    Imported via '@/components/ui/button' from file 'C:/Users/DION-SERVER/Desktop/codecanyon-FOhzjwS6-erpgo-saas-all-in-one-business-erp-with-project-account-hrm-crm-pos/main-file/packages/dionone/DoubleEntry/src/Resources/js/Pages/BalanceSheets/YearEndClose.tsx'
    Imported via '@/components/ui/button' from file 'C:/Users/DION-SERVER/Desktop/codecanyon-FOhzjwS6-erpgo-saas-all-in-one-business-erp-with-project-account-hrm-crm-pos/main-file/packages/dionone/DoubleEntry/src/Resources/js/Pages/BalanceSheets/Note.tsx'
    Imported via '@/components/ui/button' from file 'C:/Users/DION-SERVER/Desktop/codecanyon-FOhzjwS6-erpgo-saas-all-in-one-business-erp-with-project-account-hrm-crm-pos/main-file/packages/dionone/DoubleEntry/src/Resources/js/Pages/BalanceSheets/View.tsx'
    Imported via '@/components/ui/button' from file 'C:/Users/DION-SERVER/Desktop/codecanyon-FOhzjwS6-erpgo-saas-all-in-one-business-erp-with-project-account-hrm-crm-pos/main-file/packages/dionone/DoubleEntry/src/Resources/js/Pages/LedgerSummary/Index.tsx'
    Imported via '@/components/ui/button' from file 'C:/Users/DION-SERVER/Desktop/codecanyon-FOhzjwS6-erpgo-saas-all-in-one-business-erp-with-project-account-hrm-crm-pos/main-file/packages/dionone/DoubleEntry/src/Resources/js/Pages/ProfitLoss/Index.tsx'
    Imported via '@/components/ui/button' from file 'C:/Users/DION-SERVER/Desktop/codecanyon-FOhzjwS6-erpgo-saas-all-in-one-business-erp-with-project-account-hrm-crm-pos/main-file/packages/dionone/DoubleEntry/src/Resources/js/Pages/Reports/AccountBalance.tsx'
    Imported via '@/components/ui/button' from file 'C:/Users/DION-SERVER/Desktop/codecanyon-FOhzjwS6-erpgo-saas-all-in-one-business-erp-with-project-account-hrm-crm-pos/main-file/packages/dionone/DoubleEntry/src/Resources/js/Pages/Reports/AccountStatement.tsx'
    Imported via '@/components/ui/button' from file 'C:/Users/DION-SERVER/Desktop/codecanyon-FOhzjwS6-erpgo-saas-all-in-one-business-erp-with-project-account-hrm-crm-pos/main-file/packages/dionone/DoubleEntry/src/Resources/js/Pages/Reports/CashFlow.tsx'
    Imported via '@/components/ui/button' from file 'C:/Users/DION-SERVER/Desktop/codecanyon-FOhzjwS6-erpgo-saas-all-in-one-business-erp-with-project-account-hrm-crm-pos/main-file/packages/dionone/DoubleEntry/src/Resources/js/Pages/Reports/ExpenseReport.tsx'
    Imported via '@/components/ui/button' from file 'C:/Users/DION-SERVER/Desktop/codecanyon-FOhzjwS6-erpgo-saas-all-in-one-business-erp-with-project-account-hrm-crm-pos/main-file/packages/dionone/DoubleEntry/src/Resources/js/Pages/Reports/GeneralLedger.tsx'
    Imported via '@/components/ui/button' from file 'C:/Users/DION-SERVER/Desktop/codecanyon-FOhzjwS6-erpgo-saas-all-in-one-business-erp-with-project-account-hrm-crm-pos/main-file/packages/dionone/DoubleEntry/src/Resources/js/Pages/Reports/JournalEntry.tsx'
    Imported via '@/components/ui/button' from file 'C:/Users/DION-SERVER/Desktop/codecanyon-FOhzjwS6-erpgo-saas-all-in-one-business-erp-with-project-account-hrm-crm-pos/main-file/packages/dionone/DoubleEntry/src/Resources/js/Pages/TrialBalance/Index.tsx'
    Imported via '@/components/ui/button' from file 'C:/Users/DION-SERVER/Desktop/codecanyon-FOhzjwS6-erpgo-saas-all-in-one-business-erp-with-project-account-hrm-crm-pos/main-file/packages/dionone/FormBuilder/src/Resources/js/Pages/Forms/Conversion.tsx'
    Imported via '@/components/ui/button' from file 'C:/Users/DION-SERVER/Desktop/codecanyon-FOhzjwS6-erpgo-saas-all-in-one-business-erp-with-project-account-hrm-crm-pos/main-file/packages/dionone/FormBuilder/src/Resources/js/components/ConversionSetup.tsx'
    Imported via '@/components/ui/button' from file 'C:/Users/DION-SERVER/Desktop/codecanyon-FOhzjwS6-erpgo-saas-all-in-one-business-erp-with-project-account-hrm-crm-pos/main-file/packages/dionone/FormBuilder/src/Resources/js/Pages/Forms/Create.tsx'
    Imported via '@/components/ui/button' from file 'C:/Users/DION-SERVER/Desktop/codecanyon-FOhzjwS6-erpgo-saas-all-in-one-business-erp-with-project-account-hrm-crm-pos/main-file/packages/dionone/FormBuilder/src/Resources/js/Pages/Forms/Edit.tsx'
    Imported via '@/components/ui/button' from file 'C:/Users/DION-SERVER/Desktop/codecanyon-FOhzjwS6-erpgo-saas-all-in-one-business-erp-with-project-account-hrm-crm-pos/main-file/packages/dionone/FormBuilder/src/Resources/js/Pages/Forms/Index.tsx'
    Imported via '@/components/ui/button' from file 'C:/Users/DION-SERVER/Desktop/codecanyon-FOhzjwS6-erpgo-saas-all-in-one-business-erp-with-project-account-hrm-crm-pos/main-file/packages/dionone/FormBuilder/src/Resources/js/Pages/Forms/Responses.tsx'
    Imported via '@/components/ui/button' from file 'C:/Users/DION-SERVER/Desktop/codecanyon-FOhzjwS6-erpgo-saas-all-in-one-business-erp-with-project-account-hrm-crm-pos/main-file/packages/dionone/FormBuilder/src/Resources/js/Pages/Public/Form.tsx'
    Imported via "@/components/ui/button" from file 'C:/Users/DION-SERVER/Desktop/codecanyon-FOhzjwS6-erpgo-saas-all-in-one-business-erp-with-project-account-hrm-crm-pos/main-file/packages/dionone/Goal/src/Resources/js/Pages/Categories/Create.tsx'
    Imported via "@/components/ui/button" from file 'C:/Users/DION-SERVER/Desktop/codecanyon-FOhzjwS6-erpgo-saas-all-in-one-business-erp-with-project-account-hrm-crm-pos/main-file/packages/dionone/Goal/src/Resources/js/Pages/Categories/Edit.tsx'
    Imported via '@/components/ui/button' from file 'C:/Users/DION-SERVER/Desktop/codecanyon-FOhzjwS6-erpgo-saas-all-in-one-business-erp-with-project-account-hrm-crm-pos/main-file/packages/dionone/Goal/src/Resources/js/Pages/Categories/Index.tsx'
    Imported via '@/components/ui/button' from file 'C:/Users/DION-SERVER/Desktop/codecanyon-FOhzjwS6-erpgo-saas-all-in-one-business-erp-with-project-account-hrm-crm-pos/main-file/packages/dionone/Goal/src/Resources/js/Pages/Contributions/Create.tsx'
    Imported via '@/components/ui/button' from file 'C:/Users/DION-SERVER/Desktop/codecanyon-FOhzjwS6-erpgo-saas-all-in-one-business-erp-with-project-account-hrm-crm-pos/main-file/packages/dionone/Goal/src/Resources/js/Pages/Contributions/Edit.tsx'
    Imported via '@/components/ui/button' from file 'C:/Users/DION-SERVER/Desktop/codecanyon-FOhzjwS6-erpgo-saas-all-in-one-business-erp-with-project-account-hrm-crm-pos/main-file/packages/dionone/Goal/src/Resources/js/Pages/Contributions/Index.tsx'
    Imported via "@/components/ui/button" from file 'C:/Users/DION-SERVER/Desktop/codecanyon-FOhzjwS6-erpgo-saas-all-in-one-business-erp-with-project-account-hrm-crm-pos/main-file/packages/dionone/Goal/src/Resources/js/Pages/Goals/Create.tsx'
    Imported via "@/components/ui/button" from file 'C:/Users/DION-SERVER/Desktop/codecanyon-FOhzjwS6-erpgo-saas-all-in-one-business-erp-with-project-account-hrm-crm-pos/main-file/packages/dionone/Goal/src/Resources/js/Pages/Goals/Edit.tsx'
    Imported via '@/components/ui/button' from file 'C:/Users/DION-SERVER/Desktop/codecanyon-FOhzjwS6-erpgo-saas-all-in-one-business-erp-with-project-account-hrm-crm-pos/main-file/packages/dionone/Goal/src/Resources/js/Pages/Goals/Index.tsx'
    Imported via "@/components/ui/button" from file 'C:/Users/DION-SERVER/Desktop/codecanyon-FOhzjwS6-erpgo-saas-all-in-one-business-erp-with-project-account-hrm-crm-pos/main-file/packages/dionone/Goal/src/Resources/js/Pages/Milestones/Create.tsx'
    Imported via "@/components/ui/button" from file 'C:/Users/DION-SERVER/Desktop/codecanyon-FOhzjwS6-erpgo-saas-all-in-one-business-erp-with-project-account-hrm-crm-pos/main-file/packages/dionone/Goal/src/Resources/js/Pages/Milestones/Edit.tsx'
    Imported via '@/components/ui/button' from file 'C:/Users/DION-SERVER/Desktop/codecanyon-FOhzjwS6-erpgo-saas-all-in-one-business-erp-with-project-account-hrm-crm-pos/main-file/packages/dionone/Goal/src/Resources/js/Pages/Milestones/Index.tsx'
    Imported via "@/components/ui/button" from file 'C:/Users/DION-SERVER/Desktop/codecanyon-FOhzjwS6-erpgo-saas-all-in-one-business-erp-with-project-account-hrm-crm-pos/main-file/packages/dionone/Goal/src/Resources/js/Pages/Tracking/Create.tsx'
    Imported via "@/components/ui/button" from file 'C:/Users/DION-SERVER/Desktop/codecanyon-FOhzjwS6-erpgo-saas-all-in-one-business-erp-with-project-account-hrm-crm-pos/main-file/packages/dionone/Goal/src/Resources/js/Pages/Tracking/Edit.tsx'
    Imported via '@/components/ui/button' from file 'C:/Users/DION-SERVER/Desktop/codecanyon-FOhzjwS6-erpgo-saas-all-in-one-business-erp-with-project-account-hrm-crm-pos/main-file/packages/dionone/Goal/src/Resources/js/Pages/Tracking/Index.tsx'
    Imported via '@/components/ui/button' from file 'C:/Users/DION-SERVER/Desktop/codecanyon-FOhzjwS6-erpgo-saas-all-in-one-business-erp-with-project-account-hrm-crm-pos/main-file/packages/dionone/GoogleCaptcha/src/Resources/js/settings/components/google-captcha-settings.tsx'
    Imported via '@/components/ui/button' from file 'C:/Users/DION-SERVER/Desktop/codecanyon-FOhzjwS6-erpgo-saas-all-in-one-business-erp-with-project-account-hrm-crm-pos/main-file/packages/dionone/Hrm/src/Resources/js/Pages/Index.tsx'
    Imported via "@/components/ui/button" from file 'C:/Users/DION-SERVER/Desktop/codecanyon-FOhzjwS6-erpgo-saas-all-in-one-business-erp-with-project-account-hrm-crm-pos/main-file/packages/dionone/Hrm/src/Resources/js/Pages/Acknowledgments/Create.tsx'
    Imported via "@/components/ui/button" from file 'C:/Users/DION-SERVER/Desktop/codecanyon-FOhzjwS6-erpgo-saas-all-in-one-business-erp-with-project-account-hrm-crm-pos/main-file/packages/dionone/Hrm/src/Resources/js/Pages/Acknowledgments/Edit.tsx'
    Imported via '@/components/ui/button' from file 'C:/Users/DION-SERVER/Desktop/codecanyon-FOhzjwS6-erpgo-saas-all-in-one-business-erp-with-project-account-hrm-crm-pos/main-file/packages/dionone/Hrm/src/Resources/js/Pages/Acknowledgments/Index.tsx'
    Imported via '@/components/ui/button' from file 'C:/Users/DION-SERVER/Desktop/codecanyon-FOhzjwS6-erpgo-saas-all-in-one-business-erp-with-project-account-hrm-crm-pos/main-file/packages/dionone/Hrm/src/Resources/js/Pages/Acknowledgments/StatusModal.tsx'
    Imported via "@/components/ui/button" from file 'C:/Users/DION-SERVER/Desktop/codecanyon-FOhzjwS6-erpgo-saas-all-in-one-business-erp-with-project-account-hrm-crm-pos/main-file/packages/dionone/Hrm/src/Resources/js/Pages/Announcements/Create.tsx'
    Imported via "@/components/ui/button" from file 'C:/Users/DION-SERVER/Desktop/codecanyon-FOhzjwS6-erpgo-saas-all-in-one-business-erp-with-project-account-hrm-crm-pos/main-file/packages/dionone/Hrm/src/Resources/js/Pages/Announcements/Edit.tsx'
    Imported via '@/components/ui/button' from file 'C:/Users/DION-SERVER/Desktop/codecanyon-FOhzjwS6-erpgo-saas-all-in-one-business-erp-with-project-account-hrm-crm-pos/main-file/packages/dionone/Hrm/src/Resources/js/Pages/Announcements/Index.tsx'
    Imported via "@/components/ui/button" from file 'C:/Users/DION-SERVER/Desktop/codecanyon-FOhzjwS6-erpgo-saas-all-in-one-business-erp-with-project-account-hrm-crm-pos/main-file/packages/dionone/Hrm/src/Resources/js/Pages/Announcements/UpdateStatus.tsx'
    Imported via "@/components/ui/button" from file 'C:/Users/DION-SERVER/Desktop/codecanyon-FOhzjwS6-erpgo-saas-all-in-one-business-erp-with-project-account-hrm-crm-pos/main-file/packages/dionone/Hrm/src/Resources/js/Pages/Attendances/Create.tsx'
    Imported via "@/components/ui/button" from file 'C:/Users/DION-SERVER/Desktop/codecanyon-FOhzjwS6-erpgo-saas-all-in-one-business-erp-with-project-account-hrm-crm-pos/main-file/packages/dionone/Hrm/src/Resources/js/Pages/Attendances/Edit.tsx'
    Imported via '@/components/ui/button' from file 'C:/Users/DION-SERVER/Desktop/codecanyon-FOhzjwS6-erpgo-saas-all-in-one-business-erp-with-project-account-hrm-crm-pos/main-file/packages/dionone/Hrm/src/Resources/js/Pages/Attendances/Index.tsx'
    Imported via "@/components/ui/button" from file 'C:/Users/DION-SERVER/Desktop/codecanyon-FOhzjwS6-erpgo-saas-all-in-one-business-erp-with-project-account-hrm-crm-pos/main-file/packages/dionone/Hrm/src/Resources/js/Pages/Awards/Create.tsx'
    Imported via "@/components/ui/button" from file 'C:/Users/DION-SERVER/Desktop/codecanyon-FOhzjwS6-erpgo-saas-all-in-one-business-erp-with-project-account-hrm-crm-pos/main-file/packages/dionone/Hrm/src/Resources/js/Pages/Awards/Edit.tsx'
    Imported via '@/components/ui/button' from file 'C:/Users/DION-SERVER/Desktop/codecanyon-FOhzjwS6-erpgo-saas-all-in-one-business-erp-with-project-account-hrm-crm-pos/main-file/packages/dionone/Hrm/src/Resources/js/Pages/Awards/Index.tsx'
    Imported via '@/components/ui/button' from file 'C:/Users/DION-SERVER/Desktop/codecanyon-FOhzjwS6-erpgo-saas-all-in-one-business-erp-with-project-account-hrm-crm-pos/main-file/packages/dionone/Hrm/src/Resources/js/Pages/Complaints/ComplaintStatus.tsx'
    Imported via "@/components/ui/button" from file 'C:/Users/DION-SERVER/Desktop/codecanyon-FOhzjwS6-erpgo-saas-all-in-one-business-erp-with-project-account-hrm-crm-pos/main-file/packages/dionone/Hrm/src/Resources/js/Pages/Complaints/Create.tsx'
    Imported via "@/components/ui/button" from file 'C:/Users/DION-SERVER/Desktop/codecanyon-FOhzjwS6-erpgo-saas-all-in-one-business-erp-with-project-account-hrm-crm-pos/main-file/packages/dionone/Hrm/src/Resources/js/Pages/Complaints/Edit.tsx'
    Imported via '@/components/ui/button' from file 'C:/Users/DION-SERVER/Desktop/codecanyon-FOhzjwS6-erpgo-saas-all-in-one-business-erp-with-project-account-hrm-crm-pos/main-file/packages/dionone/Hrm/src/Resources/js/Pages/Complaints/Index.tsx'
    Imported via '@/components/ui/button' from file 'C:/Users/DION-SERVER/Desktop/codecanyon-FOhzjwS6-erpgo-saas-all-in-one-business-erp-with-project-account-hrm-crm-pos/main-file/packages/dionone/Hrm/src/Resources/js/Pages/Dashboard/company-dashboard.tsx'
    Imported via '@/components/ui/button' from file 'C:/Users/DION-SERVER/Desktop/codecanyon-FOhzjwS6-erpgo-saas-all-in-one-business-erp-with-project-account-hrm-crm-pos/main-file/packages/dionone/Hrm/src/Resources/js/Pages/Dashboard/employee-dashboard.tsx'
    Imported via "@/components/ui/button" from file 'C:/Users/DION-SERVER/Desktop/codecanyon-FOhzjwS6-erpgo-saas-all-in-one-business-erp-with-project-account-hrm-crm-pos/main-file/packages/dionone/Hrm/src/Resources/js/Pages/EmployeeTransfers/Create.tsx'
    Imported via "@/components/ui/button" from file 'C:/Users/DION-SERVER/Desktop/codecanyon-FOhzjwS6-erpgo-saas-all-in-one-business-erp-with-project-account-hrm-crm-pos/main-file/packages/dionone/Hrm/src/Resources/js/Pages/EmployeeTransfers/Edit.tsx'
    Imported via '@/components/ui/button' from file 'C:/Users/DION-SERVER/Desktop/codecanyon-FOhzjwS6-erpgo-saas-all-in-one-business-erp-with-project-account-hrm-crm-pos/main-file/packages/dionone/Hrm/src/Resources/js/Pages/EmployeeTransfers/Index.tsx'
    Imported via '@/components/ui/button' from file 'C:/Users/DION-SERVER/Desktop/codecanyon-FOhzjwS6-erpgo-saas-all-in-one-business-erp-with-project-account-hrm-crm-pos/main-file/packages/dionone/Hrm/src/Resources/js/Pages/EmployeeTransfers/View.tsx'
    Imported via '@/components/ui/button' from file 'C:/Users/DION-SERVER/Desktop/codecanyon-FOhzjwS6-erpgo-saas-all-in-one-business-erp-with-project-account-hrm-crm-pos/main-file/packages/dionone/Hrm/src/Resources/js/Pages/EmployeeTransfers/StatusModal.tsx'
    Imported via "@/components/ui/button" from file 'C:/Users/DION-SERVER/Desktop/codecanyon-FOhzjwS6-erpgo-saas-all-in-one-business-erp-with-project-account-hrm-crm-pos/main-file/packages/dionone/Hrm/src/Resources/js/Pages/Employees/Create.tsx'
    Imported via "@/components/ui/button" from file 'C:/Users/DION-SERVER/Desktop/codecanyon-FOhzjwS6-erpgo-saas-all-in-one-business-erp-with-project-account-hrm-crm-pos/main-file/packages/dionone/Hrm/src/Resources/js/Pages/Employees/Edit.tsx'
    Imported via '@/components/ui/button' from file 'C:/Users/DION-SERVER/Desktop/codecanyon-FOhzjwS6-erpgo-saas-all-in-one-business-erp-with-project-account-hrm-crm-pos/main-file/packages/dionone/Hrm/src/Resources/js/Pages/Employees/Index.tsx'
    Imported via "@/components/ui/button" from file 'C:/Users/DION-SERVER/Desktop/codecanyon-FOhzjwS6-erpgo-saas-all-in-one-business-erp-with-project-account-hrm-crm-pos/main-file/packages/dionone/Hrm/src/Resources/js/Pages/Events/Calendar.tsx'
    Imported via "@/components/ui/button" from file 'C:/Users/DION-SERVER/Desktop/codecanyon-FOhzjwS6-erpgo-saas-all-in-one-business-erp-with-project-account-hrm-crm-pos/main-file/packages/dionone/Hrm/src/Resources/js/Pages/Events/Create.tsx'
    Imported via "@/components/ui/button" from file 'C:/Users/DION-SERVER/Desktop/codecanyon-FOhzjwS6-erpgo-saas-all-in-one-business-erp-with-project-account-hrm-crm-pos/main-file/packages/dionone/Hrm/src/Resources/js/Pages/Events/Edit.tsx'
    Imported via '@/components/ui/button' from file 'C:/Users/DION-SERVER/Desktop/codecanyon-FOhzjwS6-erpgo-saas-all-in-one-business-erp-with-project-account-hrm-crm-pos/main-file/packages/dionone/Hrm/src/Resources/js/Pages/Events/Index.tsx'
    Imported via "@/components/ui/button" from file 'C:/Users/DION-SERVER/Desktop/codecanyon-FOhzjwS6-erpgo-saas-all-in-one-business-erp-with-project-account-hrm-crm-pos/main-file/packages/dionone/Hrm/src/Resources/js/Pages/Events/StatusUpdate.tsx'
    Imported via "@/components/ui/button" from file 'C:/Users/DION-SERVER/Desktop/codecanyon-FOhzjwS6-erpgo-saas-all-in-one-business-erp-with-project-account-hrm-crm-pos/main-file/packages/dionone/Hrm/src/Resources/js/Pages/Holidays/Create.tsx'
    Imported via "@/components/ui/button" from file 'C:/Users/DION-SERVER/Desktop/codecanyon-FOhzjwS6-erpgo-saas-all-in-one-business-erp-with-project-account-hrm-crm-pos/main-file/packages/dionone/Hrm/src/Resources/js/Pages/Holidays/Edit.tsx'
    Imported via '@/components/ui/button' from file 'C:/Users/DION-SERVER/Desktop/codecanyon-FOhzjwS6-erpgo-saas-all-in-one-business-erp-with-project-account-hrm-crm-pos/main-file/packages/dionone/Hrm/src/Resources/js/Pages/Holidays/Index.tsx'
    Imported via "@/components/ui/button" from file 'C:/Users/DION-SERVER/Desktop/codecanyon-FOhzjwS6-erpgo-saas-all-in-one-business-erp-with-project-account-hrm-crm-pos/main-file/packages/dionone/Hrm/src/Resources/js/Pages/HrmDocuments/Action.tsx'
    Imported via "@/components/ui/button" from file 'C:/Users/DION-SERVER/Desktop/codecanyon-FOhzjwS6-erpgo-saas-all-in-one-business-erp-with-project-account-hrm-crm-pos/main-file/packages/dionone/Hrm/src/Resources/js/Pages/HrmDocuments/Create.tsx'
    Imported via "@/components/ui/button" from file 'C:/Users/DION-SERVER/Desktop/codecanyon-FOhzjwS6-erpgo-saas-all-in-one-business-erp-with-project-account-hrm-crm-pos/main-file/packages/dionone/Hrm/src/Resources/js/Pages/HrmDocuments/Edit.tsx'
    Imported via '@/components/ui/button' from file 'C:/Users/DION-SERVER/Desktop/codecanyon-FOhzjwS6-erpgo-saas-all-in-one-business-erp-with-project-account-hrm-crm-pos/main-file/packages/dionone/Hrm/src/Resources/js/Pages/HrmDocuments/Index.tsx'
    Imported via "@/components/ui/button" from file 'C:/Users/DION-SERVER/Desktop/codecanyon-FOhzjwS6-erpgo-saas-all-in-one-business-erp-with-project-account-hrm-crm-pos/main-file/packages/dionone/Hrm/src/Resources/js/Pages/LeaveApplications/Create.tsx'
    Imported via "@/components/ui/button" from file 'C:/Users/DION-SERVER/Desktop/codecanyon-FOhzjwS6-erpgo-saas-all-in-one-business-erp-with-project-account-hrm-crm-pos/main-file/packages/dionone/Hrm/src/Resources/js/Pages/LeaveApplications/Edit.tsx'
    Imported via '@/components/ui/button' from file 'C:/Users/DION-SERVER/Desktop/codecanyon-FOhzjwS6-erpgo-saas-all-in-one-business-erp-with-project-account-hrm-crm-pos/main-file/packages/dionone/Hrm/src/Resources/js/Pages/LeaveApplications/Index.tsx'
    Imported via "@/components/ui/button" from file 'C:/Users/DION-SERVER/Desktop/codecanyon-FOhzjwS6-erpgo-saas-all-in-one-business-erp-with-project-account-hrm-crm-pos/main-file/packages/dionone/Hrm/src/Resources/js/Pages/LeaveApplications/StatusUpdate.tsx'
    Imported via "@/components/ui/button" from file 'C:/Users/DION-SERVER/Desktop/codecanyon-FOhzjwS6-erpgo-saas-all-in-one-business-erp-with-project-account-hrm-crm-pos/main-file/packages/dionone/Hrm/src/Resources/js/Pages/LeaveTypes/Create.tsx'
    Imported via "@/components/ui/button" from file 'C:/Users/DION-SERVER/Desktop/codecanyon-FOhzjwS6-erpgo-saas-all-in-one-business-erp-with-project-account-hrm-crm-pos/main-file/packages/dionone/Hrm/src/Resources/js/Pages/LeaveTypes/Edit.tsx'
    Imported via '@/components/ui/button' from file 'C:/Users/DION-SERVER/Desktop/codecanyon-FOhzjwS6-erpgo-saas-all-in-one-business-erp-with-project-account-hrm-crm-pos/main-file/packages/dionone/Hrm/src/Resources/js/Pages/LeaveTypes/Index.tsx'
    Imported via "@/components/ui/button" from file 'C:/Users/DION-SERVER/Desktop/codecanyon-FOhzjwS6-erpgo-saas-all-in-one-business-erp-with-project-account-hrm-crm-pos/main-file/packages/dionone/Hrm/src/Resources/js/Pages/Payrolls/Create.tsx'
    Imported via "@/components/ui/button" from file 'C:/Users/DION-SERVER/Desktop/codecanyon-FOhzjwS6-erpgo-saas-all-in-one-business-erp-with-project-account-hrm-crm-pos/main-file/packages/dionone/Hrm/src/Resources/js/Pages/Payrolls/Edit.tsx'
    Imported via '@/components/ui/button' from file 'C:/Users/DION-SERVER/Desktop/codecanyon-FOhzjwS6-erpgo-saas-all-in-one-business-erp-with-project-account-hrm-crm-pos/main-file/packages/dionone/Hrm/src/Resources/js/Pages/Payrolls/Index.tsx'
    Imported via "@/components/ui/button" from file 'C:/Users/DION-SERVER/Desktop/codecanyon-FOhzjwS6-erpgo-saas-all-in-one-business-erp-with-project-account-hrm-crm-pos/main-file/packages/dionone/Hrm/src/Resources/js/Pages/Payrolls/Show.tsx'
    Imported via "@/components/ui/button" from file 'C:/Users/DION-SERVER/Desktop/codecanyon-FOhzjwS6-erpgo-saas-all-in-one-business-erp-with-project-account-hrm-crm-pos/main-file/packages/dionone/Hrm/src/Resources/js/Pages/Promotions/Create.tsx'
    Imported via "@/components/ui/button" from file 'C:/Users/DION-SERVER/Desktop/codecanyon-FOhzjwS6-erpgo-saas-all-in-one-business-erp-with-project-account-hrm-crm-pos/main-file/packages/dionone/Hrm/src/Resources/js/Pages/Promotions/Edit.tsx'
    Imported via '@/components/ui/button' from file 'C:/Users/DION-SERVER/Desktop/codecanyon-FOhzjwS6-erpgo-saas-all-in-one-business-erp-with-project-account-hrm-crm-pos/main-file/packages/dionone/Hrm/src/Resources/js/Pages/Promotions/Index.tsx'
    Imported via '@/components/ui/button' from file 'C:/Users/DION-SERVER/Desktop/codecanyon-FOhzjwS6-erpgo-saas-all-in-one-business-erp-with-project-account-hrm-crm-pos/main-file/packages/dionone/Hrm/src/Resources/js/Pages/Promotions/View.tsx'
    Imported via '@/components/ui/button' from file 'C:/Users/DION-SERVER/Desktop/codecanyon-FOhzjwS6-erpgo-saas-all-in-one-business-erp-with-project-account-hrm-crm-pos/main-file/packages/dionone/Hrm/src/Resources/js/Pages/Promotions/StatusUpdateModal.tsx'
    Imported via "@/components/ui/button" from file 'C:/Users/DION-SERVER/Desktop/codecanyon-FOhzjwS6-erpgo-saas-all-in-one-business-erp-with-project-account-hrm-crm-pos/main-file/packages/dionone/Hrm/src/Resources/js/Pages/Resignations/Create.tsx'
    Imported via "@/components/ui/button" from file 'C:/Users/DION-SERVER/Desktop/codecanyon-FOhzjwS6-erpgo-saas-all-in-one-business-erp-with-project-account-hrm-crm-pos/main-file/packages/dionone/Hrm/src/Resources/js/Pages/Resignations/Edit.tsx'
    Imported via '@/components/ui/button' from file 'C:/Users/DION-SERVER/Desktop/codecanyon-FOhzjwS6-erpgo-saas-all-in-one-business-erp-with-project-account-hrm-crm-pos/main-file/packages/dionone/Hrm/src/Resources/js/Pages/Resignations/Index.tsx'
    Imported via '@/components/ui/button' from file 'C:/Users/DION-SERVER/Desktop/codecanyon-FOhzjwS6-erpgo-saas-all-in-one-business-erp-with-project-account-hrm-crm-pos/main-file/packages/dionone/Hrm/src/Resources/js/Pages/Resignations/ResignationStatusModal.tsx'
    Imported via '@/components/ui/button' from file 'C:/Users/DION-SERVER/Desktop/codecanyon-FOhzjwS6-erpgo-saas-all-in-one-business-erp-with-project-account-hrm-crm-pos/main-file/packages/dionone/Hrm/src/Resources/js/Pages/Resignations/View.tsx'
    Imported via '@/components/ui/button' from file 'C:/Users/DION-SERVER/Desktop/codecanyon-FOhzjwS6-erpgo-saas-all-in-one-business-erp-with-project-account-hrm-crm-pos/main-file/packages/dionone/Hrm/src/Resources/js/Pages/SetSalary/Index.tsx'
    Imported via '@/components/ui/button' from file 'C:/Users/DION-SERVER/Desktop/codecanyon-FOhzjwS6-erpgo-saas-all-in-one-business-erp-with-project-account-hrm-crm-pos/main-file/packages/dionone/Hrm/src/Resources/js/Pages/SetSalary/Show.tsx'
    Imported via "@/components/ui/button" from file 'C:/Users/DION-SERVER/Desktop/codecanyon-FOhzjwS6-erpgo-saas-all-in-one-business-erp-with-project-account-hrm-crm-pos/main-file/packages/dionone/Hrm/src/Resources/js/Pages/SetSalary/Allowances/Create.tsx'
    Imported via "@/components/ui/button" from file 'C:/Users/DION-SERVER/Desktop/codecanyon-FOhzjwS6-erpgo-saas-all-in-one-business-erp-with-project-account-hrm-crm-pos/main-file/packages/dionone/Hrm/src/Resources/js/Pages/SetSalary/Allowances/Edit.tsx'
    Imported via '@/components/ui/button' from file 'C:/Users/DION-SERVER/Desktop/codecanyon-FOhzjwS6-erpgo-saas-all-in-one-business-erp-with-project-account-hrm-crm-pos/main-file/packages/dionone/Hrm/src/Resources/js/Pages/SetSalary/Deductions/Create.tsx'
    Imported via '@/components/ui/button' from file 'C:/Users/DION-SERVER/Desktop/codecanyon-FOhzjwS6-erpgo-saas-all-in-one-business-erp-with-project-account-hrm-crm-pos/main-file/packages/dionone/Hrm/src/Resources/js/Pages/SetSalary/Deductions/Edit.tsx'
    Imported via '@/components/ui/button' from file 'C:/Users/DION-SERVER/Desktop/codecanyon-FOhzjwS6-erpgo-saas-all-in-one-business-erp-with-project-account-hrm-crm-pos/main-file/packages/dionone/Hrm/src/Resources/js/Pages/SetSalary/Loans/Create.tsx'
    Imported via '@/components/ui/button' from file 'C:/Users/DION-SERVER/Desktop/codecanyon-FOhzjwS6-erpgo-saas-all-in-one-business-erp-with-project-account-hrm-crm-pos/main-file/packages/dionone/Hrm/src/Resources/js/Pages/SetSalary/Loans/Edit.tsx'
    Imported via '@/components/ui/button' from file 'C:/Users/DION-SERVER/Desktop/codecanyon-FOhzjwS6-erpgo-saas-all-in-one-business-erp-with-project-account-hrm-crm-pos/main-file/packages/dionone/Hrm/src/Resources/js/Pages/SetSalary/Overtimes/Create.tsx'
    Imported via '@/components/ui/button' from file 'C:/Users/DION-SERVER/Desktop/codecanyon-FOhzjwS6-erpgo-saas-all-in-one-business-erp-with-project-account-hrm-crm-pos/main-file/packages/dionone/Hrm/src/Resources/js/Pages/SetSalary/Overtimes/Edit.tsx'
    Imported via "@/components/ui/button" from file 'C:/Users/DION-SERVER/Desktop/codecanyon-FOhzjwS6-erpgo-saas-all-in-one-business-erp-with-project-account-hrm-crm-pos/main-file/packages/dionone/Hrm/src/Resources/js/Pages/Shifts/Create.tsx'
    Imported via "@/components/ui/button" from file 'C:/Users/DION-SERVER/Desktop/codecanyon-FOhzjwS6-erpgo-saas-all-in-one-business-erp-with-project-account-hrm-crm-pos/main-file/packages/dionone/Hrm/src/Resources/js/Pages/Shifts/Edit.tsx'
    Imported via '@/components/ui/button' from file 'C:/Users/DION-SERVER/Desktop/codecanyon-FOhzjwS6-erpgo-saas-all-in-one-business-erp-with-project-account-hrm-crm-pos/main-file/packages/dionone/Hrm/src/Resources/js/Pages/Shifts/Index.tsx'
    Imported via "@/components/ui/button" from file 'C:/Users/DION-SERVER/Desktop/codecanyon-FOhzjwS6-erpgo-saas-all-in-one-business-erp-with-project-account-hrm-crm-pos/main-file/packages/dionone/Hrm/src/Resources/js/Pages/SystemSetup/SystemSetupSidebar.tsx'
    Imported via "@/components/ui/button" from file 'C:/Users/DION-SERVER/Desktop/codecanyon-FOhzjwS6-erpgo-saas-all-in-one-business-erp-with-project-account-hrm-crm-pos/main-file/packages/dionone/Hrm/src/Resources/js/Pages/SystemSetup/AllowanceTypes/Create.tsx'
    Imported via "@/components/ui/button" from file 'C:/Users/DION-SERVER/Desktop/codecanyon-FOhzjwS6-erpgo-saas-all-in-one-business-erp-with-project-account-hrm-crm-pos/main-file/packages/dionone/Hrm/src/Resources/js/Pages/SystemSetup/AllowanceTypes/Edit.tsx'
    Imported via '@/components/ui/button' from file 'C:/Users/DION-SERVER/Desktop/codecanyon-FOhzjwS6-erpgo-saas-all-in-one-business-erp-with-project-account-hrm-crm-pos/main-file/packages/dionone/Hrm/src/Resources/js/Pages/SystemSetup/AllowanceTypes/Index.tsx'
    Imported via "@/components/ui/button" from file 'C:/Users/DION-SERVER/Desktop/codecanyon-FOhzjwS6-erpgo-saas-all-in-one-business-erp-with-project-account-hrm-crm-pos/main-file/packages/dionone/Hrm/src/Resources/js/Pages/SystemSetup/AnnouncementCategories/Create.tsx'
    Imported via "@/components/ui/button" from file 'C:/Users/DION-SERVER/Desktop/codecanyon-FOhzjwS6-erpgo-saas-all-in-one-business-erp-with-project-account-hrm-crm-pos/main-file/packages/dionone/Hrm/src/Resources/js/Pages/SystemSetup/AnnouncementCategories/Edit.tsx'
    Imported via '@/components/ui/button' from file 'C:/Users/DION-SERVER/Desktop/codecanyon-FOhzjwS6-erpgo-saas-all-in-one-business-erp-with-project-account-hrm-crm-pos/main-file/packages/dionone/Hrm/src/Resources/js/Pages/SystemSetup/AnnouncementCategories/Index.tsx'
    Imported via "@/components/ui/button" from file 'C:/Users/DION-SERVER/Desktop/codecanyon-FOhzjwS6-erpgo-saas-all-in-one-business-erp-with-project-account-hrm-crm-pos/main-file/packages/dionone/Hrm/src/Resources/js/Pages/SystemSetup/AwardTypes/Create.tsx'
    Imported via "@/components/ui/button" from file 'C:/Users/DION-SERVER/Desktop/codecanyon-FOhzjwS6-erpgo-saas-all-in-one-business-erp-with-project-account-hrm-crm-pos/main-file/packages/dionone/Hrm/src/Resources/js/Pages/SystemSetup/AwardTypes/Edit.tsx'
    Imported via '@/components/ui/button' from file 'C:/Users/DION-SERVER/Desktop/codecanyon-FOhzjwS6-erpgo-saas-all-in-one-business-erp-with-project-account-hrm-crm-pos/main-file/packages/dionone/Hrm/src/Resources/js/Pages/SystemSetup/AwardTypes/Index.tsx'
    Imported via "@/components/ui/button" from file 'C:/Users/DION-SERVER/Desktop/codecanyon-FOhzjwS6-erpgo-saas-all-in-one-business-erp-with-project-account-hrm-crm-pos/main-file/packages/dionone/Hrm/src/Resources/js/Pages/SystemSetup/Branches/Create.tsx'
    Imported via "@/components/ui/button" from file 'C:/Users/DION-SERVER/Desktop/codecanyon-FOhzjwS6-erpgo-saas-all-in-one-business-erp-with-project-account-hrm-crm-pos/main-file/packages/dionone/Hrm/src/Resources/js/Pages/SystemSetup/Branches/Edit.tsx'
    Imported via '@/components/ui/button' from file 'C:/Users/DION-SERVER/Desktop/codecanyon-FOhzjwS6-erpgo-saas-all-in-one-business-erp-with-project-account-hrm-crm-pos/main-file/packages/dionone/Hrm/src/Resources/js/Pages/SystemSetup/Branches/Index.tsx'
    Imported via "@/components/ui/button" from file 'C:/Users/DION-SERVER/Desktop/codecanyon-FOhzjwS6-erpgo-saas-all-in-one-business-erp-with-project-account-hrm-crm-pos/main-file/packages/dionone/Hrm/src/Resources/js/Pages/SystemSetup/ComplaintTypes/Create.tsx'
    Imported via "@/components/ui/button" from file 'C:/Users/DION-SERVER/Desktop/codecanyon-FOhzjwS6-erpgo-saas-all-in-one-business-erp-with-project-account-hrm-crm-pos/main-file/packages/dionone/Hrm/src/Resources/js/Pages/SystemSetup/ComplaintTypes/Edit.tsx'
    Imported via '@/components/ui/button' from file 'C:/Users/DION-SERVER/Desktop/codecanyon-FOhzjwS6-erpgo-saas-all-in-one-business-erp-with-project-account-hrm-crm-pos/main-file/packages/dionone/Hrm/src/Resources/js/Pages/SystemSetup/ComplaintTypes/Index.tsx'
    Imported via "@/components/ui/button" from file 'C:/Users/DION-SERVER/Desktop/codecanyon-FOhzjwS6-erpgo-saas-all-in-one-business-erp-with-project-account-hrm-crm-pos/main-file/packages/dionone/Hrm/src/Resources/js/Pages/SystemSetup/DeductionTypes/Create.tsx'
    Imported via "@/components/ui/button" from file 'C:/Users/DION-SERVER/Desktop/codecanyon-FOhzjwS6-erpgo-saas-all-in-one-business-erp-with-project-account-hrm-crm-pos/main-file/packages/dionone/Hrm/src/Resources/js/Pages/SystemSetup/DeductionTypes/Edit.tsx'
    Imported via '@/components/ui/button' from file 'C:/Users/DION-SERVER/Desktop/codecanyon-FOhzjwS6-erpgo-saas-all-in-one-business-erp-with-project-account-hrm-crm-pos/main-file/packages/dionone/Hrm/src/Resources/js/Pages/SystemSetup/DeductionTypes/Index.tsx'
    Imported via "@/components/ui/button" from file 'C:/Users/DION-SERVER/Desktop/codecanyon-FOhzjwS6-erpgo-saas-all-in-one-business-erp-with-project-account-hrm-crm-pos/main-file/packages/dionone/Hrm/src/Resources/js/Pages/SystemSetup/Departments/Create.tsx'
    Imported via "@/components/ui/button" from file 'C:/Users/DION-SERVER/Desktop/codecanyon-FOhzjwS6-erpgo-saas-all-in-one-business-erp-with-project-account-hrm-crm-pos/main-file/packages/dionone/Hrm/src/Resources/js/Pages/SystemSetup/Departments/Edit.tsx'
    Imported via '@/components/ui/button' from file 'C:/Users/DION-SERVER/Desktop/codecanyon-FOhzjwS6-erpgo-saas-all-in-one-business-erp-with-project-account-hrm-crm-pos/main-file/packages/dionone/Hrm/src/Resources/js/Pages/SystemSetup/Departments/Index.tsx'
    Imported via "@/components/ui/button" from file 'C:/Users/DION-SERVER/Desktop/codecanyon-FOhzjwS6-erpgo-saas-all-in-one-business-erp-with-project-account-hrm-crm-pos/main-file/packages/dionone/Hrm/src/Resources/js/Pages/SystemSetup/Designations/Create.tsx'
    Imported via "@/components/ui/button" from file 'C:/Users/DION-SERVER/Desktop/codecanyon-FOhzjwS6-erpgo-saas-all-in-one-business-erp-with-project-account-hrm-crm-pos/main-file/packages/dionone/Hrm/src/Resources/js/Pages/SystemSetup/Designations/Edit.tsx'
    Imported via '@/components/ui/button' from file 'C:/Users/DION-SERVER/Desktop/codecanyon-FOhzjwS6-erpgo-saas-all-in-one-business-erp-with-project-account-hrm-crm-pos/main-file/packages/dionone/Hrm/src/Resources/js/Pages/SystemSetup/Designations/Index.tsx'
    Imported via "@/components/ui/button" from file 'C:/Users/DION-SERVER/Desktop/codecanyon-FOhzjwS6-erpgo-saas-all-in-one-business-erp-with-project-account-hrm-crm-pos/main-file/packages/dionone/Hrm/src/Resources/js/Pages/SystemSetup/DocumentCategories/Create.tsx'
    Imported via "@/components/ui/button" from file 'C:/Users/DION-SERVER/Desktop/codecanyon-FOhzjwS6-erpgo-saas-all-in-one-business-erp-with-project-account-hrm-crm-pos/main-file/packages/dionone/Hrm/src/Resources/js/Pages/SystemSetup/DocumentCategories/Edit.tsx'
    Imported via '@/components/ui/button' from file 'C:/Users/DION-SERVER/Desktop/codecanyon-FOhzjwS6-erpgo-saas-all-in-one-business-erp-with-project-account-hrm-crm-pos/main-file/packages/dionone/Hrm/src/Resources/js/Pages/SystemSetup/DocumentCategories/Index.tsx'
    Imported via "@/components/ui/button" from file 'C:/Users/DION-SERVER/Desktop/codecanyon-FOhzjwS6-erpgo-saas-all-in-one-business-erp-with-project-account-hrm-crm-pos/main-file/packages/dionone/Hrm/src/Resources/js/Pages/SystemSetup/EmployeeDocumentTypes/Create.tsx'
    Imported via "@/components/ui/button" from file 'C:/Users/DION-SERVER/Desktop/codecanyon-FOhzjwS6-erpgo-saas-all-in-one-business-erp-with-project-account-hrm-crm-pos/main-file/packages/dionone/Hrm/src/Resources/js/Pages/SystemSetup/EmployeeDocumentTypes/Edit.tsx'
    Imported via '@/components/ui/button' from file 'C:/Users/DION-SERVER/Desktop/codecanyon-FOhzjwS6-erpgo-saas-all-in-one-business-erp-with-project-account-hrm-crm-pos/main-file/packages/dionone/Hrm/src/Resources/js/Pages/SystemSetup/EmployeeDocumentTypes/Index.tsx'
    Imported via "@/components/ui/button" from file 'C:/Users/DION-SERVER/Desktop/codecanyon-FOhzjwS6-erpgo-saas-all-in-one-business-erp-with-project-account-hrm-crm-pos/main-file/packages/dionone/Hrm/src/Resources/js/Pages/SystemSetup/EventTypes/Create.tsx'
    Imported via "@/components/ui/button" from file 'C:/Users/DION-SERVER/Desktop/codecanyon-FOhzjwS6-erpgo-saas-all-in-one-business-erp-with-project-account-hrm-crm-pos/main-file/packages/dionone/Hrm/src/Resources/js/Pages/SystemSetup/EventTypes/Edit.tsx'
    Imported via '@/components/ui/button' from file 'C:/Users/DION-SERVER/Desktop/codecanyon-FOhzjwS6-erpgo-saas-all-in-one-business-erp-with-project-account-hrm-crm-pos/main-file/packages/dionone/Hrm/src/Resources/js/Pages/SystemSetup/EventTypes/Index.tsx'
    Imported via "@/components/ui/button" from file 'C:/Users/DION-SERVER/Desktop/codecanyon-FOhzjwS6-erpgo-saas-all-in-one-business-erp-with-project-account-hrm-crm-pos/main-file/packages/dionone/Hrm/src/Resources/js/Pages/SystemSetup/HolidayTypes/Create.tsx'
    Imported via "@/components/ui/button" from file 'C:/Users/DION-SERVER/Desktop/codecanyon-FOhzjwS6-erpgo-saas-all-in-one-business-erp-with-project-account-hrm-crm-pos/main-file/packages/dionone/Hrm/src/Resources/js/Pages/SystemSetup/HolidayTypes/Edit.tsx'
    Imported via '@/components/ui/button' from file 'C:/Users/DION-SERVER/Desktop/codecanyon-FOhzjwS6-erpgo-saas-all-in-one-business-erp-with-project-account-hrm-crm-pos/main-file/packages/dionone/Hrm/src/Resources/js/Pages/SystemSetup/HolidayTypes/Index.tsx'
    Imported via "@/components/ui/button" from file 'C:/Users/DION-SERVER/Desktop/codecanyon-FOhzjwS6-erpgo-saas-all-in-one-business-erp-with-project-account-hrm-crm-pos/main-file/packages/dionone/Hrm/src/Resources/js/Pages/SystemSetup/IpRestricts/Create.tsx'
    Imported via "@/components/ui/button" from file 'C:/Users/DION-SERVER/Desktop/codecanyon-FOhzjwS6-erpgo-saas-all-in-one-business-erp-with-project-account-hrm-crm-pos/main-file/packages/dionone/Hrm/src/Resources/js/Pages/SystemSetup/IpRestricts/Edit.tsx'
    Imported via '@/components/ui/button' from file 'C:/Users/DION-SERVER/Desktop/codecanyon-FOhzjwS6-erpgo-saas-all-in-one-business-erp-with-project-account-hrm-crm-pos/main-file/packages/dionone/Hrm/src/Resources/js/Pages/SystemSetup/IpRestricts/Index.tsx'
    Imported via "@/components/ui/button" from file 'C:/Users/DION-SERVER/Desktop/codecanyon-FOhzjwS6-erpgo-saas-all-in-one-business-erp-with-project-account-hrm-crm-pos/main-file/packages/dionone/Hrm/src/Resources/js/Pages/SystemSetup/LoanTypes/Create.tsx'
    Imported via "@/components/ui/button" from file 'C:/Users/DION-SERVER/Desktop/codecanyon-FOhzjwS6-erpgo-saas-all-in-one-business-erp-with-project-account-hrm-crm-pos/main-file/packages/dionone/Hrm/src/Resources/js/Pages/SystemSetup/LoanTypes/Edit.tsx'
    Imported via '@/components/ui/button' from file 'C:/Users/DION-SERVER/Desktop/codecanyon-FOhzjwS6-erpgo-saas-all-in-one-business-erp-with-project-account-hrm-crm-pos/main-file/packages/dionone/Hrm/src/Resources/js/Pages/SystemSetup/LoanTypes/Index.tsx'
    Imported via "@/components/ui/button" from file 'C:/Users/DION-SERVER/Desktop/codecanyon-FOhzjwS6-erpgo-saas-all-in-one-business-erp-with-project-account-hrm-crm-pos/main-file/packages/dionone/Hrm/src/Resources/js/Pages/SystemSetup/TerminationTypes/Create.tsx'
    Imported via "@/components/ui/button" from file 'C:/Users/DION-SERVER/Desktop/codecanyon-FOhzjwS6-erpgo-saas-all-in-one-business-erp-with-project-account-hrm-crm-pos/main-file/packages/dionone/Hrm/src/Resources/js/Pages/SystemSetup/TerminationTypes/Edit.tsx'
    Imported via '@/components/ui/button' from file 'C:/Users/DION-SERVER/Desktop/codecanyon-FOhzjwS6-erpgo-saas-all-in-one-business-erp-with-project-account-hrm-crm-pos/main-file/packages/dionone/Hrm/src/Resources/js/Pages/SystemSetup/TerminationTypes/Index.tsx'
    Imported via "@/components/ui/button" from file 'C:/Users/DION-SERVER/Desktop/codecanyon-FOhzjwS6-erpgo-saas-all-in-one-business-erp-with-project-account-hrm-crm-pos/main-file/packages/dionone/Hrm/src/Resources/js/Pages/SystemSetup/WarningTypes/Create.tsx'
    Imported via "@/components/ui/button" from file 'C:/Users/DION-SERVER/Desktop/codecanyon-FOhzjwS6-erpgo-saas-all-in-one-business-erp-with-project-account-hrm-crm-pos/main-file/packages/dionone/Hrm/src/Resources/js/Pages/SystemSetup/WarningTypes/Edit.tsx'
    Imported via '@/components/ui/button' from file 'C:/Users/DION-SERVER/Desktop/codecanyon-FOhzjwS6-erpgo-saas-all-in-one-business-erp-with-project-account-hrm-crm-pos/main-file/packages/dionone/Hrm/src/Resources/js/Pages/SystemSetup/WarningTypes/Index.tsx'
    Imported via '@/components/ui/button' from file 'C:/Users/DION-SERVER/Desktop/codecanyon-FOhzjwS6-erpgo-saas-all-in-one-business-erp-with-project-account-hrm-crm-pos/main-file/packages/dionone/Hrm/src/Resources/js/Pages/SystemSetup/WorkingDays/Index.tsx'
    Imported via "@/components/ui/button" from file 'C:/Users/DION-SERVER/Desktop/codecanyon-FOhzjwS6-erpgo-saas-all-in-one-business-erp-with-project-account-hrm-crm-pos/main-file/packages/dionone/Hrm/src/Resources/js/Pages/Terminations/Create.tsx'
    Imported via "@/components/ui/button" from file 'C:/Users/DION-SERVER/Desktop/codecanyon-FOhzjwS6-erpgo-saas-all-in-one-business-erp-with-project-account-hrm-crm-pos/main-file/packages/dionone/Hrm/src/Resources/js/Pages/Terminations/Edit.tsx'
    Imported via '@/components/ui/button' from file 'C:/Users/DION-SERVER/Desktop/codecanyon-FOhzjwS6-erpgo-saas-all-in-one-business-erp-with-project-account-hrm-crm-pos/main-file/packages/dionone/Hrm/src/Resources/js/Pages/Terminations/Index.tsx'
    Imported via '@/components/ui/button' from file 'C:/Users/DION-SERVER/Desktop/codecanyon-FOhzjwS6-erpgo-saas-all-in-one-business-erp-with-project-account-hrm-crm-pos/main-file/packages/dionone/Hrm/src/Resources/js/Pages/Terminations/TerminationStatusModal.tsx'
    Imported via '@/components/ui/button' from file 'C:/Users/DION-SERVER/Desktop/codecanyon-FOhzjwS6-erpgo-saas-all-in-one-business-erp-with-project-account-hrm-crm-pos/main-file/packages/dionone/Hrm/src/Resources/js/Pages/Terminations/View.tsx'
    Imported via "@/components/ui/button" from file 'C:/Users/DION-SERVER/Desktop/codecanyon-FOhzjwS6-erpgo-saas-all-in-one-business-erp-with-project-account-hrm-crm-pos/main-file/packages/dionone/Hrm/src/Resources/js/Pages/Warnings/Create.tsx'
    Imported via "@/components/ui/button" from file 'C:/Users/DION-SERVER/Desktop/codecanyon-FOhzjwS6-erpgo-saas-all-in-one-business-erp-with-project-account-hrm-crm-pos/main-file/packages/dionone/Hrm/src/Resources/js/Pages/Warnings/Edit.tsx'
    Imported via '@/components/ui/button' from file 'C:/Users/DION-SERVER/Desktop/codecanyon-FOhzjwS6-erpgo-saas-all-in-one-business-erp-with-project-account-hrm-crm-pos/main-file/packages/dionone/Hrm/src/Resources/js/Pages/Warnings/Index.tsx'
    Imported via "@/components/ui/button" from file 'C:/Users/DION-SERVER/Desktop/codecanyon-FOhzjwS6-erpgo-saas-all-in-one-business-erp-with-project-account-hrm-crm-pos/main-file/packages/dionone/Hrm/src/Resources/js/Pages/Warnings/Response.tsx'
    Imported via '@/components/ui/button' from file 'C:/Users/DION-SERVER/Desktop/codecanyon-FOhzjwS6-erpgo-saas-all-in-one-business-erp-with-project-account-hrm-crm-pos/main-file/packages/dionone/LandingPage/src/Resources/js/Pages/components/AddonCard.tsx'
    Imported via '@/components/ui/button' from file 'C:/Users/DION-SERVER/Desktop/codecanyon-FOhzjwS6-erpgo-saas-all-in-one-business-erp-with-project-account-hrm-crm-pos/main-file/packages/dionone/LandingPage/src/Resources/js/Pages/Settings.tsx'
    Imported via '@/components/ui/button' from file 'C:/Users/DION-SERVER/Desktop/codecanyon-FOhzjwS6-erpgo-saas-all-in-one-business-erp-with-project-account-hrm-crm-pos/main-file/packages/dionone/LandingPage/src/Resources/js/Pages/components/settings/CTA.tsx'
    Imported via '@/components/ui/button' from file 'C:/Users/DION-SERVER/Desktop/codecanyon-FOhzjwS6-erpgo-saas-all-in-one-business-erp-with-project-account-hrm-crm-pos/main-file/packages/dionone/LandingPage/src/Resources/js/Pages/components/settings/Footer.tsx'
    Imported via '@/components/ui/button' from file 'C:/Users/DION-SERVER/Desktop/codecanyon-FOhzjwS6-erpgo-saas-all-in-one-business-erp-with-project-account-hrm-crm-pos/main-file/packages/dionone/LandingPage/src/Resources/js/Pages/CustomPages/Create.tsx'
    Imported via '@/components/ui/button' from file 'C:/Users/DION-SERVER/Desktop/codecanyon-FOhzjwS6-erpgo-saas-all-in-one-business-erp-with-project-account-hrm-crm-pos/main-file/packages/dionone/LandingPage/src/Resources/js/Pages/CustomPages/Edit.tsx'
    Imported via '@/components/ui/button' from file 'C:/Users/DION-SERVER/Desktop/codecanyon-FOhzjwS6-erpgo-saas-all-in-one-business-erp-with-project-account-hrm-crm-pos/main-file/packages/dionone/LandingPage/src/Resources/js/Pages/CustomPages/Index.tsx'
    Imported via '@/components/ui/button' from file 'C:/Users/DION-SERVER/Desktop/codecanyon-FOhzjwS6-erpgo-saas-all-in-one-business-erp-with-project-account-hrm-crm-pos/main-file/packages/dionone/LandingPage/src/Resources/js/Pages/NewsletterSubscribers/Index.tsx'
    Imported via '@/components/ui/button' from file 'C:/Users/DION-SERVER/Desktop/codecanyon-FOhzjwS6-erpgo-saas-all-in-one-business-erp-with-project-account-hrm-crm-pos/main-file/packages/dionone/LandingPage/src/Resources/js/Pages/marketplace/Settings.tsx'
    Imported via '@/components/ui/button' from file 'C:/Users/DION-SERVER/Desktop/codecanyon-FOhzjwS6-erpgo-saas-all-in-one-business-erp-with-project-account-hrm-crm-pos/main-file/packages/dionone/Lead/src/Resources/js/Pages/Dashboard/CompanyDashboard.tsx'
    Imported via "@/components/ui/button" from file 'C:/Users/DION-SERVER/Desktop/codecanyon-FOhzjwS6-erpgo-saas-all-in-one-business-erp-with-project-account-hrm-crm-pos/main-file/packages/dionone/Lead/src/Resources/js/Pages/Deals/Create.tsx'
    Imported via "@/components/ui/button" from file 'C:/Users/DION-SERVER/Desktop/codecanyon-FOhzjwS6-erpgo-saas-all-in-one-business-erp-with-project-account-hrm-crm-pos/main-file/packages/dionone/Lead/src/Resources/js/Pages/Deals/Edit.tsx'
    Imported via '@/components/ui/button' from file 'C:/Users/DION-SERVER/Desktop/codecanyon-FOhzjwS6-erpgo-saas-all-in-one-business-erp-with-project-account-hrm-crm-pos/main-file/packages/dionone/Lead/src/Resources/js/Pages/Deals/Index.tsx'
    Imported via '@/components/ui/button' from file 'C:/Users/DION-SERVER/Desktop/codecanyon-FOhzjwS6-erpgo-saas-all-in-one-business-erp-with-project-account-hrm-crm-pos/main-file/packages/dionone/Lead/src/Resources/js/Pages/Deals/View.tsx'
    Imported via '@/components/ui/button' from file 'C:/Users/DION-SERVER/Desktop/codecanyon-FOhzjwS6-erpgo-saas-all-in-one-business-erp-with-project-account-hrm-crm-pos/main-file/packages/dionone/Lead/src/Resources/js/Pages/Deals/LabelView.tsx'
    Imported via '@/components/ui/button' from file 'C:/Users/DION-SERVER/Desktop/codecanyon-FOhzjwS6-erpgo-saas-all-in-one-business-erp-with-project-account-hrm-crm-pos/main-file/packages/dionone/Lead/src/Resources/js/Pages/Deals/Show.tsx'
    Imported via "@/components/ui/button" from file 'C:/Users/DION-SERVER/Desktop/codecanyon-FOhzjwS6-erpgo-saas-all-in-one-business-erp-with-project-account-hrm-crm-pos/main-file/packages/dionone/Lead/src/Resources/js/Pages/Deals/Show/DealShowSidebar.tsx'
    Imported via '@/components/ui/button' from file 'C:/Users/DION-SERVER/Desktop/codecanyon-FOhzjwS6-erpgo-saas-all-in-one-business-erp-with-project-account-hrm-crm-pos/main-file/packages/dionone/Lead/src/Resources/js/Pages/Deals/Show/General.tsx'
    Imported via '@/components/ui/button' from file 'C:/Users/DION-SERVER/Desktop/codecanyon-FOhzjwS6-erpgo-saas-all-in-one-business-erp-with-project-account-hrm-crm-pos/main-file/packages/dionone/Lead/src/Resources/js/Pages/Deals/Show/Tasks.tsx'
    Imported via '@/components/ui/button' from file 'C:/Users/DION-SERVER/Desktop/codecanyon-FOhzjwS6-erpgo-saas-all-in-one-business-erp-with-project-account-hrm-crm-pos/main-file/packages/dionone/Lead/src/Resources/js/Pages/Deals/Show/Users.tsx'
    Imported via '@/components/ui/button' from file 'C:/Users/DION-SERVER/Desktop/codecanyon-FOhzjwS6-erpgo-saas-all-in-one-business-erp-with-project-account-hrm-crm-pos/main-file/packages/dionone/Lead/src/Resources/js/Pages/Deals/Show/Products.tsx'
    Imported via '@/components/ui/button' from file 'C:/Users/DION-SERVER/Desktop/codecanyon-FOhzjwS6-erpgo-saas-all-in-one-business-erp-with-project-account-hrm-crm-pos/main-file/packages/dionone/Lead/src/Resources/js/Pages/Deals/Show/Sources.tsx'
    Imported via '@/components/ui/button' from file 'C:/Users/DION-SERVER/Desktop/codecanyon-FOhzjwS6-erpgo-saas-all-in-one-business-erp-with-project-account-hrm-crm-pos/main-file/packages/dionone/Lead/src/Resources/js/Pages/Deals/Show/Files.tsx'
    Imported via '@/components/ui/button' from file 'C:/Users/DION-SERVER/Desktop/codecanyon-FOhzjwS6-erpgo-saas-all-in-one-business-erp-with-project-account-hrm-crm-pos/main-file/packages/dionone/Lead/src/Resources/js/Pages/Deals/Show/Calls.tsx'
    Imported via '@/components/ui/button' from file 'C:/Users/DION-SERVER/Desktop/codecanyon-FOhzjwS6-erpgo-saas-all-in-one-business-erp-with-project-account-hrm-crm-pos/main-file/packages/dionone/Lead/src/Resources/js/Pages/Deals/Show/Clients.tsx'
    Imported via '@/components/ui/button' from file 'C:/Users/DION-SERVER/Desktop/codecanyon-FOhzjwS6-erpgo-saas-all-in-one-business-erp-with-project-account-hrm-crm-pos/main-file/packages/dionone/Lead/src/Resources/js/Pages/Deals/Show/Discussions.tsx'
    Imported via '@/components/ui/button' from file 'C:/Users/DION-SERVER/Desktop/codecanyon-FOhzjwS6-erpgo-saas-all-in-one-business-erp-with-project-account-hrm-crm-pos/main-file/packages/dionone/Lead/src/Resources/js/Pages/Deals/Show/Emails.tsx'
    Imported via "@/components/ui/button" from file 'C:/Users/DION-SERVER/Desktop/codecanyon-FOhzjwS6-erpgo-saas-all-in-one-business-erp-with-project-account-hrm-crm-pos/main-file/packages/dionone/Lead/src/Resources/js/Pages/Leads/Create.tsx'
    Imported via "@/components/ui/button" from file 'C:/Users/DION-SERVER/Desktop/codecanyon-FOhzjwS6-erpgo-saas-all-in-one-business-erp-with-project-account-hrm-crm-pos/main-file/packages/dionone/Lead/src/Resources/js/Pages/Leads/Edit.tsx'
    Imported via '@/components/ui/button' from file 'C:/Users/DION-SERVER/Desktop/codecanyon-FOhzjwS6-erpgo-saas-all-in-one-business-erp-with-project-account-hrm-crm-pos/main-file/packages/dionone/Lead/src/Resources/js/Pages/Leads/Index.tsx'
    Imported via '@/components/ui/button' from file 'C:/Users/DION-SERVER/Desktop/codecanyon-FOhzjwS6-erpgo-saas-all-in-one-business-erp-with-project-account-hrm-crm-pos/main-file/packages/dionone/Lead/src/Resources/js/Pages/Leads/LabelView.tsx'
    Imported via '@/components/ui/button' from file 'C:/Users/DION-SERVER/Desktop/codecanyon-FOhzjwS6-erpgo-saas-all-in-one-business-erp-with-project-account-hrm-crm-pos/main-file/packages/dionone/Lead/src/Resources/js/Pages/Leads/Show/Index.tsx'
    Imported via '@/components/ui/button' from file 'C:/Users/DION-SERVER/Desktop/codecanyon-FOhzjwS6-erpgo-saas-all-in-one-business-erp-with-project-account-hrm-crm-pos/main-file/packages/dionone/Lead/src/Resources/js/Pages/Leads/Show/LeadSidebar.tsx'
    Imported via '@/components/ui/button' from file 'C:/Users/DION-SERVER/Desktop/codecanyon-FOhzjwS6-erpgo-saas-all-in-one-business-erp-with-project-account-hrm-crm-pos/main-file/packages/dionone/Lead/src/Resources/js/Pages/Leads/Show/General.tsx'
    Imported via '@/components/ui/button' from file 'C:/Users/DION-SERVER/Desktop/codecanyon-FOhzjwS6-erpgo-saas-all-in-one-business-erp-with-project-account-hrm-crm-pos/main-file/packages/dionone/Lead/src/Resources/js/Pages/Leads/Show/Tasks.tsx'
    Imported via '@/components/ui/button' from file 'C:/Users/DION-SERVER/Desktop/codecanyon-FOhzjwS6-erpgo-saas-all-in-one-business-erp-with-project-account-hrm-crm-pos/main-file/packages/dionone/Lead/src/Resources/js/Pages/Leads/Show/Users.tsx'
    Imported via '@/components/ui/button' from file 'C:/Users/DION-SERVER/Desktop/codecanyon-FOhzjwS6-erpgo-saas-all-in-one-business-erp-with-project-account-hrm-crm-pos/main-file/packages/dionone/Lead/src/Resources/js/Pages/Leads/Show/Products.tsx'
    Imported via '@/components/ui/button' from file 'C:/Users/DION-SERVER/Desktop/codecanyon-FOhzjwS6-erpgo-saas-all-in-one-business-erp-with-project-account-hrm-crm-pos/main-file/packages/dionone/Lead/src/Resources/js/Pages/Leads/Show/Sources.tsx'
    Imported via '@/components/ui/button' from file 'C:/Users/DION-SERVER/Desktop/codecanyon-FOhzjwS6-erpgo-saas-all-in-one-business-erp-with-project-account-hrm-crm-pos/main-file/packages/dionone/Lead/src/Resources/js/Pages/Leads/Show/Calls.tsx'
    Imported via '@/components/ui/button' from file 'C:/Users/DION-SERVER/Desktop/codecanyon-FOhzjwS6-erpgo-saas-all-in-one-business-erp-with-project-account-hrm-crm-pos/main-file/packages/dionone/Lead/src/Resources/js/Pages/Leads/Show/Files.tsx'
    Imported via '@/components/ui/button' from file 'C:/Users/DION-SERVER/Desktop/codecanyon-FOhzjwS6-erpgo-saas-all-in-one-business-erp-with-project-account-hrm-crm-pos/main-file/packages/dionone/Lead/src/Resources/js/Pages/Leads/Show/ConvertToDeal.tsx'
    Imported via '@/components/ui/button' from file 'C:/Users/DION-SERVER/Desktop/codecanyon-FOhzjwS6-erpgo-saas-all-in-one-business-erp-with-project-account-hrm-crm-pos/main-file/packages/dionone/Lead/src/Resources/js/Pages/Leads/Show/Discussions.tsx'
    Imported via '@/components/ui/button' from file 'C:/Users/DION-SERVER/Desktop/codecanyon-FOhzjwS6-erpgo-saas-all-in-one-business-erp-with-project-account-hrm-crm-pos/main-file/packages/dionone/Lead/src/Resources/js/Pages/Leads/Show/Emails.tsx'
    Imported via "@/components/ui/button" from file 'C:/Users/DION-SERVER/Desktop/codecanyon-FOhzjwS6-erpgo-saas-all-in-one-business-erp-with-project-account-hrm-crm-pos/main-file/packages/dionone/Lead/src/Resources/js/Pages/Reports/DealReports.tsx'
    Imported via "@/components/ui/button" from file 'C:/Users/DION-SERVER/Desktop/codecanyon-FOhzjwS6-erpgo-saas-all-in-one-business-erp-with-project-account-hrm-crm-pos/main-file/packages/dionone/Lead/src/Resources/js/Pages/Reports/Index.tsx'
    Imported via "@/components/ui/button" from file 'C:/Users/DION-SERVER/Desktop/codecanyon-FOhzjwS6-erpgo-saas-all-in-one-business-erp-with-project-account-hrm-crm-pos/main-file/packages/dionone/Lead/src/Resources/js/Pages/Reports/LeadReports.tsx'
    Imported via "@/components/ui/button" from file 'C:/Users/DION-SERVER/Desktop/codecanyon-FOhzjwS6-erpgo-saas-all-in-one-business-erp-with-project-account-hrm-crm-pos/main-file/packages/dionone/Lead/src/Resources/js/Pages/SystemSetup/SystemSetupSidebar.tsx'
    Imported via "@/components/ui/button" from file 'C:/Users/DION-SERVER/Desktop/codecanyon-FOhzjwS6-erpgo-saas-all-in-one-business-erp-with-project-account-hrm-crm-pos/main-file/packages/dionone/Lead/src/Resources/js/Pages/SystemSetup/DealStages/Create.tsx'
    Imported via "@/components/ui/button" from file 'C:/Users/DION-SERVER/Desktop/codecanyon-FOhzjwS6-erpgo-saas-all-in-one-business-erp-with-project-account-hrm-crm-pos/main-file/packages/dionone/Lead/src/Resources/js/Pages/SystemSetup/DealStages/Edit.tsx'
    Imported via '@/components/ui/button' from file 'C:/Users/DION-SERVER/Desktop/codecanyon-FOhzjwS6-erpgo-saas-all-in-one-business-erp-with-project-account-hrm-crm-pos/main-file/packages/dionone/Lead/src/Resources/js/Pages/SystemSetup/DealStages/Index.tsx'
    Imported via "@/components/ui/button" from file 'C:/Users/DION-SERVER/Desktop/codecanyon-FOhzjwS6-erpgo-saas-all-in-one-business-erp-with-project-account-hrm-crm-pos/main-file/packages/dionone/Lead/src/Resources/js/Pages/SystemSetup/Labels/Create.tsx'
    Imported via "@/components/ui/button" from file 'C:/Users/DION-SERVER/Desktop/codecanyon-FOhzjwS6-erpgo-saas-all-in-one-business-erp-with-project-account-hrm-crm-pos/main-file/packages/dionone/Lead/src/Resources/js/Pages/SystemSetup/Labels/Edit.tsx'
    Imported via '@/components/ui/button' from file 'C:/Users/DION-SERVER/Desktop/codecanyon-FOhzjwS6-erpgo-saas-all-in-one-business-erp-with-project-account-hrm-crm-pos/main-file/packages/dionone/Lead/src/Resources/js/Pages/SystemSetup/Labels/Index.tsx'
    Imported via "@/components/ui/button" from file 'C:/Users/DION-SERVER/Desktop/codecanyon-FOhzjwS6-erpgo-saas-all-in-one-business-erp-with-project-account-hrm-crm-pos/main-file/packages/dionone/Lead/src/Resources/js/Pages/SystemSetup/LeadStages/Create.tsx'
    Imported via "@/components/ui/button" from file 'C:/Users/DION-SERVER/Desktop/codecanyon-FOhzjwS6-erpgo-saas-all-in-one-business-erp-with-project-account-hrm-crm-pos/main-file/packages/dionone/Lead/src/Resources/js/Pages/SystemSetup/LeadStages/Edit.tsx'
    Imported via '@/components/ui/button' from file 'C:/Users/DION-SERVER/Desktop/codecanyon-FOhzjwS6-erpgo-saas-all-in-one-business-erp-with-project-account-hrm-crm-pos/main-file/packages/dionone/Lead/src/Resources/js/Pages/SystemSetup/LeadStages/Index.tsx'
    Imported via "@/components/ui/button" from file 'C:/Users/DION-SERVER/Desktop/codecanyon-FOhzjwS6-erpgo-saas-all-in-one-business-erp-with-project-account-hrm-crm-pos/main-file/packages/dionone/Lead/src/Resources/js/Pages/SystemSetup/Pipelines/Create.tsx'
    Imported via "@/components/ui/button" from file 'C:/Users/DION-SERVER/Desktop/codecanyon-FOhzjwS6-erpgo-saas-all-in-one-business-erp-with-project-account-hrm-crm-pos/main-file/packages/dionone/Lead/src/Resources/js/Pages/SystemSetup/Pipelines/Edit.tsx'
    Imported via '@/components/ui/button' from file 'C:/Users/DION-SERVER/Desktop/codecanyon-FOhzjwS6-erpgo-saas-all-in-one-business-erp-with-project-account-hrm-crm-pos/main-file/packages/dionone/Lead/src/Resources/js/Pages/SystemSetup/Pipelines/Index.tsx'
    Imported via "@/components/ui/button" from file 'C:/Users/DION-SERVER/Desktop/codecanyon-FOhzjwS6-erpgo-saas-all-in-one-business-erp-with-project-account-hrm-crm-pos/main-file/packages/dionone/Lead/src/Resources/js/Pages/SystemSetup/Sources/Create.tsx'
    Imported via "@/components/ui/button" from file 'C:/Users/DION-SERVER/Desktop/codecanyon-FOhzjwS6-erpgo-saas-all-in-one-business-erp-with-project-account-hrm-crm-pos/main-file/packages/dionone/Lead/src/Resources/js/Pages/SystemSetup/Sources/Edit.tsx'
    Imported via '@/components/ui/button' from file 'C:/Users/DION-SERVER/Desktop/codecanyon-FOhzjwS6-erpgo-saas-all-in-one-business-erp-with-project-account-hrm-crm-pos/main-file/packages/dionone/Lead/src/Resources/js/Pages/SystemSetup/Sources/Index.tsx'
    Imported via '@/components/ui/button' from file 'C:/Users/DION-SERVER/Desktop/codecanyon-FOhzjwS6-erpgo-saas-all-in-one-business-erp-with-project-account-hrm-crm-pos/main-file/packages/dionone/Paypal/src/Resources/js/settings/components/paypal-settings.tsx'
    Imported via "@/components/ui/button" from file 'C:/Users/DION-SERVER/Desktop/codecanyon-FOhzjwS6-erpgo-saas-all-in-one-business-erp-with-project-account-hrm-crm-pos/main-file/packages/dionone/Performance/src/Resources/js/Pages/EmployeeGoals/Create.tsx'
    Imported via "@/components/ui/button" from file 'C:/Users/DION-SERVER/Desktop/codecanyon-FOhzjwS6-erpgo-saas-all-in-one-business-erp-with-project-account-hrm-crm-pos/main-file/packages/dionone/Performance/src/Resources/js/Pages/EmployeeGoals/Edit.tsx'
    Imported via '@/components/ui/button' from file 'C:/Users/DION-SERVER/Desktop/codecanyon-FOhzjwS6-erpgo-saas-all-in-one-business-erp-with-project-account-hrm-crm-pos/main-file/packages/dionone/Performance/src/Resources/js/Pages/EmployeeGoals/Index.tsx'
    Imported via "@/components/ui/button" from file 'C:/Users/DION-SERVER/Desktop/codecanyon-FOhzjwS6-erpgo-saas-all-in-one-business-erp-with-project-account-hrm-crm-pos/main-file/packages/dionone/Performance/src/Resources/js/Pages/EmployeeReviews/Conduct.tsx'
    Imported via "@/components/ui/button" from file 'C:/Users/DION-SERVER/Desktop/codecanyon-FOhzjwS6-erpgo-saas-all-in-one-business-erp-with-project-account-hrm-crm-pos/main-file/packages/dionone/Performance/src/Resources/js/Pages/EmployeeReviews/Create.tsx'
    Imported via "@/components/ui/button" from file 'C:/Users/DION-SERVER/Desktop/codecanyon-FOhzjwS6-erpgo-saas-all-in-one-business-erp-with-project-account-hrm-crm-pos/main-file/packages/dionone/Performance/src/Resources/js/Pages/EmployeeReviews/Edit.tsx'
    Imported via '@/components/ui/button' from file 'C:/Users/DION-SERVER/Desktop/codecanyon-FOhzjwS6-erpgo-saas-all-in-one-business-erp-with-project-account-hrm-crm-pos/main-file/packages/dionone/Performance/src/Resources/js/Pages/EmployeeReviews/Index.tsx'
    Imported via "@/components/ui/button" from file 'C:/Users/DION-SERVER/Desktop/codecanyon-FOhzjwS6-erpgo-saas-all-in-one-business-erp-with-project-account-hrm-crm-pos/main-file/packages/dionone/Performance/src/Resources/js/Pages/Indicators/Create.tsx'
    Imported via "@/components/ui/button" from file 'C:/Users/DION-SERVER/Desktop/codecanyon-FOhzjwS6-erpgo-saas-all-in-one-business-erp-with-project-account-hrm-crm-pos/main-file/packages/dionone/Performance/src/Resources/js/Pages/Indicators/Edit.tsx'
    Imported via '@/components/ui/button' from file 'C:/Users/DION-SERVER/Desktop/codecanyon-FOhzjwS6-erpgo-saas-all-in-one-business-erp-with-project-account-hrm-crm-pos/main-file/packages/dionone/Performance/src/Resources/js/Pages/Indicators/Index.tsx'
    Imported via "@/components/ui/button" from file 'C:/Users/DION-SERVER/Desktop/codecanyon-FOhzjwS6-erpgo-saas-all-in-one-business-erp-with-project-account-hrm-crm-pos/main-file/packages/dionone/Performance/src/Resources/js/Pages/ReviewCycles/Create.tsx'
    Imported via "@/components/ui/button" from file 'C:/Users/DION-SERVER/Desktop/codecanyon-FOhzjwS6-erpgo-saas-all-in-one-business-erp-with-project-account-hrm-crm-pos/main-file/packages/dionone/Performance/src/Resources/js/Pages/ReviewCycles/Edit.tsx'
    Imported via '@/components/ui/button' from file 'C:/Users/DION-SERVER/Desktop/codecanyon-FOhzjwS6-erpgo-saas-all-in-one-business-erp-with-project-account-hrm-crm-pos/main-file/packages/dionone/Performance/src/Resources/js/Pages/ReviewCycles/Index.tsx'
    Imported via "@/components/ui/button" from file 'C:/Users/DION-SERVER/Desktop/codecanyon-FOhzjwS6-erpgo-saas-all-in-one-business-erp-with-project-account-hrm-crm-pos/main-file/packages/dionone/Performance/src/Resources/js/Pages/SystemSetup/SystemSetupSidebar.tsx'
    Imported via "@/components/ui/button" from file 'C:/Users/DION-SERVER/Desktop/codecanyon-FOhzjwS6-erpgo-saas-all-in-one-business-erp-with-project-account-hrm-crm-pos/main-file/packages/dionone/Performance/src/Resources/js/Pages/SystemSetup/GoalTypes/Create.tsx'
    Imported via "@/components/ui/button" from file 'C:/Users/DION-SERVER/Desktop/codecanyon-FOhzjwS6-erpgo-saas-all-in-one-business-erp-with-project-account-hrm-crm-pos/main-file/packages/dionone/Performance/src/Resources/js/Pages/SystemSetup/GoalTypes/Edit.tsx'
    Imported via '@/components/ui/button' from file 'C:/Users/DION-SERVER/Desktop/codecanyon-FOhzjwS6-erpgo-saas-all-in-one-business-erp-with-project-account-hrm-crm-pos/main-file/packages/dionone/Performance/src/Resources/js/Pages/SystemSetup/GoalTypes/Index.tsx'
    Imported via "@/components/ui/button" from file 'C:/Users/DION-SERVER/Desktop/codecanyon-FOhzjwS6-erpgo-saas-all-in-one-business-erp-with-project-account-hrm-crm-pos/main-file/packages/dionone/Performance/src/Resources/js/Pages/SystemSetup/IndicatorCategories/Create.tsx'
    Imported via "@/components/ui/button" from file 'C:/Users/DION-SERVER/Desktop/codecanyon-FOhzjwS6-erpgo-saas-all-in-one-business-erp-with-project-account-hrm-crm-pos/main-file/packages/dionone/Performance/src/Resources/js/Pages/SystemSetup/IndicatorCategories/Edit.tsx'
    Imported via '@/components/ui/button' from file 'C:/Users/DION-SERVER/Desktop/codecanyon-FOhzjwS6-erpgo-saas-all-in-one-business-erp-with-project-account-hrm-crm-pos/main-file/packages/dionone/Performance/src/Resources/js/Pages/SystemSetup/IndicatorCategories/Index.tsx'
    Imported via '@/components/ui/button' from file 'C:/Users/DION-SERVER/Desktop/codecanyon-FOhzjwS6-erpgo-saas-all-in-one-business-erp-with-project-account-hrm-crm-pos/main-file/packages/dionone/Pos/src/Resources/js/Pages/Barcode/Index.tsx'
    Imported via '@/components/ui/button' from file 'C:/Users/DION-SERVER/Desktop/codecanyon-FOhzjwS6-erpgo-saas-all-in-one-business-erp-with-project-account-hrm-crm-pos/main-file/packages/dionone/Pos/src/Resources/js/Pages/Dashboard/Index.tsx'
    Imported via '@/components/ui/button' from file 'C:/Users/DION-SERVER/Desktop/codecanyon-FOhzjwS6-erpgo-saas-all-in-one-business-erp-with-project-account-hrm-crm-pos/main-file/packages/dionone/Pos/src/Resources/js/Pages/Pos/Create.tsx'
    Imported via '@/components/ui/button' from file 'C:/Users/DION-SERVER/Desktop/codecanyon-FOhzjwS6-erpgo-saas-all-in-one-business-erp-with-project-account-hrm-crm-pos/main-file/packages/dionone/Pos/src/Resources/js/Pages/Pos/ReceiptModal.tsx'
    Imported via '@/components/ui/button' from file 'C:/Users/DION-SERVER/Desktop/codecanyon-FOhzjwS6-erpgo-saas-all-in-one-business-erp-with-project-account-hrm-crm-pos/main-file/packages/dionone/Pos/src/Resources/js/Pages/PosOrder/Index.tsx'
    Imported via '@/components/ui/button' from file 'C:/Users/DION-SERVER/Desktop/codecanyon-FOhzjwS6-erpgo-saas-all-in-one-business-erp-with-project-account-hrm-crm-pos/main-file/packages/dionone/Pos/src/Resources/js/Pages/PosOrder/Show.tsx'
    Imported via "@/components/ui/button" from file 'C:/Users/DION-SERVER/Desktop/codecanyon-FOhzjwS6-erpgo-saas-all-in-one-business-erp-with-project-account-hrm-crm-pos/main-file/packages/dionone/ProductService/src/Resources/js/Pages/Items/Create.tsx'
    Imported via "@/components/ui/button" from file 'C:/Users/DION-SERVER/Desktop/codecanyon-FOhzjwS6-erpgo-saas-all-in-one-business-erp-with-project-account-hrm-crm-pos/main-file/packages/dionone/ProductService/src/Resources/js/Pages/Items/Edit.tsx'
    Imported via '@/components/ui/button' from file 'C:/Users/DION-SERVER/Desktop/codecanyon-FOhzjwS6-erpgo-saas-all-in-one-business-erp-with-project-account-hrm-crm-pos/main-file/packages/dionone/ProductService/src/Resources/js/Pages/Items/Index.tsx'
    Imported via '@/components/ui/button' from file 'C:/Users/DION-SERVER/Desktop/codecanyon-FOhzjwS6-erpgo-saas-all-in-one-business-erp-with-project-account-hrm-crm-pos/main-file/packages/dionone/ProductService/src/Resources/js/Pages/Stock/Index.tsx'
    Imported via "@/components/ui/button" from file 'C:/Users/DION-SERVER/Desktop/codecanyon-FOhzjwS6-erpgo-saas-all-in-one-business-erp-with-project-account-hrm-crm-pos/main-file/packages/dionone/ProductService/src/Resources/js/Pages/SystemSetup/SystemSetupSidebar.tsx'
    Imported via "@/components/ui/button" from file 'C:/Users/DION-SERVER/Desktop/codecanyon-FOhzjwS6-erpgo-saas-all-in-one-business-erp-with-project-account-hrm-crm-pos/main-file/packages/dionone/ProductService/src/Resources/js/Pages/SystemSetup/Categories/Create.tsx'
    Imported via "@/components/ui/button" from file 'C:/Users/DION-SERVER/Desktop/codecanyon-FOhzjwS6-erpgo-saas-all-in-one-business-erp-with-project-account-hrm-crm-pos/main-file/packages/dionone/ProductService/src/Resources/js/Pages/SystemSetup/Categories/Edit.tsx'
    Imported via '@/components/ui/button' from file 'C:/Users/DION-SERVER/Desktop/codecanyon-FOhzjwS6-erpgo-saas-all-in-one-business-erp-with-project-account-hrm-crm-pos/main-file/packages/dionone/ProductService/src/Resources/js/Pages/SystemSetup/Categories/Index.tsx'
    Imported via "@/components/ui/button" from file 'C:/Users/DION-SERVER/Desktop/codecanyon-FOhzjwS6-erpgo-saas-all-in-one-business-erp-with-project-account-hrm-crm-pos/main-file/packages/dionone/ProductService/src/Resources/js/Pages/SystemSetup/Taxes/Create.tsx'
    Imported via "@/components/ui/button" from file 'C:/Users/DION-SERVER/Desktop/codecanyon-FOhzjwS6-erpgo-saas-all-in-one-business-erp-with-project-account-hrm-crm-pos/main-file/packages/dionone/ProductService/src/Resources/js/Pages/SystemSetup/Taxes/Edit.tsx'
    Imported via '@/components/ui/button' from file 'C:/Users/DION-SERVER/Desktop/codecanyon-FOhzjwS6-erpgo-saas-all-in-one-business-erp-with-project-account-hrm-crm-pos/main-file/packages/dionone/ProductService/src/Resources/js/Pages/SystemSetup/Taxes/Index.tsx'
    Imported via "@/components/ui/button" from file 'C:/Users/DION-SERVER/Desktop/codecanyon-FOhzjwS6-erpgo-saas-all-in-one-business-erp-with-project-account-hrm-crm-pos/main-file/packages/dionone/ProductService/src/Resources/js/Pages/SystemSetup/Units/Create.tsx'
    Imported via "@/components/ui/button" from file 'C:/Users/DION-SERVER/Desktop/codecanyon-FOhzjwS6-erpgo-saas-all-in-one-business-erp-with-project-account-hrm-crm-pos/main-file/packages/dionone/ProductService/src/Resources/js/Pages/SystemSetup/Units/Edit.tsx'
    Imported via '@/components/ui/button' from file 'C:/Users/DION-SERVER/Desktop/codecanyon-FOhzjwS6-erpgo-saas-all-in-one-business-erp-with-project-account-hrm-crm-pos/main-file/packages/dionone/ProductService/src/Resources/js/Pages/SystemSetup/Units/Index.tsx'
    Imported via '@/components/ui/button' from file 'C:/Users/DION-SERVER/Desktop/codecanyon-FOhzjwS6-erpgo-saas-all-in-one-business-erp-with-project-account-hrm-crm-pos/main-file/packages/dionone/Quotation/src/Resources/js/Pages/Quotations/components/QuotationItemsTable.tsx'
    Imported via '@/components/ui/button' from file 'C:/Users/DION-SERVER/Desktop/codecanyon-FOhzjwS6-erpgo-saas-all-in-one-business-erp-with-project-account-hrm-crm-pos/main-file/packages/dionone/Quotation/src/Resources/js/Pages/Quotations/Create.tsx'
    Imported via '@/components/ui/button' from file 'C:/Users/DION-SERVER/Desktop/codecanyon-FOhzjwS6-erpgo-saas-all-in-one-business-erp-with-project-account-hrm-crm-pos/main-file/packages/dionone/Quotation/src/Resources/js/Pages/Quotations/Edit.tsx'
    Imported via '@/components/ui/button' from file 'C:/Users/DION-SERVER/Desktop/codecanyon-FOhzjwS6-erpgo-saas-all-in-one-business-erp-with-project-account-hrm-crm-pos/main-file/packages/dionone/Quotation/src/Resources/js/Pages/Quotations/Index.tsx'
    Imported via '@/components/ui/button' from file 'C:/Users/DION-SERVER/Desktop/codecanyon-FOhzjwS6-erpgo-saas-all-in-one-business-erp-with-project-account-hrm-crm-pos/main-file/packages/dionone/Quotation/src/Resources/js/Pages/Quotations/View.tsx'
    Imported via '@/components/ui/button' from file 'C:/Users/DION-SERVER/Desktop/codecanyon-FOhzjwS6-erpgo-saas-all-in-one-business-erp-with-project-account-hrm-crm-pos/main-file/packages/dionone/Recruitment/src/Resources/js/Components/IconSelector.tsx'
    Imported via '@/components/ui/button' from file 'C:/Users/DION-SERVER/Desktop/codecanyon-FOhzjwS6-erpgo-saas-all-in-one-business-erp-with-project-account-hrm-crm-pos/main-file/packages/dionone/Recruitment/src/Resources/js/Components/Frontend/FrontendHeader.tsx'
    Imported via '@/components/ui/button' from file 'C:/Users/DION-SERVER/Desktop/codecanyon-FOhzjwS6-erpgo-saas-all-in-one-business-erp-with-project-account-hrm-crm-pos/main-file/packages/dionone/Recruitment/src/Resources/js/Pages/Index.tsx'
    Imported via "@/components/ui/button" from file 'C:/Users/DION-SERVER/Desktop/codecanyon-FOhzjwS6-erpgo-saas-all-in-one-business-erp-with-project-account-hrm-crm-pos/main-file/packages/dionone/Recruitment/src/Resources/js/Pages/CandidateAssessments/Create.tsx'
    Imported via "@/components/ui/button" from file 'C:/Users/DION-SERVER/Desktop/codecanyon-FOhzjwS6-erpgo-saas-all-in-one-business-erp-with-project-account-hrm-crm-pos/main-file/packages/dionone/Recruitment/src/Resources/js/Pages/CandidateAssessments/Edit.tsx'
    Imported via '@/components/ui/button' from file 'C:/Users/DION-SERVER/Desktop/codecanyon-FOhzjwS6-erpgo-saas-all-in-one-business-erp-with-project-account-hrm-crm-pos/main-file/packages/dionone/Recruitment/src/Resources/js/Pages/CandidateAssessments/Index.tsx'
    Imported via "@/components/ui/button" from file 'C:/Users/DION-SERVER/Desktop/codecanyon-FOhzjwS6-erpgo-saas-all-in-one-business-erp-with-project-account-hrm-crm-pos/main-file/packages/dionone/Recruitment/src/Resources/js/Pages/CandidateOnboardings/Create.tsx'
    Imported via "@/components/ui/button" from file 'C:/Users/DION-SERVER/Desktop/codecanyon-FOhzjwS6-erpgo-saas-all-in-one-business-erp-with-project-account-hrm-crm-pos/main-file/packages/dionone/Recruitment/src/Resources/js/Pages/CandidateOnboardings/Edit.tsx'
    Imported via '@/components/ui/button' from file 'C:/Users/DION-SERVER/Desktop/codecanyon-FOhzjwS6-erpgo-saas-all-in-one-business-erp-with-project-account-hrm-crm-pos/main-file/packages/dionone/Recruitment/src/Resources/js/Pages/CandidateOnboardings/Index.tsx'
    Imported via "@/components/ui/button" from file 'C:/Users/DION-SERVER/Desktop/codecanyon-FOhzjwS6-erpgo-saas-all-in-one-business-erp-with-project-account-hrm-crm-pos/main-file/packages/dionone/Recruitment/src/Resources/js/Pages/Candidates/Create.tsx'
    Imported via "@/components/ui/button" from file 'C:/Users/DION-SERVER/Desktop/codecanyon-FOhzjwS6-erpgo-saas-all-in-one-business-erp-with-project-account-hrm-crm-pos/main-file/packages/dionone/Recruitment/src/Resources/js/Pages/Candidates/Edit.tsx'
    Imported via '@/components/ui/button' from file 'C:/Users/DION-SERVER/Desktop/codecanyon-FOhzjwS6-erpgo-saas-all-in-one-business-erp-with-project-account-hrm-crm-pos/main-file/packages/dionone/Recruitment/src/Resources/js/Pages/Candidates/Index.tsx'
    Imported via '@/components/ui/button' from file 'C:/Users/DION-SERVER/Desktop/codecanyon-FOhzjwS6-erpgo-saas-all-in-one-business-erp-with-project-account-hrm-crm-pos/main-file/packages/dionone/Recruitment/src/Resources/js/Pages/Candidates/Show.tsx'
    Imported via "@/components/ui/button" from file 'C:/Users/DION-SERVER/Desktop/codecanyon-FOhzjwS6-erpgo-saas-all-in-one-business-erp-with-project-account-hrm-crm-pos/main-file/packages/dionone/Recruitment/src/Resources/js/Pages/ChecklistItems/Create.tsx'
    Imported via "@/components/ui/button" from file 'C:/Users/DION-SERVER/Desktop/codecanyon-FOhzjwS6-erpgo-saas-all-in-one-business-erp-with-project-account-hrm-crm-pos/main-file/packages/dionone/Recruitment/src/Resources/js/Pages/ChecklistItems/Edit.tsx'
    Imported via '@/components/ui/button' from file 'C:/Users/DION-SERVER/Desktop/codecanyon-FOhzjwS6-erpgo-saas-all-in-one-business-erp-with-project-account-hrm-crm-pos/main-file/packages/dionone/Recruitment/src/Resources/js/Pages/ChecklistItems/Index.tsx'
    Imported via "@/components/ui/button" from file 'C:/Users/DION-SERVER/Desktop/codecanyon-FOhzjwS6-erpgo-saas-all-in-one-business-erp-with-project-account-hrm-crm-pos/main-file/packages/dionone/Recruitment/src/Resources/js/Pages/CustomQuestions/Create.tsx'
    Imported via "@/components/ui/button" from file 'C:/Users/DION-SERVER/Desktop/codecanyon-FOhzjwS6-erpgo-saas-all-in-one-business-erp-with-project-account-hrm-crm-pos/main-file/packages/dionone/Recruitment/src/Resources/js/Pages/CustomQuestions/Edit.tsx'
    Imported via '@/components/ui/button' from file 'C:/Users/DION-SERVER/Desktop/codecanyon-FOhzjwS6-erpgo-saas-all-in-one-business-erp-with-project-account-hrm-crm-pos/main-file/packages/dionone/Recruitment/src/Resources/js/Pages/CustomQuestions/Index.tsx'
    Imported via "@/components/ui/button" from file 'C:/Users/DION-SERVER/Desktop/codecanyon-FOhzjwS6-erpgo-saas-all-in-one-business-erp-with-project-account-hrm-crm-pos/main-file/packages/dionone/Recruitment/src/Resources/js/Pages/Dashboard/StaffDashboard.tsx'
    Imported via '@/components/ui/button' from file 'C:/Users/DION-SERVER/Desktop/codecanyon-FOhzjwS6-erpgo-saas-all-in-one-business-erp-with-project-account-hrm-crm-pos/main-file/packages/dionone/Recruitment/src/Resources/js/Pages/Frontend/JobApply.tsx'
    Imported via '@/components/ui/button' from file 'C:/Users/DION-SERVER/Desktop/codecanyon-FOhzjwS6-erpgo-saas-all-in-one-business-erp-with-project-account-hrm-crm-pos/main-file/packages/dionone/Recruitment/src/Resources/js/Pages/Frontend/JobDetails.tsx'
    Imported via '@/components/ui/button' from file 'C:/Users/DION-SERVER/Desktop/codecanyon-FOhzjwS6-erpgo-saas-all-in-one-business-erp-with-project-account-hrm-crm-pos/main-file/packages/dionone/Recruitment/src/Resources/js/Pages/Frontend/JobListings.tsx'
    Imported via '@/components/ui/button' from file 'C:/Users/DION-SERVER/Desktop/codecanyon-FOhzjwS6-erpgo-saas-all-in-one-business-erp-with-project-account-hrm-crm-pos/main-file/packages/dionone/Recruitment/src/Resources/js/Pages/Frontend/JobTerms.tsx'
    Imported via '@/components/ui/button' from file 'C:/Users/DION-SERVER/Desktop/codecanyon-FOhzjwS6-erpgo-saas-all-in-one-business-erp-with-project-account-hrm-crm-pos/main-file/packages/dionone/Recruitment/src/Resources/js/Pages/Frontend/NotFound.tsx'
    Imported via '@/components/ui/button' from file 'C:/Users/DION-SERVER/Desktop/codecanyon-FOhzjwS6-erpgo-saas-all-in-one-business-erp-with-project-account-hrm-crm-pos/main-file/packages/dionone/Recruitment/src/Resources/js/Pages/Frontend/Success.tsx'
    Imported via '@/components/ui/button' from file 'C:/Users/DION-SERVER/Desktop/codecanyon-FOhzjwS6-erpgo-saas-all-in-one-business-erp-with-project-account-hrm-crm-pos/main-file/packages/dionone/Recruitment/src/Resources/js/Pages/Frontend/TrackingDetails.tsx'
    Imported via '@/components/ui/button' from file 'C:/Users/DION-SERVER/Desktop/codecanyon-FOhzjwS6-erpgo-saas-all-in-one-business-erp-with-project-account-hrm-crm-pos/main-file/packages/dionone/Recruitment/src/Resources/js/Pages/Frontend/TrackingForm.tsx'
    Imported via "@/components/ui/button" from file 'C:/Users/DION-SERVER/Desktop/codecanyon-FOhzjwS6-erpgo-saas-all-in-one-business-erp-with-project-account-hrm-crm-pos/main-file/packages/dionone/Recruitment/src/Resources/js/Pages/InterviewFeedbacks/Create.tsx'
    Imported via "@/components/ui/button" from file 'C:/Users/DION-SERVER/Desktop/codecanyon-FOhzjwS6-erpgo-saas-all-in-one-business-erp-with-project-account-hrm-crm-pos/main-file/packages/dionone/Recruitment/src/Resources/js/Pages/InterviewFeedbacks/Edit.tsx'
    Imported via '@/components/ui/button' from file 'C:/Users/DION-SERVER/Desktop/codecanyon-FOhzjwS6-erpgo-saas-all-in-one-business-erp-with-project-account-hrm-crm-pos/main-file/packages/dionone/Recruitment/src/Resources/js/Pages/InterviewFeedbacks/Index.tsx'
    Imported via "@/components/ui/button" from file 'C:/Users/DION-SERVER/Desktop/codecanyon-FOhzjwS6-erpgo-saas-all-in-one-business-erp-with-project-account-hrm-crm-pos/main-file/packages/dionone/Recruitment/src/Resources/js/Pages/InterviewRounds/Create.tsx'
    Imported via "@/components/ui/button" from file 'C:/Users/DION-SERVER/Desktop/codecanyon-FOhzjwS6-erpgo-saas-all-in-one-business-erp-with-project-account-hrm-crm-pos/main-file/packages/dionone/Recruitment/src/Resources/js/Pages/InterviewRounds/Edit.tsx'
    Imported via '@/components/ui/button' from file 'C:/Users/DION-SERVER/Desktop/codecanyon-FOhzjwS6-erpgo-saas-all-in-one-business-erp-with-project-account-hrm-crm-pos/main-file/packages/dionone/Recruitment/src/Resources/js/Pages/InterviewRounds/Index.tsx'
    Imported via "@/components/ui/button" from file 'C:/Users/DION-SERVER/Desktop/codecanyon-FOhzjwS6-erpgo-saas-all-in-one-business-erp-with-project-account-hrm-crm-pos/main-file/packages/dionone/Recruitment/src/Resources/js/Pages/Interviews/Create.tsx'
    Imported via "@/components/ui/button" from file 'C:/Users/DION-SERVER/Desktop/codecanyon-FOhzjwS6-erpgo-saas-all-in-one-business-erp-with-project-account-hrm-crm-pos/main-file/packages/dionone/Recruitment/src/Resources/js/Pages/Interviews/Edit.tsx'
    Imported via '@/components/ui/button' from file 'C:/Users/DION-SERVER/Desktop/codecanyon-FOhzjwS6-erpgo-saas-all-in-one-business-erp-with-project-account-hrm-crm-pos/main-file/packages/dionone/Recruitment/src/Resources/js/Pages/Interviews/Index.tsx'
    Imported via "@/components/ui/button" from file 'C:/Users/DION-SERVER/Desktop/codecanyon-FOhzjwS6-erpgo-saas-all-in-one-business-erp-with-project-account-hrm-crm-pos/main-file/packages/dionone/Recruitment/src/Resources/js/Pages/JobLocations/Create.tsx'
    Imported via "@/components/ui/button" from file 'C:/Users/DION-SERVER/Desktop/codecanyon-FOhzjwS6-erpgo-saas-all-in-one-business-erp-with-project-account-hrm-crm-pos/main-file/packages/dionone/Recruitment/src/Resources/js/Pages/JobLocations/Edit.tsx'
    Imported via '@/components/ui/button' from file 'C:/Users/DION-SERVER/Desktop/codecanyon-FOhzjwS6-erpgo-saas-all-in-one-business-erp-with-project-account-hrm-crm-pos/main-file/packages/dionone/Recruitment/src/Resources/js/Pages/JobLocations/Index.tsx'
    Imported via "@/components/ui/button" from file 'C:/Users/DION-SERVER/Desktop/codecanyon-FOhzjwS6-erpgo-saas-all-in-one-business-erp-with-project-account-hrm-crm-pos/main-file/packages/dionone/Recruitment/src/Resources/js/Pages/JobPostings/Create.tsx'
    Imported via "@/components/ui/button" from file 'C:/Users/DION-SERVER/Desktop/codecanyon-FOhzjwS6-erpgo-saas-all-in-one-business-erp-with-project-account-hrm-crm-pos/main-file/packages/dionone/Recruitment/src/Resources/js/Pages/JobPostings/Edit.tsx'
    Imported via '@/components/ui/button' from file 'C:/Users/DION-SERVER/Desktop/codecanyon-FOhzjwS6-erpgo-saas-all-in-one-business-erp-with-project-account-hrm-crm-pos/main-file/packages/dionone/Recruitment/src/Resources/js/Pages/JobPostings/Index.tsx'
    Imported via '@/components/ui/button' from file 'C:/Users/DION-SERVER/Desktop/codecanyon-FOhzjwS6-erpgo-saas-all-in-one-business-erp-with-project-account-hrm-crm-pos/main-file/packages/dionone/Recruitment/src/Resources/js/Pages/JobPostings/Show.tsx'
    Imported via "@/components/ui/button" from file 'C:/Users/DION-SERVER/Desktop/codecanyon-FOhzjwS6-erpgo-saas-all-in-one-business-erp-with-project-account-hrm-crm-pos/main-file/packages/dionone/Recruitment/src/Resources/js/Pages/Offers/ConvertToEmployee.tsx'
    Imported via "@/components/ui/button" from file 'C:/Users/DION-SERVER/Desktop/codecanyon-FOhzjwS6-erpgo-saas-all-in-one-business-erp-with-project-account-hrm-crm-pos/main-file/packages/dionone/Recruitment/src/Resources/js/Pages/Offers/Create.tsx'
    Imported via "@/components/ui/button" from file 'C:/Users/DION-SERVER/Desktop/codecanyon-FOhzjwS6-erpgo-saas-all-in-one-business-erp-with-project-account-hrm-crm-pos/main-file/packages/dionone/Recruitment/src/Resources/js/Pages/Offers/Edit.tsx'
    Imported via '@/components/ui/button' from file 'C:/Users/DION-SERVER/Desktop/codecanyon-FOhzjwS6-erpgo-saas-all-in-one-business-erp-with-project-account-hrm-crm-pos/main-file/packages/dionone/Recruitment/src/Resources/js/Pages/Offers/Index.tsx'
    Imported via '@/components/ui/button' from file 'C:/Users/DION-SERVER/Desktop/codecanyon-FOhzjwS6-erpgo-saas-all-in-one-business-erp-with-project-account-hrm-crm-pos/main-file/packages/dionone/Recruitment/src/Resources/js/Pages/Offers/View.tsx'
    Imported via '@/components/ui/button' from file 'C:/Users/DION-SERVER/Desktop/codecanyon-FOhzjwS6-erpgo-saas-all-in-one-business-erp-with-project-account-hrm-crm-pos/main-file/packages/dionone/Recruitment/src/Resources/js/Pages/Offers/OfferLetterPdf.tsx'
    Imported via "@/components/ui/button" from file 'C:/Users/DION-SERVER/Desktop/codecanyon-FOhzjwS6-erpgo-saas-all-in-one-business-erp-with-project-account-hrm-crm-pos/main-file/packages/dionone/Recruitment/src/Resources/js/Pages/SystemSetup/SystemSetupSidebar.tsx'
    Imported via '@/components/ui/button' from file 'C:/Users/DION-SERVER/Desktop/codecanyon-FOhzjwS6-erpgo-saas-all-in-one-business-erp-with-project-account-hrm-crm-pos/main-file/packages/dionone/Recruitment/src/Resources/js/Pages/SystemSetup/AboutCompany/Index.tsx'
    Imported via '@/components/ui/button' from file 'C:/Users/DION-SERVER/Desktop/codecanyon-FOhzjwS6-erpgo-saas-all-in-one-business-erp-with-project-account-hrm-crm-pos/main-file/packages/dionone/Recruitment/src/Resources/js/Pages/SystemSetup/ApplicationTips/Index.tsx'
    Imported via '@/components/ui/button' from file 'C:/Users/DION-SERVER/Desktop/codecanyon-FOhzjwS6-erpgo-saas-all-in-one-business-erp-with-project-account-hrm-crm-pos/main-file/packages/dionone/Recruitment/src/Resources/js/Pages/SystemSetup/BrandSettings/Index.tsx'
    Imported via "@/components/ui/button" from file 'C:/Users/DION-SERVER/Desktop/codecanyon-FOhzjwS6-erpgo-saas-all-in-one-business-erp-with-project-account-hrm-crm-pos/main-file/packages/dionone/Recruitment/src/Resources/js/Pages/SystemSetup/CandidateSources/Create.tsx'
    Imported via "@/components/ui/button" from file 'C:/Users/DION-SERVER/Desktop/codecanyon-FOhzjwS6-erpgo-saas-all-in-one-business-erp-with-project-account-hrm-crm-pos/main-file/packages/dionone/Recruitment/src/Resources/js/Pages/SystemSetup/CandidateSources/Edit.tsx'
    Imported via '@/components/ui/button' from file 'C:/Users/DION-SERVER/Desktop/codecanyon-FOhzjwS6-erpgo-saas-all-in-one-business-erp-with-project-account-hrm-crm-pos/main-file/packages/dionone/Recruitment/src/Resources/js/Pages/SystemSetup/CandidateSources/Index.tsx'
    Imported via '@/components/ui/button' from file 'C:/Users/DION-SERVER/Desktop/codecanyon-FOhzjwS6-erpgo-saas-all-in-one-business-erp-with-project-account-hrm-crm-pos/main-file/packages/dionone/Recruitment/src/Resources/js/Pages/SystemSetup/DashboardWelcomeCard/Index.tsx'
    Imported via "@/components/ui/button" from file 'C:/Users/DION-SERVER/Desktop/codecanyon-FOhzjwS6-erpgo-saas-all-in-one-business-erp-with-project-account-hrm-crm-pos/main-file/packages/dionone/Recruitment/src/Resources/js/Pages/SystemSetup/InterviewTypes/Create.tsx'
    Imported via "@/components/ui/button" from file 'C:/Users/DION-SERVER/Desktop/codecanyon-FOhzjwS6-erpgo-saas-all-in-one-business-erp-with-project-account-hrm-crm-pos/main-file/packages/dionone/Recruitment/src/Resources/js/Pages/SystemSetup/InterviewTypes/Edit.tsx'
    Imported via '@/components/ui/button' from file 'C:/Users/DION-SERVER/Desktop/codecanyon-FOhzjwS6-erpgo-saas-all-in-one-business-erp-with-project-account-hrm-crm-pos/main-file/packages/dionone/Recruitment/src/Resources/js/Pages/SystemSetup/InterviewTypes/Index.tsx'
    Imported via "@/components/ui/button" from file 'C:/Users/DION-SERVER/Desktop/codecanyon-FOhzjwS6-erpgo-saas-all-in-one-business-erp-with-project-account-hrm-crm-pos/main-file/packages/dionone/Recruitment/src/Resources/js/Pages/SystemSetup/JobCategories/Create.tsx'
    Imported via "@/components/ui/button" from file 'C:/Users/DION-SERVER/Desktop/codecanyon-FOhzjwS6-erpgo-saas-all-in-one-business-erp-with-project-account-hrm-crm-pos/main-file/packages/dionone/Recruitment/src/Resources/js/Pages/SystemSetup/JobCategories/Edit.tsx'
    Imported via '@/components/ui/button' from file 'C:/Users/DION-SERVER/Desktop/codecanyon-FOhzjwS6-erpgo-saas-all-in-one-business-erp-with-project-account-hrm-crm-pos/main-file/packages/dionone/Recruitment/src/Resources/js/Pages/SystemSetup/JobCategories/Index.tsx'
    Imported via "@/components/ui/button" from file 'C:/Users/DION-SERVER/Desktop/codecanyon-FOhzjwS6-erpgo-saas-all-in-one-business-erp-with-project-account-hrm-crm-pos/main-file/packages/dionone/Recruitment/src/Resources/js/Pages/SystemSetup/JobTypes/Create.tsx'
    Imported via "@/components/ui/button" from file 'C:/Users/DION-SERVER/Desktop/codecanyon-FOhzjwS6-erpgo-saas-all-in-one-business-erp-with-project-account-hrm-crm-pos/main-file/packages/dionone/Recruitment/src/Resources/js/Pages/SystemSetup/JobTypes/Edit.tsx'
    Imported via '@/components/ui/button' from file 'C:/Users/DION-SERVER/Desktop/codecanyon-FOhzjwS6-erpgo-saas-all-in-one-business-erp-with-project-account-hrm-crm-pos/main-file/packages/dionone/Recruitment/src/Resources/js/Pages/SystemSetup/JobTypes/Index.tsx'
    Imported via '@/components/ui/button' from file 'C:/Users/DION-SERVER/Desktop/codecanyon-FOhzjwS6-erpgo-saas-all-in-one-business-erp-with-project-account-hrm-crm-pos/main-file/packages/dionone/Recruitment/src/Resources/js/Pages/SystemSetup/NeedHelp/Index.tsx'
    Imported via '@/components/ui/button' from file 'C:/Users/DION-SERVER/Desktop/codecanyon-FOhzjwS6-erpgo-saas-all-in-one-business-erp-with-project-account-hrm-crm-pos/main-file/packages/dionone/Recruitment/src/Resources/js/Pages/SystemSetup/OfferLetterTemplate/Index.tsx'
    Imported via "@/components/ui/button" from file 'C:/Users/DION-SERVER/Desktop/codecanyon-FOhzjwS6-erpgo-saas-all-in-one-business-erp-with-project-account-hrm-crm-pos/main-file/packages/dionone/Recruitment/src/Resources/js/Pages/SystemSetup/OnboardingChecklists/Create.tsx'
    Imported via "@/components/ui/button" from file 'C:/Users/DION-SERVER/Desktop/codecanyon-FOhzjwS6-erpgo-saas-all-in-one-business-erp-with-project-account-hrm-crm-pos/main-file/packages/dionone/Recruitment/src/Resources/js/Pages/SystemSetup/OnboardingChecklists/Edit.tsx'
    Imported via '@/components/ui/button' from file 'C:/Users/DION-SERVER/Desktop/codecanyon-FOhzjwS6-erpgo-saas-all-in-one-business-erp-with-project-account-hrm-crm-pos/main-file/packages/dionone/Recruitment/src/Resources/js/Pages/SystemSetup/OnboardingChecklists/Index.tsx'
    Imported via '@/components/ui/button' from file 'C:/Users/DION-SERVER/Desktop/codecanyon-FOhzjwS6-erpgo-saas-all-in-one-business-erp-with-project-account-hrm-crm-pos/main-file/packages/dionone/Recruitment/src/Resources/js/Pages/SystemSetup/TrackingFaq/Index.tsx'
    Imported via '@/components/ui/button' from file 'C:/Users/DION-SERVER/Desktop/codecanyon-FOhzjwS6-erpgo-saas-all-in-one-business-erp-with-project-account-hrm-crm-pos/main-file/packages/dionone/Recruitment/src/Resources/js/Pages/SystemSetup/WhatHappensNext/Index.tsx'
    Imported via '@/components/ui/button' from file 'C:/Users/DION-SERVER/Desktop/codecanyon-FOhzjwS6-erpgo-saas-all-in-one-business-erp-with-project-account-hrm-crm-pos/main-file/packages/dionone/Slack/src/Resources/js/settings/components/slack-settings.tsx'
    Imported via '@/components/ui/button' from file 'C:/Users/DION-SERVER/Desktop/codecanyon-FOhzjwS6-erpgo-saas-all-in-one-business-erp-with-project-account-hrm-crm-pos/main-file/packages/dionone/Stripe/src/Resources/js/settings/components/stripe-settings.tsx'
    Imported via "@/components/ui/button" from file 'C:/Users/DION-SERVER/Desktop/codecanyon-FOhzjwS6-erpgo-saas-all-in-one-business-erp-with-project-account-hrm-crm-pos/main-file/packages/dionone/SupportTicket/src/Resources/js/Pages/Layout.tsx'
    Imported via "@/components/ui/button" from file 'C:/Users/DION-SERVER/Desktop/codecanyon-FOhzjwS6-erpgo-saas-all-in-one-business-erp-with-project-account-hrm-crm-pos/main-file/packages/dionone/SupportTicket/src/Resources/js/Pages/Search.tsx'
    Imported via "@/components/ui/button" from file 'C:/Users/DION-SERVER/Desktop/codecanyon-FOhzjwS6-erpgo-saas-all-in-one-business-erp-with-project-account-hrm-crm-pos/main-file/packages/dionone/SupportTicket/src/Resources/js/Pages/Frontend/Layouts/SupportTicketLayout.tsx'
    Imported via '@/components/ui/button' from file 'C:/Users/DION-SERVER/Desktop/codecanyon-FOhzjwS6-erpgo-saas-all-in-one-business-erp-with-project-account-hrm-crm-pos/main-file/packages/dionone/SupportTicket/src/Resources/js/Pages/Show.tsx'
    Imported via '@/components/ui/button' from file 'C:/Users/DION-SERVER/Desktop/codecanyon-FOhzjwS6-erpgo-saas-all-in-one-business-erp-with-project-account-hrm-crm-pos/main-file/packages/dionone/SupportTicket/src/Resources/js/Pages/Categories/Index.tsx'
    Imported via '@/components/ui/button' from file 'C:/Users/DION-SERVER/Desktop/codecanyon-FOhzjwS6-erpgo-saas-all-in-one-business-erp-with-project-account-hrm-crm-pos/main-file/packages/dionone/SupportTicket/src/Resources/js/Pages/Contact/Index.tsx'
    Imported via '@/components/ui/button' from file 'C:/Users/DION-SERVER/Desktop/codecanyon-FOhzjwS6-erpgo-saas-all-in-one-business-erp-with-project-account-hrm-crm-pos/main-file/packages/dionone/SupportTicket/src/Resources/js/Pages/Dashboard/ClientDashboard.tsx'
    Imported via '@/components/ui/button' from file 'C:/Users/DION-SERVER/Desktop/codecanyon-FOhzjwS6-erpgo-saas-all-in-one-business-erp-with-project-account-hrm-crm-pos/main-file/packages/dionone/SupportTicket/src/Resources/js/Pages/Dashboard/Index.tsx'
    Imported via '@/components/ui/button' from file 'C:/Users/DION-SERVER/Desktop/codecanyon-FOhzjwS6-erpgo-saas-all-in-one-business-erp-with-project-account-hrm-crm-pos/main-file/packages/dionone/SupportTicket/src/Resources/js/Pages/Dashboard/StaffDashboard.tsx'
    Imported via '@/components/ui/button' from file 'C:/Users/DION-SERVER/Desktop/codecanyon-FOhzjwS6-erpgo-saas-all-in-one-business-erp-with-project-account-hrm-crm-pos/main-file/packages/dionone/SupportTicket/src/Resources/js/Pages/Dashboard/VendorDashboard.tsx'
    Imported via '@/components/ui/button' from file 'C:/Users/DION-SERVER/Desktop/codecanyon-FOhzjwS6-erpgo-saas-all-in-one-business-erp-with-project-account-hrm-crm-pos/main-file/packages/dionone/SupportTicket/src/Resources/js/Pages/FAQ/Create.tsx'
    Imported via '@/components/ui/button' from file 'C:/Users/DION-SERVER/Desktop/codecanyon-FOhzjwS6-erpgo-saas-all-in-one-business-erp-with-project-account-hrm-crm-pos/main-file/packages/dionone/SupportTicket/src/Resources/js/Pages/FAQ/Edit.tsx'
    Imported via '@/components/ui/button' from file 'C:/Users/DION-SERVER/Desktop/codecanyon-FOhzjwS6-erpgo-saas-all-in-one-business-erp-with-project-account-hrm-crm-pos/main-file/packages/dionone/SupportTicket/src/Resources/js/Pages/FAQ/Import.tsx'
    Imported via '@/components/ui/button' from file 'C:/Users/DION-SERVER/Desktop/codecanyon-FOhzjwS6-erpgo-saas-all-in-one-business-erp-with-project-account-hrm-crm-pos/main-file/packages/dionone/SupportTicket/src/Resources/js/Pages/FAQ/ImportDialog.tsx'
    Imported via '@/components/ui/button' from file 'C:/Users/DION-SERVER/Desktop/codecanyon-FOhzjwS6-erpgo-saas-all-in-one-business-erp-with-project-account-hrm-crm-pos/main-file/packages/dionone/SupportTicket/src/Resources/js/Pages/FAQ/Index.tsx'
    Imported via "@/components/ui/button" from file 'C:/Users/DION-SERVER/Desktop/codecanyon-FOhzjwS6-erpgo-saas-all-in-one-business-erp-with-project-account-hrm-crm-pos/main-file/packages/dionone/SupportTicket/src/Resources/js/Pages/Frontend/Contact.tsx'
    Imported via "@/components/ui/button" from file 'C:/Users/DION-SERVER/Desktop/codecanyon-FOhzjwS6-erpgo-saas-all-in-one-business-erp-with-project-account-hrm-crm-pos/main-file/packages/dionone/SupportTicket/src/Resources/js/Pages/Frontend/CreateTicket.tsx'
    Imported via "@/components/ui/button" from file 'C:/Users/DION-SERVER/Desktop/codecanyon-FOhzjwS6-erpgo-saas-all-in-one-business-erp-with-project-account-hrm-crm-pos/main-file/packages/dionone/SupportTicket/src/Resources/js/Pages/Frontend/Faq.tsx'
    Imported via "@/components/ui/button" from file 'C:/Users/DION-SERVER/Desktop/codecanyon-FOhzjwS6-erpgo-saas-all-in-one-business-erp-with-project-account-hrm-crm-pos/main-file/packages/dionone/SupportTicket/src/Resources/js/Pages/Frontend/Index.tsx'
    Imported via "@/components/ui/button" from file 'C:/Users/DION-SERVER/Desktop/codecanyon-FOhzjwS6-erpgo-saas-all-in-one-business-erp-with-project-account-hrm-crm-pos/main-file/packages/dionone/SupportTicket/src/Resources/js/Pages/Frontend/Knowledge.tsx'
    Imported via "@/components/ui/button" from file 'C:/Users/DION-SERVER/Desktop/codecanyon-FOhzjwS6-erpgo-saas-all-in-one-business-erp-with-project-account-hrm-crm-pos/main-file/packages/dionone/SupportTicket/src/Resources/js/Pages/Frontend/KnowledgeArticle.tsx'
    Imported via "@/components/ui/button" from file 'C:/Users/DION-SERVER/Desktop/codecanyon-FOhzjwS6-erpgo-saas-all-in-one-business-erp-with-project-account-hrm-crm-pos/main-file/packages/dionone/SupportTicket/src/Resources/js/Pages/Frontend/SearchTicket.tsx'
    Imported via '@/components/ui/button' from file 'C:/Users/DION-SERVER/Desktop/codecanyon-FOhzjwS6-erpgo-saas-all-in-one-business-erp-with-project-account-hrm-crm-pos/main-file/packages/dionone/SupportTicket/src/Resources/js/Pages/Knowledge/Create.tsx'
    Imported via '@/components/ui/button' from file 'C:/Users/DION-SERVER/Desktop/codecanyon-FOhzjwS6-erpgo-saas-all-in-one-business-erp-with-project-account-hrm-crm-pos/main-file/packages/dionone/SupportTicket/src/Resources/js/Pages/Knowledge/Edit.tsx'
    Imported via '@/components/ui/button' from file 'C:/Users/DION-SERVER/Desktop/codecanyon-FOhzjwS6-erpgo-saas-all-in-one-business-erp-with-project-account-hrm-crm-pos/main-file/packages/dionone/SupportTicket/src/Resources/js/Pages/Knowledge/Import.tsx'
    Imported via '@/components/ui/button' from file 'C:/Users/DION-SERVER/Desktop/codecanyon-FOhzjwS6-erpgo-saas-all-in-one-business-erp-with-project-account-hrm-crm-pos/main-file/packages/dionone/SupportTicket/src/Resources/js/Pages/Knowledge/ImportDialog.tsx'
    Imported via '@/components/ui/button' from file 'C:/Users/DION-SERVER/Desktop/codecanyon-FOhzjwS6-erpgo-saas-all-in-one-business-erp-with-project-account-hrm-crm-pos/main-file/packages/dionone/SupportTicket/src/Resources/js/Pages/Knowledge/Index.tsx'
    Imported via "@/components/ui/button" from file 'C:/Users/DION-SERVER/Desktop/codecanyon-FOhzjwS6-erpgo-saas-all-in-one-business-erp-with-project-account-hrm-crm-pos/main-file/packages/dionone/SupportTicket/src/Resources/js/Pages/SystemSetup/SystemSetupSidebar.tsx'
    Imported via '@/components/ui/button' from file 'C:/Users/DION-SERVER/Desktop/codecanyon-FOhzjwS6-erpgo-saas-all-in-one-business-erp-with-project-account-hrm-crm-pos/main-file/packages/dionone/SupportTicket/src/Resources/js/Pages/SystemSetup/cta-section.tsx'
    Imported via '@/components/ui/button' from file 'C:/Users/DION-SERVER/Desktop/codecanyon-FOhzjwS6-erpgo-saas-all-in-one-business-erp-with-project-account-hrm-crm-pos/main-file/packages/dionone/SupportTicket/src/Resources/js/Pages/SystemSetup/support-information.tsx'
    Imported via '@/components/ui/button' from file 'C:/Users/DION-SERVER/Desktop/codecanyon-FOhzjwS6-erpgo-saas-all-in-one-business-erp-with-project-account-hrm-crm-pos/main-file/packages/dionone/SupportTicket/src/Resources/js/Pages/SystemSetup/title-section.tsx'
    Imported via '@/components/ui/button' from file 'C:/Users/DION-SERVER/Desktop/codecanyon-FOhzjwS6-erpgo-saas-all-in-one-business-erp-with-project-account-hrm-crm-pos/main-file/packages/dionone/SupportTicket/src/Resources/js/Pages/SystemSetup/BrandSettings/Index.tsx'
    Imported via '@/components/ui/button' from file 'C:/Users/DION-SERVER/Desktop/codecanyon-FOhzjwS6-erpgo-saas-all-in-one-business-erp-with-project-account-hrm-crm-pos/main-file/packages/dionone/SupportTicket/src/Resources/js/Pages/SystemSetup/Categories/Create.tsx'
    Imported via '@/components/ui/button' from file 'C:/Users/DION-SERVER/Desktop/codecanyon-FOhzjwS6-erpgo-saas-all-in-one-business-erp-with-project-account-hrm-crm-pos/main-file/packages/dionone/SupportTicket/src/Resources/js/Pages/SystemSetup/Categories/Edit.tsx'
    Imported via '@/components/ui/button' from file 'C:/Users/DION-SERVER/Desktop/codecanyon-FOhzjwS6-erpgo-saas-all-in-one-business-erp-with-project-account-hrm-crm-pos/main-file/packages/dionone/SupportTicket/src/Resources/js/Pages/SystemSetup/Categories/Index.tsx'
    Imported via "@/components/ui/button" from file 'C:/Users/DION-SERVER/Desktop/codecanyon-FOhzjwS6-erpgo-saas-all-in-one-business-erp-with-project-account-hrm-crm-pos/main-file/packages/dionone/SupportTicket/src/Resources/js/Pages/SystemSetup/ContactInformation/Index.tsx'
    Imported via '@/components/ui/button' from file 'C:/Users/DION-SERVER/Desktop/codecanyon-FOhzjwS6-erpgo-saas-all-in-one-business-erp-with-project-account-hrm-crm-pos/main-file/packages/dionone/SupportTicket/src/Resources/js/Pages/SystemSetup/CustomPages/Create.tsx'
    Imported via '@/components/ui/button' from file 'C:/Users/DION-SERVER/Desktop/codecanyon-FOhzjwS6-erpgo-saas-all-in-one-business-erp-with-project-account-hrm-crm-pos/main-file/packages/dionone/SupportTicket/src/Resources/js/Pages/SystemSetup/CustomPages/Edit.tsx'
    Imported via '@/components/ui/button' from file 'C:/Users/DION-SERVER/Desktop/codecanyon-FOhzjwS6-erpgo-saas-all-in-one-business-erp-with-project-account-hrm-crm-pos/main-file/packages/dionone/SupportTicket/src/Resources/js/Pages/SystemSetup/CustomPages/Index.tsx'
    Imported via '@/components/ui/button' from file 'C:/Users/DION-SERVER/Desktop/codecanyon-FOhzjwS6-erpgo-saas-all-in-one-business-erp-with-project-account-hrm-crm-pos/main-file/packages/dionone/SupportTicket/src/Resources/js/Pages/SystemSetup/KnowledgeCategories/Create.tsx'
    Imported via '@/components/ui/button' from file 'C:/Users/DION-SERVER/Desktop/codecanyon-FOhzjwS6-erpgo-saas-all-in-one-business-erp-with-project-account-hrm-crm-pos/main-file/packages/dionone/SupportTicket/src/Resources/js/Pages/SystemSetup/KnowledgeCategories/Edit.tsx'
    Imported via '@/components/ui/button' from file 'C:/Users/DION-SERVER/Desktop/codecanyon-FOhzjwS6-erpgo-saas-all-in-one-business-erp-with-project-account-hrm-crm-pos/main-file/packages/dionone/SupportTicket/src/Resources/js/Pages/SystemSetup/KnowledgeCategories/Index.tsx'
    Imported via '@/components/ui/button' from file 'C:/Users/DION-SERVER/Desktop/codecanyon-FOhzjwS6-erpgo-saas-all-in-one-business-erp-with-project-account-hrm-crm-pos/main-file/packages/dionone/SupportTicket/src/Resources/js/Pages/SystemSetup/PrivacyPolicy/Index.tsx'
    Imported via '@/components/ui/button' from file 'C:/Users/DION-SERVER/Desktop/codecanyon-FOhzjwS6-erpgo-saas-all-in-one-business-erp-with-project-account-hrm-crm-pos/main-file/packages/dionone/SupportTicket/src/Resources/js/Pages/SystemSetup/QuickLinks/Create.tsx'
    Imported via '@/components/ui/button' from file 'C:/Users/DION-SERVER/Desktop/codecanyon-FOhzjwS6-erpgo-saas-all-in-one-business-erp-with-project-account-hrm-crm-pos/main-file/packages/dionone/SupportTicket/src/Resources/js/Pages/SystemSetup/QuickLinks/Edit.tsx'
    Imported via '@/components/ui/button' from file 'C:/Users/DION-SERVER/Desktop/codecanyon-FOhzjwS6-erpgo-saas-all-in-one-business-erp-with-project-account-hrm-crm-pos/main-file/packages/dionone/SupportTicket/src/Resources/js/Pages/SystemSetup/QuickLinks/Index.tsx'
    Imported via '@/components/ui/button' from file 'C:/Users/DION-SERVER/Desktop/codecanyon-FOhzjwS6-erpgo-saas-all-in-one-business-erp-with-project-account-hrm-crm-pos/main-file/packages/dionone/SupportTicket/src/Resources/js/Pages/SystemSetup/TermsConditions/Index.tsx'
    Imported via '@/components/ui/button' from file 'C:/Users/DION-SERVER/Desktop/codecanyon-FOhzjwS6-erpgo-saas-all-in-one-business-erp-with-project-account-hrm-crm-pos/main-file/packages/dionone/SupportTicket/src/Resources/js/Pages/Tickets/Create.tsx'
    Imported via '@/components/ui/button' from file 'C:/Users/DION-SERVER/Desktop/codecanyon-FOhzjwS6-erpgo-saas-all-in-one-business-erp-with-project-account-hrm-crm-pos/main-file/packages/dionone/SupportTicket/src/Resources/js/Pages/Tickets/Edit.tsx'
    Imported via '@/components/ui/button' from file 'C:/Users/DION-SERVER/Desktop/codecanyon-FOhzjwS6-erpgo-saas-all-in-one-business-erp-with-project-account-hrm-crm-pos/main-file/packages/dionone/SupportTicket/src/Resources/js/Pages/Tickets/EditReply.tsx'
    Imported via '@/components/ui/button' from file 'C:/Users/DION-SERVER/Desktop/codecanyon-FOhzjwS6-erpgo-saas-all-in-one-business-erp-with-project-account-hrm-crm-pos/main-file/packages/dionone/SupportTicket/src/Resources/js/Pages/Tickets/Index.tsx'
    Imported via '@/Components/ui/button' from file 'C:/Users/DION-SERVER/Desktop/codecanyon-FOhzjwS6-erpgo-saas-all-in-one-business-erp-with-project-account-hrm-crm-pos/main-file/packages/dionone/SupportTicket/src/Resources/js/faq/Import.tsx'
    Imported via '@/Components/ui/button' from file 'C:/Users/DION-SERVER/Desktop/codecanyon-FOhzjwS6-erpgo-saas-all-in-one-business-erp-with-project-account-hrm-crm-pos/main-file/packages/dionone/SupportTicket/src/Resources/js/knowledge/Import.tsx'
    Imported via '@/components/ui/button' from file 'C:/Users/DION-SERVER/Desktop/codecanyon-FOhzjwS6-erpgo-saas-all-in-one-business-erp-with-project-account-hrm-crm-pos/main-file/packages/dionone/SupportTicket/src/Resources/js/settings/components/support-setting.tsx'
    Imported via "@/components/ui/button" from file 'C:/Users/DION-SERVER/Desktop/codecanyon-FOhzjwS6-erpgo-saas-all-in-one-business-erp-with-project-account-hrm-crm-pos/main-file/packages/dionone/Taskly/src/Resources/js/Pages/Bugs/Create.tsx'
    Imported via "@/components/ui/button" from file 'C:/Users/DION-SERVER/Desktop/codecanyon-FOhzjwS6-erpgo-saas-all-in-one-business-erp-with-project-account-hrm-crm-pos/main-file/packages/dionone/Taskly/src/Resources/js/Pages/Bugs/Edit.tsx'
    Imported via '@/components/ui/button' from file 'C:/Users/DION-SERVER/Desktop/codecanyon-FOhzjwS6-erpgo-saas-all-in-one-business-erp-with-project-account-hrm-crm-pos/main-file/packages/dionone/Taskly/src/Resources/js/Pages/Bugs/Index.tsx'
    Imported via "@/components/ui/button" from file 'C:/Users/DION-SERVER/Desktop/codecanyon-FOhzjwS6-erpgo-saas-all-in-one-business-erp-with-project-account-hrm-crm-pos/main-file/packages/dionone/Taskly/src/Resources/js/Pages/Bugs/View.tsx'
    Imported via '@/components/ui/button' from file 'C:/Users/DION-SERVER/Desktop/codecanyon-FOhzjwS6-erpgo-saas-all-in-one-business-erp-with-project-account-hrm-crm-pos/main-file/packages/dionone/Taskly/src/Resources/js/Pages/Bugs/Kanban.tsx'
    Imported via '@/components/ui/button' from file 'C:/Users/DION-SERVER/Desktop/codecanyon-FOhzjwS6-erpgo-saas-all-in-one-business-erp-with-project-account-hrm-crm-pos/main-file/packages/dionone/Taskly/src/Resources/js/Pages/Project/Create.tsx'
    Imported via '@/components/ui/button' from file 'C:/Users/DION-SERVER/Desktop/codecanyon-FOhzjwS6-erpgo-saas-all-in-one-business-erp-with-project-account-hrm-crm-pos/main-file/packages/dionone/Taskly/src/Resources/js/Pages/Project/DuplicateModal.tsx'
    Imported via '@/components/ui/button' from file 'C:/Users/DION-SERVER/Desktop/codecanyon-FOhzjwS6-erpgo-saas-all-in-one-business-erp-with-project-account-hrm-crm-pos/main-file/packages/dionone/Taskly/src/Resources/js/Pages/Project/Edit.tsx'
    Imported via '@/components/ui/button' from file 'C:/Users/DION-SERVER/Desktop/codecanyon-FOhzjwS6-erpgo-saas-all-in-one-business-erp-with-project-account-hrm-crm-pos/main-file/packages/dionone/Taskly/src/Resources/js/Pages/Project/Index.tsx'
    Imported via '@/components/ui/button' from file 'C:/Users/DION-SERVER/Desktop/codecanyon-FOhzjwS6-erpgo-saas-all-in-one-business-erp-with-project-account-hrm-crm-pos/main-file/packages/dionone/Taskly/src/Resources/js/Pages/Project/View.tsx'
    Imported via '@/components/ui/button' from file 'C:/Users/DION-SERVER/Desktop/codecanyon-FOhzjwS6-erpgo-saas-all-in-one-business-erp-with-project-account-hrm-crm-pos/main-file/packages/dionone/Taskly/src/Resources/js/Pages/Report/Index.tsx'
    Imported via "@/components/ui/button" from file 'C:/Users/DION-SERVER/Desktop/codecanyon-FOhzjwS6-erpgo-saas-all-in-one-business-erp-with-project-account-hrm-crm-pos/main-file/packages/dionone/Taskly/src/Resources/js/Pages/SystemSetup/SystemSetupSidebar.tsx'
    Imported via "@/components/ui/button" from file 'C:/Users/DION-SERVER/Desktop/codecanyon-FOhzjwS6-erpgo-saas-all-in-one-business-erp-with-project-account-hrm-crm-pos/main-file/packages/dionone/Taskly/src/Resources/js/Pages/SystemSetup/BugStages/Create.tsx'
    Imported via "@/components/ui/button" from file 'C:/Users/DION-SERVER/Desktop/codecanyon-FOhzjwS6-erpgo-saas-all-in-one-business-erp-with-project-account-hrm-crm-pos/main-file/packages/dionone/Taskly/src/Resources/js/Pages/SystemSetup/BugStages/Edit.tsx'
    Imported via '@/components/ui/button' from file 'C:/Users/DION-SERVER/Desktop/codecanyon-FOhzjwS6-erpgo-saas-all-in-one-business-erp-with-project-account-hrm-crm-pos/main-file/packages/dionone/Taskly/src/Resources/js/Pages/SystemSetup/BugStages/Index.tsx'
    Imported via "@/components/ui/button" from file 'C:/Users/DION-SERVER/Desktop/codecanyon-FOhzjwS6-erpgo-saas-all-in-one-business-erp-with-project-account-hrm-crm-pos/main-file/packages/dionone/Taskly/src/Resources/js/Pages/SystemSetup/TaskStages/Create.tsx'
    Imported via "@/components/ui/button" from file 'C:/Users/DION-SERVER/Desktop/codecanyon-FOhzjwS6-erpgo-saas-all-in-one-business-erp-with-project-account-hrm-crm-pos/main-file/packages/dionone/Taskly/src/Resources/js/Pages/SystemSetup/TaskStages/Edit.tsx'
    Imported via '@/components/ui/button' from file 'C:/Users/DION-SERVER/Desktop/codecanyon-FOhzjwS6-erpgo-saas-all-in-one-business-erp-with-project-account-hrm-crm-pos/main-file/packages/dionone/Taskly/src/Resources/js/Pages/SystemSetup/TaskStages/Index.tsx'
    Imported via '@/components/ui/button' from file 'C:/Users/DION-SERVER/Desktop/codecanyon-FOhzjwS6-erpgo-saas-all-in-one-business-erp-with-project-account-hrm-crm-pos/main-file/packages/dionone/Taskly/src/Resources/js/Pages/Tasks/Calendar.tsx'
    Imported via '@/components/ui/button' from file 'C:/Users/DION-SERVER/Desktop/codecanyon-FOhzjwS6-erpgo-saas-all-in-one-business-erp-with-project-account-hrm-crm-pos/main-file/packages/dionone/Taskly/src/Resources/js/Pages/Tasks/Create.tsx'
    Imported via '@/components/ui/button' from file 'C:/Users/DION-SERVER/Desktop/codecanyon-FOhzjwS6-erpgo-saas-all-in-one-business-erp-with-project-account-hrm-crm-pos/main-file/packages/dionone/Taskly/src/Resources/js/Pages/Tasks/Edit.tsx'
    Imported via '@/components/ui/button' from file 'C:/Users/DION-SERVER/Desktop/codecanyon-FOhzjwS6-erpgo-saas-all-in-one-business-erp-with-project-account-hrm-crm-pos/main-file/packages/dionone/Taskly/src/Resources/js/Pages/Tasks/Index.tsx'
    Imported via "@/components/ui/button" from file 'C:/Users/DION-SERVER/Desktop/codecanyon-FOhzjwS6-erpgo-saas-all-in-one-business-erp-with-project-account-hrm-crm-pos/main-file/packages/dionone/Taskly/src/Resources/js/Pages/Tasks/View.tsx'
    Imported via '@/components/ui/button' from file 'C:/Users/DION-SERVER/Desktop/codecanyon-FOhzjwS6-erpgo-saas-all-in-one-business-erp-with-project-account-hrm-crm-pos/main-file/packages/dionone/Taskly/src/Resources/js/Pages/Tasks/Kanban.tsx'
    Imported via '@/components/ui/button' from file 'C:/Users/DION-SERVER/Desktop/codecanyon-FOhzjwS6-erpgo-saas-all-in-one-business-erp-with-project-account-hrm-crm-pos/main-file/packages/dionone/Telegram/src/Resources/js/settings/components/telegram-settings.tsx'
    Imported via "@/components/ui/button" from file 'C:/Users/DION-SERVER/Desktop/codecanyon-FOhzjwS6-erpgo-saas-all-in-one-business-erp-with-project-account-hrm-crm-pos/main-file/packages/dionone/Timesheet/src/Resources/js/Pages/Create.tsx'
    Imported via "@/components/ui/button" from file 'C:/Users/DION-SERVER/Desktop/codecanyon-FOhzjwS6-erpgo-saas-all-in-one-business-erp-with-project-account-hrm-crm-pos/main-file/packages/dionone/Timesheet/src/Resources/js/Pages/Edit.tsx'
    Imported via '@/components/ui/button' from file 'C:/Users/DION-SERVER/Desktop/codecanyon-FOhzjwS6-erpgo-saas-all-in-one-business-erp-with-project-account-hrm-crm-pos/main-file/packages/dionone/Timesheet/src/Resources/js/Pages/Index.tsx'
    Imported via '@/components/ui/button' from file 'C:/Users/DION-SERVER/Desktop/codecanyon-FOhzjwS6-erpgo-saas-all-in-one-business-erp-with-project-account-hrm-crm-pos/main-file/packages/dionone/Training/src/Resources/js/Pages/feedbacks/index.tsx'
    Imported via '@/components/ui/button' from file 'C:/Users/DION-SERVER/Desktop/codecanyon-FOhzjwS6-erpgo-saas-all-in-one-business-erp-with-project-account-hrm-crm-pos/main-file/packages/dionone/Training/src/Resources/js/Pages/tasks/create.tsx'
    Imported via '@/components/ui/button' from file 'C:/Users/DION-SERVER/Desktop/codecanyon-FOhzjwS6-erpgo-saas-all-in-one-business-erp-with-project-account-hrm-crm-pos/main-file/packages/dionone/Training/src/Resources/js/Pages/tasks/edit.tsx'
    Imported via '@/components/ui/button' from file 'C:/Users/DION-SERVER/Desktop/codecanyon-FOhzjwS6-erpgo-saas-all-in-one-business-erp-with-project-account-hrm-crm-pos/main-file/packages/dionone/Training/src/Resources/js/Pages/tasks/index.tsx'
    Imported via '@/components/ui/button' from file 'C:/Users/DION-SERVER/Desktop/codecanyon-FOhzjwS6-erpgo-saas-all-in-one-business-erp-with-project-account-hrm-crm-pos/main-file/packages/dionone/Training/src/Resources/js/Pages/trainers/create.tsx'
    Imported via '@/components/ui/button' from file 'C:/Users/DION-SERVER/Desktop/codecanyon-FOhzjwS6-erpgo-saas-all-in-one-business-erp-with-project-account-hrm-crm-pos/main-file/packages/dionone/Training/src/Resources/js/Pages/trainers/edit.tsx'
    Imported via '@/components/ui/button' from file 'C:/Users/DION-SERVER/Desktop/codecanyon-FOhzjwS6-erpgo-saas-all-in-one-business-erp-with-project-account-hrm-crm-pos/main-file/packages/dionone/Training/src/Resources/js/Pages/trainers/index.tsx'
    Imported via '@/components/ui/button' from file 'C:/Users/DION-SERVER/Desktop/codecanyon-FOhzjwS6-erpgo-saas-all-in-one-business-erp-with-project-account-hrm-crm-pos/main-file/packages/dionone/Training/src/Resources/js/Pages/training-types/create.tsx'
    Imported via '@/components/ui/button' from file 'C:/Users/DION-SERVER/Desktop/codecanyon-FOhzjwS6-erpgo-saas-all-in-one-business-erp-with-project-account-hrm-crm-pos/main-file/packages/dionone/Training/src/Resources/js/Pages/training-types/edit.tsx'
    Imported via '@/components/ui/button' from file 'C:/Users/DION-SERVER/Desktop/codecanyon-FOhzjwS6-erpgo-saas-all-in-one-business-erp-with-project-account-hrm-crm-pos/main-file/packages/dionone/Training/src/Resources/js/Pages/training-types/index.tsx'
    Imported via '@/components/ui/button' from file 'C:/Users/DION-SERVER/Desktop/codecanyon-FOhzjwS6-erpgo-saas-all-in-one-business-erp-with-project-account-hrm-crm-pos/main-file/packages/dionone/Training/src/Resources/js/Pages/trainings/create.tsx'
    Imported via '@/components/ui/button' from file 'C:/Users/DION-SERVER/Desktop/codecanyon-FOhzjwS6-erpgo-saas-all-in-one-business-erp-with-project-account-hrm-crm-pos/main-file/packages/dionone/Training/src/Resources/js/Pages/trainings/edit.tsx'
    Imported via '@/components/ui/button' from file 'C:/Users/DION-SERVER/Desktop/codecanyon-FOhzjwS6-erpgo-saas-all-in-one-business-erp-with-project-account-hrm-crm-pos/main-file/packages/dionone/Training/src/Resources/js/Pages/trainings/index.tsx'
    Imported via '@/components/ui/button' from file 'C:/Users/DION-SERVER/Desktop/codecanyon-FOhzjwS6-erpgo-saas-all-in-one-business-erp-with-project-account-hrm-crm-pos/main-file/packages/dionone/Twilio/src/Resources/js/settings/components/twilio-settings.tsx'
    Imported via '@/components/ui/button' from file 'C:/Users/DION-SERVER/Desktop/codecanyon-FOhzjwS6-erpgo-saas-all-in-one-business-erp-with-project-account-hrm-crm-pos/main-file/packages/dionone/Webhook/src/Resources/js/settings/components/webhook-settings.tsx'
    Imported via "@/components/ui/button" from file 'C:/Users/DION-SERVER/Desktop/codecanyon-FOhzjwS6-erpgo-saas-all-in-one-business-erp-with-project-account-hrm-crm-pos/main-file/packages/dionone/ZoomMeeting/src/Resources/js/Pages/ZoomMeetings/Create.tsx'
    Imported via "@/components/ui/button" from file 'C:/Users/DION-SERVER/Desktop/codecanyon-FOhzjwS6-erpgo-saas-all-in-one-business-erp-with-project-account-hrm-crm-pos/main-file/packages/dionone/ZoomMeeting/src/Resources/js/Pages/ZoomMeetings/Edit.tsx'
    Imported via '@/components/ui/button' from file 'C:/Users/DION-SERVER/Desktop/codecanyon-FOhzjwS6-erpgo-saas-all-in-one-business-erp-with-project-account-hrm-crm-pos/main-file/packages/dionone/ZoomMeeting/src/Resources/js/Pages/ZoomMeetings/Index.tsx'
    Imported via '@/components/ui/button' from file 'C:/Users/DION-SERVER/Desktop/codecanyon-FOhzjwS6-erpgo-saas-all-in-one-business-erp-with-project-account-hrm-crm-pos/main-file/packages/dionone/ZoomMeeting/src/Resources/js/Pages/ZoomMeetings/Show.tsx'
    Imported via '@/components/ui/button' from file 'C:/Users/DION-SERVER/Desktop/codecanyon-FOhzjwS6-erpgo-saas-all-in-one-business-erp-with-project-account-hrm-crm-pos/main-file/packages/dionone/ZoomMeeting/src/Resources/js/settings/components/zoom-meeting-settings.tsx'
packages/dionone/SupportTicket/src/Resources/js/faq/Import.tsx(5,23): error TS1149: File name 'C:/Users/DION-SERVER/Desktop/codecanyon-FOhzjwS6-erpgo-saas-all-in-one-business-erp-with-project-account-hrm-crm-pos/main-file/resources/js/Components/ui/input.tsx' differs from already included file name 'C:/Users/DION-SERVER/Desktop/codecanyon-FOhzjwS6-erpgo-saas-all-in-one-business-erp-with-project-account-hrm-crm-pos/main-file/resources/js/components/ui/input.tsx' only in casing.
  The file is in the program because:
    Imported via '@/components/ui/input' from file 'C:/Users/DION-SERVER/Desktop/codecanyon-FOhzjwS6-erpgo-saas-all-in-one-business-erp-with-project-account-hrm-crm-pos/main-file/resources/js/pages/settings/components/brand-settings.tsx'
    Imported via './ui/input' from file 'C:/Users/DION-SERVER/Desktop/codecanyon-FOhzjwS6-erpgo-saas-all-in-one-business-erp-with-project-account-hrm-crm-pos/main-file/resources/js/components/MediaPicker.tsx'
    Imported via './ui/input' from file 'C:/Users/DION-SERVER/Desktop/codecanyon-FOhzjwS6-erpgo-saas-all-in-one-business-erp-with-project-account-hrm-crm-pos/main-file/resources/js/components/MediaLibraryModal.tsx'
    Imported via "./input" from file 'C:/Users/DION-SERVER/Desktop/codecanyon-FOhzjwS6-erpgo-saas-all-in-one-business-erp-with-project-account-hrm-crm-pos/main-file/resources/js/components/ui/select.tsx'
    Imported via '@/components/ui/input' from file 'C:/Users/DION-SERVER/Desktop/codecanyon-FOhzjwS6-erpgo-saas-all-in-one-business-erp-with-project-account-hrm-crm-pos/main-file/resources/js/pages/settings/components/company-settings.tsx'
    Imported via '@/components/ui/input' from file 'C:/Users/DION-SERVER/Desktop/codecanyon-FOhzjwS6-erpgo-saas-all-in-one-business-erp-with-project-account-hrm-crm-pos/main-file/resources/js/pages/settings/components/system-settings.tsx'
    Imported via '@/components/ui/input' from file 'C:/Users/DION-SERVER/Desktop/codecanyon-FOhzjwS6-erpgo-saas-all-in-one-business-erp-with-project-account-hrm-crm-pos/main-file/resources/js/pages/settings/components/currency-settings.tsx'
    Imported via '@/components/ui/input' from file 'C:/Users/DION-SERVER/Desktop/codecanyon-FOhzjwS6-erpgo-saas-all-in-one-business-erp-with-project-account-hrm-crm-pos/main-file/resources/js/pages/settings/components/seo-settings.tsx'
    Imported via '@/components/ui/input' from file 'C:/Users/DION-SERVER/Desktop/codecanyon-FOhzjwS6-erpgo-saas-all-in-one-business-erp-with-project-account-hrm-crm-pos/main-file/resources/js/pages/settings/components/storage-settings.tsx'
    Imported via '@/components/ui/input' from file 'C:/Users/DION-SERVER/Desktop/codecanyon-FOhzjwS6-erpgo-saas-all-in-one-business-erp-with-project-account-hrm-crm-pos/main-file/resources/js/pages/settings/components/email-settings.tsx'
    Imported via '@/components/ui/input' from file 'C:/Users/DION-SERVER/Desktop/codecanyon-FOhzjwS6-erpgo-saas-all-in-one-business-erp-with-project-account-hrm-crm-pos/main-file/resources/js/pages/settings/components/pusher-settings.tsx'
    Imported via '@/components/ui/input' from file 'C:/Users/DION-SERVER/Desktop/codecanyon-FOhzjwS6-erpgo-saas-all-in-one-business-erp-with-project-account-hrm-crm-pos/main-file/resources/js/pages/settings/components/cookie-settings.tsx'
    Imported via '@/components/ui/input' from file 'C:/Users/DION-SERVER/Desktop/codecanyon-FOhzjwS6-erpgo-saas-all-in-one-business-erp-with-project-account-hrm-crm-pos/main-file/resources/js/pages/settings/components/bank-transfer-settings.tsx'
    Imported via './input' from file 'C:/Users/DION-SERVER/Desktop/codecanyon-FOhzjwS6-erpgo-saas-all-in-one-business-erp-with-project-account-hrm-crm-pos/main-file/resources/js/components/ui/icon-picker.tsx'
    Imported via "@/components/ui/input" from file 'C:/Users/DION-SERVER/Desktop/codecanyon-FOhzjwS6-erpgo-saas-all-in-one-business-erp-with-project-account-hrm-crm-pos/main-file/resources/js/components/ui/sidebar.tsx'
    Imported via '@/components/ui/input' from file 'C:/Users/DION-SERVER/Desktop/codecanyon-FOhzjwS6-erpgo-saas-all-in-one-business-erp-with-project-account-hrm-crm-pos/main-file/resources/js/components/create-language-modal.tsx'
    Imported via '@/components/ui/input' from file 'C:/Users/DION-SERVER/Desktop/codecanyon-FOhzjwS6-erpgo-saas-all-in-one-business-erp-with-project-account-hrm-crm-pos/main-file/resources/js/components/components/create-language-modal.tsx'
    Imported via '@/components/ui/input' from file 'C:/Users/DION-SERVER/Desktop/codecanyon-FOhzjwS6-erpgo-saas-all-in-one-business-erp-with-project-account-hrm-crm-pos/main-file/resources/js/components/components/ui/module-card.tsx'
    Imported via "@/components/ui/input" from file 'C:/Users/DION-SERVER/Desktop/codecanyon-FOhzjwS6-erpgo-saas-all-in-one-business-erp-with-project-account-hrm-crm-pos/main-file/resources/js/components/components/ui/sidebar.tsx'
    Imported via '@/components/ui/input' from file 'C:/Users/DION-SERVER/Desktop/codecanyon-FOhzjwS6-erpgo-saas-all-in-one-business-erp-with-project-account-hrm-crm-pos/main-file/resources/js/components/components/ui/translation-item.tsx'
    Imported via './input' from file 'C:/Users/DION-SERVER/Desktop/codecanyon-FOhzjwS6-erpgo-saas-all-in-one-business-erp-with-project-account-hrm-crm-pos/main-file/resources/js/components/ui/currency-input.tsx'
    Imported via './input' from file 'C:/Users/DION-SERVER/Desktop/codecanyon-FOhzjwS6-erpgo-saas-all-in-one-business-erp-with-project-account-hrm-crm-pos/main-file/resources/js/components/ui/data-table.tsx'
    Matched by include pattern 'resources/js/**/*.tsx' in 'C:/Users/DION-SERVER/Desktop/codecanyon-FOhzjwS6-erpgo-saas-all-in-one-business-erp-with-project-account-hrm-crm-pos/main-file/tsconfig.json'
    Imported via '@/components/ui/input' from file 'C:/Users/DION-SERVER/Desktop/codecanyon-FOhzjwS6-erpgo-saas-all-in-one-business-erp-with-project-account-hrm-crm-pos/main-file/resources/js/components/ui/module-card.tsx'
    Imported via "./input" from file 'C:/Users/DION-SERVER/Desktop/codecanyon-FOhzjwS6-erpgo-saas-all-in-one-business-erp-with-project-account-hrm-crm-pos/main-file/resources/js/components/ui/multi-select-enhanced.tsx'
    Imported via './input' from file 'C:/Users/DION-SERVER/Desktop/codecanyon-FOhzjwS6-erpgo-saas-all-in-one-business-erp-with-project-account-hrm-crm-pos/main-file/resources/js/components/ui/phone-input.tsx'
    Imported via "./input" from file 'C:/Users/DION-SERVER/Desktop/codecanyon-FOhzjwS6-erpgo-saas-all-in-one-business-erp-with-project-account-hrm-crm-pos/main-file/resources/js/components/ui/repeater.tsx'
    Imported via "./input" from file 'C:/Users/DION-SERVER/Desktop/codecanyon-FOhzjwS6-erpgo-saas-all-in-one-business-erp-with-project-account-hrm-crm-pos/main-file/resources/js/components/ui/search-input.tsx'
    Imported via "./input" from file 'C:/Users/DION-SERVER/Desktop/codecanyon-FOhzjwS6-erpgo-saas-all-in-one-business-erp-with-project-account-hrm-crm-pos/main-file/resources/js/components/ui/tags-input.tsx'
    Imported via '@/components/ui/input' from file 'C:/Users/DION-SERVER/Desktop/codecanyon-FOhzjwS6-erpgo-saas-all-in-one-business-erp-with-project-account-hrm-crm-pos/main-file/resources/js/components/ui/translation-item.tsx'
    Imported via '@/components/ui/input' from file 'C:/Users/DION-SERVER/Desktop/codecanyon-FOhzjwS6-erpgo-saas-all-in-one-business-erp-with-project-account-hrm-crm-pos/main-file/resources/js/pages/media-library.tsx'
    Imported via '@/components/ui/input' from file 'C:/Users/DION-SERVER/Desktop/codecanyon-FOhzjwS6-erpgo-saas-all-in-one-business-erp-with-project-account-hrm-crm-pos/main-file/resources/js/pages/EmailTemplates/Edit.tsx'
    Imported via '@/components/ui/input' from file 'C:/Users/DION-SERVER/Desktop/codecanyon-FOhzjwS6-erpgo-saas-all-in-one-business-erp-with-project-account-hrm-crm-pos/main-file/resources/js/pages/EmailTemplates/Index.tsx'
    Imported via '@/components/ui/input' from file 'C:/Users/DION-SERVER/Desktop/codecanyon-FOhzjwS6-erpgo-saas-all-in-one-business-erp-with-project-account-hrm-crm-pos/main-file/resources/js/pages/EmailTemplates/EmailTemplates/Edit.tsx'
    Imported via '@/components/ui/input' from file 'C:/Users/DION-SERVER/Desktop/codecanyon-FOhzjwS6-erpgo-saas-all-in-one-business-erp-with-project-account-hrm-crm-pos/main-file/resources/js/pages/EmailTemplates/EmailTemplates/Index.tsx'
    Imported via '@/components/ui/input' from file 'C:/Users/DION-SERVER/Desktop/codecanyon-FOhzjwS6-erpgo-saas-all-in-one-business-erp-with-project-account-hrm-crm-pos/main-file/resources/js/pages/Installer/Environment.tsx'
    Imported via '@/components/ui/input' from file 'C:/Users/DION-SERVER/Desktop/codecanyon-FOhzjwS6-erpgo-saas-all-in-one-business-erp-with-project-account-hrm-crm-pos/main-file/resources/js/pages/Installer/Installer/Environment.tsx'
    Imported via '@/components/ui/input' from file 'C:/Users/DION-SERVER/Desktop/codecanyon-FOhzjwS6-erpgo-saas-all-in-one-business-erp-with-project-account-hrm-crm-pos/main-file/resources/js/pages/MissionCommand/AffiliateEngine/Index.tsx'
    Imported via '@/components/ui/input' from file 'C:/Users/DION-SERVER/Desktop/codecanyon-FOhzjwS6-erpgo-saas-all-in-one-business-erp-with-project-account-hrm-crm-pos/main-file/resources/js/pages/MissionCommand/SecurityAudit/Index.tsx'
    Imported via '@/components/ui/input' from file 'C:/Users/DION-SERVER/Desktop/codecanyon-FOhzjwS6-erpgo-saas-all-in-one-business-erp-with-project-account-hrm-crm-pos/main-file/resources/js/pages/MissionCommand/UnifiedInbox/Index.tsx'
    Imported via '@/components/ui/input' from file 'C:/Users/DION-SERVER/Desktop/codecanyon-FOhzjwS6-erpgo-saas-all-in-one-business-erp-with-project-account-hrm-crm-pos/main-file/resources/js/pages/Purchase/components/InvoiceItemsTable.tsx'
    Imported via '@/components/ui/input' from file 'C:/Users/DION-SERVER/Desktop/codecanyon-FOhzjwS6-erpgo-saas-all-in-one-business-erp-with-project-account-hrm-crm-pos/main-file/resources/js/pages/Purchase/Create.tsx'
    Imported via '@/components/ui/input' from file 'C:/Users/DION-SERVER/Desktop/codecanyon-FOhzjwS6-erpgo-saas-all-in-one-business-erp-with-project-account-hrm-crm-pos/main-file/resources/js/pages/Purchase/Edit.tsx'
    Imported via '@/components/ui/input' from file 'C:/Users/DION-SERVER/Desktop/codecanyon-FOhzjwS6-erpgo-saas-all-in-one-business-erp-with-project-account-hrm-crm-pos/main-file/resources/js/pages/Purchase/Index.tsx'
    Imported via '@/components/ui/input' from file 'C:/Users/DION-SERVER/Desktop/codecanyon-FOhzjwS6-erpgo-saas-all-in-one-business-erp-with-project-account-hrm-crm-pos/main-file/resources/js/pages/Purchase/Purchase/components/InvoiceItemsTable.tsx'
    Imported via '@/components/ui/input' from file 'C:/Users/DION-SERVER/Desktop/codecanyon-FOhzjwS6-erpgo-saas-all-in-one-business-erp-with-project-account-hrm-crm-pos/main-file/resources/js/pages/Purchase/Purchase/Create.tsx'
    Imported via '@/components/ui/input' from file 'C:/Users/DION-SERVER/Desktop/codecanyon-FOhzjwS6-erpgo-saas-all-in-one-business-erp-with-project-account-hrm-crm-pos/main-file/resources/js/pages/Purchase/Purchase/Edit.tsx'
    Imported via '@/components/ui/input' from file 'C:/Users/DION-SERVER/Desktop/codecanyon-FOhzjwS6-erpgo-saas-all-in-one-business-erp-with-project-account-hrm-crm-pos/main-file/resources/js/pages/Purchase/Purchase/Index.tsx'
    Imported via '@/components/ui/input' from file 'C:/Users/DION-SERVER/Desktop/codecanyon-FOhzjwS6-erpgo-saas-all-in-one-business-erp-with-project-account-hrm-crm-pos/main-file/resources/js/pages/PurchaseReturns/Create.tsx'
    Imported via '@/components/ui/input' from file 'C:/Users/DION-SERVER/Desktop/codecanyon-FOhzjwS6-erpgo-saas-all-in-one-business-erp-with-project-account-hrm-crm-pos/main-file/resources/js/pages/PurchaseReturns/PurchaseReturns/Create.tsx'
    Imported via '@/components/ui/input' from file 'C:/Users/DION-SERVER/Desktop/codecanyon-FOhzjwS6-erpgo-saas-all-in-one-business-erp-with-project-account-hrm-crm-pos/main-file/resources/js/pages/Sales/components/InvoiceItemsTable.tsx'
    Imported via '@/components/ui/input' from file 'C:/Users/DION-SERVER/Desktop/codecanyon-FOhzjwS6-erpgo-saas-all-in-one-business-erp-with-project-account-hrm-crm-pos/main-file/resources/js/pages/Sales/Create.tsx'
    Imported via '@/components/ui/input' from file 'C:/Users/DION-SERVER/Desktop/codecanyon-FOhzjwS6-erpgo-saas-all-in-one-business-erp-with-project-account-hrm-crm-pos/main-file/resources/js/pages/Sales/Edit.tsx'
    Imported via '@/components/ui/input' from file 'C:/Users/DION-SERVER/Desktop/codecanyon-FOhzjwS6-erpgo-saas-all-in-one-business-erp-with-project-account-hrm-crm-pos/main-file/resources/js/pages/Sales/Sales/components/InvoiceItemsTable.tsx'
    Imported via '@/components/ui/input' from file 'C:/Users/DION-SERVER/Desktop/codecanyon-FOhzjwS6-erpgo-saas-all-in-one-business-erp-with-project-account-hrm-crm-pos/main-file/resources/js/pages/Sales/Sales/Create.tsx'
    Imported via '@/components/ui/input' from file 'C:/Users/DION-SERVER/Desktop/codecanyon-FOhzjwS6-erpgo-saas-all-in-one-business-erp-with-project-account-hrm-crm-pos/main-file/resources/js/pages/Sales/Sales/Edit.tsx'
    Imported via '@/components/ui/input' from file 'C:/Users/DION-SERVER/Desktop/codecanyon-FOhzjwS6-erpgo-saas-all-in-one-business-erp-with-project-account-hrm-crm-pos/main-file/resources/js/pages/SalesProposals/Create.tsx'
    Imported via '@/components/ui/input' from file 'C:/Users/DION-SERVER/Desktop/codecanyon-FOhzjwS6-erpgo-saas-all-in-one-business-erp-with-project-account-hrm-crm-pos/main-file/resources/js/pages/SalesProposals/Edit.tsx'
    Imported via '@/components/ui/input' from file 'C:/Users/DION-SERVER/Desktop/codecanyon-FOhzjwS6-erpgo-saas-all-in-one-business-erp-with-project-account-hrm-crm-pos/main-file/resources/js/pages/SalesProposals/SalesProposals/Create.tsx'
    Imported via '@/components/ui/input' from file 'C:/Users/DION-SERVER/Desktop/codecanyon-FOhzjwS6-erpgo-saas-all-in-one-business-erp-with-project-account-hrm-crm-pos/main-file/resources/js/pages/SalesProposals/SalesProposals/Edit.tsx'
    Imported via '@/components/ui/input' from file 'C:/Users/DION-SERVER/Desktop/codecanyon-FOhzjwS6-erpgo-saas-all-in-one-business-erp-with-project-account-hrm-crm-pos/main-file/resources/js/pages/SalesReturns/Create.tsx'
    Imported via '@/components/ui/input' from file 'C:/Users/DION-SERVER/Desktop/codecanyon-FOhzjwS6-erpgo-saas-all-in-one-business-erp-with-project-account-hrm-crm-pos/main-file/resources/js/pages/SalesReturns/SalesReturns/Create.tsx'
    Imported via '@/components/ui/input' from file 'C:/Users/DION-SERVER/Desktop/codecanyon-FOhzjwS6-erpgo-saas-all-in-one-business-erp-with-project-account-hrm-crm-pos/main-file/resources/js/pages/Transfers/Index.tsx'
    Imported via "@/components/ui/input" from file 'C:/Users/DION-SERVER/Desktop/codecanyon-FOhzjwS6-erpgo-saas-all-in-one-business-erp-with-project-account-hrm-crm-pos/main-file/resources/js/pages/Transfers/create.tsx'
    Imported via '@/components/ui/input' from file 'C:/Users/DION-SERVER/Desktop/codecanyon-FOhzjwS6-erpgo-saas-all-in-one-business-erp-with-project-account-hrm-crm-pos/main-file/resources/js/pages/Transfers/Transfers/Index.tsx'
    Imported via "@/components/ui/input" from file 'C:/Users/DION-SERVER/Desktop/codecanyon-FOhzjwS6-erpgo-saas-all-in-one-business-erp-with-project-account-hrm-crm-pos/main-file/resources/js/pages/Transfers/Transfers/create.tsx'
    Imported via '@/components/ui/input' from file 'C:/Users/DION-SERVER/Desktop/codecanyon-FOhzjwS6-erpgo-saas-all-in-one-business-erp-with-project-account-hrm-crm-pos/main-file/resources/js/pages/auth/confirm-password.tsx'
    Imported via '@/components/ui/input' from file 'C:/Users/DION-SERVER/Desktop/codecanyon-FOhzjwS6-erpgo-saas-all-in-one-business-erp-with-project-account-hrm-crm-pos/main-file/resources/js/pages/auth/forgot-password.tsx'
    Imported via "@/components/ui/input" from file 'C:/Users/DION-SERVER/Desktop/codecanyon-FOhzjwS6-erpgo-saas-all-in-one-business-erp-with-project-account-hrm-crm-pos/main-file/resources/js/pages/auth/login.tsx'
    Imported via '@/components/ui/input' from file 'C:/Users/DION-SERVER/Desktop/codecanyon-FOhzjwS6-erpgo-saas-all-in-one-business-erp-with-project-account-hrm-crm-pos/main-file/resources/js/pages/auth/register.tsx'
    Imported via '@/components/ui/input' from file 'C:/Users/DION-SERVER/Desktop/codecanyon-FOhzjwS6-erpgo-saas-all-in-one-business-erp-with-project-account-hrm-crm-pos/main-file/resources/js/pages/auth/reset-password.tsx'
    Imported via '@/components/ui/input' from file 'C:/Users/DION-SERVER/Desktop/codecanyon-FOhzjwS6-erpgo-saas-all-in-one-business-erp-with-project-account-hrm-crm-pos/main-file/resources/js/pages/auth/auth/confirm-password.tsx'
    Imported via '@/components/ui/input' from file 'C:/Users/DION-SERVER/Desktop/codecanyon-FOhzjwS6-erpgo-saas-all-in-one-business-erp-with-project-account-hrm-crm-pos/main-file/resources/js/pages/auth/auth/forgot-password.tsx'
    Imported via "@/components/ui/input" from file 'C:/Users/DION-SERVER/Desktop/codecanyon-FOhzjwS6-erpgo-saas-all-in-one-business-erp-with-project-account-hrm-crm-pos/main-file/resources/js/pages/auth/auth/login.tsx'
    Imported via '@/components/ui/input' from file 'C:/Users/DION-SERVER/Desktop/codecanyon-FOhzjwS6-erpgo-saas-all-in-one-business-erp-with-project-account-hrm-crm-pos/main-file/resources/js/pages/auth/auth/register.tsx'
    Imported via '@/components/ui/input' from file 'C:/Users/DION-SERVER/Desktop/codecanyon-FOhzjwS6-erpgo-saas-all-in-one-business-erp-with-project-account-hrm-crm-pos/main-file/resources/js/pages/auth/auth/reset-password.tsx'
    Imported via '@/components/ui/input' from file 'C:/Users/DION-SERVER/Desktop/codecanyon-FOhzjwS6-erpgo-saas-all-in-one-business-erp-with-project-account-hrm-crm-pos/main-file/resources/js/pages/bank-transfer/index.tsx'
    Imported via '@/components/ui/input' from file 'C:/Users/DION-SERVER/Desktop/codecanyon-FOhzjwS6-erpgo-saas-all-in-one-business-erp-with-project-account-hrm-crm-pos/main-file/resources/js/pages/bank-transfer/bank-transfer/index.tsx'
    Imported via '@/components/ui/input' from file 'C:/Users/DION-SERVER/Desktop/codecanyon-FOhzjwS6-erpgo-saas-all-in-one-business-erp-with-project-account-hrm-crm-pos/main-file/resources/js/pages/coupons/create.tsx'
    Imported via '@/components/ui/input' from file 'C:/Users/DION-SERVER/Desktop/codecanyon-FOhzjwS6-erpgo-saas-all-in-one-business-erp-with-project-account-hrm-crm-pos/main-file/resources/js/pages/coupons/details.tsx'
    Imported via '@/components/ui/input' from file 'C:/Users/DION-SERVER/Desktop/codecanyon-FOhzjwS6-erpgo-saas-all-in-one-business-erp-with-project-account-hrm-crm-pos/main-file/resources/js/pages/coupons/edit.tsx'
    Imported via '@/components/ui/input' from file 'C:/Users/DION-SERVER/Desktop/codecanyon-FOhzjwS6-erpgo-saas-all-in-one-business-erp-with-project-account-hrm-crm-pos/main-file/resources/js/pages/coupons/index.tsx'
    Imported via '@/components/ui/input' from file 'C:/Users/DION-SERVER/Desktop/codecanyon-FOhzjwS6-erpgo-saas-all-in-one-business-erp-with-project-account-hrm-crm-pos/main-file/resources/js/pages/coupons/coupons/create.tsx'
    Imported via '@/components/ui/input' from file 'C:/Users/DION-SERVER/Desktop/codecanyon-FOhzjwS6-erpgo-saas-all-in-one-business-erp-with-project-account-hrm-crm-pos/main-file/resources/js/pages/coupons/coupons/details.tsx'
    Imported via '@/components/ui/input' from file 'C:/Users/DION-SERVER/Desktop/codecanyon-FOhzjwS6-erpgo-saas-all-in-one-business-erp-with-project-account-hrm-crm-pos/main-file/resources/js/pages/coupons/coupons/edit.tsx'
    Imported via '@/components/ui/input' from file 'C:/Users/DION-SERVER/Desktop/codecanyon-FOhzjwS6-erpgo-saas-all-in-one-business-erp-with-project-account-hrm-crm-pos/main-file/resources/js/pages/coupons/coupons/index.tsx'
    Imported via "@/components/ui/input" from file 'C:/Users/DION-SERVER/Desktop/codecanyon-FOhzjwS6-erpgo-saas-all-in-one-business-erp-with-project-account-hrm-crm-pos/main-file/resources/js/pages/helpdesk/categories/create.tsx'
    Imported via "@/components/ui/input" from file 'C:/Users/DION-SERVER/Desktop/codecanyon-FOhzjwS6-erpgo-saas-all-in-one-business-erp-with-project-account-hrm-crm-pos/main-file/resources/js/pages/helpdesk/categories/edit.tsx'
    Imported via "@/components/ui/input" from file 'C:/Users/DION-SERVER/Desktop/codecanyon-FOhzjwS6-erpgo-saas-all-in-one-business-erp-with-project-account-hrm-crm-pos/main-file/resources/js/pages/helpdesk/helpdesk/categories/create.tsx'
    Imported via "@/components/ui/input" from file 'C:/Users/DION-SERVER/Desktop/codecanyon-FOhzjwS6-erpgo-saas-all-in-one-business-erp-with-project-account-hrm-crm-pos/main-file/resources/js/pages/helpdesk/helpdesk/categories/edit.tsx'
    Imported via "@/components/ui/input" from file 'C:/Users/DION-SERVER/Desktop/codecanyon-FOhzjwS6-erpgo-saas-all-in-one-business-erp-with-project-account-hrm-crm-pos/main-file/resources/js/pages/helpdesk/helpdesk/tickets/create.tsx'
    Imported via "@/components/ui/input" from file 'C:/Users/DION-SERVER/Desktop/codecanyon-FOhzjwS6-erpgo-saas-all-in-one-business-erp-with-project-account-hrm-crm-pos/main-file/resources/js/pages/helpdesk/helpdesk/tickets/edit.tsx'
    Imported via '@/components/ui/input' from file 'C:/Users/DION-SERVER/Desktop/codecanyon-FOhzjwS6-erpgo-saas-all-in-one-business-erp-with-project-account-hrm-crm-pos/main-file/resources/js/pages/helpdesk/helpdesk/tickets/index.tsx'
    Imported via "@/components/ui/input" from file 'C:/Users/DION-SERVER/Desktop/codecanyon-FOhzjwS6-erpgo-saas-all-in-one-business-erp-with-project-account-hrm-crm-pos/main-file/resources/js/pages/helpdesk/tickets/create.tsx'
    Imported via "@/components/ui/input" from file 'C:/Users/DION-SERVER/Desktop/codecanyon-FOhzjwS6-erpgo-saas-all-in-one-business-erp-with-project-account-hrm-crm-pos/main-file/resources/js/pages/helpdesk/tickets/edit.tsx'
    Imported via '@/components/ui/input' from file 'C:/Users/DION-SERVER/Desktop/codecanyon-FOhzjwS6-erpgo-saas-all-in-one-business-erp-with-project-account-hrm-crm-pos/main-file/resources/js/pages/helpdesk/tickets/index.tsx'
    Imported via '@/components/ui/input' from file 'C:/Users/DION-SERVER/Desktop/codecanyon-FOhzjwS6-erpgo-saas-all-in-one-business-erp-with-project-account-hrm-crm-pos/main-file/resources/js/pages/languages/manage.tsx'
    Imported via '@/components/ui/input' from file 'C:/Users/DION-SERVER/Desktop/codecanyon-FOhzjwS6-erpgo-saas-all-in-one-business-erp-with-project-account-hrm-crm-pos/main-file/resources/js/pages/languages/languages/manage.tsx'
    Imported via '@/components/ui/input' from file 'C:/Users/DION-SERVER/Desktop/codecanyon-FOhzjwS6-erpgo-saas-all-in-one-business-erp-with-project-account-hrm-crm-pos/main-file/resources/js/pages/messenger/index.tsx'
    Imported via '@/components/ui/input' from file 'C:/Users/DION-SERVER/Desktop/codecanyon-FOhzjwS6-erpgo-saas-all-in-one-business-erp-with-project-account-hrm-crm-pos/main-file/resources/js/pages/messenger/messenger/index.tsx'
    Imported via '@/components/ui/input' from file 'C:/Users/DION-SERVER/Desktop/codecanyon-FOhzjwS6-erpgo-saas-all-in-one-business-erp-with-project-account-hrm-crm-pos/main-file/resources/js/pages/mission-command/Gamification.tsx'
    Imported via '@/components/ui/input' from file 'C:/Users/DION-SERVER/Desktop/codecanyon-FOhzjwS6-erpgo-saas-all-in-one-business-erp-with-project-account-hrm-crm-pos/main-file/resources/js/pages/mission-command/NotificationsHub.tsx'
    Imported via '@/components/ui/input' from file 'C:/Users/DION-SERVER/Desktop/codecanyon-FOhzjwS6-erpgo-saas-all-in-one-business-erp-with-project-account-hrm-crm-pos/main-file/resources/js/pages/notification-templates/Edit.tsx'
    Imported via '@/components/ui/input' from file 'C:/Users/DION-SERVER/Desktop/codecanyon-FOhzjwS6-erpgo-saas-all-in-one-business-erp-with-project-account-hrm-crm-pos/main-file/resources/js/pages/notification-templates/notification-templates/Edit.tsx'
    Imported via '@/components/ui/input' from file 'C:/Users/DION-SERVER/Desktop/codecanyon-FOhzjwS6-erpgo-saas-all-in-one-business-erp-with-project-account-hrm-crm-pos/main-file/resources/js/pages/plans/form.tsx'
    Imported via '@/components/ui/input' from file 'C:/Users/DION-SERVER/Desktop/codecanyon-FOhzjwS6-erpgo-saas-all-in-one-business-erp-with-project-account-hrm-crm-pos/main-file/resources/js/pages/plans/index.tsx'
    Imported via '@/components/ui/input' from file 'C:/Users/DION-SERVER/Desktop/codecanyon-FOhzjwS6-erpgo-saas-all-in-one-business-erp-with-project-account-hrm-crm-pos/main-file/resources/js/pages/plans/subscription-layout.tsx'
    Imported via '@/components/ui/input' from file 'C:/Users/DION-SERVER/Desktop/codecanyon-FOhzjwS6-erpgo-saas-all-in-one-business-erp-with-project-account-hrm-crm-pos/main-file/resources/js/pages/plans/plans/form.tsx'
    Imported via '@/components/ui/input' from file 'C:/Users/DION-SERVER/Desktop/codecanyon-FOhzjwS6-erpgo-saas-all-in-one-business-erp-with-project-account-hrm-crm-pos/main-file/resources/js/pages/plans/plans/index.tsx'
    Imported via '@/components/ui/input' from file 'C:/Users/DION-SERVER/Desktop/codecanyon-FOhzjwS6-erpgo-saas-all-in-one-business-erp-with-project-account-hrm-crm-pos/main-file/resources/js/pages/plans/plans/subscription-layout.tsx'
    Imported via "@/components/ui/input" from file 'C:/Users/DION-SERVER/Desktop/codecanyon-FOhzjwS6-erpgo-saas-all-in-one-business-erp-with-project-account-hrm-crm-pos/main-file/resources/js/pages/profile/partials/update-password-form.tsx'
    Imported via "@/components/ui/input" from file 'C:/Users/DION-SERVER/Desktop/codecanyon-FOhzjwS6-erpgo-saas-all-in-one-business-erp-with-project-account-hrm-crm-pos/main-file/resources/js/pages/profile/partials/update-profile-information-form.tsx'
    Imported via "@/components/ui/input" from file 'C:/Users/DION-SERVER/Desktop/codecanyon-FOhzjwS6-erpgo-saas-all-in-one-business-erp-with-project-account-hrm-crm-pos/main-file/resources/js/pages/profile/profile/partials/update-password-form.tsx'
    Imported via "@/components/ui/input" from file 'C:/Users/DION-SERVER/Desktop/codecanyon-FOhzjwS6-erpgo-saas-all-in-one-business-erp-with-project-account-hrm-crm-pos/main-file/resources/js/pages/profile/profile/partials/update-profile-information-form.tsx'
    Imported via '@/components/ui/input' from file 'C:/Users/DION-SERVER/Desktop/codecanyon-FOhzjwS6-erpgo-saas-all-in-one-business-erp-with-project-account-hrm-crm-pos/main-file/resources/js/pages/roles/create.tsx'
    Imported via '@/components/ui/input' from file 'C:/Users/DION-SERVER/Desktop/codecanyon-FOhzjwS6-erpgo-saas-all-in-one-business-erp-with-project-account-hrm-crm-pos/main-file/resources/js/pages/roles/edit.tsx'
    Imported via '@/components/ui/input' from file 'C:/Users/DION-SERVER/Desktop/codecanyon-FOhzjwS6-erpgo-saas-all-in-one-business-erp-with-project-account-hrm-crm-pos/main-file/resources/js/pages/roles/index.tsx'
    Imported via '@/components/ui/input' from file 'C:/Users/DION-SERVER/Desktop/codecanyon-FOhzjwS6-erpgo-saas-all-in-one-business-erp-with-project-account-hrm-crm-pos/main-file/resources/js/pages/roles/roles/create.tsx'
    Imported via '@/components/ui/input' from file 'C:/Users/DION-SERVER/Desktop/codecanyon-FOhzjwS6-erpgo-saas-all-in-one-business-erp-with-project-account-hrm-crm-pos/main-file/resources/js/pages/roles/roles/edit.tsx'
    Imported via '@/components/ui/input' from file 'C:/Users/DION-SERVER/Desktop/codecanyon-FOhzjwS6-erpgo-saas-all-in-one-business-erp-with-project-account-hrm-crm-pos/main-file/resources/js/pages/roles/roles/index.tsx'
    Imported via '@/components/ui/input' from file 'C:/Users/DION-SERVER/Desktop/codecanyon-FOhzjwS6-erpgo-saas-all-in-one-business-erp-with-project-account-hrm-crm-pos/main-file/resources/js/pages/settings/settings/components/bank-transfer-settings.tsx'
    Imported via '@/components/ui/input' from file 'C:/Users/DION-SERVER/Desktop/codecanyon-FOhzjwS6-erpgo-saas-all-in-one-business-erp-with-project-account-hrm-crm-pos/main-file/resources/js/pages/settings/settings/components/brand-settings.tsx'
    Imported via '@/components/ui/input' from file 'C:/Users/DION-SERVER/Desktop/codecanyon-FOhzjwS6-erpgo-saas-all-in-one-business-erp-with-project-account-hrm-crm-pos/main-file/resources/js/pages/settings/settings/components/company-settings.tsx'
    Imported via '@/components/ui/input' from file 'C:/Users/DION-SERVER/Desktop/codecanyon-FOhzjwS6-erpgo-saas-all-in-one-business-erp-with-project-account-hrm-crm-pos/main-file/resources/js/pages/settings/settings/components/cookie-settings.tsx'
    Imported via '@/components/ui/input' from file 'C:/Users/DION-SERVER/Desktop/codecanyon-FOhzjwS6-erpgo-saas-all-in-one-business-erp-with-project-account-hrm-crm-pos/main-file/resources/js/pages/settings/settings/components/currency-settings.tsx'
    Imported via '@/components/ui/input' from file 'C:/Users/DION-SERVER/Desktop/codecanyon-FOhzjwS6-erpgo-saas-all-in-one-business-erp-with-project-account-hrm-crm-pos/main-file/resources/js/pages/settings/settings/components/email-settings.tsx'
    Imported via '@/components/ui/input' from file 'C:/Users/DION-SERVER/Desktop/codecanyon-FOhzjwS6-erpgo-saas-all-in-one-business-erp-with-project-account-hrm-crm-pos/main-file/resources/js/pages/settings/settings/components/pusher-settings.tsx'
    Imported via '@/components/ui/input' from file 'C:/Users/DION-SERVER/Desktop/codecanyon-FOhzjwS6-erpgo-saas-all-in-one-business-erp-with-project-account-hrm-crm-pos/main-file/resources/js/pages/settings/settings/components/seo-settings.tsx'
    Imported via '@/components/ui/input' from file 'C:/Users/DION-SERVER/Desktop/codecanyon-FOhzjwS6-erpgo-saas-all-in-one-business-erp-with-project-account-hrm-crm-pos/main-file/resources/js/pages/settings/settings/components/storage-settings.tsx'
    Imported via '@/components/ui/input' from file 'C:/Users/DION-SERVER/Desktop/codecanyon-FOhzjwS6-erpgo-saas-all-in-one-business-erp-with-project-account-hrm-crm-pos/main-file/resources/js/pages/settings/settings/components/system-settings.tsx'
    Imported via '@/components/ui/input' from file 'C:/Users/DION-SERVER/Desktop/codecanyon-FOhzjwS6-erpgo-saas-all-in-one-business-erp-with-project-account-hrm-crm-pos/main-file/resources/js/pages/users/assign-plan.tsx'
    Imported via "@/components/ui/input" from file 'C:/Users/DION-SERVER/Desktop/codecanyon-FOhzjwS6-erpgo-saas-all-in-one-business-erp-with-project-account-hrm-crm-pos/main-file/resources/js/pages/users/change-password.tsx'
    Imported via "@/components/ui/input" from file 'C:/Users/DION-SERVER/Desktop/codecanyon-FOhzjwS6-erpgo-saas-all-in-one-business-erp-with-project-account-hrm-crm-pos/main-file/resources/js/pages/users/create.tsx'
    Imported via "@/components/ui/input" from file 'C:/Users/DION-SERVER/Desktop/codecanyon-FOhzjwS6-erpgo-saas-all-in-one-business-erp-with-project-account-hrm-crm-pos/main-file/resources/js/pages/users/edit.tsx'
    Imported via '@/components/ui/input' from file 'C:/Users/DION-SERVER/Desktop/codecanyon-FOhzjwS6-erpgo-saas-all-in-one-business-erp-with-project-account-hrm-crm-pos/main-file/resources/js/pages/users/index.tsx'
    Imported via '@/components/ui/input' from file 'C:/Users/DION-SERVER/Desktop/codecanyon-FOhzjwS6-erpgo-saas-all-in-one-business-erp-with-project-account-hrm-crm-pos/main-file/resources/js/pages/users/login-history.tsx'
    Imported via "@/components/ui/input" from file 'C:/Users/DION-SERVER/Desktop/codecanyon-FOhzjwS6-erpgo-saas-all-in-one-business-erp-with-project-account-hrm-crm-pos/main-file/resources/js/pages/users/users/change-password.tsx'
    Imported via "@/components/ui/input" from file 'C:/Users/DION-SERVER/Desktop/codecanyon-FOhzjwS6-erpgo-saas-all-in-one-business-erp-with-project-account-hrm-crm-pos/main-file/resources/js/pages/users/users/create.tsx'
    Imported via "@/components/ui/input" from file 'C:/Users/DION-SERVER/Desktop/codecanyon-FOhzjwS6-erpgo-saas-all-in-one-business-erp-with-project-account-hrm-crm-pos/main-file/resources/js/pages/users/users/edit.tsx'
    Imported via '@/components/ui/input' from file 'C:/Users/DION-SERVER/Desktop/codecanyon-FOhzjwS6-erpgo-saas-all-in-one-business-erp-with-project-account-hrm-crm-pos/main-file/resources/js/pages/users/users/index.tsx'
    Imported via '@/components/ui/input' from file 'C:/Users/DION-SERVER/Desktop/codecanyon-FOhzjwS6-erpgo-saas-all-in-one-business-erp-with-project-account-hrm-crm-pos/main-file/resources/js/pages/users/users/login-history.tsx'
    Imported via "@/components/ui/input" from file 'C:/Users/DION-SERVER/Desktop/codecanyon-FOhzjwS6-erpgo-saas-all-in-one-business-erp-with-project-account-hrm-crm-pos/main-file/resources/js/pages/warehouses/create.tsx'
    Imported via "@/components/ui/input" from file 'C:/Users/DION-SERVER/Desktop/codecanyon-FOhzjwS6-erpgo-saas-all-in-one-business-erp-with-project-account-hrm-crm-pos/main-file/resources/js/pages/warehouses/edit.tsx'
    Imported via '@/components/ui/input' from file 'C:/Users/DION-SERVER/Desktop/codecanyon-FOhzjwS6-erpgo-saas-all-in-one-business-erp-with-project-account-hrm-crm-pos/main-file/resources/js/pages/warehouses/index.tsx'
    Imported via "@/components/ui/input" from file 'C:/Users/DION-SERVER/Desktop/codecanyon-FOhzjwS6-erpgo-saas-all-in-one-business-erp-with-project-account-hrm-crm-pos/main-file/resources/js/pages/warehouses/warehouses/create.tsx'
    Imported via "@/components/ui/input" from file 'C:/Users/DION-SERVER/Desktop/codecanyon-FOhzjwS6-erpgo-saas-all-in-one-business-erp-with-project-account-hrm-crm-pos/main-file/resources/js/pages/warehouses/warehouses/edit.tsx'
    Imported via '@/components/ui/input' from file 'C:/Users/DION-SERVER/Desktop/codecanyon-FOhzjwS6-erpgo-saas-all-in-one-business-erp-with-project-account-hrm-crm-pos/main-file/resources/js/pages/warehouses/warehouses/index.tsx'
    Imported via '@/components/ui/input' from file 'C:/Users/DION-SERVER/Desktop/codecanyon-FOhzjwS6-erpgo-saas-all-in-one-business-erp-with-project-account-hrm-crm-pos/main-file/packages/dionone/AIAssistant/src/Resources/js/settings/components/ai-assistant-settings.tsx'
    Imported via '@/components/ui/input' from file 'C:/Users/DION-SERVER/Desktop/codecanyon-FOhzjwS6-erpgo-saas-all-in-one-business-erp-with-project-account-hrm-crm-pos/main-file/packages/dionone/Account/src/Resources/js/Pages/BankAccounts/Create.tsx'
    Imported via '@/components/ui/input' from file 'C:/Users/DION-SERVER/Desktop/codecanyon-FOhzjwS6-erpgo-saas-all-in-one-business-erp-with-project-account-hrm-crm-pos/main-file/packages/dionone/Account/src/Resources/js/Pages/BankAccounts/Edit.tsx'
    Imported via '@/components/ui/input' from file 'C:/Users/DION-SERVER/Desktop/codecanyon-FOhzjwS6-erpgo-saas-all-in-one-business-erp-with-project-account-hrm-crm-pos/main-file/packages/dionone/Account/src/Resources/js/Pages/BankAccounts/Index.tsx'
    Imported via '@/components/ui/input' from file 'C:/Users/DION-SERVER/Desktop/codecanyon-FOhzjwS6-erpgo-saas-all-in-one-business-erp-with-project-account-hrm-crm-pos/main-file/packages/dionone/Account/src/Resources/js/Pages/BankTransactions/Index.tsx'
    Imported via '@/components/ui/input' from file 'C:/Users/DION-SERVER/Desktop/codecanyon-FOhzjwS6-erpgo-saas-all-in-one-business-erp-with-project-account-hrm-crm-pos/main-file/packages/dionone/Account/src/Resources/js/Pages/BankTransfers/Create.tsx'
    Imported via '@/components/ui/input' from file 'C:/Users/DION-SERVER/Desktop/codecanyon-FOhzjwS6-erpgo-saas-all-in-one-business-erp-with-project-account-hrm-crm-pos/main-file/packages/dionone/Account/src/Resources/js/Pages/BankTransfers/Edit.tsx'
    Imported via '@/components/ui/input' from file 'C:/Users/DION-SERVER/Desktop/codecanyon-FOhzjwS6-erpgo-saas-all-in-one-business-erp-with-project-account-hrm-crm-pos/main-file/packages/dionone/Account/src/Resources/js/Pages/BankTransfers/Index.tsx'
    Imported via '@/components/ui/input' from file 'C:/Users/DION-SERVER/Desktop/codecanyon-FOhzjwS6-erpgo-saas-all-in-one-business-erp-with-project-account-hrm-crm-pos/main-file/packages/dionone/Account/src/Resources/js/Pages/ChartOfAccounts/Create.tsx'
    Imported via '@/components/ui/input' from file 'C:/Users/DION-SERVER/Desktop/codecanyon-FOhzjwS6-erpgo-saas-all-in-one-business-erp-with-project-account-hrm-crm-pos/main-file/packages/dionone/Account/src/Resources/js/Pages/ChartOfAccounts/Edit.tsx'
    Imported via '@/components/ui/input' from file 'C:/Users/DION-SERVER/Desktop/codecanyon-FOhzjwS6-erpgo-saas-all-in-one-business-erp-with-project-account-hrm-crm-pos/main-file/packages/dionone/Account/src/Resources/js/Pages/CreditNotes/Create.tsx'
    Imported via '@/components/ui/input' from file 'C:/Users/DION-SERVER/Desktop/codecanyon-FOhzjwS6-erpgo-saas-all-in-one-business-erp-with-project-account-hrm-crm-pos/main-file/packages/dionone/Account/src/Resources/js/Pages/CustomerPayments/Create.tsx'
    Imported via "@/components/ui/input" from file 'C:/Users/DION-SERVER/Desktop/codecanyon-FOhzjwS6-erpgo-saas-all-in-one-business-erp-with-project-account-hrm-crm-pos/main-file/packages/dionone/Account/src/Resources/js/Pages/Customers/Create.tsx'
    Imported via "@/components/ui/input" from file 'C:/Users/DION-SERVER/Desktop/codecanyon-FOhzjwS6-erpgo-saas-all-in-one-business-erp-with-project-account-hrm-crm-pos/main-file/packages/dionone/Account/src/Resources/js/Pages/Customers/Edit.tsx'
    Imported via "@/components/ui/input" from file 'C:/Users/DION-SERVER/Desktop/codecanyon-FOhzjwS6-erpgo-saas-all-in-one-business-erp-with-project-account-hrm-crm-pos/main-file/packages/dionone/Account/src/Resources/js/Pages/Customers/Index.tsx'
    Imported via '@/components/ui/input' from file 'C:/Users/DION-SERVER/Desktop/codecanyon-FOhzjwS6-erpgo-saas-all-in-one-business-erp-with-project-account-hrm-crm-pos/main-file/packages/dionone/Account/src/Resources/js/Pages/DebitNotes/Create.tsx'
    Imported via '@/components/ui/input' from file 'C:/Users/DION-SERVER/Desktop/codecanyon-FOhzjwS6-erpgo-saas-all-in-one-business-erp-with-project-account-hrm-crm-pos/main-file/packages/dionone/Account/src/Resources/js/Pages/Expenses/Create.tsx'
    Imported via '@/components/ui/input' from file 'C:/Users/DION-SERVER/Desktop/codecanyon-FOhzjwS6-erpgo-saas-all-in-one-business-erp-with-project-account-hrm-crm-pos/main-file/packages/dionone/Account/src/Resources/js/Pages/Expenses/Edit.tsx'
    Imported via '@/components/ui/input' from file 'C:/Users/DION-SERVER/Desktop/codecanyon-FOhzjwS6-erpgo-saas-all-in-one-business-erp-with-project-account-hrm-crm-pos/main-file/packages/dionone/Account/src/Resources/js/Pages/Revenues/Create.tsx'
    Imported via '@/components/ui/input' from file 'C:/Users/DION-SERVER/Desktop/codecanyon-FOhzjwS6-erpgo-saas-all-in-one-business-erp-with-project-account-hrm-crm-pos/main-file/packages/dionone/Account/src/Resources/js/Pages/Revenues/Edit.tsx'
    Imported via '@/components/ui/input' from file 'C:/Users/DION-SERVER/Desktop/codecanyon-FOhzjwS6-erpgo-saas-all-in-one-business-erp-with-project-account-hrm-crm-pos/main-file/packages/dionone/Account/src/Resources/js/Pages/SystemSetup/AccountTypes/Create.tsx'
    Imported via '@/components/ui/input' from file 'C:/Users/DION-SERVER/Desktop/codecanyon-FOhzjwS6-erpgo-saas-all-in-one-business-erp-with-project-account-hrm-crm-pos/main-file/packages/dionone/Account/src/Resources/js/Pages/SystemSetup/AccountTypes/Edit.tsx'
    Imported via '@/components/ui/input' from file 'C:/Users/DION-SERVER/Desktop/codecanyon-FOhzjwS6-erpgo-saas-all-in-one-business-erp-with-project-account-hrm-crm-pos/main-file/packages/dionone/Account/src/Resources/js/Pages/SystemSetup/ExpenseCategories/Create.tsx'
    Imported via '@/components/ui/input' from file 'C:/Users/DION-SERVER/Desktop/codecanyon-FOhzjwS6-erpgo-saas-all-in-one-business-erp-with-project-account-hrm-crm-pos/main-file/packages/dionone/Account/src/Resources/js/Pages/SystemSetup/ExpenseCategories/Edit.tsx'
    Imported via '@/components/ui/input' from file 'C:/Users/DION-SERVER/Desktop/codecanyon-FOhzjwS6-erpgo-saas-all-in-one-business-erp-with-project-account-hrm-crm-pos/main-file/packages/dionone/Account/src/Resources/js/Pages/SystemSetup/RevenueCategories/Create.tsx'
    Imported via '@/components/ui/input' from file 'C:/Users/DION-SERVER/Desktop/codecanyon-FOhzjwS6-erpgo-saas-all-in-one-business-erp-with-project-account-hrm-crm-pos/main-file/packages/dionone/Account/src/Resources/js/Pages/SystemSetup/RevenueCategories/Edit.tsx'
    Imported via '@/components/ui/input' from file 'C:/Users/DION-SERVER/Desktop/codecanyon-FOhzjwS6-erpgo-saas-all-in-one-business-erp-with-project-account-hrm-crm-pos/main-file/packages/dionone/Account/src/Resources/js/Pages/VendorPayments/Create.tsx'
    Imported via '@/components/ui/input' from file 'C:/Users/DION-SERVER/Desktop/codecanyon-FOhzjwS6-erpgo-saas-all-in-one-business-erp-with-project-account-hrm-crm-pos/main-file/packages/dionone/Account/src/Resources/js/Pages/VendorPayments/Index.tsx'
    Imported via "@/components/ui/input" from file 'C:/Users/DION-SERVER/Desktop/codecanyon-FOhzjwS6-erpgo-saas-all-in-one-business-erp-with-project-account-hrm-crm-pos/main-file/packages/dionone/Account/src/Resources/js/Pages/Vendors/Create.tsx'
    Imported via "@/components/ui/input" from file 'C:/Users/DION-SERVER/Desktop/codecanyon-FOhzjwS6-erpgo-saas-all-in-one-business-erp-with-project-account-hrm-crm-pos/main-file/packages/dionone/Account/src/Resources/js/Pages/Vendors/Edit.tsx'
    Imported via "@/components/ui/input" from file 'C:/Users/DION-SERVER/Desktop/codecanyon-FOhzjwS6-erpgo-saas-all-in-one-business-erp-with-project-account-hrm-crm-pos/main-file/packages/dionone/Account/src/Resources/js/Pages/Vendors/Index.tsx'
    Imported via '@/components/ui/input' from file 'C:/Users/DION-SERVER/Desktop/codecanyon-FOhzjwS6-erpgo-saas-all-in-one-business-erp-with-project-account-hrm-crm-pos/main-file/packages/dionone/BudgetPlanner/src/Resources/js/Pages/BudgetPeriods/Create.tsx'
    Imported via '@/components/ui/input' from file 'C:/Users/DION-SERVER/Desktop/codecanyon-FOhzjwS6-erpgo-saas-all-in-one-business-erp-with-project-account-hrm-crm-pos/main-file/packages/dionone/BudgetPlanner/src/Resources/js/Pages/BudgetPeriods/Edit.tsx'
    Imported via '@/components/ui/input' from file 'C:/Users/DION-SERVER/Desktop/codecanyon-FOhzjwS6-erpgo-saas-all-in-one-business-erp-with-project-account-hrm-crm-pos/main-file/packages/dionone/BudgetPlanner/src/Resources/js/Pages/BudgetPeriods/Index.tsx'
    Imported via '@/components/ui/input' from file 'C:/Users/DION-SERVER/Desktop/codecanyon-FOhzjwS6-erpgo-saas-all-in-one-business-erp-with-project-account-hrm-crm-pos/main-file/packages/dionone/BudgetPlanner/src/Resources/js/Pages/Budgets/Create.tsx'
    Imported via '@/components/ui/input' from file 'C:/Users/DION-SERVER/Desktop/codecanyon-FOhzjwS6-erpgo-saas-all-in-one-business-erp-with-project-account-hrm-crm-pos/main-file/packages/dionone/BudgetPlanner/src/Resources/js/Pages/Budgets/Edit.tsx'
    Imported via '@/components/ui/input' from file 'C:/Users/DION-SERVER/Desktop/codecanyon-FOhzjwS6-erpgo-saas-all-in-one-business-erp-with-project-account-hrm-crm-pos/main-file/packages/dionone/Calendar/src/Resources/js/settings/components/google-calendar-settings.tsx'
    Imported via '@/components/ui/input' from file 'C:/Users/DION-SERVER/Desktop/codecanyon-FOhzjwS6-erpgo-saas-all-in-one-business-erp-with-project-account-hrm-crm-pos/main-file/packages/dionone/Contract/src/Resources/js/Pages/ContractTypes/Create.tsx'
    Imported via '@/components/ui/input' from file 'C:/Users/DION-SERVER/Desktop/codecanyon-FOhzjwS6-erpgo-saas-all-in-one-business-erp-with-project-account-hrm-crm-pos/main-file/packages/dionone/Contract/src/Resources/js/Pages/ContractTypes/Edit.tsx'
    Imported via '@/components/ui/input' from file 'C:/Users/DION-SERVER/Desktop/codecanyon-FOhzjwS6-erpgo-saas-all-in-one-business-erp-with-project-account-hrm-crm-pos/main-file/packages/dionone/Contract/src/Resources/js/Pages/Contracts/Create.tsx'
    Imported via '@/components/ui/input' from file 'C:/Users/DION-SERVER/Desktop/codecanyon-FOhzjwS6-erpgo-saas-all-in-one-business-erp-with-project-account-hrm-crm-pos/main-file/packages/dionone/Contract/src/Resources/js/Pages/Contracts/Duplicate.tsx'
    Imported via '@/components/ui/input' from file 'C:/Users/DION-SERVER/Desktop/codecanyon-FOhzjwS6-erpgo-saas-all-in-one-business-erp-with-project-account-hrm-crm-pos/main-file/packages/dionone/Contract/src/Resources/js/Pages/Contracts/Edit.tsx'
    Imported via '@/components/ui/input' from file 'C:/Users/DION-SERVER/Desktop/codecanyon-FOhzjwS6-erpgo-saas-all-in-one-business-erp-with-project-account-hrm-crm-pos/main-file/packages/dionone/Contract/src/Resources/js/settings/components/contract-settings.tsx'
    Imported via '@/components/ui/input' from file 'C:/Users/DION-SERVER/Desktop/codecanyon-FOhzjwS6-erpgo-saas-all-in-one-business-erp-with-project-account-hrm-crm-pos/main-file/packages/dionone/DoubleEntry/src/Resources/js/Pages/BalanceSheets/Generate.tsx'
    Imported via '@/components/ui/input' from file 'C:/Users/DION-SERVER/Desktop/codecanyon-FOhzjwS6-erpgo-saas-all-in-one-business-erp-with-project-account-hrm-crm-pos/main-file/packages/dionone/DoubleEntry/src/Resources/js/Pages/BalanceSheets/Index.tsx'
    Imported via '@/components/ui/input' from file 'C:/Users/DION-SERVER/Desktop/codecanyon-FOhzjwS6-erpgo-saas-all-in-one-business-erp-with-project-account-hrm-crm-pos/main-file/packages/dionone/DoubleEntry/src/Resources/js/Pages/BalanceSheets/YearEndClose.tsx'
    Imported via '@/components/ui/input' from file 'C:/Users/DION-SERVER/Desktop/codecanyon-FOhzjwS6-erpgo-saas-all-in-one-business-erp-with-project-account-hrm-crm-pos/main-file/packages/dionone/DoubleEntry/src/Resources/js/Pages/BalanceSheets/Note.tsx'
    Imported via '@/components/ui/input' from file 'C:/Users/DION-SERVER/Desktop/codecanyon-FOhzjwS6-erpgo-saas-all-in-one-business-erp-with-project-account-hrm-crm-pos/main-file/packages/dionone/DoubleEntry/src/Resources/js/Pages/BalanceSheets/View.tsx'
    Imported via '@/components/ui/input' from file 'C:/Users/DION-SERVER/Desktop/codecanyon-FOhzjwS6-erpgo-saas-all-in-one-business-erp-with-project-account-hrm-crm-pos/main-file/packages/dionone/DoubleEntry/src/Resources/js/Pages/LedgerSummary/Index.tsx'
    Imported via '@/components/ui/input' from file 'C:/Users/DION-SERVER/Desktop/codecanyon-FOhzjwS6-erpgo-saas-all-in-one-business-erp-with-project-account-hrm-crm-pos/main-file/packages/dionone/FormBuilder/src/Resources/js/Pages/Forms/Create.tsx'
    Imported via '@/components/ui/input' from file 'C:/Users/DION-SERVER/Desktop/codecanyon-FOhzjwS6-erpgo-saas-all-in-one-business-erp-with-project-account-hrm-crm-pos/main-file/packages/dionone/FormBuilder/src/Resources/js/Pages/Forms/Edit.tsx'
    Imported via '@/components/ui/input' from file 'C:/Users/DION-SERVER/Desktop/codecanyon-FOhzjwS6-erpgo-saas-all-in-one-business-erp-with-project-account-hrm-crm-pos/main-file/packages/dionone/FormBuilder/src/Resources/js/components/FormField.tsx'
    Imported via '@/components/ui/input' from file 'C:/Users/DION-SERVER/Desktop/codecanyon-FOhzjwS6-erpgo-saas-all-in-one-business-erp-with-project-account-hrm-crm-pos/main-file/packages/dionone/Goal/src/Resources/js/Pages/Categories/Create.tsx'
    Imported via '@/components/ui/input' from file 'C:/Users/DION-SERVER/Desktop/codecanyon-FOhzjwS6-erpgo-saas-all-in-one-business-erp-with-project-account-hrm-crm-pos/main-file/packages/dionone/Goal/src/Resources/js/Pages/Categories/Edit.tsx'
    Imported via '@/components/ui/input' from file 'C:/Users/DION-SERVER/Desktop/codecanyon-FOhzjwS6-erpgo-saas-all-in-one-business-erp-with-project-account-hrm-crm-pos/main-file/packages/dionone/Goal/src/Resources/js/Pages/Contributions/Create.tsx'
    Imported via '@/components/ui/input' from file 'C:/Users/DION-SERVER/Desktop/codecanyon-FOhzjwS6-erpgo-saas-all-in-one-business-erp-with-project-account-hrm-crm-pos/main-file/packages/dionone/Goal/src/Resources/js/Pages/Contributions/Edit.tsx'
    Imported via '@/components/ui/input' from file 'C:/Users/DION-SERVER/Desktop/codecanyon-FOhzjwS6-erpgo-saas-all-in-one-business-erp-with-project-account-hrm-crm-pos/main-file/packages/dionone/Goal/src/Resources/js/Pages/Goals/Create.tsx'
    Imported via '@/components/ui/input' from file 'C:/Users/DION-SERVER/Desktop/codecanyon-FOhzjwS6-erpgo-saas-all-in-one-business-erp-with-project-account-hrm-crm-pos/main-file/packages/dionone/Goal/src/Resources/js/Pages/Goals/Edit.tsx'
    Imported via '@/components/ui/input' from file 'C:/Users/DION-SERVER/Desktop/codecanyon-FOhzjwS6-erpgo-saas-all-in-one-business-erp-with-project-account-hrm-crm-pos/main-file/packages/dionone/Goal/src/Resources/js/Pages/Milestones/Create.tsx'
    Imported via '@/components/ui/input' from file 'C:/Users/DION-SERVER/Desktop/codecanyon-FOhzjwS6-erpgo-saas-all-in-one-business-erp-with-project-account-hrm-crm-pos/main-file/packages/dionone/Goal/src/Resources/js/Pages/Milestones/Edit.tsx'
    Imported via '@/components/ui/input' from file 'C:/Users/DION-SERVER/Desktop/codecanyon-FOhzjwS6-erpgo-saas-all-in-one-business-erp-with-project-account-hrm-crm-pos/main-file/packages/dionone/Goal/src/Resources/js/Pages/Tracking/Create.tsx'
    Imported via '@/components/ui/input' from file 'C:/Users/DION-SERVER/Desktop/codecanyon-FOhzjwS6-erpgo-saas-all-in-one-business-erp-with-project-account-hrm-crm-pos/main-file/packages/dionone/Goal/src/Resources/js/Pages/Tracking/Edit.tsx'
    Imported via '@/components/ui/input' from file 'C:/Users/DION-SERVER/Desktop/codecanyon-FOhzjwS6-erpgo-saas-all-in-one-business-erp-with-project-account-hrm-crm-pos/main-file/packages/dionone/GoogleCaptcha/src/Resources/js/settings/components/google-captcha-settings.tsx'
    Imported via '@/components/ui/input' from file 'C:/Users/DION-SERVER/Desktop/codecanyon-FOhzjwS6-erpgo-saas-all-in-one-business-erp-with-project-account-hrm-crm-pos/main-file/packages/dionone/Hrm/src/Resources/js/Pages/Announcements/Create.tsx'
    Imported via '@/components/ui/input' from file 'C:/Users/DION-SERVER/Desktop/codecanyon-FOhzjwS6-erpgo-saas-all-in-one-business-erp-with-project-account-hrm-crm-pos/main-file/packages/dionone/Hrm/src/Resources/js/Pages/Announcements/Edit.tsx'
    Imported via '@/components/ui/input' from file 'C:/Users/DION-SERVER/Desktop/codecanyon-FOhzjwS6-erpgo-saas-all-in-one-business-erp-with-project-account-hrm-crm-pos/main-file/packages/dionone/Hrm/src/Resources/js/Pages/Attendances/Create.tsx'
    Imported via '@/components/ui/input' from file 'C:/Users/DION-SERVER/Desktop/codecanyon-FOhzjwS6-erpgo-saas-all-in-one-business-erp-with-project-account-hrm-crm-pos/main-file/packages/dionone/Hrm/src/Resources/js/Pages/Attendances/Edit.tsx'
    Imported via '@/components/ui/input' from file 'C:/Users/DION-SERVER/Desktop/codecanyon-FOhzjwS6-erpgo-saas-all-in-one-business-erp-with-project-account-hrm-crm-pos/main-file/packages/dionone/Hrm/src/Resources/js/Pages/Attendances/Index.tsx'
    Imported via '@/components/ui/input' from file 'C:/Users/DION-SERVER/Desktop/codecanyon-FOhzjwS6-erpgo-saas-all-in-one-business-erp-with-project-account-hrm-crm-pos/main-file/packages/dionone/Hrm/src/Resources/js/Pages/Awards/Create.tsx'
    Imported via '@/components/ui/input' from file 'C:/Users/DION-SERVER/Desktop/codecanyon-FOhzjwS6-erpgo-saas-all-in-one-business-erp-with-project-account-hrm-crm-pos/main-file/packages/dionone/Hrm/src/Resources/js/Pages/Awards/Edit.tsx'
    Imported via '@/components/ui/input' from file 'C:/Users/DION-SERVER/Desktop/codecanyon-FOhzjwS6-erpgo-saas-all-in-one-business-erp-with-project-account-hrm-crm-pos/main-file/packages/dionone/Hrm/src/Resources/js/Pages/Complaints/Create.tsx'
    Imported via '@/components/ui/input' from file 'C:/Users/DION-SERVER/Desktop/codecanyon-FOhzjwS6-erpgo-saas-all-in-one-business-erp-with-project-account-hrm-crm-pos/main-file/packages/dionone/Hrm/src/Resources/js/Pages/Complaints/Edit.tsx'
    Imported via '@/components/ui/input' from file 'C:/Users/DION-SERVER/Desktop/codecanyon-FOhzjwS6-erpgo-saas-all-in-one-business-erp-with-project-account-hrm-crm-pos/main-file/packages/dionone/Hrm/src/Resources/js/Pages/Employees/Create.tsx'
    Imported via '@/components/ui/input' from file 'C:/Users/DION-SERVER/Desktop/codecanyon-FOhzjwS6-erpgo-saas-all-in-one-business-erp-with-project-account-hrm-crm-pos/main-file/packages/dionone/Hrm/src/Resources/js/Pages/Employees/Edit.tsx'
    Imported via '@/components/ui/input' from file 'C:/Users/DION-SERVER/Desktop/codecanyon-FOhzjwS6-erpgo-saas-all-in-one-business-erp-with-project-account-hrm-crm-pos/main-file/packages/dionone/Hrm/src/Resources/js/Pages/Events/Create.tsx'
    Imported via '@/components/ui/input' from file 'C:/Users/DION-SERVER/Desktop/codecanyon-FOhzjwS6-erpgo-saas-all-in-one-business-erp-with-project-account-hrm-crm-pos/main-file/packages/dionone/Hrm/src/Resources/js/Pages/Events/Edit.tsx'
    Imported via '@/components/ui/input' from file 'C:/Users/DION-SERVER/Desktop/codecanyon-FOhzjwS6-erpgo-saas-all-in-one-business-erp-with-project-account-hrm-crm-pos/main-file/packages/dionone/Hrm/src/Resources/js/Pages/Holidays/Create.tsx'
    Imported via '@/components/ui/input' from file 'C:/Users/DION-SERVER/Desktop/codecanyon-FOhzjwS6-erpgo-saas-all-in-one-business-erp-with-project-account-hrm-crm-pos/main-file/packages/dionone/Hrm/src/Resources/js/Pages/Holidays/Edit.tsx'
    Imported via '@/components/ui/input' from file 'C:/Users/DION-SERVER/Desktop/codecanyon-FOhzjwS6-erpgo-saas-all-in-one-business-erp-with-project-account-hrm-crm-pos/main-file/packages/dionone/Hrm/src/Resources/js/Pages/HrmDocuments/Create.tsx'
    Imported via '@/components/ui/input' from file 'C:/Users/DION-SERVER/Desktop/codecanyon-FOhzjwS6-erpgo-saas-all-in-one-business-erp-with-project-account-hrm-crm-pos/main-file/packages/dionone/Hrm/src/Resources/js/Pages/HrmDocuments/Edit.tsx'
    Imported via '@/components/ui/input' from file 'C:/Users/DION-SERVER/Desktop/codecanyon-FOhzjwS6-erpgo-saas-all-in-one-business-erp-with-project-account-hrm-crm-pos/main-file/packages/dionone/Hrm/src/Resources/js/Pages/LeaveApplications/Index.tsx'
    Imported via '@/components/ui/input' from file 'C:/Users/DION-SERVER/Desktop/codecanyon-FOhzjwS6-erpgo-saas-all-in-one-business-erp-with-project-account-hrm-crm-pos/main-file/packages/dionone/Hrm/src/Resources/js/Pages/LeaveTypes/Create.tsx'
    Imported via '@/components/ui/input' from file 'C:/Users/DION-SERVER/Desktop/codecanyon-FOhzjwS6-erpgo-saas-all-in-one-business-erp-with-project-account-hrm-crm-pos/main-file/packages/dionone/Hrm/src/Resources/js/Pages/LeaveTypes/Edit.tsx'
    Imported via '@/components/ui/input' from file 'C:/Users/DION-SERVER/Desktop/codecanyon-FOhzjwS6-erpgo-saas-all-in-one-business-erp-with-project-account-hrm-crm-pos/main-file/packages/dionone/Hrm/src/Resources/js/Pages/Payrolls/Create.tsx'
    Imported via '@/components/ui/input' from file 'C:/Users/DION-SERVER/Desktop/codecanyon-FOhzjwS6-erpgo-saas-all-in-one-business-erp-with-project-account-hrm-crm-pos/main-file/packages/dionone/Hrm/src/Resources/js/Pages/Payrolls/Edit.tsx'
    Imported via '@/components/ui/input' from file 'C:/Users/DION-SERVER/Desktop/codecanyon-FOhzjwS6-erpgo-saas-all-in-one-business-erp-with-project-account-hrm-crm-pos/main-file/packages/dionone/Hrm/src/Resources/js/Pages/Resignations/Create.tsx'
    Imported via '@/components/ui/input' from file 'C:/Users/DION-SERVER/Desktop/codecanyon-FOhzjwS6-erpgo-saas-all-in-one-business-erp-with-project-account-hrm-crm-pos/main-file/packages/dionone/Hrm/src/Resources/js/Pages/Resignations/Edit.tsx'
    Imported via '@/components/ui/input' from file 'C:/Users/DION-SERVER/Desktop/codecanyon-FOhzjwS6-erpgo-saas-all-in-one-business-erp-with-project-account-hrm-crm-pos/main-file/packages/dionone/Hrm/src/Resources/js/Pages/SetSalary/Show.tsx'
    Imported via "@/components/ui/input" from file 'C:/Users/DION-SERVER/Desktop/codecanyon-FOhzjwS6-erpgo-saas-all-in-one-business-erp-with-project-account-hrm-crm-pos/main-file/packages/dionone/Hrm/src/Resources/js/Pages/SetSalary/Allowances/Create.tsx'
    Imported via "@/components/ui/input" from file 'C:/Users/DION-SERVER/Desktop/codecanyon-FOhzjwS6-erpgo-saas-all-in-one-business-erp-with-project-account-hrm-crm-pos/main-file/packages/dionone/Hrm/src/Resources/js/Pages/SetSalary/Allowances/Edit.tsx'
    Imported via '@/components/ui/input' from file 'C:/Users/DION-SERVER/Desktop/codecanyon-FOhzjwS6-erpgo-saas-all-in-one-business-erp-with-project-account-hrm-crm-pos/main-file/packages/dionone/Hrm/src/Resources/js/Pages/SetSalary/Deductions/Create.tsx'
    Imported via '@/components/ui/input' from file 'C:/Users/DION-SERVER/Desktop/codecanyon-FOhzjwS6-erpgo-saas-all-in-one-business-erp-with-project-account-hrm-crm-pos/main-file/packages/dionone/Hrm/src/Resources/js/Pages/SetSalary/Deductions/Edit.tsx'
    Imported via '@/components/ui/input' from file 'C:/Users/DION-SERVER/Desktop/codecanyon-FOhzjwS6-erpgo-saas-all-in-one-business-erp-with-project-account-hrm-crm-pos/main-file/packages/dionone/Hrm/src/Resources/js/Pages/SetSalary/Loans/Create.tsx'
    Imported via '@/components/ui/input' from file 'C:/Users/DION-SERVER/Desktop/codecanyon-FOhzjwS6-erpgo-saas-all-in-one-business-erp-with-project-account-hrm-crm-pos/main-file/packages/dionone/Hrm/src/Resources/js/Pages/SetSalary/Loans/Edit.tsx'
    Imported via '@/components/ui/input' from file 'C:/Users/DION-SERVER/Desktop/codecanyon-FOhzjwS6-erpgo-saas-all-in-one-business-erp-with-project-account-hrm-crm-pos/main-file/packages/dionone/Hrm/src/Resources/js/Pages/SetSalary/Overtimes/Create.tsx'
    Imported via '@/components/ui/input' from file 'C:/Users/DION-SERVER/Desktop/codecanyon-FOhzjwS6-erpgo-saas-all-in-one-business-erp-with-project-account-hrm-crm-pos/main-file/packages/dionone/Hrm/src/Resources/js/Pages/SetSalary/Overtimes/Edit.tsx'
    Imported via '@/components/ui/input' from file 'C:/Users/DION-SERVER/Desktop/codecanyon-FOhzjwS6-erpgo-saas-all-in-one-business-erp-with-project-account-hrm-crm-pos/main-file/packages/dionone/Hrm/src/Resources/js/Pages/Shifts/Create.tsx'
    Imported via '@/components/ui/input' from file 'C:/Users/DION-SERVER/Desktop/codecanyon-FOhzjwS6-erpgo-saas-all-in-one-business-erp-with-project-account-hrm-crm-pos/main-file/packages/dionone/Hrm/src/Resources/js/Pages/Shifts/Edit.tsx'
    Imported via '@/components/ui/input' from file 'C:/Users/DION-SERVER/Desktop/codecanyon-FOhzjwS6-erpgo-saas-all-in-one-business-erp-with-project-account-hrm-crm-pos/main-file/packages/dionone/Hrm/src/Resources/js/Pages/SystemSetup/AllowanceTypes/Create.tsx'
    Imported via '@/components/ui/input' from file 'C:/Users/DION-SERVER/Desktop/codecanyon-FOhzjwS6-erpgo-saas-all-in-one-business-erp-with-project-account-hrm-crm-pos/main-file/packages/dionone/Hrm/src/Resources/js/Pages/SystemSetup/AllowanceTypes/Edit.tsx'
    Imported via '@/components/ui/input' from file 'C:/Users/DION-SERVER/Desktop/codecanyon-FOhzjwS6-erpgo-saas-all-in-one-business-erp-with-project-account-hrm-crm-pos/main-file/packages/dionone/Hrm/src/Resources/js/Pages/SystemSetup/AnnouncementCategories/Create.tsx'
    Imported via '@/components/ui/input' from file 'C:/Users/DION-SERVER/Desktop/codecanyon-FOhzjwS6-erpgo-saas-all-in-one-business-erp-with-project-account-hrm-crm-pos/main-file/packages/dionone/Hrm/src/Resources/js/Pages/SystemSetup/AnnouncementCategories/Edit.tsx'
    Imported via '@/components/ui/input' from file 'C:/Users/DION-SERVER/Desktop/codecanyon-FOhzjwS6-erpgo-saas-all-in-one-business-erp-with-project-account-hrm-crm-pos/main-file/packages/dionone/Hrm/src/Resources/js/Pages/SystemSetup/AwardTypes/Create.tsx'
    Imported via '@/components/ui/input' from file 'C:/Users/DION-SERVER/Desktop/codecanyon-FOhzjwS6-erpgo-saas-all-in-one-business-erp-with-project-account-hrm-crm-pos/main-file/packages/dionone/Hrm/src/Resources/js/Pages/SystemSetup/AwardTypes/Edit.tsx'
    Imported via '@/components/ui/input' from file 'C:/Users/DION-SERVER/Desktop/codecanyon-FOhzjwS6-erpgo-saas-all-in-one-business-erp-with-project-account-hrm-crm-pos/main-file/packages/dionone/Hrm/src/Resources/js/Pages/SystemSetup/Branches/Create.tsx'
    Imported via '@/components/ui/input' from file 'C:/Users/DION-SERVER/Desktop/codecanyon-FOhzjwS6-erpgo-saas-all-in-one-business-erp-with-project-account-hrm-crm-pos/main-file/packages/dionone/Hrm/src/Resources/js/Pages/SystemSetup/Branches/Edit.tsx'
    Imported via '@/components/ui/input' from file 'C:/Users/DION-SERVER/Desktop/codecanyon-FOhzjwS6-erpgo-saas-all-in-one-business-erp-with-project-account-hrm-crm-pos/main-file/packages/dionone/Hrm/src/Resources/js/Pages/SystemSetup/ComplaintTypes/Create.tsx'
    Imported via '@/components/ui/input' from file 'C:/Users/DION-SERVER/Desktop/codecanyon-FOhzjwS6-erpgo-saas-all-in-one-business-erp-with-project-account-hrm-crm-pos/main-file/packages/dionone/Hrm/src/Resources/js/Pages/SystemSetup/ComplaintTypes/Edit.tsx'
    Imported via '@/components/ui/input' from file 'C:/Users/DION-SERVER/Desktop/codecanyon-FOhzjwS6-erpgo-saas-all-in-one-business-erp-with-project-account-hrm-crm-pos/main-file/packages/dionone/Hrm/src/Resources/js/Pages/SystemSetup/DeductionTypes/Create.tsx'
    Imported via '@/components/ui/input' from file 'C:/Users/DION-SERVER/Desktop/codecanyon-FOhzjwS6-erpgo-saas-all-in-one-business-erp-with-project-account-hrm-crm-pos/main-file/packages/dionone/Hrm/src/Resources/js/Pages/SystemSetup/DeductionTypes/Edit.tsx'
    Imported via '@/components/ui/input' from file 'C:/Users/DION-SERVER/Desktop/codecanyon-FOhzjwS6-erpgo-saas-all-in-one-business-erp-with-project-account-hrm-crm-pos/main-file/packages/dionone/Hrm/src/Resources/js/Pages/SystemSetup/Departments/Create.tsx'
    Imported via '@/components/ui/input' from file 'C:/Users/DION-SERVER/Desktop/codecanyon-FOhzjwS6-erpgo-saas-all-in-one-business-erp-with-project-account-hrm-crm-pos/main-file/packages/dionone/Hrm/src/Resources/js/Pages/SystemSetup/Departments/Edit.tsx'
    Imported via '@/components/ui/input' from file 'C:/Users/DION-SERVER/Desktop/codecanyon-FOhzjwS6-erpgo-saas-all-in-one-business-erp-with-project-account-hrm-crm-pos/main-file/packages/dionone/Hrm/src/Resources/js/Pages/SystemSetup/Designations/Create.tsx'
    Imported via '@/components/ui/input' from file 'C:/Users/DION-SERVER/Desktop/codecanyon-FOhzjwS6-erpgo-saas-all-in-one-business-erp-with-project-account-hrm-crm-pos/main-file/packages/dionone/Hrm/src/Resources/js/Pages/SystemSetup/Designations/Edit.tsx'
    Imported via '@/components/ui/input' from file 'C:/Users/DION-SERVER/Desktop/codecanyon-FOhzjwS6-erpgo-saas-all-in-one-business-erp-with-project-account-hrm-crm-pos/main-file/packages/dionone/Hrm/src/Resources/js/Pages/SystemSetup/DocumentCategories/Create.tsx'
    Imported via '@/components/ui/input' from file 'C:/Users/DION-SERVER/Desktop/codecanyon-FOhzjwS6-erpgo-saas-all-in-one-business-erp-with-project-account-hrm-crm-pos/main-file/packages/dionone/Hrm/src/Resources/js/Pages/SystemSetup/DocumentCategories/Edit.tsx'
    Imported via '@/components/ui/input' from file 'C:/Users/DION-SERVER/Desktop/codecanyon-FOhzjwS6-erpgo-saas-all-in-one-business-erp-with-project-account-hrm-crm-pos/main-file/packages/dionone/Hrm/src/Resources/js/Pages/SystemSetup/EmployeeDocumentTypes/Create.tsx'
    Imported via '@/components/ui/input' from file 'C:/Users/DION-SERVER/Desktop/codecanyon-FOhzjwS6-erpgo-saas-all-in-one-business-erp-with-project-account-hrm-crm-pos/main-file/packages/dionone/Hrm/src/Resources/js/Pages/SystemSetup/EmployeeDocumentTypes/Edit.tsx'
    Imported via '@/components/ui/input' from file 'C:/Users/DION-SERVER/Desktop/codecanyon-FOhzjwS6-erpgo-saas-all-in-one-business-erp-with-project-account-hrm-crm-pos/main-file/packages/dionone/Hrm/src/Resources/js/Pages/SystemSetup/EventTypes/Create.tsx'
    Imported via '@/components/ui/input' from file 'C:/Users/DION-SERVER/Desktop/codecanyon-FOhzjwS6-erpgo-saas-all-in-one-business-erp-with-project-account-hrm-crm-pos/main-file/packages/dionone/Hrm/src/Resources/js/Pages/SystemSetup/EventTypes/Edit.tsx'
    Imported via '@/components/ui/input' from file 'C:/Users/DION-SERVER/Desktop/codecanyon-FOhzjwS6-erpgo-saas-all-in-one-business-erp-with-project-account-hrm-crm-pos/main-file/packages/dionone/Hrm/src/Resources/js/Pages/SystemSetup/HolidayTypes/Create.tsx'
    Imported via '@/components/ui/input' from file 'C:/Users/DION-SERVER/Desktop/codecanyon-FOhzjwS6-erpgo-saas-all-in-one-business-erp-with-project-account-hrm-crm-pos/main-file/packages/dionone/Hrm/src/Resources/js/Pages/SystemSetup/HolidayTypes/Edit.tsx'
    Imported via '@/components/ui/input' from file 'C:/Users/DION-SERVER/Desktop/codecanyon-FOhzjwS6-erpgo-saas-all-in-one-business-erp-with-project-account-hrm-crm-pos/main-file/packages/dionone/Hrm/src/Resources/js/Pages/SystemSetup/IpRestricts/Create.tsx'
    Imported via '@/components/ui/input' from file 'C:/Users/DION-SERVER/Desktop/codecanyon-FOhzjwS6-erpgo-saas-all-in-one-business-erp-with-project-account-hrm-crm-pos/main-file/packages/dionone/Hrm/src/Resources/js/Pages/SystemSetup/IpRestricts/Edit.tsx'
    Imported via '@/components/ui/input' from file 'C:/Users/DION-SERVER/Desktop/codecanyon-FOhzjwS6-erpgo-saas-all-in-one-business-erp-with-project-account-hrm-crm-pos/main-file/packages/dionone/Hrm/src/Resources/js/Pages/SystemSetup/LoanTypes/Create.tsx'
    Imported via '@/components/ui/input' from file 'C:/Users/DION-SERVER/Desktop/codecanyon-FOhzjwS6-erpgo-saas-all-in-one-business-erp-with-project-account-hrm-crm-pos/main-file/packages/dionone/Hrm/src/Resources/js/Pages/SystemSetup/LoanTypes/Edit.tsx'
    Imported via '@/components/ui/input' from file 'C:/Users/DION-SERVER/Desktop/codecanyon-FOhzjwS6-erpgo-saas-all-in-one-business-erp-with-project-account-hrm-crm-pos/main-file/packages/dionone/Hrm/src/Resources/js/Pages/SystemSetup/TerminationTypes/Create.tsx'
    Imported via '@/components/ui/input' from file 'C:/Users/DION-SERVER/Desktop/codecanyon-FOhzjwS6-erpgo-saas-all-in-one-business-erp-with-project-account-hrm-crm-pos/main-file/packages/dionone/Hrm/src/Resources/js/Pages/SystemSetup/TerminationTypes/Edit.tsx'
    Imported via '@/components/ui/input' from file 'C:/Users/DION-SERVER/Desktop/codecanyon-FOhzjwS6-erpgo-saas-all-in-one-business-erp-with-project-account-hrm-crm-pos/main-file/packages/dionone/Hrm/src/Resources/js/Pages/SystemSetup/WarningTypes/Create.tsx'
    Imported via '@/components/ui/input' from file 'C:/Users/DION-SERVER/Desktop/codecanyon-FOhzjwS6-erpgo-saas-all-in-one-business-erp-with-project-account-hrm-crm-pos/main-file/packages/dionone/Hrm/src/Resources/js/Pages/SystemSetup/WarningTypes/Edit.tsx'
    Imported via '@/components/ui/input' from file 'C:/Users/DION-SERVER/Desktop/codecanyon-FOhzjwS6-erpgo-saas-all-in-one-business-erp-with-project-account-hrm-crm-pos/main-file/packages/dionone/Hrm/src/Resources/js/Pages/Terminations/Create.tsx'
    Imported via '@/components/ui/input' from file 'C:/Users/DION-SERVER/Desktop/codecanyon-FOhzjwS6-erpgo-saas-all-in-one-business-erp-with-project-account-hrm-crm-pos/main-file/packages/dionone/Hrm/src/Resources/js/Pages/Terminations/Edit.tsx'
    Imported via '@/components/ui/input' from file 'C:/Users/DION-SERVER/Desktop/codecanyon-FOhzjwS6-erpgo-saas-all-in-one-business-erp-with-project-account-hrm-crm-pos/main-file/packages/dionone/Hrm/src/Resources/js/Pages/Warnings/Create.tsx'
    Imported via '@/components/ui/input' from file 'C:/Users/DION-SERVER/Desktop/codecanyon-FOhzjwS6-erpgo-saas-all-in-one-business-erp-with-project-account-hrm-crm-pos/main-file/packages/dionone/Hrm/src/Resources/js/Pages/Warnings/Edit.tsx'
    Imported via '@/components/ui/input' from file 'C:/Users/DION-SERVER/Desktop/codecanyon-FOhzjwS6-erpgo-saas-all-in-one-business-erp-with-project-account-hrm-crm-pos/main-file/packages/dionone/LandingPage/src/Resources/js/Pages/components/settings/General.tsx'
    Imported via '@/components/ui/input' from file 'C:/Users/DION-SERVER/Desktop/codecanyon-FOhzjwS6-erpgo-saas-all-in-one-business-erp-with-project-account-hrm-crm-pos/main-file/packages/dionone/LandingPage/src/Resources/js/Pages/components/settings/Hero.tsx'
    Imported via '@/components/ui/input' from file 'C:/Users/DION-SERVER/Desktop/codecanyon-FOhzjwS6-erpgo-saas-all-in-one-business-erp-with-project-account-hrm-crm-pos/main-file/packages/dionone/LandingPage/src/Resources/js/Pages/components/settings/Header.tsx'
    Imported via '@/components/ui/input' from file 'C:/Users/DION-SERVER/Desktop/codecanyon-FOhzjwS6-erpgo-saas-all-in-one-business-erp-with-project-account-hrm-crm-pos/main-file/packages/dionone/LandingPage/src/Resources/js/Pages/components/settings/Features.tsx'
    Imported via '@/components/ui/input' from file 'C:/Users/DION-SERVER/Desktop/codecanyon-FOhzjwS6-erpgo-saas-all-in-one-business-erp-with-project-account-hrm-crm-pos/main-file/packages/dionone/LandingPage/src/Resources/js/Pages/components/settings/Modules.tsx'
    Imported via '@/components/ui/input' from file 'C:/Users/DION-SERVER/Desktop/codecanyon-FOhzjwS6-erpgo-saas-all-in-one-business-erp-with-project-account-hrm-crm-pos/main-file/packages/dionone/LandingPage/src/Resources/js/Pages/components/settings/Benefits.tsx'
    Imported via '@/components/ui/input' from file 'C:/Users/DION-SERVER/Desktop/codecanyon-FOhzjwS6-erpgo-saas-all-in-one-business-erp-with-project-account-hrm-crm-pos/main-file/packages/dionone/LandingPage/src/Resources/js/Pages/components/settings/Gallery.tsx'
    Imported via '@/components/ui/input' from file 'C:/Users/DION-SERVER/Desktop/codecanyon-FOhzjwS6-erpgo-saas-all-in-one-business-erp-with-project-account-hrm-crm-pos/main-file/packages/dionone/LandingPage/src/Resources/js/Pages/components/settings/CTA.tsx'
    Imported via '@/components/ui/input' from file 'C:/Users/DION-SERVER/Desktop/codecanyon-FOhzjwS6-erpgo-saas-all-in-one-business-erp-with-project-account-hrm-crm-pos/main-file/packages/dionone/LandingPage/src/Resources/js/Pages/components/settings/Footer.tsx'
    Imported via '@/components/ui/input' from file 'C:/Users/DION-SERVER/Desktop/codecanyon-FOhzjwS6-erpgo-saas-all-in-one-business-erp-with-project-account-hrm-crm-pos/main-file/packages/dionone/LandingPage/src/Resources/js/Pages/components/settings/Colors.tsx'
    Imported via '@/components/ui/input' from file 'C:/Users/DION-SERVER/Desktop/codecanyon-FOhzjwS6-erpgo-saas-all-in-one-business-erp-with-project-account-hrm-crm-pos/main-file/packages/dionone/LandingPage/src/Resources/js/Pages/components/settings/Pricing.tsx'
    Imported via '@/components/ui/input' from file 'C:/Users/DION-SERVER/Desktop/codecanyon-FOhzjwS6-erpgo-saas-all-in-one-business-erp-with-project-account-hrm-crm-pos/main-file/packages/dionone/LandingPage/src/Resources/js/Pages/CustomPages/Create.tsx'
    Imported via '@/components/ui/input' from file 'C:/Users/DION-SERVER/Desktop/codecanyon-FOhzjwS6-erpgo-saas-all-in-one-business-erp-with-project-account-hrm-crm-pos/main-file/packages/dionone/LandingPage/src/Resources/js/Pages/CustomPages/Edit.tsx'
    Imported via '@/components/ui/input' from file 'C:/Users/DION-SERVER/Desktop/codecanyon-FOhzjwS6-erpgo-saas-all-in-one-business-erp-with-project-account-hrm-crm-pos/main-file/packages/dionone/LandingPage/src/Resources/js/Pages/marketplace/Settings.tsx'
    Imported via '@/components/ui/input' from file 'C:/Users/DION-SERVER/Desktop/codecanyon-FOhzjwS6-erpgo-saas-all-in-one-business-erp-with-project-account-hrm-crm-pos/main-file/packages/dionone/Lead/src/Resources/js/Pages/Deals/Create.tsx'
    Imported via '@/components/ui/input' from file 'C:/Users/DION-SERVER/Desktop/codecanyon-FOhzjwS6-erpgo-saas-all-in-one-business-erp-with-project-account-hrm-crm-pos/main-file/packages/dionone/Lead/src/Resources/js/Pages/Deals/Edit.tsx'
    Imported via '@/components/ui/input' from file 'C:/Users/DION-SERVER/Desktop/codecanyon-FOhzjwS6-erpgo-saas-all-in-one-business-erp-with-project-account-hrm-crm-pos/main-file/packages/dionone/Lead/src/Resources/js/Pages/Deals/Show/General.tsx'
    Imported via '@/components/ui/input' from file 'C:/Users/DION-SERVER/Desktop/codecanyon-FOhzjwS6-erpgo-saas-all-in-one-business-erp-with-project-account-hrm-crm-pos/main-file/packages/dionone/Lead/src/Resources/js/Pages/Deals/Show/Tasks.tsx'
    Imported via '@/components/ui/input' from file 'C:/Users/DION-SERVER/Desktop/codecanyon-FOhzjwS6-erpgo-saas-all-in-one-business-erp-with-project-account-hrm-crm-pos/main-file/packages/dionone/Lead/src/Resources/js/Pages/Deals/Show/Calls.tsx'
    Imported via '@/components/ui/input' from file 'C:/Users/DION-SERVER/Desktop/codecanyon-FOhzjwS6-erpgo-saas-all-in-one-business-erp-with-project-account-hrm-crm-pos/main-file/packages/dionone/Lead/src/Resources/js/Pages/Deals/Show/Emails.tsx'
    Imported via '@/components/ui/input' from file 'C:/Users/DION-SERVER/Desktop/codecanyon-FOhzjwS6-erpgo-saas-all-in-one-business-erp-with-project-account-hrm-crm-pos/main-file/packages/dionone/Lead/src/Resources/js/Pages/Leads/Create.tsx'
    Imported via '@/components/ui/input' from file 'C:/Users/DION-SERVER/Desktop/codecanyon-FOhzjwS6-erpgo-saas-all-in-one-business-erp-with-project-account-hrm-crm-pos/main-file/packages/dionone/Lead/src/Resources/js/Pages/Leads/Edit.tsx'
    Imported via '@/components/ui/input' from file 'C:/Users/DION-SERVER/Desktop/codecanyon-FOhzjwS6-erpgo-saas-all-in-one-business-erp-with-project-account-hrm-crm-pos/main-file/packages/dionone/Lead/src/Resources/js/Pages/Leads/Show/General.tsx'
    Imported via '@/components/ui/input' from file 'C:/Users/DION-SERVER/Desktop/codecanyon-FOhzjwS6-erpgo-saas-all-in-one-business-erp-with-project-account-hrm-crm-pos/main-file/packages/dionone/Lead/src/Resources/js/Pages/Leads/Show/Tasks.tsx'
    Imported via '@/components/ui/input' from file 'C:/Users/DION-SERVER/Desktop/codecanyon-FOhzjwS6-erpgo-saas-all-in-one-business-erp-with-project-account-hrm-crm-pos/main-file/packages/dionone/Lead/src/Resources/js/Pages/Leads/Show/Calls.tsx'
    Imported via '@/components/ui/input' from file 'C:/Users/DION-SERVER/Desktop/codecanyon-FOhzjwS6-erpgo-saas-all-in-one-business-erp-with-project-account-hrm-crm-pos/main-file/packages/dionone/Lead/src/Resources/js/Pages/Leads/Show/ConvertToDeal.tsx'
    Imported via '@/components/ui/input' from file 'C:/Users/DION-SERVER/Desktop/codecanyon-FOhzjwS6-erpgo-saas-all-in-one-business-erp-with-project-account-hrm-crm-pos/main-file/packages/dionone/Lead/src/Resources/js/Pages/Leads/Show/Emails.tsx'
    Imported via "@/components/ui/input" from file 'C:/Users/DION-SERVER/Desktop/codecanyon-FOhzjwS6-erpgo-saas-all-in-one-business-erp-with-project-account-hrm-crm-pos/main-file/packages/dionone/Lead/src/Resources/js/Pages/Reports/DealReports.tsx'
    Imported via "@/components/ui/input" from file 'C:/Users/DION-SERVER/Desktop/codecanyon-FOhzjwS6-erpgo-saas-all-in-one-business-erp-with-project-account-hrm-crm-pos/main-file/packages/dionone/Lead/src/Resources/js/Pages/Reports/LeadReports.tsx'
    Imported via '@/components/ui/input' from file 'C:/Users/DION-SERVER/Desktop/codecanyon-FOhzjwS6-erpgo-saas-all-in-one-business-erp-with-project-account-hrm-crm-pos/main-file/packages/dionone/Lead/src/Resources/js/Pages/SystemSetup/DealStages/Create.tsx'
    Imported via '@/components/ui/input' from file 'C:/Users/DION-SERVER/Desktop/codecanyon-FOhzjwS6-erpgo-saas-all-in-one-business-erp-with-project-account-hrm-crm-pos/main-file/packages/dionone/Lead/src/Resources/js/Pages/SystemSetup/DealStages/Edit.tsx'
    Imported via '@/components/ui/input' from file 'C:/Users/DION-SERVER/Desktop/codecanyon-FOhzjwS6-erpgo-saas-all-in-one-business-erp-with-project-account-hrm-crm-pos/main-file/packages/dionone/Lead/src/Resources/js/Pages/SystemSetup/Labels/Create.tsx'
    Imported via '@/components/ui/input' from file 'C:/Users/DION-SERVER/Desktop/codecanyon-FOhzjwS6-erpgo-saas-all-in-one-business-erp-with-project-account-hrm-crm-pos/main-file/packages/dionone/Lead/src/Resources/js/Pages/SystemSetup/Labels/Edit.tsx'
    Imported via '@/components/ui/input' from file 'C:/Users/DION-SERVER/Desktop/codecanyon-FOhzjwS6-erpgo-saas-all-in-one-business-erp-with-project-account-hrm-crm-pos/main-file/packages/dionone/Lead/src/Resources/js/Pages/SystemSetup/LeadStages/Create.tsx'
    Imported via '@/components/ui/input' from file 'C:/Users/DION-SERVER/Desktop/codecanyon-FOhzjwS6-erpgo-saas-all-in-one-business-erp-with-project-account-hrm-crm-pos/main-file/packages/dionone/Lead/src/Resources/js/Pages/SystemSetup/LeadStages/Edit.tsx'
    Imported via '@/components/ui/input' from file 'C:/Users/DION-SERVER/Desktop/codecanyon-FOhzjwS6-erpgo-saas-all-in-one-business-erp-with-project-account-hrm-crm-pos/main-file/packages/dionone/Lead/src/Resources/js/Pages/SystemSetup/Pipelines/Create.tsx'
    Imported via '@/components/ui/input' from file 'C:/Users/DION-SERVER/Desktop/codecanyon-FOhzjwS6-erpgo-saas-all-in-one-business-erp-with-project-account-hrm-crm-pos/main-file/packages/dionone/Lead/src/Resources/js/Pages/SystemSetup/Pipelines/Edit.tsx'
    Imported via '@/components/ui/input' from file 'C:/Users/DION-SERVER/Desktop/codecanyon-FOhzjwS6-erpgo-saas-all-in-one-business-erp-with-project-account-hrm-crm-pos/main-file/packages/dionone/Lead/src/Resources/js/Pages/SystemSetup/Sources/Create.tsx'
    Imported via '@/components/ui/input' from file 'C:/Users/DION-SERVER/Desktop/codecanyon-FOhzjwS6-erpgo-saas-all-in-one-business-erp-with-project-account-hrm-crm-pos/main-file/packages/dionone/Lead/src/Resources/js/Pages/SystemSetup/Sources/Edit.tsx'
    Imported via '@/components/ui/input' from file 'C:/Users/DION-SERVER/Desktop/codecanyon-FOhzjwS6-erpgo-saas-all-in-one-business-erp-with-project-account-hrm-crm-pos/main-file/packages/dionone/Paypal/src/Resources/js/settings/components/paypal-settings.tsx'
    Imported via "@/components/ui/input" from file 'C:/Users/DION-SERVER/Desktop/codecanyon-FOhzjwS6-erpgo-saas-all-in-one-business-erp-with-project-account-hrm-crm-pos/main-file/packages/dionone/Performance/src/Resources/js/Pages/EmployeeGoals/Create.tsx'
    Imported via "@/components/ui/input" from file 'C:/Users/DION-SERVER/Desktop/codecanyon-FOhzjwS6-erpgo-saas-all-in-one-business-erp-with-project-account-hrm-crm-pos/main-file/packages/dionone/Performance/src/Resources/js/Pages/EmployeeGoals/Edit.tsx'
    Imported via "@/components/ui/input" from file 'C:/Users/DION-SERVER/Desktop/codecanyon-FOhzjwS6-erpgo-saas-all-in-one-business-erp-with-project-account-hrm-crm-pos/main-file/packages/dionone/Performance/src/Resources/js/Pages/EmployeeReviews/Create.tsx'
    Imported via "@/components/ui/input" from file 'C:/Users/DION-SERVER/Desktop/codecanyon-FOhzjwS6-erpgo-saas-all-in-one-business-erp-with-project-account-hrm-crm-pos/main-file/packages/dionone/Performance/src/Resources/js/Pages/EmployeeReviews/Edit.tsx'
    Imported via "@/components/ui/input" from file 'C:/Users/DION-SERVER/Desktop/codecanyon-FOhzjwS6-erpgo-saas-all-in-one-business-erp-with-project-account-hrm-crm-pos/main-file/packages/dionone/Performance/src/Resources/js/Pages/Indicators/Create.tsx'
    Imported via "@/components/ui/input" from file 'C:/Users/DION-SERVER/Desktop/codecanyon-FOhzjwS6-erpgo-saas-all-in-one-business-erp-with-project-account-hrm-crm-pos/main-file/packages/dionone/Performance/src/Resources/js/Pages/Indicators/Edit.tsx'
    Imported via '@/components/ui/input' from file 'C:/Users/DION-SERVER/Desktop/codecanyon-FOhzjwS6-erpgo-saas-all-in-one-business-erp-with-project-account-hrm-crm-pos/main-file/packages/dionone/Performance/src/Resources/js/Pages/Indicators/Index.tsx'
    Imported via "@/components/ui/input" from file 'C:/Users/DION-SERVER/Desktop/codecanyon-FOhzjwS6-erpgo-saas-all-in-one-business-erp-with-project-account-hrm-crm-pos/main-file/packages/dionone/Performance/src/Resources/js/Pages/ReviewCycles/Create.tsx'
    Imported via "@/components/ui/input" from file 'C:/Users/DION-SERVER/Desktop/codecanyon-FOhzjwS6-erpgo-saas-all-in-one-business-erp-with-project-account-hrm-crm-pos/main-file/packages/dionone/Performance/src/Resources/js/Pages/ReviewCycles/Edit.tsx'
    Imported via '@/components/ui/input' from file 'C:/Users/DION-SERVER/Desktop/codecanyon-FOhzjwS6-erpgo-saas-all-in-one-business-erp-with-project-account-hrm-crm-pos/main-file/packages/dionone/Performance/src/Resources/js/Pages/ReviewCycles/Index.tsx'
    Imported via "@/components/ui/input" from file 'C:/Users/DION-SERVER/Desktop/codecanyon-FOhzjwS6-erpgo-saas-all-in-one-business-erp-with-project-account-hrm-crm-pos/main-file/packages/dionone/Performance/src/Resources/js/Pages/SystemSetup/GoalTypes/Create.tsx'
    Imported via "@/components/ui/input" from file 'C:/Users/DION-SERVER/Desktop/codecanyon-FOhzjwS6-erpgo-saas-all-in-one-business-erp-with-project-account-hrm-crm-pos/main-file/packages/dionone/Performance/src/Resources/js/Pages/SystemSetup/GoalTypes/Edit.tsx'
    Imported via "@/components/ui/input" from file 'C:/Users/DION-SERVER/Desktop/codecanyon-FOhzjwS6-erpgo-saas-all-in-one-business-erp-with-project-account-hrm-crm-pos/main-file/packages/dionone/Performance/src/Resources/js/Pages/SystemSetup/IndicatorCategories/Create.tsx'
    Imported via "@/components/ui/input" from file 'C:/Users/DION-SERVER/Desktop/codecanyon-FOhzjwS6-erpgo-saas-all-in-one-business-erp-with-project-account-hrm-crm-pos/main-file/packages/dionone/Performance/src/Resources/js/Pages/SystemSetup/IndicatorCategories/Edit.tsx'
    Imported via '@/components/ui/input' from file 'C:/Users/DION-SERVER/Desktop/codecanyon-FOhzjwS6-erpgo-saas-all-in-one-business-erp-with-project-account-hrm-crm-pos/main-file/packages/dionone/Pos/src/Resources/js/Pages/Barcode/Index.tsx'
    Imported via '@/components/ui/input' from file 'C:/Users/DION-SERVER/Desktop/codecanyon-FOhzjwS6-erpgo-saas-all-in-one-business-erp-with-project-account-hrm-crm-pos/main-file/packages/dionone/Pos/src/Resources/js/Pages/Pos/Create.tsx'
    Imported via '@/components/ui/input' from file 'C:/Users/DION-SERVER/Desktop/codecanyon-FOhzjwS6-erpgo-saas-all-in-one-business-erp-with-project-account-hrm-crm-pos/main-file/packages/dionone/Pos/src/Resources/js/Pages/PosOrder/Index.tsx'
    Imported via "@/components/ui/input" from file 'C:/Users/DION-SERVER/Desktop/codecanyon-FOhzjwS6-erpgo-saas-all-in-one-business-erp-with-project-account-hrm-crm-pos/main-file/packages/dionone/ProductService/src/Resources/js/Pages/Items/Create.tsx'
    Imported via "@/components/ui/input" from file 'C:/Users/DION-SERVER/Desktop/codecanyon-FOhzjwS6-erpgo-saas-all-in-one-business-erp-with-project-account-hrm-crm-pos/main-file/packages/dionone/ProductService/src/Resources/js/Pages/Items/Edit.tsx'
    Imported via '@/components/ui/input' from file 'C:/Users/DION-SERVER/Desktop/codecanyon-FOhzjwS6-erpgo-saas-all-in-one-business-erp-with-project-account-hrm-crm-pos/main-file/packages/dionone/ProductService/src/Resources/js/Pages/Items/Index.tsx'
    Imported via '@/components/ui/input' from file 'C:/Users/DION-SERVER/Desktop/codecanyon-FOhzjwS6-erpgo-saas-all-in-one-business-erp-with-project-account-hrm-crm-pos/main-file/packages/dionone/ProductService/src/Resources/js/Pages/Stock/Index.tsx'
    Imported via "@/components/ui/input" from file 'C:/Users/DION-SERVER/Desktop/codecanyon-FOhzjwS6-erpgo-saas-all-in-one-business-erp-with-project-account-hrm-crm-pos/main-file/packages/dionone/ProductService/src/Resources/js/Pages/SystemSetup/Categories/Create.tsx'
    Imported via "@/components/ui/input" from file 'C:/Users/DION-SERVER/Desktop/codecanyon-FOhzjwS6-erpgo-saas-all-in-one-business-erp-with-project-account-hrm-crm-pos/main-file/packages/dionone/ProductService/src/Resources/js/Pages/SystemSetup/Categories/Edit.tsx'
    Imported via "@/components/ui/input" from file 'C:/Users/DION-SERVER/Desktop/codecanyon-FOhzjwS6-erpgo-saas-all-in-one-business-erp-with-project-account-hrm-crm-pos/main-file/packages/dionone/ProductService/src/Resources/js/Pages/SystemSetup/Taxes/Create.tsx'
    Imported via "@/components/ui/input" from file 'C:/Users/DION-SERVER/Desktop/codecanyon-FOhzjwS6-erpgo-saas-all-in-one-business-erp-with-project-account-hrm-crm-pos/main-file/packages/dionone/ProductService/src/Resources/js/Pages/SystemSetup/Taxes/Edit.tsx'
    Imported via "@/components/ui/input" from file 'C:/Users/DION-SERVER/Desktop/codecanyon-FOhzjwS6-erpgo-saas-all-in-one-business-erp-with-project-account-hrm-crm-pos/main-file/packages/dionone/ProductService/src/Resources/js/Pages/SystemSetup/Units/Create.tsx'
    Imported via "@/components/ui/input" from file 'C:/Users/DION-SERVER/Desktop/codecanyon-FOhzjwS6-erpgo-saas-all-in-one-business-erp-with-project-account-hrm-crm-pos/main-file/packages/dionone/ProductService/src/Resources/js/Pages/SystemSetup/Units/Edit.tsx'
    Imported via '@/components/ui/input' from file 'C:/Users/DION-SERVER/Desktop/codecanyon-FOhzjwS6-erpgo-saas-all-in-one-business-erp-with-project-account-hrm-crm-pos/main-file/packages/dionone/Quotation/src/Resources/js/Pages/Quotations/components/QuotationItemsTable.tsx'
    Imported via '@/components/ui/input' from file 'C:/Users/DION-SERVER/Desktop/codecanyon-FOhzjwS6-erpgo-saas-all-in-one-business-erp-with-project-account-hrm-crm-pos/main-file/packages/dionone/Quotation/src/Resources/js/Pages/Quotations/Create.tsx'
    Imported via '@/components/ui/input' from file 'C:/Users/DION-SERVER/Desktop/codecanyon-FOhzjwS6-erpgo-saas-all-in-one-business-erp-with-project-account-hrm-crm-pos/main-file/packages/dionone/Quotation/src/Resources/js/Pages/Quotations/Edit.tsx'
    Imported via '@/components/ui/input' from file 'C:/Users/DION-SERVER/Desktop/codecanyon-FOhzjwS6-erpgo-saas-all-in-one-business-erp-with-project-account-hrm-crm-pos/main-file/packages/dionone/Recruitment/src/Resources/js/Components/IconSelector.tsx'
    Imported via '@/components/ui/input' from file 'C:/Users/DION-SERVER/Desktop/codecanyon-FOhzjwS6-erpgo-saas-all-in-one-business-erp-with-project-account-hrm-crm-pos/main-file/packages/dionone/Recruitment/src/Resources/js/Pages/CandidateAssessments/Create.tsx'
    Imported via '@/components/ui/input' from file 'C:/Users/DION-SERVER/Desktop/codecanyon-FOhzjwS6-erpgo-saas-all-in-one-business-erp-with-project-account-hrm-crm-pos/main-file/packages/dionone/Recruitment/src/Resources/js/Pages/CandidateAssessments/Edit.tsx'
    Imported via '@/components/ui/input' from file 'C:/Users/DION-SERVER/Desktop/codecanyon-FOhzjwS6-erpgo-saas-all-in-one-business-erp-with-project-account-hrm-crm-pos/main-file/packages/dionone/Recruitment/src/Resources/js/Pages/CandidateAssessments/Index.tsx'
    Imported via '@/components/ui/input' from file 'C:/Users/DION-SERVER/Desktop/codecanyon-FOhzjwS6-erpgo-saas-all-in-one-business-erp-with-project-account-hrm-crm-pos/main-file/packages/dionone/Recruitment/src/Resources/js/Pages/CandidateOnboardings/Create.tsx'
    Imported via '@/components/ui/input' from file 'C:/Users/DION-SERVER/Desktop/codecanyon-FOhzjwS6-erpgo-saas-all-in-one-business-erp-with-project-account-hrm-crm-pos/main-file/packages/dionone/Recruitment/src/Resources/js/Pages/CandidateOnboardings/Edit.tsx'
    Imported via '@/components/ui/input' from file 'C:/Users/DION-SERVER/Desktop/codecanyon-FOhzjwS6-erpgo-saas-all-in-one-business-erp-with-project-account-hrm-crm-pos/main-file/packages/dionone/Recruitment/src/Resources/js/Pages/CandidateOnboardings/Index.tsx'
    Imported via '@/components/ui/input' from file 'C:/Users/DION-SERVER/Desktop/codecanyon-FOhzjwS6-erpgo-saas-all-in-one-business-erp-with-project-account-hrm-crm-pos/main-file/packages/dionone/Recruitment/src/Resources/js/Pages/Candidates/Create.tsx'
    Imported via '@/components/ui/input' from file 'C:/Users/DION-SERVER/Desktop/codecanyon-FOhzjwS6-erpgo-saas-all-in-one-business-erp-with-project-account-hrm-crm-pos/main-file/packages/dionone/Recruitment/src/Resources/js/Pages/Candidates/Edit.tsx'
    Imported via '@/components/ui/input' from file 'C:/Users/DION-SERVER/Desktop/codecanyon-FOhzjwS6-erpgo-saas-all-in-one-business-erp-with-project-account-hrm-crm-pos/main-file/packages/dionone/Recruitment/src/Resources/js/Pages/Candidates/Index.tsx'
    Imported via '@/components/ui/input' from file 'C:/Users/DION-SERVER/Desktop/codecanyon-FOhzjwS6-erpgo-saas-all-in-one-business-erp-with-project-account-hrm-crm-pos/main-file/packages/dionone/Recruitment/src/Resources/js/Pages/ChecklistItems/Create.tsx'
    Imported via '@/components/ui/input' from file 'C:/Users/DION-SERVER/Desktop/codecanyon-FOhzjwS6-erpgo-saas-all-in-one-business-erp-with-project-account-hrm-crm-pos/main-file/packages/dionone/Recruitment/src/Resources/js/Pages/ChecklistItems/Edit.tsx'
    Imported via '@/components/ui/input' from file 'C:/Users/DION-SERVER/Desktop/codecanyon-FOhzjwS6-erpgo-saas-all-in-one-business-erp-with-project-account-hrm-crm-pos/main-file/packages/dionone/Recruitment/src/Resources/js/Pages/CustomQuestions/Create.tsx'
    Imported via '@/components/ui/input' from file 'C:/Users/DION-SERVER/Desktop/codecanyon-FOhzjwS6-erpgo-saas-all-in-one-business-erp-with-project-account-hrm-crm-pos/main-file/packages/dionone/Recruitment/src/Resources/js/Pages/CustomQuestions/Edit.tsx'
    Imported via '@/components/ui/input' from file 'C:/Users/DION-SERVER/Desktop/codecanyon-FOhzjwS6-erpgo-saas-all-in-one-business-erp-with-project-account-hrm-crm-pos/main-file/packages/dionone/Recruitment/src/Resources/js/Pages/Frontend/JobApply.tsx'
    Imported via '@/components/ui/input' from file 'C:/Users/DION-SERVER/Desktop/codecanyon-FOhzjwS6-erpgo-saas-all-in-one-business-erp-with-project-account-hrm-crm-pos/main-file/packages/dionone/Recruitment/src/Resources/js/Pages/Frontend/JobListings.tsx'
    Imported via '@/components/ui/input' from file 'C:/Users/DION-SERVER/Desktop/codecanyon-FOhzjwS6-erpgo-saas-all-in-one-business-erp-with-project-account-hrm-crm-pos/main-file/packages/dionone/Recruitment/src/Resources/js/Pages/Frontend/TrackingForm.tsx'
    Imported via '@/components/ui/input' from file 'C:/Users/DION-SERVER/Desktop/codecanyon-FOhzjwS6-erpgo-saas-all-in-one-business-erp-with-project-account-hrm-crm-pos/main-file/packages/dionone/Recruitment/src/Resources/js/Pages/InterviewFeedbacks/Create.tsx'
    Imported via '@/components/ui/input' from file 'C:/Users/DION-SERVER/Desktop/codecanyon-FOhzjwS6-erpgo-saas-all-in-one-business-erp-with-project-account-hrm-crm-pos/main-file/packages/dionone/Recruitment/src/Resources/js/Pages/InterviewFeedbacks/Edit.tsx'
    Imported via '@/components/ui/input' from file 'C:/Users/DION-SERVER/Desktop/codecanyon-FOhzjwS6-erpgo-saas-all-in-one-business-erp-with-project-account-hrm-crm-pos/main-file/packages/dionone/Recruitment/src/Resources/js/Pages/InterviewRounds/Create.tsx'
    Imported via '@/components/ui/input' from file 'C:/Users/DION-SERVER/Desktop/codecanyon-FOhzjwS6-erpgo-saas-all-in-one-business-erp-with-project-account-hrm-crm-pos/main-file/packages/dionone/Recruitment/src/Resources/js/Pages/InterviewRounds/Edit.tsx'
    Imported via '@/components/ui/input' from file 'C:/Users/DION-SERVER/Desktop/codecanyon-FOhzjwS6-erpgo-saas-all-in-one-business-erp-with-project-account-hrm-crm-pos/main-file/packages/dionone/Recruitment/src/Resources/js/Pages/Interviews/Create.tsx'
    Imported via '@/components/ui/input' from file 'C:/Users/DION-SERVER/Desktop/codecanyon-FOhzjwS6-erpgo-saas-all-in-one-business-erp-with-project-account-hrm-crm-pos/main-file/packages/dionone/Recruitment/src/Resources/js/Pages/Interviews/Edit.tsx'
    Imported via '@/components/ui/input' from file 'C:/Users/DION-SERVER/Desktop/codecanyon-FOhzjwS6-erpgo-saas-all-in-one-business-erp-with-project-account-hrm-crm-pos/main-file/packages/dionone/Recruitment/src/Resources/js/Pages/Interviews/Index.tsx'
    Imported via '@/components/ui/input' from file 'C:/Users/DION-SERVER/Desktop/codecanyon-FOhzjwS6-erpgo-saas-all-in-one-business-erp-with-project-account-hrm-crm-pos/main-file/packages/dionone/Recruitment/src/Resources/js/Pages/JobLocations/Create.tsx'
    Imported via '@/components/ui/input' from file 'C:/Users/DION-SERVER/Desktop/codecanyon-FOhzjwS6-erpgo-saas-all-in-one-business-erp-with-project-account-hrm-crm-pos/main-file/packages/dionone/Recruitment/src/Resources/js/Pages/JobLocations/Edit.tsx'
    Imported via '@/components/ui/input' from file 'C:/Users/DION-SERVER/Desktop/codecanyon-FOhzjwS6-erpgo-saas-all-in-one-business-erp-with-project-account-hrm-crm-pos/main-file/packages/dionone/Recruitment/src/Resources/js/Pages/JobPostings/Create.tsx'
    Imported via '@/components/ui/input' from file 'C:/Users/DION-SERVER/Desktop/codecanyon-FOhzjwS6-erpgo-saas-all-in-one-business-erp-with-project-account-hrm-crm-pos/main-file/packages/dionone/Recruitment/src/Resources/js/Pages/JobPostings/Edit.tsx'
    Imported via '@/components/ui/input' from file 'C:/Users/DION-SERVER/Desktop/codecanyon-FOhzjwS6-erpgo-saas-all-in-one-business-erp-with-project-account-hrm-crm-pos/main-file/packages/dionone/Recruitment/src/Resources/js/Pages/Offers/ConvertToEmployee.tsx'
    Imported via '@/components/ui/input' from file 'C:/Users/DION-SERVER/Desktop/codecanyon-FOhzjwS6-erpgo-saas-all-in-one-business-erp-with-project-account-hrm-crm-pos/main-file/packages/dionone/Recruitment/src/Resources/js/Pages/Offers/Create.tsx'
    Imported via '@/components/ui/input' from file 'C:/Users/DION-SERVER/Desktop/codecanyon-FOhzjwS6-erpgo-saas-all-in-one-business-erp-with-project-account-hrm-crm-pos/main-file/packages/dionone/Recruitment/src/Resources/js/Pages/Offers/Edit.tsx'
    Imported via '@/components/ui/input' from file 'C:/Users/DION-SERVER/Desktop/codecanyon-FOhzjwS6-erpgo-saas-all-in-one-business-erp-with-project-account-hrm-crm-pos/main-file/packages/dionone/Recruitment/src/Resources/js/Pages/Offers/Index.tsx'
    Imported via '@/components/ui/input' from file 'C:/Users/DION-SERVER/Desktop/codecanyon-FOhzjwS6-erpgo-saas-all-in-one-business-erp-with-project-account-hrm-crm-pos/main-file/packages/dionone/Recruitment/src/Resources/js/Pages/SystemSetup/AboutCompany/Index.tsx'
    Imported via '@/components/ui/input' from file 'C:/Users/DION-SERVER/Desktop/codecanyon-FOhzjwS6-erpgo-saas-all-in-one-business-erp-with-project-account-hrm-crm-pos/main-file/packages/dionone/Recruitment/src/Resources/js/Pages/SystemSetup/ApplicationTips/Index.tsx'
    Imported via '@/components/ui/input' from file 'C:/Users/DION-SERVER/Desktop/codecanyon-FOhzjwS6-erpgo-saas-all-in-one-business-erp-with-project-account-hrm-crm-pos/main-file/packages/dionone/Recruitment/src/Resources/js/Pages/SystemSetup/BrandSettings/Index.tsx'
    Imported via '@/components/ui/input' from file 'C:/Users/DION-SERVER/Desktop/codecanyon-FOhzjwS6-erpgo-saas-all-in-one-business-erp-with-project-account-hrm-crm-pos/main-file/packages/dionone/Recruitment/src/Resources/js/Pages/SystemSetup/CandidateSources/Create.tsx'
    Imported via '@/components/ui/input' from file 'C:/Users/DION-SERVER/Desktop/codecanyon-FOhzjwS6-erpgo-saas-all-in-one-business-erp-with-project-account-hrm-crm-pos/main-file/packages/dionone/Recruitment/src/Resources/js/Pages/SystemSetup/CandidateSources/Edit.tsx'
    Imported via '@/components/ui/input' from file 'C:/Users/DION-SERVER/Desktop/codecanyon-FOhzjwS6-erpgo-saas-all-in-one-business-erp-with-project-account-hrm-crm-pos/main-file/packages/dionone/Recruitment/src/Resources/js/Pages/SystemSetup/DashboardWelcomeCard/Index.tsx'
    Imported via '@/components/ui/input' from file 'C:/Users/DION-SERVER/Desktop/codecanyon-FOhzjwS6-erpgo-saas-all-in-one-business-erp-with-project-account-hrm-crm-pos/main-file/packages/dionone/Recruitment/src/Resources/js/Pages/SystemSetup/InterviewTypes/Create.tsx'
    Imported via '@/components/ui/input' from file 'C:/Users/DION-SERVER/Desktop/codecanyon-FOhzjwS6-erpgo-saas-all-in-one-business-erp-with-project-account-hrm-crm-pos/main-file/packages/dionone/Recruitment/src/Resources/js/Pages/SystemSetup/InterviewTypes/Edit.tsx'
    Imported via '@/components/ui/input' from file 'C:/Users/DION-SERVER/Desktop/codecanyon-FOhzjwS6-erpgo-saas-all-in-one-business-erp-with-project-account-hrm-crm-pos/main-file/packages/dionone/Recruitment/src/Resources/js/Pages/SystemSetup/JobCategories/Create.tsx'
    Imported via '@/components/ui/input' from file 'C:/Users/DION-SERVER/Desktop/codecanyon-FOhzjwS6-erpgo-saas-all-in-one-business-erp-with-project-account-hrm-crm-pos/main-file/packages/dionone/Recruitment/src/Resources/js/Pages/SystemSetup/JobCategories/Edit.tsx'
    Imported via '@/components/ui/input' from file 'C:/Users/DION-SERVER/Desktop/codecanyon-FOhzjwS6-erpgo-saas-all-in-one-business-erp-with-project-account-hrm-crm-pos/main-file/packages/dionone/Recruitment/src/Resources/js/Pages/SystemSetup/JobTypes/Create.tsx'
    Imported via '@/components/ui/input' from file 'C:/Users/DION-SERVER/Desktop/codecanyon-FOhzjwS6-erpgo-saas-all-in-one-business-erp-with-project-account-hrm-crm-pos/main-file/packages/dionone/Recruitment/src/Resources/js/Pages/SystemSetup/JobTypes/Edit.tsx'
    Imported via '@/components/ui/input' from file 'C:/Users/DION-SERVER/Desktop/codecanyon-FOhzjwS6-erpgo-saas-all-in-one-business-erp-with-project-account-hrm-crm-pos/main-file/packages/dionone/Recruitment/src/Resources/js/Pages/SystemSetup/NeedHelp/Index.tsx'
    Imported via '@/components/ui/input' from file 'C:/Users/DION-SERVER/Desktop/codecanyon-FOhzjwS6-erpgo-saas-all-in-one-business-erp-with-project-account-hrm-crm-pos/main-file/packages/dionone/Recruitment/src/Resources/js/Pages/SystemSetup/OnboardingChecklists/Create.tsx'
    Imported via '@/components/ui/input' from file 'C:/Users/DION-SERVER/Desktop/codecanyon-FOhzjwS6-erpgo-saas-all-in-one-business-erp-with-project-account-hrm-crm-pos/main-file/packages/dionone/Recruitment/src/Resources/js/Pages/SystemSetup/OnboardingChecklists/Edit.tsx'
    Imported via '@/components/ui/input' from file 'C:/Users/DION-SERVER/Desktop/codecanyon-FOhzjwS6-erpgo-saas-all-in-one-business-erp-with-project-account-hrm-crm-pos/main-file/packages/dionone/Recruitment/src/Resources/js/Pages/SystemSetup/TrackingFaq/Index.tsx'
    Imported via '@/components/ui/input' from file 'C:/Users/DION-SERVER/Desktop/codecanyon-FOhzjwS6-erpgo-saas-all-in-one-business-erp-with-project-account-hrm-crm-pos/main-file/packages/dionone/Recruitment/src/Resources/js/Pages/SystemSetup/WhatHappensNext/Index.tsx'
    Imported via '@/components/ui/input' from file 'C:/Users/DION-SERVER/Desktop/codecanyon-FOhzjwS6-erpgo-saas-all-in-one-business-erp-with-project-account-hrm-crm-pos/main-file/packages/dionone/Slack/src/Resources/js/settings/components/slack-settings.tsx'
    Imported via '@/components/ui/input' from file 'C:/Users/DION-SERVER/Desktop/codecanyon-FOhzjwS6-erpgo-saas-all-in-one-business-erp-with-project-account-hrm-crm-pos/main-file/packages/dionone/Stripe/src/Resources/js/settings/components/stripe-settings.tsx'
    Imported via "@/components/ui/input" from file 'C:/Users/DION-SERVER/Desktop/codecanyon-FOhzjwS6-erpgo-saas-all-in-one-business-erp-with-project-account-hrm-crm-pos/main-file/packages/dionone/SupportTicket/src/Resources/js/Pages/Search.tsx'
    Imported via '@/components/ui/input' from file 'C:/Users/DION-SERVER/Desktop/codecanyon-FOhzjwS6-erpgo-saas-all-in-one-business-erp-with-project-account-hrm-crm-pos/main-file/packages/dionone/SupportTicket/src/Resources/js/Pages/FAQ/Create.tsx'
    Imported via '@/components/ui/input' from file 'C:/Users/DION-SERVER/Desktop/codecanyon-FOhzjwS6-erpgo-saas-all-in-one-business-erp-with-project-account-hrm-crm-pos/main-file/packages/dionone/SupportTicket/src/Resources/js/Pages/FAQ/Edit.tsx'
    Imported via '@/components/ui/input' from file 'C:/Users/DION-SERVER/Desktop/codecanyon-FOhzjwS6-erpgo-saas-all-in-one-business-erp-with-project-account-hrm-crm-pos/main-file/packages/dionone/SupportTicket/src/Resources/js/Pages/FAQ/Import.tsx'
    Imported via '@/components/ui/input' from file 'C:/Users/DION-SERVER/Desktop/codecanyon-FOhzjwS6-erpgo-saas-all-in-one-business-erp-with-project-account-hrm-crm-pos/main-file/packages/dionone/SupportTicket/src/Resources/js/Pages/FAQ/ImportDialog.tsx'
    Imported via "@/components/ui/input" from file 'C:/Users/DION-SERVER/Desktop/codecanyon-FOhzjwS6-erpgo-saas-all-in-one-business-erp-with-project-account-hrm-crm-pos/main-file/packages/dionone/SupportTicket/src/Resources/js/Pages/Frontend/Contact.tsx'
    Imported via "@/components/ui/input" from file 'C:/Users/DION-SERVER/Desktop/codecanyon-FOhzjwS6-erpgo-saas-all-in-one-business-erp-with-project-account-hrm-crm-pos/main-file/packages/dionone/SupportTicket/src/Resources/js/Pages/Frontend/CreateTicket.tsx'
    Imported via "@/components/ui/input" from file 'C:/Users/DION-SERVER/Desktop/codecanyon-FOhzjwS6-erpgo-saas-all-in-one-business-erp-with-project-account-hrm-crm-pos/main-file/packages/dionone/SupportTicket/src/Resources/js/Pages/Frontend/Faq.tsx'
    Imported via "@/components/ui/input" from file 'C:/Users/DION-SERVER/Desktop/codecanyon-FOhzjwS6-erpgo-saas-all-in-one-business-erp-with-project-account-hrm-crm-pos/main-file/packages/dionone/SupportTicket/src/Resources/js/Pages/Frontend/Index.tsx'
    Imported via "@/components/ui/input" from file 'C:/Users/DION-SERVER/Desktop/codecanyon-FOhzjwS6-erpgo-saas-all-in-one-business-erp-with-project-account-hrm-crm-pos/main-file/packages/dionone/SupportTicket/src/Resources/js/Pages/Frontend/Knowledge.tsx'
    Imported via "@/components/ui/input" from file 'C:/Users/DION-SERVER/Desktop/codecanyon-FOhzjwS6-erpgo-saas-all-in-one-business-erp-with-project-account-hrm-crm-pos/main-file/packages/dionone/SupportTicket/src/Resources/js/Pages/Frontend/SearchTicket.tsx'
    Imported via '@/components/ui/input' from file 'C:/Users/DION-SERVER/Desktop/codecanyon-FOhzjwS6-erpgo-saas-all-in-one-business-erp-with-project-account-hrm-crm-pos/main-file/packages/dionone/SupportTicket/src/Resources/js/Pages/Knowledge/Create.tsx'
    Imported via '@/components/ui/input' from file 'C:/Users/DION-SERVER/Desktop/codecanyon-FOhzjwS6-erpgo-saas-all-in-one-business-erp-with-project-account-hrm-crm-pos/main-file/packages/dionone/SupportTicket/src/Resources/js/Pages/Knowledge/Edit.tsx'
    Imported via '@/components/ui/input' from file 'C:/Users/DION-SERVER/Desktop/codecanyon-FOhzjwS6-erpgo-saas-all-in-one-business-erp-with-project-account-hrm-crm-pos/main-file/packages/dionone/SupportTicket/src/Resources/js/Pages/Knowledge/Import.tsx'
    Imported via '@/components/ui/input' from file 'C:/Users/DION-SERVER/Desktop/codecanyon-FOhzjwS6-erpgo-saas-all-in-one-business-erp-with-project-account-hrm-crm-pos/main-file/packages/dionone/SupportTicket/src/Resources/js/Pages/Knowledge/ImportDialog.tsx'
    Imported via '@/components/ui/input' from file 'C:/Users/DION-SERVER/Desktop/codecanyon-FOhzjwS6-erpgo-saas-all-in-one-business-erp-with-project-account-hrm-crm-pos/main-file/packages/dionone/SupportTicket/src/Resources/js/Pages/SystemSetup/cta-section.tsx'
    Imported via '@/components/ui/input' from file 'C:/Users/DION-SERVER/Desktop/codecanyon-FOhzjwS6-erpgo-saas-all-in-one-business-erp-with-project-account-hrm-crm-pos/main-file/packages/dionone/SupportTicket/src/Resources/js/Pages/SystemSetup/support-information.tsx'
    Imported via '@/components/ui/input' from file 'C:/Users/DION-SERVER/Desktop/codecanyon-FOhzjwS6-erpgo-saas-all-in-one-business-erp-with-project-account-hrm-crm-pos/main-file/packages/dionone/SupportTicket/src/Resources/js/Pages/SystemSetup/title-section.tsx'
    Imported via '@/components/ui/input' from file 'C:/Users/DION-SERVER/Desktop/codecanyon-FOhzjwS6-erpgo-saas-all-in-one-business-erp-with-project-account-hrm-crm-pos/main-file/packages/dionone/SupportTicket/src/Resources/js/Pages/SystemSetup/BrandSettings/Index.tsx'
    Imported via '@/components/ui/input' from file 'C:/Users/DION-SERVER/Desktop/codecanyon-FOhzjwS6-erpgo-saas-all-in-one-business-erp-with-project-account-hrm-crm-pos/main-file/packages/dionone/SupportTicket/src/Resources/js/Pages/SystemSetup/Categories/Create.tsx'
    Imported via '@/components/ui/input' from file 'C:/Users/DION-SERVER/Desktop/codecanyon-FOhzjwS6-erpgo-saas-all-in-one-business-erp-with-project-account-hrm-crm-pos/main-file/packages/dionone/SupportTicket/src/Resources/js/Pages/SystemSetup/Categories/Edit.tsx'
    Imported via "@/components/ui/input" from file 'C:/Users/DION-SERVER/Desktop/codecanyon-FOhzjwS6-erpgo-saas-all-in-one-business-erp-with-project-account-hrm-crm-pos/main-file/packages/dionone/SupportTicket/src/Resources/js/Pages/SystemSetup/ContactInformation/Index.tsx'
    Imported via '@/components/ui/input' from file 'C:/Users/DION-SERVER/Desktop/codecanyon-FOhzjwS6-erpgo-saas-all-in-one-business-erp-with-project-account-hrm-crm-pos/main-file/packages/dionone/SupportTicket/src/Resources/js/Pages/SystemSetup/CustomPages/Create.tsx'
    Imported via '@/components/ui/input' from file 'C:/Users/DION-SERVER/Desktop/codecanyon-FOhzjwS6-erpgo-saas-all-in-one-business-erp-with-project-account-hrm-crm-pos/main-file/packages/dionone/SupportTicket/src/Resources/js/Pages/SystemSetup/CustomPages/Edit.tsx'
    Imported via '@/components/ui/input' from file 'C:/Users/DION-SERVER/Desktop/codecanyon-FOhzjwS6-erpgo-saas-all-in-one-business-erp-with-project-account-hrm-crm-pos/main-file/packages/dionone/SupportTicket/src/Resources/js/Pages/SystemSetup/KnowledgeCategories/Create.tsx'
    Imported via '@/components/ui/input' from file 'C:/Users/DION-SERVER/Desktop/codecanyon-FOhzjwS6-erpgo-saas-all-in-one-business-erp-with-project-account-hrm-crm-pos/main-file/packages/dionone/SupportTicket/src/Resources/js/Pages/SystemSetup/KnowledgeCategories/Edit.tsx'
    Imported via '@/components/ui/input' from file 'C:/Users/DION-SERVER/Desktop/codecanyon-FOhzjwS6-erpgo-saas-all-in-one-business-erp-with-project-account-hrm-crm-pos/main-file/packages/dionone/SupportTicket/src/Resources/js/Pages/SystemSetup/QuickLinks/Create.tsx'
    Imported via '@/components/ui/input' from file 'C:/Users/DION-SERVER/Desktop/codecanyon-FOhzjwS6-erpgo-saas-all-in-one-business-erp-with-project-account-hrm-crm-pos/main-file/packages/dionone/SupportTicket/src/Resources/js/Pages/SystemSetup/QuickLinks/Edit.tsx'
    Imported via '@/components/ui/input' from file 'C:/Users/DION-SERVER/Desktop/codecanyon-FOhzjwS6-erpgo-saas-all-in-one-business-erp-with-project-account-hrm-crm-pos/main-file/packages/dionone/SupportTicket/src/Resources/js/Pages/Tickets/Create.tsx'
    Imported via '@/components/ui/input' from file 'C:/Users/DION-SERVER/Desktop/codecanyon-FOhzjwS6-erpgo-saas-all-in-one-business-erp-with-project-account-hrm-crm-pos/main-file/packages/dionone/SupportTicket/src/Resources/js/Pages/Tickets/Edit.tsx'
    Imported via '@/components/ui/input' from file 'C:/Users/DION-SERVER/Desktop/codecanyon-FOhzjwS6-erpgo-saas-all-in-one-business-erp-with-project-account-hrm-crm-pos/main-file/packages/dionone/SupportTicket/src/Resources/js/Pages/Tickets/EditReply.tsx'
    Imported via '@/Components/ui/input' from file 'C:/Users/DION-SERVER/Desktop/codecanyon-FOhzjwS6-erpgo-saas-all-in-one-business-erp-with-project-account-hrm-crm-pos/main-file/packages/dionone/SupportTicket/src/Resources/js/faq/Import.tsx'
    Imported via '@/Components/ui/input' from file 'C:/Users/DION-SERVER/Desktop/codecanyon-FOhzjwS6-erpgo-saas-all-in-one-business-erp-with-project-account-hrm-crm-pos/main-file/packages/dionone/SupportTicket/src/Resources/js/knowledge/Import.tsx'
    Imported via '@/components/ui/input' from file 'C:/Users/DION-SERVER/Desktop/codecanyon-FOhzjwS6-erpgo-saas-all-in-one-business-erp-with-project-account-hrm-crm-pos/main-file/packages/dionone/SupportTicket/src/Resources/js/settings/components/support-setting.tsx'
    Imported via "@/components/ui/input" from file 'C:/Users/DION-SERVER/Desktop/codecanyon-FOhzjwS6-erpgo-saas-all-in-one-business-erp-with-project-account-hrm-crm-pos/main-file/packages/dionone/Taskly/src/Resources/js/Pages/Bugs/Create.tsx'
    Imported via "@/components/ui/input" from file 'C:/Users/DION-SERVER/Desktop/codecanyon-FOhzjwS6-erpgo-saas-all-in-one-business-erp-with-project-account-hrm-crm-pos/main-file/packages/dionone/Taskly/src/Resources/js/Pages/Bugs/Edit.tsx'
    Imported via '@/components/ui/input' from file 'C:/Users/DION-SERVER/Desktop/codecanyon-FOhzjwS6-erpgo-saas-all-in-one-business-erp-with-project-account-hrm-crm-pos/main-file/packages/dionone/Taskly/src/Resources/js/Pages/Project/Create.tsx'
    Imported via '@/components/ui/input' from file 'C:/Users/DION-SERVER/Desktop/codecanyon-FOhzjwS6-erpgo-saas-all-in-one-business-erp-with-project-account-hrm-crm-pos/main-file/packages/dionone/Taskly/src/Resources/js/Pages/Project/Edit.tsx'
    Imported via '@/components/ui/input' from file 'C:/Users/DION-SERVER/Desktop/codecanyon-FOhzjwS6-erpgo-saas-all-in-one-business-erp-with-project-account-hrm-crm-pos/main-file/packages/dionone/Taskly/src/Resources/js/Pages/Project/View.tsx'
    Imported via "@/components/ui/input" from file 'C:/Users/DION-SERVER/Desktop/codecanyon-FOhzjwS6-erpgo-saas-all-in-one-business-erp-with-project-account-hrm-crm-pos/main-file/packages/dionone/Taskly/src/Resources/js/Pages/SystemSetup/BugStages/Create.tsx'
    Imported via "@/components/ui/input" from file 'C:/Users/DION-SERVER/Desktop/codecanyon-FOhzjwS6-erpgo-saas-all-in-one-business-erp-with-project-account-hrm-crm-pos/main-file/packages/dionone/Taskly/src/Resources/js/Pages/SystemSetup/BugStages/Edit.tsx'
    Imported via "@/components/ui/input" from file 'C:/Users/DION-SERVER/Desktop/codecanyon-FOhzjwS6-erpgo-saas-all-in-one-business-erp-with-project-account-hrm-crm-pos/main-file/packages/dionone/Taskly/src/Resources/js/Pages/SystemSetup/TaskStages/Create.tsx'
    Imported via "@/components/ui/input" from file 'C:/Users/DION-SERVER/Desktop/codecanyon-FOhzjwS6-erpgo-saas-all-in-one-business-erp-with-project-account-hrm-crm-pos/main-file/packages/dionone/Taskly/src/Resources/js/Pages/SystemSetup/TaskStages/Edit.tsx'
    Imported via '@/components/ui/input' from file 'C:/Users/DION-SERVER/Desktop/codecanyon-FOhzjwS6-erpgo-saas-all-in-one-business-erp-with-project-account-hrm-crm-pos/main-file/packages/dionone/Taskly/src/Resources/js/Pages/Tasks/Create.tsx'
    Imported via '@/components/ui/input' from file 'C:/Users/DION-SERVER/Desktop/codecanyon-FOhzjwS6-erpgo-saas-all-in-one-business-erp-with-project-account-hrm-crm-pos/main-file/packages/dionone/Taskly/src/Resources/js/Pages/Tasks/Edit.tsx'
    Imported via "@/components/ui/input" from file 'C:/Users/DION-SERVER/Desktop/codecanyon-FOhzjwS6-erpgo-saas-all-in-one-business-erp-with-project-account-hrm-crm-pos/main-file/packages/dionone/Taskly/src/Resources/js/Pages/Tasks/View.tsx'
    Imported via '@/components/ui/input' from file 'C:/Users/DION-SERVER/Desktop/codecanyon-FOhzjwS6-erpgo-saas-all-in-one-business-erp-with-project-account-hrm-crm-pos/main-file/packages/dionone/Telegram/src/Resources/js/settings/components/telegram-settings.tsx'
    Imported via "@/components/ui/input" from file 'C:/Users/DION-SERVER/Desktop/codecanyon-FOhzjwS6-erpgo-saas-all-in-one-business-erp-with-project-account-hrm-crm-pos/main-file/packages/dionone/Timesheet/src/Resources/js/Pages/Create.tsx'
    Imported via "@/components/ui/input" from file 'C:/Users/DION-SERVER/Desktop/codecanyon-FOhzjwS6-erpgo-saas-all-in-one-business-erp-with-project-account-hrm-crm-pos/main-file/packages/dionone/Timesheet/src/Resources/js/Pages/Edit.tsx'
    Imported via '@/components/ui/input' from file 'C:/Users/DION-SERVER/Desktop/codecanyon-FOhzjwS6-erpgo-saas-all-in-one-business-erp-with-project-account-hrm-crm-pos/main-file/packages/dionone/Timesheet/src/Resources/js/Pages/Index.tsx'
    Imported via '@/components/ui/input' from file 'C:/Users/DION-SERVER/Desktop/codecanyon-FOhzjwS6-erpgo-saas-all-in-one-business-erp-with-project-account-hrm-crm-pos/main-file/packages/dionone/Training/src/Resources/js/Pages/tasks/create.tsx'
    Imported via '@/components/ui/input' from file 'C:/Users/DION-SERVER/Desktop/codecanyon-FOhzjwS6-erpgo-saas-all-in-one-business-erp-with-project-account-hrm-crm-pos/main-file/packages/dionone/Training/src/Resources/js/Pages/tasks/edit.tsx'
    Imported via '@/components/ui/input' from file 'C:/Users/DION-SERVER/Desktop/codecanyon-FOhzjwS6-erpgo-saas-all-in-one-business-erp-with-project-account-hrm-crm-pos/main-file/packages/dionone/Training/src/Resources/js/Pages/trainers/create.tsx'
    Imported via '@/components/ui/input' from file 'C:/Users/DION-SERVER/Desktop/codecanyon-FOhzjwS6-erpgo-saas-all-in-one-business-erp-with-project-account-hrm-crm-pos/main-file/packages/dionone/Training/src/Resources/js/Pages/trainers/edit.tsx'
    Imported via '@/components/ui/input' from file 'C:/Users/DION-SERVER/Desktop/codecanyon-FOhzjwS6-erpgo-saas-all-in-one-business-erp-with-project-account-hrm-crm-pos/main-file/packages/dionone/Training/src/Resources/js/Pages/training-types/create.tsx'
    Imported via '@/components/ui/input' from file 'C:/Users/DION-SERVER/Desktop/codecanyon-FOhzjwS6-erpgo-saas-all-in-one-business-erp-with-project-account-hrm-crm-pos/main-file/packages/dionone/Training/src/Resources/js/Pages/training-types/edit.tsx'
    Imported via '@/components/ui/input' from file 'C:/Users/DION-SERVER/Desktop/codecanyon-FOhzjwS6-erpgo-saas-all-in-one-business-erp-with-project-account-hrm-crm-pos/main-file/packages/dionone/Training/src/Resources/js/Pages/training-types/index.tsx'
    Imported via '@/components/ui/input' from file 'C:/Users/DION-SERVER/Desktop/codecanyon-FOhzjwS6-erpgo-saas-all-in-one-business-erp-with-project-account-hrm-crm-pos/main-file/packages/dionone/Training/src/Resources/js/Pages/trainings/create.tsx'
    Imported via '@/components/ui/input' from file 'C:/Users/DION-SERVER/Desktop/codecanyon-FOhzjwS6-erpgo-saas-all-in-one-business-erp-with-project-account-hrm-crm-pos/main-file/packages/dionone/Training/src/Resources/js/Pages/trainings/edit.tsx'
    Imported via '@/components/ui/input' from file 'C:/Users/DION-SERVER/Desktop/codecanyon-FOhzjwS6-erpgo-saas-all-in-one-business-erp-with-project-account-hrm-crm-pos/main-file/packages/dionone/Twilio/src/Resources/js/settings/components/twilio-settings.tsx'
    Imported via '@/components/ui/input' from file 'C:/Users/DION-SERVER/Desktop/codecanyon-FOhzjwS6-erpgo-saas-all-in-one-business-erp-with-project-account-hrm-crm-pos/main-file/packages/dionone/Webhook/src/Resources/js/settings/components/webhook-settings.tsx'
    Imported via '@/components/ui/input' from file 'C:/Users/DION-SERVER/Desktop/codecanyon-FOhzjwS6-erpgo-saas-all-in-one-business-erp-with-project-account-hrm-crm-pos/main-file/packages/dionone/ZoomMeeting/src/Resources/js/Pages/ZoomMeetings/Create.tsx'
    Imported via '@/components/ui/input' from file 'C:/Users/DION-SERVER/Desktop/codecanyon-FOhzjwS6-erpgo-saas-all-in-one-business-erp-with-project-account-hrm-crm-pos/main-file/packages/dionone/ZoomMeeting/src/Resources/js/Pages/ZoomMeetings/Edit.tsx'
    Imported via '@/components/ui/input' from file 'C:/Users/DION-SERVER/Desktop/codecanyon-FOhzjwS6-erpgo-saas-all-in-one-business-erp-with-project-account-hrm-crm-pos/main-file/packages/dionone/ZoomMeeting/src/Resources/js/settings/components/zoom-meeting-settings.tsx'
packages/dionone/SupportTicket/src/Resources/js/faq/Import.tsx(6,23): error TS1149: File name 'C:/Users/DION-SERVER/Desktop/codecanyon-FOhzjwS6-erpgo-saas-all-in-one-business-erp-with-project-account-hrm-crm-pos/main-file/resources/js/Components/ui/label.tsx' differs from already included file name 'C:/Users/DION-SERVER/Desktop/codecanyon-FOhzjwS6-erpgo-saas-all-in-one-business-erp-with-project-account-hrm-crm-pos/main-file/resources/js/components/ui/label.tsx' only in casing.
  The file is in the program because:
    Imported via '@/components/ui/label' from file 'C:/Users/DION-SERVER/Desktop/codecanyon-FOhzjwS6-erpgo-saas-all-in-one-business-erp-with-project-account-hrm-crm-pos/main-file/resources/js/pages/settings/components/brand-settings.tsx'
    Imported via './ui/label' from file 'C:/Users/DION-SERVER/Desktop/codecanyon-FOhzjwS6-erpgo-saas-all-in-one-business-erp-with-project-account-hrm-crm-pos/main-file/resources/js/components/MediaPicker.tsx'
    Imported via '@/components/ui/label' from file 'C:/Users/DION-SERVER/Desktop/codecanyon-FOhzjwS6-erpgo-saas-all-in-one-business-erp-with-project-account-hrm-crm-pos/main-file/resources/js/pages/settings/components/company-settings.tsx'
    Imported via '@/components/ui/label' from file 'C:/Users/DION-SERVER/Desktop/codecanyon-FOhzjwS6-erpgo-saas-all-in-one-business-erp-with-project-account-hrm-crm-pos/main-file/resources/js/pages/settings/components/system-settings.tsx'
    Imported via '@/components/ui/label' from file 'C:/Users/DION-SERVER/Desktop/codecanyon-FOhzjwS6-erpgo-saas-all-in-one-business-erp-with-project-account-hrm-crm-pos/main-file/resources/js/pages/settings/components/currency-settings.tsx'
    Imported via '@/components/ui/label' from file 'C:/Users/DION-SERVER/Desktop/codecanyon-FOhzjwS6-erpgo-saas-all-in-one-business-erp-with-project-account-hrm-crm-pos/main-file/resources/js/pages/settings/components/seo-settings.tsx'
    Imported via '@/components/ui/label' from file 'C:/Users/DION-SERVER/Desktop/codecanyon-FOhzjwS6-erpgo-saas-all-in-one-business-erp-with-project-account-hrm-crm-pos/main-file/resources/js/pages/settings/components/storage-settings.tsx'
    Imported via '@/components/ui/label' from file 'C:/Users/DION-SERVER/Desktop/codecanyon-FOhzjwS6-erpgo-saas-all-in-one-business-erp-with-project-account-hrm-crm-pos/main-file/resources/js/pages/settings/components/email-settings.tsx'
    Imported via '@/components/ui/label' from file 'C:/Users/DION-SERVER/Desktop/codecanyon-FOhzjwS6-erpgo-saas-all-in-one-business-erp-with-project-account-hrm-crm-pos/main-file/resources/js/pages/settings/components/pusher-settings.tsx'
    Imported via '@/components/ui/label' from file 'C:/Users/DION-SERVER/Desktop/codecanyon-FOhzjwS6-erpgo-saas-all-in-one-business-erp-with-project-account-hrm-crm-pos/main-file/resources/js/pages/settings/components/cookie-settings.tsx'
    Imported via '@/components/ui/label' from file 'C:/Users/DION-SERVER/Desktop/codecanyon-FOhzjwS6-erpgo-saas-all-in-one-business-erp-with-project-account-hrm-crm-pos/main-file/resources/js/pages/settings/components/bank-transfer-settings.tsx'
    Imported via '@/components/ui/label' from file 'C:/Users/DION-SERVER/Desktop/codecanyon-FOhzjwS6-erpgo-saas-all-in-one-business-erp-with-project-account-hrm-crm-pos/main-file/resources/js/components/create-language-modal.tsx'
    Imported via '@/components/ui/label' from file 'C:/Users/DION-SERVER/Desktop/codecanyon-FOhzjwS6-erpgo-saas-all-in-one-business-erp-with-project-account-hrm-crm-pos/main-file/resources/js/components/components/create-language-modal.tsx'
    Imported via "@/components/ui/label" from file 'C:/Users/DION-SERVER/Desktop/codecanyon-FOhzjwS6-erpgo-saas-all-in-one-business-erp-with-project-account-hrm-crm-pos/main-file/resources/js/components/components/ui/checkbox-group.tsx'
    Imported via '@/components/ui/label' from file 'C:/Users/DION-SERVER/Desktop/codecanyon-FOhzjwS6-erpgo-saas-all-in-one-business-erp-with-project-account-hrm-crm-pos/main-file/resources/js/components/components/ui/module-card.tsx'
    Imported via "@/components/ui/label" from file 'C:/Users/DION-SERVER/Desktop/codecanyon-FOhzjwS6-erpgo-saas-all-in-one-business-erp-with-project-account-hrm-crm-pos/main-file/resources/js/components/ui/checkbox-group.tsx'
    Imported via './label' from file 'C:/Users/DION-SERVER/Desktop/codecanyon-FOhzjwS6-erpgo-saas-all-in-one-business-erp-with-project-account-hrm-crm-pos/main-file/resources/js/components/ui/currency-input.tsx'
    Matched by include pattern 'resources/js/**/*.tsx' in 'C:/Users/DION-SERVER/Desktop/codecanyon-FOhzjwS6-erpgo-saas-all-in-one-business-erp-with-project-account-hrm-crm-pos/main-file/tsconfig.json'
    Imported via '@/components/ui/label' from file 'C:/Users/DION-SERVER/Desktop/codecanyon-FOhzjwS6-erpgo-saas-all-in-one-business-erp-with-project-account-hrm-crm-pos/main-file/resources/js/components/ui/module-card.tsx'
    Imported via './label' from file 'C:/Users/DION-SERVER/Desktop/codecanyon-FOhzjwS6-erpgo-saas-all-in-one-business-erp-with-project-account-hrm-crm-pos/main-file/resources/js/components/ui/phone-input.tsx'
    Imported via '@/components/ui/label' from file 'C:/Users/DION-SERVER/Desktop/codecanyon-FOhzjwS6-erpgo-saas-all-in-one-business-erp-with-project-account-hrm-crm-pos/main-file/resources/js/pages/EmailTemplates/Edit.tsx'
    Imported via '@/components/ui/label' from file 'C:/Users/DION-SERVER/Desktop/codecanyon-FOhzjwS6-erpgo-saas-all-in-one-business-erp-with-project-account-hrm-crm-pos/main-file/resources/js/pages/EmailTemplates/EmailTemplates/Edit.tsx'
    Imported via '@/components/ui/label' from file 'C:/Users/DION-SERVER/Desktop/codecanyon-FOhzjwS6-erpgo-saas-all-in-one-business-erp-with-project-account-hrm-crm-pos/main-file/resources/js/pages/Installer/Environment.tsx'
    Imported via '@/components/ui/label' from file 'C:/Users/DION-SERVER/Desktop/codecanyon-FOhzjwS6-erpgo-saas-all-in-one-business-erp-with-project-account-hrm-crm-pos/main-file/resources/js/pages/Installer/Installer/Environment.tsx'
    Imported via '@/components/ui/label' from file 'C:/Users/DION-SERVER/Desktop/codecanyon-FOhzjwS6-erpgo-saas-all-in-one-business-erp-with-project-account-hrm-crm-pos/main-file/resources/js/pages/Purchase/Create.tsx'
    Imported via '@/components/ui/label' from file 'C:/Users/DION-SERVER/Desktop/codecanyon-FOhzjwS6-erpgo-saas-all-in-one-business-erp-with-project-account-hrm-crm-pos/main-file/resources/js/pages/Purchase/Edit.tsx'
    Imported via '@/components/ui/label' from file 'C:/Users/DION-SERVER/Desktop/codecanyon-FOhzjwS6-erpgo-saas-all-in-one-business-erp-with-project-account-hrm-crm-pos/main-file/resources/js/pages/Purchase/Purchase/Create.tsx'
    Imported via '@/components/ui/label' from file 'C:/Users/DION-SERVER/Desktop/codecanyon-FOhzjwS6-erpgo-saas-all-in-one-business-erp-with-project-account-hrm-crm-pos/main-file/resources/js/pages/Purchase/Purchase/Edit.tsx'
    Imported via '@/components/ui/label' from file 'C:/Users/DION-SERVER/Desktop/codecanyon-FOhzjwS6-erpgo-saas-all-in-one-business-erp-with-project-account-hrm-crm-pos/main-file/resources/js/pages/PurchaseReturns/Create.tsx'
    Imported via '@/components/ui/label' from file 'C:/Users/DION-SERVER/Desktop/codecanyon-FOhzjwS6-erpgo-saas-all-in-one-business-erp-with-project-account-hrm-crm-pos/main-file/resources/js/pages/PurchaseReturns/PurchaseReturns/Create.tsx'
    Imported via '@/components/ui/label' from file 'C:/Users/DION-SERVER/Desktop/codecanyon-FOhzjwS6-erpgo-saas-all-in-one-business-erp-with-project-account-hrm-crm-pos/main-file/resources/js/pages/Sales/Create.tsx'
    Imported via '@/components/ui/label' from file 'C:/Users/DION-SERVER/Desktop/codecanyon-FOhzjwS6-erpgo-saas-all-in-one-business-erp-with-project-account-hrm-crm-pos/main-file/resources/js/pages/Sales/Edit.tsx'
    Imported via '@/components/ui/label' from file 'C:/Users/DION-SERVER/Desktop/codecanyon-FOhzjwS6-erpgo-saas-all-in-one-business-erp-with-project-account-hrm-crm-pos/main-file/resources/js/pages/Sales/Sales/Create.tsx'
    Imported via '@/components/ui/label' from file 'C:/Users/DION-SERVER/Desktop/codecanyon-FOhzjwS6-erpgo-saas-all-in-one-business-erp-with-project-account-hrm-crm-pos/main-file/resources/js/pages/Sales/Sales/Edit.tsx'
    Imported via '@/components/ui/label' from file 'C:/Users/DION-SERVER/Desktop/codecanyon-FOhzjwS6-erpgo-saas-all-in-one-business-erp-with-project-account-hrm-crm-pos/main-file/resources/js/pages/SalesProposals/Create.tsx'
    Imported via '@/components/ui/label' from file 'C:/Users/DION-SERVER/Desktop/codecanyon-FOhzjwS6-erpgo-saas-all-in-one-business-erp-with-project-account-hrm-crm-pos/main-file/resources/js/pages/SalesProposals/Edit.tsx'
    Imported via '@/components/ui/label' from file 'C:/Users/DION-SERVER/Desktop/codecanyon-FOhzjwS6-erpgo-saas-all-in-one-business-erp-with-project-account-hrm-crm-pos/main-file/resources/js/pages/SalesProposals/SalesProposals/Create.tsx'
    Imported via '@/components/ui/label' from file 'C:/Users/DION-SERVER/Desktop/codecanyon-FOhzjwS6-erpgo-saas-all-in-one-business-erp-with-project-account-hrm-crm-pos/main-file/resources/js/pages/SalesProposals/SalesProposals/Edit.tsx'
    Imported via '@/components/ui/label' from file 'C:/Users/DION-SERVER/Desktop/codecanyon-FOhzjwS6-erpgo-saas-all-in-one-business-erp-with-project-account-hrm-crm-pos/main-file/resources/js/pages/SalesReturns/Create.tsx'
    Imported via '@/components/ui/label' from file 'C:/Users/DION-SERVER/Desktop/codecanyon-FOhzjwS6-erpgo-saas-all-in-one-business-erp-with-project-account-hrm-crm-pos/main-file/resources/js/pages/SalesReturns/SalesReturns/Create.tsx'
    Imported via "@/components/ui/label" from file 'C:/Users/DION-SERVER/Desktop/codecanyon-FOhzjwS6-erpgo-saas-all-in-one-business-erp-with-project-account-hrm-crm-pos/main-file/resources/js/pages/Transfers/create.tsx'
    Imported via "@/components/ui/label" from file 'C:/Users/DION-SERVER/Desktop/codecanyon-FOhzjwS6-erpgo-saas-all-in-one-business-erp-with-project-account-hrm-crm-pos/main-file/resources/js/pages/Transfers/Transfers/create.tsx'
    Imported via '@/components/ui/label' from file 'C:/Users/DION-SERVER/Desktop/codecanyon-FOhzjwS6-erpgo-saas-all-in-one-business-erp-with-project-account-hrm-crm-pos/main-file/resources/js/pages/auth/confirm-password.tsx'
    Imported via '@/components/ui/label' from file 'C:/Users/DION-SERVER/Desktop/codecanyon-FOhzjwS6-erpgo-saas-all-in-one-business-erp-with-project-account-hrm-crm-pos/main-file/resources/js/pages/auth/forgot-password.tsx'
    Imported via "@/components/ui/label" from file 'C:/Users/DION-SERVER/Desktop/codecanyon-FOhzjwS6-erpgo-saas-all-in-one-business-erp-with-project-account-hrm-crm-pos/main-file/resources/js/pages/auth/login.tsx'
    Imported via '@/components/ui/label' from file 'C:/Users/DION-SERVER/Desktop/codecanyon-FOhzjwS6-erpgo-saas-all-in-one-business-erp-with-project-account-hrm-crm-pos/main-file/resources/js/pages/auth/register.tsx'
    Imported via '@/components/ui/label' from file 'C:/Users/DION-SERVER/Desktop/codecanyon-FOhzjwS6-erpgo-saas-all-in-one-business-erp-with-project-account-hrm-crm-pos/main-file/resources/js/pages/auth/reset-password.tsx'
    Imported via '@/components/ui/label' from file 'C:/Users/DION-SERVER/Desktop/codecanyon-FOhzjwS6-erpgo-saas-all-in-one-business-erp-with-project-account-hrm-crm-pos/main-file/resources/js/pages/auth/auth/confirm-password.tsx'
    Imported via '@/components/ui/label' from file 'C:/Users/DION-SERVER/Desktop/codecanyon-FOhzjwS6-erpgo-saas-all-in-one-business-erp-with-project-account-hrm-crm-pos/main-file/resources/js/pages/auth/auth/forgot-password.tsx'
    Imported via "@/components/ui/label" from file 'C:/Users/DION-SERVER/Desktop/codecanyon-FOhzjwS6-erpgo-saas-all-in-one-business-erp-with-project-account-hrm-crm-pos/main-file/resources/js/pages/auth/auth/login.tsx'
    Imported via '@/components/ui/label' from file 'C:/Users/DION-SERVER/Desktop/codecanyon-FOhzjwS6-erpgo-saas-all-in-one-business-erp-with-project-account-hrm-crm-pos/main-file/resources/js/pages/auth/auth/register.tsx'
    Imported via '@/components/ui/label' from file 'C:/Users/DION-SERVER/Desktop/codecanyon-FOhzjwS6-erpgo-saas-all-in-one-business-erp-with-project-account-hrm-crm-pos/main-file/resources/js/pages/auth/auth/reset-password.tsx'
    Imported via '@/components/ui/label' from file 'C:/Users/DION-SERVER/Desktop/codecanyon-FOhzjwS6-erpgo-saas-all-in-one-business-erp-with-project-account-hrm-crm-pos/main-file/resources/js/pages/bank-transfer/index.tsx'
    Imported via '@/components/ui/label' from file 'C:/Users/DION-SERVER/Desktop/codecanyon-FOhzjwS6-erpgo-saas-all-in-one-business-erp-with-project-account-hrm-crm-pos/main-file/resources/js/pages/bank-transfer/bank-transfer/index.tsx'
    Imported via '@/components/ui/label' from file 'C:/Users/DION-SERVER/Desktop/codecanyon-FOhzjwS6-erpgo-saas-all-in-one-business-erp-with-project-account-hrm-crm-pos/main-file/resources/js/pages/coupons/create.tsx'
    Imported via '@/components/ui/label' from file 'C:/Users/DION-SERVER/Desktop/codecanyon-FOhzjwS6-erpgo-saas-all-in-one-business-erp-with-project-account-hrm-crm-pos/main-file/resources/js/pages/coupons/edit.tsx'
    Imported via '@/components/ui/label' from file 'C:/Users/DION-SERVER/Desktop/codecanyon-FOhzjwS6-erpgo-saas-all-in-one-business-erp-with-project-account-hrm-crm-pos/main-file/resources/js/pages/coupons/coupons/create.tsx'
    Imported via '@/components/ui/label' from file 'C:/Users/DION-SERVER/Desktop/codecanyon-FOhzjwS6-erpgo-saas-all-in-one-business-erp-with-project-account-hrm-crm-pos/main-file/resources/js/pages/coupons/coupons/edit.tsx'
    Imported via "@/components/ui/label" from file 'C:/Users/DION-SERVER/Desktop/codecanyon-FOhzjwS6-erpgo-saas-all-in-one-business-erp-with-project-account-hrm-crm-pos/main-file/resources/js/pages/helpdesk/categories/create.tsx'
    Imported via "@/components/ui/label" from file 'C:/Users/DION-SERVER/Desktop/codecanyon-FOhzjwS6-erpgo-saas-all-in-one-business-erp-with-project-account-hrm-crm-pos/main-file/resources/js/pages/helpdesk/categories/edit.tsx'
    Imported via "@/components/ui/label" from file 'C:/Users/DION-SERVER/Desktop/codecanyon-FOhzjwS6-erpgo-saas-all-in-one-business-erp-with-project-account-hrm-crm-pos/main-file/resources/js/pages/helpdesk/helpdesk/categories/create.tsx'
    Imported via "@/components/ui/label" from file 'C:/Users/DION-SERVER/Desktop/codecanyon-FOhzjwS6-erpgo-saas-all-in-one-business-erp-with-project-account-hrm-crm-pos/main-file/resources/js/pages/helpdesk/helpdesk/categories/edit.tsx'
    Imported via "@/components/ui/label" from file 'C:/Users/DION-SERVER/Desktop/codecanyon-FOhzjwS6-erpgo-saas-all-in-one-business-erp-with-project-account-hrm-crm-pos/main-file/resources/js/pages/helpdesk/helpdesk/tickets/create.tsx'
    Imported via "@/components/ui/label" from file 'C:/Users/DION-SERVER/Desktop/codecanyon-FOhzjwS6-erpgo-saas-all-in-one-business-erp-with-project-account-hrm-crm-pos/main-file/resources/js/pages/helpdesk/helpdesk/tickets/edit.tsx'
    Imported via "@/components/ui/label" from file 'C:/Users/DION-SERVER/Desktop/codecanyon-FOhzjwS6-erpgo-saas-all-in-one-business-erp-with-project-account-hrm-crm-pos/main-file/resources/js/pages/helpdesk/tickets/create.tsx'
    Imported via "@/components/ui/label" from file 'C:/Users/DION-SERVER/Desktop/codecanyon-FOhzjwS6-erpgo-saas-all-in-one-business-erp-with-project-account-hrm-crm-pos/main-file/resources/js/pages/helpdesk/tickets/edit.tsx'
    Imported via '@/components/ui/label' from file 'C:/Users/DION-SERVER/Desktop/codecanyon-FOhzjwS6-erpgo-saas-all-in-one-business-erp-with-project-account-hrm-crm-pos/main-file/resources/js/pages/languages/manage.tsx'
    Imported via '@/components/ui/label' from file 'C:/Users/DION-SERVER/Desktop/codecanyon-FOhzjwS6-erpgo-saas-all-in-one-business-erp-with-project-account-hrm-crm-pos/main-file/resources/js/pages/languages/languages/manage.tsx'
    Imported via '@/components/ui/label' from file 'C:/Users/DION-SERVER/Desktop/codecanyon-FOhzjwS6-erpgo-saas-all-in-one-business-erp-with-project-account-hrm-crm-pos/main-file/resources/js/pages/mission-command/Gamification.tsx'
    Imported via '@/components/ui/label' from file 'C:/Users/DION-SERVER/Desktop/codecanyon-FOhzjwS6-erpgo-saas-all-in-one-business-erp-with-project-account-hrm-crm-pos/main-file/resources/js/pages/mission-command/NotificationsHub.tsx'
    Imported via '@/components/ui/label' from file 'C:/Users/DION-SERVER/Desktop/codecanyon-FOhzjwS6-erpgo-saas-all-in-one-business-erp-with-project-account-hrm-crm-pos/main-file/resources/js/pages/notification-templates/Edit.tsx'
    Imported via '@/components/ui/label' from file 'C:/Users/DION-SERVER/Desktop/codecanyon-FOhzjwS6-erpgo-saas-all-in-one-business-erp-with-project-account-hrm-crm-pos/main-file/resources/js/pages/notification-templates/notification-templates/Edit.tsx'
    Imported via '@/components/ui/label' from file 'C:/Users/DION-SERVER/Desktop/codecanyon-FOhzjwS6-erpgo-saas-all-in-one-business-erp-with-project-account-hrm-crm-pos/main-file/resources/js/pages/plans/form.tsx'
    Imported via '@/components/ui/label' from file 'C:/Users/DION-SERVER/Desktop/codecanyon-FOhzjwS6-erpgo-saas-all-in-one-business-erp-with-project-account-hrm-crm-pos/main-file/resources/js/pages/plans/index.tsx'
    Imported via '@/components/ui/label' from file 'C:/Users/DION-SERVER/Desktop/codecanyon-FOhzjwS6-erpgo-saas-all-in-one-business-erp-with-project-account-hrm-crm-pos/main-file/resources/js/pages/plans/subscription-layout.tsx'
    Imported via '@/components/ui/label' from file 'C:/Users/DION-SERVER/Desktop/codecanyon-FOhzjwS6-erpgo-saas-all-in-one-business-erp-with-project-account-hrm-crm-pos/main-file/resources/js/pages/plans/plans/form.tsx'
    Imported via '@/components/ui/label' from file 'C:/Users/DION-SERVER/Desktop/codecanyon-FOhzjwS6-erpgo-saas-all-in-one-business-erp-with-project-account-hrm-crm-pos/main-file/resources/js/pages/plans/plans/index.tsx'
    Imported via '@/components/ui/label' from file 'C:/Users/DION-SERVER/Desktop/codecanyon-FOhzjwS6-erpgo-saas-all-in-one-business-erp-with-project-account-hrm-crm-pos/main-file/resources/js/pages/plans/plans/subscription-layout.tsx'
    Imported via "@/components/ui/label" from file 'C:/Users/DION-SERVER/Desktop/codecanyon-FOhzjwS6-erpgo-saas-all-in-one-business-erp-with-project-account-hrm-crm-pos/main-file/resources/js/pages/profile/partials/update-password-form.tsx'
    Imported via "@/components/ui/label" from file 'C:/Users/DION-SERVER/Desktop/codecanyon-FOhzjwS6-erpgo-saas-all-in-one-business-erp-with-project-account-hrm-crm-pos/main-file/resources/js/pages/profile/partials/update-profile-information-form.tsx'
    Imported via "@/components/ui/label" from file 'C:/Users/DION-SERVER/Desktop/codecanyon-FOhzjwS6-erpgo-saas-all-in-one-business-erp-with-project-account-hrm-crm-pos/main-file/resources/js/pages/profile/profile/partials/update-password-form.tsx'
    Imported via "@/components/ui/label" from file 'C:/Users/DION-SERVER/Desktop/codecanyon-FOhzjwS6-erpgo-saas-all-in-one-business-erp-with-project-account-hrm-crm-pos/main-file/resources/js/pages/profile/profile/partials/update-profile-information-form.tsx'
    Imported via '@/components/ui/label' from file 'C:/Users/DION-SERVER/Desktop/codecanyon-FOhzjwS6-erpgo-saas-all-in-one-business-erp-with-project-account-hrm-crm-pos/main-file/resources/js/pages/roles/create.tsx'
    Imported via '@/components/ui/label' from file 'C:/Users/DION-SERVER/Desktop/codecanyon-FOhzjwS6-erpgo-saas-all-in-one-business-erp-with-project-account-hrm-crm-pos/main-file/resources/js/pages/roles/edit.tsx'
    Imported via '@/components/ui/label' from file 'C:/Users/DION-SERVER/Desktop/codecanyon-FOhzjwS6-erpgo-saas-all-in-one-business-erp-with-project-account-hrm-crm-pos/main-file/resources/js/pages/roles/roles/create.tsx'
    Imported via '@/components/ui/label' from file 'C:/Users/DION-SERVER/Desktop/codecanyon-FOhzjwS6-erpgo-saas-all-in-one-business-erp-with-project-account-hrm-crm-pos/main-file/resources/js/pages/roles/roles/edit.tsx'
    Imported via '@/components/ui/label' from file 'C:/Users/DION-SERVER/Desktop/codecanyon-FOhzjwS6-erpgo-saas-all-in-one-business-erp-with-project-account-hrm-crm-pos/main-file/resources/js/pages/settings/settings/components/bank-transfer-settings.tsx'
    Imported via '@/components/ui/label' from file 'C:/Users/DION-SERVER/Desktop/codecanyon-FOhzjwS6-erpgo-saas-all-in-one-business-erp-with-project-account-hrm-crm-pos/main-file/resources/js/pages/settings/settings/components/brand-settings.tsx'
    Imported via '@/components/ui/label' from file 'C:/Users/DION-SERVER/Desktop/codecanyon-FOhzjwS6-erpgo-saas-all-in-one-business-erp-with-project-account-hrm-crm-pos/main-file/resources/js/pages/settings/settings/components/company-settings.tsx'
    Imported via '@/components/ui/label' from file 'C:/Users/DION-SERVER/Desktop/codecanyon-FOhzjwS6-erpgo-saas-all-in-one-business-erp-with-project-account-hrm-crm-pos/main-file/resources/js/pages/settings/settings/components/cookie-settings.tsx'
    Imported via '@/components/ui/label' from file 'C:/Users/DION-SERVER/Desktop/codecanyon-FOhzjwS6-erpgo-saas-all-in-one-business-erp-with-project-account-hrm-crm-pos/main-file/resources/js/pages/settings/settings/components/currency-settings.tsx'
    Imported via '@/components/ui/label' from file 'C:/Users/DION-SERVER/Desktop/codecanyon-FOhzjwS6-erpgo-saas-all-in-one-business-erp-with-project-account-hrm-crm-pos/main-file/resources/js/pages/settings/settings/components/email-settings.tsx'
    Imported via '@/components/ui/label' from file 'C:/Users/DION-SERVER/Desktop/codecanyon-FOhzjwS6-erpgo-saas-all-in-one-business-erp-with-project-account-hrm-crm-pos/main-file/resources/js/pages/settings/settings/components/pusher-settings.tsx'
    Imported via '@/components/ui/label' from file 'C:/Users/DION-SERVER/Desktop/codecanyon-FOhzjwS6-erpgo-saas-all-in-one-business-erp-with-project-account-hrm-crm-pos/main-file/resources/js/pages/settings/settings/components/seo-settings.tsx'
    Imported via '@/components/ui/label' from file 'C:/Users/DION-SERVER/Desktop/codecanyon-FOhzjwS6-erpgo-saas-all-in-one-business-erp-with-project-account-hrm-crm-pos/main-file/resources/js/pages/settings/settings/components/storage-settings.tsx'
    Imported via '@/components/ui/label' from file 'C:/Users/DION-SERVER/Desktop/codecanyon-FOhzjwS6-erpgo-saas-all-in-one-business-erp-with-project-account-hrm-crm-pos/main-file/resources/js/pages/settings/settings/components/system-settings.tsx'
    Imported via '@/components/ui/label' from file 'C:/Users/DION-SERVER/Desktop/codecanyon-FOhzjwS6-erpgo-saas-all-in-one-business-erp-with-project-account-hrm-crm-pos/main-file/resources/js/pages/users/assign-plan.tsx'
    Imported via "@/components/ui/label" from file 'C:/Users/DION-SERVER/Desktop/codecanyon-FOhzjwS6-erpgo-saas-all-in-one-business-erp-with-project-account-hrm-crm-pos/main-file/resources/js/pages/users/change-password.tsx'
    Imported via "@/components/ui/label" from file 'C:/Users/DION-SERVER/Desktop/codecanyon-FOhzjwS6-erpgo-saas-all-in-one-business-erp-with-project-account-hrm-crm-pos/main-file/resources/js/pages/users/create.tsx'
    Imported via "@/components/ui/label" from file 'C:/Users/DION-SERVER/Desktop/codecanyon-FOhzjwS6-erpgo-saas-all-in-one-business-erp-with-project-account-hrm-crm-pos/main-file/resources/js/pages/users/edit.tsx'
    Imported via "@/components/ui/label" from file 'C:/Users/DION-SERVER/Desktop/codecanyon-FOhzjwS6-erpgo-saas-all-in-one-business-erp-with-project-account-hrm-crm-pos/main-file/resources/js/pages/users/users/change-password.tsx'
    Imported via "@/components/ui/label" from file 'C:/Users/DION-SERVER/Desktop/codecanyon-FOhzjwS6-erpgo-saas-all-in-one-business-erp-with-project-account-hrm-crm-pos/main-file/resources/js/pages/users/users/create.tsx'
    Imported via "@/components/ui/label" from file 'C:/Users/DION-SERVER/Desktop/codecanyon-FOhzjwS6-erpgo-saas-all-in-one-business-erp-with-project-account-hrm-crm-pos/main-file/resources/js/pages/users/users/edit.tsx'
    Imported via "@/components/ui/label" from file 'C:/Users/DION-SERVER/Desktop/codecanyon-FOhzjwS6-erpgo-saas-all-in-one-business-erp-with-project-account-hrm-crm-pos/main-file/resources/js/pages/warehouses/create.tsx'
    Imported via "@/components/ui/label" from file 'C:/Users/DION-SERVER/Desktop/codecanyon-FOhzjwS6-erpgo-saas-all-in-one-business-erp-with-project-account-hrm-crm-pos/main-file/resources/js/pages/warehouses/edit.tsx'
    Imported via "@/components/ui/label" from file 'C:/Users/DION-SERVER/Desktop/codecanyon-FOhzjwS6-erpgo-saas-all-in-one-business-erp-with-project-account-hrm-crm-pos/main-file/resources/js/pages/warehouses/warehouses/create.tsx'
    Imported via "@/components/ui/label" from file 'C:/Users/DION-SERVER/Desktop/codecanyon-FOhzjwS6-erpgo-saas-all-in-one-business-erp-with-project-account-hrm-crm-pos/main-file/resources/js/pages/warehouses/warehouses/edit.tsx'
    Imported via '@/components/ui/label' from file 'C:/Users/DION-SERVER/Desktop/codecanyon-FOhzjwS6-erpgo-saas-all-in-one-business-erp-with-project-account-hrm-crm-pos/main-file/packages/dionone/AIAssistant/src/Resources/js/components/AIGenerationModal.tsx'
    Imported via '@/components/ui/label' from file 'C:/Users/DION-SERVER/Desktop/codecanyon-FOhzjwS6-erpgo-saas-all-in-one-business-erp-with-project-account-hrm-crm-pos/main-file/packages/dionone/AIAssistant/src/Resources/js/settings/components/ai-assistant-settings.tsx'
    Imported via '@/components/ui/label' from file 'C:/Users/DION-SERVER/Desktop/codecanyon-FOhzjwS6-erpgo-saas-all-in-one-business-erp-with-project-account-hrm-crm-pos/main-file/packages/dionone/Account/src/Resources/js/Pages/BankAccounts/Create.tsx'
    Imported via '@/components/ui/label' from file 'C:/Users/DION-SERVER/Desktop/codecanyon-FOhzjwS6-erpgo-saas-all-in-one-business-erp-with-project-account-hrm-crm-pos/main-file/packages/dionone/Account/src/Resources/js/Pages/BankAccounts/Edit.tsx'
    Imported via '@/components/ui/label' from file 'C:/Users/DION-SERVER/Desktop/codecanyon-FOhzjwS6-erpgo-saas-all-in-one-business-erp-with-project-account-hrm-crm-pos/main-file/packages/dionone/Account/src/Resources/js/Pages/BankTransfers/Create.tsx'
    Imported via '@/components/ui/label' from file 'C:/Users/DION-SERVER/Desktop/codecanyon-FOhzjwS6-erpgo-saas-all-in-one-business-erp-with-project-account-hrm-crm-pos/main-file/packages/dionone/Account/src/Resources/js/Pages/BankTransfers/Edit.tsx'
    Imported via '@/components/ui/label' from file 'C:/Users/DION-SERVER/Desktop/codecanyon-FOhzjwS6-erpgo-saas-all-in-one-business-erp-with-project-account-hrm-crm-pos/main-file/packages/dionone/Account/src/Resources/js/Pages/BankTransfers/View.tsx'
    Imported via '@/components/ui/label' from file 'C:/Users/DION-SERVER/Desktop/codecanyon-FOhzjwS6-erpgo-saas-all-in-one-business-erp-with-project-account-hrm-crm-pos/main-file/packages/dionone/Account/src/Resources/js/Pages/ChartOfAccounts/Create.tsx'
    Imported via '@/components/ui/label' from file 'C:/Users/DION-SERVER/Desktop/codecanyon-FOhzjwS6-erpgo-saas-all-in-one-business-erp-with-project-account-hrm-crm-pos/main-file/packages/dionone/Account/src/Resources/js/Pages/ChartOfAccounts/Edit.tsx'
    Imported via '@/components/ui/label' from file 'C:/Users/DION-SERVER/Desktop/codecanyon-FOhzjwS6-erpgo-saas-all-in-one-business-erp-with-project-account-hrm-crm-pos/main-file/packages/dionone/Account/src/Resources/js/Pages/CreditNotes/Create.tsx'
    Imported via '@/components/ui/label' from file 'C:/Users/DION-SERVER/Desktop/codecanyon-FOhzjwS6-erpgo-saas-all-in-one-business-erp-with-project-account-hrm-crm-pos/main-file/packages/dionone/Account/src/Resources/js/Pages/CustomerPayments/Create.tsx'
    Imported via "@/components/ui/label" from file 'C:/Users/DION-SERVER/Desktop/codecanyon-FOhzjwS6-erpgo-saas-all-in-one-business-erp-with-project-account-hrm-crm-pos/main-file/packages/dionone/Account/src/Resources/js/Pages/Customers/Create.tsx'
    Imported via "@/components/ui/label" from file 'C:/Users/DION-SERVER/Desktop/codecanyon-FOhzjwS6-erpgo-saas-all-in-one-business-erp-with-project-account-hrm-crm-pos/main-file/packages/dionone/Account/src/Resources/js/Pages/Customers/Edit.tsx'
    Imported via '@/components/ui/label' from file 'C:/Users/DION-SERVER/Desktop/codecanyon-FOhzjwS6-erpgo-saas-all-in-one-business-erp-with-project-account-hrm-crm-pos/main-file/packages/dionone/Account/src/Resources/js/Pages/DebitNotes/Create.tsx'
    Imported via '@/components/ui/label' from file 'C:/Users/DION-SERVER/Desktop/codecanyon-FOhzjwS6-erpgo-saas-all-in-one-business-erp-with-project-account-hrm-crm-pos/main-file/packages/dionone/Account/src/Resources/js/Pages/Expenses/Create.tsx'
    Imported via '@/components/ui/label' from file 'C:/Users/DION-SERVER/Desktop/codecanyon-FOhzjwS6-erpgo-saas-all-in-one-business-erp-with-project-account-hrm-crm-pos/main-file/packages/dionone/Account/src/Resources/js/Pages/Expenses/Edit.tsx'
    Imported via '@/components/ui/label' from file 'C:/Users/DION-SERVER/Desktop/codecanyon-FOhzjwS6-erpgo-saas-all-in-one-business-erp-with-project-account-hrm-crm-pos/main-file/packages/dionone/Account/src/Resources/js/Pages/Revenues/Create.tsx'
    Imported via '@/components/ui/label' from file 'C:/Users/DION-SERVER/Desktop/codecanyon-FOhzjwS6-erpgo-saas-all-in-one-business-erp-with-project-account-hrm-crm-pos/main-file/packages/dionone/Account/src/Resources/js/Pages/Revenues/Edit.tsx'
    Imported via '@/components/ui/label' from file 'C:/Users/DION-SERVER/Desktop/codecanyon-FOhzjwS6-erpgo-saas-all-in-one-business-erp-with-project-account-hrm-crm-pos/main-file/packages/dionone/Account/src/Resources/js/Pages/SystemSetup/AccountTypes/Create.tsx'
    Imported via '@/components/ui/label' from file 'C:/Users/DION-SERVER/Desktop/codecanyon-FOhzjwS6-erpgo-saas-all-in-one-business-erp-with-project-account-hrm-crm-pos/main-file/packages/dionone/Account/src/Resources/js/Pages/SystemSetup/AccountTypes/Edit.tsx'
    Imported via '@/components/ui/label' from file 'C:/Users/DION-SERVER/Desktop/codecanyon-FOhzjwS6-erpgo-saas-all-in-one-business-erp-with-project-account-hrm-crm-pos/main-file/packages/dionone/Account/src/Resources/js/Pages/SystemSetup/ExpenseCategories/Create.tsx'
    Imported via '@/components/ui/label' from file 'C:/Users/DION-SERVER/Desktop/codecanyon-FOhzjwS6-erpgo-saas-all-in-one-business-erp-with-project-account-hrm-crm-pos/main-file/packages/dionone/Account/src/Resources/js/Pages/SystemSetup/ExpenseCategories/Edit.tsx'
    Imported via '@/components/ui/label' from file 'C:/Users/DION-SERVER/Desktop/codecanyon-FOhzjwS6-erpgo-saas-all-in-one-business-erp-with-project-account-hrm-crm-pos/main-file/packages/dionone/Account/src/Resources/js/Pages/SystemSetup/RevenueCategories/Create.tsx'
    Imported via '@/components/ui/label' from file 'C:/Users/DION-SERVER/Desktop/codecanyon-FOhzjwS6-erpgo-saas-all-in-one-business-erp-with-project-account-hrm-crm-pos/main-file/packages/dionone/Account/src/Resources/js/Pages/SystemSetup/RevenueCategories/Edit.tsx'
    Imported via '@/components/ui/label' from file 'C:/Users/DION-SERVER/Desktop/codecanyon-FOhzjwS6-erpgo-saas-all-in-one-business-erp-with-project-account-hrm-crm-pos/main-file/packages/dionone/Account/src/Resources/js/Pages/VendorPayments/Create.tsx'
    Imported via "@/components/ui/label" from file 'C:/Users/DION-SERVER/Desktop/codecanyon-FOhzjwS6-erpgo-saas-all-in-one-business-erp-with-project-account-hrm-crm-pos/main-file/packages/dionone/Account/src/Resources/js/Pages/Vendors/Create.tsx'
    Imported via "@/components/ui/label" from file 'C:/Users/DION-SERVER/Desktop/codecanyon-FOhzjwS6-erpgo-saas-all-in-one-business-erp-with-project-account-hrm-crm-pos/main-file/packages/dionone/Account/src/Resources/js/Pages/Vendors/Edit.tsx'
    Imported via '@/components/ui/label' from file 'C:/Users/DION-SERVER/Desktop/codecanyon-FOhzjwS6-erpgo-saas-all-in-one-business-erp-with-project-account-hrm-crm-pos/main-file/packages/dionone/Account/src/Resources/js/fields/fields.tsx'
    Imported via '@/components/ui/label' from file 'C:/Users/DION-SERVER/Desktop/codecanyon-FOhzjwS6-erpgo-saas-all-in-one-business-erp-with-project-account-hrm-crm-pos/main-file/packages/dionone/BudgetPlanner/src/Resources/js/Pages/BudgetAllocations/Create.tsx'
    Imported via '@/components/ui/label' from file 'C:/Users/DION-SERVER/Desktop/codecanyon-FOhzjwS6-erpgo-saas-all-in-one-business-erp-with-project-account-hrm-crm-pos/main-file/packages/dionone/BudgetPlanner/src/Resources/js/Pages/BudgetAllocations/Edit.tsx'
    Imported via '@/components/ui/label' from file 'C:/Users/DION-SERVER/Desktop/codecanyon-FOhzjwS6-erpgo-saas-all-in-one-business-erp-with-project-account-hrm-crm-pos/main-file/packages/dionone/BudgetPlanner/src/Resources/js/Pages/BudgetPeriods/Create.tsx'
    Imported via '@/components/ui/label' from file 'C:/Users/DION-SERVER/Desktop/codecanyon-FOhzjwS6-erpgo-saas-all-in-one-business-erp-with-project-account-hrm-crm-pos/main-file/packages/dionone/BudgetPlanner/src/Resources/js/Pages/BudgetPeriods/Edit.tsx'
    Imported via '@/components/ui/label' from file 'C:/Users/DION-SERVER/Desktop/codecanyon-FOhzjwS6-erpgo-saas-all-in-one-business-erp-with-project-account-hrm-crm-pos/main-file/packages/dionone/BudgetPlanner/src/Resources/js/Pages/Budgets/Create.tsx'
    Imported via '@/components/ui/label' from file 'C:/Users/DION-SERVER/Desktop/codecanyon-FOhzjwS6-erpgo-saas-all-in-one-business-erp-with-project-account-hrm-crm-pos/main-file/packages/dionone/BudgetPlanner/src/Resources/js/Pages/Budgets/Edit.tsx'
    Imported via '@/components/ui/label' from file 'C:/Users/DION-SERVER/Desktop/codecanyon-FOhzjwS6-erpgo-saas-all-in-one-business-erp-with-project-account-hrm-crm-pos/main-file/packages/dionone/Calendar/src/Resources/js/Pages/Calendar/Index.tsx'
    Imported via "@/components/ui/label" from file 'C:/Users/DION-SERVER/Desktop/codecanyon-FOhzjwS6-erpgo-saas-all-in-one-business-erp-with-project-account-hrm-crm-pos/main-file/packages/dionone/Calendar/src/Resources/js/fields/fields.tsx'
    Imported via '@/components/ui/label' from file 'C:/Users/DION-SERVER/Desktop/codecanyon-FOhzjwS6-erpgo-saas-all-in-one-business-erp-with-project-account-hrm-crm-pos/main-file/packages/dionone/Calendar/src/Resources/js/settings/components/google-calendar-settings.tsx'
    Imported via '@/components/ui/label' from file 'C:/Users/DION-SERVER/Desktop/codecanyon-FOhzjwS6-erpgo-saas-all-in-one-business-erp-with-project-account-hrm-crm-pos/main-file/packages/dionone/Contract/src/Resources/js/Pages/ContractTypes/Create.tsx'
    Imported via '@/components/ui/label' from file 'C:/Users/DION-SERVER/Desktop/codecanyon-FOhzjwS6-erpgo-saas-all-in-one-business-erp-with-project-account-hrm-crm-pos/main-file/packages/dionone/Contract/src/Resources/js/Pages/ContractTypes/Edit.tsx'
    Imported via '@/components/ui/label' from file 'C:/Users/DION-SERVER/Desktop/codecanyon-FOhzjwS6-erpgo-saas-all-in-one-business-erp-with-project-account-hrm-crm-pos/main-file/packages/dionone/Contract/src/Resources/js/Pages/Contracts/Create.tsx'
    Imported via '@/components/ui/label' from file 'C:/Users/DION-SERVER/Desktop/codecanyon-FOhzjwS6-erpgo-saas-all-in-one-business-erp-with-project-account-hrm-crm-pos/main-file/packages/dionone/Contract/src/Resources/js/Pages/Contracts/Duplicate.tsx'
    Imported via '@/components/ui/label' from file 'C:/Users/DION-SERVER/Desktop/codecanyon-FOhzjwS6-erpgo-saas-all-in-one-business-erp-with-project-account-hrm-crm-pos/main-file/packages/dionone/Contract/src/Resources/js/Pages/Contracts/Edit.tsx'
    Imported via "@/components/ui/label" from file 'C:/Users/DION-SERVER/Desktop/codecanyon-FOhzjwS6-erpgo-saas-all-in-one-business-erp-with-project-account-hrm-crm-pos/main-file/packages/dionone/Contract/src/Resources/js/Pages/Contracts/components/RenewalsTab.tsx'
    Imported via '@/components/ui/label' from file 'C:/Users/DION-SERVER/Desktop/codecanyon-FOhzjwS6-erpgo-saas-all-in-one-business-erp-with-project-account-hrm-crm-pos/main-file/packages/dionone/Contract/src/Resources/js/settings/components/contract-settings.tsx'
    Imported via '@/components/ui/label' from file 'C:/Users/DION-SERVER/Desktop/codecanyon-FOhzjwS6-erpgo-saas-all-in-one-business-erp-with-project-account-hrm-crm-pos/main-file/packages/dionone/DoubleEntry/src/Resources/js/Pages/BalanceSheets/Compare.tsx'
    Imported via '@/components/ui/label' from file 'C:/Users/DION-SERVER/Desktop/codecanyon-FOhzjwS6-erpgo-saas-all-in-one-business-erp-with-project-account-hrm-crm-pos/main-file/packages/dionone/DoubleEntry/src/Resources/js/Pages/BalanceSheets/Generate.tsx'
    Imported via '@/components/ui/label' from file 'C:/Users/DION-SERVER/Desktop/codecanyon-FOhzjwS6-erpgo-saas-all-in-one-business-erp-with-project-account-hrm-crm-pos/main-file/packages/dionone/DoubleEntry/src/Resources/js/Pages/BalanceSheets/YearEndClose.tsx'
    Imported via '@/components/ui/label' from file 'C:/Users/DION-SERVER/Desktop/codecanyon-FOhzjwS6-erpgo-saas-all-in-one-business-erp-with-project-account-hrm-crm-pos/main-file/packages/dionone/DoubleEntry/src/Resources/js/Pages/BalanceSheets/Note.tsx'
    Imported via '@/components/ui/label' from file 'C:/Users/DION-SERVER/Desktop/codecanyon-FOhzjwS6-erpgo-saas-all-in-one-business-erp-with-project-account-hrm-crm-pos/main-file/packages/dionone/DoubleEntry/src/Resources/js/Pages/BalanceSheets/View.tsx'
    Imported via '@/components/ui/label' from file 'C:/Users/DION-SERVER/Desktop/codecanyon-FOhzjwS6-erpgo-saas-all-in-one-business-erp-with-project-account-hrm-crm-pos/main-file/packages/dionone/DoubleEntry/src/Resources/js/Pages/ProfitLoss/Index.tsx'
    Imported via '@/components/ui/label' from file 'C:/Users/DION-SERVER/Desktop/codecanyon-FOhzjwS6-erpgo-saas-all-in-one-business-erp-with-project-account-hrm-crm-pos/main-file/packages/dionone/DoubleEntry/src/Resources/js/Pages/Reports/AccountBalance.tsx'
    Imported via '@/components/ui/label' from file 'C:/Users/DION-SERVER/Desktop/codecanyon-FOhzjwS6-erpgo-saas-all-in-one-business-erp-with-project-account-hrm-crm-pos/main-file/packages/dionone/DoubleEntry/src/Resources/js/Pages/TrialBalance/Index.tsx'
    Imported via '@/components/ui/label' from file 'C:/Users/DION-SERVER/Desktop/codecanyon-FOhzjwS6-erpgo-saas-all-in-one-business-erp-with-project-account-hrm-crm-pos/main-file/packages/dionone/FormBuilder/src/Resources/js/components/ConversionSetup.tsx'
    Imported via '@/components/ui/label' from file 'C:/Users/DION-SERVER/Desktop/codecanyon-FOhzjwS6-erpgo-saas-all-in-one-business-erp-with-project-account-hrm-crm-pos/main-file/packages/dionone/FormBuilder/src/Resources/js/Pages/Forms/Create.tsx'
    Imported via '@/components/ui/label' from file 'C:/Users/DION-SERVER/Desktop/codecanyon-FOhzjwS6-erpgo-saas-all-in-one-business-erp-with-project-account-hrm-crm-pos/main-file/packages/dionone/FormBuilder/src/Resources/js/Pages/Forms/Edit.tsx'
    Imported via '@/components/ui/label' from file 'C:/Users/DION-SERVER/Desktop/codecanyon-FOhzjwS6-erpgo-saas-all-in-one-business-erp-with-project-account-hrm-crm-pos/main-file/packages/dionone/FormBuilder/src/Resources/js/Pages/Forms/Responses.tsx'
    Imported via '@/components/ui/label' from file 'C:/Users/DION-SERVER/Desktop/codecanyon-FOhzjwS6-erpgo-saas-all-in-one-business-erp-with-project-account-hrm-crm-pos/main-file/packages/dionone/FormBuilder/src/Resources/js/components/FormField.tsx'
    Imported via '@/components/ui/label' from file 'C:/Users/DION-SERVER/Desktop/codecanyon-FOhzjwS6-erpgo-saas-all-in-one-business-erp-with-project-account-hrm-crm-pos/main-file/packages/dionone/Goal/src/Resources/js/Pages/Categories/Create.tsx'
    Imported via '@/components/ui/label' from file 'C:/Users/DION-SERVER/Desktop/codecanyon-FOhzjwS6-erpgo-saas-all-in-one-business-erp-with-project-account-hrm-crm-pos/main-file/packages/dionone/Goal/src/Resources/js/Pages/Categories/Edit.tsx'
    Imported via '@/components/ui/label' from file 'C:/Users/DION-SERVER/Desktop/codecanyon-FOhzjwS6-erpgo-saas-all-in-one-business-erp-with-project-account-hrm-crm-pos/main-file/packages/dionone/Goal/src/Resources/js/Pages/Contributions/Create.tsx'
    Imported via '@/components/ui/label' from file 'C:/Users/DION-SERVER/Desktop/codecanyon-FOhzjwS6-erpgo-saas-all-in-one-business-erp-with-project-account-hrm-crm-pos/main-file/packages/dionone/Goal/src/Resources/js/Pages/Contributions/Edit.tsx'
    Imported via '@/components/ui/label' from file 'C:/Users/DION-SERVER/Desktop/codecanyon-FOhzjwS6-erpgo-saas-all-in-one-business-erp-with-project-account-hrm-crm-pos/main-file/packages/dionone/Goal/src/Resources/js/Pages/Goals/Create.tsx'
    Imported via '@/components/ui/label' from file 'C:/Users/DION-SERVER/Desktop/codecanyon-FOhzjwS6-erpgo-saas-all-in-one-business-erp-with-project-account-hrm-crm-pos/main-file/packages/dionone/Goal/src/Resources/js/Pages/Goals/Edit.tsx'
    Imported via '@/components/ui/label' from file 'C:/Users/DION-SERVER/Desktop/codecanyon-FOhzjwS6-erpgo-saas-all-in-one-business-erp-with-project-account-hrm-crm-pos/main-file/packages/dionone/Goal/src/Resources/js/Pages/Milestones/Create.tsx'
    Imported via '@/components/ui/label' from file 'C:/Users/DION-SERVER/Desktop/codecanyon-FOhzjwS6-erpgo-saas-all-in-one-business-erp-with-project-account-hrm-crm-pos/main-file/packages/dionone/Goal/src/Resources/js/Pages/Milestones/Edit.tsx'
    Imported via '@/components/ui/label' from file 'C:/Users/DION-SERVER/Desktop/codecanyon-FOhzjwS6-erpgo-saas-all-in-one-business-erp-with-project-account-hrm-crm-pos/main-file/packages/dionone/Goal/src/Resources/js/Pages/Tracking/Create.tsx'
    Imported via '@/components/ui/label' from file 'C:/Users/DION-SERVER/Desktop/codecanyon-FOhzjwS6-erpgo-saas-all-in-one-business-erp-with-project-account-hrm-crm-pos/main-file/packages/dionone/Goal/src/Resources/js/Pages/Tracking/Edit.tsx'
    Imported via '@/components/ui/label' from file 'C:/Users/DION-SERVER/Desktop/codecanyon-FOhzjwS6-erpgo-saas-all-in-one-business-erp-with-project-account-hrm-crm-pos/main-file/packages/dionone/GoogleCaptcha/src/Resources/js/settings/components/google-captcha-settings.tsx'
    Imported via '@/components/ui/label' from file 'C:/Users/DION-SERVER/Desktop/codecanyon-FOhzjwS6-erpgo-saas-all-in-one-business-erp-with-project-account-hrm-crm-pos/main-file/packages/dionone/Hrm/src/Resources/js/Pages/Acknowledgments/Create.tsx'
    Imported via '@/components/ui/label' from file 'C:/Users/DION-SERVER/Desktop/codecanyon-FOhzjwS6-erpgo-saas-all-in-one-business-erp-with-project-account-hrm-crm-pos/main-file/packages/dionone/Hrm/src/Resources/js/Pages/Acknowledgments/Edit.tsx'
    Imported via '@/components/ui/label' from file 'C:/Users/DION-SERVER/Desktop/codecanyon-FOhzjwS6-erpgo-saas-all-in-one-business-erp-with-project-account-hrm-crm-pos/main-file/packages/dionone/Hrm/src/Resources/js/Pages/Acknowledgments/StatusModal.tsx'
    Imported via '@/components/ui/label' from file 'C:/Users/DION-SERVER/Desktop/codecanyon-FOhzjwS6-erpgo-saas-all-in-one-business-erp-with-project-account-hrm-crm-pos/main-file/packages/dionone/Hrm/src/Resources/js/Pages/Announcements/Create.tsx'
    Imported via '@/components/ui/label' from file 'C:/Users/DION-SERVER/Desktop/codecanyon-FOhzjwS6-erpgo-saas-all-in-one-business-erp-with-project-account-hrm-crm-pos/main-file/packages/dionone/Hrm/src/Resources/js/Pages/Announcements/Edit.tsx'
    Imported via '@/components/ui/label' from file 'C:/Users/DION-SERVER/Desktop/codecanyon-FOhzjwS6-erpgo-saas-all-in-one-business-erp-with-project-account-hrm-crm-pos/main-file/packages/dionone/Hrm/src/Resources/js/Pages/Announcements/UpdateStatus.tsx'
    Imported via '@/components/ui/label' from file 'C:/Users/DION-SERVER/Desktop/codecanyon-FOhzjwS6-erpgo-saas-all-in-one-business-erp-with-project-account-hrm-crm-pos/main-file/packages/dionone/Hrm/src/Resources/js/Pages/Attendances/Create.tsx'
    Imported via '@/components/ui/label' from file 'C:/Users/DION-SERVER/Desktop/codecanyon-FOhzjwS6-erpgo-saas-all-in-one-business-erp-with-project-account-hrm-crm-pos/main-file/packages/dionone/Hrm/src/Resources/js/Pages/Attendances/Edit.tsx'
    Imported via '@/components/ui/label' from file 'C:/Users/DION-SERVER/Desktop/codecanyon-FOhzjwS6-erpgo-saas-all-in-one-business-erp-with-project-account-hrm-crm-pos/main-file/packages/dionone/Hrm/src/Resources/js/Pages/Awards/Create.tsx'
    Imported via '@/components/ui/label' from file 'C:/Users/DION-SERVER/Desktop/codecanyon-FOhzjwS6-erpgo-saas-all-in-one-business-erp-with-project-account-hrm-crm-pos/main-file/packages/dionone/Hrm/src/Resources/js/Pages/Awards/Edit.tsx'
    Imported via '@/components/ui/label' from file 'C:/Users/DION-SERVER/Desktop/codecanyon-FOhzjwS6-erpgo-saas-all-in-one-business-erp-with-project-account-hrm-crm-pos/main-file/packages/dionone/Hrm/src/Resources/js/Pages/Complaints/ComplaintStatus.tsx'
    Imported via '@/components/ui/label' from file 'C:/Users/DION-SERVER/Desktop/codecanyon-FOhzjwS6-erpgo-saas-all-in-one-business-erp-with-project-account-hrm-crm-pos/main-file/packages/dionone/Hrm/src/Resources/js/Pages/Complaints/Create.tsx'
    Imported via '@/components/ui/label' from file 'C:/Users/DION-SERVER/Desktop/codecanyon-FOhzjwS6-erpgo-saas-all-in-one-business-erp-with-project-account-hrm-crm-pos/main-file/packages/dionone/Hrm/src/Resources/js/Pages/Complaints/Edit.tsx'
    Imported via '@/components/ui/label' from file 'C:/Users/DION-SERVER/Desktop/codecanyon-FOhzjwS6-erpgo-saas-all-in-one-business-erp-with-project-account-hrm-crm-pos/main-file/packages/dionone/Hrm/src/Resources/js/Pages/EmployeeTransfers/Create.tsx'
    Imported via '@/components/ui/label' from file 'C:/Users/DION-SERVER/Desktop/codecanyon-FOhzjwS6-erpgo-saas-all-in-one-business-erp-with-project-account-hrm-crm-pos/main-file/packages/dionone/Hrm/src/Resources/js/Pages/EmployeeTransfers/Edit.tsx'
    Imported via '@/components/ui/label' from file 'C:/Users/DION-SERVER/Desktop/codecanyon-FOhzjwS6-erpgo-saas-all-in-one-business-erp-with-project-account-hrm-crm-pos/main-file/packages/dionone/Hrm/src/Resources/js/Pages/EmployeeTransfers/StatusModal.tsx'
    Imported via '@/components/ui/label' from file 'C:/Users/DION-SERVER/Desktop/codecanyon-FOhzjwS6-erpgo-saas-all-in-one-business-erp-with-project-account-hrm-crm-pos/main-file/packages/dionone/Hrm/src/Resources/js/Pages/Employees/Create.tsx'
    Imported via '@/components/ui/label' from file 'C:/Users/DION-SERVER/Desktop/codecanyon-FOhzjwS6-erpgo-saas-all-in-one-business-erp-with-project-account-hrm-crm-pos/main-file/packages/dionone/Hrm/src/Resources/js/Pages/Employees/Edit.tsx'
    Imported via '@/components/ui/label' from file 'C:/Users/DION-SERVER/Desktop/codecanyon-FOhzjwS6-erpgo-saas-all-in-one-business-erp-with-project-account-hrm-crm-pos/main-file/packages/dionone/Hrm/src/Resources/js/Pages/Events/Create.tsx'
    Imported via '@/components/ui/label' from file 'C:/Users/DION-SERVER/Desktop/codecanyon-FOhzjwS6-erpgo-saas-all-in-one-business-erp-with-project-account-hrm-crm-pos/main-file/packages/dionone/Hrm/src/Resources/js/Pages/Events/Edit.tsx'
    Imported via '@/components/ui/label' from file 'C:/Users/DION-SERVER/Desktop/codecanyon-FOhzjwS6-erpgo-saas-all-in-one-business-erp-with-project-account-hrm-crm-pos/main-file/packages/dionone/Hrm/src/Resources/js/Pages/Events/StatusUpdate.tsx'
    Imported via '@/components/ui/label' from file 'C:/Users/DION-SERVER/Desktop/codecanyon-FOhzjwS6-erpgo-saas-all-in-one-business-erp-with-project-account-hrm-crm-pos/main-file/packages/dionone/Hrm/src/Resources/js/Pages/Holidays/Create.tsx'
    Imported via '@/components/ui/label' from file 'C:/Users/DION-SERVER/Desktop/codecanyon-FOhzjwS6-erpgo-saas-all-in-one-business-erp-with-project-account-hrm-crm-pos/main-file/packages/dionone/Hrm/src/Resources/js/Pages/Holidays/Edit.tsx'
    Imported via '@/components/ui/label' from file 'C:/Users/DION-SERVER/Desktop/codecanyon-FOhzjwS6-erpgo-saas-all-in-one-business-erp-with-project-account-hrm-crm-pos/main-file/packages/dionone/Hrm/src/Resources/js/Pages/HrmDocuments/Action.tsx'
    Imported via '@/components/ui/label' from file 'C:/Users/DION-SERVER/Desktop/codecanyon-FOhzjwS6-erpgo-saas-all-in-one-business-erp-with-project-account-hrm-crm-pos/main-file/packages/dionone/Hrm/src/Resources/js/Pages/HrmDocuments/Create.tsx'
    Imported via '@/components/ui/label' from file 'C:/Users/DION-SERVER/Desktop/codecanyon-FOhzjwS6-erpgo-saas-all-in-one-business-erp-with-project-account-hrm-crm-pos/main-file/packages/dionone/Hrm/src/Resources/js/Pages/HrmDocuments/Edit.tsx'
    Imported via '@/components/ui/label' from file 'C:/Users/DION-SERVER/Desktop/codecanyon-FOhzjwS6-erpgo-saas-all-in-one-business-erp-with-project-account-hrm-crm-pos/main-file/packages/dionone/Hrm/src/Resources/js/Pages/LeaveApplications/Create.tsx'
    Imported via '@/components/ui/label' from file 'C:/Users/DION-SERVER/Desktop/codecanyon-FOhzjwS6-erpgo-saas-all-in-one-business-erp-with-project-account-hrm-crm-pos/main-file/packages/dionone/Hrm/src/Resources/js/Pages/LeaveApplications/Edit.tsx'
    Imported via '@/components/ui/label' from file 'C:/Users/DION-SERVER/Desktop/codecanyon-FOhzjwS6-erpgo-saas-all-in-one-business-erp-with-project-account-hrm-crm-pos/main-file/packages/dionone/Hrm/src/Resources/js/Pages/LeaveApplications/StatusUpdate.tsx'
    Imported via '@/components/ui/label' from file 'C:/Users/DION-SERVER/Desktop/codecanyon-FOhzjwS6-erpgo-saas-all-in-one-business-erp-with-project-account-hrm-crm-pos/main-file/packages/dionone/Hrm/src/Resources/js/Pages/LeaveTypes/Create.tsx'
    Imported via '@/components/ui/label' from file 'C:/Users/DION-SERVER/Desktop/codecanyon-FOhzjwS6-erpgo-saas-all-in-one-business-erp-with-project-account-hrm-crm-pos/main-file/packages/dionone/Hrm/src/Resources/js/Pages/LeaveTypes/Edit.tsx'
    Imported via '@/components/ui/label' from file 'C:/Users/DION-SERVER/Desktop/codecanyon-FOhzjwS6-erpgo-saas-all-in-one-business-erp-with-project-account-hrm-crm-pos/main-file/packages/dionone/Hrm/src/Resources/js/Pages/Payrolls/Create.tsx'
    Imported via '@/components/ui/label' from file 'C:/Users/DION-SERVER/Desktop/codecanyon-FOhzjwS6-erpgo-saas-all-in-one-business-erp-with-project-account-hrm-crm-pos/main-file/packages/dionone/Hrm/src/Resources/js/Pages/Payrolls/Edit.tsx'
    Imported via '@/components/ui/label' from file 'C:/Users/DION-SERVER/Desktop/codecanyon-FOhzjwS6-erpgo-saas-all-in-one-business-erp-with-project-account-hrm-crm-pos/main-file/packages/dionone/Hrm/src/Resources/js/Pages/Promotions/Create.tsx'
    Imported via '@/components/ui/label' from file 'C:/Users/DION-SERVER/Desktop/codecanyon-FOhzjwS6-erpgo-saas-all-in-one-business-erp-with-project-account-hrm-crm-pos/main-file/packages/dionone/Hrm/src/Resources/js/Pages/Promotions/Edit.tsx'
    Imported via '@/components/ui/label' from file 'C:/Users/DION-SERVER/Desktop/codecanyon-FOhzjwS6-erpgo-saas-all-in-one-business-erp-with-project-account-hrm-crm-pos/main-file/packages/dionone/Hrm/src/Resources/js/Pages/Resignations/Create.tsx'
    Imported via '@/components/ui/label' from file 'C:/Users/DION-SERVER/Desktop/codecanyon-FOhzjwS6-erpgo-saas-all-in-one-business-erp-with-project-account-hrm-crm-pos/main-file/packages/dionone/Hrm/src/Resources/js/Pages/Resignations/Edit.tsx'
    Imported via '@/components/ui/label' from file 'C:/Users/DION-SERVER/Desktop/codecanyon-FOhzjwS6-erpgo-saas-all-in-one-business-erp-with-project-account-hrm-crm-pos/main-file/packages/dionone/Hrm/src/Resources/js/Pages/Resignations/Index.tsx'
    Imported via '@/components/ui/label' from file 'C:/Users/DION-SERVER/Desktop/codecanyon-FOhzjwS6-erpgo-saas-all-in-one-business-erp-with-project-account-hrm-crm-pos/main-file/packages/dionone/Hrm/src/Resources/js/Pages/SetSalary/Show.tsx'
    Imported via "@/components/ui/label" from file 'C:/Users/DION-SERVER/Desktop/codecanyon-FOhzjwS6-erpgo-saas-all-in-one-business-erp-with-project-account-hrm-crm-pos/main-file/packages/dionone/Hrm/src/Resources/js/Pages/SetSalary/Allowances/Create.tsx'
    Imported via "@/components/ui/label" from file 'C:/Users/DION-SERVER/Desktop/codecanyon-FOhzjwS6-erpgo-saas-all-in-one-business-erp-with-project-account-hrm-crm-pos/main-file/packages/dionone/Hrm/src/Resources/js/Pages/SetSalary/Allowances/Edit.tsx'
    Imported via '@/components/ui/label' from file 'C:/Users/DION-SERVER/Desktop/codecanyon-FOhzjwS6-erpgo-saas-all-in-one-business-erp-with-project-account-hrm-crm-pos/main-file/packages/dionone/Hrm/src/Resources/js/Pages/SetSalary/Deductions/Create.tsx'
    Imported via '@/components/ui/label' from file 'C:/Users/DION-SERVER/Desktop/codecanyon-FOhzjwS6-erpgo-saas-all-in-one-business-erp-with-project-account-hrm-crm-pos/main-file/packages/dionone/Hrm/src/Resources/js/Pages/SetSalary/Deductions/Edit.tsx'
    Imported via '@/components/ui/label' from file 'C:/Users/DION-SERVER/Desktop/codecanyon-FOhzjwS6-erpgo-saas-all-in-one-business-erp-with-project-account-hrm-crm-pos/main-file/packages/dionone/Hrm/src/Resources/js/Pages/SetSalary/Loans/Create.tsx'
    Imported via '@/components/ui/label' from file 'C:/Users/DION-SERVER/Desktop/codecanyon-FOhzjwS6-erpgo-saas-all-in-one-business-erp-with-project-account-hrm-crm-pos/main-file/packages/dionone/Hrm/src/Resources/js/Pages/SetSalary/Loans/Edit.tsx'
    Imported via '@/components/ui/label' from file 'C:/Users/DION-SERVER/Desktop/codecanyon-FOhzjwS6-erpgo-saas-all-in-one-business-erp-with-project-account-hrm-crm-pos/main-file/packages/dionone/Hrm/src/Resources/js/Pages/SetSalary/Overtimes/Create.tsx'
    Imported via '@/components/ui/label' from file 'C:/Users/DION-SERVER/Desktop/codecanyon-FOhzjwS6-erpgo-saas-all-in-one-business-erp-with-project-account-hrm-crm-pos/main-file/packages/dionone/Hrm/src/Resources/js/Pages/SetSalary/Overtimes/Edit.tsx'
    Imported via '@/components/ui/label' from file 'C:/Users/DION-SERVER/Desktop/codecanyon-FOhzjwS6-erpgo-saas-all-in-one-business-erp-with-project-account-hrm-crm-pos/main-file/packages/dionone/Hrm/src/Resources/js/Pages/Shifts/Create.tsx'
    Imported via '@/components/ui/label' from file 'C:/Users/DION-SERVER/Desktop/codecanyon-FOhzjwS6-erpgo-saas-all-in-one-business-erp-with-project-account-hrm-crm-pos/main-file/packages/dionone/Hrm/src/Resources/js/Pages/Shifts/Edit.tsx'
    Imported via '@/components/ui/label' from file 'C:/Users/DION-SERVER/Desktop/codecanyon-FOhzjwS6-erpgo-saas-all-in-one-business-erp-with-project-account-hrm-crm-pos/main-file/packages/dionone/Hrm/src/Resources/js/Pages/SystemSetup/AllowanceTypes/Create.tsx'
    Imported via '@/components/ui/label' from file 'C:/Users/DION-SERVER/Desktop/codecanyon-FOhzjwS6-erpgo-saas-all-in-one-business-erp-with-project-account-hrm-crm-pos/main-file/packages/dionone/Hrm/src/Resources/js/Pages/SystemSetup/AllowanceTypes/Edit.tsx'
    Imported via '@/components/ui/label' from file 'C:/Users/DION-SERVER/Desktop/codecanyon-FOhzjwS6-erpgo-saas-all-in-one-business-erp-with-project-account-hrm-crm-pos/main-file/packages/dionone/Hrm/src/Resources/js/Pages/SystemSetup/AnnouncementCategories/Create.tsx'
    Imported via '@/components/ui/label' from file 'C:/Users/DION-SERVER/Desktop/codecanyon-FOhzjwS6-erpgo-saas-all-in-one-business-erp-with-project-account-hrm-crm-pos/main-file/packages/dionone/Hrm/src/Resources/js/Pages/SystemSetup/AnnouncementCategories/Edit.tsx'
    Imported via '@/components/ui/label' from file 'C:/Users/DION-SERVER/Desktop/codecanyon-FOhzjwS6-erpgo-saas-all-in-one-business-erp-with-project-account-hrm-crm-pos/main-file/packages/dionone/Hrm/src/Resources/js/Pages/SystemSetup/AwardTypes/Create.tsx'
    Imported via '@/components/ui/label' from file 'C:/Users/DION-SERVER/Desktop/codecanyon-FOhzjwS6-erpgo-saas-all-in-one-business-erp-with-project-account-hrm-crm-pos/main-file/packages/dionone/Hrm/src/Resources/js/Pages/SystemSetup/AwardTypes/Edit.tsx'
    Imported via '@/components/ui/label' from file 'C:/Users/DION-SERVER/Desktop/codecanyon-FOhzjwS6-erpgo-saas-all-in-one-business-erp-with-project-account-hrm-crm-pos/main-file/packages/dionone/Hrm/src/Resources/js/Pages/SystemSetup/Branches/Create.tsx'
    Imported via '@/components/ui/label' from file 'C:/Users/DION-SERVER/Desktop/codecanyon-FOhzjwS6-erpgo-saas-all-in-one-business-erp-with-project-account-hrm-crm-pos/main-file/packages/dionone/Hrm/src/Resources/js/Pages/SystemSetup/Branches/Edit.tsx'
    Imported via '@/components/ui/label' from file 'C:/Users/DION-SERVER/Desktop/codecanyon-FOhzjwS6-erpgo-saas-all-in-one-business-erp-with-project-account-hrm-crm-pos/main-file/packages/dionone/Hrm/src/Resources/js/Pages/SystemSetup/ComplaintTypes/Create.tsx'
    Imported via '@/components/ui/label' from file 'C:/Users/DION-SERVER/Desktop/codecanyon-FOhzjwS6-erpgo-saas-all-in-one-business-erp-with-project-account-hrm-crm-pos/main-file/packages/dionone/Hrm/src/Resources/js/Pages/SystemSetup/ComplaintTypes/Edit.tsx'
    Imported via '@/components/ui/label' from file 'C:/Users/DION-SERVER/Desktop/codecanyon-FOhzjwS6-erpgo-saas-all-in-one-business-erp-with-project-account-hrm-crm-pos/main-file/packages/dionone/Hrm/src/Resources/js/Pages/SystemSetup/DeductionTypes/Create.tsx'
    Imported via '@/components/ui/label' from file 'C:/Users/DION-SERVER/Desktop/codecanyon-FOhzjwS6-erpgo-saas-all-in-one-business-erp-with-project-account-hrm-crm-pos/main-file/packages/dionone/Hrm/src/Resources/js/Pages/SystemSetup/DeductionTypes/Edit.tsx'
    Imported via '@/components/ui/label' from file 'C:/Users/DION-SERVER/Desktop/codecanyon-FOhzjwS6-erpgo-saas-all-in-one-business-erp-with-project-account-hrm-crm-pos/main-file/packages/dionone/Hrm/src/Resources/js/Pages/SystemSetup/Departments/Create.tsx'
    Imported via '@/components/ui/label' from file 'C:/Users/DION-SERVER/Desktop/codecanyon-FOhzjwS6-erpgo-saas-all-in-one-business-erp-with-project-account-hrm-crm-pos/main-file/packages/dionone/Hrm/src/Resources/js/Pages/SystemSetup/Departments/Edit.tsx'
    Imported via '@/components/ui/label' from file 'C:/Users/DION-SERVER/Desktop/codecanyon-FOhzjwS6-erpgo-saas-all-in-one-business-erp-with-project-account-hrm-crm-pos/main-file/packages/dionone/Hrm/src/Resources/js/Pages/SystemSetup/Designations/Create.tsx'
    Imported via '@/components/ui/label' from file 'C:/Users/DION-SERVER/Desktop/codecanyon-FOhzjwS6-erpgo-saas-all-in-one-business-erp-with-project-account-hrm-crm-pos/main-file/packages/dionone/Hrm/src/Resources/js/Pages/SystemSetup/Designations/Edit.tsx'
    Imported via '@/components/ui/label' from file 'C:/Users/DION-SERVER/Desktop/codecanyon-FOhzjwS6-erpgo-saas-all-in-one-business-erp-with-project-account-hrm-crm-pos/main-file/packages/dionone/Hrm/src/Resources/js/Pages/SystemSetup/DocumentCategories/Create.tsx'
    Imported via '@/components/ui/label' from file 'C:/Users/DION-SERVER/Desktop/codecanyon-FOhzjwS6-erpgo-saas-all-in-one-business-erp-with-project-account-hrm-crm-pos/main-file/packages/dionone/Hrm/src/Resources/js/Pages/SystemSetup/DocumentCategories/Edit.tsx'
    Imported via '@/components/ui/label' from file 'C:/Users/DION-SERVER/Desktop/codecanyon-FOhzjwS6-erpgo-saas-all-in-one-business-erp-with-project-account-hrm-crm-pos/main-file/packages/dionone/Hrm/src/Resources/js/Pages/SystemSetup/EmployeeDocumentTypes/Create.tsx'
    Imported via '@/components/ui/label' from file 'C:/Users/DION-SERVER/Desktop/codecanyon-FOhzjwS6-erpgo-saas-all-in-one-business-erp-with-project-account-hrm-crm-pos/main-file/packages/dionone/Hrm/src/Resources/js/Pages/SystemSetup/EmployeeDocumentTypes/Edit.tsx'
    Imported via '@/components/ui/label' from file 'C:/Users/DION-SERVER/Desktop/codecanyon-FOhzjwS6-erpgo-saas-all-in-one-business-erp-with-project-account-hrm-crm-pos/main-file/packages/dionone/Hrm/src/Resources/js/Pages/SystemSetup/EventTypes/Create.tsx'
    Imported via '@/components/ui/label' from file 'C:/Users/DION-SERVER/Desktop/codecanyon-FOhzjwS6-erpgo-saas-all-in-one-business-erp-with-project-account-hrm-crm-pos/main-file/packages/dionone/Hrm/src/Resources/js/Pages/SystemSetup/EventTypes/Edit.tsx'
    Imported via '@/components/ui/label' from file 'C:/Users/DION-SERVER/Desktop/codecanyon-FOhzjwS6-erpgo-saas-all-in-one-business-erp-with-project-account-hrm-crm-pos/main-file/packages/dionone/Hrm/src/Resources/js/Pages/SystemSetup/HolidayTypes/Create.tsx'
    Imported via '@/components/ui/label' from file 'C:/Users/DION-SERVER/Desktop/codecanyon-FOhzjwS6-erpgo-saas-all-in-one-business-erp-with-project-account-hrm-crm-pos/main-file/packages/dionone/Hrm/src/Resources/js/Pages/SystemSetup/HolidayTypes/Edit.tsx'
    Imported via '@/components/ui/label' from file 'C:/Users/DION-SERVER/Desktop/codecanyon-FOhzjwS6-erpgo-saas-all-in-one-business-erp-with-project-account-hrm-crm-pos/main-file/packages/dionone/Hrm/src/Resources/js/Pages/SystemSetup/IpRestricts/Create.tsx'
    Imported via '@/components/ui/label' from file 'C:/Users/DION-SERVER/Desktop/codecanyon-FOhzjwS6-erpgo-saas-all-in-one-business-erp-with-project-account-hrm-crm-pos/main-file/packages/dionone/Hrm/src/Resources/js/Pages/SystemSetup/IpRestricts/Edit.tsx'
    Imported via "@/components/ui/label" from file 'C:/Users/DION-SERVER/Desktop/codecanyon-FOhzjwS6-erpgo-saas-all-in-one-business-erp-with-project-account-hrm-crm-pos/main-file/packages/dionone/Hrm/src/Resources/js/Pages/SystemSetup/IpRestricts/Index.tsx'
    Imported via '@/components/ui/label' from file 'C:/Users/DION-SERVER/Desktop/codecanyon-FOhzjwS6-erpgo-saas-all-in-one-business-erp-with-project-account-hrm-crm-pos/main-file/packages/dionone/Hrm/src/Resources/js/Pages/SystemSetup/LoanTypes/Create.tsx'
    Imported via '@/components/ui/label' from file 'C:/Users/DION-SERVER/Desktop/codecanyon-FOhzjwS6-erpgo-saas-all-in-one-business-erp-with-project-account-hrm-crm-pos/main-file/packages/dionone/Hrm/src/Resources/js/Pages/SystemSetup/LoanTypes/Edit.tsx'
    Imported via '@/components/ui/label' from file 'C:/Users/DION-SERVER/Desktop/codecanyon-FOhzjwS6-erpgo-saas-all-in-one-business-erp-with-project-account-hrm-crm-pos/main-file/packages/dionone/Hrm/src/Resources/js/Pages/SystemSetup/TerminationTypes/Create.tsx'
    Imported via '@/components/ui/label' from file 'C:/Users/DION-SERVER/Desktop/codecanyon-FOhzjwS6-erpgo-saas-all-in-one-business-erp-with-project-account-hrm-crm-pos/main-file/packages/dionone/Hrm/src/Resources/js/Pages/SystemSetup/TerminationTypes/Edit.tsx'
    Imported via '@/components/ui/label' from file 'C:/Users/DION-SERVER/Desktop/codecanyon-FOhzjwS6-erpgo-saas-all-in-one-business-erp-with-project-account-hrm-crm-pos/main-file/packages/dionone/Hrm/src/Resources/js/Pages/SystemSetup/WarningTypes/Create.tsx'
    Imported via '@/components/ui/label' from file 'C:/Users/DION-SERVER/Desktop/codecanyon-FOhzjwS6-erpgo-saas-all-in-one-business-erp-with-project-account-hrm-crm-pos/main-file/packages/dionone/Hrm/src/Resources/js/Pages/SystemSetup/WarningTypes/Edit.tsx'
    Imported via '@/components/ui/label' from file 'C:/Users/DION-SERVER/Desktop/codecanyon-FOhzjwS6-erpgo-saas-all-in-one-business-erp-with-project-account-hrm-crm-pos/main-file/packages/dionone/Hrm/src/Resources/js/Pages/Terminations/Create.tsx'
    Imported via '@/components/ui/label' from file 'C:/Users/DION-SERVER/Desktop/codecanyon-FOhzjwS6-erpgo-saas-all-in-one-business-erp-with-project-account-hrm-crm-pos/main-file/packages/dionone/Hrm/src/Resources/js/Pages/Terminations/Edit.tsx'
    Imported via '@/components/ui/label' from file 'C:/Users/DION-SERVER/Desktop/codecanyon-FOhzjwS6-erpgo-saas-all-in-one-business-erp-with-project-account-hrm-crm-pos/main-file/packages/dionone/Hrm/src/Resources/js/Pages/Warnings/Create.tsx'
    Imported via '@/components/ui/label' from file 'C:/Users/DION-SERVER/Desktop/codecanyon-FOhzjwS6-erpgo-saas-all-in-one-business-erp-with-project-account-hrm-crm-pos/main-file/packages/dionone/Hrm/src/Resources/js/Pages/Warnings/Edit.tsx'
    Imported via '@/components/ui/label' from file 'C:/Users/DION-SERVER/Desktop/codecanyon-FOhzjwS6-erpgo-saas-all-in-one-business-erp-with-project-account-hrm-crm-pos/main-file/packages/dionone/Hrm/src/Resources/js/Pages/Warnings/Response.tsx'
    Imported via '@/components/ui/label' from file 'C:/Users/DION-SERVER/Desktop/codecanyon-FOhzjwS6-erpgo-saas-all-in-one-business-erp-with-project-account-hrm-crm-pos/main-file/packages/dionone/LandingPage/src/Resources/js/Pages/components/settings/General.tsx'
    Imported via '@/components/ui/label' from file 'C:/Users/DION-SERVER/Desktop/codecanyon-FOhzjwS6-erpgo-saas-all-in-one-business-erp-with-project-account-hrm-crm-pos/main-file/packages/dionone/LandingPage/src/Resources/js/Pages/components/settings/Hero.tsx'
    Imported via '@/components/ui/label' from file 'C:/Users/DION-SERVER/Desktop/codecanyon-FOhzjwS6-erpgo-saas-all-in-one-business-erp-with-project-account-hrm-crm-pos/main-file/packages/dionone/LandingPage/src/Resources/js/Pages/components/settings/Header.tsx'
    Imported via '@/components/ui/label' from file 'C:/Users/DION-SERVER/Desktop/codecanyon-FOhzjwS6-erpgo-saas-all-in-one-business-erp-with-project-account-hrm-crm-pos/main-file/packages/dionone/LandingPage/src/Resources/js/Pages/components/settings/Features.tsx'
    Imported via '@/components/ui/label' from file 'C:/Users/DION-SERVER/Desktop/codecanyon-FOhzjwS6-erpgo-saas-all-in-one-business-erp-with-project-account-hrm-crm-pos/main-file/packages/dionone/LandingPage/src/Resources/js/Pages/components/settings/Stats.tsx'
    Imported via '@/components/ui/label' from file 'C:/Users/DION-SERVER/Desktop/codecanyon-FOhzjwS6-erpgo-saas-all-in-one-business-erp-with-project-account-hrm-crm-pos/main-file/packages/dionone/LandingPage/src/Resources/js/Pages/components/settings/Modules.tsx'
    Imported via '@/components/ui/label' from file 'C:/Users/DION-SERVER/Desktop/codecanyon-FOhzjwS6-erpgo-saas-all-in-one-business-erp-with-project-account-hrm-crm-pos/main-file/packages/dionone/LandingPage/src/Resources/js/Pages/components/settings/Benefits.tsx'
    Imported via '@/components/ui/label' from file 'C:/Users/DION-SERVER/Desktop/codecanyon-FOhzjwS6-erpgo-saas-all-in-one-business-erp-with-project-account-hrm-crm-pos/main-file/packages/dionone/LandingPage/src/Resources/js/Pages/components/settings/Gallery.tsx'
    Imported via '@/components/ui/label' from file 'C:/Users/DION-SERVER/Desktop/codecanyon-FOhzjwS6-erpgo-saas-all-in-one-business-erp-with-project-account-hrm-crm-pos/main-file/packages/dionone/LandingPage/src/Resources/js/Pages/components/settings/CTA.tsx'
    Imported via '@/components/ui/label' from file 'C:/Users/DION-SERVER/Desktop/codecanyon-FOhzjwS6-erpgo-saas-all-in-one-business-erp-with-project-account-hrm-crm-pos/main-file/packages/dionone/LandingPage/src/Resources/js/Pages/components/settings/Footer.tsx'
    Imported via '@/components/ui/label' from file 'C:/Users/DION-SERVER/Desktop/codecanyon-FOhzjwS6-erpgo-saas-all-in-one-business-erp-with-project-account-hrm-crm-pos/main-file/packages/dionone/LandingPage/src/Resources/js/Pages/components/settings/Order.tsx'
    Imported via '@/components/ui/label' from file 'C:/Users/DION-SERVER/Desktop/codecanyon-FOhzjwS6-erpgo-saas-all-in-one-business-erp-with-project-account-hrm-crm-pos/main-file/packages/dionone/LandingPage/src/Resources/js/Pages/components/settings/Colors.tsx'
    Imported via '@/components/ui/label' from file 'C:/Users/DION-SERVER/Desktop/codecanyon-FOhzjwS6-erpgo-saas-all-in-one-business-erp-with-project-account-hrm-crm-pos/main-file/packages/dionone/LandingPage/src/Resources/js/Pages/components/settings/Pricing.tsx'
    Imported via '@/components/ui/label' from file 'C:/Users/DION-SERVER/Desktop/codecanyon-FOhzjwS6-erpgo-saas-all-in-one-business-erp-with-project-account-hrm-crm-pos/main-file/packages/dionone/LandingPage/src/Resources/js/Pages/CustomPages/Create.tsx'
    Imported via '@/components/ui/label' from file 'C:/Users/DION-SERVER/Desktop/codecanyon-FOhzjwS6-erpgo-saas-all-in-one-business-erp-with-project-account-hrm-crm-pos/main-file/packages/dionone/LandingPage/src/Resources/js/Pages/CustomPages/Edit.tsx'
    Imported via '@/components/ui/label' from file 'C:/Users/DION-SERVER/Desktop/codecanyon-FOhzjwS6-erpgo-saas-all-in-one-business-erp-with-project-account-hrm-crm-pos/main-file/packages/dionone/LandingPage/src/Resources/js/Pages/marketplace/Settings.tsx'
    Imported via '@/components/ui/label' from file 'C:/Users/DION-SERVER/Desktop/codecanyon-FOhzjwS6-erpgo-saas-all-in-one-business-erp-with-project-account-hrm-crm-pos/main-file/packages/dionone/Lead/src/Resources/js/Pages/Deals/Create.tsx'
    Imported via '@/components/ui/label' from file 'C:/Users/DION-SERVER/Desktop/codecanyon-FOhzjwS6-erpgo-saas-all-in-one-business-erp-with-project-account-hrm-crm-pos/main-file/packages/dionone/Lead/src/Resources/js/Pages/Deals/Edit.tsx'
    Imported via '@/components/ui/label' from file 'C:/Users/DION-SERVER/Desktop/codecanyon-FOhzjwS6-erpgo-saas-all-in-one-business-erp-with-project-account-hrm-crm-pos/main-file/packages/dionone/Lead/src/Resources/js/Pages/Deals/Show/General.tsx'
    Imported via '@/components/ui/label' from file 'C:/Users/DION-SERVER/Desktop/codecanyon-FOhzjwS6-erpgo-saas-all-in-one-business-erp-with-project-account-hrm-crm-pos/main-file/packages/dionone/Lead/src/Resources/js/Pages/Deals/Show/Tasks.tsx'
    Imported via '@/components/ui/label' from file 'C:/Users/DION-SERVER/Desktop/codecanyon-FOhzjwS6-erpgo-saas-all-in-one-business-erp-with-project-account-hrm-crm-pos/main-file/packages/dionone/Lead/src/Resources/js/Pages/Deals/Show/Users.tsx'
    Imported via '@/components/ui/label' from file 'C:/Users/DION-SERVER/Desktop/codecanyon-FOhzjwS6-erpgo-saas-all-in-one-business-erp-with-project-account-hrm-crm-pos/main-file/packages/dionone/Lead/src/Resources/js/Pages/Deals/Show/Products.tsx'
    Imported via '@/components/ui/label' from file 'C:/Users/DION-SERVER/Desktop/codecanyon-FOhzjwS6-erpgo-saas-all-in-one-business-erp-with-project-account-hrm-crm-pos/main-file/packages/dionone/Lead/src/Resources/js/Pages/Deals/Show/Sources.tsx'
    Imported via '@/components/ui/label' from file 'C:/Users/DION-SERVER/Desktop/codecanyon-FOhzjwS6-erpgo-saas-all-in-one-business-erp-with-project-account-hrm-crm-pos/main-file/packages/dionone/Lead/src/Resources/js/Pages/Deals/Show/Calls.tsx'
    Imported via '@/components/ui/label' from file 'C:/Users/DION-SERVER/Desktop/codecanyon-FOhzjwS6-erpgo-saas-all-in-one-business-erp-with-project-account-hrm-crm-pos/main-file/packages/dionone/Lead/src/Resources/js/Pages/Deals/Show/Clients.tsx'
    Imported via '@/components/ui/label' from file 'C:/Users/DION-SERVER/Desktop/codecanyon-FOhzjwS6-erpgo-saas-all-in-one-business-erp-with-project-account-hrm-crm-pos/main-file/packages/dionone/Lead/src/Resources/js/Pages/Deals/Show/Discussions.tsx'
    Imported via '@/components/ui/label' from file 'C:/Users/DION-SERVER/Desktop/codecanyon-FOhzjwS6-erpgo-saas-all-in-one-business-erp-with-project-account-hrm-crm-pos/main-file/packages/dionone/Lead/src/Resources/js/Pages/Deals/Show/Emails.tsx'
    Imported via '@/components/ui/label' from file 'C:/Users/DION-SERVER/Desktop/codecanyon-FOhzjwS6-erpgo-saas-all-in-one-business-erp-with-project-account-hrm-crm-pos/main-file/packages/dionone/Lead/src/Resources/js/Pages/Leads/Create.tsx'
    Imported via '@/components/ui/label' from file 'C:/Users/DION-SERVER/Desktop/codecanyon-FOhzjwS6-erpgo-saas-all-in-one-business-erp-with-project-account-hrm-crm-pos/main-file/packages/dionone/Lead/src/Resources/js/Pages/Leads/Edit.tsx'
    Imported via '@/components/ui/label' from file 'C:/Users/DION-SERVER/Desktop/codecanyon-FOhzjwS6-erpgo-saas-all-in-one-business-erp-with-project-account-hrm-crm-pos/main-file/packages/dionone/Lead/src/Resources/js/Pages/Leads/Show/General.tsx'
    Imported via '@/components/ui/label' from file 'C:/Users/DION-SERVER/Desktop/codecanyon-FOhzjwS6-erpgo-saas-all-in-one-business-erp-with-project-account-hrm-crm-pos/main-file/packages/dionone/Lead/src/Resources/js/Pages/Leads/Show/Tasks.tsx'
    Imported via '@/components/ui/label' from file 'C:/Users/DION-SERVER/Desktop/codecanyon-FOhzjwS6-erpgo-saas-all-in-one-business-erp-with-project-account-hrm-crm-pos/main-file/packages/dionone/Lead/src/Resources/js/Pages/Leads/Show/Users.tsx'
    Imported via '@/components/ui/label' from file 'C:/Users/DION-SERVER/Desktop/codecanyon-FOhzjwS6-erpgo-saas-all-in-one-business-erp-with-project-account-hrm-crm-pos/main-file/packages/dionone/Lead/src/Resources/js/Pages/Leads/Show/Products.tsx'
    Imported via '@/components/ui/label' from file 'C:/Users/DION-SERVER/Desktop/codecanyon-FOhzjwS6-erpgo-saas-all-in-one-business-erp-with-project-account-hrm-crm-pos/main-file/packages/dionone/Lead/src/Resources/js/Pages/Leads/Show/Sources.tsx'
    Imported via '@/components/ui/label' from file 'C:/Users/DION-SERVER/Desktop/codecanyon-FOhzjwS6-erpgo-saas-all-in-one-business-erp-with-project-account-hrm-crm-pos/main-file/packages/dionone/Lead/src/Resources/js/Pages/Leads/Show/Calls.tsx'
    Imported via '@/components/ui/label' from file 'C:/Users/DION-SERVER/Desktop/codecanyon-FOhzjwS6-erpgo-saas-all-in-one-business-erp-with-project-account-hrm-crm-pos/main-file/packages/dionone/Lead/src/Resources/js/Pages/Leads/Show/ConvertToDeal.tsx'
    Imported via '@/components/ui/label' from file 'C:/Users/DION-SERVER/Desktop/codecanyon-FOhzjwS6-erpgo-saas-all-in-one-business-erp-with-project-account-hrm-crm-pos/main-file/packages/dionone/Lead/src/Resources/js/Pages/Leads/Show/Discussions.tsx'
    Imported via '@/components/ui/label' from file 'C:/Users/DION-SERVER/Desktop/codecanyon-FOhzjwS6-erpgo-saas-all-in-one-business-erp-with-project-account-hrm-crm-pos/main-file/packages/dionone/Lead/src/Resources/js/Pages/Leads/Show/Emails.tsx'
    Imported via "@/components/ui/label" from file 'C:/Users/DION-SERVER/Desktop/codecanyon-FOhzjwS6-erpgo-saas-all-in-one-business-erp-with-project-account-hrm-crm-pos/main-file/packages/dionone/Lead/src/Resources/js/Pages/Reports/DealReports.tsx'
    Imported via "@/components/ui/label" from file 'C:/Users/DION-SERVER/Desktop/codecanyon-FOhzjwS6-erpgo-saas-all-in-one-business-erp-with-project-account-hrm-crm-pos/main-file/packages/dionone/Lead/src/Resources/js/Pages/Reports/LeadReports.tsx'
    Imported via '@/components/ui/label' from file 'C:/Users/DION-SERVER/Desktop/codecanyon-FOhzjwS6-erpgo-saas-all-in-one-business-erp-with-project-account-hrm-crm-pos/main-file/packages/dionone/Lead/src/Resources/js/Pages/SystemSetup/DealStages/Create.tsx'
    Imported via '@/components/ui/label' from file 'C:/Users/DION-SERVER/Desktop/codecanyon-FOhzjwS6-erpgo-saas-all-in-one-business-erp-with-project-account-hrm-crm-pos/main-file/packages/dionone/Lead/src/Resources/js/Pages/SystemSetup/DealStages/Edit.tsx'
    Imported via '@/components/ui/label' from file 'C:/Users/DION-SERVER/Desktop/codecanyon-FOhzjwS6-erpgo-saas-all-in-one-business-erp-with-project-account-hrm-crm-pos/main-file/packages/dionone/Lead/src/Resources/js/Pages/SystemSetup/Labels/Create.tsx'
    Imported via '@/components/ui/label' from file 'C:/Users/DION-SERVER/Desktop/codecanyon-FOhzjwS6-erpgo-saas-all-in-one-business-erp-with-project-account-hrm-crm-pos/main-file/packages/dionone/Lead/src/Resources/js/Pages/SystemSetup/Labels/Edit.tsx'
    Imported via '@/components/ui/label' from file 'C:/Users/DION-SERVER/Desktop/codecanyon-FOhzjwS6-erpgo-saas-all-in-one-business-erp-with-project-account-hrm-crm-pos/main-file/packages/dionone/Lead/src/Resources/js/Pages/SystemSetup/LeadStages/Create.tsx'
    Imported via '@/components/ui/label' from file 'C:/Users/DION-SERVER/Desktop/codecanyon-FOhzjwS6-erpgo-saas-all-in-one-business-erp-with-project-account-hrm-crm-pos/main-file/packages/dionone/Lead/src/Resources/js/Pages/SystemSetup/LeadStages/Edit.tsx'
    Imported via '@/components/ui/label' from file 'C:/Users/DION-SERVER/Desktop/codecanyon-FOhzjwS6-erpgo-saas-all-in-one-business-erp-with-project-account-hrm-crm-pos/main-file/packages/dionone/Lead/src/Resources/js/Pages/SystemSetup/Pipelines/Create.tsx'
    Imported via '@/components/ui/label' from file 'C:/Users/DION-SERVER/Desktop/codecanyon-FOhzjwS6-erpgo-saas-all-in-one-business-erp-with-project-account-hrm-crm-pos/main-file/packages/dionone/Lead/src/Resources/js/Pages/SystemSetup/Pipelines/Edit.tsx'
    Imported via '@/components/ui/label' from file 'C:/Users/DION-SERVER/Desktop/codecanyon-FOhzjwS6-erpgo-saas-all-in-one-business-erp-with-project-account-hrm-crm-pos/main-file/packages/dionone/Lead/src/Resources/js/Pages/SystemSetup/Sources/Create.tsx'
    Imported via '@/components/ui/label' from file 'C:/Users/DION-SERVER/Desktop/codecanyon-FOhzjwS6-erpgo-saas-all-in-one-business-erp-with-project-account-hrm-crm-pos/main-file/packages/dionone/Lead/src/Resources/js/Pages/SystemSetup/Sources/Edit.tsx'
    Imported via '@/components/ui/label' from file 'C:/Users/DION-SERVER/Desktop/codecanyon-FOhzjwS6-erpgo-saas-all-in-one-business-erp-with-project-account-hrm-crm-pos/main-file/packages/dionone/Paypal/src/Resources/js/buttons/buttons.tsx'
    Imported via '@/components/ui/label' from file 'C:/Users/DION-SERVER/Desktop/codecanyon-FOhzjwS6-erpgo-saas-all-in-one-business-erp-with-project-account-hrm-crm-pos/main-file/packages/dionone/Paypal/src/Resources/js/settings/components/paypal-settings.tsx'
    Imported via "@/components/ui/label" from file 'C:/Users/DION-SERVER/Desktop/codecanyon-FOhzjwS6-erpgo-saas-all-in-one-business-erp-with-project-account-hrm-crm-pos/main-file/packages/dionone/Performance/src/Resources/js/Pages/EmployeeGoals/Create.tsx'
    Imported via "@/components/ui/label" from file 'C:/Users/DION-SERVER/Desktop/codecanyon-FOhzjwS6-erpgo-saas-all-in-one-business-erp-with-project-account-hrm-crm-pos/main-file/packages/dionone/Performance/src/Resources/js/Pages/EmployeeGoals/Edit.tsx'
    Imported via "@/components/ui/label" from file 'C:/Users/DION-SERVER/Desktop/codecanyon-FOhzjwS6-erpgo-saas-all-in-one-business-erp-with-project-account-hrm-crm-pos/main-file/packages/dionone/Performance/src/Resources/js/Pages/EmployeeReviews/Conduct.tsx'
    Imported via "@/components/ui/label" from file 'C:/Users/DION-SERVER/Desktop/codecanyon-FOhzjwS6-erpgo-saas-all-in-one-business-erp-with-project-account-hrm-crm-pos/main-file/packages/dionone/Performance/src/Resources/js/Pages/EmployeeReviews/Create.tsx'
    Imported via "@/components/ui/label" from file 'C:/Users/DION-SERVER/Desktop/codecanyon-FOhzjwS6-erpgo-saas-all-in-one-business-erp-with-project-account-hrm-crm-pos/main-file/packages/dionone/Performance/src/Resources/js/Pages/EmployeeReviews/Edit.tsx'
    Imported via "@/components/ui/label" from file 'C:/Users/DION-SERVER/Desktop/codecanyon-FOhzjwS6-erpgo-saas-all-in-one-business-erp-with-project-account-hrm-crm-pos/main-file/packages/dionone/Performance/src/Resources/js/Pages/Indicators/Create.tsx'
    Imported via "@/components/ui/label" from file 'C:/Users/DION-SERVER/Desktop/codecanyon-FOhzjwS6-erpgo-saas-all-in-one-business-erp-with-project-account-hrm-crm-pos/main-file/packages/dionone/Performance/src/Resources/js/Pages/Indicators/Edit.tsx'
    Imported via "@/components/ui/label" from file 'C:/Users/DION-SERVER/Desktop/codecanyon-FOhzjwS6-erpgo-saas-all-in-one-business-erp-with-project-account-hrm-crm-pos/main-file/packages/dionone/Performance/src/Resources/js/Pages/ReviewCycles/Create.tsx'
    Imported via "@/components/ui/label" from file 'C:/Users/DION-SERVER/Desktop/codecanyon-FOhzjwS6-erpgo-saas-all-in-one-business-erp-with-project-account-hrm-crm-pos/main-file/packages/dionone/Performance/src/Resources/js/Pages/ReviewCycles/Edit.tsx'
    Imported via "@/components/ui/label" from file 'C:/Users/DION-SERVER/Desktop/codecanyon-FOhzjwS6-erpgo-saas-all-in-one-business-erp-with-project-account-hrm-crm-pos/main-file/packages/dionone/Performance/src/Resources/js/Pages/SystemSetup/GoalTypes/Create.tsx'
    Imported via "@/components/ui/label" from file 'C:/Users/DION-SERVER/Desktop/codecanyon-FOhzjwS6-erpgo-saas-all-in-one-business-erp-with-project-account-hrm-crm-pos/main-file/packages/dionone/Performance/src/Resources/js/Pages/SystemSetup/GoalTypes/Edit.tsx'
    Imported via "@/components/ui/label" from file 'C:/Users/DION-SERVER/Desktop/codecanyon-FOhzjwS6-erpgo-saas-all-in-one-business-erp-with-project-account-hrm-crm-pos/main-file/packages/dionone/Performance/src/Resources/js/Pages/SystemSetup/IndicatorCategories/Create.tsx'
    Imported via "@/components/ui/label" from file 'C:/Users/DION-SERVER/Desktop/codecanyon-FOhzjwS6-erpgo-saas-all-in-one-business-erp-with-project-account-hrm-crm-pos/main-file/packages/dionone/Performance/src/Resources/js/Pages/SystemSetup/IndicatorCategories/Edit.tsx'
    Imported via '@/components/ui/label' from file 'C:/Users/DION-SERVER/Desktop/codecanyon-FOhzjwS6-erpgo-saas-all-in-one-business-erp-with-project-account-hrm-crm-pos/main-file/packages/dionone/Pos/src/Resources/js/Pages/Barcode/Index.tsx'
    Imported via "@/components/ui/label" from file 'C:/Users/DION-SERVER/Desktop/codecanyon-FOhzjwS6-erpgo-saas-all-in-one-business-erp-with-project-account-hrm-crm-pos/main-file/packages/dionone/ProductService/src/Resources/js/Pages/Items/Create.tsx'
    Imported via "@/components/ui/label" from file 'C:/Users/DION-SERVER/Desktop/codecanyon-FOhzjwS6-erpgo-saas-all-in-one-business-erp-with-project-account-hrm-crm-pos/main-file/packages/dionone/ProductService/src/Resources/js/Pages/Items/Edit.tsx'
    Imported via '@/components/ui/label' from file 'C:/Users/DION-SERVER/Desktop/codecanyon-FOhzjwS6-erpgo-saas-all-in-one-business-erp-with-project-account-hrm-crm-pos/main-file/packages/dionone/ProductService/src/Resources/js/Pages/Stock/Index.tsx'
    Imported via "@/components/ui/label" from file 'C:/Users/DION-SERVER/Desktop/codecanyon-FOhzjwS6-erpgo-saas-all-in-one-business-erp-with-project-account-hrm-crm-pos/main-file/packages/dionone/ProductService/src/Resources/js/Pages/SystemSetup/Categories/Create.tsx'
    Imported via "@/components/ui/label" from file 'C:/Users/DION-SERVER/Desktop/codecanyon-FOhzjwS6-erpgo-saas-all-in-one-business-erp-with-project-account-hrm-crm-pos/main-file/packages/dionone/ProductService/src/Resources/js/Pages/SystemSetup/Categories/Edit.tsx'
    Imported via "@/components/ui/label" from file 'C:/Users/DION-SERVER/Desktop/codecanyon-FOhzjwS6-erpgo-saas-all-in-one-business-erp-with-project-account-hrm-crm-pos/main-file/packages/dionone/ProductService/src/Resources/js/Pages/SystemSetup/Taxes/Create.tsx'
    Imported via "@/components/ui/label" from file 'C:/Users/DION-SERVER/Desktop/codecanyon-FOhzjwS6-erpgo-saas-all-in-one-business-erp-with-project-account-hrm-crm-pos/main-file/packages/dionone/ProductService/src/Resources/js/Pages/SystemSetup/Taxes/Edit.tsx'
    Imported via "@/components/ui/label" from file 'C:/Users/DION-SERVER/Desktop/codecanyon-FOhzjwS6-erpgo-saas-all-in-one-business-erp-with-project-account-hrm-crm-pos/main-file/packages/dionone/ProductService/src/Resources/js/Pages/SystemSetup/Units/Create.tsx'
    Imported via "@/components/ui/label" from file 'C:/Users/DION-SERVER/Desktop/codecanyon-FOhzjwS6-erpgo-saas-all-in-one-business-erp-with-project-account-hrm-crm-pos/main-file/packages/dionone/ProductService/src/Resources/js/Pages/SystemSetup/Units/Edit.tsx'
    Imported via "@/components/ui/label" from file 'C:/Users/DION-SERVER/Desktop/codecanyon-FOhzjwS6-erpgo-saas-all-in-one-business-erp-with-project-account-hrm-crm-pos/main-file/packages/dionone/ProductService/src/Resources/js/fields/fields.tsx'
    Imported via '@/components/ui/label' from file 'C:/Users/DION-SERVER/Desktop/codecanyon-FOhzjwS6-erpgo-saas-all-in-one-business-erp-with-project-account-hrm-crm-pos/main-file/packages/dionone/Quotation/src/Resources/js/Pages/Quotations/Create.tsx'
    Imported via '@/components/ui/label' from file 'C:/Users/DION-SERVER/Desktop/codecanyon-FOhzjwS6-erpgo-saas-all-in-one-business-erp-with-project-account-hrm-crm-pos/main-file/packages/dionone/Quotation/src/Resources/js/Pages/Quotations/Edit.tsx'
    Imported via '@/components/ui/label' from file 'C:/Users/DION-SERVER/Desktop/codecanyon-FOhzjwS6-erpgo-saas-all-in-one-business-erp-with-project-account-hrm-crm-pos/main-file/packages/dionone/Recruitment/src/Resources/js/Pages/CandidateAssessments/Create.tsx'
    Imported via '@/components/ui/label' from file 'C:/Users/DION-SERVER/Desktop/codecanyon-FOhzjwS6-erpgo-saas-all-in-one-business-erp-with-project-account-hrm-crm-pos/main-file/packages/dionone/Recruitment/src/Resources/js/Pages/CandidateAssessments/Edit.tsx'
    Imported via '@/components/ui/label' from file 'C:/Users/DION-SERVER/Desktop/codecanyon-FOhzjwS6-erpgo-saas-all-in-one-business-erp-with-project-account-hrm-crm-pos/main-file/packages/dionone/Recruitment/src/Resources/js/Pages/CandidateOnboardings/Create.tsx'
    Imported via '@/components/ui/label' from file 'C:/Users/DION-SERVER/Desktop/codecanyon-FOhzjwS6-erpgo-saas-all-in-one-business-erp-with-project-account-hrm-crm-pos/main-file/packages/dionone/Recruitment/src/Resources/js/Pages/CandidateOnboardings/Edit.tsx'
    Imported via '@/components/ui/label' from file 'C:/Users/DION-SERVER/Desktop/codecanyon-FOhzjwS6-erpgo-saas-all-in-one-business-erp-with-project-account-hrm-crm-pos/main-file/packages/dionone/Recruitment/src/Resources/js/Pages/Candidates/Create.tsx'
    Imported via '@/components/ui/label' from file 'C:/Users/DION-SERVER/Desktop/codecanyon-FOhzjwS6-erpgo-saas-all-in-one-business-erp-with-project-account-hrm-crm-pos/main-file/packages/dionone/Recruitment/src/Resources/js/Pages/Candidates/Edit.tsx'
    Imported via '@/components/ui/label' from file 'C:/Users/DION-SERVER/Desktop/codecanyon-FOhzjwS6-erpgo-saas-all-in-one-business-erp-with-project-account-hrm-crm-pos/main-file/packages/dionone/Recruitment/src/Resources/js/Pages/ChecklistItems/Create.tsx'
    Imported via '@/components/ui/label' from file 'C:/Users/DION-SERVER/Desktop/codecanyon-FOhzjwS6-erpgo-saas-all-in-one-business-erp-with-project-account-hrm-crm-pos/main-file/packages/dionone/Recruitment/src/Resources/js/Pages/ChecklistItems/Edit.tsx'
    Imported via '@/components/ui/label' from file 'C:/Users/DION-SERVER/Desktop/codecanyon-FOhzjwS6-erpgo-saas-all-in-one-business-erp-with-project-account-hrm-crm-pos/main-file/packages/dionone/Recruitment/src/Resources/js/Pages/CustomQuestions/Create.tsx'
    Imported via '@/components/ui/label' from file 'C:/Users/DION-SERVER/Desktop/codecanyon-FOhzjwS6-erpgo-saas-all-in-one-business-erp-with-project-account-hrm-crm-pos/main-file/packages/dionone/Recruitment/src/Resources/js/Pages/CustomQuestions/Edit.tsx'
    Imported via '@/components/ui/label' from file 'C:/Users/DION-SERVER/Desktop/codecanyon-FOhzjwS6-erpgo-saas-all-in-one-business-erp-with-project-account-hrm-crm-pos/main-file/packages/dionone/Recruitment/src/Resources/js/Pages/Frontend/JobApply.tsx'
    Imported via '@/components/ui/label' from file 'C:/Users/DION-SERVER/Desktop/codecanyon-FOhzjwS6-erpgo-saas-all-in-one-business-erp-with-project-account-hrm-crm-pos/main-file/packages/dionone/Recruitment/src/Resources/js/Pages/Frontend/TrackingForm.tsx'
    Imported via '@/components/ui/label' from file 'C:/Users/DION-SERVER/Desktop/codecanyon-FOhzjwS6-erpgo-saas-all-in-one-business-erp-with-project-account-hrm-crm-pos/main-file/packages/dionone/Recruitment/src/Resources/js/Pages/InterviewFeedbacks/Create.tsx'
    Imported via '@/components/ui/label' from file 'C:/Users/DION-SERVER/Desktop/codecanyon-FOhzjwS6-erpgo-saas-all-in-one-business-erp-with-project-account-hrm-crm-pos/main-file/packages/dionone/Recruitment/src/Resources/js/Pages/InterviewFeedbacks/Edit.tsx'
    Imported via '@/components/ui/label' from file 'C:/Users/DION-SERVER/Desktop/codecanyon-FOhzjwS6-erpgo-saas-all-in-one-business-erp-with-project-account-hrm-crm-pos/main-file/packages/dionone/Recruitment/src/Resources/js/Pages/InterviewRounds/Create.tsx'
    Imported via '@/components/ui/label' from file 'C:/Users/DION-SERVER/Desktop/codecanyon-FOhzjwS6-erpgo-saas-all-in-one-business-erp-with-project-account-hrm-crm-pos/main-file/packages/dionone/Recruitment/src/Resources/js/Pages/InterviewRounds/Edit.tsx'
    Imported via '@/components/ui/label' from file 'C:/Users/DION-SERVER/Desktop/codecanyon-FOhzjwS6-erpgo-saas-all-in-one-business-erp-with-project-account-hrm-crm-pos/main-file/packages/dionone/Recruitment/src/Resources/js/Pages/Interviews/Create.tsx'
    Imported via '@/components/ui/label' from file 'C:/Users/DION-SERVER/Desktop/codecanyon-FOhzjwS6-erpgo-saas-all-in-one-business-erp-with-project-account-hrm-crm-pos/main-file/packages/dionone/Recruitment/src/Resources/js/Pages/Interviews/Edit.tsx'
    Imported via '@/components/ui/label' from file 'C:/Users/DION-SERVER/Desktop/codecanyon-FOhzjwS6-erpgo-saas-all-in-one-business-erp-with-project-account-hrm-crm-pos/main-file/packages/dionone/Recruitment/src/Resources/js/Pages/JobLocations/Create.tsx'
    Imported via '@/components/ui/label' from file 'C:/Users/DION-SERVER/Desktop/codecanyon-FOhzjwS6-erpgo-saas-all-in-one-business-erp-with-project-account-hrm-crm-pos/main-file/packages/dionone/Recruitment/src/Resources/js/Pages/JobLocations/Edit.tsx'
    Imported via '@/components/ui/label' from file 'C:/Users/DION-SERVER/Desktop/codecanyon-FOhzjwS6-erpgo-saas-all-in-one-business-erp-with-project-account-hrm-crm-pos/main-file/packages/dionone/Recruitment/src/Resources/js/Pages/JobPostings/Create.tsx'
    Imported via '@/components/ui/label' from file 'C:/Users/DION-SERVER/Desktop/codecanyon-FOhzjwS6-erpgo-saas-all-in-one-business-erp-with-project-account-hrm-crm-pos/main-file/packages/dionone/Recruitment/src/Resources/js/Pages/JobPostings/Edit.tsx'
    Imported via '@/components/ui/label' from file 'C:/Users/DION-SERVER/Desktop/codecanyon-FOhzjwS6-erpgo-saas-all-in-one-business-erp-with-project-account-hrm-crm-pos/main-file/packages/dionone/Recruitment/src/Resources/js/Pages/Offers/ConvertToEmployee.tsx'
    Imported via '@/components/ui/label' from file 'C:/Users/DION-SERVER/Desktop/codecanyon-FOhzjwS6-erpgo-saas-all-in-one-business-erp-with-project-account-hrm-crm-pos/main-file/packages/dionone/Recruitment/src/Resources/js/Pages/Offers/Create.tsx'
    Imported via '@/components/ui/label' from file 'C:/Users/DION-SERVER/Desktop/codecanyon-FOhzjwS6-erpgo-saas-all-in-one-business-erp-with-project-account-hrm-crm-pos/main-file/packages/dionone/Recruitment/src/Resources/js/Pages/Offers/Edit.tsx'
    Imported via '@/components/ui/label' from file 'C:/Users/DION-SERVER/Desktop/codecanyon-FOhzjwS6-erpgo-saas-all-in-one-business-erp-with-project-account-hrm-crm-pos/main-file/packages/dionone/Recruitment/src/Resources/js/Pages/SystemSetup/AboutCompany/Index.tsx'
    Imported via '@/components/ui/label' from file 'C:/Users/DION-SERVER/Desktop/codecanyon-FOhzjwS6-erpgo-saas-all-in-one-business-erp-with-project-account-hrm-crm-pos/main-file/packages/dionone/Recruitment/src/Resources/js/Pages/SystemSetup/ApplicationTips/Index.tsx'
    Imported via '@/components/ui/label' from file 'C:/Users/DION-SERVER/Desktop/codecanyon-FOhzjwS6-erpgo-saas-all-in-one-business-erp-with-project-account-hrm-crm-pos/main-file/packages/dionone/Recruitment/src/Resources/js/Pages/SystemSetup/BrandSettings/Index.tsx'
    Imported via '@/components/ui/label' from file 'C:/Users/DION-SERVER/Desktop/codecanyon-FOhzjwS6-erpgo-saas-all-in-one-business-erp-with-project-account-hrm-crm-pos/main-file/packages/dionone/Recruitment/src/Resources/js/Pages/SystemSetup/CandidateSources/Create.tsx'
    Imported via '@/components/ui/label' from file 'C:/Users/DION-SERVER/Desktop/codecanyon-FOhzjwS6-erpgo-saas-all-in-one-business-erp-with-project-account-hrm-crm-pos/main-file/packages/dionone/Recruitment/src/Resources/js/Pages/SystemSetup/CandidateSources/Edit.tsx'
    Imported via '@/components/ui/label' from file 'C:/Users/DION-SERVER/Desktop/codecanyon-FOhzjwS6-erpgo-saas-all-in-one-business-erp-with-project-account-hrm-crm-pos/main-file/packages/dionone/Recruitment/src/Resources/js/Pages/SystemSetup/DashboardWelcomeCard/Index.tsx'
    Imported via '@/components/ui/label' from file 'C:/Users/DION-SERVER/Desktop/codecanyon-FOhzjwS6-erpgo-saas-all-in-one-business-erp-with-project-account-hrm-crm-pos/main-file/packages/dionone/Recruitment/src/Resources/js/Pages/SystemSetup/InterviewTypes/Create.tsx'
    Imported via '@/components/ui/label' from file 'C:/Users/DION-SERVER/Desktop/codecanyon-FOhzjwS6-erpgo-saas-all-in-one-business-erp-with-project-account-hrm-crm-pos/main-file/packages/dionone/Recruitment/src/Resources/js/Pages/SystemSetup/InterviewTypes/Edit.tsx'
    Imported via '@/components/ui/label' from file 'C:/Users/DION-SERVER/Desktop/codecanyon-FOhzjwS6-erpgo-saas-all-in-one-business-erp-with-project-account-hrm-crm-pos/main-file/packages/dionone/Recruitment/src/Resources/js/Pages/SystemSetup/JobCategories/Create.tsx'
    Imported via '@/components/ui/label' from file 'C:/Users/DION-SERVER/Desktop/codecanyon-FOhzjwS6-erpgo-saas-all-in-one-business-erp-with-project-account-hrm-crm-pos/main-file/packages/dionone/Recruitment/src/Resources/js/Pages/SystemSetup/JobCategories/Edit.tsx'
    Imported via '@/components/ui/label' from file 'C:/Users/DION-SERVER/Desktop/codecanyon-FOhzjwS6-erpgo-saas-all-in-one-business-erp-with-project-account-hrm-crm-pos/main-file/packages/dionone/Recruitment/src/Resources/js/Pages/SystemSetup/JobTypes/Create.tsx'
    Imported via '@/components/ui/label' from file 'C:/Users/DION-SERVER/Desktop/codecanyon-FOhzjwS6-erpgo-saas-all-in-one-business-erp-with-project-account-hrm-crm-pos/main-file/packages/dionone/Recruitment/src/Resources/js/Pages/SystemSetup/JobTypes/Edit.tsx'
    Imported via '@/components/ui/label' from file 'C:/Users/DION-SERVER/Desktop/codecanyon-FOhzjwS6-erpgo-saas-all-in-one-business-erp-with-project-account-hrm-crm-pos/main-file/packages/dionone/Recruitment/src/Resources/js/Pages/SystemSetup/NeedHelp/Index.tsx'
    Imported via '@/components/ui/label' from file 'C:/Users/DION-SERVER/Desktop/codecanyon-FOhzjwS6-erpgo-saas-all-in-one-business-erp-with-project-account-hrm-crm-pos/main-file/packages/dionone/Recruitment/src/Resources/js/Pages/SystemSetup/OnboardingChecklists/Create.tsx'
    Imported via '@/components/ui/label' from file 'C:/Users/DION-SERVER/Desktop/codecanyon-FOhzjwS6-erpgo-saas-all-in-one-business-erp-with-project-account-hrm-crm-pos/main-file/packages/dionone/Recruitment/src/Resources/js/Pages/SystemSetup/OnboardingChecklists/Edit.tsx'
    Imported via '@/components/ui/label' from file 'C:/Users/DION-SERVER/Desktop/codecanyon-FOhzjwS6-erpgo-saas-all-in-one-business-erp-with-project-account-hrm-crm-pos/main-file/packages/dionone/Recruitment/src/Resources/js/Pages/SystemSetup/TrackingFaq/Index.tsx'
    Imported via '@/components/ui/label' from file 'C:/Users/DION-SERVER/Desktop/codecanyon-FOhzjwS6-erpgo-saas-all-in-one-business-erp-with-project-account-hrm-crm-pos/main-file/packages/dionone/Recruitment/src/Resources/js/Pages/SystemSetup/WhatHappensNext/Index.tsx'
    Imported via '@/components/ui/label' from file 'C:/Users/DION-SERVER/Desktop/codecanyon-FOhzjwS6-erpgo-saas-all-in-one-business-erp-with-project-account-hrm-crm-pos/main-file/packages/dionone/Slack/src/Resources/js/settings/components/slack-settings.tsx'
    Imported via '@/components/ui/label' from file 'C:/Users/DION-SERVER/Desktop/codecanyon-FOhzjwS6-erpgo-saas-all-in-one-business-erp-with-project-account-hrm-crm-pos/main-file/packages/dionone/Stripe/src/Resources/js/buttons/buttons.tsx'
    Imported via '@/components/ui/label' from file 'C:/Users/DION-SERVER/Desktop/codecanyon-FOhzjwS6-erpgo-saas-all-in-one-business-erp-with-project-account-hrm-crm-pos/main-file/packages/dionone/Stripe/src/Resources/js/settings/components/stripe-settings.tsx'
    Imported via '@/components/ui/label' from file 'C:/Users/DION-SERVER/Desktop/codecanyon-FOhzjwS6-erpgo-saas-all-in-one-business-erp-with-project-account-hrm-crm-pos/main-file/packages/dionone/SupportTicket/src/Resources/js/Pages/FAQ/Create.tsx'
    Imported via '@/components/ui/label' from file 'C:/Users/DION-SERVER/Desktop/codecanyon-FOhzjwS6-erpgo-saas-all-in-one-business-erp-with-project-account-hrm-crm-pos/main-file/packages/dionone/SupportTicket/src/Resources/js/Pages/FAQ/Edit.tsx'
    Imported via '@/components/ui/label' from file 'C:/Users/DION-SERVER/Desktop/codecanyon-FOhzjwS6-erpgo-saas-all-in-one-business-erp-with-project-account-hrm-crm-pos/main-file/packages/dionone/SupportTicket/src/Resources/js/Pages/FAQ/Import.tsx'
    Imported via '@/components/ui/label' from file 'C:/Users/DION-SERVER/Desktop/codecanyon-FOhzjwS6-erpgo-saas-all-in-one-business-erp-with-project-account-hrm-crm-pos/main-file/packages/dionone/SupportTicket/src/Resources/js/Pages/FAQ/ImportDialog.tsx'
    Imported via "@/components/ui/label" from file 'C:/Users/DION-SERVER/Desktop/codecanyon-FOhzjwS6-erpgo-saas-all-in-one-business-erp-with-project-account-hrm-crm-pos/main-file/packages/dionone/SupportTicket/src/Resources/js/Pages/Frontend/Contact.tsx'
    Imported via "@/components/ui/label" from file 'C:/Users/DION-SERVER/Desktop/codecanyon-FOhzjwS6-erpgo-saas-all-in-one-business-erp-with-project-account-hrm-crm-pos/main-file/packages/dionone/SupportTicket/src/Resources/js/Pages/Frontend/CreateTicket.tsx'
    Imported via "@/components/ui/label" from file 'C:/Users/DION-SERVER/Desktop/codecanyon-FOhzjwS6-erpgo-saas-all-in-one-business-erp-with-project-account-hrm-crm-pos/main-file/packages/dionone/SupportTicket/src/Resources/js/Pages/Frontend/Index.tsx'
    Imported via '@/components/ui/label' from file 'C:/Users/DION-SERVER/Desktop/codecanyon-FOhzjwS6-erpgo-saas-all-in-one-business-erp-with-project-account-hrm-crm-pos/main-file/packages/dionone/SupportTicket/src/Resources/js/Pages/Knowledge/Create.tsx'
    Imported via '@/components/ui/label' from file 'C:/Users/DION-SERVER/Desktop/codecanyon-FOhzjwS6-erpgo-saas-all-in-one-business-erp-with-project-account-hrm-crm-pos/main-file/packages/dionone/SupportTicket/src/Resources/js/Pages/Knowledge/Edit.tsx'
    Imported via '@/components/ui/label' from file 'C:/Users/DION-SERVER/Desktop/codecanyon-FOhzjwS6-erpgo-saas-all-in-one-business-erp-with-project-account-hrm-crm-pos/main-file/packages/dionone/SupportTicket/src/Resources/js/Pages/Knowledge/Import.tsx'
    Imported via '@/components/ui/label' from file 'C:/Users/DION-SERVER/Desktop/codecanyon-FOhzjwS6-erpgo-saas-all-in-one-business-erp-with-project-account-hrm-crm-pos/main-file/packages/dionone/SupportTicket/src/Resources/js/Pages/Knowledge/ImportDialog.tsx'
    Imported via '@/components/ui/label' from file 'C:/Users/DION-SERVER/Desktop/codecanyon-FOhzjwS6-erpgo-saas-all-in-one-business-erp-with-project-account-hrm-crm-pos/main-file/packages/dionone/SupportTicket/src/Resources/js/Pages/SystemSetup/cta-section.tsx'
    Imported via '@/components/ui/label' from file 'C:/Users/DION-SERVER/Desktop/codecanyon-FOhzjwS6-erpgo-saas-all-in-one-business-erp-with-project-account-hrm-crm-pos/main-file/packages/dionone/SupportTicket/src/Resources/js/Pages/SystemSetup/support-information.tsx'
    Imported via '@/components/ui/label' from file 'C:/Users/DION-SERVER/Desktop/codecanyon-FOhzjwS6-erpgo-saas-all-in-one-business-erp-with-project-account-hrm-crm-pos/main-file/packages/dionone/SupportTicket/src/Resources/js/Pages/SystemSetup/title-section.tsx'
    Imported via '@/components/ui/label' from file 'C:/Users/DION-SERVER/Desktop/codecanyon-FOhzjwS6-erpgo-saas-all-in-one-business-erp-with-project-account-hrm-crm-pos/main-file/packages/dionone/SupportTicket/src/Resources/js/Pages/SystemSetup/BrandSettings/Index.tsx'
    Imported via '@/components/ui/label' from file 'C:/Users/DION-SERVER/Desktop/codecanyon-FOhzjwS6-erpgo-saas-all-in-one-business-erp-with-project-account-hrm-crm-pos/main-file/packages/dionone/SupportTicket/src/Resources/js/Pages/SystemSetup/Categories/Create.tsx'
    Imported via '@/components/ui/label' from file 'C:/Users/DION-SERVER/Desktop/codecanyon-FOhzjwS6-erpgo-saas-all-in-one-business-erp-with-project-account-hrm-crm-pos/main-file/packages/dionone/SupportTicket/src/Resources/js/Pages/SystemSetup/Categories/Edit.tsx'
    Imported via "@/components/ui/label" from file 'C:/Users/DION-SERVER/Desktop/codecanyon-FOhzjwS6-erpgo-saas-all-in-one-business-erp-with-project-account-hrm-crm-pos/main-file/packages/dionone/SupportTicket/src/Resources/js/Pages/SystemSetup/ContactInformation/Index.tsx'
    Imported via '@/components/ui/label' from file 'C:/Users/DION-SERVER/Desktop/codecanyon-FOhzjwS6-erpgo-saas-all-in-one-business-erp-with-project-account-hrm-crm-pos/main-file/packages/dionone/SupportTicket/src/Resources/js/Pages/SystemSetup/CustomPages/Create.tsx'
    Imported via '@/components/ui/label' from file 'C:/Users/DION-SERVER/Desktop/codecanyon-FOhzjwS6-erpgo-saas-all-in-one-business-erp-with-project-account-hrm-crm-pos/main-file/packages/dionone/SupportTicket/src/Resources/js/Pages/SystemSetup/CustomPages/Edit.tsx'
    Imported via '@/components/ui/label' from file 'C:/Users/DION-SERVER/Desktop/codecanyon-FOhzjwS6-erpgo-saas-all-in-one-business-erp-with-project-account-hrm-crm-pos/main-file/packages/dionone/SupportTicket/src/Resources/js/Pages/SystemSetup/KnowledgeCategories/Create.tsx'
    Imported via '@/components/ui/label' from file 'C:/Users/DION-SERVER/Desktop/codecanyon-FOhzjwS6-erpgo-saas-all-in-one-business-erp-with-project-account-hrm-crm-pos/main-file/packages/dionone/SupportTicket/src/Resources/js/Pages/SystemSetup/KnowledgeCategories/Edit.tsx'
    Imported via '@/components/ui/label' from file 'C:/Users/DION-SERVER/Desktop/codecanyon-FOhzjwS6-erpgo-saas-all-in-one-business-erp-with-project-account-hrm-crm-pos/main-file/packages/dionone/SupportTicket/src/Resources/js/Pages/SystemSetup/PrivacyPolicy/Index.tsx'
    Imported via '@/components/ui/label' from file 'C:/Users/DION-SERVER/Desktop/codecanyon-FOhzjwS6-erpgo-saas-all-in-one-business-erp-with-project-account-hrm-crm-pos/main-file/packages/dionone/SupportTicket/src/Resources/js/Pages/SystemSetup/QuickLinks/Create.tsx'
    Imported via '@/components/ui/label' from file 'C:/Users/DION-SERVER/Desktop/codecanyon-FOhzjwS6-erpgo-saas-all-in-one-business-erp-with-project-account-hrm-crm-pos/main-file/packages/dionone/SupportTicket/src/Resources/js/Pages/SystemSetup/QuickLinks/Edit.tsx'
    Imported via '@/components/ui/label' from file 'C:/Users/DION-SERVER/Desktop/codecanyon-FOhzjwS6-erpgo-saas-all-in-one-business-erp-with-project-account-hrm-crm-pos/main-file/packages/dionone/SupportTicket/src/Resources/js/Pages/SystemSetup/TermsConditions/Index.tsx'
    Imported via '@/components/ui/label' from file 'C:/Users/DION-SERVER/Desktop/codecanyon-FOhzjwS6-erpgo-saas-all-in-one-business-erp-with-project-account-hrm-crm-pos/main-file/packages/dionone/SupportTicket/src/Resources/js/Pages/Tickets/Create.tsx'
    Imported via '@/components/ui/label' from file 'C:/Users/DION-SERVER/Desktop/codecanyon-FOhzjwS6-erpgo-saas-all-in-one-business-erp-with-project-account-hrm-crm-pos/main-file/packages/dionone/SupportTicket/src/Resources/js/Pages/Tickets/Edit.tsx'
    Imported via '@/components/ui/label' from file 'C:/Users/DION-SERVER/Desktop/codecanyon-FOhzjwS6-erpgo-saas-all-in-one-business-erp-with-project-account-hrm-crm-pos/main-file/packages/dionone/SupportTicket/src/Resources/js/Pages/Tickets/EditReply.tsx'
    Imported via '@/Components/ui/label' from file 'C:/Users/DION-SERVER/Desktop/codecanyon-FOhzjwS6-erpgo-saas-all-in-one-business-erp-with-project-account-hrm-crm-pos/main-file/packages/dionone/SupportTicket/src/Resources/js/faq/Import.tsx'
    Imported via '@/Components/ui/label' from file 'C:/Users/DION-SERVER/Desktop/codecanyon-FOhzjwS6-erpgo-saas-all-in-one-business-erp-with-project-account-hrm-crm-pos/main-file/packages/dionone/SupportTicket/src/Resources/js/knowledge/Import.tsx'
    Imported via '@/components/ui/label' from file 'C:/Users/DION-SERVER/Desktop/codecanyon-FOhzjwS6-erpgo-saas-all-in-one-business-erp-with-project-account-hrm-crm-pos/main-file/packages/dionone/SupportTicket/src/Resources/js/settings/components/support-setting.tsx'
    Imported via "@/components/ui/label" from file 'C:/Users/DION-SERVER/Desktop/codecanyon-FOhzjwS6-erpgo-saas-all-in-one-business-erp-with-project-account-hrm-crm-pos/main-file/packages/dionone/Taskly/src/Resources/js/Pages/Bugs/Create.tsx'
    Imported via "@/components/ui/label" from file 'C:/Users/DION-SERVER/Desktop/codecanyon-FOhzjwS6-erpgo-saas-all-in-one-business-erp-with-project-account-hrm-crm-pos/main-file/packages/dionone/Taskly/src/Resources/js/Pages/Bugs/Edit.tsx'
    Imported via "@/components/ui/label" from file 'C:/Users/DION-SERVER/Desktop/codecanyon-FOhzjwS6-erpgo-saas-all-in-one-business-erp-with-project-account-hrm-crm-pos/main-file/packages/dionone/Taskly/src/Resources/js/Pages/Bugs/View.tsx'
    Imported via '@/components/ui/label' from file 'C:/Users/DION-SERVER/Desktop/codecanyon-FOhzjwS6-erpgo-saas-all-in-one-business-erp-with-project-account-hrm-crm-pos/main-file/packages/dionone/Taskly/src/Resources/js/Pages/Project/Create.tsx'
    Imported via '@/components/ui/label' from file 'C:/Users/DION-SERVER/Desktop/codecanyon-FOhzjwS6-erpgo-saas-all-in-one-business-erp-with-project-account-hrm-crm-pos/main-file/packages/dionone/Taskly/src/Resources/js/Pages/Project/DuplicateModal.tsx'
    Imported via '@/components/ui/label' from file 'C:/Users/DION-SERVER/Desktop/codecanyon-FOhzjwS6-erpgo-saas-all-in-one-business-erp-with-project-account-hrm-crm-pos/main-file/packages/dionone/Taskly/src/Resources/js/Pages/Project/Edit.tsx'
    Imported via '@/components/ui/label' from file 'C:/Users/DION-SERVER/Desktop/codecanyon-FOhzjwS6-erpgo-saas-all-in-one-business-erp-with-project-account-hrm-crm-pos/main-file/packages/dionone/Taskly/src/Resources/js/Pages/Project/View.tsx'
    Imported via "@/components/ui/label" from file 'C:/Users/DION-SERVER/Desktop/codecanyon-FOhzjwS6-erpgo-saas-all-in-one-business-erp-with-project-account-hrm-crm-pos/main-file/packages/dionone/Taskly/src/Resources/js/Pages/SystemSetup/BugStages/Create.tsx'
    Imported via "@/components/ui/label" from file 'C:/Users/DION-SERVER/Desktop/codecanyon-FOhzjwS6-erpgo-saas-all-in-one-business-erp-with-project-account-hrm-crm-pos/main-file/packages/dionone/Taskly/src/Resources/js/Pages/SystemSetup/BugStages/Edit.tsx'
    Imported via "@/components/ui/label" from file 'C:/Users/DION-SERVER/Desktop/codecanyon-FOhzjwS6-erpgo-saas-all-in-one-business-erp-with-project-account-hrm-crm-pos/main-file/packages/dionone/Taskly/src/Resources/js/Pages/SystemSetup/TaskStages/Create.tsx'
    Imported via "@/components/ui/label" from file 'C:/Users/DION-SERVER/Desktop/codecanyon-FOhzjwS6-erpgo-saas-all-in-one-business-erp-with-project-account-hrm-crm-pos/main-file/packages/dionone/Taskly/src/Resources/js/Pages/SystemSetup/TaskStages/Edit.tsx'
    Imported via '@/components/ui/label' from file 'C:/Users/DION-SERVER/Desktop/codecanyon-FOhzjwS6-erpgo-saas-all-in-one-business-erp-with-project-account-hrm-crm-pos/main-file/packages/dionone/Taskly/src/Resources/js/Pages/Tasks/Create.tsx'
    Imported via '@/components/ui/label' from file 'C:/Users/DION-SERVER/Desktop/codecanyon-FOhzjwS6-erpgo-saas-all-in-one-business-erp-with-project-account-hrm-crm-pos/main-file/packages/dionone/Taskly/src/Resources/js/Pages/Tasks/Edit.tsx'
    Imported via "@/components/ui/label" from file 'C:/Users/DION-SERVER/Desktop/codecanyon-FOhzjwS6-erpgo-saas-all-in-one-business-erp-with-project-account-hrm-crm-pos/main-file/packages/dionone/Taskly/src/Resources/js/Pages/Tasks/View.tsx'
    Imported via "@/components/ui/label" from file 'C:/Users/DION-SERVER/Desktop/codecanyon-FOhzjwS6-erpgo-saas-all-in-one-business-erp-with-project-account-hrm-crm-pos/main-file/packages/dionone/Taskly/src/Resources/js/fields/fields.tsx'
    Imported via '@/components/ui/label' from file 'C:/Users/DION-SERVER/Desktop/codecanyon-FOhzjwS6-erpgo-saas-all-in-one-business-erp-with-project-account-hrm-crm-pos/main-file/packages/dionone/Telegram/src/Resources/js/settings/components/telegram-settings.tsx'
    Imported via "@/components/ui/label" from file 'C:/Users/DION-SERVER/Desktop/codecanyon-FOhzjwS6-erpgo-saas-all-in-one-business-erp-with-project-account-hrm-crm-pos/main-file/packages/dionone/Timesheet/src/Resources/js/Pages/Create.tsx'
    Imported via "@/components/ui/label" from file 'C:/Users/DION-SERVER/Desktop/codecanyon-FOhzjwS6-erpgo-saas-all-in-one-business-erp-with-project-account-hrm-crm-pos/main-file/packages/dionone/Timesheet/src/Resources/js/Pages/Edit.tsx'
    Imported via '@/components/ui/label' from file 'C:/Users/DION-SERVER/Desktop/codecanyon-FOhzjwS6-erpgo-saas-all-in-one-business-erp-with-project-account-hrm-crm-pos/main-file/packages/dionone/Training/src/Resources/js/Pages/feedbacks/index.tsx'
    Imported via '@/components/ui/label' from file 'C:/Users/DION-SERVER/Desktop/codecanyon-FOhzjwS6-erpgo-saas-all-in-one-business-erp-with-project-account-hrm-crm-pos/main-file/packages/dionone/Training/src/Resources/js/Pages/tasks/create.tsx'
    Imported via '@/components/ui/label' from file 'C:/Users/DION-SERVER/Desktop/codecanyon-FOhzjwS6-erpgo-saas-all-in-one-business-erp-with-project-account-hrm-crm-pos/main-file/packages/dionone/Training/src/Resources/js/Pages/tasks/edit.tsx'
    Imported via '@/components/ui/label' from file 'C:/Users/DION-SERVER/Desktop/codecanyon-FOhzjwS6-erpgo-saas-all-in-one-business-erp-with-project-account-hrm-crm-pos/main-file/packages/dionone/Training/src/Resources/js/Pages/trainers/create.tsx'
    Imported via '@/components/ui/label' from file 'C:/Users/DION-SERVER/Desktop/codecanyon-FOhzjwS6-erpgo-saas-all-in-one-business-erp-with-project-account-hrm-crm-pos/main-file/packages/dionone/Training/src/Resources/js/Pages/trainers/edit.tsx'
    Imported via '@/components/ui/label' from file 'C:/Users/DION-SERVER/Desktop/codecanyon-FOhzjwS6-erpgo-saas-all-in-one-business-erp-with-project-account-hrm-crm-pos/main-file/packages/dionone/Training/src/Resources/js/Pages/training-types/create.tsx'
    Imported via '@/components/ui/label' from file 'C:/Users/DION-SERVER/Desktop/codecanyon-FOhzjwS6-erpgo-saas-all-in-one-business-erp-with-project-account-hrm-crm-pos/main-file/packages/dionone/Training/src/Resources/js/Pages/training-types/edit.tsx'
    Imported via '@/components/ui/label' from file 'C:/Users/DION-SERVER/Desktop/codecanyon-FOhzjwS6-erpgo-saas-all-in-one-business-erp-with-project-account-hrm-crm-pos/main-file/packages/dionone/Training/src/Resources/js/Pages/trainings/create.tsx'
    Imported via '@/components/ui/label' from file 'C:/Users/DION-SERVER/Desktop/codecanyon-FOhzjwS6-erpgo-saas-all-in-one-business-erp-with-project-account-hrm-crm-pos/main-file/packages/dionone/Training/src/Resources/js/Pages/trainings/edit.tsx'
    Imported via '@/components/ui/label' from file 'C:/Users/DION-SERVER/Desktop/codecanyon-FOhzjwS6-erpgo-saas-all-in-one-business-erp-with-project-account-hrm-crm-pos/main-file/packages/dionone/Twilio/src/Resources/js/settings/components/twilio-settings.tsx'
    Imported via '@/components/ui/label' from file 'C:/Users/DION-SERVER/Desktop/codecanyon-FOhzjwS6-erpgo-saas-all-in-one-business-erp-with-project-account-hrm-crm-pos/main-file/packages/dionone/Webhook/src/Resources/js/settings/components/webhook-settings.tsx'
    Imported via '@/components/ui/label' from file 'C:/Users/DION-SERVER/Desktop/codecanyon-FOhzjwS6-erpgo-saas-all-in-one-business-erp-with-project-account-hrm-crm-pos/main-file/packages/dionone/ZoomMeeting/src/Resources/js/Pages/ZoomMeetings/Create.tsx'
    Imported via '@/components/ui/label' from file 'C:/Users/DION-SERVER/Desktop/codecanyon-FOhzjwS6-erpgo-saas-all-in-one-business-erp-with-project-account-hrm-crm-pos/main-file/packages/dionone/ZoomMeeting/src/Resources/js/Pages/ZoomMeetings/Edit.tsx'
    Imported via '@/components/ui/label' from file 'C:/Users/DION-SERVER/Desktop/codecanyon-FOhzjwS6-erpgo-saas-all-in-one-business-erp-with-project-account-hrm-crm-pos/main-file/packages/dionone/ZoomMeeting/src/Resources/js/settings/components/zoom-meeting-settings.tsx'
packages/dionone/SupportTicket/src/Resources/js/knowledge/Import.tsx(3,28): error TS2305: Module '"@/Components/ui/card"' has no exported member 'CardBody'.
packages/dionone/SupportTicket/src/Resources/js/knowledge/Import.tsx(3,44): error TS1149: File name 'C:/Users/DION-SERVER/Desktop/codecanyon-FOhzjwS6-erpgo-saas-all-in-one-business-erp-with-project-account-hrm-crm-pos/main-file/resources/js/Components/ui/card.tsx' differs from already included file name 'C:/Users/DION-SERVER/Desktop/codecanyon-FOhzjwS6-erpgo-saas-all-in-one-business-erp-with-project-account-hrm-crm-pos/main-file/resources/js/components/ui/card.tsx' only in casing.
  The file is in the program because:
    Imported via '@/components/ui/card' from file 'C:/Users/DION-SERVER/Desktop/codecanyon-FOhzjwS6-erpgo-saas-all-in-one-business-erp-with-project-account-hrm-crm-pos/main-file/resources/js/pages/settings/components/brand-settings.tsx'
    Imported via '@/components/ui/card' from file 'C:/Users/DION-SERVER/Desktop/codecanyon-FOhzjwS6-erpgo-saas-all-in-one-business-erp-with-project-account-hrm-crm-pos/main-file/resources/js/pages/settings/components/company-settings.tsx'
    Imported via '@/components/ui/card' from file 'C:/Users/DION-SERVER/Desktop/codecanyon-FOhzjwS6-erpgo-saas-all-in-one-business-erp-with-project-account-hrm-crm-pos/main-file/resources/js/pages/settings/components/system-settings.tsx'
    Imported via '@/components/ui/card' from file 'C:/Users/DION-SERVER/Desktop/codecanyon-FOhzjwS6-erpgo-saas-all-in-one-business-erp-with-project-account-hrm-crm-pos/main-file/resources/js/pages/settings/components/currency-settings.tsx'
    Imported via '@/components/ui/card' from file 'C:/Users/DION-SERVER/Desktop/codecanyon-FOhzjwS6-erpgo-saas-all-in-one-business-erp-with-project-account-hrm-crm-pos/main-file/resources/js/pages/settings/components/seo-settings.tsx'
    Imported via '@/components/ui/card' from file 'C:/Users/DION-SERVER/Desktop/codecanyon-FOhzjwS6-erpgo-saas-all-in-one-business-erp-with-project-account-hrm-crm-pos/main-file/resources/js/pages/settings/components/storage-settings.tsx'
    Imported via '@/components/ui/card' from file 'C:/Users/DION-SERVER/Desktop/codecanyon-FOhzjwS6-erpgo-saas-all-in-one-business-erp-with-project-account-hrm-crm-pos/main-file/resources/js/pages/settings/components/email-settings.tsx'
    Imported via '@/components/ui/card' from file 'C:/Users/DION-SERVER/Desktop/codecanyon-FOhzjwS6-erpgo-saas-all-in-one-business-erp-with-project-account-hrm-crm-pos/main-file/resources/js/pages/settings/components/pusher-settings.tsx'
    Imported via '@/components/ui/card' from file 'C:/Users/DION-SERVER/Desktop/codecanyon-FOhzjwS6-erpgo-saas-all-in-one-business-erp-with-project-account-hrm-crm-pos/main-file/resources/js/pages/settings/components/email-notification-settings.tsx'
    Imported via '@/components/ui/card' from file 'C:/Users/DION-SERVER/Desktop/codecanyon-FOhzjwS6-erpgo-saas-all-in-one-business-erp-with-project-account-hrm-crm-pos/main-file/resources/js/pages/settings/components/cookie-settings.tsx'
    Imported via '@/components/ui/card' from file 'C:/Users/DION-SERVER/Desktop/codecanyon-FOhzjwS6-erpgo-saas-all-in-one-business-erp-with-project-account-hrm-crm-pos/main-file/resources/js/pages/settings/components/bank-transfer-settings.tsx'
    Imported via '@/components/ui/card' from file 'C:/Users/DION-SERVER/Desktop/codecanyon-FOhzjwS6-erpgo-saas-all-in-one-business-erp-with-project-account-hrm-crm-pos/main-file/resources/js/pages/settings/components/cache-settings.tsx'
    Imported via '@/components/ui/card' from file 'C:/Users/DION-SERVER/Desktop/codecanyon-FOhzjwS6-erpgo-saas-all-in-one-business-erp-with-project-account-hrm-crm-pos/main-file/resources/js/components/cookie-consent.tsx'
    Imported via '@/components/ui/card' from file 'C:/Users/DION-SERVER/Desktop/codecanyon-FOhzjwS6-erpgo-saas-all-in-one-business-erp-with-project-account-hrm-crm-pos/main-file/resources/js/components/components/cookie-consent.tsx'
    Imported via '@/components/ui/card' from file 'C:/Users/DION-SERVER/Desktop/codecanyon-FOhzjwS6-erpgo-saas-all-in-one-business-erp-with-project-account-hrm-crm-pos/main-file/resources/js/components/components/ui/subscription-info.tsx'
    Matched by include pattern 'resources/js/**/*.tsx' in 'C:/Users/DION-SERVER/Desktop/codecanyon-FOhzjwS6-erpgo-saas-all-in-one-business-erp-with-project-account-hrm-crm-pos/main-file/tsconfig.json'
    Imported via './card' from file 'C:/Users/DION-SERVER/Desktop/codecanyon-FOhzjwS6-erpgo-saas-all-in-one-business-erp-with-project-account-hrm-crm-pos/main-file/resources/js/components/ui/data-table.tsx'
    Imported via '@/components/ui/card' from file 'C:/Users/DION-SERVER/Desktop/codecanyon-FOhzjwS6-erpgo-saas-all-in-one-business-erp-with-project-account-hrm-crm-pos/main-file/resources/js/components/ui/subscription-info.tsx'
    Imported via '@/components/ui/card' from file 'C:/Users/DION-SERVER/Desktop/codecanyon-FOhzjwS6-erpgo-saas-all-in-one-business-erp-with-project-account-hrm-crm-pos/main-file/resources/js/pages/CompanyDashboard.tsx'
    Imported via '@/components/ui/card' from file 'C:/Users/DION-SERVER/Desktop/codecanyon-FOhzjwS6-erpgo-saas-all-in-one-business-erp-with-project-account-hrm-crm-pos/main-file/resources/js/pages/StaffDashboard.tsx'
    Imported via "@/components/ui/card" from file 'C:/Users/DION-SERVER/Desktop/codecanyon-FOhzjwS6-erpgo-saas-all-in-one-business-erp-with-project-account-hrm-crm-pos/main-file/resources/js/pages/SuperAdminDashboard.tsx'
    Imported via '@/components/ui/card' from file 'C:/Users/DION-SERVER/Desktop/codecanyon-FOhzjwS6-erpgo-saas-all-in-one-business-erp-with-project-account-hrm-crm-pos/main-file/resources/js/pages/media-library.tsx'
    Imported via '@/components/ui/card' from file 'C:/Users/DION-SERVER/Desktop/codecanyon-FOhzjwS6-erpgo-saas-all-in-one-business-erp-with-project-account-hrm-crm-pos/main-file/resources/js/pages/EmailTemplates/Edit.tsx'
    Imported via '@/components/ui/card' from file 'C:/Users/DION-SERVER/Desktop/codecanyon-FOhzjwS6-erpgo-saas-all-in-one-business-erp-with-project-account-hrm-crm-pos/main-file/resources/js/pages/EmailTemplates/Index.tsx'
    Imported via '@/components/ui/card' from file 'C:/Users/DION-SERVER/Desktop/codecanyon-FOhzjwS6-erpgo-saas-all-in-one-business-erp-with-project-account-hrm-crm-pos/main-file/resources/js/pages/EmailTemplates/EmailTemplates/Edit.tsx'
    Imported via '@/components/ui/card' from file 'C:/Users/DION-SERVER/Desktop/codecanyon-FOhzjwS6-erpgo-saas-all-in-one-business-erp-with-project-account-hrm-crm-pos/main-file/resources/js/pages/EmailTemplates/EmailTemplates/Index.tsx'
    Imported via '@/components/ui/card' from file 'C:/Users/DION-SERVER/Desktop/codecanyon-FOhzjwS6-erpgo-saas-all-in-one-business-erp-with-project-account-hrm-crm-pos/main-file/resources/js/pages/Installer/Environment.tsx'
    Imported via '@/components/ui/card' from file 'C:/Users/DION-SERVER/Desktop/codecanyon-FOhzjwS6-erpgo-saas-all-in-one-business-erp-with-project-account-hrm-crm-pos/main-file/resources/js/pages/Installer/Installer/Environment.tsx'
    Imported via '@/components/ui/card' from file 'C:/Users/DION-SERVER/Desktop/codecanyon-FOhzjwS6-erpgo-saas-all-in-one-business-erp-with-project-account-hrm-crm-pos/main-file/resources/js/pages/MissionCommand/AffiliateEngine/Index.tsx'
    Imported via '@/components/ui/card' from file 'C:/Users/DION-SERVER/Desktop/codecanyon-FOhzjwS6-erpgo-saas-all-in-one-business-erp-with-project-account-hrm-crm-pos/main-file/resources/js/pages/MissionCommand/DionFlow/Index.tsx'
    Imported via '@/components/ui/card' from file 'C:/Users/DION-SERVER/Desktop/codecanyon-FOhzjwS6-erpgo-saas-all-in-one-business-erp-with-project-account-hrm-crm-pos/main-file/resources/js/pages/MissionCommand/PredictiveFinance/Index.tsx'
    Imported via '@/components/ui/card' from file 'C:/Users/DION-SERVER/Desktop/codecanyon-FOhzjwS6-erpgo-saas-all-in-one-business-erp-with-project-account-hrm-crm-pos/main-file/resources/js/pages/MissionCommand/SecurityAudit/Index.tsx'
    Imported via '@/components/ui/card' from file 'C:/Users/DION-SERVER/Desktop/codecanyon-FOhzjwS6-erpgo-saas-all-in-one-business-erp-with-project-account-hrm-crm-pos/main-file/resources/js/pages/MissionCommand/UnifiedInbox/Index.tsx'
    Imported via '@/components/ui/card' from file 'C:/Users/DION-SERVER/Desktop/codecanyon-FOhzjwS6-erpgo-saas-all-in-one-business-erp-with-project-account-hrm-crm-pos/main-file/resources/js/pages/Purchase/Create.tsx'
    Imported via '@/components/ui/card' from file 'C:/Users/DION-SERVER/Desktop/codecanyon-FOhzjwS6-erpgo-saas-all-in-one-business-erp-with-project-account-hrm-crm-pos/main-file/resources/js/pages/Purchase/Edit.tsx'
    Imported via "@/components/ui/card" from file 'C:/Users/DION-SERVER/Desktop/codecanyon-FOhzjwS6-erpgo-saas-all-in-one-business-erp-with-project-account-hrm-crm-pos/main-file/resources/js/pages/Purchase/Index.tsx'
    Imported via '@/components/ui/card' from file 'C:/Users/DION-SERVER/Desktop/codecanyon-FOhzjwS6-erpgo-saas-all-in-one-business-erp-with-project-account-hrm-crm-pos/main-file/resources/js/pages/Purchase/View.tsx'
    Imported via '@/components/ui/card' from file 'C:/Users/DION-SERVER/Desktop/codecanyon-FOhzjwS6-erpgo-saas-all-in-one-business-erp-with-project-account-hrm-crm-pos/main-file/resources/js/pages/Purchase/Purchase/Create.tsx'
    Imported via '@/components/ui/card' from file 'C:/Users/DION-SERVER/Desktop/codecanyon-FOhzjwS6-erpgo-saas-all-in-one-business-erp-with-project-account-hrm-crm-pos/main-file/resources/js/pages/Purchase/Purchase/Edit.tsx'
    Imported via "@/components/ui/card" from file 'C:/Users/DION-SERVER/Desktop/codecanyon-FOhzjwS6-erpgo-saas-all-in-one-business-erp-with-project-account-hrm-crm-pos/main-file/resources/js/pages/Purchase/Purchase/Index.tsx'
    Imported via '@/components/ui/card' from file 'C:/Users/DION-SERVER/Desktop/codecanyon-FOhzjwS6-erpgo-saas-all-in-one-business-erp-with-project-account-hrm-crm-pos/main-file/resources/js/pages/Purchase/Purchase/View.tsx'
    Imported via '@/components/ui/card' from file 'C:/Users/DION-SERVER/Desktop/codecanyon-FOhzjwS6-erpgo-saas-all-in-one-business-erp-with-project-account-hrm-crm-pos/main-file/resources/js/pages/PurchaseReturns/Create.tsx'
    Imported via "@/components/ui/card" from file 'C:/Users/DION-SERVER/Desktop/codecanyon-FOhzjwS6-erpgo-saas-all-in-one-business-erp-with-project-account-hrm-crm-pos/main-file/resources/js/pages/PurchaseReturns/Index.tsx'
    Imported via '@/components/ui/card' from file 'C:/Users/DION-SERVER/Desktop/codecanyon-FOhzjwS6-erpgo-saas-all-in-one-business-erp-with-project-account-hrm-crm-pos/main-file/resources/js/pages/PurchaseReturns/View.tsx'
    Imported via '@/components/ui/card' from file 'C:/Users/DION-SERVER/Desktop/codecanyon-FOhzjwS6-erpgo-saas-all-in-one-business-erp-with-project-account-hrm-crm-pos/main-file/resources/js/pages/PurchaseReturns/PurchaseReturns/Create.tsx'
    Imported via "@/components/ui/card" from file 'C:/Users/DION-SERVER/Desktop/codecanyon-FOhzjwS6-erpgo-saas-all-in-one-business-erp-with-project-account-hrm-crm-pos/main-file/resources/js/pages/PurchaseReturns/PurchaseReturns/Index.tsx'
    Imported via '@/components/ui/card' from file 'C:/Users/DION-SERVER/Desktop/codecanyon-FOhzjwS6-erpgo-saas-all-in-one-business-erp-with-project-account-hrm-crm-pos/main-file/resources/js/pages/PurchaseReturns/PurchaseReturns/View.tsx'
    Imported via '@/components/ui/card' from file 'C:/Users/DION-SERVER/Desktop/codecanyon-FOhzjwS6-erpgo-saas-all-in-one-business-erp-with-project-account-hrm-crm-pos/main-file/resources/js/pages/Sales/Create.tsx'
    Imported via '@/components/ui/card' from file 'C:/Users/DION-SERVER/Desktop/codecanyon-FOhzjwS6-erpgo-saas-all-in-one-business-erp-with-project-account-hrm-crm-pos/main-file/resources/js/pages/Sales/Edit.tsx'
    Imported via "@/components/ui/card" from file 'C:/Users/DION-SERVER/Desktop/codecanyon-FOhzjwS6-erpgo-saas-all-in-one-business-erp-with-project-account-hrm-crm-pos/main-file/resources/js/pages/Sales/Index.tsx'
    Imported via '@/components/ui/card' from file 'C:/Users/DION-SERVER/Desktop/codecanyon-FOhzjwS6-erpgo-saas-all-in-one-business-erp-with-project-account-hrm-crm-pos/main-file/resources/js/pages/Sales/View.tsx'
    Imported via '@/components/ui/card' from file 'C:/Users/DION-SERVER/Desktop/codecanyon-FOhzjwS6-erpgo-saas-all-in-one-business-erp-with-project-account-hrm-crm-pos/main-file/resources/js/pages/Sales/Sales/Create.tsx'
    Imported via '@/components/ui/card' from file 'C:/Users/DION-SERVER/Desktop/codecanyon-FOhzjwS6-erpgo-saas-all-in-one-business-erp-with-project-account-hrm-crm-pos/main-file/resources/js/pages/Sales/Sales/Edit.tsx'
    Imported via "@/components/ui/card" from file 'C:/Users/DION-SERVER/Desktop/codecanyon-FOhzjwS6-erpgo-saas-all-in-one-business-erp-with-project-account-hrm-crm-pos/main-file/resources/js/pages/Sales/Sales/Index.tsx'
    Imported via '@/components/ui/card' from file 'C:/Users/DION-SERVER/Desktop/codecanyon-FOhzjwS6-erpgo-saas-all-in-one-business-erp-with-project-account-hrm-crm-pos/main-file/resources/js/pages/Sales/Sales/View.tsx'
    Imported via '@/components/ui/card' from file 'C:/Users/DION-SERVER/Desktop/codecanyon-FOhzjwS6-erpgo-saas-all-in-one-business-erp-with-project-account-hrm-crm-pos/main-file/resources/js/pages/SalesProposals/Create.tsx'
    Imported via '@/components/ui/card' from file 'C:/Users/DION-SERVER/Desktop/codecanyon-FOhzjwS6-erpgo-saas-all-in-one-business-erp-with-project-account-hrm-crm-pos/main-file/resources/js/pages/SalesProposals/Edit.tsx'
    Imported via "@/components/ui/card" from file 'C:/Users/DION-SERVER/Desktop/codecanyon-FOhzjwS6-erpgo-saas-all-in-one-business-erp-with-project-account-hrm-crm-pos/main-file/resources/js/pages/SalesProposals/Index.tsx'
    Imported via '@/components/ui/card' from file 'C:/Users/DION-SERVER/Desktop/codecanyon-FOhzjwS6-erpgo-saas-all-in-one-business-erp-with-project-account-hrm-crm-pos/main-file/resources/js/pages/SalesProposals/View.tsx'
    Imported via '@/components/ui/card' from file 'C:/Users/DION-SERVER/Desktop/codecanyon-FOhzjwS6-erpgo-saas-all-in-one-business-erp-with-project-account-hrm-crm-pos/main-file/resources/js/pages/SalesProposals/SalesProposals/Create.tsx'
    Imported via '@/components/ui/card' from file 'C:/Users/DION-SERVER/Desktop/codecanyon-FOhzjwS6-erpgo-saas-all-in-one-business-erp-with-project-account-hrm-crm-pos/main-file/resources/js/pages/SalesProposals/SalesProposals/Edit.tsx'
    Imported via "@/components/ui/card" from file 'C:/Users/DION-SERVER/Desktop/codecanyon-FOhzjwS6-erpgo-saas-all-in-one-business-erp-with-project-account-hrm-crm-pos/main-file/resources/js/pages/SalesProposals/SalesProposals/Index.tsx'
    Imported via '@/components/ui/card' from file 'C:/Users/DION-SERVER/Desktop/codecanyon-FOhzjwS6-erpgo-saas-all-in-one-business-erp-with-project-account-hrm-crm-pos/main-file/resources/js/pages/SalesProposals/SalesProposals/View.tsx'
    Imported via '@/components/ui/card' from file 'C:/Users/DION-SERVER/Desktop/codecanyon-FOhzjwS6-erpgo-saas-all-in-one-business-erp-with-project-account-hrm-crm-pos/main-file/resources/js/pages/SalesReturns/Create.tsx'
    Imported via "@/components/ui/card" from file 'C:/Users/DION-SERVER/Desktop/codecanyon-FOhzjwS6-erpgo-saas-all-in-one-business-erp-with-project-account-hrm-crm-pos/main-file/resources/js/pages/SalesReturns/Index.tsx'
    Imported via '@/components/ui/card' from file 'C:/Users/DION-SERVER/Desktop/codecanyon-FOhzjwS6-erpgo-saas-all-in-one-business-erp-with-project-account-hrm-crm-pos/main-file/resources/js/pages/SalesReturns/View.tsx'
    Imported via '@/components/ui/card' from file 'C:/Users/DION-SERVER/Desktop/codecanyon-FOhzjwS6-erpgo-saas-all-in-one-business-erp-with-project-account-hrm-crm-pos/main-file/resources/js/pages/SalesReturns/SalesReturns/Create.tsx'
    Imported via "@/components/ui/card" from file 'C:/Users/DION-SERVER/Desktop/codecanyon-FOhzjwS6-erpgo-saas-all-in-one-business-erp-with-project-account-hrm-crm-pos/main-file/resources/js/pages/SalesReturns/SalesReturns/Index.tsx'
    Imported via '@/components/ui/card' from file 'C:/Users/DION-SERVER/Desktop/codecanyon-FOhzjwS6-erpgo-saas-all-in-one-business-erp-with-project-account-hrm-crm-pos/main-file/resources/js/pages/SalesReturns/SalesReturns/View.tsx'
    Imported via "@/components/ui/card" from file 'C:/Users/DION-SERVER/Desktop/codecanyon-FOhzjwS6-erpgo-saas-all-in-one-business-erp-with-project-account-hrm-crm-pos/main-file/resources/js/pages/Transfers/Index.tsx'
    Imported via "@/components/ui/card" from file 'C:/Users/DION-SERVER/Desktop/codecanyon-FOhzjwS6-erpgo-saas-all-in-one-business-erp-with-project-account-hrm-crm-pos/main-file/resources/js/pages/Transfers/Transfers/Index.tsx'
    Imported via '@/components/ui/card' from file 'C:/Users/DION-SERVER/Desktop/codecanyon-FOhzjwS6-erpgo-saas-all-in-one-business-erp-with-project-account-hrm-crm-pos/main-file/resources/js/pages/Updater/Index.tsx'
    Imported via '@/components/ui/card' from file 'C:/Users/DION-SERVER/Desktop/codecanyon-FOhzjwS6-erpgo-saas-all-in-one-business-erp-with-project-account-hrm-crm-pos/main-file/resources/js/pages/Updater/Updater/Index.tsx'
    Imported via '@/components/ui/card' from file 'C:/Users/DION-SERVER/Desktop/codecanyon-FOhzjwS6-erpgo-saas-all-in-one-business-erp-with-project-account-hrm-crm-pos/main-file/resources/js/pages/audit-logs/Show.tsx'
    Imported via '@/components/ui/card' from file 'C:/Users/DION-SERVER/Desktop/codecanyon-FOhzjwS6-erpgo-saas-all-in-one-business-erp-with-project-account-hrm-crm-pos/main-file/resources/js/pages/bank-transfer/index.tsx'
    Imported via '@/components/ui/card' from file 'C:/Users/DION-SERVER/Desktop/codecanyon-FOhzjwS6-erpgo-saas-all-in-one-business-erp-with-project-account-hrm-crm-pos/main-file/resources/js/pages/bank-transfer/bank-transfer/index.tsx'
    Imported via "@/components/ui/card" from file 'C:/Users/DION-SERVER/Desktop/codecanyon-FOhzjwS6-erpgo-saas-all-in-one-business-erp-with-project-account-hrm-crm-pos/main-file/resources/js/pages/coupons/details.tsx'
    Imported via "@/components/ui/card" from file 'C:/Users/DION-SERVER/Desktop/codecanyon-FOhzjwS6-erpgo-saas-all-in-one-business-erp-with-project-account-hrm-crm-pos/main-file/resources/js/pages/coupons/index.tsx'
    Imported via "@/components/ui/card" from file 'C:/Users/DION-SERVER/Desktop/codecanyon-FOhzjwS6-erpgo-saas-all-in-one-business-erp-with-project-account-hrm-crm-pos/main-file/resources/js/pages/coupons/coupons/details.tsx'
    Imported via "@/components/ui/card" from file 'C:/Users/DION-SERVER/Desktop/codecanyon-FOhzjwS6-erpgo-saas-all-in-one-business-erp-with-project-account-hrm-crm-pos/main-file/resources/js/pages/coupons/coupons/index.tsx'
    Imported via "@/components/ui/card" from file 'C:/Users/DION-SERVER/Desktop/codecanyon-FOhzjwS6-erpgo-saas-all-in-one-business-erp-with-project-account-hrm-crm-pos/main-file/resources/js/pages/helpdesk/categories/index.tsx'
    Imported via "@/components/ui/card" from file 'C:/Users/DION-SERVER/Desktop/codecanyon-FOhzjwS6-erpgo-saas-all-in-one-business-erp-with-project-account-hrm-crm-pos/main-file/resources/js/pages/helpdesk/helpdesk/categories/index.tsx'
    Imported via "@/components/ui/card" from file 'C:/Users/DION-SERVER/Desktop/codecanyon-FOhzjwS6-erpgo-saas-all-in-one-business-erp-with-project-account-hrm-crm-pos/main-file/resources/js/pages/helpdesk/helpdesk/tickets/index.tsx'
    Imported via "@/components/ui/card" from file 'C:/Users/DION-SERVER/Desktop/codecanyon-FOhzjwS6-erpgo-saas-all-in-one-business-erp-with-project-account-hrm-crm-pos/main-file/resources/js/pages/helpdesk/helpdesk/tickets/show.tsx'
    Imported via "@/components/ui/card" from file 'C:/Users/DION-SERVER/Desktop/codecanyon-FOhzjwS6-erpgo-saas-all-in-one-business-erp-with-project-account-hrm-crm-pos/main-file/resources/js/pages/helpdesk/tickets/index.tsx'
    Imported via "@/components/ui/card" from file 'C:/Users/DION-SERVER/Desktop/codecanyon-FOhzjwS6-erpgo-saas-all-in-one-business-erp-with-project-account-hrm-crm-pos/main-file/resources/js/pages/helpdesk/tickets/show.tsx'
    Imported via '@/components/ui/card' from file 'C:/Users/DION-SERVER/Desktop/codecanyon-FOhzjwS6-erpgo-saas-all-in-one-business-erp-with-project-account-hrm-crm-pos/main-file/resources/js/pages/languages/manage.tsx'
    Imported via '@/components/ui/card' from file 'C:/Users/DION-SERVER/Desktop/codecanyon-FOhzjwS6-erpgo-saas-all-in-one-business-erp-with-project-account-hrm-crm-pos/main-file/resources/js/pages/languages/languages/manage.tsx'
    Imported via "@/components/ui/card" from file 'C:/Users/DION-SERVER/Desktop/codecanyon-FOhzjwS6-erpgo-saas-all-in-one-business-erp-with-project-account-hrm-crm-pos/main-file/resources/js/pages/messenger/index.tsx'
    Imported via "@/components/ui/card" from file 'C:/Users/DION-SERVER/Desktop/codecanyon-FOhzjwS6-erpgo-saas-all-in-one-business-erp-with-project-account-hrm-crm-pos/main-file/resources/js/pages/messenger/messenger/index.tsx'
    Imported via '@/components/ui/card' from file 'C:/Users/DION-SERVER/Desktop/codecanyon-FOhzjwS6-erpgo-saas-all-in-one-business-erp-with-project-account-hrm-crm-pos/main-file/resources/js/pages/mission-command/Dashboard.tsx'
    Imported via '@/components/ui/card' from file 'C:/Users/DION-SERVER/Desktop/codecanyon-FOhzjwS6-erpgo-saas-all-in-one-business-erp-with-project-account-hrm-crm-pos/main-file/resources/js/pages/mission-command/Gamification.tsx'
    Imported via '@/components/ui/card' from file 'C:/Users/DION-SERVER/Desktop/codecanyon-FOhzjwS6-erpgo-saas-all-in-one-business-erp-with-project-account-hrm-crm-pos/main-file/resources/js/pages/mission-command/NotificationsHub.tsx'
    Imported via "@/components/ui/card" from file 'C:/Users/DION-SERVER/Desktop/codecanyon-FOhzjwS6-erpgo-saas-all-in-one-business-erp-with-project-account-hrm-crm-pos/main-file/resources/js/pages/modules/index.tsx'
    Imported via "@/components/ui/card" from file 'C:/Users/DION-SERVER/Desktop/codecanyon-FOhzjwS6-erpgo-saas-all-in-one-business-erp-with-project-account-hrm-crm-pos/main-file/resources/js/pages/modules/upload.tsx'
    Imported via "@/components/ui/card" from file 'C:/Users/DION-SERVER/Desktop/codecanyon-FOhzjwS6-erpgo-saas-all-in-one-business-erp-with-project-account-hrm-crm-pos/main-file/resources/js/pages/modules/modules/index.tsx'
    Imported via "@/components/ui/card" from file 'C:/Users/DION-SERVER/Desktop/codecanyon-FOhzjwS6-erpgo-saas-all-in-one-business-erp-with-project-account-hrm-crm-pos/main-file/resources/js/pages/modules/modules/upload.tsx'
    Imported via '@/components/ui/card' from file 'C:/Users/DION-SERVER/Desktop/codecanyon-FOhzjwS6-erpgo-saas-all-in-one-business-erp-with-project-account-hrm-crm-pos/main-file/resources/js/pages/notification-templates/Edit.tsx'
    Imported via '@/components/ui/card' from file 'C:/Users/DION-SERVER/Desktop/codecanyon-FOhzjwS6-erpgo-saas-all-in-one-business-erp-with-project-account-hrm-crm-pos/main-file/resources/js/pages/notification-templates/Index.tsx'
    Imported via '@/components/ui/card' from file 'C:/Users/DION-SERVER/Desktop/codecanyon-FOhzjwS6-erpgo-saas-all-in-one-business-erp-with-project-account-hrm-crm-pos/main-file/resources/js/pages/notification-templates/notification-templates/Edit.tsx'
    Imported via '@/components/ui/card' from file 'C:/Users/DION-SERVER/Desktop/codecanyon-FOhzjwS6-erpgo-saas-all-in-one-business-erp-with-project-account-hrm-crm-pos/main-file/resources/js/pages/notification-templates/notification-templates/Index.tsx'
    Imported via '@/components/ui/card' from file 'C:/Users/DION-SERVER/Desktop/codecanyon-FOhzjwS6-erpgo-saas-all-in-one-business-erp-with-project-account-hrm-crm-pos/main-file/resources/js/pages/orders/index.tsx'
    Imported via '@/components/ui/card' from file 'C:/Users/DION-SERVER/Desktop/codecanyon-FOhzjwS6-erpgo-saas-all-in-one-business-erp-with-project-account-hrm-crm-pos/main-file/resources/js/pages/orders/orders/index.tsx'
    Imported via '@/components/ui/card' from file 'C:/Users/DION-SERVER/Desktop/codecanyon-FOhzjwS6-erpgo-saas-all-in-one-business-erp-with-project-account-hrm-crm-pos/main-file/resources/js/pages/plans/create.tsx'
    Imported via '@/components/ui/card' from file 'C:/Users/DION-SERVER/Desktop/codecanyon-FOhzjwS6-erpgo-saas-all-in-one-business-erp-with-project-account-hrm-crm-pos/main-file/resources/js/pages/plans/form.tsx'
    Imported via '@/components/ui/card' from file 'C:/Users/DION-SERVER/Desktop/codecanyon-FOhzjwS6-erpgo-saas-all-in-one-business-erp-with-project-account-hrm-crm-pos/main-file/resources/js/pages/plans/edit.tsx'
    Imported via '@/components/ui/card' from file 'C:/Users/DION-SERVER/Desktop/codecanyon-FOhzjwS6-erpgo-saas-all-in-one-business-erp-with-project-account-hrm-crm-pos/main-file/resources/js/pages/plans/subscription-layout.tsx'
    Imported via '@/components/ui/card' from file 'C:/Users/DION-SERVER/Desktop/codecanyon-FOhzjwS6-erpgo-saas-all-in-one-business-erp-with-project-account-hrm-crm-pos/main-file/resources/js/pages/plans/plans/create.tsx'
    Imported via '@/components/ui/card' from file 'C:/Users/DION-SERVER/Desktop/codecanyon-FOhzjwS6-erpgo-saas-all-in-one-business-erp-with-project-account-hrm-crm-pos/main-file/resources/js/pages/plans/plans/form.tsx'
    Imported via '@/components/ui/card' from file 'C:/Users/DION-SERVER/Desktop/codecanyon-FOhzjwS6-erpgo-saas-all-in-one-business-erp-with-project-account-hrm-crm-pos/main-file/resources/js/pages/plans/plans/edit.tsx'
    Imported via '@/components/ui/card' from file 'C:/Users/DION-SERVER/Desktop/codecanyon-FOhzjwS6-erpgo-saas-all-in-one-business-erp-with-project-account-hrm-crm-pos/main-file/resources/js/pages/plans/plans/subscription-layout.tsx'
    Imported via "@/components/ui/card" from file 'C:/Users/DION-SERVER/Desktop/codecanyon-FOhzjwS6-erpgo-saas-all-in-one-business-erp-with-project-account-hrm-crm-pos/main-file/resources/js/pages/profile/edit.tsx'
    Imported via "@/components/ui/card" from file 'C:/Users/DION-SERVER/Desktop/codecanyon-FOhzjwS6-erpgo-saas-all-in-one-business-erp-with-project-account-hrm-crm-pos/main-file/resources/js/pages/profile/profile/edit.tsx'
    Imported via '@/components/ui/card' from file 'C:/Users/DION-SERVER/Desktop/codecanyon-FOhzjwS6-erpgo-saas-all-in-one-business-erp-with-project-account-hrm-crm-pos/main-file/resources/js/pages/reports/View.tsx'
    Imported via "@/components/ui/card" from file 'C:/Users/DION-SERVER/Desktop/codecanyon-FOhzjwS6-erpgo-saas-all-in-one-business-erp-with-project-account-hrm-crm-pos/main-file/resources/js/pages/roles/create.tsx'
    Imported via "@/components/ui/card" from file 'C:/Users/DION-SERVER/Desktop/codecanyon-FOhzjwS6-erpgo-saas-all-in-one-business-erp-with-project-account-hrm-crm-pos/main-file/resources/js/pages/roles/edit.tsx'
    Imported via "@/components/ui/card" from file 'C:/Users/DION-SERVER/Desktop/codecanyon-FOhzjwS6-erpgo-saas-all-in-one-business-erp-with-project-account-hrm-crm-pos/main-file/resources/js/pages/roles/index.tsx'
    Imported via "@/components/ui/card" from file 'C:/Users/DION-SERVER/Desktop/codecanyon-FOhzjwS6-erpgo-saas-all-in-one-business-erp-with-project-account-hrm-crm-pos/main-file/resources/js/pages/roles/roles/create.tsx'
    Imported via "@/components/ui/card" from file 'C:/Users/DION-SERVER/Desktop/codecanyon-FOhzjwS6-erpgo-saas-all-in-one-business-erp-with-project-account-hrm-crm-pos/main-file/resources/js/pages/roles/roles/edit.tsx'
    Imported via "@/components/ui/card" from file 'C:/Users/DION-SERVER/Desktop/codecanyon-FOhzjwS6-erpgo-saas-all-in-one-business-erp-with-project-account-hrm-crm-pos/main-file/resources/js/pages/roles/roles/index.tsx'
    Imported via '@/components/ui/card' from file 'C:/Users/DION-SERVER/Desktop/codecanyon-FOhzjwS6-erpgo-saas-all-in-one-business-erp-with-project-account-hrm-crm-pos/main-file/resources/js/pages/settings/settings/components/bank-transfer-settings.tsx'
    Imported via '@/components/ui/card' from file 'C:/Users/DION-SERVER/Desktop/codecanyon-FOhzjwS6-erpgo-saas-all-in-one-business-erp-with-project-account-hrm-crm-pos/main-file/resources/js/pages/settings/settings/components/brand-settings.tsx'
    Imported via '@/components/ui/card' from file 'C:/Users/DION-SERVER/Desktop/codecanyon-FOhzjwS6-erpgo-saas-all-in-one-business-erp-with-project-account-hrm-crm-pos/main-file/resources/js/pages/settings/settings/components/cache-settings.tsx'
    Imported via '@/components/ui/card' from file 'C:/Users/DION-SERVER/Desktop/codecanyon-FOhzjwS6-erpgo-saas-all-in-one-business-erp-with-project-account-hrm-crm-pos/main-file/resources/js/pages/settings/settings/components/company-settings.tsx'
    Imported via '@/components/ui/card' from file 'C:/Users/DION-SERVER/Desktop/codecanyon-FOhzjwS6-erpgo-saas-all-in-one-business-erp-with-project-account-hrm-crm-pos/main-file/resources/js/pages/settings/settings/components/cookie-settings.tsx'
    Imported via '@/components/ui/card' from file 'C:/Users/DION-SERVER/Desktop/codecanyon-FOhzjwS6-erpgo-saas-all-in-one-business-erp-with-project-account-hrm-crm-pos/main-file/resources/js/pages/settings/settings/components/currency-settings.tsx'
    Imported via '@/components/ui/card' from file 'C:/Users/DION-SERVER/Desktop/codecanyon-FOhzjwS6-erpgo-saas-all-in-one-business-erp-with-project-account-hrm-crm-pos/main-file/resources/js/pages/settings/settings/components/email-notification-settings.tsx'
    Imported via '@/components/ui/card' from file 'C:/Users/DION-SERVER/Desktop/codecanyon-FOhzjwS6-erpgo-saas-all-in-one-business-erp-with-project-account-hrm-crm-pos/main-file/resources/js/pages/settings/settings/components/email-settings.tsx'
    Imported via '@/components/ui/card' from file 'C:/Users/DION-SERVER/Desktop/codecanyon-FOhzjwS6-erpgo-saas-all-in-one-business-erp-with-project-account-hrm-crm-pos/main-file/resources/js/pages/settings/settings/components/pusher-settings.tsx'
    Imported via '@/components/ui/card' from file 'C:/Users/DION-SERVER/Desktop/codecanyon-FOhzjwS6-erpgo-saas-all-in-one-business-erp-with-project-account-hrm-crm-pos/main-file/resources/js/pages/settings/settings/components/seo-settings.tsx'
    Imported via '@/components/ui/card' from file 'C:/Users/DION-SERVER/Desktop/codecanyon-FOhzjwS6-erpgo-saas-all-in-one-business-erp-with-project-account-hrm-crm-pos/main-file/resources/js/pages/settings/settings/components/storage-settings.tsx'
    Imported via '@/components/ui/card' from file 'C:/Users/DION-SERVER/Desktop/codecanyon-FOhzjwS6-erpgo-saas-all-in-one-business-erp-with-project-account-hrm-crm-pos/main-file/resources/js/pages/settings/settings/components/system-settings.tsx'
    Imported via "@/components/ui/card" from file 'C:/Users/DION-SERVER/Desktop/codecanyon-FOhzjwS6-erpgo-saas-all-in-one-business-erp-with-project-account-hrm-crm-pos/main-file/resources/js/pages/users/index.tsx'
    Imported via "@/components/ui/card" from file 'C:/Users/DION-SERVER/Desktop/codecanyon-FOhzjwS6-erpgo-saas-all-in-one-business-erp-with-project-account-hrm-crm-pos/main-file/resources/js/pages/users/login-history.tsx'
    Imported via "@/components/ui/card" from file 'C:/Users/DION-SERVER/Desktop/codecanyon-FOhzjwS6-erpgo-saas-all-in-one-business-erp-with-project-account-hrm-crm-pos/main-file/resources/js/pages/users/users/index.tsx'
    Imported via "@/components/ui/card" from file 'C:/Users/DION-SERVER/Desktop/codecanyon-FOhzjwS6-erpgo-saas-all-in-one-business-erp-with-project-account-hrm-crm-pos/main-file/resources/js/pages/users/users/login-history.tsx'
    Imported via "@/components/ui/card" from file 'C:/Users/DION-SERVER/Desktop/codecanyon-FOhzjwS6-erpgo-saas-all-in-one-business-erp-with-project-account-hrm-crm-pos/main-file/resources/js/pages/warehouses/index.tsx'
    Imported via "@/components/ui/card" from file 'C:/Users/DION-SERVER/Desktop/codecanyon-FOhzjwS6-erpgo-saas-all-in-one-business-erp-with-project-account-hrm-crm-pos/main-file/resources/js/pages/warehouses/warehouses/index.tsx'
    Imported via '@/components/ui/card' from file 'C:/Users/DION-SERVER/Desktop/codecanyon-FOhzjwS6-erpgo-saas-all-in-one-business-erp-with-project-account-hrm-crm-pos/main-file/packages/dionone/AIAssistant/src/Resources/js/settings/components/ai-assistant-settings.tsx'
    Imported via "@/components/ui/card" from file 'C:/Users/DION-SERVER/Desktop/codecanyon-FOhzjwS6-erpgo-saas-all-in-one-business-erp-with-project-account-hrm-crm-pos/main-file/packages/dionone/Account/src/Resources/js/Pages/BankAccounts/Index.tsx'
    Imported via "@/components/ui/card" from file 'C:/Users/DION-SERVER/Desktop/codecanyon-FOhzjwS6-erpgo-saas-all-in-one-business-erp-with-project-account-hrm-crm-pos/main-file/packages/dionone/Account/src/Resources/js/Pages/BankTransactions/Index.tsx'
    Imported via "@/components/ui/card" from file 'C:/Users/DION-SERVER/Desktop/codecanyon-FOhzjwS6-erpgo-saas-all-in-one-business-erp-with-project-account-hrm-crm-pos/main-file/packages/dionone/Account/src/Resources/js/Pages/BankTransfers/Index.tsx'
    Imported via "@/components/ui/card" from file 'C:/Users/DION-SERVER/Desktop/codecanyon-FOhzjwS6-erpgo-saas-all-in-one-business-erp-with-project-account-hrm-crm-pos/main-file/packages/dionone/Account/src/Resources/js/Pages/ChartOfAccounts/Index.tsx'
    Imported via "@/components/ui/card" from file 'C:/Users/DION-SERVER/Desktop/codecanyon-FOhzjwS6-erpgo-saas-all-in-one-business-erp-with-project-account-hrm-crm-pos/main-file/packages/dionone/Account/src/Resources/js/Pages/ChartOfAccounts/Show.tsx'
    Imported via "@/components/ui/card" from file 'C:/Users/DION-SERVER/Desktop/codecanyon-FOhzjwS6-erpgo-saas-all-in-one-business-erp-with-project-account-hrm-crm-pos/main-file/packages/dionone/Account/src/Resources/js/Pages/CreditNotes/Create.tsx'
    Imported via "@/components/ui/card" from file 'C:/Users/DION-SERVER/Desktop/codecanyon-FOhzjwS6-erpgo-saas-all-in-one-business-erp-with-project-account-hrm-crm-pos/main-file/packages/dionone/Account/src/Resources/js/Pages/CreditNotes/Index.tsx'
    Imported via '@/components/ui/card' from file 'C:/Users/DION-SERVER/Desktop/codecanyon-FOhzjwS6-erpgo-saas-all-in-one-business-erp-with-project-account-hrm-crm-pos/main-file/packages/dionone/Account/src/Resources/js/Pages/CreditNotes/View.tsx'
    Imported via '@/components/ui/card' from file 'C:/Users/DION-SERVER/Desktop/codecanyon-FOhzjwS6-erpgo-saas-all-in-one-business-erp-with-project-account-hrm-crm-pos/main-file/packages/dionone/Account/src/Resources/js/Pages/CustomerPayments/Create.tsx'
    Imported via "@/components/ui/card" from file 'C:/Users/DION-SERVER/Desktop/codecanyon-FOhzjwS6-erpgo-saas-all-in-one-business-erp-with-project-account-hrm-crm-pos/main-file/packages/dionone/Account/src/Resources/js/Pages/CustomerPayments/Index.tsx'
    Imported via '@/components/ui/card' from file 'C:/Users/DION-SERVER/Desktop/codecanyon-FOhzjwS6-erpgo-saas-all-in-one-business-erp-with-project-account-hrm-crm-pos/main-file/packages/dionone/Account/src/Resources/js/Pages/CustomerPayments/View.tsx'
    Imported via "@/components/ui/card" from file 'C:/Users/DION-SERVER/Desktop/codecanyon-FOhzjwS6-erpgo-saas-all-in-one-business-erp-with-project-account-hrm-crm-pos/main-file/packages/dionone/Account/src/Resources/js/Pages/Customers/Index.tsx'
    Imported via '@/components/ui/card' from file 'C:/Users/DION-SERVER/Desktop/codecanyon-FOhzjwS6-erpgo-saas-all-in-one-business-erp-with-project-account-hrm-crm-pos/main-file/packages/dionone/Account/src/Resources/js/Pages/Dashboard/ClientDashboard.tsx'
    Imported via '@/components/ui/card' from file 'C:/Users/DION-SERVER/Desktop/codecanyon-FOhzjwS6-erpgo-saas-all-in-one-business-erp-with-project-account-hrm-crm-pos/main-file/packages/dionone/Account/src/Resources/js/Pages/Dashboard/CompanyDashboard.tsx'
    Imported via '@/components/ui/card' from file 'C:/Users/DION-SERVER/Desktop/codecanyon-FOhzjwS6-erpgo-saas-all-in-one-business-erp-with-project-account-hrm-crm-pos/main-file/packages/dionone/Account/src/Resources/js/Pages/Dashboard/StaffDashboard.tsx'
    Imported via '@/components/ui/card' from file 'C:/Users/DION-SERVER/Desktop/codecanyon-FOhzjwS6-erpgo-saas-all-in-one-business-erp-with-project-account-hrm-crm-pos/main-file/packages/dionone/Account/src/Resources/js/Pages/Dashboard/VendorDashboard.tsx'
    Imported via "@/components/ui/card" from file 'C:/Users/DION-SERVER/Desktop/codecanyon-FOhzjwS6-erpgo-saas-all-in-one-business-erp-with-project-account-hrm-crm-pos/main-file/packages/dionone/Account/src/Resources/js/Pages/DebitNotes/Create.tsx'
    Imported via "@/components/ui/card" from file 'C:/Users/DION-SERVER/Desktop/codecanyon-FOhzjwS6-erpgo-saas-all-in-one-business-erp-with-project-account-hrm-crm-pos/main-file/packages/dionone/Account/src/Resources/js/Pages/DebitNotes/Index.tsx'
    Imported via '@/components/ui/card' from file 'C:/Users/DION-SERVER/Desktop/codecanyon-FOhzjwS6-erpgo-saas-all-in-one-business-erp-with-project-account-hrm-crm-pos/main-file/packages/dionone/Account/src/Resources/js/Pages/DebitNotes/View.tsx'
    Imported via "@/components/ui/card" from file 'C:/Users/DION-SERVER/Desktop/codecanyon-FOhzjwS6-erpgo-saas-all-in-one-business-erp-with-project-account-hrm-crm-pos/main-file/packages/dionone/Account/src/Resources/js/Pages/Expenses/Index.tsx'
    Imported via '@/components/ui/card' from file 'C:/Users/DION-SERVER/Desktop/codecanyon-FOhzjwS6-erpgo-saas-all-in-one-business-erp-with-project-account-hrm-crm-pos/main-file/packages/dionone/Account/src/Resources/js/Pages/Expenses/View.tsx'
    Imported via '@/components/ui/card' from file 'C:/Users/DION-SERVER/Desktop/codecanyon-FOhzjwS6-erpgo-saas-all-in-one-business-erp-with-project-account-hrm-crm-pos/main-file/packages/dionone/Account/src/Resources/js/Pages/Reports/BillAging.tsx'
    Imported via '@/components/ui/card' from file 'C:/Users/DION-SERVER/Desktop/codecanyon-FOhzjwS6-erpgo-saas-all-in-one-business-erp-with-project-account-hrm-crm-pos/main-file/packages/dionone/Account/src/Resources/js/Pages/Reports/CustomerBalance.tsx'
    Imported via "@/components/ui/card" from file 'C:/Users/DION-SERVER/Desktop/codecanyon-FOhzjwS6-erpgo-saas-all-in-one-business-erp-with-project-account-hrm-crm-pos/main-file/packages/dionone/Account/src/Resources/js/Pages/Reports/CustomerDetail.tsx'
    Imported via '@/components/ui/card' from file 'C:/Users/DION-SERVER/Desktop/codecanyon-FOhzjwS6-erpgo-saas-all-in-one-business-erp-with-project-account-hrm-crm-pos/main-file/packages/dionone/Account/src/Resources/js/Pages/Reports/IncomeStatement.tsx'
    Imported via "@/components/ui/card" from file 'C:/Users/DION-SERVER/Desktop/codecanyon-FOhzjwS6-erpgo-saas-all-in-one-business-erp-with-project-account-hrm-crm-pos/main-file/packages/dionone/Account/src/Resources/js/Pages/Reports/Index.tsx'
    Imported via '@/components/ui/card' from file 'C:/Users/DION-SERVER/Desktop/codecanyon-FOhzjwS6-erpgo-saas-all-in-one-business-erp-with-project-account-hrm-crm-pos/main-file/packages/dionone/Account/src/Resources/js/Pages/Reports/InvoiceAging.tsx'
    Imported via '@/components/ui/card' from file 'C:/Users/DION-SERVER/Desktop/codecanyon-FOhzjwS6-erpgo-saas-all-in-one-business-erp-with-project-account-hrm-crm-pos/main-file/packages/dionone/Account/src/Resources/js/Pages/Reports/TaxSummary.tsx'
    Imported via '@/components/ui/card' from file 'C:/Users/DION-SERVER/Desktop/codecanyon-FOhzjwS6-erpgo-saas-all-in-one-business-erp-with-project-account-hrm-crm-pos/main-file/packages/dionone/Account/src/Resources/js/Pages/Reports/VendorBalance.tsx'
    Imported via "@/components/ui/card" from file 'C:/Users/DION-SERVER/Desktop/codecanyon-FOhzjwS6-erpgo-saas-all-in-one-business-erp-with-project-account-hrm-crm-pos/main-file/packages/dionone/Account/src/Resources/js/Pages/Reports/VendorDetail.tsx'
    Imported via "@/components/ui/card" from file 'C:/Users/DION-SERVER/Desktop/codecanyon-FOhzjwS6-erpgo-saas-all-in-one-business-erp-with-project-account-hrm-crm-pos/main-file/packages/dionone/Account/src/Resources/js/Pages/Revenues/Index.tsx'
    Imported via '@/components/ui/card' from file 'C:/Users/DION-SERVER/Desktop/codecanyon-FOhzjwS6-erpgo-saas-all-in-one-business-erp-with-project-account-hrm-crm-pos/main-file/packages/dionone/Account/src/Resources/js/Pages/Revenues/View.tsx'
    Imported via "@/components/ui/card" from file 'C:/Users/DION-SERVER/Desktop/codecanyon-FOhzjwS6-erpgo-saas-all-in-one-business-erp-with-project-account-hrm-crm-pos/main-file/packages/dionone/Account/src/Resources/js/Pages/SystemSetup/AccountTypes/Index.tsx'
    Imported via "@/components/ui/card" from file 'C:/Users/DION-SERVER/Desktop/codecanyon-FOhzjwS6-erpgo-saas-all-in-one-business-erp-with-project-account-hrm-crm-pos/main-file/packages/dionone/Account/src/Resources/js/Pages/SystemSetup/ExpenseCategories/Index.tsx'
    Imported via "@/components/ui/card" from file 'C:/Users/DION-SERVER/Desktop/codecanyon-FOhzjwS6-erpgo-saas-all-in-one-business-erp-with-project-account-hrm-crm-pos/main-file/packages/dionone/Account/src/Resources/js/Pages/SystemSetup/RevenueCategories/Index.tsx'
    Imported via '@/components/ui/card' from file 'C:/Users/DION-SERVER/Desktop/codecanyon-FOhzjwS6-erpgo-saas-all-in-one-business-erp-with-project-account-hrm-crm-pos/main-file/packages/dionone/Account/src/Resources/js/Pages/VendorPayments/Create.tsx'
    Imported via "@/components/ui/card" from file 'C:/Users/DION-SERVER/Desktop/codecanyon-FOhzjwS6-erpgo-saas-all-in-one-business-erp-with-project-account-hrm-crm-pos/main-file/packages/dionone/Account/src/Resources/js/Pages/VendorPayments/Index.tsx'
    Imported via '@/components/ui/card' from file 'C:/Users/DION-SERVER/Desktop/codecanyon-FOhzjwS6-erpgo-saas-all-in-one-business-erp-with-project-account-hrm-crm-pos/main-file/packages/dionone/Account/src/Resources/js/Pages/VendorPayments/View.tsx'
    Imported via "@/components/ui/card" from file 'C:/Users/DION-SERVER/Desktop/codecanyon-FOhzjwS6-erpgo-saas-all-in-one-business-erp-with-project-account-hrm-crm-pos/main-file/packages/dionone/Account/src/Resources/js/Pages/Vendors/Index.tsx'
    Imported via "@/components/ui/card" from file 'C:/Users/DION-SERVER/Desktop/codecanyon-FOhzjwS6-erpgo-saas-all-in-one-business-erp-with-project-account-hrm-crm-pos/main-file/packages/dionone/BudgetPlanner/src/Resources/js/Pages/BudgetAllocations/Index.tsx'
    Imported via "@/components/ui/card" from file 'C:/Users/DION-SERVER/Desktop/codecanyon-FOhzjwS6-erpgo-saas-all-in-one-business-erp-with-project-account-hrm-crm-pos/main-file/packages/dionone/BudgetPlanner/src/Resources/js/Pages/BudgetMonitorings/Index.tsx'
    Imported via "@/components/ui/card" from file 'C:/Users/DION-SERVER/Desktop/codecanyon-FOhzjwS6-erpgo-saas-all-in-one-business-erp-with-project-account-hrm-crm-pos/main-file/packages/dionone/BudgetPlanner/src/Resources/js/Pages/BudgetPeriods/Index.tsx'
    Imported via "@/components/ui/card" from file 'C:/Users/DION-SERVER/Desktop/codecanyon-FOhzjwS6-erpgo-saas-all-in-one-business-erp-with-project-account-hrm-crm-pos/main-file/packages/dionone/BudgetPlanner/src/Resources/js/Pages/Budgets/Index.tsx'
    Imported via '@/components/ui/card' from file 'C:/Users/DION-SERVER/Desktop/codecanyon-FOhzjwS6-erpgo-saas-all-in-one-business-erp-with-project-account-hrm-crm-pos/main-file/packages/dionone/Calendar/src/Resources/js/Pages/Calendar/Index.tsx'
    Imported via '@/components/ui/card' from file 'C:/Users/DION-SERVER/Desktop/codecanyon-FOhzjwS6-erpgo-saas-all-in-one-business-erp-with-project-account-hrm-crm-pos/main-file/packages/dionone/Calendar/src/Resources/js/settings/components/google-calendar-settings.tsx'
    Imported via "@/components/ui/card" from file 'C:/Users/DION-SERVER/Desktop/codecanyon-FOhzjwS6-erpgo-saas-all-in-one-business-erp-with-project-account-hrm-crm-pos/main-file/packages/dionone/Contract/src/Resources/js/Pages/ContractTypes/Index.tsx'
    Imported via "@/components/ui/card" from file 'C:/Users/DION-SERVER/Desktop/codecanyon-FOhzjwS6-erpgo-saas-all-in-one-business-erp-with-project-account-hrm-crm-pos/main-file/packages/dionone/Contract/src/Resources/js/Pages/Contracts/Index.tsx'
    Imported via "@/components/ui/card" from file 'C:/Users/DION-SERVER/Desktop/codecanyon-FOhzjwS6-erpgo-saas-all-in-one-business-erp-with-project-account-hrm-crm-pos/main-file/packages/dionone/Contract/src/Resources/js/Pages/Contracts/Preview.tsx'
    Imported via "@/components/ui/card" from file 'C:/Users/DION-SERVER/Desktop/codecanyon-FOhzjwS6-erpgo-saas-all-in-one-business-erp-with-project-account-hrm-crm-pos/main-file/packages/dionone/Contract/src/Resources/js/Pages/Contracts/Show.tsx'
    Imported via "@/components/ui/card" from file 'C:/Users/DION-SERVER/Desktop/codecanyon-FOhzjwS6-erpgo-saas-all-in-one-business-erp-with-project-account-hrm-crm-pos/main-file/packages/dionone/Contract/src/Resources/js/Pages/Contracts/components/AttachmentsTab.tsx'
    Imported via "@/components/ui/card" from file 'C:/Users/DION-SERVER/Desktop/codecanyon-FOhzjwS6-erpgo-saas-all-in-one-business-erp-with-project-account-hrm-crm-pos/main-file/packages/dionone/Contract/src/Resources/js/Pages/Contracts/components/CommentsTab.tsx'
    Imported via "@/components/ui/card" from file 'C:/Users/DION-SERVER/Desktop/codecanyon-FOhzjwS6-erpgo-saas-all-in-one-business-erp-with-project-account-hrm-crm-pos/main-file/packages/dionone/Contract/src/Resources/js/Pages/Contracts/components/NotesTab.tsx'
    Imported via "@/components/ui/card" from file 'C:/Users/DION-SERVER/Desktop/codecanyon-FOhzjwS6-erpgo-saas-all-in-one-business-erp-with-project-account-hrm-crm-pos/main-file/packages/dionone/Contract/src/Resources/js/Pages/Contracts/components/RenewalsTab.tsx'
    Imported via '@/components/ui/card' from file 'C:/Users/DION-SERVER/Desktop/codecanyon-FOhzjwS6-erpgo-saas-all-in-one-business-erp-with-project-account-hrm-crm-pos/main-file/packages/dionone/Contract/src/Resources/js/settings/components/contract-settings.tsx'
    Imported via "@/components/ui/card" from file 'C:/Users/DION-SERVER/Desktop/codecanyon-FOhzjwS6-erpgo-saas-all-in-one-business-erp-with-project-account-hrm-crm-pos/main-file/packages/dionone/DoubleEntry/src/Resources/js/Pages/BalanceSheets/Comparison.tsx'
    Imported via "@/components/ui/card" from file 'C:/Users/DION-SERVER/Desktop/codecanyon-FOhzjwS6-erpgo-saas-all-in-one-business-erp-with-project-account-hrm-crm-pos/main-file/packages/dionone/DoubleEntry/src/Resources/js/Pages/BalanceSheets/Comparisons.tsx'
    Imported via "@/components/ui/card" from file 'C:/Users/DION-SERVER/Desktop/codecanyon-FOhzjwS6-erpgo-saas-all-in-one-business-erp-with-project-account-hrm-crm-pos/main-file/packages/dionone/DoubleEntry/src/Resources/js/Pages/BalanceSheets/Index.tsx'
    Imported via "@/components/ui/card" from file 'C:/Users/DION-SERVER/Desktop/codecanyon-FOhzjwS6-erpgo-saas-all-in-one-business-erp-with-project-account-hrm-crm-pos/main-file/packages/dionone/DoubleEntry/src/Resources/js/Pages/BalanceSheets/View.tsx'
    Imported via "@/components/ui/card" from file 'C:/Users/DION-SERVER/Desktop/codecanyon-FOhzjwS6-erpgo-saas-all-in-one-business-erp-with-project-account-hrm-crm-pos/main-file/packages/dionone/DoubleEntry/src/Resources/js/Pages/LedgerSummary/Index.tsx'
    Imported via "@/components/ui/card" from file 'C:/Users/DION-SERVER/Desktop/codecanyon-FOhzjwS6-erpgo-saas-all-in-one-business-erp-with-project-account-hrm-crm-pos/main-file/packages/dionone/DoubleEntry/src/Resources/js/Pages/ProfitLoss/Index.tsx'
    Imported via '@/components/ui/card' from file 'C:/Users/DION-SERVER/Desktop/codecanyon-FOhzjwS6-erpgo-saas-all-in-one-business-erp-with-project-account-hrm-crm-pos/main-file/packages/dionone/DoubleEntry/src/Resources/js/Pages/Reports/AccountBalance.tsx'
    Imported via '@/components/ui/card' from file 'C:/Users/DION-SERVER/Desktop/codecanyon-FOhzjwS6-erpgo-saas-all-in-one-business-erp-with-project-account-hrm-crm-pos/main-file/packages/dionone/DoubleEntry/src/Resources/js/Pages/Reports/AccountStatement.tsx'
    Imported via '@/components/ui/card' from file 'C:/Users/DION-SERVER/Desktop/codecanyon-FOhzjwS6-erpgo-saas-all-in-one-business-erp-with-project-account-hrm-crm-pos/main-file/packages/dionone/DoubleEntry/src/Resources/js/Pages/Reports/CashFlow.tsx'
    Imported via '@/components/ui/card' from file 'C:/Users/DION-SERVER/Desktop/codecanyon-FOhzjwS6-erpgo-saas-all-in-one-business-erp-with-project-account-hrm-crm-pos/main-file/packages/dionone/DoubleEntry/src/Resources/js/Pages/Reports/ExpenseReport.tsx'
    Imported via '@/components/ui/card' from file 'C:/Users/DION-SERVER/Desktop/codecanyon-FOhzjwS6-erpgo-saas-all-in-one-business-erp-with-project-account-hrm-crm-pos/main-file/packages/dionone/DoubleEntry/src/Resources/js/Pages/Reports/GeneralLedger.tsx'
    Imported via "@/components/ui/card" from file 'C:/Users/DION-SERVER/Desktop/codecanyon-FOhzjwS6-erpgo-saas-all-in-one-business-erp-with-project-account-hrm-crm-pos/main-file/packages/dionone/DoubleEntry/src/Resources/js/Pages/Reports/Index.tsx'
    Imported via '@/components/ui/card' from file 'C:/Users/DION-SERVER/Desktop/codecanyon-FOhzjwS6-erpgo-saas-all-in-one-business-erp-with-project-account-hrm-crm-pos/main-file/packages/dionone/DoubleEntry/src/Resources/js/Pages/Reports/JournalEntry.tsx'
    Imported via "@/components/ui/card" from file 'C:/Users/DION-SERVER/Desktop/codecanyon-FOhzjwS6-erpgo-saas-all-in-one-business-erp-with-project-account-hrm-crm-pos/main-file/packages/dionone/DoubleEntry/src/Resources/js/Pages/TrialBalance/Index.tsx'
    Imported via '@/components/ui/card' from file 'C:/Users/DION-SERVER/Desktop/codecanyon-FOhzjwS6-erpgo-saas-all-in-one-business-erp-with-project-account-hrm-crm-pos/main-file/packages/dionone/FormBuilder/src/Resources/js/components/ConversionSetup.tsx'
    Imported via '@/components/ui/card' from file 'C:/Users/DION-SERVER/Desktop/codecanyon-FOhzjwS6-erpgo-saas-all-in-one-business-erp-with-project-account-hrm-crm-pos/main-file/packages/dionone/FormBuilder/src/Resources/js/Pages/Forms/Create.tsx'
    Imported via '@/components/ui/card' from file 'C:/Users/DION-SERVER/Desktop/codecanyon-FOhzjwS6-erpgo-saas-all-in-one-business-erp-with-project-account-hrm-crm-pos/main-file/packages/dionone/FormBuilder/src/Resources/js/Pages/Forms/Edit.tsx'
    Imported via '@/components/ui/card' from file 'C:/Users/DION-SERVER/Desktop/codecanyon-FOhzjwS6-erpgo-saas-all-in-one-business-erp-with-project-account-hrm-crm-pos/main-file/packages/dionone/FormBuilder/src/Resources/js/Pages/Forms/Index.tsx'
    Imported via '@/components/ui/card' from file 'C:/Users/DION-SERVER/Desktop/codecanyon-FOhzjwS6-erpgo-saas-all-in-one-business-erp-with-project-account-hrm-crm-pos/main-file/packages/dionone/FormBuilder/src/Resources/js/Pages/Forms/Responses.tsx'
    Imported via '@/components/ui/card' from file 'C:/Users/DION-SERVER/Desktop/codecanyon-FOhzjwS6-erpgo-saas-all-in-one-business-erp-with-project-account-hrm-crm-pos/main-file/packages/dionone/FormBuilder/src/Resources/js/Pages/Public/Form.tsx'
    Imported via "@/components/ui/card" from file 'C:/Users/DION-SERVER/Desktop/codecanyon-FOhzjwS6-erpgo-saas-all-in-one-business-erp-with-project-account-hrm-crm-pos/main-file/packages/dionone/Goal/src/Resources/js/Pages/Categories/Index.tsx'
    Imported via "@/components/ui/card" from file 'C:/Users/DION-SERVER/Desktop/codecanyon-FOhzjwS6-erpgo-saas-all-in-one-business-erp-with-project-account-hrm-crm-pos/main-file/packages/dionone/Goal/src/Resources/js/Pages/Contributions/Index.tsx'
    Imported via "@/components/ui/card" from file 'C:/Users/DION-SERVER/Desktop/codecanyon-FOhzjwS6-erpgo-saas-all-in-one-business-erp-with-project-account-hrm-crm-pos/main-file/packages/dionone/Goal/src/Resources/js/Pages/Goals/Index.tsx'
    Imported via '@/components/ui/card' from file 'C:/Users/DION-SERVER/Desktop/codecanyon-FOhzjwS6-erpgo-saas-all-in-one-business-erp-with-project-account-hrm-crm-pos/main-file/packages/dionone/Goal/src/Resources/js/Pages/Goals/View.tsx'
    Imported via "@/components/ui/card" from file 'C:/Users/DION-SERVER/Desktop/codecanyon-FOhzjwS6-erpgo-saas-all-in-one-business-erp-with-project-account-hrm-crm-pos/main-file/packages/dionone/Goal/src/Resources/js/Pages/Milestones/Index.tsx'
    Imported via '@/components/ui/card' from file 'C:/Users/DION-SERVER/Desktop/codecanyon-FOhzjwS6-erpgo-saas-all-in-one-business-erp-with-project-account-hrm-crm-pos/main-file/packages/dionone/Goal/src/Resources/js/Pages/Milestones/View.tsx'
    Imported via "@/components/ui/card" from file 'C:/Users/DION-SERVER/Desktop/codecanyon-FOhzjwS6-erpgo-saas-all-in-one-business-erp-with-project-account-hrm-crm-pos/main-file/packages/dionone/Goal/src/Resources/js/Pages/Tracking/Index.tsx'
    Imported via "@/components/ui/card" from file 'C:/Users/DION-SERVER/Desktop/codecanyon-FOhzjwS6-erpgo-saas-all-in-one-business-erp-with-project-account-hrm-crm-pos/main-file/packages/dionone/Goal/src/Resources/js/Pages/Tracking/View.tsx'
    Imported via '@/components/ui/card' from file 'C:/Users/DION-SERVER/Desktop/codecanyon-FOhzjwS6-erpgo-saas-all-in-one-business-erp-with-project-account-hrm-crm-pos/main-file/packages/dionone/GoogleCaptcha/src/Resources/js/settings/components/google-captcha-settings.tsx'
    Imported via '@/components/ui/card' from file 'C:/Users/DION-SERVER/Desktop/codecanyon-FOhzjwS6-erpgo-saas-all-in-one-business-erp-with-project-account-hrm-crm-pos/main-file/packages/dionone/Hrm/src/Resources/js/Pages/Index.tsx'
    Imported via "@/components/ui/card" from file 'C:/Users/DION-SERVER/Desktop/codecanyon-FOhzjwS6-erpgo-saas-all-in-one-business-erp-with-project-account-hrm-crm-pos/main-file/packages/dionone/Hrm/src/Resources/js/Pages/Acknowledgments/Index.tsx'
    Imported via "@/components/ui/card" from file 'C:/Users/DION-SERVER/Desktop/codecanyon-FOhzjwS6-erpgo-saas-all-in-one-business-erp-with-project-account-hrm-crm-pos/main-file/packages/dionone/Hrm/src/Resources/js/Pages/Announcements/Index.tsx'
    Imported via "@/components/ui/card" from file 'C:/Users/DION-SERVER/Desktop/codecanyon-FOhzjwS6-erpgo-saas-all-in-one-business-erp-with-project-account-hrm-crm-pos/main-file/packages/dionone/Hrm/src/Resources/js/Pages/Attendances/Index.tsx'
    Imported via "@/components/ui/card" from file 'C:/Users/DION-SERVER/Desktop/codecanyon-FOhzjwS6-erpgo-saas-all-in-one-business-erp-with-project-account-hrm-crm-pos/main-file/packages/dionone/Hrm/src/Resources/js/Pages/Awards/Index.tsx'
    Imported via "@/components/ui/card" from file 'C:/Users/DION-SERVER/Desktop/codecanyon-FOhzjwS6-erpgo-saas-all-in-one-business-erp-with-project-account-hrm-crm-pos/main-file/packages/dionone/Hrm/src/Resources/js/Pages/Complaints/Index.tsx'
    Imported via '@/components/ui/card' from file 'C:/Users/DION-SERVER/Desktop/codecanyon-FOhzjwS6-erpgo-saas-all-in-one-business-erp-with-project-account-hrm-crm-pos/main-file/packages/dionone/Hrm/src/Resources/js/Pages/Dashboard/company-dashboard.tsx'
    Imported via '@/components/ui/card' from file 'C:/Users/DION-SERVER/Desktop/codecanyon-FOhzjwS6-erpgo-saas-all-in-one-business-erp-with-project-account-hrm-crm-pos/main-file/packages/dionone/Hrm/src/Resources/js/Pages/Dashboard/employee-dashboard.tsx'
    Imported via "@/components/ui/card" from file 'C:/Users/DION-SERVER/Desktop/codecanyon-FOhzjwS6-erpgo-saas-all-in-one-business-erp-with-project-account-hrm-crm-pos/main-file/packages/dionone/Hrm/src/Resources/js/Pages/EmployeeTransfers/Index.tsx'
    Imported via "@/components/ui/card" from file 'C:/Users/DION-SERVER/Desktop/codecanyon-FOhzjwS6-erpgo-saas-all-in-one-business-erp-with-project-account-hrm-crm-pos/main-file/packages/dionone/Hrm/src/Resources/js/Pages/Employees/Create.tsx'
    Imported via "@/components/ui/card" from file 'C:/Users/DION-SERVER/Desktop/codecanyon-FOhzjwS6-erpgo-saas-all-in-one-business-erp-with-project-account-hrm-crm-pos/main-file/packages/dionone/Hrm/src/Resources/js/Pages/Employees/Edit.tsx'
    Imported via "@/components/ui/card" from file 'C:/Users/DION-SERVER/Desktop/codecanyon-FOhzjwS6-erpgo-saas-all-in-one-business-erp-with-project-account-hrm-crm-pos/main-file/packages/dionone/Hrm/src/Resources/js/Pages/Employees/Index.tsx'
    Imported via "@/components/ui/card" from file 'C:/Users/DION-SERVER/Desktop/codecanyon-FOhzjwS6-erpgo-saas-all-in-one-business-erp-with-project-account-hrm-crm-pos/main-file/packages/dionone/Hrm/src/Resources/js/Pages/Employees/Show.tsx'
    Imported via "@/components/ui/card" from file 'C:/Users/DION-SERVER/Desktop/codecanyon-FOhzjwS6-erpgo-saas-all-in-one-business-erp-with-project-account-hrm-crm-pos/main-file/packages/dionone/Hrm/src/Resources/js/Pages/Events/Calendar.tsx'
    Imported via "@/components/ui/card" from file 'C:/Users/DION-SERVER/Desktop/codecanyon-FOhzjwS6-erpgo-saas-all-in-one-business-erp-with-project-account-hrm-crm-pos/main-file/packages/dionone/Hrm/src/Resources/js/Pages/Events/Index.tsx'
    Imported via "@/components/ui/card" from file 'C:/Users/DION-SERVER/Desktop/codecanyon-FOhzjwS6-erpgo-saas-all-in-one-business-erp-with-project-account-hrm-crm-pos/main-file/packages/dionone/Hrm/src/Resources/js/Pages/Holidays/Index.tsx'
    Imported via "@/components/ui/card" from file 'C:/Users/DION-SERVER/Desktop/codecanyon-FOhzjwS6-erpgo-saas-all-in-one-business-erp-with-project-account-hrm-crm-pos/main-file/packages/dionone/Hrm/src/Resources/js/Pages/HrmDocuments/Index.tsx'
    Imported via "@/components/ui/card" from file 'C:/Users/DION-SERVER/Desktop/codecanyon-FOhzjwS6-erpgo-saas-all-in-one-business-erp-with-project-account-hrm-crm-pos/main-file/packages/dionone/Hrm/src/Resources/js/Pages/LeaveApplications/Index.tsx'
    Imported via "@/components/ui/card" from file 'C:/Users/DION-SERVER/Desktop/codecanyon-FOhzjwS6-erpgo-saas-all-in-one-business-erp-with-project-account-hrm-crm-pos/main-file/packages/dionone/Hrm/src/Resources/js/Pages/LeaveBalance/Index.tsx'
    Imported via "@/components/ui/card" from file 'C:/Users/DION-SERVER/Desktop/codecanyon-FOhzjwS6-erpgo-saas-all-in-one-business-erp-with-project-account-hrm-crm-pos/main-file/packages/dionone/Hrm/src/Resources/js/Pages/LeaveTypes/Index.tsx'
    Imported via "@/components/ui/card" from file 'C:/Users/DION-SERVER/Desktop/codecanyon-FOhzjwS6-erpgo-saas-all-in-one-business-erp-with-project-account-hrm-crm-pos/main-file/packages/dionone/Hrm/src/Resources/js/Pages/Payrolls/Index.tsx'
    Imported via '@/components/ui/card' from file 'C:/Users/DION-SERVER/Desktop/codecanyon-FOhzjwS6-erpgo-saas-all-in-one-business-erp-with-project-account-hrm-crm-pos/main-file/packages/dionone/Hrm/src/Resources/js/Pages/Payrolls/payslip/PayslipModal.tsx'
    Imported via "@/components/ui/card" from file 'C:/Users/DION-SERVER/Desktop/codecanyon-FOhzjwS6-erpgo-saas-all-in-one-business-erp-with-project-account-hrm-crm-pos/main-file/packages/dionone/Hrm/src/Resources/js/Pages/Payrolls/Show.tsx'
    Imported via "@/components/ui/card" from file 'C:/Users/DION-SERVER/Desktop/codecanyon-FOhzjwS6-erpgo-saas-all-in-one-business-erp-with-project-account-hrm-crm-pos/main-file/packages/dionone/Hrm/src/Resources/js/Pages/Promotions/Index.tsx'
    Imported via "@/components/ui/card" from file 'C:/Users/DION-SERVER/Desktop/codecanyon-FOhzjwS6-erpgo-saas-all-in-one-business-erp-with-project-account-hrm-crm-pos/main-file/packages/dionone/Hrm/src/Resources/js/Pages/Resignations/Index.tsx'
    Imported via "@/components/ui/card" from file 'C:/Users/DION-SERVER/Desktop/codecanyon-FOhzjwS6-erpgo-saas-all-in-one-business-erp-with-project-account-hrm-crm-pos/main-file/packages/dionone/Hrm/src/Resources/js/Pages/SetSalary/Index.tsx'
    Imported via "@/components/ui/card" from file 'C:/Users/DION-SERVER/Desktop/codecanyon-FOhzjwS6-erpgo-saas-all-in-one-business-erp-with-project-account-hrm-crm-pos/main-file/packages/dionone/Hrm/src/Resources/js/Pages/SetSalary/Show.tsx'
    Imported via "@/components/ui/card" from file 'C:/Users/DION-SERVER/Desktop/codecanyon-FOhzjwS6-erpgo-saas-all-in-one-business-erp-with-project-account-hrm-crm-pos/main-file/packages/dionone/Hrm/src/Resources/js/Pages/Shifts/Index.tsx'
    Imported via "@/components/ui/card" from file 'C:/Users/DION-SERVER/Desktop/codecanyon-FOhzjwS6-erpgo-saas-all-in-one-business-erp-with-project-account-hrm-crm-pos/main-file/packages/dionone/Hrm/src/Resources/js/Pages/SystemSetup/AllowanceTypes/Index.tsx'
    Imported via "@/components/ui/card" from file 'C:/Users/DION-SERVER/Desktop/codecanyon-FOhzjwS6-erpgo-saas-all-in-one-business-erp-with-project-account-hrm-crm-pos/main-file/packages/dionone/Hrm/src/Resources/js/Pages/SystemSetup/AnnouncementCategories/Index.tsx'
    Imported via "@/components/ui/card" from file 'C:/Users/DION-SERVER/Desktop/codecanyon-FOhzjwS6-erpgo-saas-all-in-one-business-erp-with-project-account-hrm-crm-pos/main-file/packages/dionone/Hrm/src/Resources/js/Pages/SystemSetup/AwardTypes/Index.tsx'
    Imported via "@/components/ui/card" from file 'C:/Users/DION-SERVER/Desktop/codecanyon-FOhzjwS6-erpgo-saas-all-in-one-business-erp-with-project-account-hrm-crm-pos/main-file/packages/dionone/Hrm/src/Resources/js/Pages/SystemSetup/Branches/Index.tsx'
    Imported via "@/components/ui/card" from file 'C:/Users/DION-SERVER/Desktop/codecanyon-FOhzjwS6-erpgo-saas-all-in-one-business-erp-with-project-account-hrm-crm-pos/main-file/packages/dionone/Hrm/src/Resources/js/Pages/SystemSetup/ComplaintTypes/Index.tsx'
    Imported via "@/components/ui/card" from file 'C:/Users/DION-SERVER/Desktop/codecanyon-FOhzjwS6-erpgo-saas-all-in-one-business-erp-with-project-account-hrm-crm-pos/main-file/packages/dionone/Hrm/src/Resources/js/Pages/SystemSetup/DeductionTypes/Index.tsx'
    Imported via "@/components/ui/card" from file 'C:/Users/DION-SERVER/Desktop/codecanyon-FOhzjwS6-erpgo-saas-all-in-one-business-erp-with-project-account-hrm-crm-pos/main-file/packages/dionone/Hrm/src/Resources/js/Pages/SystemSetup/Departments/Index.tsx'
    Imported via "@/components/ui/card" from file 'C:/Users/DION-SERVER/Desktop/codecanyon-FOhzjwS6-erpgo-saas-all-in-one-business-erp-with-project-account-hrm-crm-pos/main-file/packages/dionone/Hrm/src/Resources/js/Pages/SystemSetup/Designations/Index.tsx'
    Imported via "@/components/ui/card" from file 'C:/Users/DION-SERVER/Desktop/codecanyon-FOhzjwS6-erpgo-saas-all-in-one-business-erp-with-project-account-hrm-crm-pos/main-file/packages/dionone/Hrm/src/Resources/js/Pages/SystemSetup/DocumentCategories/Index.tsx'
    Imported via "@/components/ui/card" from file 'C:/Users/DION-SERVER/Desktop/codecanyon-FOhzjwS6-erpgo-saas-all-in-one-business-erp-with-project-account-hrm-crm-pos/main-file/packages/dionone/Hrm/src/Resources/js/Pages/SystemSetup/EmployeeDocumentTypes/Index.tsx'
    Imported via "@/components/ui/card" from file 'C:/Users/DION-SERVER/Desktop/codecanyon-FOhzjwS6-erpgo-saas-all-in-one-business-erp-with-project-account-hrm-crm-pos/main-file/packages/dionone/Hrm/src/Resources/js/Pages/SystemSetup/EventTypes/Index.tsx'
    Imported via "@/components/ui/card" from file 'C:/Users/DION-SERVER/Desktop/codecanyon-FOhzjwS6-erpgo-saas-all-in-one-business-erp-with-project-account-hrm-crm-pos/main-file/packages/dionone/Hrm/src/Resources/js/Pages/SystemSetup/HolidayTypes/Index.tsx'
    Imported via "@/components/ui/card" from file 'C:/Users/DION-SERVER/Desktop/codecanyon-FOhzjwS6-erpgo-saas-all-in-one-business-erp-with-project-account-hrm-crm-pos/main-file/packages/dionone/Hrm/src/Resources/js/Pages/SystemSetup/IpRestricts/Index.tsx'
    Imported via "@/components/ui/card" from file 'C:/Users/DION-SERVER/Desktop/codecanyon-FOhzjwS6-erpgo-saas-all-in-one-business-erp-with-project-account-hrm-crm-pos/main-file/packages/dionone/Hrm/src/Resources/js/Pages/SystemSetup/LoanTypes/Index.tsx'
    Imported via "@/components/ui/card" from file 'C:/Users/DION-SERVER/Desktop/codecanyon-FOhzjwS6-erpgo-saas-all-in-one-business-erp-with-project-account-hrm-crm-pos/main-file/packages/dionone/Hrm/src/Resources/js/Pages/SystemSetup/TerminationTypes/Index.tsx'
    Imported via "@/components/ui/card" from file 'C:/Users/DION-SERVER/Desktop/codecanyon-FOhzjwS6-erpgo-saas-all-in-one-business-erp-with-project-account-hrm-crm-pos/main-file/packages/dionone/Hrm/src/Resources/js/Pages/SystemSetup/WarningTypes/Index.tsx'
    Imported via "@/components/ui/card" from file 'C:/Users/DION-SERVER/Desktop/codecanyon-FOhzjwS6-erpgo-saas-all-in-one-business-erp-with-project-account-hrm-crm-pos/main-file/packages/dionone/Hrm/src/Resources/js/Pages/SystemSetup/WorkingDays/Index.tsx'
    Imported via "@/components/ui/card" from file 'C:/Users/DION-SERVER/Desktop/codecanyon-FOhzjwS6-erpgo-saas-all-in-one-business-erp-with-project-account-hrm-crm-pos/main-file/packages/dionone/Hrm/src/Resources/js/Pages/Terminations/Index.tsx'
    Imported via "@/components/ui/card" from file 'C:/Users/DION-SERVER/Desktop/codecanyon-FOhzjwS6-erpgo-saas-all-in-one-business-erp-with-project-account-hrm-crm-pos/main-file/packages/dionone/Hrm/src/Resources/js/Pages/Warnings/Index.tsx'
    Imported via '@/components/ui/card' from file 'C:/Users/DION-SERVER/Desktop/codecanyon-FOhzjwS6-erpgo-saas-all-in-one-business-erp-with-project-account-hrm-crm-pos/main-file/packages/dionone/LandingPage/src/Resources/js/Pages/Settings.tsx'
    Imported via '@/components/ui/card' from file 'C:/Users/DION-SERVER/Desktop/codecanyon-FOhzjwS6-erpgo-saas-all-in-one-business-erp-with-project-account-hrm-crm-pos/main-file/packages/dionone/LandingPage/src/Resources/js/Pages/components/settings/General.tsx'
    Imported via '@/components/ui/card' from file 'C:/Users/DION-SERVER/Desktop/codecanyon-FOhzjwS6-erpgo-saas-all-in-one-business-erp-with-project-account-hrm-crm-pos/main-file/packages/dionone/LandingPage/src/Resources/js/Pages/components/settings/Hero.tsx'
    Imported via '@/components/ui/card' from file 'C:/Users/DION-SERVER/Desktop/codecanyon-FOhzjwS6-erpgo-saas-all-in-one-business-erp-with-project-account-hrm-crm-pos/main-file/packages/dionone/LandingPage/src/Resources/js/Pages/components/settings/Header.tsx'
    Imported via '@/components/ui/card' from file 'C:/Users/DION-SERVER/Desktop/codecanyon-FOhzjwS6-erpgo-saas-all-in-one-business-erp-with-project-account-hrm-crm-pos/main-file/packages/dionone/LandingPage/src/Resources/js/Pages/components/settings/Features.tsx'
    Imported via '@/components/ui/card' from file 'C:/Users/DION-SERVER/Desktop/codecanyon-FOhzjwS6-erpgo-saas-all-in-one-business-erp-with-project-account-hrm-crm-pos/main-file/packages/dionone/LandingPage/src/Resources/js/Pages/components/settings/Stats.tsx'
    Imported via '@/components/ui/card' from file 'C:/Users/DION-SERVER/Desktop/codecanyon-FOhzjwS6-erpgo-saas-all-in-one-business-erp-with-project-account-hrm-crm-pos/main-file/packages/dionone/LandingPage/src/Resources/js/Pages/components/settings/Modules.tsx'
    Imported via '@/components/ui/card' from file 'C:/Users/DION-SERVER/Desktop/codecanyon-FOhzjwS6-erpgo-saas-all-in-one-business-erp-with-project-account-hrm-crm-pos/main-file/packages/dionone/LandingPage/src/Resources/js/Pages/components/settings/Benefits.tsx'
    Imported via '@/components/ui/card' from file 'C:/Users/DION-SERVER/Desktop/codecanyon-FOhzjwS6-erpgo-saas-all-in-one-business-erp-with-project-account-hrm-crm-pos/main-file/packages/dionone/LandingPage/src/Resources/js/Pages/components/settings/Gallery.tsx'
    Imported via '@/components/ui/card' from file 'C:/Users/DION-SERVER/Desktop/codecanyon-FOhzjwS6-erpgo-saas-all-in-one-business-erp-with-project-account-hrm-crm-pos/main-file/packages/dionone/LandingPage/src/Resources/js/Pages/components/settings/CTA.tsx'
    Imported via '@/components/ui/card' from file 'C:/Users/DION-SERVER/Desktop/codecanyon-FOhzjwS6-erpgo-saas-all-in-one-business-erp-with-project-account-hrm-crm-pos/main-file/packages/dionone/LandingPage/src/Resources/js/Pages/components/settings/Footer.tsx'
    Imported via '@/components/ui/card' from file 'C:/Users/DION-SERVER/Desktop/codecanyon-FOhzjwS6-erpgo-saas-all-in-one-business-erp-with-project-account-hrm-crm-pos/main-file/packages/dionone/LandingPage/src/Resources/js/Pages/components/settings/Order.tsx'
    Imported via '@/components/ui/card' from file 'C:/Users/DION-SERVER/Desktop/codecanyon-FOhzjwS6-erpgo-saas-all-in-one-business-erp-with-project-account-hrm-crm-pos/main-file/packages/dionone/LandingPage/src/Resources/js/Pages/components/settings/Colors.tsx'
    Imported via '@/components/ui/card' from file 'C:/Users/DION-SERVER/Desktop/codecanyon-FOhzjwS6-erpgo-saas-all-in-one-business-erp-with-project-account-hrm-crm-pos/main-file/packages/dionone/LandingPage/src/Resources/js/Pages/components/settings/Pricing.tsx'
    Imported via '@/components/ui/card' from file 'C:/Users/DION-SERVER/Desktop/codecanyon-FOhzjwS6-erpgo-saas-all-in-one-business-erp-with-project-account-hrm-crm-pos/main-file/packages/dionone/LandingPage/src/Resources/js/Pages/CustomPages/Create.tsx'
    Imported via '@/components/ui/card' from file 'C:/Users/DION-SERVER/Desktop/codecanyon-FOhzjwS6-erpgo-saas-all-in-one-business-erp-with-project-account-hrm-crm-pos/main-file/packages/dionone/LandingPage/src/Resources/js/Pages/CustomPages/Edit.tsx'
    Imported via '@/components/ui/card' from file 'C:/Users/DION-SERVER/Desktop/codecanyon-FOhzjwS6-erpgo-saas-all-in-one-business-erp-with-project-account-hrm-crm-pos/main-file/packages/dionone/LandingPage/src/Resources/js/Pages/CustomPages/Index.tsx'
    Imported via '@/components/ui/card' from file 'C:/Users/DION-SERVER/Desktop/codecanyon-FOhzjwS6-erpgo-saas-all-in-one-business-erp-with-project-account-hrm-crm-pos/main-file/packages/dionone/LandingPage/src/Resources/js/Pages/NewsletterSubscribers/Index.tsx'
    Imported via '@/components/ui/card' from file 'C:/Users/DION-SERVER/Desktop/codecanyon-FOhzjwS6-erpgo-saas-all-in-one-business-erp-with-project-account-hrm-crm-pos/main-file/packages/dionone/LandingPage/src/Resources/js/Pages/marketplace/Settings.tsx'
    Imported via '@/components/ui/card' from file 'C:/Users/DION-SERVER/Desktop/codecanyon-FOhzjwS6-erpgo-saas-all-in-one-business-erp-with-project-account-hrm-crm-pos/main-file/packages/dionone/Lead/src/Resources/js/Pages/Dashboard/ClientDashboard.tsx'
    Imported via '@/components/ui/card' from file 'C:/Users/DION-SERVER/Desktop/codecanyon-FOhzjwS6-erpgo-saas-all-in-one-business-erp-with-project-account-hrm-crm-pos/main-file/packages/dionone/Lead/src/Resources/js/Pages/Dashboard/CompanyDashboard.tsx'
    Imported via '@/components/ui/card' from file 'C:/Users/DION-SERVER/Desktop/codecanyon-FOhzjwS6-erpgo-saas-all-in-one-business-erp-with-project-account-hrm-crm-pos/main-file/packages/dionone/Lead/src/Resources/js/Pages/Dashboard/UserDashboard.tsx'
    Imported via "@/components/ui/card" from file 'C:/Users/DION-SERVER/Desktop/codecanyon-FOhzjwS6-erpgo-saas-all-in-one-business-erp-with-project-account-hrm-crm-pos/main-file/packages/dionone/Lead/src/Resources/js/Pages/Deals/Index.tsx'
    Imported via '@/components/ui/card' from file 'C:/Users/DION-SERVER/Desktop/codecanyon-FOhzjwS6-erpgo-saas-all-in-one-business-erp-with-project-account-hrm-crm-pos/main-file/packages/dionone/Lead/src/Resources/js/Pages/Deals/Show.tsx'
    Imported via '@/components/ui/card' from file 'C:/Users/DION-SERVER/Desktop/codecanyon-FOhzjwS6-erpgo-saas-all-in-one-business-erp-with-project-account-hrm-crm-pos/main-file/packages/dionone/Lead/src/Resources/js/Pages/Deals/Show/Files.tsx'
    Imported via "@/components/ui/card" from file 'C:/Users/DION-SERVER/Desktop/codecanyon-FOhzjwS6-erpgo-saas-all-in-one-business-erp-with-project-account-hrm-crm-pos/main-file/packages/dionone/Lead/src/Resources/js/Pages/Leads/Index.tsx'
    Imported via '@/components/ui/card' from file 'C:/Users/DION-SERVER/Desktop/codecanyon-FOhzjwS6-erpgo-saas-all-in-one-business-erp-with-project-account-hrm-crm-pos/main-file/packages/dionone/Lead/src/Resources/js/Pages/Leads/Show/Index.tsx'
    Imported via '@/components/ui/card' from file 'C:/Users/DION-SERVER/Desktop/codecanyon-FOhzjwS6-erpgo-saas-all-in-one-business-erp-with-project-account-hrm-crm-pos/main-file/packages/dionone/Lead/src/Resources/js/Pages/Leads/Show/Files.tsx'
    Imported via "@/components/ui/card" from file 'C:/Users/DION-SERVER/Desktop/codecanyon-FOhzjwS6-erpgo-saas-all-in-one-business-erp-with-project-account-hrm-crm-pos/main-file/packages/dionone/Lead/src/Resources/js/Pages/Reports/DealReports.tsx'
    Imported via "@/components/ui/card" from file 'C:/Users/DION-SERVER/Desktop/codecanyon-FOhzjwS6-erpgo-saas-all-in-one-business-erp-with-project-account-hrm-crm-pos/main-file/packages/dionone/Lead/src/Resources/js/Pages/Reports/Index.tsx'
    Imported via "@/components/ui/card" from file 'C:/Users/DION-SERVER/Desktop/codecanyon-FOhzjwS6-erpgo-saas-all-in-one-business-erp-with-project-account-hrm-crm-pos/main-file/packages/dionone/Lead/src/Resources/js/Pages/Reports/LeadReports.tsx'
    Imported via "@/components/ui/card" from file 'C:/Users/DION-SERVER/Desktop/codecanyon-FOhzjwS6-erpgo-saas-all-in-one-business-erp-with-project-account-hrm-crm-pos/main-file/packages/dionone/Lead/src/Resources/js/Pages/SystemSetup/DealStages/Index.tsx'
    Imported via "@/components/ui/card" from file 'C:/Users/DION-SERVER/Desktop/codecanyon-FOhzjwS6-erpgo-saas-all-in-one-business-erp-with-project-account-hrm-crm-pos/main-file/packages/dionone/Lead/src/Resources/js/Pages/SystemSetup/Labels/Index.tsx'
    Imported via "@/components/ui/card" from file 'C:/Users/DION-SERVER/Desktop/codecanyon-FOhzjwS6-erpgo-saas-all-in-one-business-erp-with-project-account-hrm-crm-pos/main-file/packages/dionone/Lead/src/Resources/js/Pages/SystemSetup/LeadStages/Index.tsx'
    Imported via "@/components/ui/card" from file 'C:/Users/DION-SERVER/Desktop/codecanyon-FOhzjwS6-erpgo-saas-all-in-one-business-erp-with-project-account-hrm-crm-pos/main-file/packages/dionone/Lead/src/Resources/js/Pages/SystemSetup/Pipelines/Index.tsx'
    Imported via "@/components/ui/card" from file 'C:/Users/DION-SERVER/Desktop/codecanyon-FOhzjwS6-erpgo-saas-all-in-one-business-erp-with-project-account-hrm-crm-pos/main-file/packages/dionone/Lead/src/Resources/js/Pages/SystemSetup/Sources/Index.tsx'
    Imported via '@/components/ui/card' from file 'C:/Users/DION-SERVER/Desktop/codecanyon-FOhzjwS6-erpgo-saas-all-in-one-business-erp-with-project-account-hrm-crm-pos/main-file/packages/dionone/Paypal/src/Resources/js/settings/components/paypal-settings.tsx'
    Imported via "@/components/ui/card" from file 'C:/Users/DION-SERVER/Desktop/codecanyon-FOhzjwS6-erpgo-saas-all-in-one-business-erp-with-project-account-hrm-crm-pos/main-file/packages/dionone/Performance/src/Resources/js/Pages/EmployeeGoals/Index.tsx'
    Imported via "@/components/ui/card" from file 'C:/Users/DION-SERVER/Desktop/codecanyon-FOhzjwS6-erpgo-saas-all-in-one-business-erp-with-project-account-hrm-crm-pos/main-file/packages/dionone/Performance/src/Resources/js/Pages/EmployeeReviews/Conduct.tsx'
    Imported via "@/components/ui/card" from file 'C:/Users/DION-SERVER/Desktop/codecanyon-FOhzjwS6-erpgo-saas-all-in-one-business-erp-with-project-account-hrm-crm-pos/main-file/packages/dionone/Performance/src/Resources/js/Pages/EmployeeReviews/Index.tsx'
    Imported via "@/components/ui/card" from file 'C:/Users/DION-SERVER/Desktop/codecanyon-FOhzjwS6-erpgo-saas-all-in-one-business-erp-with-project-account-hrm-crm-pos/main-file/packages/dionone/Performance/src/Resources/js/Pages/Indicators/Index.tsx'
    Imported via "@/components/ui/card" from file 'C:/Users/DION-SERVER/Desktop/codecanyon-FOhzjwS6-erpgo-saas-all-in-one-business-erp-with-project-account-hrm-crm-pos/main-file/packages/dionone/Performance/src/Resources/js/Pages/ReviewCycles/Index.tsx'
    Imported via "@/components/ui/card" from file 'C:/Users/DION-SERVER/Desktop/codecanyon-FOhzjwS6-erpgo-saas-all-in-one-business-erp-with-project-account-hrm-crm-pos/main-file/packages/dionone/Performance/src/Resources/js/Pages/SystemSetup/GoalTypes/Index.tsx'
    Imported via "@/components/ui/card" from file 'C:/Users/DION-SERVER/Desktop/codecanyon-FOhzjwS6-erpgo-saas-all-in-one-business-erp-with-project-account-hrm-crm-pos/main-file/packages/dionone/Performance/src/Resources/js/Pages/SystemSetup/IndicatorCategories/Index.tsx'
    Imported via '@/components/ui/card' from file 'C:/Users/DION-SERVER/Desktop/codecanyon-FOhzjwS6-erpgo-saas-all-in-one-business-erp-with-project-account-hrm-crm-pos/main-file/packages/dionone/Pos/src/Resources/js/Pages/Barcode/Index.tsx'
    Imported via '@/components/ui/card' from file 'C:/Users/DION-SERVER/Desktop/codecanyon-FOhzjwS6-erpgo-saas-all-in-one-business-erp-with-project-account-hrm-crm-pos/main-file/packages/dionone/Pos/src/Resources/js/Pages/Dashboard/ClientDashboard.tsx'
    Imported via '@/components/ui/card' from file 'C:/Users/DION-SERVER/Desktop/codecanyon-FOhzjwS6-erpgo-saas-all-in-one-business-erp-with-project-account-hrm-crm-pos/main-file/packages/dionone/Pos/src/Resources/js/Pages/Dashboard/Index.tsx'
    Imported via '@/components/ui/card' from file 'C:/Users/DION-SERVER/Desktop/codecanyon-FOhzjwS6-erpgo-saas-all-in-one-business-erp-with-project-account-hrm-crm-pos/main-file/packages/dionone/Pos/src/Resources/js/Pages/Pos/Create.tsx'
    Imported via '@/components/ui/card' from file 'C:/Users/DION-SERVER/Desktop/codecanyon-FOhzjwS6-erpgo-saas-all-in-one-business-erp-with-project-account-hrm-crm-pos/main-file/packages/dionone/Pos/src/Resources/js/Pages/PosOrder/Index.tsx'
    Imported via '@/components/ui/card' from file 'C:/Users/DION-SERVER/Desktop/codecanyon-FOhzjwS6-erpgo-saas-all-in-one-business-erp-with-project-account-hrm-crm-pos/main-file/packages/dionone/Pos/src/Resources/js/Pages/PosOrder/Show.tsx'
    Imported via '@/components/ui/card' from file 'C:/Users/DION-SERVER/Desktop/codecanyon-FOhzjwS6-erpgo-saas-all-in-one-business-erp-with-project-account-hrm-crm-pos/main-file/packages/dionone/Pos/src/Resources/js/Pages/Reports/Customers.tsx'
    Imported via '@/components/ui/card' from file 'C:/Users/DION-SERVER/Desktop/codecanyon-FOhzjwS6-erpgo-saas-all-in-one-business-erp-with-project-account-hrm-crm-pos/main-file/packages/dionone/Pos/src/Resources/js/Pages/Reports/Products.tsx'
    Imported via '@/components/ui/card' from file 'C:/Users/DION-SERVER/Desktop/codecanyon-FOhzjwS6-erpgo-saas-all-in-one-business-erp-with-project-account-hrm-crm-pos/main-file/packages/dionone/Pos/src/Resources/js/Pages/Reports/Sales.tsx'
    Imported via "@/components/ui/card" from file 'C:/Users/DION-SERVER/Desktop/codecanyon-FOhzjwS6-erpgo-saas-all-in-one-business-erp-with-project-account-hrm-crm-pos/main-file/packages/dionone/ProductService/src/Resources/js/Pages/Items/Create.tsx'
    Imported via "@/components/ui/card" from file 'C:/Users/DION-SERVER/Desktop/codecanyon-FOhzjwS6-erpgo-saas-all-in-one-business-erp-with-project-account-hrm-crm-pos/main-file/packages/dionone/ProductService/src/Resources/js/Pages/Items/Edit.tsx'
    Imported via "@/components/ui/card" from file 'C:/Users/DION-SERVER/Desktop/codecanyon-FOhzjwS6-erpgo-saas-all-in-one-business-erp-with-project-account-hrm-crm-pos/main-file/packages/dionone/ProductService/src/Resources/js/Pages/Items/Index.tsx'
    Imported via "@/components/ui/card" from file 'C:/Users/DION-SERVER/Desktop/codecanyon-FOhzjwS6-erpgo-saas-all-in-one-business-erp-with-project-account-hrm-crm-pos/main-file/packages/dionone/ProductService/src/Resources/js/Pages/Items/Show.tsx'
    Imported via "@/components/ui/card" from file 'C:/Users/DION-SERVER/Desktop/codecanyon-FOhzjwS6-erpgo-saas-all-in-one-business-erp-with-project-account-hrm-crm-pos/main-file/packages/dionone/ProductService/src/Resources/js/Pages/Stock/Index.tsx'
    Imported via "@/components/ui/card" from file 'C:/Users/DION-SERVER/Desktop/codecanyon-FOhzjwS6-erpgo-saas-all-in-one-business-erp-with-project-account-hrm-crm-pos/main-file/packages/dionone/ProductService/src/Resources/js/Pages/SystemSetup/Categories/Index.tsx'
    Imported via "@/components/ui/card" from file 'C:/Users/DION-SERVER/Desktop/codecanyon-FOhzjwS6-erpgo-saas-all-in-one-business-erp-with-project-account-hrm-crm-pos/main-file/packages/dionone/ProductService/src/Resources/js/Pages/SystemSetup/Taxes/Index.tsx'
    Imported via "@/components/ui/card" from file 'C:/Users/DION-SERVER/Desktop/codecanyon-FOhzjwS6-erpgo-saas-all-in-one-business-erp-with-project-account-hrm-crm-pos/main-file/packages/dionone/ProductService/src/Resources/js/Pages/SystemSetup/Units/Index.tsx'
    Imported via '@/components/ui/card' from file 'C:/Users/DION-SERVER/Desktop/codecanyon-FOhzjwS6-erpgo-saas-all-in-one-business-erp-with-project-account-hrm-crm-pos/main-file/packages/dionone/Quotation/src/Resources/js/Pages/Quotations/Create.tsx'
    Imported via '@/components/ui/card' from file 'C:/Users/DION-SERVER/Desktop/codecanyon-FOhzjwS6-erpgo-saas-all-in-one-business-erp-with-project-account-hrm-crm-pos/main-file/packages/dionone/Quotation/src/Resources/js/Pages/Quotations/Edit.tsx'
    Imported via "@/components/ui/card" from file 'C:/Users/DION-SERVER/Desktop/codecanyon-FOhzjwS6-erpgo-saas-all-in-one-business-erp-with-project-account-hrm-crm-pos/main-file/packages/dionone/Quotation/src/Resources/js/Pages/Quotations/Index.tsx'
    Imported via '@/components/ui/card' from file 'C:/Users/DION-SERVER/Desktop/codecanyon-FOhzjwS6-erpgo-saas-all-in-one-business-erp-with-project-account-hrm-crm-pos/main-file/packages/dionone/Quotation/src/Resources/js/Pages/Quotations/View.tsx'
    Imported via '@/components/ui/card' from file 'C:/Users/DION-SERVER/Desktop/codecanyon-FOhzjwS6-erpgo-saas-all-in-one-business-erp-with-project-account-hrm-crm-pos/main-file/packages/dionone/Recruitment/src/Resources/js/Pages/Index.tsx'
    Imported via "@/components/ui/card" from file 'C:/Users/DION-SERVER/Desktop/codecanyon-FOhzjwS6-erpgo-saas-all-in-one-business-erp-with-project-account-hrm-crm-pos/main-file/packages/dionone/Recruitment/src/Resources/js/Pages/CandidateAssessments/Index.tsx'
    Imported via "@/components/ui/card" from file 'C:/Users/DION-SERVER/Desktop/codecanyon-FOhzjwS6-erpgo-saas-all-in-one-business-erp-with-project-account-hrm-crm-pos/main-file/packages/dionone/Recruitment/src/Resources/js/Pages/CandidateOnboardings/Index.tsx'
    Imported via "@/components/ui/card" from file 'C:/Users/DION-SERVER/Desktop/codecanyon-FOhzjwS6-erpgo-saas-all-in-one-business-erp-with-project-account-hrm-crm-pos/main-file/packages/dionone/Recruitment/src/Resources/js/Pages/Candidates/Index.tsx'
    Imported via "@/components/ui/card" from file 'C:/Users/DION-SERVER/Desktop/codecanyon-FOhzjwS6-erpgo-saas-all-in-one-business-erp-with-project-account-hrm-crm-pos/main-file/packages/dionone/Recruitment/src/Resources/js/Pages/Candidates/Show.tsx'
    Imported via "@/components/ui/card" from file 'C:/Users/DION-SERVER/Desktop/codecanyon-FOhzjwS6-erpgo-saas-all-in-one-business-erp-with-project-account-hrm-crm-pos/main-file/packages/dionone/Recruitment/src/Resources/js/Pages/ChecklistItems/Index.tsx'
    Imported via "@/components/ui/card" from file 'C:/Users/DION-SERVER/Desktop/codecanyon-FOhzjwS6-erpgo-saas-all-in-one-business-erp-with-project-account-hrm-crm-pos/main-file/packages/dionone/Recruitment/src/Resources/js/Pages/CustomQuestions/Index.tsx'
    Imported via "@/components/ui/card" from file 'C:/Users/DION-SERVER/Desktop/codecanyon-FOhzjwS6-erpgo-saas-all-in-one-business-erp-with-project-account-hrm-crm-pos/main-file/packages/dionone/Recruitment/src/Resources/js/Pages/Dashboard/StaffDashboard.tsx'
    Imported via '@/components/ui/card' from file 'C:/Users/DION-SERVER/Desktop/codecanyon-FOhzjwS6-erpgo-saas-all-in-one-business-erp-with-project-account-hrm-crm-pos/main-file/packages/dionone/Recruitment/src/Resources/js/Pages/Frontend/JobApply.tsx'
    Imported via '@/components/ui/card' from file 'C:/Users/DION-SERVER/Desktop/codecanyon-FOhzjwS6-erpgo-saas-all-in-one-business-erp-with-project-account-hrm-crm-pos/main-file/packages/dionone/Recruitment/src/Resources/js/Pages/Frontend/JobDetails.tsx'
    Imported via '@/components/ui/card' from file 'C:/Users/DION-SERVER/Desktop/codecanyon-FOhzjwS6-erpgo-saas-all-in-one-business-erp-with-project-account-hrm-crm-pos/main-file/packages/dionone/Recruitment/src/Resources/js/Pages/Frontend/JobListings.tsx'
    Imported via '@/components/ui/card' from file 'C:/Users/DION-SERVER/Desktop/codecanyon-FOhzjwS6-erpgo-saas-all-in-one-business-erp-with-project-account-hrm-crm-pos/main-file/packages/dionone/Recruitment/src/Resources/js/Pages/Frontend/JobTerms.tsx'
    Imported via '@/components/ui/card' from file 'C:/Users/DION-SERVER/Desktop/codecanyon-FOhzjwS6-erpgo-saas-all-in-one-business-erp-with-project-account-hrm-crm-pos/main-file/packages/dionone/Recruitment/src/Resources/js/Pages/Frontend/NotFound.tsx'
    Imported via '@/components/ui/card' from file 'C:/Users/DION-SERVER/Desktop/codecanyon-FOhzjwS6-erpgo-saas-all-in-one-business-erp-with-project-account-hrm-crm-pos/main-file/packages/dionone/Recruitment/src/Resources/js/Pages/Frontend/Success.tsx'
    Imported via '@/components/ui/card' from file 'C:/Users/DION-SERVER/Desktop/codecanyon-FOhzjwS6-erpgo-saas-all-in-one-business-erp-with-project-account-hrm-crm-pos/main-file/packages/dionone/Recruitment/src/Resources/js/Pages/Frontend/TrackingDetails.tsx'
    Imported via '@/components/ui/card' from file 'C:/Users/DION-SERVER/Desktop/codecanyon-FOhzjwS6-erpgo-saas-all-in-one-business-erp-with-project-account-hrm-crm-pos/main-file/packages/dionone/Recruitment/src/Resources/js/Pages/Frontend/TrackingForm.tsx'
    Imported via "@/components/ui/card" from file 'C:/Users/DION-SERVER/Desktop/codecanyon-FOhzjwS6-erpgo-saas-all-in-one-business-erp-with-project-account-hrm-crm-pos/main-file/packages/dionone/Recruitment/src/Resources/js/Pages/InterviewFeedbacks/Index.tsx'
    Imported via "@/components/ui/card" from file 'C:/Users/DION-SERVER/Desktop/codecanyon-FOhzjwS6-erpgo-saas-all-in-one-business-erp-with-project-account-hrm-crm-pos/main-file/packages/dionone/Recruitment/src/Resources/js/Pages/InterviewRounds/Index.tsx'
    Imported via "@/components/ui/card" from file 'C:/Users/DION-SERVER/Desktop/codecanyon-FOhzjwS6-erpgo-saas-all-in-one-business-erp-with-project-account-hrm-crm-pos/main-file/packages/dionone/Recruitment/src/Resources/js/Pages/Interviews/Index.tsx'
    Imported via "@/components/ui/card" from file 'C:/Users/DION-SERVER/Desktop/codecanyon-FOhzjwS6-erpgo-saas-all-in-one-business-erp-with-project-account-hrm-crm-pos/main-file/packages/dionone/Recruitment/src/Resources/js/Pages/Interviews/Show.tsx'
    Imported via "@/components/ui/card" from file 'C:/Users/DION-SERVER/Desktop/codecanyon-FOhzjwS6-erpgo-saas-all-in-one-business-erp-with-project-account-hrm-crm-pos/main-file/packages/dionone/Recruitment/src/Resources/js/Pages/JobLocations/Index.tsx'
    Imported via "@/components/ui/card" from file 'C:/Users/DION-SERVER/Desktop/codecanyon-FOhzjwS6-erpgo-saas-all-in-one-business-erp-with-project-account-hrm-crm-pos/main-file/packages/dionone/Recruitment/src/Resources/js/Pages/JobPostings/Index.tsx'
    Imported via "@/components/ui/card" from file 'C:/Users/DION-SERVER/Desktop/codecanyon-FOhzjwS6-erpgo-saas-all-in-one-business-erp-with-project-account-hrm-crm-pos/main-file/packages/dionone/Recruitment/src/Resources/js/Pages/JobPostings/Show.tsx'
    Imported via "@/components/ui/card" from file 'C:/Users/DION-SERVER/Desktop/codecanyon-FOhzjwS6-erpgo-saas-all-in-one-business-erp-with-project-account-hrm-crm-pos/main-file/packages/dionone/Recruitment/src/Resources/js/Pages/Offers/ConvertToEmployee.tsx'
    Imported via "@/components/ui/card" from file 'C:/Users/DION-SERVER/Desktop/codecanyon-FOhzjwS6-erpgo-saas-all-in-one-business-erp-with-project-account-hrm-crm-pos/main-file/packages/dionone/Recruitment/src/Resources/js/Pages/Offers/Index.tsx'
    Imported via '@/components/ui/card' from file 'C:/Users/DION-SERVER/Desktop/codecanyon-FOhzjwS6-erpgo-saas-all-in-one-business-erp-with-project-account-hrm-crm-pos/main-file/packages/dionone/Recruitment/src/Resources/js/Pages/SystemSetup/AboutCompany/Index.tsx'
    Imported via '@/components/ui/card' from file 'C:/Users/DION-SERVER/Desktop/codecanyon-FOhzjwS6-erpgo-saas-all-in-one-business-erp-with-project-account-hrm-crm-pos/main-file/packages/dionone/Recruitment/src/Resources/js/Pages/SystemSetup/ApplicationTips/Index.tsx'
    Imported via '@/components/ui/card' from file 'C:/Users/DION-SERVER/Desktop/codecanyon-FOhzjwS6-erpgo-saas-all-in-one-business-erp-with-project-account-hrm-crm-pos/main-file/packages/dionone/Recruitment/src/Resources/js/Pages/SystemSetup/BrandSettings/Index.tsx'
    Imported via "@/components/ui/card" from file 'C:/Users/DION-SERVER/Desktop/codecanyon-FOhzjwS6-erpgo-saas-all-in-one-business-erp-with-project-account-hrm-crm-pos/main-file/packages/dionone/Recruitment/src/Resources/js/Pages/SystemSetup/CandidateSources/Index.tsx'
    Imported via "@/components/ui/card" from file 'C:/Users/DION-SERVER/Desktop/codecanyon-FOhzjwS6-erpgo-saas-all-in-one-business-erp-with-project-account-hrm-crm-pos/main-file/packages/dionone/Recruitment/src/Resources/js/Pages/SystemSetup/DashboardWelcomeCard/Index.tsx'
    Imported via "@/components/ui/card" from file 'C:/Users/DION-SERVER/Desktop/codecanyon-FOhzjwS6-erpgo-saas-all-in-one-business-erp-with-project-account-hrm-crm-pos/main-file/packages/dionone/Recruitment/src/Resources/js/Pages/SystemSetup/InterviewTypes/Index.tsx'
    Imported via "@/components/ui/card" from file 'C:/Users/DION-SERVER/Desktop/codecanyon-FOhzjwS6-erpgo-saas-all-in-one-business-erp-with-project-account-hrm-crm-pos/main-file/packages/dionone/Recruitment/src/Resources/js/Pages/SystemSetup/JobCategories/Index.tsx'
    Imported via "@/components/ui/card" from file 'C:/Users/DION-SERVER/Desktop/codecanyon-FOhzjwS6-erpgo-saas-all-in-one-business-erp-with-project-account-hrm-crm-pos/main-file/packages/dionone/Recruitment/src/Resources/js/Pages/SystemSetup/JobTypes/Index.tsx'
    Imported via '@/components/ui/card' from file 'C:/Users/DION-SERVER/Desktop/codecanyon-FOhzjwS6-erpgo-saas-all-in-one-business-erp-with-project-account-hrm-crm-pos/main-file/packages/dionone/Recruitment/src/Resources/js/Pages/SystemSetup/NeedHelp/Index.tsx'
    Imported via '@/components/ui/card' from file 'C:/Users/DION-SERVER/Desktop/codecanyon-FOhzjwS6-erpgo-saas-all-in-one-business-erp-with-project-account-hrm-crm-pos/main-file/packages/dionone/Recruitment/src/Resources/js/Pages/SystemSetup/OfferLetterTemplate/Index.tsx'
    Imported via "@/components/ui/card" from file 'C:/Users/DION-SERVER/Desktop/codecanyon-FOhzjwS6-erpgo-saas-all-in-one-business-erp-with-project-account-hrm-crm-pos/main-file/packages/dionone/Recruitment/src/Resources/js/Pages/SystemSetup/OnboardingChecklists/Index.tsx'
    Imported via '@/components/ui/card' from file 'C:/Users/DION-SERVER/Desktop/codecanyon-FOhzjwS6-erpgo-saas-all-in-one-business-erp-with-project-account-hrm-crm-pos/main-file/packages/dionone/Recruitment/src/Resources/js/Pages/SystemSetup/TrackingFaq/Index.tsx'
    Imported via '@/components/ui/card' from file 'C:/Users/DION-SERVER/Desktop/codecanyon-FOhzjwS6-erpgo-saas-all-in-one-business-erp-with-project-account-hrm-crm-pos/main-file/packages/dionone/Recruitment/src/Resources/js/Pages/SystemSetup/WhatHappensNext/Index.tsx'
    Imported via '@/components/ui/card' from file 'C:/Users/DION-SERVER/Desktop/codecanyon-FOhzjwS6-erpgo-saas-all-in-one-business-erp-with-project-account-hrm-crm-pos/main-file/packages/dionone/Slack/src/Resources/js/settings/components/slack-settings.tsx'
    Imported via '@/components/ui/card' from file 'C:/Users/DION-SERVER/Desktop/codecanyon-FOhzjwS6-erpgo-saas-all-in-one-business-erp-with-project-account-hrm-crm-pos/main-file/packages/dionone/Stripe/src/Resources/js/settings/components/stripe-settings.tsx'
    Imported via "@/components/ui/card" from file 'C:/Users/DION-SERVER/Desktop/codecanyon-FOhzjwS6-erpgo-saas-all-in-one-business-erp-with-project-account-hrm-crm-pos/main-file/packages/dionone/SupportTicket/src/Resources/js/Pages/Search.tsx'
    Imported via '@/components/ui/card' from file 'C:/Users/DION-SERVER/Desktop/codecanyon-FOhzjwS6-erpgo-saas-all-in-one-business-erp-with-project-account-hrm-crm-pos/main-file/packages/dionone/SupportTicket/src/Resources/js/Pages/Show.tsx'
    Imported via '@/components/ui/card' from file 'C:/Users/DION-SERVER/Desktop/codecanyon-FOhzjwS6-erpgo-saas-all-in-one-business-erp-with-project-account-hrm-crm-pos/main-file/packages/dionone/SupportTicket/src/Resources/js/Pages/Categories/Index.tsx'
    Imported via '@/components/ui/card' from file 'C:/Users/DION-SERVER/Desktop/codecanyon-FOhzjwS6-erpgo-saas-all-in-one-business-erp-with-project-account-hrm-crm-pos/main-file/packages/dionone/SupportTicket/src/Resources/js/Pages/Contact/Index.tsx'
    Imported via '@/components/ui/card' from file 'C:/Users/DION-SERVER/Desktop/codecanyon-FOhzjwS6-erpgo-saas-all-in-one-business-erp-with-project-account-hrm-crm-pos/main-file/packages/dionone/SupportTicket/src/Resources/js/Pages/Dashboard/ClientDashboard.tsx'
    Imported via '@/components/ui/card' from file 'C:/Users/DION-SERVER/Desktop/codecanyon-FOhzjwS6-erpgo-saas-all-in-one-business-erp-with-project-account-hrm-crm-pos/main-file/packages/dionone/SupportTicket/src/Resources/js/Pages/Dashboard/Index.tsx'
    Imported via '@/components/ui/card' from file 'C:/Users/DION-SERVER/Desktop/codecanyon-FOhzjwS6-erpgo-saas-all-in-one-business-erp-with-project-account-hrm-crm-pos/main-file/packages/dionone/SupportTicket/src/Resources/js/Pages/Dashboard/StaffDashboard.tsx'
    Imported via '@/components/ui/card' from file 'C:/Users/DION-SERVER/Desktop/codecanyon-FOhzjwS6-erpgo-saas-all-in-one-business-erp-with-project-account-hrm-crm-pos/main-file/packages/dionone/SupportTicket/src/Resources/js/Pages/Dashboard/VendorDashboard.tsx'
    Imported via '@/components/ui/card' from file 'C:/Users/DION-SERVER/Desktop/codecanyon-FOhzjwS6-erpgo-saas-all-in-one-business-erp-with-project-account-hrm-crm-pos/main-file/packages/dionone/SupportTicket/src/Resources/js/Pages/FAQ/Import.tsx'
    Imported via '@/components/ui/card' from file 'C:/Users/DION-SERVER/Desktop/codecanyon-FOhzjwS6-erpgo-saas-all-in-one-business-erp-with-project-account-hrm-crm-pos/main-file/packages/dionone/SupportTicket/src/Resources/js/Pages/FAQ/Index.tsx'
    Imported via "@/components/ui/card" from file 'C:/Users/DION-SERVER/Desktop/codecanyon-FOhzjwS6-erpgo-saas-all-in-one-business-erp-with-project-account-hrm-crm-pos/main-file/packages/dionone/SupportTicket/src/Resources/js/Pages/Frontend/Contact.tsx'
    Imported via "@/components/ui/card" from file 'C:/Users/DION-SERVER/Desktop/codecanyon-FOhzjwS6-erpgo-saas-all-in-one-business-erp-with-project-account-hrm-crm-pos/main-file/packages/dionone/SupportTicket/src/Resources/js/Pages/Frontend/CreateTicket.tsx'
    Imported via "@/components/ui/card" from file 'C:/Users/DION-SERVER/Desktop/codecanyon-FOhzjwS6-erpgo-saas-all-in-one-business-erp-with-project-account-hrm-crm-pos/main-file/packages/dionone/SupportTicket/src/Resources/js/Pages/Frontend/CustomPage.tsx'
    Imported via "@/components/ui/card" from file 'C:/Users/DION-SERVER/Desktop/codecanyon-FOhzjwS6-erpgo-saas-all-in-one-business-erp-with-project-account-hrm-crm-pos/main-file/packages/dionone/SupportTicket/src/Resources/js/Pages/Frontend/Faq.tsx'
    Imported via "@/components/ui/card" from file 'C:/Users/DION-SERVER/Desktop/codecanyon-FOhzjwS6-erpgo-saas-all-in-one-business-erp-with-project-account-hrm-crm-pos/main-file/packages/dionone/SupportTicket/src/Resources/js/Pages/Frontend/Index.tsx'
    Imported via "@/components/ui/card" from file 'C:/Users/DION-SERVER/Desktop/codecanyon-FOhzjwS6-erpgo-saas-all-in-one-business-erp-with-project-account-hrm-crm-pos/main-file/packages/dionone/SupportTicket/src/Resources/js/Pages/Frontend/Knowledge.tsx'
    Imported via "@/components/ui/card" from file 'C:/Users/DION-SERVER/Desktop/codecanyon-FOhzjwS6-erpgo-saas-all-in-one-business-erp-with-project-account-hrm-crm-pos/main-file/packages/dionone/SupportTicket/src/Resources/js/Pages/Frontend/KnowledgeArticle.tsx'
    Imported via "@/components/ui/card" from file 'C:/Users/DION-SERVER/Desktop/codecanyon-FOhzjwS6-erpgo-saas-all-in-one-business-erp-with-project-account-hrm-crm-pos/main-file/packages/dionone/SupportTicket/src/Resources/js/Pages/Frontend/PrivacyPolicy.tsx'
    Imported via "@/components/ui/card" from file 'C:/Users/DION-SERVER/Desktop/codecanyon-FOhzjwS6-erpgo-saas-all-in-one-business-erp-with-project-account-hrm-crm-pos/main-file/packages/dionone/SupportTicket/src/Resources/js/Pages/Frontend/SearchTicket.tsx'
    Imported via "@/components/ui/card" from file 'C:/Users/DION-SERVER/Desktop/codecanyon-FOhzjwS6-erpgo-saas-all-in-one-business-erp-with-project-account-hrm-crm-pos/main-file/packages/dionone/SupportTicket/src/Resources/js/Pages/Frontend/TermsConditions.tsx'
    Imported via '@/components/ui/card' from file 'C:/Users/DION-SERVER/Desktop/codecanyon-FOhzjwS6-erpgo-saas-all-in-one-business-erp-with-project-account-hrm-crm-pos/main-file/packages/dionone/SupportTicket/src/Resources/js/Pages/Knowledge/Import.tsx'
    Imported via '@/components/ui/card' from file 'C:/Users/DION-SERVER/Desktop/codecanyon-FOhzjwS6-erpgo-saas-all-in-one-business-erp-with-project-account-hrm-crm-pos/main-file/packages/dionone/SupportTicket/src/Resources/js/Pages/Knowledge/Index.tsx'
    Imported via "@/components/ui/card" from file 'C:/Users/DION-SERVER/Desktop/codecanyon-FOhzjwS6-erpgo-saas-all-in-one-business-erp-with-project-account-hrm-crm-pos/main-file/packages/dionone/SupportTicket/src/Resources/js/Pages/SystemSetup/cta-section.tsx'
    Imported via "@/components/ui/card" from file 'C:/Users/DION-SERVER/Desktop/codecanyon-FOhzjwS6-erpgo-saas-all-in-one-business-erp-with-project-account-hrm-crm-pos/main-file/packages/dionone/SupportTicket/src/Resources/js/Pages/SystemSetup/support-information.tsx'
    Imported via "@/components/ui/card" from file 'C:/Users/DION-SERVER/Desktop/codecanyon-FOhzjwS6-erpgo-saas-all-in-one-business-erp-with-project-account-hrm-crm-pos/main-file/packages/dionone/SupportTicket/src/Resources/js/Pages/SystemSetup/title-section.tsx'
    Imported via '@/components/ui/card' from file 'C:/Users/DION-SERVER/Desktop/codecanyon-FOhzjwS6-erpgo-saas-all-in-one-business-erp-with-project-account-hrm-crm-pos/main-file/packages/dionone/SupportTicket/src/Resources/js/Pages/SystemSetup/BrandSettings/Index.tsx'
    Imported via "@/components/ui/card" from file 'C:/Users/DION-SERVER/Desktop/codecanyon-FOhzjwS6-erpgo-saas-all-in-one-business-erp-with-project-account-hrm-crm-pos/main-file/packages/dionone/SupportTicket/src/Resources/js/Pages/SystemSetup/Categories/Index.tsx'
    Imported via "@/components/ui/card" from file 'C:/Users/DION-SERVER/Desktop/codecanyon-FOhzjwS6-erpgo-saas-all-in-one-business-erp-with-project-account-hrm-crm-pos/main-file/packages/dionone/SupportTicket/src/Resources/js/Pages/SystemSetup/ContactInformation/Index.tsx'
    Imported via "@/components/ui/card" from file 'C:/Users/DION-SERVER/Desktop/codecanyon-FOhzjwS6-erpgo-saas-all-in-one-business-erp-with-project-account-hrm-crm-pos/main-file/packages/dionone/SupportTicket/src/Resources/js/Pages/SystemSetup/CustomPages/Index.tsx'
    Imported via "@/components/ui/card" from file 'C:/Users/DION-SERVER/Desktop/codecanyon-FOhzjwS6-erpgo-saas-all-in-one-business-erp-with-project-account-hrm-crm-pos/main-file/packages/dionone/SupportTicket/src/Resources/js/Pages/SystemSetup/KnowledgeCategories/Index.tsx'
    Imported via '@/components/ui/card' from file 'C:/Users/DION-SERVER/Desktop/codecanyon-FOhzjwS6-erpgo-saas-all-in-one-business-erp-with-project-account-hrm-crm-pos/main-file/packages/dionone/SupportTicket/src/Resources/js/Pages/SystemSetup/PrivacyPolicy/Index.tsx'
    Imported via "@/components/ui/card" from file 'C:/Users/DION-SERVER/Desktop/codecanyon-FOhzjwS6-erpgo-saas-all-in-one-business-erp-with-project-account-hrm-crm-pos/main-file/packages/dionone/SupportTicket/src/Resources/js/Pages/SystemSetup/QuickLinks/Index.tsx'
    Imported via '@/components/ui/card' from file 'C:/Users/DION-SERVER/Desktop/codecanyon-FOhzjwS6-erpgo-saas-all-in-one-business-erp-with-project-account-hrm-crm-pos/main-file/packages/dionone/SupportTicket/src/Resources/js/Pages/SystemSetup/TermsConditions/Index.tsx'
    Imported via '@/components/ui/card' from file 'C:/Users/DION-SERVER/Desktop/codecanyon-FOhzjwS6-erpgo-saas-all-in-one-business-erp-with-project-account-hrm-crm-pos/main-file/packages/dionone/SupportTicket/src/Resources/js/Pages/Tickets/Create.tsx'
    Imported via '@/components/ui/card' from file 'C:/Users/DION-SERVER/Desktop/codecanyon-FOhzjwS6-erpgo-saas-all-in-one-business-erp-with-project-account-hrm-crm-pos/main-file/packages/dionone/SupportTicket/src/Resources/js/Pages/Tickets/Edit.tsx'
    Imported via '@/components/ui/card' from file 'C:/Users/DION-SERVER/Desktop/codecanyon-FOhzjwS6-erpgo-saas-all-in-one-business-erp-with-project-account-hrm-crm-pos/main-file/packages/dionone/SupportTicket/src/Resources/js/Pages/Tickets/EditReply.tsx'
    Imported via '@/components/ui/card' from file 'C:/Users/DION-SERVER/Desktop/codecanyon-FOhzjwS6-erpgo-saas-all-in-one-business-erp-with-project-account-hrm-crm-pos/main-file/packages/dionone/SupportTicket/src/Resources/js/Pages/Tickets/Index.tsx'
    Imported via '@/Components/ui/card' from file 'C:/Users/DION-SERVER/Desktop/codecanyon-FOhzjwS6-erpgo-saas-all-in-one-business-erp-with-project-account-hrm-crm-pos/main-file/packages/dionone/SupportTicket/src/Resources/js/faq/Import.tsx'
    Imported via '@/Components/ui/card' from file 'C:/Users/DION-SERVER/Desktop/codecanyon-FOhzjwS6-erpgo-saas-all-in-one-business-erp-with-project-account-hrm-crm-pos/main-file/packages/dionone/SupportTicket/src/Resources/js/knowledge/Import.tsx'
    Imported via '@/components/ui/card' from file 'C:/Users/DION-SERVER/Desktop/codecanyon-FOhzjwS6-erpgo-saas-all-in-one-business-erp-with-project-account-hrm-crm-pos/main-file/packages/dionone/SupportTicket/src/Resources/js/settings/components/support-setting.tsx'
    Imported via "@/components/ui/card" from file 'C:/Users/DION-SERVER/Desktop/codecanyon-FOhzjwS6-erpgo-saas-all-in-one-business-erp-with-project-account-hrm-crm-pos/main-file/packages/dionone/Taskly/src/Resources/js/Pages/Bugs/Index.tsx'
    Imported via "@/components/ui/card" from file 'C:/Users/DION-SERVER/Desktop/codecanyon-FOhzjwS6-erpgo-saas-all-in-one-business-erp-with-project-account-hrm-crm-pos/main-file/packages/dionone/Taskly/src/Resources/js/Pages/Dashboard/ClientDashboard.tsx'
    Imported via "@/components/ui/card" from file 'C:/Users/DION-SERVER/Desktop/codecanyon-FOhzjwS6-erpgo-saas-all-in-one-business-erp-with-project-account-hrm-crm-pos/main-file/packages/dionone/Taskly/src/Resources/js/Pages/Dashboard/CompanyDashboard.tsx'
    Imported via "@/components/ui/card" from file 'C:/Users/DION-SERVER/Desktop/codecanyon-FOhzjwS6-erpgo-saas-all-in-one-business-erp-with-project-account-hrm-crm-pos/main-file/packages/dionone/Taskly/src/Resources/js/Pages/Dashboard/StaffDashboard.tsx'
    Imported via "@/components/ui/card" from file 'C:/Users/DION-SERVER/Desktop/codecanyon-FOhzjwS6-erpgo-saas-all-in-one-business-erp-with-project-account-hrm-crm-pos/main-file/packages/dionone/Taskly/src/Resources/js/Pages/Project/Index.tsx'
    Imported via "@/components/ui/card" from file 'C:/Users/DION-SERVER/Desktop/codecanyon-FOhzjwS6-erpgo-saas-all-in-one-business-erp-with-project-account-hrm-crm-pos/main-file/packages/dionone/Taskly/src/Resources/js/Pages/Project/View.tsx'
    Imported via "@/components/ui/card" from file 'C:/Users/DION-SERVER/Desktop/codecanyon-FOhzjwS6-erpgo-saas-all-in-one-business-erp-with-project-account-hrm-crm-pos/main-file/packages/dionone/Taskly/src/Resources/js/Pages/Report/Index.tsx'
    Imported via '@/components/ui/card' from file 'C:/Users/DION-SERVER/Desktop/codecanyon-FOhzjwS6-erpgo-saas-all-in-one-business-erp-with-project-account-hrm-crm-pos/main-file/packages/dionone/Taskly/src/Resources/js/Pages/Report/View.tsx'
    Imported via "@/components/ui/card" from file 'C:/Users/DION-SERVER/Desktop/codecanyon-FOhzjwS6-erpgo-saas-all-in-one-business-erp-with-project-account-hrm-crm-pos/main-file/packages/dionone/Taskly/src/Resources/js/Pages/SystemSetup/BugStages/Index.tsx'
    Imported via "@/components/ui/card" from file 'C:/Users/DION-SERVER/Desktop/codecanyon-FOhzjwS6-erpgo-saas-all-in-one-business-erp-with-project-account-hrm-crm-pos/main-file/packages/dionone/Taskly/src/Resources/js/Pages/SystemSetup/TaskStages/Index.tsx'
    Imported via '@/components/ui/card' from file 'C:/Users/DION-SERVER/Desktop/codecanyon-FOhzjwS6-erpgo-saas-all-in-one-business-erp-with-project-account-hrm-crm-pos/main-file/packages/dionone/Taskly/src/Resources/js/Pages/Tasks/Calendar.tsx'
    Imported via "@/components/ui/card" from file 'C:/Users/DION-SERVER/Desktop/codecanyon-FOhzjwS6-erpgo-saas-all-in-one-business-erp-with-project-account-hrm-crm-pos/main-file/packages/dionone/Taskly/src/Resources/js/Pages/Tasks/Index.tsx'
    Imported via '@/components/ui/card' from file 'C:/Users/DION-SERVER/Desktop/codecanyon-FOhzjwS6-erpgo-saas-all-in-one-business-erp-with-project-account-hrm-crm-pos/main-file/packages/dionone/Taskly/src/Resources/js/Pages/Tasks/View.tsx'
    Imported via '@/components/ui/card' from file 'C:/Users/DION-SERVER/Desktop/codecanyon-FOhzjwS6-erpgo-saas-all-in-one-business-erp-with-project-account-hrm-crm-pos/main-file/packages/dionone/Telegram/src/Resources/js/settings/components/telegram-settings.tsx'
    Imported via "@/components/ui/card" from file 'C:/Users/DION-SERVER/Desktop/codecanyon-FOhzjwS6-erpgo-saas-all-in-one-business-erp-with-project-account-hrm-crm-pos/main-file/packages/dionone/Timesheet/src/Resources/js/Pages/Index.tsx'
    Imported via "@/components/ui/card" from file 'C:/Users/DION-SERVER/Desktop/codecanyon-FOhzjwS6-erpgo-saas-all-in-one-business-erp-with-project-account-hrm-crm-pos/main-file/packages/dionone/Training/src/Resources/js/Pages/feedbacks/index.tsx'
    Imported via "@/components/ui/card" from file 'C:/Users/DION-SERVER/Desktop/codecanyon-FOhzjwS6-erpgo-saas-all-in-one-business-erp-with-project-account-hrm-crm-pos/main-file/packages/dionone/Training/src/Resources/js/Pages/tasks/index.tsx'
    Imported via "@/components/ui/card" from file 'C:/Users/DION-SERVER/Desktop/codecanyon-FOhzjwS6-erpgo-saas-all-in-one-business-erp-with-project-account-hrm-crm-pos/main-file/packages/dionone/Training/src/Resources/js/Pages/trainers/index.tsx'
    Imported via "@/components/ui/card" from file 'C:/Users/DION-SERVER/Desktop/codecanyon-FOhzjwS6-erpgo-saas-all-in-one-business-erp-with-project-account-hrm-crm-pos/main-file/packages/dionone/Training/src/Resources/js/Pages/training-types/index.tsx'
    Imported via "@/components/ui/card" from file 'C:/Users/DION-SERVER/Desktop/codecanyon-FOhzjwS6-erpgo-saas-all-in-one-business-erp-with-project-account-hrm-crm-pos/main-file/packages/dionone/Training/src/Resources/js/Pages/trainings/index.tsx'
    Imported via '@/components/ui/card' from file 'C:/Users/DION-SERVER/Desktop/codecanyon-FOhzjwS6-erpgo-saas-all-in-one-business-erp-with-project-account-hrm-crm-pos/main-file/packages/dionone/Twilio/src/Resources/js/settings/components/twilio-settings.tsx'
    Imported via '@/components/ui/card' from file 'C:/Users/DION-SERVER/Desktop/codecanyon-FOhzjwS6-erpgo-saas-all-in-one-business-erp-with-project-account-hrm-crm-pos/main-file/packages/dionone/Webhook/src/Resources/js/settings/components/webhook-settings.tsx'
    Imported via "@/components/ui/card" from file 'C:/Users/DION-SERVER/Desktop/codecanyon-FOhzjwS6-erpgo-saas-all-in-one-business-erp-with-project-account-hrm-crm-pos/main-file/packages/dionone/ZoomMeeting/src/Resources/js/Pages/ZoomMeetings/Index.tsx'
    Imported via '@/components/ui/card' from file 'C:/Users/DION-SERVER/Desktop/codecanyon-FOhzjwS6-erpgo-saas-all-in-one-business-erp-with-project-account-hrm-crm-pos/main-file/packages/dionone/ZoomMeeting/src/Resources/js/settings/components/zoom-meeting-settings.tsx'
packages/dionone/SupportTicket/src/Resources/js/knowledge/Import.tsx(4,24): error TS1149: File name 'C:/Users/DION-SERVER/Desktop/codecanyon-FOhzjwS6-erpgo-saas-all-in-one-business-erp-with-project-account-hrm-crm-pos/main-file/resources/js/Components/ui/button.tsx' differs from already included file name 'C:/Users/DION-SERVER/Desktop/codecanyon-FOhzjwS6-erpgo-saas-all-in-one-business-erp-with-project-account-hrm-crm-pos/main-file/resources/js/components/ui/button.tsx' only in casing.
  The file is in the program because:
    Imported via '@/components/ui/button' from file 'C:/Users/DION-SERVER/Desktop/codecanyon-FOhzjwS6-erpgo-saas-all-in-one-business-erp-with-project-account-hrm-crm-pos/main-file/resources/js/pages/settings/components/brand-settings.tsx'
    Imported via './ui/button' from file 'C:/Users/DION-SERVER/Desktop/codecanyon-FOhzjwS6-erpgo-saas-all-in-one-business-erp-with-project-account-hrm-crm-pos/main-file/resources/js/components/MediaPicker.tsx'
    Imported via './ui/button' from file 'C:/Users/DION-SERVER/Desktop/codecanyon-FOhzjwS6-erpgo-saas-all-in-one-business-erp-with-project-account-hrm-crm-pos/main-file/resources/js/components/MediaLibraryModal.tsx'
    Imported via '@/components/ui/button' from file 'C:/Users/DION-SERVER/Desktop/codecanyon-FOhzjwS6-erpgo-saas-all-in-one-business-erp-with-project-account-hrm-crm-pos/main-file/resources/js/pages/settings/components/company-settings.tsx'
    Imported via '@/components/ui/button' from file 'C:/Users/DION-SERVER/Desktop/codecanyon-FOhzjwS6-erpgo-saas-all-in-one-business-erp-with-project-account-hrm-crm-pos/main-file/resources/js/pages/settings/components/system-settings.tsx'
    Imported via '@/components/ui/button' from file 'C:/Users/DION-SERVER/Desktop/codecanyon-FOhzjwS6-erpgo-saas-all-in-one-business-erp-with-project-account-hrm-crm-pos/main-file/resources/js/pages/settings/components/currency-settings.tsx'
    Imported via '@/components/ui/button' from file 'C:/Users/DION-SERVER/Desktop/codecanyon-FOhzjwS6-erpgo-saas-all-in-one-business-erp-with-project-account-hrm-crm-pos/main-file/resources/js/pages/settings/components/seo-settings.tsx'
    Imported via '@/components/ui/button' from file 'C:/Users/DION-SERVER/Desktop/codecanyon-FOhzjwS6-erpgo-saas-all-in-one-business-erp-with-project-account-hrm-crm-pos/main-file/resources/js/pages/settings/components/storage-settings.tsx'
    Imported via '@/components/ui/button' from file 'C:/Users/DION-SERVER/Desktop/codecanyon-FOhzjwS6-erpgo-saas-all-in-one-business-erp-with-project-account-hrm-crm-pos/main-file/resources/js/pages/settings/components/email-settings.tsx'
    Imported via '@/components/ui/button' from file 'C:/Users/DION-SERVER/Desktop/codecanyon-FOhzjwS6-erpgo-saas-all-in-one-business-erp-with-project-account-hrm-crm-pos/main-file/resources/js/pages/settings/components/pusher-settings.tsx'
    Imported via '@/components/ui/button' from file 'C:/Users/DION-SERVER/Desktop/codecanyon-FOhzjwS6-erpgo-saas-all-in-one-business-erp-with-project-account-hrm-crm-pos/main-file/resources/js/pages/settings/components/email-notification-settings.tsx'
    Imported via '@/components/ui/button' from file 'C:/Users/DION-SERVER/Desktop/codecanyon-FOhzjwS6-erpgo-saas-all-in-one-business-erp-with-project-account-hrm-crm-pos/main-file/resources/js/pages/settings/components/cookie-settings.tsx'
    Imported via '@/components/ui/button' from file 'C:/Users/DION-SERVER/Desktop/codecanyon-FOhzjwS6-erpgo-saas-all-in-one-business-erp-with-project-account-hrm-crm-pos/main-file/resources/js/pages/settings/components/bank-transfer-settings.tsx'
    Imported via '@/components/ui/button' from file 'C:/Users/DION-SERVER/Desktop/codecanyon-FOhzjwS6-erpgo-saas-all-in-one-business-erp-with-project-account-hrm-crm-pos/main-file/resources/js/pages/settings/components/cache-settings.tsx'
    Imported via './ui/button' from file 'C:/Users/DION-SERVER/Desktop/codecanyon-FOhzjwS6-erpgo-saas-all-in-one-business-erp-with-project-account-hrm-crm-pos/main-file/resources/js/components/ModuleAttachments.tsx'
    Imported via '@/components/ui/button' from file 'C:/Users/DION-SERVER/Desktop/codecanyon-FOhzjwS6-erpgo-saas-all-in-one-business-erp-with-project-account-hrm-crm-pos/main-file/resources/js/components/QRCodeModal.tsx'
    Imported via './button' from file 'C:/Users/DION-SERVER/Desktop/codecanyon-FOhzjwS6-erpgo-saas-all-in-one-business-erp-with-project-account-hrm-crm-pos/main-file/resources/js/components/ui/icon-picker.tsx'
    Imported via "@/components/ui/button" from file 'C:/Users/DION-SERVER/Desktop/codecanyon-FOhzjwS6-erpgo-saas-all-in-one-business-erp-with-project-account-hrm-crm-pos/main-file/resources/js/components/ui/sidebar.tsx'
    Imported via '@/components/ui/button' from file 'C:/Users/DION-SERVER/Desktop/codecanyon-FOhzjwS6-erpgo-saas-all-in-one-business-erp-with-project-account-hrm-crm-pos/main-file/resources/js/components/create-language-modal.tsx'
    Imported via "@/components/ui/button" from file 'C:/Users/DION-SERVER/Desktop/codecanyon-FOhzjwS6-erpgo-saas-all-in-one-business-erp-with-project-account-hrm-crm-pos/main-file/resources/js/components/nav-user.tsx'
    Imported via "@/components/ui/button" from file 'C:/Users/DION-SERVER/Desktop/codecanyon-FOhzjwS6-erpgo-saas-all-in-one-business-erp-with-project-account-hrm-crm-pos/main-file/resources/js/components/appearance-dropdown.tsx'
    Imported via '@/components/ui/button' from file 'C:/Users/DION-SERVER/Desktop/codecanyon-FOhzjwS6-erpgo-saas-all-in-one-business-erp-with-project-account-hrm-crm-pos/main-file/resources/js/components/cookie-consent.tsx'
    Imported via '@/components/ui/button' from file 'C:/Users/DION-SERVER/Desktop/codecanyon-FOhzjwS6-erpgo-saas-all-in-one-business-erp-with-project-account-hrm-crm-pos/main-file/resources/js/components/no-records-found.tsx'
    Imported via "@/components/ui/button" from file 'C:/Users/DION-SERVER/Desktop/codecanyon-FOhzjwS6-erpgo-saas-all-in-one-business-erp-with-project-account-hrm-crm-pos/main-file/resources/js/components/theme-toggle.tsx'
    Imported via '@/components/ui/button' from file 'C:/Users/DION-SERVER/Desktop/codecanyon-FOhzjwS6-erpgo-saas-all-in-one-business-erp-with-project-account-hrm-crm-pos/main-file/resources/js/components/components/QRCodeModal.tsx'
    Imported via "@/components/ui/button" from file 'C:/Users/DION-SERVER/Desktop/codecanyon-FOhzjwS6-erpgo-saas-all-in-one-business-erp-with-project-account-hrm-crm-pos/main-file/resources/js/components/components/appearance-dropdown.tsx'
    Imported via '@/components/ui/button' from file 'C:/Users/DION-SERVER/Desktop/codecanyon-FOhzjwS6-erpgo-saas-all-in-one-business-erp-with-project-account-hrm-crm-pos/main-file/resources/js/components/components/cookie-consent.tsx'
    Imported via '@/components/ui/button' from file 'C:/Users/DION-SERVER/Desktop/codecanyon-FOhzjwS6-erpgo-saas-all-in-one-business-erp-with-project-account-hrm-crm-pos/main-file/resources/js/components/components/create-language-modal.tsx'
    Imported via "@/components/ui/button" from file 'C:/Users/DION-SERVER/Desktop/codecanyon-FOhzjwS6-erpgo-saas-all-in-one-business-erp-with-project-account-hrm-crm-pos/main-file/resources/js/components/components/nav-user.tsx'
    Imported via '@/components/ui/button' from file 'C:/Users/DION-SERVER/Desktop/codecanyon-FOhzjwS6-erpgo-saas-all-in-one-business-erp-with-project-account-hrm-crm-pos/main-file/resources/js/components/components/no-records-found.tsx'
    Imported via "@/components/ui/button" from file 'C:/Users/DION-SERVER/Desktop/codecanyon-FOhzjwS6-erpgo-saas-all-in-one-business-erp-with-project-account-hrm-crm-pos/main-file/resources/js/components/components/ui/alert-dialog.tsx'
    Imported via "@/components/ui/button" from file 'C:/Users/DION-SERVER/Desktop/codecanyon-FOhzjwS6-erpgo-saas-all-in-one-business-erp-with-project-account-hrm-crm-pos/main-file/resources/js/components/ui/alert-dialog.tsx'
    Imported via "@/components/ui/button" from file 'C:/Users/DION-SERVER/Desktop/codecanyon-FOhzjwS6-erpgo-saas-all-in-one-business-erp-with-project-account-hrm-crm-pos/main-file/resources/js/components/components/ui/date-picker.tsx'
    Imported via "@/components/ui/button" from file 'C:/Users/DION-SERVER/Desktop/codecanyon-FOhzjwS6-erpgo-saas-all-in-one-business-erp-with-project-account-hrm-crm-pos/main-file/resources/js/components/components/ui/date-range-picker.tsx'
    Imported via "@/components/ui/button" from file 'C:/Users/DION-SERVER/Desktop/codecanyon-FOhzjwS6-erpgo-saas-all-in-one-business-erp-with-project-account-hrm-crm-pos/main-file/resources/js/components/components/ui/datetime-range-picker.tsx'
    Imported via "@/components/ui/button" from file 'C:/Users/DION-SERVER/Desktop/codecanyon-FOhzjwS6-erpgo-saas-all-in-one-business-erp-with-project-account-hrm-crm-pos/main-file/resources/js/components/components/ui/emoji-picker.tsx'
    Imported via "@/components/ui/button" from file 'C:/Users/DION-SERVER/Desktop/codecanyon-FOhzjwS6-erpgo-saas-all-in-one-business-erp-with-project-account-hrm-crm-pos/main-file/resources/js/components/components/ui/filter-button.tsx'
    Imported via '@/components/ui/button' from file 'C:/Users/DION-SERVER/Desktop/codecanyon-FOhzjwS6-erpgo-saas-all-in-one-business-erp-with-project-account-hrm-crm-pos/main-file/resources/js/components/components/ui/generate-code.tsx'
    Imported via '@/components/ui/button' from file 'C:/Users/DION-SERVER/Desktop/codecanyon-FOhzjwS6-erpgo-saas-all-in-one-business-erp-with-project-account-hrm-crm-pos/main-file/resources/js/components/components/ui/list-grid-toggle.tsx'
    Imported via '@/components/ui/button' from file 'C:/Users/DION-SERVER/Desktop/codecanyon-FOhzjwS6-erpgo-saas-all-in-one-business-erp-with-project-account-hrm-crm-pos/main-file/resources/js/components/components/ui/module-card.tsx'
    Imported via "@/components/ui/button" from file 'C:/Users/DION-SERVER/Desktop/codecanyon-FOhzjwS6-erpgo-saas-all-in-one-business-erp-with-project-account-hrm-crm-pos/main-file/resources/js/components/components/ui/pagination.tsx'
    Imported via "@/components/ui/button" from file 'C:/Users/DION-SERVER/Desktop/codecanyon-FOhzjwS6-erpgo-saas-all-in-one-business-erp-with-project-account-hrm-crm-pos/main-file/resources/js/components/components/ui/time-picker.tsx'
    Imported via "@/components/ui/button" from file 'C:/Users/DION-SERVER/Desktop/codecanyon-FOhzjwS6-erpgo-saas-all-in-one-business-erp-with-project-account-hrm-crm-pos/main-file/resources/js/components/components/ui/sidebar.tsx'
    Imported via "@/components/ui/button" from file 'C:/Users/DION-SERVER/Desktop/codecanyon-FOhzjwS6-erpgo-saas-all-in-one-business-erp-with-project-account-hrm-crm-pos/main-file/resources/js/components/components/ui/year-picker.tsx'
    Matched by include pattern 'resources/js/**/*.tsx' in 'C:/Users/DION-SERVER/Desktop/codecanyon-FOhzjwS6-erpgo-saas-all-in-one-business-erp-with-project-account-hrm-crm-pos/main-file/tsconfig.json'
    Imported via "./button" from file 'C:/Users/DION-SERVER/Desktop/codecanyon-FOhzjwS6-erpgo-saas-all-in-one-business-erp-with-project-account-hrm-crm-pos/main-file/resources/js/components/ui/calendar.tsx'
    Imported via './button' from file 'C:/Users/DION-SERVER/Desktop/codecanyon-FOhzjwS6-erpgo-saas-all-in-one-business-erp-with-project-account-hrm-crm-pos/main-file/resources/js/components/ui/data-table.tsx'
    Imported via "@/components/ui/button" from file 'C:/Users/DION-SERVER/Desktop/codecanyon-FOhzjwS6-erpgo-saas-all-in-one-business-erp-with-project-account-hrm-crm-pos/main-file/resources/js/components/ui/date-picker.tsx'
    Imported via "@/components/ui/button" from file 'C:/Users/DION-SERVER/Desktop/codecanyon-FOhzjwS6-erpgo-saas-all-in-one-business-erp-with-project-account-hrm-crm-pos/main-file/resources/js/components/ui/date-range-picker.tsx'
    Imported via "@/components/ui/button" from file 'C:/Users/DION-SERVER/Desktop/codecanyon-FOhzjwS6-erpgo-saas-all-in-one-business-erp-with-project-account-hrm-crm-pos/main-file/resources/js/components/ui/datetime-range-picker.tsx'
    Imported via "@/components/ui/button" from file 'C:/Users/DION-SERVER/Desktop/codecanyon-FOhzjwS6-erpgo-saas-all-in-one-business-erp-with-project-account-hrm-crm-pos/main-file/resources/js/components/ui/emoji-picker.tsx'
    Imported via "@/components/ui/button" from file 'C:/Users/DION-SERVER/Desktop/codecanyon-FOhzjwS6-erpgo-saas-all-in-one-business-erp-with-project-account-hrm-crm-pos/main-file/resources/js/components/ui/filter-button.tsx'
    Imported via '@/components/ui/button' from file 'C:/Users/DION-SERVER/Desktop/codecanyon-FOhzjwS6-erpgo-saas-all-in-one-business-erp-with-project-account-hrm-crm-pos/main-file/resources/js/components/ui/generate-code.tsx'
    Imported via './button' from file 'C:/Users/DION-SERVER/Desktop/codecanyon-FOhzjwS6-erpgo-saas-all-in-one-business-erp-with-project-account-hrm-crm-pos/main-file/resources/js/components/ui/image-slider.tsx'
    Imported via '@/components/ui/button' from file 'C:/Users/DION-SERVER/Desktop/codecanyon-FOhzjwS6-erpgo-saas-all-in-one-business-erp-with-project-account-hrm-crm-pos/main-file/resources/js/components/ui/list-grid-toggle.tsx'
    Imported via '@/components/ui/button' from file 'C:/Users/DION-SERVER/Desktop/codecanyon-FOhzjwS6-erpgo-saas-all-in-one-business-erp-with-project-account-hrm-crm-pos/main-file/resources/js/components/ui/module-card.tsx'
    Imported via "./button" from file 'C:/Users/DION-SERVER/Desktop/codecanyon-FOhzjwS6-erpgo-saas-all-in-one-business-erp-with-project-account-hrm-crm-pos/main-file/resources/js/components/ui/multi-select-enhanced.tsx'
    Imported via "@/components/ui/button" from file 'C:/Users/DION-SERVER/Desktop/codecanyon-FOhzjwS6-erpgo-saas-all-in-one-business-erp-with-project-account-hrm-crm-pos/main-file/resources/js/components/ui/pagination.tsx'
    Imported via "./button" from file 'C:/Users/DION-SERVER/Desktop/codecanyon-FOhzjwS6-erpgo-saas-all-in-one-business-erp-with-project-account-hrm-crm-pos/main-file/resources/js/components/ui/repeater.tsx'
    Imported via "@/components/ui/button" from file 'C:/Users/DION-SERVER/Desktop/codecanyon-FOhzjwS6-erpgo-saas-all-in-one-business-erp-with-project-account-hrm-crm-pos/main-file/resources/js/components/ui/time-picker.tsx'
    Imported via './button' from file 'C:/Users/DION-SERVER/Desktop/codecanyon-FOhzjwS6-erpgo-saas-all-in-one-business-erp-with-project-account-hrm-crm-pos/main-file/resources/js/components/ui/rich-text-editor.tsx'
    Imported via "./button" from file 'C:/Users/DION-SERVER/Desktop/codecanyon-FOhzjwS6-erpgo-saas-all-in-one-business-erp-with-project-account-hrm-crm-pos/main-file/resources/js/components/ui/search-input.tsx'
    Imported via "@/components/ui/button" from file 'C:/Users/DION-SERVER/Desktop/codecanyon-FOhzjwS6-erpgo-saas-all-in-one-business-erp-with-project-account-hrm-crm-pos/main-file/resources/js/components/ui/year-picker.tsx'
    Imported via "@/components/ui/button" from file 'C:/Users/DION-SERVER/Desktop/codecanyon-FOhzjwS6-erpgo-saas-all-in-one-business-erp-with-project-account-hrm-crm-pos/main-file/resources/js/layouts/authenticated-layout.tsx'
    Imported via "@/components/ui/button" from file 'C:/Users/DION-SERVER/Desktop/codecanyon-FOhzjwS6-erpgo-saas-all-in-one-business-erp-with-project-account-hrm-crm-pos/main-file/resources/js/layouts/layouts/authenticated-layout.tsx'
    Imported via '@/components/ui/button' from file 'C:/Users/DION-SERVER/Desktop/codecanyon-FOhzjwS6-erpgo-saas-all-in-one-business-erp-with-project-account-hrm-crm-pos/main-file/resources/js/pages/media-library.tsx'
    Imported via '@/components/ui/button' from file 'C:/Users/DION-SERVER/Desktop/codecanyon-FOhzjwS6-erpgo-saas-all-in-one-business-erp-with-project-account-hrm-crm-pos/main-file/resources/js/pages/EmailTemplates/Edit.tsx'
    Imported via '@/components/ui/button' from file 'C:/Users/DION-SERVER/Desktop/codecanyon-FOhzjwS6-erpgo-saas-all-in-one-business-erp-with-project-account-hrm-crm-pos/main-file/resources/js/pages/EmailTemplates/Index.tsx'
    Imported via '@/components/ui/button' from file 'C:/Users/DION-SERVER/Desktop/codecanyon-FOhzjwS6-erpgo-saas-all-in-one-business-erp-with-project-account-hrm-crm-pos/main-file/resources/js/pages/EmailTemplates/EmailTemplates/Edit.tsx'
    Imported via '@/components/ui/button' from file 'C:/Users/DION-SERVER/Desktop/codecanyon-FOhzjwS6-erpgo-saas-all-in-one-business-erp-with-project-account-hrm-crm-pos/main-file/resources/js/pages/EmailTemplates/EmailTemplates/Index.tsx'
    Imported via '@/components/ui/button' from file 'C:/Users/DION-SERVER/Desktop/codecanyon-FOhzjwS6-erpgo-saas-all-in-one-business-erp-with-project-account-hrm-crm-pos/main-file/resources/js/pages/Installer/Environment.tsx'
    Imported via '@/components/ui/button' from file 'C:/Users/DION-SERVER/Desktop/codecanyon-FOhzjwS6-erpgo-saas-all-in-one-business-erp-with-project-account-hrm-crm-pos/main-file/resources/js/pages/Installer/Installer/Environment.tsx'
    Imported via '@/components/ui/button' from file 'C:/Users/DION-SERVER/Desktop/codecanyon-FOhzjwS6-erpgo-saas-all-in-one-business-erp-with-project-account-hrm-crm-pos/main-file/resources/js/pages/MissionCommand/AffiliateEngine/Index.tsx'
    Imported via '@/components/ui/button' from file 'C:/Users/DION-SERVER/Desktop/codecanyon-FOhzjwS6-erpgo-saas-all-in-one-business-erp-with-project-account-hrm-crm-pos/main-file/resources/js/pages/MissionCommand/DionFlow/Index.tsx'
    Imported via '@/components/ui/button' from file 'C:/Users/DION-SERVER/Desktop/codecanyon-FOhzjwS6-erpgo-saas-all-in-one-business-erp-with-project-account-hrm-crm-pos/main-file/resources/js/pages/MissionCommand/SecurityAudit/Index.tsx'
    Imported via '@/components/ui/button' from file 'C:/Users/DION-SERVER/Desktop/codecanyon-FOhzjwS6-erpgo-saas-all-in-one-business-erp-with-project-account-hrm-crm-pos/main-file/resources/js/pages/MissionCommand/UnifiedInbox/Index.tsx'
    Imported via '@/components/ui/button' from file 'C:/Users/DION-SERVER/Desktop/codecanyon-FOhzjwS6-erpgo-saas-all-in-one-business-erp-with-project-account-hrm-crm-pos/main-file/resources/js/pages/Purchase/components/InvoiceItemsTable.tsx'
    Imported via '@/components/ui/button' from file 'C:/Users/DION-SERVER/Desktop/codecanyon-FOhzjwS6-erpgo-saas-all-in-one-business-erp-with-project-account-hrm-crm-pos/main-file/resources/js/pages/Purchase/Create.tsx'
    Imported via '@/components/ui/button' from file 'C:/Users/DION-SERVER/Desktop/codecanyon-FOhzjwS6-erpgo-saas-all-in-one-business-erp-with-project-account-hrm-crm-pos/main-file/resources/js/pages/Purchase/Edit.tsx'
    Imported via '@/components/ui/button' from file 'C:/Users/DION-SERVER/Desktop/codecanyon-FOhzjwS6-erpgo-saas-all-in-one-business-erp-with-project-account-hrm-crm-pos/main-file/resources/js/pages/Purchase/Index.tsx'
    Imported via '@/components/ui/button' from file 'C:/Users/DION-SERVER/Desktop/codecanyon-FOhzjwS6-erpgo-saas-all-in-one-business-erp-with-project-account-hrm-crm-pos/main-file/resources/js/pages/Purchase/View.tsx'
    Imported via '@/components/ui/button' from file 'C:/Users/DION-SERVER/Desktop/codecanyon-FOhzjwS6-erpgo-saas-all-in-one-business-erp-with-project-account-hrm-crm-pos/main-file/resources/js/pages/Purchase/Purchase/components/InvoiceItemsTable.tsx'
    Imported via '@/components/ui/button' from file 'C:/Users/DION-SERVER/Desktop/codecanyon-FOhzjwS6-erpgo-saas-all-in-one-business-erp-with-project-account-hrm-crm-pos/main-file/resources/js/pages/Purchase/Purchase/Create.tsx'
    Imported via '@/components/ui/button' from file 'C:/Users/DION-SERVER/Desktop/codecanyon-FOhzjwS6-erpgo-saas-all-in-one-business-erp-with-project-account-hrm-crm-pos/main-file/resources/js/pages/Purchase/Purchase/Edit.tsx'
    Imported via '@/components/ui/button' from file 'C:/Users/DION-SERVER/Desktop/codecanyon-FOhzjwS6-erpgo-saas-all-in-one-business-erp-with-project-account-hrm-crm-pos/main-file/resources/js/pages/Purchase/Purchase/Index.tsx'
    Imported via '@/components/ui/button' from file 'C:/Users/DION-SERVER/Desktop/codecanyon-FOhzjwS6-erpgo-saas-all-in-one-business-erp-with-project-account-hrm-crm-pos/main-file/resources/js/pages/Purchase/Purchase/View.tsx'
    Imported via '@/components/ui/button' from file 'C:/Users/DION-SERVER/Desktop/codecanyon-FOhzjwS6-erpgo-saas-all-in-one-business-erp-with-project-account-hrm-crm-pos/main-file/resources/js/pages/PurchaseReturns/Create.tsx'
    Imported via '@/components/ui/button' from file 'C:/Users/DION-SERVER/Desktop/codecanyon-FOhzjwS6-erpgo-saas-all-in-one-business-erp-with-project-account-hrm-crm-pos/main-file/resources/js/pages/PurchaseReturns/Index.tsx'
    Imported via '@/components/ui/button' from file 'C:/Users/DION-SERVER/Desktop/codecanyon-FOhzjwS6-erpgo-saas-all-in-one-business-erp-with-project-account-hrm-crm-pos/main-file/resources/js/pages/PurchaseReturns/View.tsx'
    Imported via '@/components/ui/button' from file 'C:/Users/DION-SERVER/Desktop/codecanyon-FOhzjwS6-erpgo-saas-all-in-one-business-erp-with-project-account-hrm-crm-pos/main-file/resources/js/pages/PurchaseReturns/PurchaseReturns/Create.tsx'
    Imported via '@/components/ui/button' from file 'C:/Users/DION-SERVER/Desktop/codecanyon-FOhzjwS6-erpgo-saas-all-in-one-business-erp-with-project-account-hrm-crm-pos/main-file/resources/js/pages/PurchaseReturns/PurchaseReturns/Index.tsx'
    Imported via '@/components/ui/button' from file 'C:/Users/DION-SERVER/Desktop/codecanyon-FOhzjwS6-erpgo-saas-all-in-one-business-erp-with-project-account-hrm-crm-pos/main-file/resources/js/pages/PurchaseReturns/PurchaseReturns/View.tsx'
    Imported via '@/components/ui/button' from file 'C:/Users/DION-SERVER/Desktop/codecanyon-FOhzjwS6-erpgo-saas-all-in-one-business-erp-with-project-account-hrm-crm-pos/main-file/resources/js/pages/Sales/components/InvoiceItemsTable.tsx'
    Imported via '@/components/ui/button' from file 'C:/Users/DION-SERVER/Desktop/codecanyon-FOhzjwS6-erpgo-saas-all-in-one-business-erp-with-project-account-hrm-crm-pos/main-file/resources/js/pages/Sales/Create.tsx'
    Imported via '@/components/ui/button' from file 'C:/Users/DION-SERVER/Desktop/codecanyon-FOhzjwS6-erpgo-saas-all-in-one-business-erp-with-project-account-hrm-crm-pos/main-file/resources/js/pages/Sales/Edit.tsx'
    Imported via '@/components/ui/button' from file 'C:/Users/DION-SERVER/Desktop/codecanyon-FOhzjwS6-erpgo-saas-all-in-one-business-erp-with-project-account-hrm-crm-pos/main-file/resources/js/pages/Sales/Index.tsx'
    Imported via '@/components/ui/button' from file 'C:/Users/DION-SERVER/Desktop/codecanyon-FOhzjwS6-erpgo-saas-all-in-one-business-erp-with-project-account-hrm-crm-pos/main-file/resources/js/pages/Sales/View.tsx'
    Imported via '@/components/ui/button' from file 'C:/Users/DION-SERVER/Desktop/codecanyon-FOhzjwS6-erpgo-saas-all-in-one-business-erp-with-project-account-hrm-crm-pos/main-file/resources/js/pages/Sales/Sales/components/InvoiceItemsTable.tsx'
    Imported via '@/components/ui/button' from file 'C:/Users/DION-SERVER/Desktop/codecanyon-FOhzjwS6-erpgo-saas-all-in-one-business-erp-with-project-account-hrm-crm-pos/main-file/resources/js/pages/Sales/Sales/Create.tsx'
    Imported via '@/components/ui/button' from file 'C:/Users/DION-SERVER/Desktop/codecanyon-FOhzjwS6-erpgo-saas-all-in-one-business-erp-with-project-account-hrm-crm-pos/main-file/resources/js/pages/Sales/Sales/Edit.tsx'
    Imported via '@/components/ui/button' from file 'C:/Users/DION-SERVER/Desktop/codecanyon-FOhzjwS6-erpgo-saas-all-in-one-business-erp-with-project-account-hrm-crm-pos/main-file/resources/js/pages/Sales/Sales/Index.tsx'
    Imported via '@/components/ui/button' from file 'C:/Users/DION-SERVER/Desktop/codecanyon-FOhzjwS6-erpgo-saas-all-in-one-business-erp-with-project-account-hrm-crm-pos/main-file/resources/js/pages/Sales/Sales/View.tsx'
    Imported via '@/components/ui/button' from file 'C:/Users/DION-SERVER/Desktop/codecanyon-FOhzjwS6-erpgo-saas-all-in-one-business-erp-with-project-account-hrm-crm-pos/main-file/resources/js/pages/SalesProposals/Create.tsx'
    Imported via '@/components/ui/button' from file 'C:/Users/DION-SERVER/Desktop/codecanyon-FOhzjwS6-erpgo-saas-all-in-one-business-erp-with-project-account-hrm-crm-pos/main-file/resources/js/pages/SalesProposals/Edit.tsx'
    Imported via "@/components/ui/button" from file 'C:/Users/DION-SERVER/Desktop/codecanyon-FOhzjwS6-erpgo-saas-all-in-one-business-erp-with-project-account-hrm-crm-pos/main-file/resources/js/pages/SalesProposals/Index.tsx'
    Imported via '@/components/ui/button' from file 'C:/Users/DION-SERVER/Desktop/codecanyon-FOhzjwS6-erpgo-saas-all-in-one-business-erp-with-project-account-hrm-crm-pos/main-file/resources/js/pages/SalesProposals/View.tsx'
    Imported via '@/components/ui/button' from file 'C:/Users/DION-SERVER/Desktop/codecanyon-FOhzjwS6-erpgo-saas-all-in-one-business-erp-with-project-account-hrm-crm-pos/main-file/resources/js/pages/SalesProposals/SalesProposals/Create.tsx'
    Imported via '@/components/ui/button' from file 'C:/Users/DION-SERVER/Desktop/codecanyon-FOhzjwS6-erpgo-saas-all-in-one-business-erp-with-project-account-hrm-crm-pos/main-file/resources/js/pages/SalesProposals/SalesProposals/Edit.tsx'
    Imported via "@/components/ui/button" from file 'C:/Users/DION-SERVER/Desktop/codecanyon-FOhzjwS6-erpgo-saas-all-in-one-business-erp-with-project-account-hrm-crm-pos/main-file/resources/js/pages/SalesProposals/SalesProposals/Index.tsx'
    Imported via '@/components/ui/button' from file 'C:/Users/DION-SERVER/Desktop/codecanyon-FOhzjwS6-erpgo-saas-all-in-one-business-erp-with-project-account-hrm-crm-pos/main-file/resources/js/pages/SalesProposals/SalesProposals/View.tsx'
    Imported via '@/components/ui/button' from file 'C:/Users/DION-SERVER/Desktop/codecanyon-FOhzjwS6-erpgo-saas-all-in-one-business-erp-with-project-account-hrm-crm-pos/main-file/resources/js/pages/SalesReturns/Create.tsx'
    Imported via '@/components/ui/button' from file 'C:/Users/DION-SERVER/Desktop/codecanyon-FOhzjwS6-erpgo-saas-all-in-one-business-erp-with-project-account-hrm-crm-pos/main-file/resources/js/pages/SalesReturns/Index.tsx'
    Imported via '@/components/ui/button' from file 'C:/Users/DION-SERVER/Desktop/codecanyon-FOhzjwS6-erpgo-saas-all-in-one-business-erp-with-project-account-hrm-crm-pos/main-file/resources/js/pages/SalesReturns/View.tsx'
    Imported via '@/components/ui/button' from file 'C:/Users/DION-SERVER/Desktop/codecanyon-FOhzjwS6-erpgo-saas-all-in-one-business-erp-with-project-account-hrm-crm-pos/main-file/resources/js/pages/SalesReturns/SalesReturns/Create.tsx'
    Imported via '@/components/ui/button' from file 'C:/Users/DION-SERVER/Desktop/codecanyon-FOhzjwS6-erpgo-saas-all-in-one-business-erp-with-project-account-hrm-crm-pos/main-file/resources/js/pages/SalesReturns/SalesReturns/Index.tsx'
    Imported via '@/components/ui/button' from file 'C:/Users/DION-SERVER/Desktop/codecanyon-FOhzjwS6-erpgo-saas-all-in-one-business-erp-with-project-account-hrm-crm-pos/main-file/resources/js/pages/SalesReturns/SalesReturns/View.tsx'
    Imported via '@/components/ui/button' from file 'C:/Users/DION-SERVER/Desktop/codecanyon-FOhzjwS6-erpgo-saas-all-in-one-business-erp-with-project-account-hrm-crm-pos/main-file/resources/js/pages/Transfers/Index.tsx'
    Imported via "@/components/ui/button" from file 'C:/Users/DION-SERVER/Desktop/codecanyon-FOhzjwS6-erpgo-saas-all-in-one-business-erp-with-project-account-hrm-crm-pos/main-file/resources/js/pages/Transfers/create.tsx'
    Imported via '@/components/ui/button' from file 'C:/Users/DION-SERVER/Desktop/codecanyon-FOhzjwS6-erpgo-saas-all-in-one-business-erp-with-project-account-hrm-crm-pos/main-file/resources/js/pages/Transfers/Transfers/Index.tsx'
    Imported via "@/components/ui/button" from file 'C:/Users/DION-SERVER/Desktop/codecanyon-FOhzjwS6-erpgo-saas-all-in-one-business-erp-with-project-account-hrm-crm-pos/main-file/resources/js/pages/Transfers/Transfers/create.tsx'
    Imported via '@/components/ui/button' from file 'C:/Users/DION-SERVER/Desktop/codecanyon-FOhzjwS6-erpgo-saas-all-in-one-business-erp-with-project-account-hrm-crm-pos/main-file/resources/js/pages/Updater/Index.tsx'
    Imported via '@/components/ui/button' from file 'C:/Users/DION-SERVER/Desktop/codecanyon-FOhzjwS6-erpgo-saas-all-in-one-business-erp-with-project-account-hrm-crm-pos/main-file/resources/js/pages/Updater/Updater/Index.tsx'
    Imported via '@/components/ui/button' from file 'C:/Users/DION-SERVER/Desktop/codecanyon-FOhzjwS6-erpgo-saas-all-in-one-business-erp-with-project-account-hrm-crm-pos/main-file/resources/js/pages/auth/confirm-password.tsx'
    Imported via '@/components/ui/button' from file 'C:/Users/DION-SERVER/Desktop/codecanyon-FOhzjwS6-erpgo-saas-all-in-one-business-erp-with-project-account-hrm-crm-pos/main-file/resources/js/pages/auth/forgot-password.tsx'
    Imported via "@/components/ui/button" from file 'C:/Users/DION-SERVER/Desktop/codecanyon-FOhzjwS6-erpgo-saas-all-in-one-business-erp-with-project-account-hrm-crm-pos/main-file/resources/js/pages/auth/login.tsx'
    Imported via '@/components/ui/button' from file 'C:/Users/DION-SERVER/Desktop/codecanyon-FOhzjwS6-erpgo-saas-all-in-one-business-erp-with-project-account-hrm-crm-pos/main-file/resources/js/pages/auth/register.tsx'
    Imported via '@/components/ui/button' from file 'C:/Users/DION-SERVER/Desktop/codecanyon-FOhzjwS6-erpgo-saas-all-in-one-business-erp-with-project-account-hrm-crm-pos/main-file/resources/js/pages/auth/reset-password.tsx'
    Imported via '@/components/ui/button' from file 'C:/Users/DION-SERVER/Desktop/codecanyon-FOhzjwS6-erpgo-saas-all-in-one-business-erp-with-project-account-hrm-crm-pos/main-file/resources/js/pages/auth/verify-email.tsx'
    Imported via '@/components/ui/button' from file 'C:/Users/DION-SERVER/Desktop/codecanyon-FOhzjwS6-erpgo-saas-all-in-one-business-erp-with-project-account-hrm-crm-pos/main-file/resources/js/pages/auth/auth/confirm-password.tsx'
    Imported via '@/components/ui/button' from file 'C:/Users/DION-SERVER/Desktop/codecanyon-FOhzjwS6-erpgo-saas-all-in-one-business-erp-with-project-account-hrm-crm-pos/main-file/resources/js/pages/auth/auth/forgot-password.tsx'
    Imported via "@/components/ui/button" from file 'C:/Users/DION-SERVER/Desktop/codecanyon-FOhzjwS6-erpgo-saas-all-in-one-business-erp-with-project-account-hrm-crm-pos/main-file/resources/js/pages/auth/auth/login.tsx'
    Imported via '@/components/ui/button' from file 'C:/Users/DION-SERVER/Desktop/codecanyon-FOhzjwS6-erpgo-saas-all-in-one-business-erp-with-project-account-hrm-crm-pos/main-file/resources/js/pages/auth/auth/register.tsx'
    Imported via '@/components/ui/button' from file 'C:/Users/DION-SERVER/Desktop/codecanyon-FOhzjwS6-erpgo-saas-all-in-one-business-erp-with-project-account-hrm-crm-pos/main-file/resources/js/pages/auth/auth/reset-password.tsx'
    Imported via '@/components/ui/button' from file 'C:/Users/DION-SERVER/Desktop/codecanyon-FOhzjwS6-erpgo-saas-all-in-one-business-erp-with-project-account-hrm-crm-pos/main-file/resources/js/pages/auth/auth/verify-email.tsx'
    Imported via '@/components/ui/button' from file 'C:/Users/DION-SERVER/Desktop/codecanyon-FOhzjwS6-erpgo-saas-all-in-one-business-erp-with-project-account-hrm-crm-pos/main-file/resources/js/pages/bank-transfer/index.tsx'
    Imported via '@/components/ui/button' from file 'C:/Users/DION-SERVER/Desktop/codecanyon-FOhzjwS6-erpgo-saas-all-in-one-business-erp-with-project-account-hrm-crm-pos/main-file/resources/js/pages/bank-transfer/bank-transfer/index.tsx'
    Imported via '@/components/ui/button' from file 'C:/Users/DION-SERVER/Desktop/codecanyon-FOhzjwS6-erpgo-saas-all-in-one-business-erp-with-project-account-hrm-crm-pos/main-file/resources/js/pages/coupons/create.tsx'
    Imported via '@/components/ui/button' from file 'C:/Users/DION-SERVER/Desktop/codecanyon-FOhzjwS6-erpgo-saas-all-in-one-business-erp-with-project-account-hrm-crm-pos/main-file/resources/js/pages/coupons/details.tsx'
    Imported via '@/components/ui/button' from file 'C:/Users/DION-SERVER/Desktop/codecanyon-FOhzjwS6-erpgo-saas-all-in-one-business-erp-with-project-account-hrm-crm-pos/main-file/resources/js/pages/coupons/edit.tsx'
    Imported via '@/components/ui/button' from file 'C:/Users/DION-SERVER/Desktop/codecanyon-FOhzjwS6-erpgo-saas-all-in-one-business-erp-with-project-account-hrm-crm-pos/main-file/resources/js/pages/coupons/index.tsx'
    Imported via '@/components/ui/button' from file 'C:/Users/DION-SERVER/Desktop/codecanyon-FOhzjwS6-erpgo-saas-all-in-one-business-erp-with-project-account-hrm-crm-pos/main-file/resources/js/pages/coupons/coupons/create.tsx'
    Imported via '@/components/ui/button' from file 'C:/Users/DION-SERVER/Desktop/codecanyon-FOhzjwS6-erpgo-saas-all-in-one-business-erp-with-project-account-hrm-crm-pos/main-file/resources/js/pages/coupons/coupons/details.tsx'
    Imported via '@/components/ui/button' from file 'C:/Users/DION-SERVER/Desktop/codecanyon-FOhzjwS6-erpgo-saas-all-in-one-business-erp-with-project-account-hrm-crm-pos/main-file/resources/js/pages/coupons/coupons/edit.tsx'
    Imported via '@/components/ui/button' from file 'C:/Users/DION-SERVER/Desktop/codecanyon-FOhzjwS6-erpgo-saas-all-in-one-business-erp-with-project-account-hrm-crm-pos/main-file/resources/js/pages/coupons/coupons/index.tsx'
    Imported via "@/components/ui/button" from file 'C:/Users/DION-SERVER/Desktop/codecanyon-FOhzjwS6-erpgo-saas-all-in-one-business-erp-with-project-account-hrm-crm-pos/main-file/resources/js/pages/helpdesk/categories/create.tsx'
    Imported via "@/components/ui/button" from file 'C:/Users/DION-SERVER/Desktop/codecanyon-FOhzjwS6-erpgo-saas-all-in-one-business-erp-with-project-account-hrm-crm-pos/main-file/resources/js/pages/helpdesk/categories/edit.tsx'
    Imported via "@/components/ui/button" from file 'C:/Users/DION-SERVER/Desktop/codecanyon-FOhzjwS6-erpgo-saas-all-in-one-business-erp-with-project-account-hrm-crm-pos/main-file/resources/js/pages/helpdesk/categories/index.tsx'
    Imported via "@/components/ui/button" from file 'C:/Users/DION-SERVER/Desktop/codecanyon-FOhzjwS6-erpgo-saas-all-in-one-business-erp-with-project-account-hrm-crm-pos/main-file/resources/js/pages/helpdesk/components/ChatMessage.tsx'
    Imported via "@/components/ui/button" from file 'C:/Users/DION-SERVER/Desktop/codecanyon-FOhzjwS6-erpgo-saas-all-in-one-business-erp-with-project-account-hrm-crm-pos/main-file/resources/js/pages/helpdesk/components/ReplyForm.tsx'
    Imported via "@/components/ui/button" from file 'C:/Users/DION-SERVER/Desktop/codecanyon-FOhzjwS6-erpgo-saas-all-in-one-business-erp-with-project-account-hrm-crm-pos/main-file/resources/js/pages/helpdesk/helpdesk/categories/create.tsx'
    Imported via "@/components/ui/button" from file 'C:/Users/DION-SERVER/Desktop/codecanyon-FOhzjwS6-erpgo-saas-all-in-one-business-erp-with-project-account-hrm-crm-pos/main-file/resources/js/pages/helpdesk/helpdesk/categories/edit.tsx'
    Imported via "@/components/ui/button" from file 'C:/Users/DION-SERVER/Desktop/codecanyon-FOhzjwS6-erpgo-saas-all-in-one-business-erp-with-project-account-hrm-crm-pos/main-file/resources/js/pages/helpdesk/helpdesk/categories/index.tsx'
    Imported via "@/components/ui/button" from file 'C:/Users/DION-SERVER/Desktop/codecanyon-FOhzjwS6-erpgo-saas-all-in-one-business-erp-with-project-account-hrm-crm-pos/main-file/resources/js/pages/helpdesk/helpdesk/components/ChatMessage.tsx'
    Imported via "@/components/ui/button" from file 'C:/Users/DION-SERVER/Desktop/codecanyon-FOhzjwS6-erpgo-saas-all-in-one-business-erp-with-project-account-hrm-crm-pos/main-file/resources/js/pages/helpdesk/helpdesk/components/ReplyForm.tsx'
    Imported via "@/components/ui/button" from file 'C:/Users/DION-SERVER/Desktop/codecanyon-FOhzjwS6-erpgo-saas-all-in-one-business-erp-with-project-account-hrm-crm-pos/main-file/resources/js/pages/helpdesk/helpdesk/tickets/create.tsx'
    Imported via "@/components/ui/button" from file 'C:/Users/DION-SERVER/Desktop/codecanyon-FOhzjwS6-erpgo-saas-all-in-one-business-erp-with-project-account-hrm-crm-pos/main-file/resources/js/pages/helpdesk/helpdesk/tickets/edit.tsx'
    Imported via '@/components/ui/button' from file 'C:/Users/DION-SERVER/Desktop/codecanyon-FOhzjwS6-erpgo-saas-all-in-one-business-erp-with-project-account-hrm-crm-pos/main-file/resources/js/pages/helpdesk/helpdesk/tickets/index.tsx'
    Imported via "@/components/ui/button" from file 'C:/Users/DION-SERVER/Desktop/codecanyon-FOhzjwS6-erpgo-saas-all-in-one-business-erp-with-project-account-hrm-crm-pos/main-file/resources/js/pages/helpdesk/tickets/create.tsx'
    Imported via "@/components/ui/button" from file 'C:/Users/DION-SERVER/Desktop/codecanyon-FOhzjwS6-erpgo-saas-all-in-one-business-erp-with-project-account-hrm-crm-pos/main-file/resources/js/pages/helpdesk/tickets/edit.tsx'
    Imported via '@/components/ui/button' from file 'C:/Users/DION-SERVER/Desktop/codecanyon-FOhzjwS6-erpgo-saas-all-in-one-business-erp-with-project-account-hrm-crm-pos/main-file/resources/js/pages/helpdesk/tickets/index.tsx'
    Imported via '@/components/ui/button' from file 'C:/Users/DION-SERVER/Desktop/codecanyon-FOhzjwS6-erpgo-saas-all-in-one-business-erp-with-project-account-hrm-crm-pos/main-file/resources/js/pages/languages/manage.tsx'
    Imported via '@/components/ui/button' from file 'C:/Users/DION-SERVER/Desktop/codecanyon-FOhzjwS6-erpgo-saas-all-in-one-business-erp-with-project-account-hrm-crm-pos/main-file/resources/js/pages/languages/languages/manage.tsx'
    Imported via '@/components/ui/button' from file 'C:/Users/DION-SERVER/Desktop/codecanyon-FOhzjwS6-erpgo-saas-all-in-one-business-erp-with-project-account-hrm-crm-pos/main-file/resources/js/pages/messenger/index.tsx'
    Imported via '@/components/ui/button' from file 'C:/Users/DION-SERVER/Desktop/codecanyon-FOhzjwS6-erpgo-saas-all-in-one-business-erp-with-project-account-hrm-crm-pos/main-file/resources/js/pages/messenger/messenger/index.tsx'
    Imported via '@/components/ui/button' from file 'C:/Users/DION-SERVER/Desktop/codecanyon-FOhzjwS6-erpgo-saas-all-in-one-business-erp-with-project-account-hrm-crm-pos/main-file/resources/js/pages/mission-command/Gamification.tsx'
    Imported via '@/components/ui/button' from file 'C:/Users/DION-SERVER/Desktop/codecanyon-FOhzjwS6-erpgo-saas-all-in-one-business-erp-with-project-account-hrm-crm-pos/main-file/resources/js/pages/mission-command/NotificationsHub.tsx'
    Imported via '@/components/ui/button' from file 'C:/Users/DION-SERVER/Desktop/codecanyon-FOhzjwS6-erpgo-saas-all-in-one-business-erp-with-project-account-hrm-crm-pos/main-file/resources/js/pages/modules/index.tsx'
    Imported via '@/components/ui/button' from file 'C:/Users/DION-SERVER/Desktop/codecanyon-FOhzjwS6-erpgo-saas-all-in-one-business-erp-with-project-account-hrm-crm-pos/main-file/resources/js/pages/modules/upload.tsx'
    Imported via '@/components/ui/button' from file 'C:/Users/DION-SERVER/Desktop/codecanyon-FOhzjwS6-erpgo-saas-all-in-one-business-erp-with-project-account-hrm-crm-pos/main-file/resources/js/pages/modules/modules/index.tsx'
    Imported via '@/components/ui/button' from file 'C:/Users/DION-SERVER/Desktop/codecanyon-FOhzjwS6-erpgo-saas-all-in-one-business-erp-with-project-account-hrm-crm-pos/main-file/resources/js/pages/modules/modules/upload.tsx'
    Imported via '@/components/ui/button' from file 'C:/Users/DION-SERVER/Desktop/codecanyon-FOhzjwS6-erpgo-saas-all-in-one-business-erp-with-project-account-hrm-crm-pos/main-file/resources/js/pages/notification-templates/Edit.tsx'
    Imported via '@/components/ui/button' from file 'C:/Users/DION-SERVER/Desktop/codecanyon-FOhzjwS6-erpgo-saas-all-in-one-business-erp-with-project-account-hrm-crm-pos/main-file/resources/js/pages/notification-templates/Index.tsx'
    Imported via '@/components/ui/button' from file 'C:/Users/DION-SERVER/Desktop/codecanyon-FOhzjwS6-erpgo-saas-all-in-one-business-erp-with-project-account-hrm-crm-pos/main-file/resources/js/pages/notification-templates/notification-templates/Edit.tsx'
    Imported via '@/components/ui/button' from file 'C:/Users/DION-SERVER/Desktop/codecanyon-FOhzjwS6-erpgo-saas-all-in-one-business-erp-with-project-account-hrm-crm-pos/main-file/resources/js/pages/notification-templates/notification-templates/Index.tsx'
    Imported via '@/components/ui/button' from file 'C:/Users/DION-SERVER/Desktop/codecanyon-FOhzjwS6-erpgo-saas-all-in-one-business-erp-with-project-account-hrm-crm-pos/main-file/resources/js/pages/orders/index.tsx'
    Imported via '@/components/ui/button' from file 'C:/Users/DION-SERVER/Desktop/codecanyon-FOhzjwS6-erpgo-saas-all-in-one-business-erp-with-project-account-hrm-crm-pos/main-file/resources/js/pages/orders/orders/index.tsx'
    Imported via '@/components/ui/button' from file 'C:/Users/DION-SERVER/Desktop/codecanyon-FOhzjwS6-erpgo-saas-all-in-one-business-erp-with-project-account-hrm-crm-pos/main-file/resources/js/pages/plans/form.tsx'
    Imported via '@/components/ui/button' from file 'C:/Users/DION-SERVER/Desktop/codecanyon-FOhzjwS6-erpgo-saas-all-in-one-business-erp-with-project-account-hrm-crm-pos/main-file/resources/js/pages/plans/index.tsx'
    Imported via '@/components/ui/button' from file 'C:/Users/DION-SERVER/Desktop/codecanyon-FOhzjwS6-erpgo-saas-all-in-one-business-erp-with-project-account-hrm-crm-pos/main-file/resources/js/pages/plans/subscription-layout.tsx'
    Imported via '@/components/ui/button' from file 'C:/Users/DION-SERVER/Desktop/codecanyon-FOhzjwS6-erpgo-saas-all-in-one-business-erp-with-project-account-hrm-crm-pos/main-file/resources/js/pages/plans/plans/form.tsx'
    Imported via '@/components/ui/button' from file 'C:/Users/DION-SERVER/Desktop/codecanyon-FOhzjwS6-erpgo-saas-all-in-one-business-erp-with-project-account-hrm-crm-pos/main-file/resources/js/pages/plans/plans/index.tsx'
    Imported via '@/components/ui/button' from file 'C:/Users/DION-SERVER/Desktop/codecanyon-FOhzjwS6-erpgo-saas-all-in-one-business-erp-with-project-account-hrm-crm-pos/main-file/resources/js/pages/plans/plans/subscription-layout.tsx'
    Imported via "@/components/ui/button" from file 'C:/Users/DION-SERVER/Desktop/codecanyon-FOhzjwS6-erpgo-saas-all-in-one-business-erp-with-project-account-hrm-crm-pos/main-file/resources/js/pages/profile/partials/update-password-form.tsx'
    Imported via "@/components/ui/button" from file 'C:/Users/DION-SERVER/Desktop/codecanyon-FOhzjwS6-erpgo-saas-all-in-one-business-erp-with-project-account-hrm-crm-pos/main-file/resources/js/pages/profile/partials/update-profile-information-form.tsx'
    Imported via "@/components/ui/button" from file 'C:/Users/DION-SERVER/Desktop/codecanyon-FOhzjwS6-erpgo-saas-all-in-one-business-erp-with-project-account-hrm-crm-pos/main-file/resources/js/pages/profile/profile/partials/update-password-form.tsx'
    Imported via "@/components/ui/button" from file 'C:/Users/DION-SERVER/Desktop/codecanyon-FOhzjwS6-erpgo-saas-all-in-one-business-erp-with-project-account-hrm-crm-pos/main-file/resources/js/pages/profile/profile/partials/update-profile-information-form.tsx'
    Imported via '@/components/ui/button' from file 'C:/Users/DION-SERVER/Desktop/codecanyon-FOhzjwS6-erpgo-saas-all-in-one-business-erp-with-project-account-hrm-crm-pos/main-file/resources/js/pages/roles/create.tsx'
    Imported via '@/components/ui/button' from file 'C:/Users/DION-SERVER/Desktop/codecanyon-FOhzjwS6-erpgo-saas-all-in-one-business-erp-with-project-account-hrm-crm-pos/main-file/resources/js/pages/roles/edit.tsx'
    Imported via '@/components/ui/button' from file 'C:/Users/DION-SERVER/Desktop/codecanyon-FOhzjwS6-erpgo-saas-all-in-one-business-erp-with-project-account-hrm-crm-pos/main-file/resources/js/pages/roles/index.tsx'
    Imported via '@/components/ui/button' from file 'C:/Users/DION-SERVER/Desktop/codecanyon-FOhzjwS6-erpgo-saas-all-in-one-business-erp-with-project-account-hrm-crm-pos/main-file/resources/js/pages/roles/roles/create.tsx'
    Imported via '@/components/ui/button' from file 'C:/Users/DION-SERVER/Desktop/codecanyon-FOhzjwS6-erpgo-saas-all-in-one-business-erp-with-project-account-hrm-crm-pos/main-file/resources/js/pages/roles/roles/edit.tsx'
    Imported via '@/components/ui/button' from file 'C:/Users/DION-SERVER/Desktop/codecanyon-FOhzjwS6-erpgo-saas-all-in-one-business-erp-with-project-account-hrm-crm-pos/main-file/resources/js/pages/roles/roles/index.tsx'
    Imported via '@/components/ui/button' from file 'C:/Users/DION-SERVER/Desktop/codecanyon-FOhzjwS6-erpgo-saas-all-in-one-business-erp-with-project-account-hrm-crm-pos/main-file/resources/js/pages/settings/index.tsx'
    Imported via '@/components/ui/button' from file 'C:/Users/DION-SERVER/Desktop/codecanyon-FOhzjwS6-erpgo-saas-all-in-one-business-erp-with-project-account-hrm-crm-pos/main-file/resources/js/pages/settings/settings/index.tsx'
    Imported via '@/components/ui/button' from file 'C:/Users/DION-SERVER/Desktop/codecanyon-FOhzjwS6-erpgo-saas-all-in-one-business-erp-with-project-account-hrm-crm-pos/main-file/resources/js/pages/settings/settings/components/bank-transfer-settings.tsx'
    Imported via '@/components/ui/button' from file 'C:/Users/DION-SERVER/Desktop/codecanyon-FOhzjwS6-erpgo-saas-all-in-one-business-erp-with-project-account-hrm-crm-pos/main-file/resources/js/pages/settings/settings/components/brand-settings.tsx'
    Imported via '@/components/ui/button' from file 'C:/Users/DION-SERVER/Desktop/codecanyon-FOhzjwS6-erpgo-saas-all-in-one-business-erp-with-project-account-hrm-crm-pos/main-file/resources/js/pages/settings/settings/components/cache-settings.tsx'
    Imported via '@/components/ui/button' from file 'C:/Users/DION-SERVER/Desktop/codecanyon-FOhzjwS6-erpgo-saas-all-in-one-business-erp-with-project-account-hrm-crm-pos/main-file/resources/js/pages/settings/settings/components/company-settings.tsx'
    Imported via '@/components/ui/button' from file 'C:/Users/DION-SERVER/Desktop/codecanyon-FOhzjwS6-erpgo-saas-all-in-one-business-erp-with-project-account-hrm-crm-pos/main-file/resources/js/pages/settings/settings/components/cookie-settings.tsx'
    Imported via '@/components/ui/button' from file 'C:/Users/DION-SERVER/Desktop/codecanyon-FOhzjwS6-erpgo-saas-all-in-one-business-erp-with-project-account-hrm-crm-pos/main-file/resources/js/pages/settings/settings/components/currency-settings.tsx'
    Imported via '@/components/ui/button' from file 'C:/Users/DION-SERVER/Desktop/codecanyon-FOhzjwS6-erpgo-saas-all-in-one-business-erp-with-project-account-hrm-crm-pos/main-file/resources/js/pages/settings/settings/components/email-notification-settings.tsx'
    Imported via '@/components/ui/button' from file 'C:/Users/DION-SERVER/Desktop/codecanyon-FOhzjwS6-erpgo-saas-all-in-one-business-erp-with-project-account-hrm-crm-pos/main-file/resources/js/pages/settings/settings/components/email-settings.tsx'
    Imported via '@/components/ui/button' from file 'C:/Users/DION-SERVER/Desktop/codecanyon-FOhzjwS6-erpgo-saas-all-in-one-business-erp-with-project-account-hrm-crm-pos/main-file/resources/js/pages/settings/settings/components/pusher-settings.tsx'
    Imported via '@/components/ui/button' from file 'C:/Users/DION-SERVER/Desktop/codecanyon-FOhzjwS6-erpgo-saas-all-in-one-business-erp-with-project-account-hrm-crm-pos/main-file/resources/js/pages/settings/settings/components/seo-settings.tsx'
    Imported via '@/components/ui/button' from file 'C:/Users/DION-SERVER/Desktop/codecanyon-FOhzjwS6-erpgo-saas-all-in-one-business-erp-with-project-account-hrm-crm-pos/main-file/resources/js/pages/settings/settings/components/storage-settings.tsx'
    Imported via '@/components/ui/button' from file 'C:/Users/DION-SERVER/Desktop/codecanyon-FOhzjwS6-erpgo-saas-all-in-one-business-erp-with-project-account-hrm-crm-pos/main-file/resources/js/pages/settings/settings/components/system-settings.tsx'
    Imported via '@/components/ui/button' from file 'C:/Users/DION-SERVER/Desktop/codecanyon-FOhzjwS6-erpgo-saas-all-in-one-business-erp-with-project-account-hrm-crm-pos/main-file/resources/js/pages/users/assign-plan.tsx'
    Imported via "@/components/ui/button" from file 'C:/Users/DION-SERVER/Desktop/codecanyon-FOhzjwS6-erpgo-saas-all-in-one-business-erp-with-project-account-hrm-crm-pos/main-file/resources/js/pages/users/change-password.tsx'
    Imported via "@/components/ui/button" from file 'C:/Users/DION-SERVER/Desktop/codecanyon-FOhzjwS6-erpgo-saas-all-in-one-business-erp-with-project-account-hrm-crm-pos/main-file/resources/js/pages/users/create.tsx'
    Imported via "@/components/ui/button" from file 'C:/Users/DION-SERVER/Desktop/codecanyon-FOhzjwS6-erpgo-saas-all-in-one-business-erp-with-project-account-hrm-crm-pos/main-file/resources/js/pages/users/edit.tsx'
    Imported via '@/components/ui/button' from file 'C:/Users/DION-SERVER/Desktop/codecanyon-FOhzjwS6-erpgo-saas-all-in-one-business-erp-with-project-account-hrm-crm-pos/main-file/resources/js/pages/users/index.tsx'
    Imported via '@/components/ui/button' from file 'C:/Users/DION-SERVER/Desktop/codecanyon-FOhzjwS6-erpgo-saas-all-in-one-business-erp-with-project-account-hrm-crm-pos/main-file/resources/js/pages/users/login-history.tsx'
    Imported via "@/components/ui/button" from file 'C:/Users/DION-SERVER/Desktop/codecanyon-FOhzjwS6-erpgo-saas-all-in-one-business-erp-with-project-account-hrm-crm-pos/main-file/resources/js/pages/users/users/change-password.tsx'
    Imported via "@/components/ui/button" from file 'C:/Users/DION-SERVER/Desktop/codecanyon-FOhzjwS6-erpgo-saas-all-in-one-business-erp-with-project-account-hrm-crm-pos/main-file/resources/js/pages/users/users/create.tsx'
    Imported via "@/components/ui/button" from file 'C:/Users/DION-SERVER/Desktop/codecanyon-FOhzjwS6-erpgo-saas-all-in-one-business-erp-with-project-account-hrm-crm-pos/main-file/resources/js/pages/users/users/edit.tsx'
    Imported via '@/components/ui/button' from file 'C:/Users/DION-SERVER/Desktop/codecanyon-FOhzjwS6-erpgo-saas-all-in-one-business-erp-with-project-account-hrm-crm-pos/main-file/resources/js/pages/users/users/index.tsx'
    Imported via '@/components/ui/button' from file 'C:/Users/DION-SERVER/Desktop/codecanyon-FOhzjwS6-erpgo-saas-all-in-one-business-erp-with-project-account-hrm-crm-pos/main-file/resources/js/pages/users/users/login-history.tsx'
    Imported via "@/components/ui/button" from file 'C:/Users/DION-SERVER/Desktop/codecanyon-FOhzjwS6-erpgo-saas-all-in-one-business-erp-with-project-account-hrm-crm-pos/main-file/resources/js/pages/warehouses/create.tsx'
    Imported via "@/components/ui/button" from file 'C:/Users/DION-SERVER/Desktop/codecanyon-FOhzjwS6-erpgo-saas-all-in-one-business-erp-with-project-account-hrm-crm-pos/main-file/resources/js/pages/warehouses/edit.tsx'
    Imported via '@/components/ui/button' from file 'C:/Users/DION-SERVER/Desktop/codecanyon-FOhzjwS6-erpgo-saas-all-in-one-business-erp-with-project-account-hrm-crm-pos/main-file/resources/js/pages/warehouses/index.tsx'
    Imported via "@/components/ui/button" from file 'C:/Users/DION-SERVER/Desktop/codecanyon-FOhzjwS6-erpgo-saas-all-in-one-business-erp-with-project-account-hrm-crm-pos/main-file/resources/js/pages/warehouses/warehouses/create.tsx'
    Imported via "@/components/ui/button" from file 'C:/Users/DION-SERVER/Desktop/codecanyon-FOhzjwS6-erpgo-saas-all-in-one-business-erp-with-project-account-hrm-crm-pos/main-file/resources/js/pages/warehouses/warehouses/edit.tsx'
    Imported via '@/components/ui/button' from file 'C:/Users/DION-SERVER/Desktop/codecanyon-FOhzjwS6-erpgo-saas-all-in-one-business-erp-with-project-account-hrm-crm-pos/main-file/resources/js/pages/warehouses/warehouses/index.tsx'
    Imported via '@/components/ui/button' from file 'C:/Users/DION-SERVER/Desktop/codecanyon-FOhzjwS6-erpgo-saas-all-in-one-business-erp-with-project-account-hrm-crm-pos/main-file/packages/dionone/AIAssistant/src/Resources/js/components/AIGenerationModal.tsx'
    Imported via '@/components/ui/button' from file 'C:/Users/DION-SERVER/Desktop/codecanyon-FOhzjwS6-erpgo-saas-all-in-one-business-erp-with-project-account-hrm-crm-pos/main-file/packages/dionone/AIAssistant/src/Resources/js/hooks/useAIField.tsx'
    Imported via '@/components/ui/button' from file 'C:/Users/DION-SERVER/Desktop/codecanyon-FOhzjwS6-erpgo-saas-all-in-one-business-erp-with-project-account-hrm-crm-pos/main-file/packages/dionone/AIAssistant/src/Resources/js/settings/components/ai-assistant-settings.tsx'
    Imported via "@/components/ui/button" from file 'C:/Users/DION-SERVER/Desktop/codecanyon-FOhzjwS6-erpgo-saas-all-in-one-business-erp-with-project-account-hrm-crm-pos/main-file/packages/dionone/Account/src/Resources/js/Pages/BankAccounts/Create.tsx'
    Imported via "@/components/ui/button" from file 'C:/Users/DION-SERVER/Desktop/codecanyon-FOhzjwS6-erpgo-saas-all-in-one-business-erp-with-project-account-hrm-crm-pos/main-file/packages/dionone/Account/src/Resources/js/Pages/BankAccounts/Edit.tsx'
    Imported via '@/components/ui/button' from file 'C:/Users/DION-SERVER/Desktop/codecanyon-FOhzjwS6-erpgo-saas-all-in-one-business-erp-with-project-account-hrm-crm-pos/main-file/packages/dionone/Account/src/Resources/js/Pages/BankAccounts/Index.tsx'
    Imported via '@/components/ui/button' from file 'C:/Users/DION-SERVER/Desktop/codecanyon-FOhzjwS6-erpgo-saas-all-in-one-business-erp-with-project-account-hrm-crm-pos/main-file/packages/dionone/Account/src/Resources/js/Pages/BankTransactions/Index.tsx'
    Imported via '@/components/ui/button' from file 'C:/Users/DION-SERVER/Desktop/codecanyon-FOhzjwS6-erpgo-saas-all-in-one-business-erp-with-project-account-hrm-crm-pos/main-file/packages/dionone/Account/src/Resources/js/Pages/BankTransfers/Create.tsx'
    Imported via '@/components/ui/button' from file 'C:/Users/DION-SERVER/Desktop/codecanyon-FOhzjwS6-erpgo-saas-all-in-one-business-erp-with-project-account-hrm-crm-pos/main-file/packages/dionone/Account/src/Resources/js/Pages/BankTransfers/Edit.tsx'
    Imported via '@/components/ui/button' from file 'C:/Users/DION-SERVER/Desktop/codecanyon-FOhzjwS6-erpgo-saas-all-in-one-business-erp-with-project-account-hrm-crm-pos/main-file/packages/dionone/Account/src/Resources/js/Pages/BankTransfers/Index.tsx'
    Imported via "@/components/ui/button" from file 'C:/Users/DION-SERVER/Desktop/codecanyon-FOhzjwS6-erpgo-saas-all-in-one-business-erp-with-project-account-hrm-crm-pos/main-file/packages/dionone/Account/src/Resources/js/Pages/ChartOfAccounts/Create.tsx'
    Imported via "@/components/ui/button" from file 'C:/Users/DION-SERVER/Desktop/codecanyon-FOhzjwS6-erpgo-saas-all-in-one-business-erp-with-project-account-hrm-crm-pos/main-file/packages/dionone/Account/src/Resources/js/Pages/ChartOfAccounts/Edit.tsx'
    Imported via '@/components/ui/button' from file 'C:/Users/DION-SERVER/Desktop/codecanyon-FOhzjwS6-erpgo-saas-all-in-one-business-erp-with-project-account-hrm-crm-pos/main-file/packages/dionone/Account/src/Resources/js/Pages/ChartOfAccounts/Index.tsx'
    Imported via "@/components/ui/button" from file 'C:/Users/DION-SERVER/Desktop/codecanyon-FOhzjwS6-erpgo-saas-all-in-one-business-erp-with-project-account-hrm-crm-pos/main-file/packages/dionone/Account/src/Resources/js/Pages/ChartOfAccounts/Show.tsx'
    Imported via '@/components/ui/button' from file 'C:/Users/DION-SERVER/Desktop/codecanyon-FOhzjwS6-erpgo-saas-all-in-one-business-erp-with-project-account-hrm-crm-pos/main-file/packages/dionone/Account/src/Resources/js/Pages/CreditNotes/Create.tsx'
    Imported via '@/components/ui/button' from file 'C:/Users/DION-SERVER/Desktop/codecanyon-FOhzjwS6-erpgo-saas-all-in-one-business-erp-with-project-account-hrm-crm-pos/main-file/packages/dionone/Account/src/Resources/js/Pages/CreditNotes/Index.tsx'
    Imported via '@/components/ui/button' from file 'C:/Users/DION-SERVER/Desktop/codecanyon-FOhzjwS6-erpgo-saas-all-in-one-business-erp-with-project-account-hrm-crm-pos/main-file/packages/dionone/Account/src/Resources/js/Pages/CreditNotes/View.tsx'
    Imported via '@/components/ui/button' from file 'C:/Users/DION-SERVER/Desktop/codecanyon-FOhzjwS6-erpgo-saas-all-in-one-business-erp-with-project-account-hrm-crm-pos/main-file/packages/dionone/Account/src/Resources/js/Pages/CustomerPayments/Create.tsx'
    Imported via '@/components/ui/button' from file 'C:/Users/DION-SERVER/Desktop/codecanyon-FOhzjwS6-erpgo-saas-all-in-one-business-erp-with-project-account-hrm-crm-pos/main-file/packages/dionone/Account/src/Resources/js/Pages/CustomerPayments/Index.tsx'
    Imported via "@/components/ui/button" from file 'C:/Users/DION-SERVER/Desktop/codecanyon-FOhzjwS6-erpgo-saas-all-in-one-business-erp-with-project-account-hrm-crm-pos/main-file/packages/dionone/Account/src/Resources/js/Pages/Customers/Create.tsx'
    Imported via "@/components/ui/button" from file 'C:/Users/DION-SERVER/Desktop/codecanyon-FOhzjwS6-erpgo-saas-all-in-one-business-erp-with-project-account-hrm-crm-pos/main-file/packages/dionone/Account/src/Resources/js/Pages/Customers/Edit.tsx'
    Imported via "@/components/ui/button" from file 'C:/Users/DION-SERVER/Desktop/codecanyon-FOhzjwS6-erpgo-saas-all-in-one-business-erp-with-project-account-hrm-crm-pos/main-file/packages/dionone/Account/src/Resources/js/Pages/Customers/Index.tsx'
    Imported via '@/components/ui/button' from file 'C:/Users/DION-SERVER/Desktop/codecanyon-FOhzjwS6-erpgo-saas-all-in-one-business-erp-with-project-account-hrm-crm-pos/main-file/packages/dionone/Account/src/Resources/js/Pages/DebitNotes/Create.tsx'
    Imported via '@/components/ui/button' from file 'C:/Users/DION-SERVER/Desktop/codecanyon-FOhzjwS6-erpgo-saas-all-in-one-business-erp-with-project-account-hrm-crm-pos/main-file/packages/dionone/Account/src/Resources/js/Pages/DebitNotes/Index.tsx'
    Imported via '@/components/ui/button' from file 'C:/Users/DION-SERVER/Desktop/codecanyon-FOhzjwS6-erpgo-saas-all-in-one-business-erp-with-project-account-hrm-crm-pos/main-file/packages/dionone/Account/src/Resources/js/Pages/DebitNotes/View.tsx'
    Imported via "@/components/ui/button" from file 'C:/Users/DION-SERVER/Desktop/codecanyon-FOhzjwS6-erpgo-saas-all-in-one-business-erp-with-project-account-hrm-crm-pos/main-file/packages/dionone/Account/src/Resources/js/Pages/Expenses/Create.tsx'
    Imported via "@/components/ui/button" from file 'C:/Users/DION-SERVER/Desktop/codecanyon-FOhzjwS6-erpgo-saas-all-in-one-business-erp-with-project-account-hrm-crm-pos/main-file/packages/dionone/Account/src/Resources/js/Pages/Expenses/Edit.tsx'
    Imported via '@/components/ui/button' from file 'C:/Users/DION-SERVER/Desktop/codecanyon-FOhzjwS6-erpgo-saas-all-in-one-business-erp-with-project-account-hrm-crm-pos/main-file/packages/dionone/Account/src/Resources/js/Pages/Expenses/Index.tsx'
    Imported via '@/components/ui/button' from file 'C:/Users/DION-SERVER/Desktop/codecanyon-FOhzjwS6-erpgo-saas-all-in-one-business-erp-with-project-account-hrm-crm-pos/main-file/packages/dionone/Account/src/Resources/js/Pages/Reports/BillAging.tsx'
    Imported via '@/components/ui/button' from file 'C:/Users/DION-SERVER/Desktop/codecanyon-FOhzjwS6-erpgo-saas-all-in-one-business-erp-with-project-account-hrm-crm-pos/main-file/packages/dionone/Account/src/Resources/js/Pages/Reports/CustomerBalance.tsx'
    Imported via '@/components/ui/button' from file 'C:/Users/DION-SERVER/Desktop/codecanyon-FOhzjwS6-erpgo-saas-all-in-one-business-erp-with-project-account-hrm-crm-pos/main-file/packages/dionone/Account/src/Resources/js/Pages/Reports/CustomerDetail.tsx'
    Imported via '@/components/ui/button' from file 'C:/Users/DION-SERVER/Desktop/codecanyon-FOhzjwS6-erpgo-saas-all-in-one-business-erp-with-project-account-hrm-crm-pos/main-file/packages/dionone/Account/src/Resources/js/Pages/Reports/IncomeStatement.tsx'
    Imported via '@/components/ui/button' from file 'C:/Users/DION-SERVER/Desktop/codecanyon-FOhzjwS6-erpgo-saas-all-in-one-business-erp-with-project-account-hrm-crm-pos/main-file/packages/dionone/Account/src/Resources/js/Pages/Reports/InvoiceAging.tsx'
    Imported via '@/components/ui/button' from file 'C:/Users/DION-SERVER/Desktop/codecanyon-FOhzjwS6-erpgo-saas-all-in-one-business-erp-with-project-account-hrm-crm-pos/main-file/packages/dionone/Account/src/Resources/js/Pages/Reports/TaxSummary.tsx'
    Imported via '@/components/ui/button' from file 'C:/Users/DION-SERVER/Desktop/codecanyon-FOhzjwS6-erpgo-saas-all-in-one-business-erp-with-project-account-hrm-crm-pos/main-file/packages/dionone/Account/src/Resources/js/Pages/Reports/VendorBalance.tsx'
    Imported via '@/components/ui/button' from file 'C:/Users/DION-SERVER/Desktop/codecanyon-FOhzjwS6-erpgo-saas-all-in-one-business-erp-with-project-account-hrm-crm-pos/main-file/packages/dionone/Account/src/Resources/js/Pages/Reports/VendorDetail.tsx'
    Imported via "@/components/ui/button" from file 'C:/Users/DION-SERVER/Desktop/codecanyon-FOhzjwS6-erpgo-saas-all-in-one-business-erp-with-project-account-hrm-crm-pos/main-file/packages/dionone/Account/src/Resources/js/Pages/Revenues/Create.tsx'
    Imported via "@/components/ui/button" from file 'C:/Users/DION-SERVER/Desktop/codecanyon-FOhzjwS6-erpgo-saas-all-in-one-business-erp-with-project-account-hrm-crm-pos/main-file/packages/dionone/Account/src/Resources/js/Pages/Revenues/Edit.tsx'
    Imported via '@/components/ui/button' from file 'C:/Users/DION-SERVER/Desktop/codecanyon-FOhzjwS6-erpgo-saas-all-in-one-business-erp-with-project-account-hrm-crm-pos/main-file/packages/dionone/Account/src/Resources/js/Pages/Revenues/Index.tsx'
    Imported via "@/components/ui/button" from file 'C:/Users/DION-SERVER/Desktop/codecanyon-FOhzjwS6-erpgo-saas-all-in-one-business-erp-with-project-account-hrm-crm-pos/main-file/packages/dionone/Account/src/Resources/js/Pages/SystemSetup/SystemSetupSidebar.tsx'
    Imported via "@/components/ui/button" from file 'C:/Users/DION-SERVER/Desktop/codecanyon-FOhzjwS6-erpgo-saas-all-in-one-business-erp-with-project-account-hrm-crm-pos/main-file/packages/dionone/Account/src/Resources/js/Pages/SystemSetup/AccountTypes/Create.tsx'
    Imported via "@/components/ui/button" from file 'C:/Users/DION-SERVER/Desktop/codecanyon-FOhzjwS6-erpgo-saas-all-in-one-business-erp-with-project-account-hrm-crm-pos/main-file/packages/dionone/Account/src/Resources/js/Pages/SystemSetup/AccountTypes/Edit.tsx'
    Imported via '@/components/ui/button' from file 'C:/Users/DION-SERVER/Desktop/codecanyon-FOhzjwS6-erpgo-saas-all-in-one-business-erp-with-project-account-hrm-crm-pos/main-file/packages/dionone/Account/src/Resources/js/Pages/SystemSetup/AccountTypes/Index.tsx'
    Imported via "@/components/ui/button" from file 'C:/Users/DION-SERVER/Desktop/codecanyon-FOhzjwS6-erpgo-saas-all-in-one-business-erp-with-project-account-hrm-crm-pos/main-file/packages/dionone/Account/src/Resources/js/Pages/SystemSetup/ExpenseCategories/Create.tsx'
    Imported via "@/components/ui/button" from file 'C:/Users/DION-SERVER/Desktop/codecanyon-FOhzjwS6-erpgo-saas-all-in-one-business-erp-with-project-account-hrm-crm-pos/main-file/packages/dionone/Account/src/Resources/js/Pages/SystemSetup/ExpenseCategories/Edit.tsx'
    Imported via '@/components/ui/button' from file 'C:/Users/DION-SERVER/Desktop/codecanyon-FOhzjwS6-erpgo-saas-all-in-one-business-erp-with-project-account-hrm-crm-pos/main-file/packages/dionone/Account/src/Resources/js/Pages/SystemSetup/ExpenseCategories/Index.tsx'
    Imported via "@/components/ui/button" from file 'C:/Users/DION-SERVER/Desktop/codecanyon-FOhzjwS6-erpgo-saas-all-in-one-business-erp-with-project-account-hrm-crm-pos/main-file/packages/dionone/Account/src/Resources/js/Pages/SystemSetup/RevenueCategories/Create.tsx'
    Imported via "@/components/ui/button" from file 'C:/Users/DION-SERVER/Desktop/codecanyon-FOhzjwS6-erpgo-saas-all-in-one-business-erp-with-project-account-hrm-crm-pos/main-file/packages/dionone/Account/src/Resources/js/Pages/SystemSetup/RevenueCategories/Edit.tsx'
    Imported via '@/components/ui/button' from file 'C:/Users/DION-SERVER/Desktop/codecanyon-FOhzjwS6-erpgo-saas-all-in-one-business-erp-with-project-account-hrm-crm-pos/main-file/packages/dionone/Account/src/Resources/js/Pages/SystemSetup/RevenueCategories/Index.tsx'
    Imported via '@/components/ui/button' from file 'C:/Users/DION-SERVER/Desktop/codecanyon-FOhzjwS6-erpgo-saas-all-in-one-business-erp-with-project-account-hrm-crm-pos/main-file/packages/dionone/Account/src/Resources/js/Pages/VendorPayments/Create.tsx'
    Imported via '@/components/ui/button' from file 'C:/Users/DION-SERVER/Desktop/codecanyon-FOhzjwS6-erpgo-saas-all-in-one-business-erp-with-project-account-hrm-crm-pos/main-file/packages/dionone/Account/src/Resources/js/Pages/VendorPayments/Index.tsx'
    Imported via "@/components/ui/button" from file 'C:/Users/DION-SERVER/Desktop/codecanyon-FOhzjwS6-erpgo-saas-all-in-one-business-erp-with-project-account-hrm-crm-pos/main-file/packages/dionone/Account/src/Resources/js/Pages/Vendors/Create.tsx'
    Imported via "@/components/ui/button" from file 'C:/Users/DION-SERVER/Desktop/codecanyon-FOhzjwS6-erpgo-saas-all-in-one-business-erp-with-project-account-hrm-crm-pos/main-file/packages/dionone/Account/src/Resources/js/Pages/Vendors/Edit.tsx'
    Imported via "@/components/ui/button" from file 'C:/Users/DION-SERVER/Desktop/codecanyon-FOhzjwS6-erpgo-saas-all-in-one-business-erp-with-project-account-hrm-crm-pos/main-file/packages/dionone/Account/src/Resources/js/Pages/Vendors/Index.tsx'
    Imported via "@/components/ui/button" from file 'C:/Users/DION-SERVER/Desktop/codecanyon-FOhzjwS6-erpgo-saas-all-in-one-business-erp-with-project-account-hrm-crm-pos/main-file/packages/dionone/BudgetPlanner/src/Resources/js/Pages/BudgetAllocations/Create.tsx'
    Imported via "@/components/ui/button" from file 'C:/Users/DION-SERVER/Desktop/codecanyon-FOhzjwS6-erpgo-saas-all-in-one-business-erp-with-project-account-hrm-crm-pos/main-file/packages/dionone/BudgetPlanner/src/Resources/js/Pages/BudgetAllocations/Edit.tsx'
    Imported via '@/components/ui/button' from file 'C:/Users/DION-SERVER/Desktop/codecanyon-FOhzjwS6-erpgo-saas-all-in-one-business-erp-with-project-account-hrm-crm-pos/main-file/packages/dionone/BudgetPlanner/src/Resources/js/Pages/BudgetAllocations/Index.tsx'
    Imported via '@/components/ui/button' from file 'C:/Users/DION-SERVER/Desktop/codecanyon-FOhzjwS6-erpgo-saas-all-in-one-business-erp-with-project-account-hrm-crm-pos/main-file/packages/dionone/BudgetPlanner/src/Resources/js/Pages/BudgetMonitorings/Index.tsx'
    Imported via "@/components/ui/button" from file 'C:/Users/DION-SERVER/Desktop/codecanyon-FOhzjwS6-erpgo-saas-all-in-one-business-erp-with-project-account-hrm-crm-pos/main-file/packages/dionone/BudgetPlanner/src/Resources/js/Pages/BudgetPeriods/Create.tsx'
    Imported via "@/components/ui/button" from file 'C:/Users/DION-SERVER/Desktop/codecanyon-FOhzjwS6-erpgo-saas-all-in-one-business-erp-with-project-account-hrm-crm-pos/main-file/packages/dionone/BudgetPlanner/src/Resources/js/Pages/BudgetPeriods/Edit.tsx'
    Imported via '@/components/ui/button' from file 'C:/Users/DION-SERVER/Desktop/codecanyon-FOhzjwS6-erpgo-saas-all-in-one-business-erp-with-project-account-hrm-crm-pos/main-file/packages/dionone/BudgetPlanner/src/Resources/js/Pages/BudgetPeriods/Index.tsx'
    Imported via "@/components/ui/button" from file 'C:/Users/DION-SERVER/Desktop/codecanyon-FOhzjwS6-erpgo-saas-all-in-one-business-erp-with-project-account-hrm-crm-pos/main-file/packages/dionone/BudgetPlanner/src/Resources/js/Pages/Budgets/Create.tsx'
    Imported via "@/components/ui/button" from file 'C:/Users/DION-SERVER/Desktop/codecanyon-FOhzjwS6-erpgo-saas-all-in-one-business-erp-with-project-account-hrm-crm-pos/main-file/packages/dionone/BudgetPlanner/src/Resources/js/Pages/Budgets/Edit.tsx'
    Imported via '@/components/ui/button' from file 'C:/Users/DION-SERVER/Desktop/codecanyon-FOhzjwS6-erpgo-saas-all-in-one-business-erp-with-project-account-hrm-crm-pos/main-file/packages/dionone/BudgetPlanner/src/Resources/js/Pages/Budgets/Index.tsx'
    Imported via '@/components/ui/button' from file 'C:/Users/DION-SERVER/Desktop/codecanyon-FOhzjwS6-erpgo-saas-all-in-one-business-erp-with-project-account-hrm-crm-pos/main-file/packages/dionone/Calendar/src/Resources/js/settings/components/google-calendar-settings.tsx'
    Imported via "@/components/ui/button" from file 'C:/Users/DION-SERVER/Desktop/codecanyon-FOhzjwS6-erpgo-saas-all-in-one-business-erp-with-project-account-hrm-crm-pos/main-file/packages/dionone/Contract/src/Resources/js/Pages/ContractTypes/Create.tsx'
    Imported via "@/components/ui/button" from file 'C:/Users/DION-SERVER/Desktop/codecanyon-FOhzjwS6-erpgo-saas-all-in-one-business-erp-with-project-account-hrm-crm-pos/main-file/packages/dionone/Contract/src/Resources/js/Pages/ContractTypes/Edit.tsx'
    Imported via '@/components/ui/button' from file 'C:/Users/DION-SERVER/Desktop/codecanyon-FOhzjwS6-erpgo-saas-all-in-one-business-erp-with-project-account-hrm-crm-pos/main-file/packages/dionone/Contract/src/Resources/js/Pages/ContractTypes/Index.tsx'
    Imported via "@/components/ui/button" from file 'C:/Users/DION-SERVER/Desktop/codecanyon-FOhzjwS6-erpgo-saas-all-in-one-business-erp-with-project-account-hrm-crm-pos/main-file/packages/dionone/Contract/src/Resources/js/Pages/Contracts/Create.tsx'
    Imported via '@/components/ui/button' from file 'C:/Users/DION-SERVER/Desktop/codecanyon-FOhzjwS6-erpgo-saas-all-in-one-business-erp-with-project-account-hrm-crm-pos/main-file/packages/dionone/Contract/src/Resources/js/Pages/Contracts/Duplicate.tsx'
    Imported via "@/components/ui/button" from file 'C:/Users/DION-SERVER/Desktop/codecanyon-FOhzjwS6-erpgo-saas-all-in-one-business-erp-with-project-account-hrm-crm-pos/main-file/packages/dionone/Contract/src/Resources/js/Pages/Contracts/Edit.tsx'
    Imported via '@/components/ui/button' from file 'C:/Users/DION-SERVER/Desktop/codecanyon-FOhzjwS6-erpgo-saas-all-in-one-business-erp-with-project-account-hrm-crm-pos/main-file/packages/dionone/Contract/src/Resources/js/Pages/Contracts/Index.tsx'
    Imported via '@/components/ui/button' from file 'C:/Users/DION-SERVER/Desktop/codecanyon-FOhzjwS6-erpgo-saas-all-in-one-business-erp-with-project-account-hrm-crm-pos/main-file/packages/dionone/Contract/src/Resources/js/Pages/Contracts/components/DuplicateButton.tsx'
    Imported via "@/components/ui/button" from file 'C:/Users/DION-SERVER/Desktop/codecanyon-FOhzjwS6-erpgo-saas-all-in-one-business-erp-with-project-account-hrm-crm-pos/main-file/packages/dionone/Contract/src/Resources/js/Pages/Contracts/Preview.tsx'
    Imported via "@/components/ui/button" from file 'C:/Users/DION-SERVER/Desktop/codecanyon-FOhzjwS6-erpgo-saas-all-in-one-business-erp-with-project-account-hrm-crm-pos/main-file/packages/dionone/Contract/src/Resources/js/Pages/Contracts/Show.tsx'
    Imported via "@/components/ui/button" from file 'C:/Users/DION-SERVER/Desktop/codecanyon-FOhzjwS6-erpgo-saas-all-in-one-business-erp-with-project-account-hrm-crm-pos/main-file/packages/dionone/Contract/src/Resources/js/Pages/Contracts/components/AttachmentsTab.tsx'
    Imported via "@/components/ui/button" from file 'C:/Users/DION-SERVER/Desktop/codecanyon-FOhzjwS6-erpgo-saas-all-in-one-business-erp-with-project-account-hrm-crm-pos/main-file/packages/dionone/Contract/src/Resources/js/Pages/Contracts/components/CommentsTab.tsx'
    Imported via "@/components/ui/button" from file 'C:/Users/DION-SERVER/Desktop/codecanyon-FOhzjwS6-erpgo-saas-all-in-one-business-erp-with-project-account-hrm-crm-pos/main-file/packages/dionone/Contract/src/Resources/js/Pages/Contracts/components/NotesTab.tsx'
    Imported via "@/components/ui/button" from file 'C:/Users/DION-SERVER/Desktop/codecanyon-FOhzjwS6-erpgo-saas-all-in-one-business-erp-with-project-account-hrm-crm-pos/main-file/packages/dionone/Contract/src/Resources/js/Pages/Contracts/components/RenewalsTab.tsx'
    Imported via '@/components/ui/button' from file 'C:/Users/DION-SERVER/Desktop/codecanyon-FOhzjwS6-erpgo-saas-all-in-one-business-erp-with-project-account-hrm-crm-pos/main-file/packages/dionone/Contract/src/Resources/js/Pages/Contracts/components/SignatureModal.tsx'
    Imported via "@/components/ui/button" from file 'C:/Users/DION-SERVER/Desktop/codecanyon-FOhzjwS6-erpgo-saas-all-in-one-business-erp-with-project-account-hrm-crm-pos/main-file/packages/dionone/Contract/src/Resources/js/Pages/Contracts/components/ContractPDFExport.tsx'
    Imported via '@/components/ui/button' from file 'C:/Users/DION-SERVER/Desktop/codecanyon-FOhzjwS6-erpgo-saas-all-in-one-business-erp-with-project-account-hrm-crm-pos/main-file/packages/dionone/Contract/src/Resources/js/settings/components/contract-settings.tsx'
    Imported via '@/components/ui/button' from file 'C:/Users/DION-SERVER/Desktop/codecanyon-FOhzjwS6-erpgo-saas-all-in-one-business-erp-with-project-account-hrm-crm-pos/main-file/packages/dionone/DoubleEntry/src/Resources/js/Pages/BalanceSheets/Compare.tsx'
    Imported via '@/components/ui/button' from file 'C:/Users/DION-SERVER/Desktop/codecanyon-FOhzjwS6-erpgo-saas-all-in-one-business-erp-with-project-account-hrm-crm-pos/main-file/packages/dionone/DoubleEntry/src/Resources/js/Pages/BalanceSheets/Comparison.tsx'
    Imported via '@/components/ui/button' from file 'C:/Users/DION-SERVER/Desktop/codecanyon-FOhzjwS6-erpgo-saas-all-in-one-business-erp-with-project-account-hrm-crm-pos/main-file/packages/dionone/DoubleEntry/src/Resources/js/Pages/BalanceSheets/Comparisons.tsx'
    Imported via '@/components/ui/button' from file 'C:/Users/DION-SERVER/Desktop/codecanyon-FOhzjwS6-erpgo-saas-all-in-one-business-erp-with-project-account-hrm-crm-pos/main-file/packages/dionone/DoubleEntry/src/Resources/js/Pages/BalanceSheets/Generate.tsx'
    Imported via '@/components/ui/button' from file 'C:/Users/DION-SERVER/Desktop/codecanyon-FOhzjwS6-erpgo-saas-all-in-one-business-erp-with-project-account-hrm-crm-pos/main-file/packages/dionone/DoubleEntry/src/Resources/js/Pages/BalanceSheets/Index.tsx'
    Imported via '@/components/ui/button' from file 'C:/Users/DION-SERVER/Desktop/codecanyon-FOhzjwS6-erpgo-saas-all-in-one-business-erp-with-project-account-hrm-crm-pos/main-file/packages/dionone/DoubleEntry/src/Resources/js/Pages/BalanceSheets/YearEndClose.tsx'
    Imported via '@/components/ui/button' from file 'C:/Users/DION-SERVER/Desktop/codecanyon-FOhzjwS6-erpgo-saas-all-in-one-business-erp-with-project-account-hrm-crm-pos/main-file/packages/dionone/DoubleEntry/src/Resources/js/Pages/BalanceSheets/Note.tsx'
    Imported via '@/components/ui/button' from file 'C:/Users/DION-SERVER/Desktop/codecanyon-FOhzjwS6-erpgo-saas-all-in-one-business-erp-with-project-account-hrm-crm-pos/main-file/packages/dionone/DoubleEntry/src/Resources/js/Pages/BalanceSheets/View.tsx'
    Imported via '@/components/ui/button' from file 'C:/Users/DION-SERVER/Desktop/codecanyon-FOhzjwS6-erpgo-saas-all-in-one-business-erp-with-project-account-hrm-crm-pos/main-file/packages/dionone/DoubleEntry/src/Resources/js/Pages/LedgerSummary/Index.tsx'
    Imported via '@/components/ui/button' from file 'C:/Users/DION-SERVER/Desktop/codecanyon-FOhzjwS6-erpgo-saas-all-in-one-business-erp-with-project-account-hrm-crm-pos/main-file/packages/dionone/DoubleEntry/src/Resources/js/Pages/ProfitLoss/Index.tsx'
    Imported via '@/components/ui/button' from file 'C:/Users/DION-SERVER/Desktop/codecanyon-FOhzjwS6-erpgo-saas-all-in-one-business-erp-with-project-account-hrm-crm-pos/main-file/packages/dionone/DoubleEntry/src/Resources/js/Pages/Reports/AccountBalance.tsx'
    Imported via '@/components/ui/button' from file 'C:/Users/DION-SERVER/Desktop/codecanyon-FOhzjwS6-erpgo-saas-all-in-one-business-erp-with-project-account-hrm-crm-pos/main-file/packages/dionone/DoubleEntry/src/Resources/js/Pages/Reports/AccountStatement.tsx'
    Imported via '@/components/ui/button' from file 'C:/Users/DION-SERVER/Desktop/codecanyon-FOhzjwS6-erpgo-saas-all-in-one-business-erp-with-project-account-hrm-crm-pos/main-file/packages/dionone/DoubleEntry/src/Resources/js/Pages/Reports/CashFlow.tsx'
    Imported via '@/components/ui/button' from file 'C:/Users/DION-SERVER/Desktop/codecanyon-FOhzjwS6-erpgo-saas-all-in-one-business-erp-with-project-account-hrm-crm-pos/main-file/packages/dionone/DoubleEntry/src/Resources/js/Pages/Reports/ExpenseReport.tsx'
    Imported via '@/components/ui/button' from file 'C:/Users/DION-SERVER/Desktop/codecanyon-FOhzjwS6-erpgo-saas-all-in-one-business-erp-with-project-account-hrm-crm-pos/main-file/packages/dionone/DoubleEntry/src/Resources/js/Pages/Reports/GeneralLedger.tsx'
    Imported via '@/components/ui/button' from file 'C:/Users/DION-SERVER/Desktop/codecanyon-FOhzjwS6-erpgo-saas-all-in-one-business-erp-with-project-account-hrm-crm-pos/main-file/packages/dionone/DoubleEntry/src/Resources/js/Pages/Reports/JournalEntry.tsx'
    Imported via '@/components/ui/button' from file 'C:/Users/DION-SERVER/Desktop/codecanyon-FOhzjwS6-erpgo-saas-all-in-one-business-erp-with-project-account-hrm-crm-pos/main-file/packages/dionone/DoubleEntry/src/Resources/js/Pages/TrialBalance/Index.tsx'
    Imported via '@/components/ui/button' from file 'C:/Users/DION-SERVER/Desktop/codecanyon-FOhzjwS6-erpgo-saas-all-in-one-business-erp-with-project-account-hrm-crm-pos/main-file/packages/dionone/FormBuilder/src/Resources/js/Pages/Forms/Conversion.tsx'
    Imported via '@/components/ui/button' from file 'C:/Users/DION-SERVER/Desktop/codecanyon-FOhzjwS6-erpgo-saas-all-in-one-business-erp-with-project-account-hrm-crm-pos/main-file/packages/dionone/FormBuilder/src/Resources/js/components/ConversionSetup.tsx'
    Imported via '@/components/ui/button' from file 'C:/Users/DION-SERVER/Desktop/codecanyon-FOhzjwS6-erpgo-saas-all-in-one-business-erp-with-project-account-hrm-crm-pos/main-file/packages/dionone/FormBuilder/src/Resources/js/Pages/Forms/Create.tsx'
    Imported via '@/components/ui/button' from file 'C:/Users/DION-SERVER/Desktop/codecanyon-FOhzjwS6-erpgo-saas-all-in-one-business-erp-with-project-account-hrm-crm-pos/main-file/packages/dionone/FormBuilder/src/Resources/js/Pages/Forms/Edit.tsx'
    Imported via '@/components/ui/button' from file 'C:/Users/DION-SERVER/Desktop/codecanyon-FOhzjwS6-erpgo-saas-all-in-one-business-erp-with-project-account-hrm-crm-pos/main-file/packages/dionone/FormBuilder/src/Resources/js/Pages/Forms/Index.tsx'
    Imported via '@/components/ui/button' from file 'C:/Users/DION-SERVER/Desktop/codecanyon-FOhzjwS6-erpgo-saas-all-in-one-business-erp-with-project-account-hrm-crm-pos/main-file/packages/dionone/FormBuilder/src/Resources/js/Pages/Forms/Responses.tsx'
    Imported via '@/components/ui/button' from file 'C:/Users/DION-SERVER/Desktop/codecanyon-FOhzjwS6-erpgo-saas-all-in-one-business-erp-with-project-account-hrm-crm-pos/main-file/packages/dionone/FormBuilder/src/Resources/js/Pages/Public/Form.tsx'
    Imported via "@/components/ui/button" from file 'C:/Users/DION-SERVER/Desktop/codecanyon-FOhzjwS6-erpgo-saas-all-in-one-business-erp-with-project-account-hrm-crm-pos/main-file/packages/dionone/Goal/src/Resources/js/Pages/Categories/Create.tsx'
    Imported via "@/components/ui/button" from file 'C:/Users/DION-SERVER/Desktop/codecanyon-FOhzjwS6-erpgo-saas-all-in-one-business-erp-with-project-account-hrm-crm-pos/main-file/packages/dionone/Goal/src/Resources/js/Pages/Categories/Edit.tsx'
    Imported via '@/components/ui/button' from file 'C:/Users/DION-SERVER/Desktop/codecanyon-FOhzjwS6-erpgo-saas-all-in-one-business-erp-with-project-account-hrm-crm-pos/main-file/packages/dionone/Goal/src/Resources/js/Pages/Categories/Index.tsx'
    Imported via '@/components/ui/button' from file 'C:/Users/DION-SERVER/Desktop/codecanyon-FOhzjwS6-erpgo-saas-all-in-one-business-erp-with-project-account-hrm-crm-pos/main-file/packages/dionone/Goal/src/Resources/js/Pages/Contributions/Create.tsx'
    Imported via '@/components/ui/button' from file 'C:/Users/DION-SERVER/Desktop/codecanyon-FOhzjwS6-erpgo-saas-all-in-one-business-erp-with-project-account-hrm-crm-pos/main-file/packages/dionone/Goal/src/Resources/js/Pages/Contributions/Edit.tsx'
    Imported via '@/components/ui/button' from file 'C:/Users/DION-SERVER/Desktop/codecanyon-FOhzjwS6-erpgo-saas-all-in-one-business-erp-with-project-account-hrm-crm-pos/main-file/packages/dionone/Goal/src/Resources/js/Pages/Contributions/Index.tsx'
    Imported via "@/components/ui/button" from file 'C:/Users/DION-SERVER/Desktop/codecanyon-FOhzjwS6-erpgo-saas-all-in-one-business-erp-with-project-account-hrm-crm-pos/main-file/packages/dionone/Goal/src/Resources/js/Pages/Goals/Create.tsx'
    Imported via "@/components/ui/button" from file 'C:/Users/DION-SERVER/Desktop/codecanyon-FOhzjwS6-erpgo-saas-all-in-one-business-erp-with-project-account-hrm-crm-pos/main-file/packages/dionone/Goal/src/Resources/js/Pages/Goals/Edit.tsx'
    Imported via '@/components/ui/button' from file 'C:/Users/DION-SERVER/Desktop/codecanyon-FOhzjwS6-erpgo-saas-all-in-one-business-erp-with-project-account-hrm-crm-pos/main-file/packages/dionone/Goal/src/Resources/js/Pages/Goals/Index.tsx'
    Imported via "@/components/ui/button" from file 'C:/Users/DION-SERVER/Desktop/codecanyon-FOhzjwS6-erpgo-saas-all-in-one-business-erp-with-project-account-hrm-crm-pos/main-file/packages/dionone/Goal/src/Resources/js/Pages/Milestones/Create.tsx'
    Imported via "@/components/ui/button" from file 'C:/Users/DION-SERVER/Desktop/codecanyon-FOhzjwS6-erpgo-saas-all-in-one-business-erp-with-project-account-hrm-crm-pos/main-file/packages/dionone/Goal/src/Resources/js/Pages/Milestones/Edit.tsx'
    Imported via '@/components/ui/button' from file 'C:/Users/DION-SERVER/Desktop/codecanyon-FOhzjwS6-erpgo-saas-all-in-one-business-erp-with-project-account-hrm-crm-pos/main-file/packages/dionone/Goal/src/Resources/js/Pages/Milestones/Index.tsx'
    Imported via "@/components/ui/button" from file 'C:/Users/DION-SERVER/Desktop/codecanyon-FOhzjwS6-erpgo-saas-all-in-one-business-erp-with-project-account-hrm-crm-pos/main-file/packages/dionone/Goal/src/Resources/js/Pages/Tracking/Create.tsx'
    Imported via "@/components/ui/button" from file 'C:/Users/DION-SERVER/Desktop/codecanyon-FOhzjwS6-erpgo-saas-all-in-one-business-erp-with-project-account-hrm-crm-pos/main-file/packages/dionone/Goal/src/Resources/js/Pages/Tracking/Edit.tsx'
    Imported via '@/components/ui/button' from file 'C:/Users/DION-SERVER/Desktop/codecanyon-FOhzjwS6-erpgo-saas-all-in-one-business-erp-with-project-account-hrm-crm-pos/main-file/packages/dionone/Goal/src/Resources/js/Pages/Tracking/Index.tsx'
    Imported via '@/components/ui/button' from file 'C:/Users/DION-SERVER/Desktop/codecanyon-FOhzjwS6-erpgo-saas-all-in-one-business-erp-with-project-account-hrm-crm-pos/main-file/packages/dionone/GoogleCaptcha/src/Resources/js/settings/components/google-captcha-settings.tsx'
    Imported via '@/components/ui/button' from file 'C:/Users/DION-SERVER/Desktop/codecanyon-FOhzjwS6-erpgo-saas-all-in-one-business-erp-with-project-account-hrm-crm-pos/main-file/packages/dionone/Hrm/src/Resources/js/Pages/Index.tsx'
    Imported via "@/components/ui/button" from file 'C:/Users/DION-SERVER/Desktop/codecanyon-FOhzjwS6-erpgo-saas-all-in-one-business-erp-with-project-account-hrm-crm-pos/main-file/packages/dionone/Hrm/src/Resources/js/Pages/Acknowledgments/Create.tsx'
    Imported via "@/components/ui/button" from file 'C:/Users/DION-SERVER/Desktop/codecanyon-FOhzjwS6-erpgo-saas-all-in-one-business-erp-with-project-account-hrm-crm-pos/main-file/packages/dionone/Hrm/src/Resources/js/Pages/Acknowledgments/Edit.tsx'
    Imported via '@/components/ui/button' from file 'C:/Users/DION-SERVER/Desktop/codecanyon-FOhzjwS6-erpgo-saas-all-in-one-business-erp-with-project-account-hrm-crm-pos/main-file/packages/dionone/Hrm/src/Resources/js/Pages/Acknowledgments/Index.tsx'
    Imported via '@/components/ui/button' from file 'C:/Users/DION-SERVER/Desktop/codecanyon-FOhzjwS6-erpgo-saas-all-in-one-business-erp-with-project-account-hrm-crm-pos/main-file/packages/dionone/Hrm/src/Resources/js/Pages/Acknowledgments/StatusModal.tsx'
    Imported via "@/components/ui/button" from file 'C:/Users/DION-SERVER/Desktop/codecanyon-FOhzjwS6-erpgo-saas-all-in-one-business-erp-with-project-account-hrm-crm-pos/main-file/packages/dionone/Hrm/src/Resources/js/Pages/Announcements/Create.tsx'
    Imported via "@/components/ui/button" from file 'C:/Users/DION-SERVER/Desktop/codecanyon-FOhzjwS6-erpgo-saas-all-in-one-business-erp-with-project-account-hrm-crm-pos/main-file/packages/dionone/Hrm/src/Resources/js/Pages/Announcements/Edit.tsx'
    Imported via '@/components/ui/button' from file 'C:/Users/DION-SERVER/Desktop/codecanyon-FOhzjwS6-erpgo-saas-all-in-one-business-erp-with-project-account-hrm-crm-pos/main-file/packages/dionone/Hrm/src/Resources/js/Pages/Announcements/Index.tsx'
    Imported via "@/components/ui/button" from file 'C:/Users/DION-SERVER/Desktop/codecanyon-FOhzjwS6-erpgo-saas-all-in-one-business-erp-with-project-account-hrm-crm-pos/main-file/packages/dionone/Hrm/src/Resources/js/Pages/Announcements/UpdateStatus.tsx'
    Imported via "@/components/ui/button" from file 'C:/Users/DION-SERVER/Desktop/codecanyon-FOhzjwS6-erpgo-saas-all-in-one-business-erp-with-project-account-hrm-crm-pos/main-file/packages/dionone/Hrm/src/Resources/js/Pages/Attendances/Create.tsx'
    Imported via "@/components/ui/button" from file 'C:/Users/DION-SERVER/Desktop/codecanyon-FOhzjwS6-erpgo-saas-all-in-one-business-erp-with-project-account-hrm-crm-pos/main-file/packages/dionone/Hrm/src/Resources/js/Pages/Attendances/Edit.tsx'
    Imported via '@/components/ui/button' from file 'C:/Users/DION-SERVER/Desktop/codecanyon-FOhzjwS6-erpgo-saas-all-in-one-business-erp-with-project-account-hrm-crm-pos/main-file/packages/dionone/Hrm/src/Resources/js/Pages/Attendances/Index.tsx'
    Imported via "@/components/ui/button" from file 'C:/Users/DION-SERVER/Desktop/codecanyon-FOhzjwS6-erpgo-saas-all-in-one-business-erp-with-project-account-hrm-crm-pos/main-file/packages/dionone/Hrm/src/Resources/js/Pages/Awards/Create.tsx'
    Imported via "@/components/ui/button" from file 'C:/Users/DION-SERVER/Desktop/codecanyon-FOhzjwS6-erpgo-saas-all-in-one-business-erp-with-project-account-hrm-crm-pos/main-file/packages/dionone/Hrm/src/Resources/js/Pages/Awards/Edit.tsx'
    Imported via '@/components/ui/button' from file 'C:/Users/DION-SERVER/Desktop/codecanyon-FOhzjwS6-erpgo-saas-all-in-one-business-erp-with-project-account-hrm-crm-pos/main-file/packages/dionone/Hrm/src/Resources/js/Pages/Awards/Index.tsx'
    Imported via '@/components/ui/button' from file 'C:/Users/DION-SERVER/Desktop/codecanyon-FOhzjwS6-erpgo-saas-all-in-one-business-erp-with-project-account-hrm-crm-pos/main-file/packages/dionone/Hrm/src/Resources/js/Pages/Complaints/ComplaintStatus.tsx'
    Imported via "@/components/ui/button" from file 'C:/Users/DION-SERVER/Desktop/codecanyon-FOhzjwS6-erpgo-saas-all-in-one-business-erp-with-project-account-hrm-crm-pos/main-file/packages/dionone/Hrm/src/Resources/js/Pages/Complaints/Create.tsx'
    Imported via "@/components/ui/button" from file 'C:/Users/DION-SERVER/Desktop/codecanyon-FOhzjwS6-erpgo-saas-all-in-one-business-erp-with-project-account-hrm-crm-pos/main-file/packages/dionone/Hrm/src/Resources/js/Pages/Complaints/Edit.tsx'
    Imported via '@/components/ui/button' from file 'C:/Users/DION-SERVER/Desktop/codecanyon-FOhzjwS6-erpgo-saas-all-in-one-business-erp-with-project-account-hrm-crm-pos/main-file/packages/dionone/Hrm/src/Resources/js/Pages/Complaints/Index.tsx'
    Imported via '@/components/ui/button' from file 'C:/Users/DION-SERVER/Desktop/codecanyon-FOhzjwS6-erpgo-saas-all-in-one-business-erp-with-project-account-hrm-crm-pos/main-file/packages/dionone/Hrm/src/Resources/js/Pages/Dashboard/company-dashboard.tsx'
    Imported via '@/components/ui/button' from file 'C:/Users/DION-SERVER/Desktop/codecanyon-FOhzjwS6-erpgo-saas-all-in-one-business-erp-with-project-account-hrm-crm-pos/main-file/packages/dionone/Hrm/src/Resources/js/Pages/Dashboard/employee-dashboard.tsx'
    Imported via "@/components/ui/button" from file 'C:/Users/DION-SERVER/Desktop/codecanyon-FOhzjwS6-erpgo-saas-all-in-one-business-erp-with-project-account-hrm-crm-pos/main-file/packages/dionone/Hrm/src/Resources/js/Pages/EmployeeTransfers/Create.tsx'
    Imported via "@/components/ui/button" from file 'C:/Users/DION-SERVER/Desktop/codecanyon-FOhzjwS6-erpgo-saas-all-in-one-business-erp-with-project-account-hrm-crm-pos/main-file/packages/dionone/Hrm/src/Resources/js/Pages/EmployeeTransfers/Edit.tsx'
    Imported via '@/components/ui/button' from file 'C:/Users/DION-SERVER/Desktop/codecanyon-FOhzjwS6-erpgo-saas-all-in-one-business-erp-with-project-account-hrm-crm-pos/main-file/packages/dionone/Hrm/src/Resources/js/Pages/EmployeeTransfers/Index.tsx'
    Imported via '@/components/ui/button' from file 'C:/Users/DION-SERVER/Desktop/codecanyon-FOhzjwS6-erpgo-saas-all-in-one-business-erp-with-project-account-hrm-crm-pos/main-file/packages/dionone/Hrm/src/Resources/js/Pages/EmployeeTransfers/View.tsx'
    Imported via '@/components/ui/button' from file 'C:/Users/DION-SERVER/Desktop/codecanyon-FOhzjwS6-erpgo-saas-all-in-one-business-erp-with-project-account-hrm-crm-pos/main-file/packages/dionone/Hrm/src/Resources/js/Pages/EmployeeTransfers/StatusModal.tsx'
    Imported via "@/components/ui/button" from file 'C:/Users/DION-SERVER/Desktop/codecanyon-FOhzjwS6-erpgo-saas-all-in-one-business-erp-with-project-account-hrm-crm-pos/main-file/packages/dionone/Hrm/src/Resources/js/Pages/Employees/Create.tsx'
    Imported via "@/components/ui/button" from file 'C:/Users/DION-SERVER/Desktop/codecanyon-FOhzjwS6-erpgo-saas-all-in-one-business-erp-with-project-account-hrm-crm-pos/main-file/packages/dionone/Hrm/src/Resources/js/Pages/Employees/Edit.tsx'
    Imported via '@/components/ui/button' from file 'C:/Users/DION-SERVER/Desktop/codecanyon-FOhzjwS6-erpgo-saas-all-in-one-business-erp-with-project-account-hrm-crm-pos/main-file/packages/dionone/Hrm/src/Resources/js/Pages/Employees/Index.tsx'
    Imported via "@/components/ui/button" from file 'C:/Users/DION-SERVER/Desktop/codecanyon-FOhzjwS6-erpgo-saas-all-in-one-business-erp-with-project-account-hrm-crm-pos/main-file/packages/dionone/Hrm/src/Resources/js/Pages/Events/Calendar.tsx'
    Imported via "@/components/ui/button" from file 'C:/Users/DION-SERVER/Desktop/codecanyon-FOhzjwS6-erpgo-saas-all-in-one-business-erp-with-project-account-hrm-crm-pos/main-file/packages/dionone/Hrm/src/Resources/js/Pages/Events/Create.tsx'
    Imported via "@/components/ui/button" from file 'C:/Users/DION-SERVER/Desktop/codecanyon-FOhzjwS6-erpgo-saas-all-in-one-business-erp-with-project-account-hrm-crm-pos/main-file/packages/dionone/Hrm/src/Resources/js/Pages/Events/Edit.tsx'
    Imported via '@/components/ui/button' from file 'C:/Users/DION-SERVER/Desktop/codecanyon-FOhzjwS6-erpgo-saas-all-in-one-business-erp-with-project-account-hrm-crm-pos/main-file/packages/dionone/Hrm/src/Resources/js/Pages/Events/Index.tsx'
    Imported via "@/components/ui/button" from file 'C:/Users/DION-SERVER/Desktop/codecanyon-FOhzjwS6-erpgo-saas-all-in-one-business-erp-with-project-account-hrm-crm-pos/main-file/packages/dionone/Hrm/src/Resources/js/Pages/Events/StatusUpdate.tsx'
    Imported via "@/components/ui/button" from file 'C:/Users/DION-SERVER/Desktop/codecanyon-FOhzjwS6-erpgo-saas-all-in-one-business-erp-with-project-account-hrm-crm-pos/main-file/packages/dionone/Hrm/src/Resources/js/Pages/Holidays/Create.tsx'
    Imported via "@/components/ui/button" from file 'C:/Users/DION-SERVER/Desktop/codecanyon-FOhzjwS6-erpgo-saas-all-in-one-business-erp-with-project-account-hrm-crm-pos/main-file/packages/dionone/Hrm/src/Resources/js/Pages/Holidays/Edit.tsx'
    Imported via '@/components/ui/button' from file 'C:/Users/DION-SERVER/Desktop/codecanyon-FOhzjwS6-erpgo-saas-all-in-one-business-erp-with-project-account-hrm-crm-pos/main-file/packages/dionone/Hrm/src/Resources/js/Pages/Holidays/Index.tsx'
    Imported via "@/components/ui/button" from file 'C:/Users/DION-SERVER/Desktop/codecanyon-FOhzjwS6-erpgo-saas-all-in-one-business-erp-with-project-account-hrm-crm-pos/main-file/packages/dionone/Hrm/src/Resources/js/Pages/HrmDocuments/Action.tsx'
    Imported via "@/components/ui/button" from file 'C:/Users/DION-SERVER/Desktop/codecanyon-FOhzjwS6-erpgo-saas-all-in-one-business-erp-with-project-account-hrm-crm-pos/main-file/packages/dionone/Hrm/src/Resources/js/Pages/HrmDocuments/Create.tsx'
    Imported via "@/components/ui/button" from file 'C:/Users/DION-SERVER/Desktop/codecanyon-FOhzjwS6-erpgo-saas-all-in-one-business-erp-with-project-account-hrm-crm-pos/main-file/packages/dionone/Hrm/src/Resources/js/Pages/HrmDocuments/Edit.tsx'
    Imported via '@/components/ui/button' from file 'C:/Users/DION-SERVER/Desktop/codecanyon-FOhzjwS6-erpgo-saas-all-in-one-business-erp-with-project-account-hrm-crm-pos/main-file/packages/dionone/Hrm/src/Resources/js/Pages/HrmDocuments/Index.tsx'
    Imported via "@/components/ui/button" from file 'C:/Users/DION-SERVER/Desktop/codecanyon-FOhzjwS6-erpgo-saas-all-in-one-business-erp-with-project-account-hrm-crm-pos/main-file/packages/dionone/Hrm/src/Resources/js/Pages/LeaveApplications/Create.tsx'
    Imported via "@/components/ui/button" from file 'C:/Users/DION-SERVER/Desktop/codecanyon-FOhzjwS6-erpgo-saas-all-in-one-business-erp-with-project-account-hrm-crm-pos/main-file/packages/dionone/Hrm/src/Resources/js/Pages/LeaveApplications/Edit.tsx'
    Imported via '@/components/ui/button' from file 'C:/Users/DION-SERVER/Desktop/codecanyon-FOhzjwS6-erpgo-saas-all-in-one-business-erp-with-project-account-hrm-crm-pos/main-file/packages/dionone/Hrm/src/Resources/js/Pages/LeaveApplications/Index.tsx'
    Imported via "@/components/ui/button" from file 'C:/Users/DION-SERVER/Desktop/codecanyon-FOhzjwS6-erpgo-saas-all-in-one-business-erp-with-project-account-hrm-crm-pos/main-file/packages/dionone/Hrm/src/Resources/js/Pages/LeaveApplications/StatusUpdate.tsx'
    Imported via "@/components/ui/button" from file 'C:/Users/DION-SERVER/Desktop/codecanyon-FOhzjwS6-erpgo-saas-all-in-one-business-erp-with-project-account-hrm-crm-pos/main-file/packages/dionone/Hrm/src/Resources/js/Pages/LeaveTypes/Create.tsx'
    Imported via "@/components/ui/button" from file 'C:/Users/DION-SERVER/Desktop/codecanyon-FOhzjwS6-erpgo-saas-all-in-one-business-erp-with-project-account-hrm-crm-pos/main-file/packages/dionone/Hrm/src/Resources/js/Pages/LeaveTypes/Edit.tsx'
    Imported via '@/components/ui/button' from file 'C:/Users/DION-SERVER/Desktop/codecanyon-FOhzjwS6-erpgo-saas-all-in-one-business-erp-with-project-account-hrm-crm-pos/main-file/packages/dionone/Hrm/src/Resources/js/Pages/LeaveTypes/Index.tsx'
    Imported via "@/components/ui/button" from file 'C:/Users/DION-SERVER/Desktop/codecanyon-FOhzjwS6-erpgo-saas-all-in-one-business-erp-with-project-account-hrm-crm-pos/main-file/packages/dionone/Hrm/src/Resources/js/Pages/Payrolls/Create.tsx'
    Imported via "@/components/ui/button" from file 'C:/Users/DION-SERVER/Desktop/codecanyon-FOhzjwS6-erpgo-saas-all-in-one-business-erp-with-project-account-hrm-crm-pos/main-file/packages/dionone/Hrm/src/Resources/js/Pages/Payrolls/Edit.tsx'
    Imported via '@/components/ui/button' from file 'C:/Users/DION-SERVER/Desktop/codecanyon-FOhzjwS6-erpgo-saas-all-in-one-business-erp-with-project-account-hrm-crm-pos/main-file/packages/dionone/Hrm/src/Resources/js/Pages/Payrolls/Index.tsx'
    Imported via "@/components/ui/button" from file 'C:/Users/DION-SERVER/Desktop/codecanyon-FOhzjwS6-erpgo-saas-all-in-one-business-erp-with-project-account-hrm-crm-pos/main-file/packages/dionone/Hrm/src/Resources/js/Pages/Payrolls/Show.tsx'
    Imported via "@/components/ui/button" from file 'C:/Users/DION-SERVER/Desktop/codecanyon-FOhzjwS6-erpgo-saas-all-in-one-business-erp-with-project-account-hrm-crm-pos/main-file/packages/dionone/Hrm/src/Resources/js/Pages/Promotions/Create.tsx'
    Imported via "@/components/ui/button" from file 'C:/Users/DION-SERVER/Desktop/codecanyon-FOhzjwS6-erpgo-saas-all-in-one-business-erp-with-project-account-hrm-crm-pos/main-file/packages/dionone/Hrm/src/Resources/js/Pages/Promotions/Edit.tsx'
    Imported via '@/components/ui/button' from file 'C:/Users/DION-SERVER/Desktop/codecanyon-FOhzjwS6-erpgo-saas-all-in-one-business-erp-with-project-account-hrm-crm-pos/main-file/packages/dionone/Hrm/src/Resources/js/Pages/Promotions/Index.tsx'
    Imported via '@/components/ui/button' from file 'C:/Users/DION-SERVER/Desktop/codecanyon-FOhzjwS6-erpgo-saas-all-in-one-business-erp-with-project-account-hrm-crm-pos/main-file/packages/dionone/Hrm/src/Resources/js/Pages/Promotions/View.tsx'
    Imported via '@/components/ui/button' from file 'C:/Users/DION-SERVER/Desktop/codecanyon-FOhzjwS6-erpgo-saas-all-in-one-business-erp-with-project-account-hrm-crm-pos/main-file/packages/dionone/Hrm/src/Resources/js/Pages/Promotions/StatusUpdateModal.tsx'
    Imported via "@/components/ui/button" from file 'C:/Users/DION-SERVER/Desktop/codecanyon-FOhzjwS6-erpgo-saas-all-in-one-business-erp-with-project-account-hrm-crm-pos/main-file/packages/dionone/Hrm/src/Resources/js/Pages/Resignations/Create.tsx'
    Imported via "@/components/ui/button" from file 'C:/Users/DION-SERVER/Desktop/codecanyon-FOhzjwS6-erpgo-saas-all-in-one-business-erp-with-project-account-hrm-crm-pos/main-file/packages/dionone/Hrm/src/Resources/js/Pages/Resignations/Edit.tsx'
    Imported via '@/components/ui/button' from file 'C:/Users/DION-SERVER/Desktop/codecanyon-FOhzjwS6-erpgo-saas-all-in-one-business-erp-with-project-account-hrm-crm-pos/main-file/packages/dionone/Hrm/src/Resources/js/Pages/Resignations/Index.tsx'
    Imported via '@/components/ui/button' from file 'C:/Users/DION-SERVER/Desktop/codecanyon-FOhzjwS6-erpgo-saas-all-in-one-business-erp-with-project-account-hrm-crm-pos/main-file/packages/dionone/Hrm/src/Resources/js/Pages/Resignations/ResignationStatusModal.tsx'
    Imported via '@/components/ui/button' from file 'C:/Users/DION-SERVER/Desktop/codecanyon-FOhzjwS6-erpgo-saas-all-in-one-business-erp-with-project-account-hrm-crm-pos/main-file/packages/dionone/Hrm/src/Resources/js/Pages/Resignations/View.tsx'
    Imported via '@/components/ui/button' from file 'C:/Users/DION-SERVER/Desktop/codecanyon-FOhzjwS6-erpgo-saas-all-in-one-business-erp-with-project-account-hrm-crm-pos/main-file/packages/dionone/Hrm/src/Resources/js/Pages/SetSalary/Index.tsx'
    Imported via '@/components/ui/button' from file 'C:/Users/DION-SERVER/Desktop/codecanyon-FOhzjwS6-erpgo-saas-all-in-one-business-erp-with-project-account-hrm-crm-pos/main-file/packages/dionone/Hrm/src/Resources/js/Pages/SetSalary/Show.tsx'
    Imported via "@/components/ui/button" from file 'C:/Users/DION-SERVER/Desktop/codecanyon-FOhzjwS6-erpgo-saas-all-in-one-business-erp-with-project-account-hrm-crm-pos/main-file/packages/dionone/Hrm/src/Resources/js/Pages/SetSalary/Allowances/Create.tsx'
    Imported via "@/components/ui/button" from file 'C:/Users/DION-SERVER/Desktop/codecanyon-FOhzjwS6-erpgo-saas-all-in-one-business-erp-with-project-account-hrm-crm-pos/main-file/packages/dionone/Hrm/src/Resources/js/Pages/SetSalary/Allowances/Edit.tsx'
    Imported via '@/components/ui/button' from file 'C:/Users/DION-SERVER/Desktop/codecanyon-FOhzjwS6-erpgo-saas-all-in-one-business-erp-with-project-account-hrm-crm-pos/main-file/packages/dionone/Hrm/src/Resources/js/Pages/SetSalary/Deductions/Create.tsx'
    Imported via '@/components/ui/button' from file 'C:/Users/DION-SERVER/Desktop/codecanyon-FOhzjwS6-erpgo-saas-all-in-one-business-erp-with-project-account-hrm-crm-pos/main-file/packages/dionone/Hrm/src/Resources/js/Pages/SetSalary/Deductions/Edit.tsx'
    Imported via '@/components/ui/button' from file 'C:/Users/DION-SERVER/Desktop/codecanyon-FOhzjwS6-erpgo-saas-all-in-one-business-erp-with-project-account-hrm-crm-pos/main-file/packages/dionone/Hrm/src/Resources/js/Pages/SetSalary/Loans/Create.tsx'
    Imported via '@/components/ui/button' from file 'C:/Users/DION-SERVER/Desktop/codecanyon-FOhzjwS6-erpgo-saas-all-in-one-business-erp-with-project-account-hrm-crm-pos/main-file/packages/dionone/Hrm/src/Resources/js/Pages/SetSalary/Loans/Edit.tsx'
    Imported via '@/components/ui/button' from file 'C:/Users/DION-SERVER/Desktop/codecanyon-FOhzjwS6-erpgo-saas-all-in-one-business-erp-with-project-account-hrm-crm-pos/main-file/packages/dionone/Hrm/src/Resources/js/Pages/SetSalary/Overtimes/Create.tsx'
    Imported via '@/components/ui/button' from file 'C:/Users/DION-SERVER/Desktop/codecanyon-FOhzjwS6-erpgo-saas-all-in-one-business-erp-with-project-account-hrm-crm-pos/main-file/packages/dionone/Hrm/src/Resources/js/Pages/SetSalary/Overtimes/Edit.tsx'
    Imported via "@/components/ui/button" from file 'C:/Users/DION-SERVER/Desktop/codecanyon-FOhzjwS6-erpgo-saas-all-in-one-business-erp-with-project-account-hrm-crm-pos/main-file/packages/dionone/Hrm/src/Resources/js/Pages/Shifts/Create.tsx'
    Imported via "@/components/ui/button" from file 'C:/Users/DION-SERVER/Desktop/codecanyon-FOhzjwS6-erpgo-saas-all-in-one-business-erp-with-project-account-hrm-crm-pos/main-file/packages/dionone/Hrm/src/Resources/js/Pages/Shifts/Edit.tsx'
    Imported via '@/components/ui/button' from file 'C:/Users/DION-SERVER/Desktop/codecanyon-FOhzjwS6-erpgo-saas-all-in-one-business-erp-with-project-account-hrm-crm-pos/main-file/packages/dionone/Hrm/src/Resources/js/Pages/Shifts/Index.tsx'
    Imported via "@/components/ui/button" from file 'C:/Users/DION-SERVER/Desktop/codecanyon-FOhzjwS6-erpgo-saas-all-in-one-business-erp-with-project-account-hrm-crm-pos/main-file/packages/dionone/Hrm/src/Resources/js/Pages/SystemSetup/SystemSetupSidebar.tsx'
    Imported via "@/components/ui/button" from file 'C:/Users/DION-SERVER/Desktop/codecanyon-FOhzjwS6-erpgo-saas-all-in-one-business-erp-with-project-account-hrm-crm-pos/main-file/packages/dionone/Hrm/src/Resources/js/Pages/SystemSetup/AllowanceTypes/Create.tsx'
    Imported via "@/components/ui/button" from file 'C:/Users/DION-SERVER/Desktop/codecanyon-FOhzjwS6-erpgo-saas-all-in-one-business-erp-with-project-account-hrm-crm-pos/main-file/packages/dionone/Hrm/src/Resources/js/Pages/SystemSetup/AllowanceTypes/Edit.tsx'
    Imported via '@/components/ui/button' from file 'C:/Users/DION-SERVER/Desktop/codecanyon-FOhzjwS6-erpgo-saas-all-in-one-business-erp-with-project-account-hrm-crm-pos/main-file/packages/dionone/Hrm/src/Resources/js/Pages/SystemSetup/AllowanceTypes/Index.tsx'
    Imported via "@/components/ui/button" from file 'C:/Users/DION-SERVER/Desktop/codecanyon-FOhzjwS6-erpgo-saas-all-in-one-business-erp-with-project-account-hrm-crm-pos/main-file/packages/dionone/Hrm/src/Resources/js/Pages/SystemSetup/AnnouncementCategories/Create.tsx'
    Imported via "@/components/ui/button" from file 'C:/Users/DION-SERVER/Desktop/codecanyon-FOhzjwS6-erpgo-saas-all-in-one-business-erp-with-project-account-hrm-crm-pos/main-file/packages/dionone/Hrm/src/Resources/js/Pages/SystemSetup/AnnouncementCategories/Edit.tsx'
    Imported via '@/components/ui/button' from file 'C:/Users/DION-SERVER/Desktop/codecanyon-FOhzjwS6-erpgo-saas-all-in-one-business-erp-with-project-account-hrm-crm-pos/main-file/packages/dionone/Hrm/src/Resources/js/Pages/SystemSetup/AnnouncementCategories/Index.tsx'
    Imported via "@/components/ui/button" from file 'C:/Users/DION-SERVER/Desktop/codecanyon-FOhzjwS6-erpgo-saas-all-in-one-business-erp-with-project-account-hrm-crm-pos/main-file/packages/dionone/Hrm/src/Resources/js/Pages/SystemSetup/AwardTypes/Create.tsx'
    Imported via "@/components/ui/button" from file 'C:/Users/DION-SERVER/Desktop/codecanyon-FOhzjwS6-erpgo-saas-all-in-one-business-erp-with-project-account-hrm-crm-pos/main-file/packages/dionone/Hrm/src/Resources/js/Pages/SystemSetup/AwardTypes/Edit.tsx'
    Imported via '@/components/ui/button' from file 'C:/Users/DION-SERVER/Desktop/codecanyon-FOhzjwS6-erpgo-saas-all-in-one-business-erp-with-project-account-hrm-crm-pos/main-file/packages/dionone/Hrm/src/Resources/js/Pages/SystemSetup/AwardTypes/Index.tsx'
    Imported via "@/components/ui/button" from file 'C:/Users/DION-SERVER/Desktop/codecanyon-FOhzjwS6-erpgo-saas-all-in-one-business-erp-with-project-account-hrm-crm-pos/main-file/packages/dionone/Hrm/src/Resources/js/Pages/SystemSetup/Branches/Create.tsx'
    Imported via "@/components/ui/button" from file 'C:/Users/DION-SERVER/Desktop/codecanyon-FOhzjwS6-erpgo-saas-all-in-one-business-erp-with-project-account-hrm-crm-pos/main-file/packages/dionone/Hrm/src/Resources/js/Pages/SystemSetup/Branches/Edit.tsx'
    Imported via '@/components/ui/button' from file 'C:/Users/DION-SERVER/Desktop/codecanyon-FOhzjwS6-erpgo-saas-all-in-one-business-erp-with-project-account-hrm-crm-pos/main-file/packages/dionone/Hrm/src/Resources/js/Pages/SystemSetup/Branches/Index.tsx'
    Imported via "@/components/ui/button" from file 'C:/Users/DION-SERVER/Desktop/codecanyon-FOhzjwS6-erpgo-saas-all-in-one-business-erp-with-project-account-hrm-crm-pos/main-file/packages/dionone/Hrm/src/Resources/js/Pages/SystemSetup/ComplaintTypes/Create.tsx'
    Imported via "@/components/ui/button" from file 'C:/Users/DION-SERVER/Desktop/codecanyon-FOhzjwS6-erpgo-saas-all-in-one-business-erp-with-project-account-hrm-crm-pos/main-file/packages/dionone/Hrm/src/Resources/js/Pages/SystemSetup/ComplaintTypes/Edit.tsx'
    Imported via '@/components/ui/button' from file 'C:/Users/DION-SERVER/Desktop/codecanyon-FOhzjwS6-erpgo-saas-all-in-one-business-erp-with-project-account-hrm-crm-pos/main-file/packages/dionone/Hrm/src/Resources/js/Pages/SystemSetup/ComplaintTypes/Index.tsx'
    Imported via "@/components/ui/button" from file 'C:/Users/DION-SERVER/Desktop/codecanyon-FOhzjwS6-erpgo-saas-all-in-one-business-erp-with-project-account-hrm-crm-pos/main-file/packages/dionone/Hrm/src/Resources/js/Pages/SystemSetup/DeductionTypes/Create.tsx'
    Imported via "@/components/ui/button" from file 'C:/Users/DION-SERVER/Desktop/codecanyon-FOhzjwS6-erpgo-saas-all-in-one-business-erp-with-project-account-hrm-crm-pos/main-file/packages/dionone/Hrm/src/Resources/js/Pages/SystemSetup/DeductionTypes/Edit.tsx'
    Imported via '@/components/ui/button' from file 'C:/Users/DION-SERVER/Desktop/codecanyon-FOhzjwS6-erpgo-saas-all-in-one-business-erp-with-project-account-hrm-crm-pos/main-file/packages/dionone/Hrm/src/Resources/js/Pages/SystemSetup/DeductionTypes/Index.tsx'
    Imported via "@/components/ui/button" from file 'C:/Users/DION-SERVER/Desktop/codecanyon-FOhzjwS6-erpgo-saas-all-in-one-business-erp-with-project-account-hrm-crm-pos/main-file/packages/dionone/Hrm/src/Resources/js/Pages/SystemSetup/Departments/Create.tsx'
    Imported via "@/components/ui/button" from file 'C:/Users/DION-SERVER/Desktop/codecanyon-FOhzjwS6-erpgo-saas-all-in-one-business-erp-with-project-account-hrm-crm-pos/main-file/packages/dionone/Hrm/src/Resources/js/Pages/SystemSetup/Departments/Edit.tsx'
    Imported via '@/components/ui/button' from file 'C:/Users/DION-SERVER/Desktop/codecanyon-FOhzjwS6-erpgo-saas-all-in-one-business-erp-with-project-account-hrm-crm-pos/main-file/packages/dionone/Hrm/src/Resources/js/Pages/SystemSetup/Departments/Index.tsx'
    Imported via "@/components/ui/button" from file 'C:/Users/DION-SERVER/Desktop/codecanyon-FOhzjwS6-erpgo-saas-all-in-one-business-erp-with-project-account-hrm-crm-pos/main-file/packages/dionone/Hrm/src/Resources/js/Pages/SystemSetup/Designations/Create.tsx'
    Imported via "@/components/ui/button" from file 'C:/Users/DION-SERVER/Desktop/codecanyon-FOhzjwS6-erpgo-saas-all-in-one-business-erp-with-project-account-hrm-crm-pos/main-file/packages/dionone/Hrm/src/Resources/js/Pages/SystemSetup/Designations/Edit.tsx'
    Imported via '@/components/ui/button' from file 'C:/Users/DION-SERVER/Desktop/codecanyon-FOhzjwS6-erpgo-saas-all-in-one-business-erp-with-project-account-hrm-crm-pos/main-file/packages/dionone/Hrm/src/Resources/js/Pages/SystemSetup/Designations/Index.tsx'
    Imported via "@/components/ui/button" from file 'C:/Users/DION-SERVER/Desktop/codecanyon-FOhzjwS6-erpgo-saas-all-in-one-business-erp-with-project-account-hrm-crm-pos/main-file/packages/dionone/Hrm/src/Resources/js/Pages/SystemSetup/DocumentCategories/Create.tsx'
    Imported via "@/components/ui/button" from file 'C:/Users/DION-SERVER/Desktop/codecanyon-FOhzjwS6-erpgo-saas-all-in-one-business-erp-with-project-account-hrm-crm-pos/main-file/packages/dionone/Hrm/src/Resources/js/Pages/SystemSetup/DocumentCategories/Edit.tsx'
    Imported via '@/components/ui/button' from file 'C:/Users/DION-SERVER/Desktop/codecanyon-FOhzjwS6-erpgo-saas-all-in-one-business-erp-with-project-account-hrm-crm-pos/main-file/packages/dionone/Hrm/src/Resources/js/Pages/SystemSetup/DocumentCategories/Index.tsx'
    Imported via "@/components/ui/button" from file 'C:/Users/DION-SERVER/Desktop/codecanyon-FOhzjwS6-erpgo-saas-all-in-one-business-erp-with-project-account-hrm-crm-pos/main-file/packages/dionone/Hrm/src/Resources/js/Pages/SystemSetup/EmployeeDocumentTypes/Create.tsx'
    Imported via "@/components/ui/button" from file 'C:/Users/DION-SERVER/Desktop/codecanyon-FOhzjwS6-erpgo-saas-all-in-one-business-erp-with-project-account-hrm-crm-pos/main-file/packages/dionone/Hrm/src/Resources/js/Pages/SystemSetup/EmployeeDocumentTypes/Edit.tsx'
    Imported via '@/components/ui/button' from file 'C:/Users/DION-SERVER/Desktop/codecanyon-FOhzjwS6-erpgo-saas-all-in-one-business-erp-with-project-account-hrm-crm-pos/main-file/packages/dionone/Hrm/src/Resources/js/Pages/SystemSetup/EmployeeDocumentTypes/Index.tsx'
    Imported via "@/components/ui/button" from file 'C:/Users/DION-SERVER/Desktop/codecanyon-FOhzjwS6-erpgo-saas-all-in-one-business-erp-with-project-account-hrm-crm-pos/main-file/packages/dionone/Hrm/src/Resources/js/Pages/SystemSetup/EventTypes/Create.tsx'
    Imported via "@/components/ui/button" from file 'C:/Users/DION-SERVER/Desktop/codecanyon-FOhzjwS6-erpgo-saas-all-in-one-business-erp-with-project-account-hrm-crm-pos/main-file/packages/dionone/Hrm/src/Resources/js/Pages/SystemSetup/EventTypes/Edit.tsx'
    Imported via '@/components/ui/button' from file 'C:/Users/DION-SERVER/Desktop/codecanyon-FOhzjwS6-erpgo-saas-all-in-one-business-erp-with-project-account-hrm-crm-pos/main-file/packages/dionone/Hrm/src/Resources/js/Pages/SystemSetup/EventTypes/Index.tsx'
    Imported via "@/components/ui/button" from file 'C:/Users/DION-SERVER/Desktop/codecanyon-FOhzjwS6-erpgo-saas-all-in-one-business-erp-with-project-account-hrm-crm-pos/main-file/packages/dionone/Hrm/src/Resources/js/Pages/SystemSetup/HolidayTypes/Create.tsx'
    Imported via "@/components/ui/button" from file 'C:/Users/DION-SERVER/Desktop/codecanyon-FOhzjwS6-erpgo-saas-all-in-one-business-erp-with-project-account-hrm-crm-pos/main-file/packages/dionone/Hrm/src/Resources/js/Pages/SystemSetup/HolidayTypes/Edit.tsx'
    Imported via '@/components/ui/button' from file 'C:/Users/DION-SERVER/Desktop/codecanyon-FOhzjwS6-erpgo-saas-all-in-one-business-erp-with-project-account-hrm-crm-pos/main-file/packages/dionone/Hrm/src/Resources/js/Pages/SystemSetup/HolidayTypes/Index.tsx'
    Imported via "@/components/ui/button" from file 'C:/Users/DION-SERVER/Desktop/codecanyon-FOhzjwS6-erpgo-saas-all-in-one-business-erp-with-project-account-hrm-crm-pos/main-file/packages/dionone/Hrm/src/Resources/js/Pages/SystemSetup/IpRestricts/Create.tsx'
    Imported via "@/components/ui/button" from file 'C:/Users/DION-SERVER/Desktop/codecanyon-FOhzjwS6-erpgo-saas-all-in-one-business-erp-with-project-account-hrm-crm-pos/main-file/packages/dionone/Hrm/src/Resources/js/Pages/SystemSetup/IpRestricts/Edit.tsx'
    Imported via '@/components/ui/button' from file 'C:/Users/DION-SERVER/Desktop/codecanyon-FOhzjwS6-erpgo-saas-all-in-one-business-erp-with-project-account-hrm-crm-pos/main-file/packages/dionone/Hrm/src/Resources/js/Pages/SystemSetup/IpRestricts/Index.tsx'
    Imported via "@/components/ui/button" from file 'C:/Users/DION-SERVER/Desktop/codecanyon-FOhzjwS6-erpgo-saas-all-in-one-business-erp-with-project-account-hrm-crm-pos/main-file/packages/dionone/Hrm/src/Resources/js/Pages/SystemSetup/LoanTypes/Create.tsx'
    Imported via "@/components/ui/button" from file 'C:/Users/DION-SERVER/Desktop/codecanyon-FOhzjwS6-erpgo-saas-all-in-one-business-erp-with-project-account-hrm-crm-pos/main-file/packages/dionone/Hrm/src/Resources/js/Pages/SystemSetup/LoanTypes/Edit.tsx'
    Imported via '@/components/ui/button' from file 'C:/Users/DION-SERVER/Desktop/codecanyon-FOhzjwS6-erpgo-saas-all-in-one-business-erp-with-project-account-hrm-crm-pos/main-file/packages/dionone/Hrm/src/Resources/js/Pages/SystemSetup/LoanTypes/Index.tsx'
    Imported via "@/components/ui/button" from file 'C:/Users/DION-SERVER/Desktop/codecanyon-FOhzjwS6-erpgo-saas-all-in-one-business-erp-with-project-account-hrm-crm-pos/main-file/packages/dionone/Hrm/src/Resources/js/Pages/SystemSetup/TerminationTypes/Create.tsx'
    Imported via "@/components/ui/button" from file 'C:/Users/DION-SERVER/Desktop/codecanyon-FOhzjwS6-erpgo-saas-all-in-one-business-erp-with-project-account-hrm-crm-pos/main-file/packages/dionone/Hrm/src/Resources/js/Pages/SystemSetup/TerminationTypes/Edit.tsx'
    Imported via '@/components/ui/button' from file 'C:/Users/DION-SERVER/Desktop/codecanyon-FOhzjwS6-erpgo-saas-all-in-one-business-erp-with-project-account-hrm-crm-pos/main-file/packages/dionone/Hrm/src/Resources/js/Pages/SystemSetup/TerminationTypes/Index.tsx'
    Imported via "@/components/ui/button" from file 'C:/Users/DION-SERVER/Desktop/codecanyon-FOhzjwS6-erpgo-saas-all-in-one-business-erp-with-project-account-hrm-crm-pos/main-file/packages/dionone/Hrm/src/Resources/js/Pages/SystemSetup/WarningTypes/Create.tsx'
    Imported via "@/components/ui/button" from file 'C:/Users/DION-SERVER/Desktop/codecanyon-FOhzjwS6-erpgo-saas-all-in-one-business-erp-with-project-account-hrm-crm-pos/main-file/packages/dionone/Hrm/src/Resources/js/Pages/SystemSetup/WarningTypes/Edit.tsx'
    Imported via '@/components/ui/button' from file 'C:/Users/DION-SERVER/Desktop/codecanyon-FOhzjwS6-erpgo-saas-all-in-one-business-erp-with-project-account-hrm-crm-pos/main-file/packages/dionone/Hrm/src/Resources/js/Pages/SystemSetup/WarningTypes/Index.tsx'
    Imported via '@/components/ui/button' from file 'C:/Users/DION-SERVER/Desktop/codecanyon-FOhzjwS6-erpgo-saas-all-in-one-business-erp-with-project-account-hrm-crm-pos/main-file/packages/dionone/Hrm/src/Resources/js/Pages/SystemSetup/WorkingDays/Index.tsx'
    Imported via "@/components/ui/button" from file 'C:/Users/DION-SERVER/Desktop/codecanyon-FOhzjwS6-erpgo-saas-all-in-one-business-erp-with-project-account-hrm-crm-pos/main-file/packages/dionone/Hrm/src/Resources/js/Pages/Terminations/Create.tsx'
    Imported via "@/components/ui/button" from file 'C:/Users/DION-SERVER/Desktop/codecanyon-FOhzjwS6-erpgo-saas-all-in-one-business-erp-with-project-account-hrm-crm-pos/main-file/packages/dionone/Hrm/src/Resources/js/Pages/Terminations/Edit.tsx'
    Imported via '@/components/ui/button' from file 'C:/Users/DION-SERVER/Desktop/codecanyon-FOhzjwS6-erpgo-saas-all-in-one-business-erp-with-project-account-hrm-crm-pos/main-file/packages/dionone/Hrm/src/Resources/js/Pages/Terminations/Index.tsx'
    Imported via '@/components/ui/button' from file 'C:/Users/DION-SERVER/Desktop/codecanyon-FOhzjwS6-erpgo-saas-all-in-one-business-erp-with-project-account-hrm-crm-pos/main-file/packages/dionone/Hrm/src/Resources/js/Pages/Terminations/TerminationStatusModal.tsx'
    Imported via '@/components/ui/button' from file 'C:/Users/DION-SERVER/Desktop/codecanyon-FOhzjwS6-erpgo-saas-all-in-one-business-erp-with-project-account-hrm-crm-pos/main-file/packages/dionone/Hrm/src/Resources/js/Pages/Terminations/View.tsx'
    Imported via "@/components/ui/button" from file 'C:/Users/DION-SERVER/Desktop/codecanyon-FOhzjwS6-erpgo-saas-all-in-one-business-erp-with-project-account-hrm-crm-pos/main-file/packages/dionone/Hrm/src/Resources/js/Pages/Warnings/Create.tsx'
    Imported via "@/components/ui/button" from file 'C:/Users/DION-SERVER/Desktop/codecanyon-FOhzjwS6-erpgo-saas-all-in-one-business-erp-with-project-account-hrm-crm-pos/main-file/packages/dionone/Hrm/src/Resources/js/Pages/Warnings/Edit.tsx'
    Imported via '@/components/ui/button' from file 'C:/Users/DION-SERVER/Desktop/codecanyon-FOhzjwS6-erpgo-saas-all-in-one-business-erp-with-project-account-hrm-crm-pos/main-file/packages/dionone/Hrm/src/Resources/js/Pages/Warnings/Index.tsx'
    Imported via "@/components/ui/button" from file 'C:/Users/DION-SERVER/Desktop/codecanyon-FOhzjwS6-erpgo-saas-all-in-one-business-erp-with-project-account-hrm-crm-pos/main-file/packages/dionone/Hrm/src/Resources/js/Pages/Warnings/Response.tsx'
    Imported via '@/components/ui/button' from file 'C:/Users/DION-SERVER/Desktop/codecanyon-FOhzjwS6-erpgo-saas-all-in-one-business-erp-with-project-account-hrm-crm-pos/main-file/packages/dionone/LandingPage/src/Resources/js/Pages/components/AddonCard.tsx'
    Imported via '@/components/ui/button' from file 'C:/Users/DION-SERVER/Desktop/codecanyon-FOhzjwS6-erpgo-saas-all-in-one-business-erp-with-project-account-hrm-crm-pos/main-file/packages/dionone/LandingPage/src/Resources/js/Pages/Settings.tsx'
    Imported via '@/components/ui/button' from file 'C:/Users/DION-SERVER/Desktop/codecanyon-FOhzjwS6-erpgo-saas-all-in-one-business-erp-with-project-account-hrm-crm-pos/main-file/packages/dionone/LandingPage/src/Resources/js/Pages/components/settings/CTA.tsx'
    Imported via '@/components/ui/button' from file 'C:/Users/DION-SERVER/Desktop/codecanyon-FOhzjwS6-erpgo-saas-all-in-one-business-erp-with-project-account-hrm-crm-pos/main-file/packages/dionone/LandingPage/src/Resources/js/Pages/components/settings/Footer.tsx'
    Imported via '@/components/ui/button' from file 'C:/Users/DION-SERVER/Desktop/codecanyon-FOhzjwS6-erpgo-saas-all-in-one-business-erp-with-project-account-hrm-crm-pos/main-file/packages/dionone/LandingPage/src/Resources/js/Pages/CustomPages/Create.tsx'
    Imported via '@/components/ui/button' from file 'C:/Users/DION-SERVER/Desktop/codecanyon-FOhzjwS6-erpgo-saas-all-in-one-business-erp-with-project-account-hrm-crm-pos/main-file/packages/dionone/LandingPage/src/Resources/js/Pages/CustomPages/Edit.tsx'
    Imported via '@/components/ui/button' from file 'C:/Users/DION-SERVER/Desktop/codecanyon-FOhzjwS6-erpgo-saas-all-in-one-business-erp-with-project-account-hrm-crm-pos/main-file/packages/dionone/LandingPage/src/Resources/js/Pages/CustomPages/Index.tsx'
    Imported via '@/components/ui/button' from file 'C:/Users/DION-SERVER/Desktop/codecanyon-FOhzjwS6-erpgo-saas-all-in-one-business-erp-with-project-account-hrm-crm-pos/main-file/packages/dionone/LandingPage/src/Resources/js/Pages/NewsletterSubscribers/Index.tsx'
    Imported via '@/components/ui/button' from file 'C:/Users/DION-SERVER/Desktop/codecanyon-FOhzjwS6-erpgo-saas-all-in-one-business-erp-with-project-account-hrm-crm-pos/main-file/packages/dionone/LandingPage/src/Resources/js/Pages/marketplace/Settings.tsx'
    Imported via '@/components/ui/button' from file 'C:/Users/DION-SERVER/Desktop/codecanyon-FOhzjwS6-erpgo-saas-all-in-one-business-erp-with-project-account-hrm-crm-pos/main-file/packages/dionone/Lead/src/Resources/js/Pages/Dashboard/CompanyDashboard.tsx'
    Imported via "@/components/ui/button" from file 'C:/Users/DION-SERVER/Desktop/codecanyon-FOhzjwS6-erpgo-saas-all-in-one-business-erp-with-project-account-hrm-crm-pos/main-file/packages/dionone/Lead/src/Resources/js/Pages/Deals/Create.tsx'
    Imported via "@/components/ui/button" from file 'C:/Users/DION-SERVER/Desktop/codecanyon-FOhzjwS6-erpgo-saas-all-in-one-business-erp-with-project-account-hrm-crm-pos/main-file/packages/dionone/Lead/src/Resources/js/Pages/Deals/Edit.tsx'
    Imported via '@/components/ui/button' from file 'C:/Users/DION-SERVER/Desktop/codecanyon-FOhzjwS6-erpgo-saas-all-in-one-business-erp-with-project-account-hrm-crm-pos/main-file/packages/dionone/Lead/src/Resources/js/Pages/Deals/Index.tsx'
    Imported via '@/components/ui/button' from file 'C:/Users/DION-SERVER/Desktop/codecanyon-FOhzjwS6-erpgo-saas-all-in-one-business-erp-with-project-account-hrm-crm-pos/main-file/packages/dionone/Lead/src/Resources/js/Pages/Deals/View.tsx'
    Imported via '@/components/ui/button' from file 'C:/Users/DION-SERVER/Desktop/codecanyon-FOhzjwS6-erpgo-saas-all-in-one-business-erp-with-project-account-hrm-crm-pos/main-file/packages/dionone/Lead/src/Resources/js/Pages/Deals/LabelView.tsx'
    Imported via '@/components/ui/button' from file 'C:/Users/DION-SERVER/Desktop/codecanyon-FOhzjwS6-erpgo-saas-all-in-one-business-erp-with-project-account-hrm-crm-pos/main-file/packages/dionone/Lead/src/Resources/js/Pages/Deals/Show.tsx'
    Imported via "@/components/ui/button" from file 'C:/Users/DION-SERVER/Desktop/codecanyon-FOhzjwS6-erpgo-saas-all-in-one-business-erp-with-project-account-hrm-crm-pos/main-file/packages/dionone/Lead/src/Resources/js/Pages/Deals/Show/DealShowSidebar.tsx'
    Imported via '@/components/ui/button' from file 'C:/Users/DION-SERVER/Desktop/codecanyon-FOhzjwS6-erpgo-saas-all-in-one-business-erp-with-project-account-hrm-crm-pos/main-file/packages/dionone/Lead/src/Resources/js/Pages/Deals/Show/General.tsx'
    Imported via '@/components/ui/button' from file 'C:/Users/DION-SERVER/Desktop/codecanyon-FOhzjwS6-erpgo-saas-all-in-one-business-erp-with-project-account-hrm-crm-pos/main-file/packages/dionone/Lead/src/Resources/js/Pages/Deals/Show/Tasks.tsx'
    Imported via '@/components/ui/button' from file 'C:/Users/DION-SERVER/Desktop/codecanyon-FOhzjwS6-erpgo-saas-all-in-one-business-erp-with-project-account-hrm-crm-pos/main-file/packages/dionone/Lead/src/Resources/js/Pages/Deals/Show/Users.tsx'
    Imported via '@/components/ui/button' from file 'C:/Users/DION-SERVER/Desktop/codecanyon-FOhzjwS6-erpgo-saas-all-in-one-business-erp-with-project-account-hrm-crm-pos/main-file/packages/dionone/Lead/src/Resources/js/Pages/Deals/Show/Products.tsx'
    Imported via '@/components/ui/button' from file 'C:/Users/DION-SERVER/Desktop/codecanyon-FOhzjwS6-erpgo-saas-all-in-one-business-erp-with-project-account-hrm-crm-pos/main-file/packages/dionone/Lead/src/Resources/js/Pages/Deals/Show/Sources.tsx'
    Imported via '@/components/ui/button' from file 'C:/Users/DION-SERVER/Desktop/codecanyon-FOhzjwS6-erpgo-saas-all-in-one-business-erp-with-project-account-hrm-crm-pos/main-file/packages/dionone/Lead/src/Resources/js/Pages/Deals/Show/Files.tsx'
    Imported via '@/components/ui/button' from file 'C:/Users/DION-SERVER/Desktop/codecanyon-FOhzjwS6-erpgo-saas-all-in-one-business-erp-with-project-account-hrm-crm-pos/main-file/packages/dionone/Lead/src/Resources/js/Pages/Deals/Show/Calls.tsx'
    Imported via '@/components/ui/button' from file 'C:/Users/DION-SERVER/Desktop/codecanyon-FOhzjwS6-erpgo-saas-all-in-one-business-erp-with-project-account-hrm-crm-pos/main-file/packages/dionone/Lead/src/Resources/js/Pages/Deals/Show/Clients.tsx'
    Imported via '@/components/ui/button' from file 'C:/Users/DION-SERVER/Desktop/codecanyon-FOhzjwS6-erpgo-saas-all-in-one-business-erp-with-project-account-hrm-crm-pos/main-file/packages/dionone/Lead/src/Resources/js/Pages/Deals/Show/Discussions.tsx'
    Imported via '@/components/ui/button' from file 'C:/Users/DION-SERVER/Desktop/codecanyon-FOhzjwS6-erpgo-saas-all-in-one-business-erp-with-project-account-hrm-crm-pos/main-file/packages/dionone/Lead/src/Resources/js/Pages/Deals/Show/Emails.tsx'
    Imported via "@/components/ui/button" from file 'C:/Users/DION-SERVER/Desktop/codecanyon-FOhzjwS6-erpgo-saas-all-in-one-business-erp-with-project-account-hrm-crm-pos/main-file/packages/dionone/Lead/src/Resources/js/Pages/Leads/Create.tsx'
    Imported via "@/components/ui/button" from file 'C:/Users/DION-SERVER/Desktop/codecanyon-FOhzjwS6-erpgo-saas-all-in-one-business-erp-with-project-account-hrm-crm-pos/main-file/packages/dionone/Lead/src/Resources/js/Pages/Leads/Edit.tsx'
    Imported via '@/components/ui/button' from file 'C:/Users/DION-SERVER/Desktop/codecanyon-FOhzjwS6-erpgo-saas-all-in-one-business-erp-with-project-account-hrm-crm-pos/main-file/packages/dionone/Lead/src/Resources/js/Pages/Leads/Index.tsx'
    Imported via '@/components/ui/button' from file 'C:/Users/DION-SERVER/Desktop/codecanyon-FOhzjwS6-erpgo-saas-all-in-one-business-erp-with-project-account-hrm-crm-pos/main-file/packages/dionone/Lead/src/Resources/js/Pages/Leads/LabelView.tsx'
    Imported via '@/components/ui/button' from file 'C:/Users/DION-SERVER/Desktop/codecanyon-FOhzjwS6-erpgo-saas-all-in-one-business-erp-with-project-account-hrm-crm-pos/main-file/packages/dionone/Lead/src/Resources/js/Pages/Leads/Show/Index.tsx'
    Imported via '@/components/ui/button' from file 'C:/Users/DION-SERVER/Desktop/codecanyon-FOhzjwS6-erpgo-saas-all-in-one-business-erp-with-project-account-hrm-crm-pos/main-file/packages/dionone/Lead/src/Resources/js/Pages/Leads/Show/LeadSidebar.tsx'
    Imported via '@/components/ui/button' from file 'C:/Users/DION-SERVER/Desktop/codecanyon-FOhzjwS6-erpgo-saas-all-in-one-business-erp-with-project-account-hrm-crm-pos/main-file/packages/dionone/Lead/src/Resources/js/Pages/Leads/Show/General.tsx'
    Imported via '@/components/ui/button' from file 'C:/Users/DION-SERVER/Desktop/codecanyon-FOhzjwS6-erpgo-saas-all-in-one-business-erp-with-project-account-hrm-crm-pos/main-file/packages/dionone/Lead/src/Resources/js/Pages/Leads/Show/Tasks.tsx'
    Imported via '@/components/ui/button' from file 'C:/Users/DION-SERVER/Desktop/codecanyon-FOhzjwS6-erpgo-saas-all-in-one-business-erp-with-project-account-hrm-crm-pos/main-file/packages/dionone/Lead/src/Resources/js/Pages/Leads/Show/Users.tsx'
    Imported via '@/components/ui/button' from file 'C:/Users/DION-SERVER/Desktop/codecanyon-FOhzjwS6-erpgo-saas-all-in-one-business-erp-with-project-account-hrm-crm-pos/main-file/packages/dionone/Lead/src/Resources/js/Pages/Leads/Show/Products.tsx'
    Imported via '@/components/ui/button' from file 'C:/Users/DION-SERVER/Desktop/codecanyon-FOhzjwS6-erpgo-saas-all-in-one-business-erp-with-project-account-hrm-crm-pos/main-file/packages/dionone/Lead/src/Resources/js/Pages/Leads/Show/Sources.tsx'
    Imported via '@/components/ui/button' from file 'C:/Users/DION-SERVER/Desktop/codecanyon-FOhzjwS6-erpgo-saas-all-in-one-business-erp-with-project-account-hrm-crm-pos/main-file/packages/dionone/Lead/src/Resources/js/Pages/Leads/Show/Calls.tsx'
    Imported via '@/components/ui/button' from file 'C:/Users/DION-SERVER/Desktop/codecanyon-FOhzjwS6-erpgo-saas-all-in-one-business-erp-with-project-account-hrm-crm-pos/main-file/packages/dionone/Lead/src/Resources/js/Pages/Leads/Show/Files.tsx'
    Imported via '@/components/ui/button' from file 'C:/Users/DION-SERVER/Desktop/codecanyon-FOhzjwS6-erpgo-saas-all-in-one-business-erp-with-project-account-hrm-crm-pos/main-file/packages/dionone/Lead/src/Resources/js/Pages/Leads/Show/ConvertToDeal.tsx'
    Imported via '@/components/ui/button' from file 'C:/Users/DION-SERVER/Desktop/codecanyon-FOhzjwS6-erpgo-saas-all-in-one-business-erp-with-project-account-hrm-crm-pos/main-file/packages/dionone/Lead/src/Resources/js/Pages/Leads/Show/Discussions.tsx'
    Imported via '@/components/ui/button' from file 'C:/Users/DION-SERVER/Desktop/codecanyon-FOhzjwS6-erpgo-saas-all-in-one-business-erp-with-project-account-hrm-crm-pos/main-file/packages/dionone/Lead/src/Resources/js/Pages/Leads/Show/Emails.tsx'
    Imported via "@/components/ui/button" from file 'C:/Users/DION-SERVER/Desktop/codecanyon-FOhzjwS6-erpgo-saas-all-in-one-business-erp-with-project-account-hrm-crm-pos/main-file/packages/dionone/Lead/src/Resources/js/Pages/Reports/DealReports.tsx'
    Imported via "@/components/ui/button" from file 'C:/Users/DION-SERVER/Desktop/codecanyon-FOhzjwS6-erpgo-saas-all-in-one-business-erp-with-project-account-hrm-crm-pos/main-file/packages/dionone/Lead/src/Resources/js/Pages/Reports/Index.tsx'
    Imported via "@/components/ui/button" from file 'C:/Users/DION-SERVER/Desktop/codecanyon-FOhzjwS6-erpgo-saas-all-in-one-business-erp-with-project-account-hrm-crm-pos/main-file/packages/dionone/Lead/src/Resources/js/Pages/Reports/LeadReports.tsx'
    Imported via "@/components/ui/button" from file 'C:/Users/DION-SERVER/Desktop/codecanyon-FOhzjwS6-erpgo-saas-all-in-one-business-erp-with-project-account-hrm-crm-pos/main-file/packages/dionone/Lead/src/Resources/js/Pages/SystemSetup/SystemSetupSidebar.tsx'
    Imported via "@/components/ui/button" from file 'C:/Users/DION-SERVER/Desktop/codecanyon-FOhzjwS6-erpgo-saas-all-in-one-business-erp-with-project-account-hrm-crm-pos/main-file/packages/dionone/Lead/src/Resources/js/Pages/SystemSetup/DealStages/Create.tsx'
    Imported via "@/components/ui/button" from file 'C:/Users/DION-SERVER/Desktop/codecanyon-FOhzjwS6-erpgo-saas-all-in-one-business-erp-with-project-account-hrm-crm-pos/main-file/packages/dionone/Lead/src/Resources/js/Pages/SystemSetup/DealStages/Edit.tsx'
    Imported via '@/components/ui/button' from file 'C:/Users/DION-SERVER/Desktop/codecanyon-FOhzjwS6-erpgo-saas-all-in-one-business-erp-with-project-account-hrm-crm-pos/main-file/packages/dionone/Lead/src/Resources/js/Pages/SystemSetup/DealStages/Index.tsx'
    Imported via "@/components/ui/button" from file 'C:/Users/DION-SERVER/Desktop/codecanyon-FOhzjwS6-erpgo-saas-all-in-one-business-erp-with-project-account-hrm-crm-pos/main-file/packages/dionone/Lead/src/Resources/js/Pages/SystemSetup/Labels/Create.tsx'
    Imported via "@/components/ui/button" from file 'C:/Users/DION-SERVER/Desktop/codecanyon-FOhzjwS6-erpgo-saas-all-in-one-business-erp-with-project-account-hrm-crm-pos/main-file/packages/dionone/Lead/src/Resources/js/Pages/SystemSetup/Labels/Edit.tsx'
    Imported via '@/components/ui/button' from file 'C:/Users/DION-SERVER/Desktop/codecanyon-FOhzjwS6-erpgo-saas-all-in-one-business-erp-with-project-account-hrm-crm-pos/main-file/packages/dionone/Lead/src/Resources/js/Pages/SystemSetup/Labels/Index.tsx'
    Imported via "@/components/ui/button" from file 'C:/Users/DION-SERVER/Desktop/codecanyon-FOhzjwS6-erpgo-saas-all-in-one-business-erp-with-project-account-hrm-crm-pos/main-file/packages/dionone/Lead/src/Resources/js/Pages/SystemSetup/LeadStages/Create.tsx'
    Imported via "@/components/ui/button" from file 'C:/Users/DION-SERVER/Desktop/codecanyon-FOhzjwS6-erpgo-saas-all-in-one-business-erp-with-project-account-hrm-crm-pos/main-file/packages/dionone/Lead/src/Resources/js/Pages/SystemSetup/LeadStages/Edit.tsx'
    Imported via '@/components/ui/button' from file 'C:/Users/DION-SERVER/Desktop/codecanyon-FOhzjwS6-erpgo-saas-all-in-one-business-erp-with-project-account-hrm-crm-pos/main-file/packages/dionone/Lead/src/Resources/js/Pages/SystemSetup/LeadStages/Index.tsx'
    Imported via "@/components/ui/button" from file 'C:/Users/DION-SERVER/Desktop/codecanyon-FOhzjwS6-erpgo-saas-all-in-one-business-erp-with-project-account-hrm-crm-pos/main-file/packages/dionone/Lead/src/Resources/js/Pages/SystemSetup/Pipelines/Create.tsx'
    Imported via "@/components/ui/button" from file 'C:/Users/DION-SERVER/Desktop/codecanyon-FOhzjwS6-erpgo-saas-all-in-one-business-erp-with-project-account-hrm-crm-pos/main-file/packages/dionone/Lead/src/Resources/js/Pages/SystemSetup/Pipelines/Edit.tsx'
    Imported via '@/components/ui/button' from file 'C:/Users/DION-SERVER/Desktop/codecanyon-FOhzjwS6-erpgo-saas-all-in-one-business-erp-with-project-account-hrm-crm-pos/main-file/packages/dionone/Lead/src/Resources/js/Pages/SystemSetup/Pipelines/Index.tsx'
    Imported via "@/components/ui/button" from file 'C:/Users/DION-SERVER/Desktop/codecanyon-FOhzjwS6-erpgo-saas-all-in-one-business-erp-with-project-account-hrm-crm-pos/main-file/packages/dionone/Lead/src/Resources/js/Pages/SystemSetup/Sources/Create.tsx'
    Imported via "@/components/ui/button" from file 'C:/Users/DION-SERVER/Desktop/codecanyon-FOhzjwS6-erpgo-saas-all-in-one-business-erp-with-project-account-hrm-crm-pos/main-file/packages/dionone/Lead/src/Resources/js/Pages/SystemSetup/Sources/Edit.tsx'
    Imported via '@/components/ui/button' from file 'C:/Users/DION-SERVER/Desktop/codecanyon-FOhzjwS6-erpgo-saas-all-in-one-business-erp-with-project-account-hrm-crm-pos/main-file/packages/dionone/Lead/src/Resources/js/Pages/SystemSetup/Sources/Index.tsx'
    Imported via '@/components/ui/button' from file 'C:/Users/DION-SERVER/Desktop/codecanyon-FOhzjwS6-erpgo-saas-all-in-one-business-erp-with-project-account-hrm-crm-pos/main-file/packages/dionone/Paypal/src/Resources/js/settings/components/paypal-settings.tsx'
    Imported via "@/components/ui/button" from file 'C:/Users/DION-SERVER/Desktop/codecanyon-FOhzjwS6-erpgo-saas-all-in-one-business-erp-with-project-account-hrm-crm-pos/main-file/packages/dionone/Performance/src/Resources/js/Pages/EmployeeGoals/Create.tsx'
    Imported via "@/components/ui/button" from file 'C:/Users/DION-SERVER/Desktop/codecanyon-FOhzjwS6-erpgo-saas-all-in-one-business-erp-with-project-account-hrm-crm-pos/main-file/packages/dionone/Performance/src/Resources/js/Pages/EmployeeGoals/Edit.tsx'
    Imported via '@/components/ui/button' from file 'C:/Users/DION-SERVER/Desktop/codecanyon-FOhzjwS6-erpgo-saas-all-in-one-business-erp-with-project-account-hrm-crm-pos/main-file/packages/dionone/Performance/src/Resources/js/Pages/EmployeeGoals/Index.tsx'
    Imported via "@/components/ui/button" from file 'C:/Users/DION-SERVER/Desktop/codecanyon-FOhzjwS6-erpgo-saas-all-in-one-business-erp-with-project-account-hrm-crm-pos/main-file/packages/dionone/Performance/src/Resources/js/Pages/EmployeeReviews/Conduct.tsx'
    Imported via "@/components/ui/button" from file 'C:/Users/DION-SERVER/Desktop/codecanyon-FOhzjwS6-erpgo-saas-all-in-one-business-erp-with-project-account-hrm-crm-pos/main-file/packages/dionone/Performance/src/Resources/js/Pages/EmployeeReviews/Create.tsx'
    Imported via "@/components/ui/button" from file 'C:/Users/DION-SERVER/Desktop/codecanyon-FOhzjwS6-erpgo-saas-all-in-one-business-erp-with-project-account-hrm-crm-pos/main-file/packages/dionone/Performance/src/Resources/js/Pages/EmployeeReviews/Edit.tsx'
    Imported via '@/components/ui/button' from file 'C:/Users/DION-SERVER/Desktop/codecanyon-FOhzjwS6-erpgo-saas-all-in-one-business-erp-with-project-account-hrm-crm-pos/main-file/packages/dionone/Performance/src/Resources/js/Pages/EmployeeReviews/Index.tsx'
    Imported via "@/components/ui/button" from file 'C:/Users/DION-SERVER/Desktop/codecanyon-FOhzjwS6-erpgo-saas-all-in-one-business-erp-with-project-account-hrm-crm-pos/main-file/packages/dionone/Performance/src/Resources/js/Pages/Indicators/Create.tsx'
    Imported via "@/components/ui/button" from file 'C:/Users/DION-SERVER/Desktop/codecanyon-FOhzjwS6-erpgo-saas-all-in-one-business-erp-with-project-account-hrm-crm-pos/main-file/packages/dionone/Performance/src/Resources/js/Pages/Indicators/Edit.tsx'
    Imported via '@/components/ui/button' from file 'C:/Users/DION-SERVER/Desktop/codecanyon-FOhzjwS6-erpgo-saas-all-in-one-business-erp-with-project-account-hrm-crm-pos/main-file/packages/dionone/Performance/src/Resources/js/Pages/Indicators/Index.tsx'
    Imported via "@/components/ui/button" from file 'C:/Users/DION-SERVER/Desktop/codecanyon-FOhzjwS6-erpgo-saas-all-in-one-business-erp-with-project-account-hrm-crm-pos/main-file/packages/dionone/Performance/src/Resources/js/Pages/ReviewCycles/Create.tsx'
    Imported via "@/components/ui/button" from file 'C:/Users/DION-SERVER/Desktop/codecanyon-FOhzjwS6-erpgo-saas-all-in-one-business-erp-with-project-account-hrm-crm-pos/main-file/packages/dionone/Performance/src/Resources/js/Pages/ReviewCycles/Edit.tsx'
    Imported via '@/components/ui/button' from file 'C:/Users/DION-SERVER/Desktop/codecanyon-FOhzjwS6-erpgo-saas-all-in-one-business-erp-with-project-account-hrm-crm-pos/main-file/packages/dionone/Performance/src/Resources/js/Pages/ReviewCycles/Index.tsx'
    Imported via "@/components/ui/button" from file 'C:/Users/DION-SERVER/Desktop/codecanyon-FOhzjwS6-erpgo-saas-all-in-one-business-erp-with-project-account-hrm-crm-pos/main-file/packages/dionone/Performance/src/Resources/js/Pages/SystemSetup/SystemSetupSidebar.tsx'
    Imported via "@/components/ui/button" from file 'C:/Users/DION-SERVER/Desktop/codecanyon-FOhzjwS6-erpgo-saas-all-in-one-business-erp-with-project-account-hrm-crm-pos/main-file/packages/dionone/Performance/src/Resources/js/Pages/SystemSetup/GoalTypes/Create.tsx'
    Imported via "@/components/ui/button" from file 'C:/Users/DION-SERVER/Desktop/codecanyon-FOhzjwS6-erpgo-saas-all-in-one-business-erp-with-project-account-hrm-crm-pos/main-file/packages/dionone/Performance/src/Resources/js/Pages/SystemSetup/GoalTypes/Edit.tsx'
    Imported via '@/components/ui/button' from file 'C:/Users/DION-SERVER/Desktop/codecanyon-FOhzjwS6-erpgo-saas-all-in-one-business-erp-with-project-account-hrm-crm-pos/main-file/packages/dionone/Performance/src/Resources/js/Pages/SystemSetup/GoalTypes/Index.tsx'
    Imported via "@/components/ui/button" from file 'C:/Users/DION-SERVER/Desktop/codecanyon-FOhzjwS6-erpgo-saas-all-in-one-business-erp-with-project-account-hrm-crm-pos/main-file/packages/dionone/Performance/src/Resources/js/Pages/SystemSetup/IndicatorCategories/Create.tsx'
    Imported via "@/components/ui/button" from file 'C:/Users/DION-SERVER/Desktop/codecanyon-FOhzjwS6-erpgo-saas-all-in-one-business-erp-with-project-account-hrm-crm-pos/main-file/packages/dionone/Performance/src/Resources/js/Pages/SystemSetup/IndicatorCategories/Edit.tsx'
    Imported via '@/components/ui/button' from file 'C:/Users/DION-SERVER/Desktop/codecanyon-FOhzjwS6-erpgo-saas-all-in-one-business-erp-with-project-account-hrm-crm-pos/main-file/packages/dionone/Performance/src/Resources/js/Pages/SystemSetup/IndicatorCategories/Index.tsx'
    Imported via '@/components/ui/button' from file 'C:/Users/DION-SERVER/Desktop/codecanyon-FOhzjwS6-erpgo-saas-all-in-one-business-erp-with-project-account-hrm-crm-pos/main-file/packages/dionone/Pos/src/Resources/js/Pages/Barcode/Index.tsx'
    Imported via '@/components/ui/button' from file 'C:/Users/DION-SERVER/Desktop/codecanyon-FOhzjwS6-erpgo-saas-all-in-one-business-erp-with-project-account-hrm-crm-pos/main-file/packages/dionone/Pos/src/Resources/js/Pages/Dashboard/Index.tsx'
    Imported via '@/components/ui/button' from file 'C:/Users/DION-SERVER/Desktop/codecanyon-FOhzjwS6-erpgo-saas-all-in-one-business-erp-with-project-account-hrm-crm-pos/main-file/packages/dionone/Pos/src/Resources/js/Pages/Pos/Create.tsx'
    Imported via '@/components/ui/button' from file 'C:/Users/DION-SERVER/Desktop/codecanyon-FOhzjwS6-erpgo-saas-all-in-one-business-erp-with-project-account-hrm-crm-pos/main-file/packages/dionone/Pos/src/Resources/js/Pages/Pos/ReceiptModal.tsx'
    Imported via '@/components/ui/button' from file 'C:/Users/DION-SERVER/Desktop/codecanyon-FOhzjwS6-erpgo-saas-all-in-one-business-erp-with-project-account-hrm-crm-pos/main-file/packages/dionone/Pos/src/Resources/js/Pages/PosOrder/Index.tsx'
    Imported via '@/components/ui/button' from file 'C:/Users/DION-SERVER/Desktop/codecanyon-FOhzjwS6-erpgo-saas-all-in-one-business-erp-with-project-account-hrm-crm-pos/main-file/packages/dionone/Pos/src/Resources/js/Pages/PosOrder/Show.tsx'
    Imported via "@/components/ui/button" from file 'C:/Users/DION-SERVER/Desktop/codecanyon-FOhzjwS6-erpgo-saas-all-in-one-business-erp-with-project-account-hrm-crm-pos/main-file/packages/dionone/ProductService/src/Resources/js/Pages/Items/Create.tsx'
    Imported via "@/components/ui/button" from file 'C:/Users/DION-SERVER/Desktop/codecanyon-FOhzjwS6-erpgo-saas-all-in-one-business-erp-with-project-account-hrm-crm-pos/main-file/packages/dionone/ProductService/src/Resources/js/Pages/Items/Edit.tsx'
    Imported via '@/components/ui/button' from file 'C:/Users/DION-SERVER/Desktop/codecanyon-FOhzjwS6-erpgo-saas-all-in-one-business-erp-with-project-account-hrm-crm-pos/main-file/packages/dionone/ProductService/src/Resources/js/Pages/Items/Index.tsx'
    Imported via '@/components/ui/button' from file 'C:/Users/DION-SERVER/Desktop/codecanyon-FOhzjwS6-erpgo-saas-all-in-one-business-erp-with-project-account-hrm-crm-pos/main-file/packages/dionone/ProductService/src/Resources/js/Pages/Stock/Index.tsx'
    Imported via "@/components/ui/button" from file 'C:/Users/DION-SERVER/Desktop/codecanyon-FOhzjwS6-erpgo-saas-all-in-one-business-erp-with-project-account-hrm-crm-pos/main-file/packages/dionone/ProductService/src/Resources/js/Pages/SystemSetup/SystemSetupSidebar.tsx'
    Imported via "@/components/ui/button" from file 'C:/Users/DION-SERVER/Desktop/codecanyon-FOhzjwS6-erpgo-saas-all-in-one-business-erp-with-project-account-hrm-crm-pos/main-file/packages/dionone/ProductService/src/Resources/js/Pages/SystemSetup/Categories/Create.tsx'
    Imported via "@/components/ui/button" from file 'C:/Users/DION-SERVER/Desktop/codecanyon-FOhzjwS6-erpgo-saas-all-in-one-business-erp-with-project-account-hrm-crm-pos/main-file/packages/dionone/ProductService/src/Resources/js/Pages/SystemSetup/Categories/Edit.tsx'
    Imported via '@/components/ui/button' from file 'C:/Users/DION-SERVER/Desktop/codecanyon-FOhzjwS6-erpgo-saas-all-in-one-business-erp-with-project-account-hrm-crm-pos/main-file/packages/dionone/ProductService/src/Resources/js/Pages/SystemSetup/Categories/Index.tsx'
    Imported via "@/components/ui/button" from file 'C:/Users/DION-SERVER/Desktop/codecanyon-FOhzjwS6-erpgo-saas-all-in-one-business-erp-with-project-account-hrm-crm-pos/main-file/packages/dionone/ProductService/src/Resources/js/Pages/SystemSetup/Taxes/Create.tsx'
    Imported via "@/components/ui/button" from file 'C:/Users/DION-SERVER/Desktop/codecanyon-FOhzjwS6-erpgo-saas-all-in-one-business-erp-with-project-account-hrm-crm-pos/main-file/packages/dionone/ProductService/src/Resources/js/Pages/SystemSetup/Taxes/Edit.tsx'
    Imported via '@/components/ui/button' from file 'C:/Users/DION-SERVER/Desktop/codecanyon-FOhzjwS6-erpgo-saas-all-in-one-business-erp-with-project-account-hrm-crm-pos/main-file/packages/dionone/ProductService/src/Resources/js/Pages/SystemSetup/Taxes/Index.tsx'
    Imported via "@/components/ui/button" from file 'C:/Users/DION-SERVER/Desktop/codecanyon-FOhzjwS6-erpgo-saas-all-in-one-business-erp-with-project-account-hrm-crm-pos/main-file/packages/dionone/ProductService/src/Resources/js/Pages/SystemSetup/Units/Create.tsx'
    Imported via "@/components/ui/button" from file 'C:/Users/DION-SERVER/Desktop/codecanyon-FOhzjwS6-erpgo-saas-all-in-one-business-erp-with-project-account-hrm-crm-pos/main-file/packages/dionone/ProductService/src/Resources/js/Pages/SystemSetup/Units/Edit.tsx'
    Imported via '@/components/ui/button' from file 'C:/Users/DION-SERVER/Desktop/codecanyon-FOhzjwS6-erpgo-saas-all-in-one-business-erp-with-project-account-hrm-crm-pos/main-file/packages/dionone/ProductService/src/Resources/js/Pages/SystemSetup/Units/Index.tsx'
    Imported via '@/components/ui/button' from file 'C:/Users/DION-SERVER/Desktop/codecanyon-FOhzjwS6-erpgo-saas-all-in-one-business-erp-with-project-account-hrm-crm-pos/main-file/packages/dionone/Quotation/src/Resources/js/Pages/Quotations/components/QuotationItemsTable.tsx'
    Imported via '@/components/ui/button' from file 'C:/Users/DION-SERVER/Desktop/codecanyon-FOhzjwS6-erpgo-saas-all-in-one-business-erp-with-project-account-hrm-crm-pos/main-file/packages/dionone/Quotation/src/Resources/js/Pages/Quotations/Create.tsx'
    Imported via '@/components/ui/button' from file 'C:/Users/DION-SERVER/Desktop/codecanyon-FOhzjwS6-erpgo-saas-all-in-one-business-erp-with-project-account-hrm-crm-pos/main-file/packages/dionone/Quotation/src/Resources/js/Pages/Quotations/Edit.tsx'
    Imported via '@/components/ui/button' from file 'C:/Users/DION-SERVER/Desktop/codecanyon-FOhzjwS6-erpgo-saas-all-in-one-business-erp-with-project-account-hrm-crm-pos/main-file/packages/dionone/Quotation/src/Resources/js/Pages/Quotations/Index.tsx'
    Imported via '@/components/ui/button' from file 'C:/Users/DION-SERVER/Desktop/codecanyon-FOhzjwS6-erpgo-saas-all-in-one-business-erp-with-project-account-hrm-crm-pos/main-file/packages/dionone/Quotation/src/Resources/js/Pages/Quotations/View.tsx'
    Imported via '@/components/ui/button' from file 'C:/Users/DION-SERVER/Desktop/codecanyon-FOhzjwS6-erpgo-saas-all-in-one-business-erp-with-project-account-hrm-crm-pos/main-file/packages/dionone/Recruitment/src/Resources/js/Components/IconSelector.tsx'
    Imported via '@/components/ui/button' from file 'C:/Users/DION-SERVER/Desktop/codecanyon-FOhzjwS6-erpgo-saas-all-in-one-business-erp-with-project-account-hrm-crm-pos/main-file/packages/dionone/Recruitment/src/Resources/js/Components/Frontend/FrontendHeader.tsx'
    Imported via '@/components/ui/button' from file 'C:/Users/DION-SERVER/Desktop/codecanyon-FOhzjwS6-erpgo-saas-all-in-one-business-erp-with-project-account-hrm-crm-pos/main-file/packages/dionone/Recruitment/src/Resources/js/Pages/Index.tsx'
    Imported via "@/components/ui/button" from file 'C:/Users/DION-SERVER/Desktop/codecanyon-FOhzjwS6-erpgo-saas-all-in-one-business-erp-with-project-account-hrm-crm-pos/main-file/packages/dionone/Recruitment/src/Resources/js/Pages/CandidateAssessments/Create.tsx'
    Imported via "@/components/ui/button" from file 'C:/Users/DION-SERVER/Desktop/codecanyon-FOhzjwS6-erpgo-saas-all-in-one-business-erp-with-project-account-hrm-crm-pos/main-file/packages/dionone/Recruitment/src/Resources/js/Pages/CandidateAssessments/Edit.tsx'
    Imported via '@/components/ui/button' from file 'C:/Users/DION-SERVER/Desktop/codecanyon-FOhzjwS6-erpgo-saas-all-in-one-business-erp-with-project-account-hrm-crm-pos/main-file/packages/dionone/Recruitment/src/Resources/js/Pages/CandidateAssessments/Index.tsx'
    Imported via "@/components/ui/button" from file 'C:/Users/DION-SERVER/Desktop/codecanyon-FOhzjwS6-erpgo-saas-all-in-one-business-erp-with-project-account-hrm-crm-pos/main-file/packages/dionone/Recruitment/src/Resources/js/Pages/CandidateOnboardings/Create.tsx'
    Imported via "@/components/ui/button" from file 'C:/Users/DION-SERVER/Desktop/codecanyon-FOhzjwS6-erpgo-saas-all-in-one-business-erp-with-project-account-hrm-crm-pos/main-file/packages/dionone/Recruitment/src/Resources/js/Pages/CandidateOnboardings/Edit.tsx'
    Imported via '@/components/ui/button' from file 'C:/Users/DION-SERVER/Desktop/codecanyon-FOhzjwS6-erpgo-saas-all-in-one-business-erp-with-project-account-hrm-crm-pos/main-file/packages/dionone/Recruitment/src/Resources/js/Pages/CandidateOnboardings/Index.tsx'
    Imported via "@/components/ui/button" from file 'C:/Users/DION-SERVER/Desktop/codecanyon-FOhzjwS6-erpgo-saas-all-in-one-business-erp-with-project-account-hrm-crm-pos/main-file/packages/dionone/Recruitment/src/Resources/js/Pages/Candidates/Create.tsx'
    Imported via "@/components/ui/button" from file 'C:/Users/DION-SERVER/Desktop/codecanyon-FOhzjwS6-erpgo-saas-all-in-one-business-erp-with-project-account-hrm-crm-pos/main-file/packages/dionone/Recruitment/src/Resources/js/Pages/Candidates/Edit.tsx'
    Imported via '@/components/ui/button' from file 'C:/Users/DION-SERVER/Desktop/codecanyon-FOhzjwS6-erpgo-saas-all-in-one-business-erp-with-project-account-hrm-crm-pos/main-file/packages/dionone/Recruitment/src/Resources/js/Pages/Candidates/Index.tsx'
    Imported via '@/components/ui/button' from file 'C:/Users/DION-SERVER/Desktop/codecanyon-FOhzjwS6-erpgo-saas-all-in-one-business-erp-with-project-account-hrm-crm-pos/main-file/packages/dionone/Recruitment/src/Resources/js/Pages/Candidates/Show.tsx'
    Imported via "@/components/ui/button" from file 'C:/Users/DION-SERVER/Desktop/codecanyon-FOhzjwS6-erpgo-saas-all-in-one-business-erp-with-project-account-hrm-crm-pos/main-file/packages/dionone/Recruitment/src/Resources/js/Pages/ChecklistItems/Create.tsx'
    Imported via "@/components/ui/button" from file 'C:/Users/DION-SERVER/Desktop/codecanyon-FOhzjwS6-erpgo-saas-all-in-one-business-erp-with-project-account-hrm-crm-pos/main-file/packages/dionone/Recruitment/src/Resources/js/Pages/ChecklistItems/Edit.tsx'
    Imported via '@/components/ui/button' from file 'C:/Users/DION-SERVER/Desktop/codecanyon-FOhzjwS6-erpgo-saas-all-in-one-business-erp-with-project-account-hrm-crm-pos/main-file/packages/dionone/Recruitment/src/Resources/js/Pages/ChecklistItems/Index.tsx'
    Imported via "@/components/ui/button" from file 'C:/Users/DION-SERVER/Desktop/codecanyon-FOhzjwS6-erpgo-saas-all-in-one-business-erp-with-project-account-hrm-crm-pos/main-file/packages/dionone/Recruitment/src/Resources/js/Pages/CustomQuestions/Create.tsx'
    Imported via "@/components/ui/button" from file 'C:/Users/DION-SERVER/Desktop/codecanyon-FOhzjwS6-erpgo-saas-all-in-one-business-erp-with-project-account-hrm-crm-pos/main-file/packages/dionone/Recruitment/src/Resources/js/Pages/CustomQuestions/Edit.tsx'
    Imported via '@/components/ui/button' from file 'C:/Users/DION-SERVER/Desktop/codecanyon-FOhzjwS6-erpgo-saas-all-in-one-business-erp-with-project-account-hrm-crm-pos/main-file/packages/dionone/Recruitment/src/Resources/js/Pages/CustomQuestions/Index.tsx'
    Imported via "@/components/ui/button" from file 'C:/Users/DION-SERVER/Desktop/codecanyon-FOhzjwS6-erpgo-saas-all-in-one-business-erp-with-project-account-hrm-crm-pos/main-file/packages/dionone/Recruitment/src/Resources/js/Pages/Dashboard/StaffDashboard.tsx'
    Imported via '@/components/ui/button' from file 'C:/Users/DION-SERVER/Desktop/codecanyon-FOhzjwS6-erpgo-saas-all-in-one-business-erp-with-project-account-hrm-crm-pos/main-file/packages/dionone/Recruitment/src/Resources/js/Pages/Frontend/JobApply.tsx'
    Imported via '@/components/ui/button' from file 'C:/Users/DION-SERVER/Desktop/codecanyon-FOhzjwS6-erpgo-saas-all-in-one-business-erp-with-project-account-hrm-crm-pos/main-file/packages/dionone/Recruitment/src/Resources/js/Pages/Frontend/JobDetails.tsx'
    Imported via '@/components/ui/button' from file 'C:/Users/DION-SERVER/Desktop/codecanyon-FOhzjwS6-erpgo-saas-all-in-one-business-erp-with-project-account-hrm-crm-pos/main-file/packages/dionone/Recruitment/src/Resources/js/Pages/Frontend/JobListings.tsx'
    Imported via '@/components/ui/button' from file 'C:/Users/DION-SERVER/Desktop/codecanyon-FOhzjwS6-erpgo-saas-all-in-one-business-erp-with-project-account-hrm-crm-pos/main-file/packages/dionone/Recruitment/src/Resources/js/Pages/Frontend/JobTerms.tsx'
    Imported via '@/components/ui/button' from file 'C:/Users/DION-SERVER/Desktop/codecanyon-FOhzjwS6-erpgo-saas-all-in-one-business-erp-with-project-account-hrm-crm-pos/main-file/packages/dionone/Recruitment/src/Resources/js/Pages/Frontend/NotFound.tsx'
    Imported via '@/components/ui/button' from file 'C:/Users/DION-SERVER/Desktop/codecanyon-FOhzjwS6-erpgo-saas-all-in-one-business-erp-with-project-account-hrm-crm-pos/main-file/packages/dionone/Recruitment/src/Resources/js/Pages/Frontend/Success.tsx'
    Imported via '@/components/ui/button' from file 'C:/Users/DION-SERVER/Desktop/codecanyon-FOhzjwS6-erpgo-saas-all-in-one-business-erp-with-project-account-hrm-crm-pos/main-file/packages/dionone/Recruitment/src/Resources/js/Pages/Frontend/TrackingDetails.tsx'
    Imported via '@/components/ui/button' from file 'C:/Users/DION-SERVER/Desktop/codecanyon-FOhzjwS6-erpgo-saas-all-in-one-business-erp-with-project-account-hrm-crm-pos/main-file/packages/dionone/Recruitment/src/Resources/js/Pages/Frontend/TrackingForm.tsx'
    Imported via "@/components/ui/button" from file 'C:/Users/DION-SERVER/Desktop/codecanyon-FOhzjwS6-erpgo-saas-all-in-one-business-erp-with-project-account-hrm-crm-pos/main-file/packages/dionone/Recruitment/src/Resources/js/Pages/InterviewFeedbacks/Create.tsx'
    Imported via "@/components/ui/button" from file 'C:/Users/DION-SERVER/Desktop/codecanyon-FOhzjwS6-erpgo-saas-all-in-one-business-erp-with-project-account-hrm-crm-pos/main-file/packages/dionone/Recruitment/src/Resources/js/Pages/InterviewFeedbacks/Edit.tsx'
    Imported via '@/components/ui/button' from file 'C:/Users/DION-SERVER/Desktop/codecanyon-FOhzjwS6-erpgo-saas-all-in-one-business-erp-with-project-account-hrm-crm-pos/main-file/packages/dionone/Recruitment/src/Resources/js/Pages/InterviewFeedbacks/Index.tsx'
    Imported via "@/components/ui/button" from file 'C:/Users/DION-SERVER/Desktop/codecanyon-FOhzjwS6-erpgo-saas-all-in-one-business-erp-with-project-account-hrm-crm-pos/main-file/packages/dionone/Recruitment/src/Resources/js/Pages/InterviewRounds/Create.tsx'
    Imported via "@/components/ui/button" from file 'C:/Users/DION-SERVER/Desktop/codecanyon-FOhzjwS6-erpgo-saas-all-in-one-business-erp-with-project-account-hrm-crm-pos/main-file/packages/dionone/Recruitment/src/Resources/js/Pages/InterviewRounds/Edit.tsx'
    Imported via '@/components/ui/button' from file 'C:/Users/DION-SERVER/Desktop/codecanyon-FOhzjwS6-erpgo-saas-all-in-one-business-erp-with-project-account-hrm-crm-pos/main-file/packages/dionone/Recruitment/src/Resources/js/Pages/InterviewRounds/Index.tsx'
    Imported via "@/components/ui/button" from file 'C:/Users/DION-SERVER/Desktop/codecanyon-FOhzjwS6-erpgo-saas-all-in-one-business-erp-with-project-account-hrm-crm-pos/main-file/packages/dionone/Recruitment/src/Resources/js/Pages/Interviews/Create.tsx'
    Imported via "@/components/ui/button" from file 'C:/Users/DION-SERVER/Desktop/codecanyon-FOhzjwS6-erpgo-saas-all-in-one-business-erp-with-project-account-hrm-crm-pos/main-file/packages/dionone/Recruitment/src/Resources/js/Pages/Interviews/Edit.tsx'
    Imported via '@/components/ui/button' from file 'C:/Users/DION-SERVER/Desktop/codecanyon-FOhzjwS6-erpgo-saas-all-in-one-business-erp-with-project-account-hrm-crm-pos/main-file/packages/dionone/Recruitment/src/Resources/js/Pages/Interviews/Index.tsx'
    Imported via "@/components/ui/button" from file 'C:/Users/DION-SERVER/Desktop/codecanyon-FOhzjwS6-erpgo-saas-all-in-one-business-erp-with-project-account-hrm-crm-pos/main-file/packages/dionone/Recruitment/src/Resources/js/Pages/JobLocations/Create.tsx'
    Imported via "@/components/ui/button" from file 'C:/Users/DION-SERVER/Desktop/codecanyon-FOhzjwS6-erpgo-saas-all-in-one-business-erp-with-project-account-hrm-crm-pos/main-file/packages/dionone/Recruitment/src/Resources/js/Pages/JobLocations/Edit.tsx'
    Imported via '@/components/ui/button' from file 'C:/Users/DION-SERVER/Desktop/codecanyon-FOhzjwS6-erpgo-saas-all-in-one-business-erp-with-project-account-hrm-crm-pos/main-file/packages/dionone/Recruitment/src/Resources/js/Pages/JobLocations/Index.tsx'
    Imported via "@/components/ui/button" from file 'C:/Users/DION-SERVER/Desktop/codecanyon-FOhzjwS6-erpgo-saas-all-in-one-business-erp-with-project-account-hrm-crm-pos/main-file/packages/dionone/Recruitment/src/Resources/js/Pages/JobPostings/Create.tsx'
    Imported via "@/components/ui/button" from file 'C:/Users/DION-SERVER/Desktop/codecanyon-FOhzjwS6-erpgo-saas-all-in-one-business-erp-with-project-account-hrm-crm-pos/main-file/packages/dionone/Recruitment/src/Resources/js/Pages/JobPostings/Edit.tsx'
    Imported via '@/components/ui/button' from file 'C:/Users/DION-SERVER/Desktop/codecanyon-FOhzjwS6-erpgo-saas-all-in-one-business-erp-with-project-account-hrm-crm-pos/main-file/packages/dionone/Recruitment/src/Resources/js/Pages/JobPostings/Index.tsx'
    Imported via '@/components/ui/button' from file 'C:/Users/DION-SERVER/Desktop/codecanyon-FOhzjwS6-erpgo-saas-all-in-one-business-erp-with-project-account-hrm-crm-pos/main-file/packages/dionone/Recruitment/src/Resources/js/Pages/JobPostings/Show.tsx'
    Imported via "@/components/ui/button" from file 'C:/Users/DION-SERVER/Desktop/codecanyon-FOhzjwS6-erpgo-saas-all-in-one-business-erp-with-project-account-hrm-crm-pos/main-file/packages/dionone/Recruitment/src/Resources/js/Pages/Offers/ConvertToEmployee.tsx'
    Imported via "@/components/ui/button" from file 'C:/Users/DION-SERVER/Desktop/codecanyon-FOhzjwS6-erpgo-saas-all-in-one-business-erp-with-project-account-hrm-crm-pos/main-file/packages/dionone/Recruitment/src/Resources/js/Pages/Offers/Create.tsx'
    Imported via "@/components/ui/button" from file 'C:/Users/DION-SERVER/Desktop/codecanyon-FOhzjwS6-erpgo-saas-all-in-one-business-erp-with-project-account-hrm-crm-pos/main-file/packages/dionone/Recruitment/src/Resources/js/Pages/Offers/Edit.tsx'
    Imported via '@/components/ui/button' from file 'C:/Users/DION-SERVER/Desktop/codecanyon-FOhzjwS6-erpgo-saas-all-in-one-business-erp-with-project-account-hrm-crm-pos/main-file/packages/dionone/Recruitment/src/Resources/js/Pages/Offers/Index.tsx'
    Imported via '@/components/ui/button' from file 'C:/Users/DION-SERVER/Desktop/codecanyon-FOhzjwS6-erpgo-saas-all-in-one-business-erp-with-project-account-hrm-crm-pos/main-file/packages/dionone/Recruitment/src/Resources/js/Pages/Offers/View.tsx'
    Imported via '@/components/ui/button' from file 'C:/Users/DION-SERVER/Desktop/codecanyon-FOhzjwS6-erpgo-saas-all-in-one-business-erp-with-project-account-hrm-crm-pos/main-file/packages/dionone/Recruitment/src/Resources/js/Pages/Offers/OfferLetterPdf.tsx'
    Imported via "@/components/ui/button" from file 'C:/Users/DION-SERVER/Desktop/codecanyon-FOhzjwS6-erpgo-saas-all-in-one-business-erp-with-project-account-hrm-crm-pos/main-file/packages/dionone/Recruitment/src/Resources/js/Pages/SystemSetup/SystemSetupSidebar.tsx'
    Imported via '@/components/ui/button' from file 'C:/Users/DION-SERVER/Desktop/codecanyon-FOhzjwS6-erpgo-saas-all-in-one-business-erp-with-project-account-hrm-crm-pos/main-file/packages/dionone/Recruitment/src/Resources/js/Pages/SystemSetup/AboutCompany/Index.tsx'
    Imported via '@/components/ui/button' from file 'C:/Users/DION-SERVER/Desktop/codecanyon-FOhzjwS6-erpgo-saas-all-in-one-business-erp-with-project-account-hrm-crm-pos/main-file/packages/dionone/Recruitment/src/Resources/js/Pages/SystemSetup/ApplicationTips/Index.tsx'
    Imported via '@/components/ui/button' from file 'C:/Users/DION-SERVER/Desktop/codecanyon-FOhzjwS6-erpgo-saas-all-in-one-business-erp-with-project-account-hrm-crm-pos/main-file/packages/dionone/Recruitment/src/Resources/js/Pages/SystemSetup/BrandSettings/Index.tsx'
    Imported via "@/components/ui/button" from file 'C:/Users/DION-SERVER/Desktop/codecanyon-FOhzjwS6-erpgo-saas-all-in-one-business-erp-with-project-account-hrm-crm-pos/main-file/packages/dionone/Recruitment/src/Resources/js/Pages/SystemSetup/CandidateSources/Create.tsx'
    Imported via "@/components/ui/button" from file 'C:/Users/DION-SERVER/Desktop/codecanyon-FOhzjwS6-erpgo-saas-all-in-one-business-erp-with-project-account-hrm-crm-pos/main-file/packages/dionone/Recruitment/src/Resources/js/Pages/SystemSetup/CandidateSources/Edit.tsx'
    Imported via '@/components/ui/button' from file 'C:/Users/DION-SERVER/Desktop/codecanyon-FOhzjwS6-erpgo-saas-all-in-one-business-erp-with-project-account-hrm-crm-pos/main-file/packages/dionone/Recruitment/src/Resources/js/Pages/SystemSetup/CandidateSources/Index.tsx'
    Imported via '@/components/ui/button' from file 'C:/Users/DION-SERVER/Desktop/codecanyon-FOhzjwS6-erpgo-saas-all-in-one-business-erp-with-project-account-hrm-crm-pos/main-file/packages/dionone/Recruitment/src/Resources/js/Pages/SystemSetup/DashboardWelcomeCard/Index.tsx'
    Imported via "@/components/ui/button" from file 'C:/Users/DION-SERVER/Desktop/codecanyon-FOhzjwS6-erpgo-saas-all-in-one-business-erp-with-project-account-hrm-crm-pos/main-file/packages/dionone/Recruitment/src/Resources/js/Pages/SystemSetup/InterviewTypes/Create.tsx'
    Imported via "@/components/ui/button" from file 'C:/Users/DION-SERVER/Desktop/codecanyon-FOhzjwS6-erpgo-saas-all-in-one-business-erp-with-project-account-hrm-crm-pos/main-file/packages/dionone/Recruitment/src/Resources/js/Pages/SystemSetup/InterviewTypes/Edit.tsx'
    Imported via '@/components/ui/button' from file 'C:/Users/DION-SERVER/Desktop/codecanyon-FOhzjwS6-erpgo-saas-all-in-one-business-erp-with-project-account-hrm-crm-pos/main-file/packages/dionone/Recruitment/src/Resources/js/Pages/SystemSetup/InterviewTypes/Index.tsx'
    Imported via "@/components/ui/button" from file 'C:/Users/DION-SERVER/Desktop/codecanyon-FOhzjwS6-erpgo-saas-all-in-one-business-erp-with-project-account-hrm-crm-pos/main-file/packages/dionone/Recruitment/src/Resources/js/Pages/SystemSetup/JobCategories/Create.tsx'
    Imported via "@/components/ui/button" from file 'C:/Users/DION-SERVER/Desktop/codecanyon-FOhzjwS6-erpgo-saas-all-in-one-business-erp-with-project-account-hrm-crm-pos/main-file/packages/dionone/Recruitment/src/Resources/js/Pages/SystemSetup/JobCategories/Edit.tsx'
    Imported via '@/components/ui/button' from file 'C:/Users/DION-SERVER/Desktop/codecanyon-FOhzjwS6-erpgo-saas-all-in-one-business-erp-with-project-account-hrm-crm-pos/main-file/packages/dionone/Recruitment/src/Resources/js/Pages/SystemSetup/JobCategories/Index.tsx'
    Imported via "@/components/ui/button" from file 'C:/Users/DION-SERVER/Desktop/codecanyon-FOhzjwS6-erpgo-saas-all-in-one-business-erp-with-project-account-hrm-crm-pos/main-file/packages/dionone/Recruitment/src/Resources/js/Pages/SystemSetup/JobTypes/Create.tsx'
    Imported via "@/components/ui/button" from file 'C:/Users/DION-SERVER/Desktop/codecanyon-FOhzjwS6-erpgo-saas-all-in-one-business-erp-with-project-account-hrm-crm-pos/main-file/packages/dionone/Recruitment/src/Resources/js/Pages/SystemSetup/JobTypes/Edit.tsx'
    Imported via '@/components/ui/button' from file 'C:/Users/DION-SERVER/Desktop/codecanyon-FOhzjwS6-erpgo-saas-all-in-one-business-erp-with-project-account-hrm-crm-pos/main-file/packages/dionone/Recruitment/src/Resources/js/Pages/SystemSetup/JobTypes/Index.tsx'
    Imported via '@/components/ui/button' from file 'C:/Users/DION-SERVER/Desktop/codecanyon-FOhzjwS6-erpgo-saas-all-in-one-business-erp-with-project-account-hrm-crm-pos/main-file/packages/dionone/Recruitment/src/Resources/js/Pages/SystemSetup/NeedHelp/Index.tsx'
    Imported via '@/components/ui/button' from file 'C:/Users/DION-SERVER/Desktop/codecanyon-FOhzjwS6-erpgo-saas-all-in-one-business-erp-with-project-account-hrm-crm-pos/main-file/packages/dionone/Recruitment/src/Resources/js/Pages/SystemSetup/OfferLetterTemplate/Index.tsx'
    Imported via "@/components/ui/button" from file 'C:/Users/DION-SERVER/Desktop/codecanyon-FOhzjwS6-erpgo-saas-all-in-one-business-erp-with-project-account-hrm-crm-pos/main-file/packages/dionone/Recruitment/src/Resources/js/Pages/SystemSetup/OnboardingChecklists/Create.tsx'
    Imported via "@/components/ui/button" from file 'C:/Users/DION-SERVER/Desktop/codecanyon-FOhzjwS6-erpgo-saas-all-in-one-business-erp-with-project-account-hrm-crm-pos/main-file/packages/dionone/Recruitment/src/Resources/js/Pages/SystemSetup/OnboardingChecklists/Edit.tsx'
    Imported via '@/components/ui/button' from file 'C:/Users/DION-SERVER/Desktop/codecanyon-FOhzjwS6-erpgo-saas-all-in-one-business-erp-with-project-account-hrm-crm-pos/main-file/packages/dionone/Recruitment/src/Resources/js/Pages/SystemSetup/OnboardingChecklists/Index.tsx'
    Imported via '@/components/ui/button' from file 'C:/Users/DION-SERVER/Desktop/codecanyon-FOhzjwS6-erpgo-saas-all-in-one-business-erp-with-project-account-hrm-crm-pos/main-file/packages/dionone/Recruitment/src/Resources/js/Pages/SystemSetup/TrackingFaq/Index.tsx'
    Imported via '@/components/ui/button' from file 'C:/Users/DION-SERVER/Desktop/codecanyon-FOhzjwS6-erpgo-saas-all-in-one-business-erp-with-project-account-hrm-crm-pos/main-file/packages/dionone/Recruitment/src/Resources/js/Pages/SystemSetup/WhatHappensNext/Index.tsx'
    Imported via '@/components/ui/button' from file 'C:/Users/DION-SERVER/Desktop/codecanyon-FOhzjwS6-erpgo-saas-all-in-one-business-erp-with-project-account-hrm-crm-pos/main-file/packages/dionone/Slack/src/Resources/js/settings/components/slack-settings.tsx'
    Imported via '@/components/ui/button' from file 'C:/Users/DION-SERVER/Desktop/codecanyon-FOhzjwS6-erpgo-saas-all-in-one-business-erp-with-project-account-hrm-crm-pos/main-file/packages/dionone/Stripe/src/Resources/js/settings/components/stripe-settings.tsx'
    Imported via "@/components/ui/button" from file 'C:/Users/DION-SERVER/Desktop/codecanyon-FOhzjwS6-erpgo-saas-all-in-one-business-erp-with-project-account-hrm-crm-pos/main-file/packages/dionone/SupportTicket/src/Resources/js/Pages/Layout.tsx'
    Imported via "@/components/ui/button" from file 'C:/Users/DION-SERVER/Desktop/codecanyon-FOhzjwS6-erpgo-saas-all-in-one-business-erp-with-project-account-hrm-crm-pos/main-file/packages/dionone/SupportTicket/src/Resources/js/Pages/Search.tsx'
    Imported via "@/components/ui/button" from file 'C:/Users/DION-SERVER/Desktop/codecanyon-FOhzjwS6-erpgo-saas-all-in-one-business-erp-with-project-account-hrm-crm-pos/main-file/packages/dionone/SupportTicket/src/Resources/js/Pages/Frontend/Layouts/SupportTicketLayout.tsx'
    Imported via '@/components/ui/button' from file 'C:/Users/DION-SERVER/Desktop/codecanyon-FOhzjwS6-erpgo-saas-all-in-one-business-erp-with-project-account-hrm-crm-pos/main-file/packages/dionone/SupportTicket/src/Resources/js/Pages/Show.tsx'
    Imported via '@/components/ui/button' from file 'C:/Users/DION-SERVER/Desktop/codecanyon-FOhzjwS6-erpgo-saas-all-in-one-business-erp-with-project-account-hrm-crm-pos/main-file/packages/dionone/SupportTicket/src/Resources/js/Pages/Categories/Index.tsx'
    Imported via '@/components/ui/button' from file 'C:/Users/DION-SERVER/Desktop/codecanyon-FOhzjwS6-erpgo-saas-all-in-one-business-erp-with-project-account-hrm-crm-pos/main-file/packages/dionone/SupportTicket/src/Resources/js/Pages/Contact/Index.tsx'
    Imported via '@/components/ui/button' from file 'C:/Users/DION-SERVER/Desktop/codecanyon-FOhzjwS6-erpgo-saas-all-in-one-business-erp-with-project-account-hrm-crm-pos/main-file/packages/dionone/SupportTicket/src/Resources/js/Pages/Dashboard/ClientDashboard.tsx'
    Imported via '@/components/ui/button' from file 'C:/Users/DION-SERVER/Desktop/codecanyon-FOhzjwS6-erpgo-saas-all-in-one-business-erp-with-project-account-hrm-crm-pos/main-file/packages/dionone/SupportTicket/src/Resources/js/Pages/Dashboard/Index.tsx'
    Imported via '@/components/ui/button' from file 'C:/Users/DION-SERVER/Desktop/codecanyon-FOhzjwS6-erpgo-saas-all-in-one-business-erp-with-project-account-hrm-crm-pos/main-file/packages/dionone/SupportTicket/src/Resources/js/Pages/Dashboard/StaffDashboard.tsx'
    Imported via '@/components/ui/button' from file 'C:/Users/DION-SERVER/Desktop/codecanyon-FOhzjwS6-erpgo-saas-all-in-one-business-erp-with-project-account-hrm-crm-pos/main-file/packages/dionone/SupportTicket/src/Resources/js/Pages/Dashboard/VendorDashboard.tsx'
    Imported via '@/components/ui/button' from file 'C:/Users/DION-SERVER/Desktop/codecanyon-FOhzjwS6-erpgo-saas-all-in-one-business-erp-with-project-account-hrm-crm-pos/main-file/packages/dionone/SupportTicket/src/Resources/js/Pages/FAQ/Create.tsx'
    Imported via '@/components/ui/button' from file 'C:/Users/DION-SERVER/Desktop/codecanyon-FOhzjwS6-erpgo-saas-all-in-one-business-erp-with-project-account-hrm-crm-pos/main-file/packages/dionone/SupportTicket/src/Resources/js/Pages/FAQ/Edit.tsx'
    Imported via '@/components/ui/button' from file 'C:/Users/DION-SERVER/Desktop/codecanyon-FOhzjwS6-erpgo-saas-all-in-one-business-erp-with-project-account-hrm-crm-pos/main-file/packages/dionone/SupportTicket/src/Resources/js/Pages/FAQ/Import.tsx'
    Imported via '@/components/ui/button' from file 'C:/Users/DION-SERVER/Desktop/codecanyon-FOhzjwS6-erpgo-saas-all-in-one-business-erp-with-project-account-hrm-crm-pos/main-file/packages/dionone/SupportTicket/src/Resources/js/Pages/FAQ/ImportDialog.tsx'
    Imported via '@/components/ui/button' from file 'C:/Users/DION-SERVER/Desktop/codecanyon-FOhzjwS6-erpgo-saas-all-in-one-business-erp-with-project-account-hrm-crm-pos/main-file/packages/dionone/SupportTicket/src/Resources/js/Pages/FAQ/Index.tsx'
    Imported via "@/components/ui/button" from file 'C:/Users/DION-SERVER/Desktop/codecanyon-FOhzjwS6-erpgo-saas-all-in-one-business-erp-with-project-account-hrm-crm-pos/main-file/packages/dionone/SupportTicket/src/Resources/js/Pages/Frontend/Contact.tsx'
    Imported via "@/components/ui/button" from file 'C:/Users/DION-SERVER/Desktop/codecanyon-FOhzjwS6-erpgo-saas-all-in-one-business-erp-with-project-account-hrm-crm-pos/main-file/packages/dionone/SupportTicket/src/Resources/js/Pages/Frontend/CreateTicket.tsx'
    Imported via "@/components/ui/button" from file 'C:/Users/DION-SERVER/Desktop/codecanyon-FOhzjwS6-erpgo-saas-all-in-one-business-erp-with-project-account-hrm-crm-pos/main-file/packages/dionone/SupportTicket/src/Resources/js/Pages/Frontend/Faq.tsx'
    Imported via "@/components/ui/button" from file 'C:/Users/DION-SERVER/Desktop/codecanyon-FOhzjwS6-erpgo-saas-all-in-one-business-erp-with-project-account-hrm-crm-pos/main-file/packages/dionone/SupportTicket/src/Resources/js/Pages/Frontend/Index.tsx'
    Imported via "@/components/ui/button" from file 'C:/Users/DION-SERVER/Desktop/codecanyon-FOhzjwS6-erpgo-saas-all-in-one-business-erp-with-project-account-hrm-crm-pos/main-file/packages/dionone/SupportTicket/src/Resources/js/Pages/Frontend/Knowledge.tsx'
    Imported via "@/components/ui/button" from file 'C:/Users/DION-SERVER/Desktop/codecanyon-FOhzjwS6-erpgo-saas-all-in-one-business-erp-with-project-account-hrm-crm-pos/main-file/packages/dionone/SupportTicket/src/Resources/js/Pages/Frontend/KnowledgeArticle.tsx'
    Imported via "@/components/ui/button" from file 'C:/Users/DION-SERVER/Desktop/codecanyon-FOhzjwS6-erpgo-saas-all-in-one-business-erp-with-project-account-hrm-crm-pos/main-file/packages/dionone/SupportTicket/src/Resources/js/Pages/Frontend/SearchTicket.tsx'
    Imported via '@/components/ui/button' from file 'C:/Users/DION-SERVER/Desktop/codecanyon-FOhzjwS6-erpgo-saas-all-in-one-business-erp-with-project-account-hrm-crm-pos/main-file/packages/dionone/SupportTicket/src/Resources/js/Pages/Knowledge/Create.tsx'
    Imported via '@/components/ui/button' from file 'C:/Users/DION-SERVER/Desktop/codecanyon-FOhzjwS6-erpgo-saas-all-in-one-business-erp-with-project-account-hrm-crm-pos/main-file/packages/dionone/SupportTicket/src/Resources/js/Pages/Knowledge/Edit.tsx'
    Imported via '@/components/ui/button' from file 'C:/Users/DION-SERVER/Desktop/codecanyon-FOhzjwS6-erpgo-saas-all-in-one-business-erp-with-project-account-hrm-crm-pos/main-file/packages/dionone/SupportTicket/src/Resources/js/Pages/Knowledge/Import.tsx'
    Imported via '@/components/ui/button' from file 'C:/Users/DION-SERVER/Desktop/codecanyon-FOhzjwS6-erpgo-saas-all-in-one-business-erp-with-project-account-hrm-crm-pos/main-file/packages/dionone/SupportTicket/src/Resources/js/Pages/Knowledge/ImportDialog.tsx'
    Imported via '@/components/ui/button' from file 'C:/Users/DION-SERVER/Desktop/codecanyon-FOhzjwS6-erpgo-saas-all-in-one-business-erp-with-project-account-hrm-crm-pos/main-file/packages/dionone/SupportTicket/src/Resources/js/Pages/Knowledge/Index.tsx'
    Imported via "@/components/ui/button" from file 'C:/Users/DION-SERVER/Desktop/codecanyon-FOhzjwS6-erpgo-saas-all-in-one-business-erp-with-project-account-hrm-crm-pos/main-file/packages/dionone/SupportTicket/src/Resources/js/Pages/SystemSetup/SystemSetupSidebar.tsx'
    Imported via '@/components/ui/button' from file 'C:/Users/DION-SERVER/Desktop/codecanyon-FOhzjwS6-erpgo-saas-all-in-one-business-erp-with-project-account-hrm-crm-pos/main-file/packages/dionone/SupportTicket/src/Resources/js/Pages/SystemSetup/cta-section.tsx'
    Imported via '@/components/ui/button' from file 'C:/Users/DION-SERVER/Desktop/codecanyon-FOhzjwS6-erpgo-saas-all-in-one-business-erp-with-project-account-hrm-crm-pos/main-file/packages/dionone/SupportTicket/src/Resources/js/Pages/SystemSetup/support-information.tsx'
    Imported via '@/components/ui/button' from file 'C:/Users/DION-SERVER/Desktop/codecanyon-FOhzjwS6-erpgo-saas-all-in-one-business-erp-with-project-account-hrm-crm-pos/main-file/packages/dionone/SupportTicket/src/Resources/js/Pages/SystemSetup/title-section.tsx'
    Imported via '@/components/ui/button' from file 'C:/Users/DION-SERVER/Desktop/codecanyon-FOhzjwS6-erpgo-saas-all-in-one-business-erp-with-project-account-hrm-crm-pos/main-file/packages/dionone/SupportTicket/src/Resources/js/Pages/SystemSetup/BrandSettings/Index.tsx'
    Imported via '@/components/ui/button' from file 'C:/Users/DION-SERVER/Desktop/codecanyon-FOhzjwS6-erpgo-saas-all-in-one-business-erp-with-project-account-hrm-crm-pos/main-file/packages/dionone/SupportTicket/src/Resources/js/Pages/SystemSetup/Categories/Create.tsx'
    Imported via '@/components/ui/button' from file 'C:/Users/DION-SERVER/Desktop/codecanyon-FOhzjwS6-erpgo-saas-all-in-one-business-erp-with-project-account-hrm-crm-pos/main-file/packages/dionone/SupportTicket/src/Resources/js/Pages/SystemSetup/Categories/Edit.tsx'
    Imported via '@/components/ui/button' from file 'C:/Users/DION-SERVER/Desktop/codecanyon-FOhzjwS6-erpgo-saas-all-in-one-business-erp-with-project-account-hrm-crm-pos/main-file/packages/dionone/SupportTicket/src/Resources/js/Pages/SystemSetup/Categories/Index.tsx'
    Imported via "@/components/ui/button" from file 'C:/Users/DION-SERVER/Desktop/codecanyon-FOhzjwS6-erpgo-saas-all-in-one-business-erp-with-project-account-hrm-crm-pos/main-file/packages/dionone/SupportTicket/src/Resources/js/Pages/SystemSetup/ContactInformation/Index.tsx'
    Imported via '@/components/ui/button' from file 'C:/Users/DION-SERVER/Desktop/codecanyon-FOhzjwS6-erpgo-saas-all-in-one-business-erp-with-project-account-hrm-crm-pos/main-file/packages/dionone/SupportTicket/src/Resources/js/Pages/SystemSetup/CustomPages/Create.tsx'
    Imported via '@/components/ui/button' from file 'C:/Users/DION-SERVER/Desktop/codecanyon-FOhzjwS6-erpgo-saas-all-in-one-business-erp-with-project-account-hrm-crm-pos/main-file/packages/dionone/SupportTicket/src/Resources/js/Pages/SystemSetup/CustomPages/Edit.tsx'
    Imported via '@/components/ui/button' from file 'C:/Users/DION-SERVER/Desktop/codecanyon-FOhzjwS6-erpgo-saas-all-in-one-business-erp-with-project-account-hrm-crm-pos/main-file/packages/dionone/SupportTicket/src/Resources/js/Pages/SystemSetup/CustomPages/Index.tsx'
    Imported via '@/components/ui/button' from file 'C:/Users/DION-SERVER/Desktop/codecanyon-FOhzjwS6-erpgo-saas-all-in-one-business-erp-with-project-account-hrm-crm-pos/main-file/packages/dionone/SupportTicket/src/Resources/js/Pages/SystemSetup/KnowledgeCategories/Create.tsx'
    Imported via '@/components/ui/button' from file 'C:/Users/DION-SERVER/Desktop/codecanyon-FOhzjwS6-erpgo-saas-all-in-one-business-erp-with-project-account-hrm-crm-pos/main-file/packages/dionone/SupportTicket/src/Resources/js/Pages/SystemSetup/KnowledgeCategories/Edit.tsx'
    Imported via '@/components/ui/button' from file 'C:/Users/DION-SERVER/Desktop/codecanyon-FOhzjwS6-erpgo-saas-all-in-one-business-erp-with-project-account-hrm-crm-pos/main-file/packages/dionone/SupportTicket/src/Resources/js/Pages/SystemSetup/KnowledgeCategories/Index.tsx'
    Imported via '@/components/ui/button' from file 'C:/Users/DION-SERVER/Desktop/codecanyon-FOhzjwS6-erpgo-saas-all-in-one-business-erp-with-project-account-hrm-crm-pos/main-file/packages/dionone/SupportTicket/src/Resources/js/Pages/SystemSetup/PrivacyPolicy/Index.tsx'
    Imported via '@/components/ui/button' from file 'C:/Users/DION-SERVER/Desktop/codecanyon-FOhzjwS6-erpgo-saas-all-in-one-business-erp-with-project-account-hrm-crm-pos/main-file/packages/dionone/SupportTicket/src/Resources/js/Pages/SystemSetup/QuickLinks/Create.tsx'
    Imported via '@/components/ui/button' from file 'C:/Users/DION-SERVER/Desktop/codecanyon-FOhzjwS6-erpgo-saas-all-in-one-business-erp-with-project-account-hrm-crm-pos/main-file/packages/dionone/SupportTicket/src/Resources/js/Pages/SystemSetup/QuickLinks/Edit.tsx'
    Imported via '@/components/ui/button' from file 'C:/Users/DION-SERVER/Desktop/codecanyon-FOhzjwS6-erpgo-saas-all-in-one-business-erp-with-project-account-hrm-crm-pos/main-file/packages/dionone/SupportTicket/src/Resources/js/Pages/SystemSetup/QuickLinks/Index.tsx'
    Imported via '@/components/ui/button' from file 'C:/Users/DION-SERVER/Desktop/codecanyon-FOhzjwS6-erpgo-saas-all-in-one-business-erp-with-project-account-hrm-crm-pos/main-file/packages/dionone/SupportTicket/src/Resources/js/Pages/SystemSetup/TermsConditions/Index.tsx'
    Imported via '@/components/ui/button' from file 'C:/Users/DION-SERVER/Desktop/codecanyon-FOhzjwS6-erpgo-saas-all-in-one-business-erp-with-project-account-hrm-crm-pos/main-file/packages/dionone/SupportTicket/src/Resources/js/Pages/Tickets/Create.tsx'
    Imported via '@/components/ui/button' from file 'C:/Users/DION-SERVER/Desktop/codecanyon-FOhzjwS6-erpgo-saas-all-in-one-business-erp-with-project-account-hrm-crm-pos/main-file/packages/dionone/SupportTicket/src/Resources/js/Pages/Tickets/Edit.tsx'
    Imported via '@/components/ui/button' from file 'C:/Users/DION-SERVER/Desktop/codecanyon-FOhzjwS6-erpgo-saas-all-in-one-business-erp-with-project-account-hrm-crm-pos/main-file/packages/dionone/SupportTicket/src/Resources/js/Pages/Tickets/EditReply.tsx'
    Imported via '@/components/ui/button' from file 'C:/Users/DION-SERVER/Desktop/codecanyon-FOhzjwS6-erpgo-saas-all-in-one-business-erp-with-project-account-hrm-crm-pos/main-file/packages/dionone/SupportTicket/src/Resources/js/Pages/Tickets/Index.tsx'
    Imported via '@/Components/ui/button' from file 'C:/Users/DION-SERVER/Desktop/codecanyon-FOhzjwS6-erpgo-saas-all-in-one-business-erp-with-project-account-hrm-crm-pos/main-file/packages/dionone/SupportTicket/src/Resources/js/faq/Import.tsx'
    Imported via '@/Components/ui/button' from file 'C:/Users/DION-SERVER/Desktop/codecanyon-FOhzjwS6-erpgo-saas-all-in-one-business-erp-with-project-account-hrm-crm-pos/main-file/packages/dionone/SupportTicket/src/Resources/js/knowledge/Import.tsx'
    Imported via '@/components/ui/button' from file 'C:/Users/DION-SERVER/Desktop/codecanyon-FOhzjwS6-erpgo-saas-all-in-one-business-erp-with-project-account-hrm-crm-pos/main-file/packages/dionone/SupportTicket/src/Resources/js/settings/components/support-setting.tsx'
    Imported via "@/components/ui/button" from file 'C:/Users/DION-SERVER/Desktop/codecanyon-FOhzjwS6-erpgo-saas-all-in-one-business-erp-with-project-account-hrm-crm-pos/main-file/packages/dionone/Taskly/src/Resources/js/Pages/Bugs/Create.tsx'
    Imported via "@/components/ui/button" from file 'C:/Users/DION-SERVER/Desktop/codecanyon-FOhzjwS6-erpgo-saas-all-in-one-business-erp-with-project-account-hrm-crm-pos/main-file/packages/dionone/Taskly/src/Resources/js/Pages/Bugs/Edit.tsx'
    Imported via '@/components/ui/button' from file 'C:/Users/DION-SERVER/Desktop/codecanyon-FOhzjwS6-erpgo-saas-all-in-one-business-erp-with-project-account-hrm-crm-pos/main-file/packages/dionone/Taskly/src/Resources/js/Pages/Bugs/Index.tsx'
    Imported via "@/components/ui/button" from file 'C:/Users/DION-SERVER/Desktop/codecanyon-FOhzjwS6-erpgo-saas-all-in-one-business-erp-with-project-account-hrm-crm-pos/main-file/packages/dionone/Taskly/src/Resources/js/Pages/Bugs/View.tsx'
    Imported via '@/components/ui/button' from file 'C:/Users/DION-SERVER/Desktop/codecanyon-FOhzjwS6-erpgo-saas-all-in-one-business-erp-with-project-account-hrm-crm-pos/main-file/packages/dionone/Taskly/src/Resources/js/Pages/Bugs/Kanban.tsx'
    Imported via '@/components/ui/button' from file 'C:/Users/DION-SERVER/Desktop/codecanyon-FOhzjwS6-erpgo-saas-all-in-one-business-erp-with-project-account-hrm-crm-pos/main-file/packages/dionone/Taskly/src/Resources/js/Pages/Project/Create.tsx'
    Imported via '@/components/ui/button' from file 'C:/Users/DION-SERVER/Desktop/codecanyon-FOhzjwS6-erpgo-saas-all-in-one-business-erp-with-project-account-hrm-crm-pos/main-file/packages/dionone/Taskly/src/Resources/js/Pages/Project/DuplicateModal.tsx'
    Imported via '@/components/ui/button' from file 'C:/Users/DION-SERVER/Desktop/codecanyon-FOhzjwS6-erpgo-saas-all-in-one-business-erp-with-project-account-hrm-crm-pos/main-file/packages/dionone/Taskly/src/Resources/js/Pages/Project/Edit.tsx'
    Imported via '@/components/ui/button' from file 'C:/Users/DION-SERVER/Desktop/codecanyon-FOhzjwS6-erpgo-saas-all-in-one-business-erp-with-project-account-hrm-crm-pos/main-file/packages/dionone/Taskly/src/Resources/js/Pages/Project/Index.tsx'
    Imported via '@/components/ui/button' from file 'C:/Users/DION-SERVER/Desktop/codecanyon-FOhzjwS6-erpgo-saas-all-in-one-business-erp-with-project-account-hrm-crm-pos/main-file/packages/dionone/Taskly/src/Resources/js/Pages/Project/View.tsx'
    Imported via '@/components/ui/button' from file 'C:/Users/DION-SERVER/Desktop/codecanyon-FOhzjwS6-erpgo-saas-all-in-one-business-erp-with-project-account-hrm-crm-pos/main-file/packages/dionone/Taskly/src/Resources/js/Pages/Report/Index.tsx'
    Imported via "@/components/ui/button" from file 'C:/Users/DION-SERVER/Desktop/codecanyon-FOhzjwS6-erpgo-saas-all-in-one-business-erp-with-project-account-hrm-crm-pos/main-file/packages/dionone/Taskly/src/Resources/js/Pages/SystemSetup/SystemSetupSidebar.tsx'
    Imported via "@/components/ui/button" from file 'C:/Users/DION-SERVER/Desktop/codecanyon-FOhzjwS6-erpgo-saas-all-in-one-business-erp-with-project-account-hrm-crm-pos/main-file/packages/dionone/Taskly/src/Resources/js/Pages/SystemSetup/BugStages/Create.tsx'
    Imported via "@/components/ui/button" from file 'C:/Users/DION-SERVER/Desktop/codecanyon-FOhzjwS6-erpgo-saas-all-in-one-business-erp-with-project-account-hrm-crm-pos/main-file/packages/dionone/Taskly/src/Resources/js/Pages/SystemSetup/BugStages/Edit.tsx'
    Imported via '@/components/ui/button' from file 'C:/Users/DION-SERVER/Desktop/codecanyon-FOhzjwS6-erpgo-saas-all-in-one-business-erp-with-project-account-hrm-crm-pos/main-file/packages/dionone/Taskly/src/Resources/js/Pages/SystemSetup/BugStages/Index.tsx'
    Imported via "@/components/ui/button" from file 'C:/Users/DION-SERVER/Desktop/codecanyon-FOhzjwS6-erpgo-saas-all-in-one-business-erp-with-project-account-hrm-crm-pos/main-file/packages/dionone/Taskly/src/Resources/js/Pages/SystemSetup/TaskStages/Create.tsx'
    Imported via "@/components/ui/button" from file 'C:/Users/DION-SERVER/Desktop/codecanyon-FOhzjwS6-erpgo-saas-all-in-one-business-erp-with-project-account-hrm-crm-pos/main-file/packages/dionone/Taskly/src/Resources/js/Pages/SystemSetup/TaskStages/Edit.tsx'
    Imported via '@/components/ui/button' from file 'C:/Users/DION-SERVER/Desktop/codecanyon-FOhzjwS6-erpgo-saas-all-in-one-business-erp-with-project-account-hrm-crm-pos/main-file/packages/dionone/Taskly/src/Resources/js/Pages/SystemSetup/TaskStages/Index.tsx'
    Imported via '@/components/ui/button' from file 'C:/Users/DION-SERVER/Desktop/codecanyon-FOhzjwS6-erpgo-saas-all-in-one-business-erp-with-project-account-hrm-crm-pos/main-file/packages/dionone/Taskly/src/Resources/js/Pages/Tasks/Calendar.tsx'
    Imported via '@/components/ui/button' from file 'C:/Users/DION-SERVER/Desktop/codecanyon-FOhzjwS6-erpgo-saas-all-in-one-business-erp-with-project-account-hrm-crm-pos/main-file/packages/dionone/Taskly/src/Resources/js/Pages/Tasks/Create.tsx'
    Imported via '@/components/ui/button' from file 'C:/Users/DION-SERVER/Desktop/codecanyon-FOhzjwS6-erpgo-saas-all-in-one-business-erp-with-project-account-hrm-crm-pos/main-file/packages/dionone/Taskly/src/Resources/js/Pages/Tasks/Edit.tsx'
    Imported via '@/components/ui/button' from file 'C:/Users/DION-SERVER/Desktop/codecanyon-FOhzjwS6-erpgo-saas-all-in-one-business-erp-with-project-account-hrm-crm-pos/main-file/packages/dionone/Taskly/src/Resources/js/Pages/Tasks/Index.tsx'
    Imported via "@/components/ui/button" from file 'C:/Users/DION-SERVER/Desktop/codecanyon-FOhzjwS6-erpgo-saas-all-in-one-business-erp-with-project-account-hrm-crm-pos/main-file/packages/dionone/Taskly/src/Resources/js/Pages/Tasks/View.tsx'
    Imported via '@/components/ui/button' from file 'C:/Users/DION-SERVER/Desktop/codecanyon-FOhzjwS6-erpgo-saas-all-in-one-business-erp-with-project-account-hrm-crm-pos/main-file/packages/dionone/Taskly/src/Resources/js/Pages/Tasks/Kanban.tsx'
    Imported via '@/components/ui/button' from file 'C:/Users/DION-SERVER/Desktop/codecanyon-FOhzjwS6-erpgo-saas-all-in-one-business-erp-with-project-account-hrm-crm-pos/main-file/packages/dionone/Telegram/src/Resources/js/settings/components/telegram-settings.tsx'
    Imported via "@/components/ui/button" from file 'C:/Users/DION-SERVER/Desktop/codecanyon-FOhzjwS6-erpgo-saas-all-in-one-business-erp-with-project-account-hrm-crm-pos/main-file/packages/dionone/Timesheet/src/Resources/js/Pages/Create.tsx'
    Imported via "@/components/ui/button" from file 'C:/Users/DION-SERVER/Desktop/codecanyon-FOhzjwS6-erpgo-saas-all-in-one-business-erp-with-project-account-hrm-crm-pos/main-file/packages/dionone/Timesheet/src/Resources/js/Pages/Edit.tsx'
    Imported via '@/components/ui/button' from file 'C:/Users/DION-SERVER/Desktop/codecanyon-FOhzjwS6-erpgo-saas-all-in-one-business-erp-with-project-account-hrm-crm-pos/main-file/packages/dionone/Timesheet/src/Resources/js/Pages/Index.tsx'
    Imported via '@/components/ui/button' from file 'C:/Users/DION-SERVER/Desktop/codecanyon-FOhzjwS6-erpgo-saas-all-in-one-business-erp-with-project-account-hrm-crm-pos/main-file/packages/dionone/Training/src/Resources/js/Pages/feedbacks/index.tsx'
    Imported via '@/components/ui/button' from file 'C:/Users/DION-SERVER/Desktop/codecanyon-FOhzjwS6-erpgo-saas-all-in-one-business-erp-with-project-account-hrm-crm-pos/main-file/packages/dionone/Training/src/Resources/js/Pages/tasks/create.tsx'
    Imported via '@/components/ui/button' from file 'C:/Users/DION-SERVER/Desktop/codecanyon-FOhzjwS6-erpgo-saas-all-in-one-business-erp-with-project-account-hrm-crm-pos/main-file/packages/dionone/Training/src/Resources/js/Pages/tasks/edit.tsx'
    Imported via '@/components/ui/button' from file 'C:/Users/DION-SERVER/Desktop/codecanyon-FOhzjwS6-erpgo-saas-all-in-one-business-erp-with-project-account-hrm-crm-pos/main-file/packages/dionone/Training/src/Resources/js/Pages/tasks/index.tsx'
    Imported via '@/components/ui/button' from file 'C:/Users/DION-SERVER/Desktop/codecanyon-FOhzjwS6-erpgo-saas-all-in-one-business-erp-with-project-account-hrm-crm-pos/main-file/packages/dionone/Training/src/Resources/js/Pages/trainers/create.tsx'
    Imported via '@/components/ui/button' from file 'C:/Users/DION-SERVER/Desktop/codecanyon-FOhzjwS6-erpgo-saas-all-in-one-business-erp-with-project-account-hrm-crm-pos/main-file/packages/dionone/Training/src/Resources/js/Pages/trainers/edit.tsx'
    Imported via '@/components/ui/button' from file 'C:/Users/DION-SERVER/Desktop/codecanyon-FOhzjwS6-erpgo-saas-all-in-one-business-erp-with-project-account-hrm-crm-pos/main-file/packages/dionone/Training/src/Resources/js/Pages/trainers/index.tsx'
    Imported via '@/components/ui/button' from file 'C:/Users/DION-SERVER/Desktop/codecanyon-FOhzjwS6-erpgo-saas-all-in-one-business-erp-with-project-account-hrm-crm-pos/main-file/packages/dionone/Training/src/Resources/js/Pages/training-types/create.tsx'
    Imported via '@/components/ui/button' from file 'C:/Users/DION-SERVER/Desktop/codecanyon-FOhzjwS6-erpgo-saas-all-in-one-business-erp-with-project-account-hrm-crm-pos/main-file/packages/dionone/Training/src/Resources/js/Pages/training-types/edit.tsx'
    Imported via '@/components/ui/button' from file 'C:/Users/DION-SERVER/Desktop/codecanyon-FOhzjwS6-erpgo-saas-all-in-one-business-erp-with-project-account-hrm-crm-pos/main-file/packages/dionone/Training/src/Resources/js/Pages/training-types/index.tsx'
    Imported via '@/components/ui/button' from file 'C:/Users/DION-SERVER/Desktop/codecanyon-FOhzjwS6-erpgo-saas-all-in-one-business-erp-with-project-account-hrm-crm-pos/main-file/packages/dionone/Training/src/Resources/js/Pages/trainings/create.tsx'
    Imported via '@/components/ui/button' from file 'C:/Users/DION-SERVER/Desktop/codecanyon-FOhzjwS6-erpgo-saas-all-in-one-business-erp-with-project-account-hrm-crm-pos/main-file/packages/dionone/Training/src/Resources/js/Pages/trainings/edit.tsx'
    Imported via '@/components/ui/button' from file 'C:/Users/DION-SERVER/Desktop/codecanyon-FOhzjwS6-erpgo-saas-all-in-one-business-erp-with-project-account-hrm-crm-pos/main-file/packages/dionone/Training/src/Resources/js/Pages/trainings/index.tsx'
    Imported via '@/components/ui/button' from file 'C:/Users/DION-SERVER/Desktop/codecanyon-FOhzjwS6-erpgo-saas-all-in-one-business-erp-with-project-account-hrm-crm-pos/main-file/packages/dionone/Twilio/src/Resources/js/settings/components/twilio-settings.tsx'
    Imported via '@/components/ui/button' from file 'C:/Users/DION-SERVER/Desktop/codecanyon-FOhzjwS6-erpgo-saas-all-in-one-business-erp-with-project-account-hrm-crm-pos/main-file/packages/dionone/Webhook/src/Resources/js/settings/components/webhook-settings.tsx'
    Imported via "@/components/ui/button" from file 'C:/Users/DION-SERVER/Desktop/codecanyon-FOhzjwS6-erpgo-saas-all-in-one-business-erp-with-project-account-hrm-crm-pos/main-file/packages/dionone/ZoomMeeting/src/Resources/js/Pages/ZoomMeetings/Create.tsx'
    Imported via "@/components/ui/button" from file 'C:/Users/DION-SERVER/Desktop/codecanyon-FOhzjwS6-erpgo-saas-all-in-one-business-erp-with-project-account-hrm-crm-pos/main-file/packages/dionone/ZoomMeeting/src/Resources/js/Pages/ZoomMeetings/Edit.tsx'
    Imported via '@/components/ui/button' from file 'C:/Users/DION-SERVER/Desktop/codecanyon-FOhzjwS6-erpgo-saas-all-in-one-business-erp-with-project-account-hrm-crm-pos/main-file/packages/dionone/ZoomMeeting/src/Resources/js/Pages/ZoomMeetings/Index.tsx'
    Imported via '@/components/ui/button' from file 'C:/Users/DION-SERVER/Desktop/codecanyon-FOhzjwS6-erpgo-saas-all-in-one-business-erp-with-project-account-hrm-crm-pos/main-file/packages/dionone/ZoomMeeting/src/Resources/js/Pages/ZoomMeetings/Show.tsx'
    Imported via '@/components/ui/button' from file 'C:/Users/DION-SERVER/Desktop/codecanyon-FOhzjwS6-erpgo-saas-all-in-one-business-erp-with-project-account-hrm-crm-pos/main-file/packages/dionone/ZoomMeeting/src/Resources/js/settings/components/zoom-meeting-settings.tsx'
packages/dionone/SupportTicket/src/Resources/js/knowledge/Import.tsx(5,23): error TS1149: File name 'C:/Users/DION-SERVER/Desktop/codecanyon-FOhzjwS6-erpgo-saas-all-in-one-business-erp-with-project-account-hrm-crm-pos/main-file/resources/js/Components/ui/input.tsx' differs from already included file name 'C:/Users/DION-SERVER/Desktop/codecanyon-FOhzjwS6-erpgo-saas-all-in-one-business-erp-with-project-account-hrm-crm-pos/main-file/resources/js/components/ui/input.tsx' only in casing.
  The file is in the program because:
    Imported via '@/components/ui/input' from file 'C:/Users/DION-SERVER/Desktop/codecanyon-FOhzjwS6-erpgo-saas-all-in-one-business-erp-with-project-account-hrm-crm-pos/main-file/resources/js/pages/settings/components/brand-settings.tsx'
    Imported via './ui/input' from file 'C:/Users/DION-SERVER/Desktop/codecanyon-FOhzjwS6-erpgo-saas-all-in-one-business-erp-with-project-account-hrm-crm-pos/main-file/resources/js/components/MediaPicker.tsx'
    Imported via './ui/input' from file 'C:/Users/DION-SERVER/Desktop/codecanyon-FOhzjwS6-erpgo-saas-all-in-one-business-erp-with-project-account-hrm-crm-pos/main-file/resources/js/components/MediaLibraryModal.tsx'
    Imported via "./input" from file 'C:/Users/DION-SERVER/Desktop/codecanyon-FOhzjwS6-erpgo-saas-all-in-one-business-erp-with-project-account-hrm-crm-pos/main-file/resources/js/components/ui/select.tsx'
    Imported via '@/components/ui/input' from file 'C:/Users/DION-SERVER/Desktop/codecanyon-FOhzjwS6-erpgo-saas-all-in-one-business-erp-with-project-account-hrm-crm-pos/main-file/resources/js/pages/settings/components/company-settings.tsx'
    Imported via '@/components/ui/input' from file 'C:/Users/DION-SERVER/Desktop/codecanyon-FOhzjwS6-erpgo-saas-all-in-one-business-erp-with-project-account-hrm-crm-pos/main-file/resources/js/pages/settings/components/system-settings.tsx'
    Imported via '@/components/ui/input' from file 'C:/Users/DION-SERVER/Desktop/codecanyon-FOhzjwS6-erpgo-saas-all-in-one-business-erp-with-project-account-hrm-crm-pos/main-file/resources/js/pages/settings/components/currency-settings.tsx'
    Imported via '@/components/ui/input' from file 'C:/Users/DION-SERVER/Desktop/codecanyon-FOhzjwS6-erpgo-saas-all-in-one-business-erp-with-project-account-hrm-crm-pos/main-file/resources/js/pages/settings/components/seo-settings.tsx'
    Imported via '@/components/ui/input' from file 'C:/Users/DION-SERVER/Desktop/codecanyon-FOhzjwS6-erpgo-saas-all-in-one-business-erp-with-project-account-hrm-crm-pos/main-file/resources/js/pages/settings/components/storage-settings.tsx'
    Imported via '@/components/ui/input' from file 'C:/Users/DION-SERVER/Desktop/codecanyon-FOhzjwS6-erpgo-saas-all-in-one-business-erp-with-project-account-hrm-crm-pos/main-file/resources/js/pages/settings/components/email-settings.tsx'
    Imported via '@/components/ui/input' from file 'C:/Users/DION-SERVER/Desktop/codecanyon-FOhzjwS6-erpgo-saas-all-in-one-business-erp-with-project-account-hrm-crm-pos/main-file/resources/js/pages/settings/components/pusher-settings.tsx'
    Imported via '@/components/ui/input' from file 'C:/Users/DION-SERVER/Desktop/codecanyon-FOhzjwS6-erpgo-saas-all-in-one-business-erp-with-project-account-hrm-crm-pos/main-file/resources/js/pages/settings/components/cookie-settings.tsx'
    Imported via '@/components/ui/input' from file 'C:/Users/DION-SERVER/Desktop/codecanyon-FOhzjwS6-erpgo-saas-all-in-one-business-erp-with-project-account-hrm-crm-pos/main-file/resources/js/pages/settings/components/bank-transfer-settings.tsx'
    Imported via './input' from file 'C:/Users/DION-SERVER/Desktop/codecanyon-FOhzjwS6-erpgo-saas-all-in-one-business-erp-with-project-account-hrm-crm-pos/main-file/resources/js/components/ui/icon-picker.tsx'
    Imported via "@/components/ui/input" from file 'C:/Users/DION-SERVER/Desktop/codecanyon-FOhzjwS6-erpgo-saas-all-in-one-business-erp-with-project-account-hrm-crm-pos/main-file/resources/js/components/ui/sidebar.tsx'
    Imported via '@/components/ui/input' from file 'C:/Users/DION-SERVER/Desktop/codecanyon-FOhzjwS6-erpgo-saas-all-in-one-business-erp-with-project-account-hrm-crm-pos/main-file/resources/js/components/create-language-modal.tsx'
    Imported via '@/components/ui/input' from file 'C:/Users/DION-SERVER/Desktop/codecanyon-FOhzjwS6-erpgo-saas-all-in-one-business-erp-with-project-account-hrm-crm-pos/main-file/resources/js/components/components/create-language-modal.tsx'
    Imported via '@/components/ui/input' from file 'C:/Users/DION-SERVER/Desktop/codecanyon-FOhzjwS6-erpgo-saas-all-in-one-business-erp-with-project-account-hrm-crm-pos/main-file/resources/js/components/components/ui/module-card.tsx'
    Imported via "@/components/ui/input" from file 'C:/Users/DION-SERVER/Desktop/codecanyon-FOhzjwS6-erpgo-saas-all-in-one-business-erp-with-project-account-hrm-crm-pos/main-file/resources/js/components/components/ui/sidebar.tsx'
    Imported via '@/components/ui/input' from file 'C:/Users/DION-SERVER/Desktop/codecanyon-FOhzjwS6-erpgo-saas-all-in-one-business-erp-with-project-account-hrm-crm-pos/main-file/resources/js/components/components/ui/translation-item.tsx'
    Imported via './input' from file 'C:/Users/DION-SERVER/Desktop/codecanyon-FOhzjwS6-erpgo-saas-all-in-one-business-erp-with-project-account-hrm-crm-pos/main-file/resources/js/components/ui/currency-input.tsx'
    Imported via './input' from file 'C:/Users/DION-SERVER/Desktop/codecanyon-FOhzjwS6-erpgo-saas-all-in-one-business-erp-with-project-account-hrm-crm-pos/main-file/resources/js/components/ui/data-table.tsx'
    Matched by include pattern 'resources/js/**/*.tsx' in 'C:/Users/DION-SERVER/Desktop/codecanyon-FOhzjwS6-erpgo-saas-all-in-one-business-erp-with-project-account-hrm-crm-pos/main-file/tsconfig.json'
    Imported via '@/components/ui/input' from file 'C:/Users/DION-SERVER/Desktop/codecanyon-FOhzjwS6-erpgo-saas-all-in-one-business-erp-with-project-account-hrm-crm-pos/main-file/resources/js/components/ui/module-card.tsx'
    Imported via "./input" from file 'C:/Users/DION-SERVER/Desktop/codecanyon-FOhzjwS6-erpgo-saas-all-in-one-business-erp-with-project-account-hrm-crm-pos/main-file/resources/js/components/ui/multi-select-enhanced.tsx'
    Imported via './input' from file 'C:/Users/DION-SERVER/Desktop/codecanyon-FOhzjwS6-erpgo-saas-all-in-one-business-erp-with-project-account-hrm-crm-pos/main-file/resources/js/components/ui/phone-input.tsx'
    Imported via "./input" from file 'C:/Users/DION-SERVER/Desktop/codecanyon-FOhzjwS6-erpgo-saas-all-in-one-business-erp-with-project-account-hrm-crm-pos/main-file/resources/js/components/ui/repeater.tsx'
    Imported via "./input" from file 'C:/Users/DION-SERVER/Desktop/codecanyon-FOhzjwS6-erpgo-saas-all-in-one-business-erp-with-project-account-hrm-crm-pos/main-file/resources/js/components/ui/search-input.tsx'
    Imported via "./input" from file 'C:/Users/DION-SERVER/Desktop/codecanyon-FOhzjwS6-erpgo-saas-all-in-one-business-erp-with-project-account-hrm-crm-pos/main-file/resources/js/components/ui/tags-input.tsx'
    Imported via '@/components/ui/input' from file 'C:/Users/DION-SERVER/Desktop/codecanyon-FOhzjwS6-erpgo-saas-all-in-one-business-erp-with-project-account-hrm-crm-pos/main-file/resources/js/components/ui/translation-item.tsx'
    Imported via '@/components/ui/input' from file 'C:/Users/DION-SERVER/Desktop/codecanyon-FOhzjwS6-erpgo-saas-all-in-one-business-erp-with-project-account-hrm-crm-pos/main-file/resources/js/pages/media-library.tsx'
    Imported via '@/components/ui/input' from file 'C:/Users/DION-SERVER/Desktop/codecanyon-FOhzjwS6-erpgo-saas-all-in-one-business-erp-with-project-account-hrm-crm-pos/main-file/resources/js/pages/EmailTemplates/Edit.tsx'
    Imported via '@/components/ui/input' from file 'C:/Users/DION-SERVER/Desktop/codecanyon-FOhzjwS6-erpgo-saas-all-in-one-business-erp-with-project-account-hrm-crm-pos/main-file/resources/js/pages/EmailTemplates/Index.tsx'
    Imported via '@/components/ui/input' from file 'C:/Users/DION-SERVER/Desktop/codecanyon-FOhzjwS6-erpgo-saas-all-in-one-business-erp-with-project-account-hrm-crm-pos/main-file/resources/js/pages/EmailTemplates/EmailTemplates/Edit.tsx'
    Imported via '@/components/ui/input' from file 'C:/Users/DION-SERVER/Desktop/codecanyon-FOhzjwS6-erpgo-saas-all-in-one-business-erp-with-project-account-hrm-crm-pos/main-file/resources/js/pages/EmailTemplates/EmailTemplates/Index.tsx'
    Imported via '@/components/ui/input' from file 'C:/Users/DION-SERVER/Desktop/codecanyon-FOhzjwS6-erpgo-saas-all-in-one-business-erp-with-project-account-hrm-crm-pos/main-file/resources/js/pages/Installer/Environment.tsx'
    Imported via '@/components/ui/input' from file 'C:/Users/DION-SERVER/Desktop/codecanyon-FOhzjwS6-erpgo-saas-all-in-one-business-erp-with-project-account-hrm-crm-pos/main-file/resources/js/pages/Installer/Installer/Environment.tsx'
    Imported via '@/components/ui/input' from file 'C:/Users/DION-SERVER/Desktop/codecanyon-FOhzjwS6-erpgo-saas-all-in-one-business-erp-with-project-account-hrm-crm-pos/main-file/resources/js/pages/MissionCommand/AffiliateEngine/Index.tsx'
    Imported via '@/components/ui/input' from file 'C:/Users/DION-SERVER/Desktop/codecanyon-FOhzjwS6-erpgo-saas-all-in-one-business-erp-with-project-account-hrm-crm-pos/main-file/resources/js/pages/MissionCommand/SecurityAudit/Index.tsx'
    Imported via '@/components/ui/input' from file 'C:/Users/DION-SERVER/Desktop/codecanyon-FOhzjwS6-erpgo-saas-all-in-one-business-erp-with-project-account-hrm-crm-pos/main-file/resources/js/pages/MissionCommand/UnifiedInbox/Index.tsx'
    Imported via '@/components/ui/input' from file 'C:/Users/DION-SERVER/Desktop/codecanyon-FOhzjwS6-erpgo-saas-all-in-one-business-erp-with-project-account-hrm-crm-pos/main-file/resources/js/pages/Purchase/components/InvoiceItemsTable.tsx'
    Imported via '@/components/ui/input' from file 'C:/Users/DION-SERVER/Desktop/codecanyon-FOhzjwS6-erpgo-saas-all-in-one-business-erp-with-project-account-hrm-crm-pos/main-file/resources/js/pages/Purchase/Create.tsx'
    Imported via '@/components/ui/input' from file 'C:/Users/DION-SERVER/Desktop/codecanyon-FOhzjwS6-erpgo-saas-all-in-one-business-erp-with-project-account-hrm-crm-pos/main-file/resources/js/pages/Purchase/Edit.tsx'
    Imported via '@/components/ui/input' from file 'C:/Users/DION-SERVER/Desktop/codecanyon-FOhzjwS6-erpgo-saas-all-in-one-business-erp-with-project-account-hrm-crm-pos/main-file/resources/js/pages/Purchase/Index.tsx'
    Imported via '@/components/ui/input' from file 'C:/Users/DION-SERVER/Desktop/codecanyon-FOhzjwS6-erpgo-saas-all-in-one-business-erp-with-project-account-hrm-crm-pos/main-file/resources/js/pages/Purchase/Purchase/components/InvoiceItemsTable.tsx'
    Imported via '@/components/ui/input' from file 'C:/Users/DION-SERVER/Desktop/codecanyon-FOhzjwS6-erpgo-saas-all-in-one-business-erp-with-project-account-hrm-crm-pos/main-file/resources/js/pages/Purchase/Purchase/Create.tsx'
    Imported via '@/components/ui/input' from file 'C:/Users/DION-SERVER/Desktop/codecanyon-FOhzjwS6-erpgo-saas-all-in-one-business-erp-with-project-account-hrm-crm-pos/main-file/resources/js/pages/Purchase/Purchase/Edit.tsx'
    Imported via '@/components/ui/input' from file 'C:/Users/DION-SERVER/Desktop/codecanyon-FOhzjwS6-erpgo-saas-all-in-one-business-erp-with-project-account-hrm-crm-pos/main-file/resources/js/pages/Purchase/Purchase/Index.tsx'
    Imported via '@/components/ui/input' from file 'C:/Users/DION-SERVER/Desktop/codecanyon-FOhzjwS6-erpgo-saas-all-in-one-business-erp-with-project-account-hrm-crm-pos/main-file/resources/js/pages/PurchaseReturns/Create.tsx'
    Imported via '@/components/ui/input' from file 'C:/Users/DION-SERVER/Desktop/codecanyon-FOhzjwS6-erpgo-saas-all-in-one-business-erp-with-project-account-hrm-crm-pos/main-file/resources/js/pages/PurchaseReturns/PurchaseReturns/Create.tsx'
    Imported via '@/components/ui/input' from file 'C:/Users/DION-SERVER/Desktop/codecanyon-FOhzjwS6-erpgo-saas-all-in-one-business-erp-with-project-account-hrm-crm-pos/main-file/resources/js/pages/Sales/components/InvoiceItemsTable.tsx'
    Imported via '@/components/ui/input' from file 'C:/Users/DION-SERVER/Desktop/codecanyon-FOhzjwS6-erpgo-saas-all-in-one-business-erp-with-project-account-hrm-crm-pos/main-file/resources/js/pages/Sales/Create.tsx'
    Imported via '@/components/ui/input' from file 'C:/Users/DION-SERVER/Desktop/codecanyon-FOhzjwS6-erpgo-saas-all-in-one-business-erp-with-project-account-hrm-crm-pos/main-file/resources/js/pages/Sales/Edit.tsx'
    Imported via '@/components/ui/input' from file 'C:/Users/DION-SERVER/Desktop/codecanyon-FOhzjwS6-erpgo-saas-all-in-one-business-erp-with-project-account-hrm-crm-pos/main-file/resources/js/pages/Sales/Sales/components/InvoiceItemsTable.tsx'
    Imported via '@/components/ui/input' from file 'C:/Users/DION-SERVER/Desktop/codecanyon-FOhzjwS6-erpgo-saas-all-in-one-business-erp-with-project-account-hrm-crm-pos/main-file/resources/js/pages/Sales/Sales/Create.tsx'
    Imported via '@/components/ui/input' from file 'C:/Users/DION-SERVER/Desktop/codecanyon-FOhzjwS6-erpgo-saas-all-in-one-business-erp-with-project-account-hrm-crm-pos/main-file/resources/js/pages/Sales/Sales/Edit.tsx'
    Imported via '@/components/ui/input' from file 'C:/Users/DION-SERVER/Desktop/codecanyon-FOhzjwS6-erpgo-saas-all-in-one-business-erp-with-project-account-hrm-crm-pos/main-file/resources/js/pages/SalesProposals/Create.tsx'
    Imported via '@/components/ui/input' from file 'C:/Users/DION-SERVER/Desktop/codecanyon-FOhzjwS6-erpgo-saas-all-in-one-business-erp-with-project-account-hrm-crm-pos/main-file/resources/js/pages/SalesProposals/Edit.tsx'
    Imported via '@/components/ui/input' from file 'C:/Users/DION-SERVER/Desktop/codecanyon-FOhzjwS6-erpgo-saas-all-in-one-business-erp-with-project-account-hrm-crm-pos/main-file/resources/js/pages/SalesProposals/SalesProposals/Create.tsx'
    Imported via '@/components/ui/input' from file 'C:/Users/DION-SERVER/Desktop/codecanyon-FOhzjwS6-erpgo-saas-all-in-one-business-erp-with-project-account-hrm-crm-pos/main-file/resources/js/pages/SalesProposals/SalesProposals/Edit.tsx'
    Imported via '@/components/ui/input' from file 'C:/Users/DION-SERVER/Desktop/codecanyon-FOhzjwS6-erpgo-saas-all-in-one-business-erp-with-project-account-hrm-crm-pos/main-file/resources/js/pages/SalesReturns/Create.tsx'
    Imported via '@/components/ui/input' from file 'C:/Users/DION-SERVER/Desktop/codecanyon-FOhzjwS6-erpgo-saas-all-in-one-business-erp-with-project-account-hrm-crm-pos/main-file/resources/js/pages/SalesReturns/SalesReturns/Create.tsx'
    Imported via '@/components/ui/input' from file 'C:/Users/DION-SERVER/Desktop/codecanyon-FOhzjwS6-erpgo-saas-all-in-one-business-erp-with-project-account-hrm-crm-pos/main-file/resources/js/pages/Transfers/Index.tsx'
    Imported via "@/components/ui/input" from file 'C:/Users/DION-SERVER/Desktop/codecanyon-FOhzjwS6-erpgo-saas-all-in-one-business-erp-with-project-account-hrm-crm-pos/main-file/resources/js/pages/Transfers/create.tsx'
    Imported via '@/components/ui/input' from file 'C:/Users/DION-SERVER/Desktop/codecanyon-FOhzjwS6-erpgo-saas-all-in-one-business-erp-with-project-account-hrm-crm-pos/main-file/resources/js/pages/Transfers/Transfers/Index.tsx'
    Imported via "@/components/ui/input" from file 'C:/Users/DION-SERVER/Desktop/codecanyon-FOhzjwS6-erpgo-saas-all-in-one-business-erp-with-project-account-hrm-crm-pos/main-file/resources/js/pages/Transfers/Transfers/create.tsx'
    Imported via '@/components/ui/input' from file 'C:/Users/DION-SERVER/Desktop/codecanyon-FOhzjwS6-erpgo-saas-all-in-one-business-erp-with-project-account-hrm-crm-pos/main-file/resources/js/pages/auth/confirm-password.tsx'
    Imported via '@/components/ui/input' from file 'C:/Users/DION-SERVER/Desktop/codecanyon-FOhzjwS6-erpgo-saas-all-in-one-business-erp-with-project-account-hrm-crm-pos/main-file/resources/js/pages/auth/forgot-password.tsx'
    Imported via "@/components/ui/input" from file 'C:/Users/DION-SERVER/Desktop/codecanyon-FOhzjwS6-erpgo-saas-all-in-one-business-erp-with-project-account-hrm-crm-pos/main-file/resources/js/pages/auth/login.tsx'
    Imported via '@/components/ui/input' from file 'C:/Users/DION-SERVER/Desktop/codecanyon-FOhzjwS6-erpgo-saas-all-in-one-business-erp-with-project-account-hrm-crm-pos/main-file/resources/js/pages/auth/register.tsx'
    Imported via '@/components/ui/input' from file 'C:/Users/DION-SERVER/Desktop/codecanyon-FOhzjwS6-erpgo-saas-all-in-one-business-erp-with-project-account-hrm-crm-pos/main-file/resources/js/pages/auth/reset-password.tsx'
    Imported via '@/components/ui/input' from file 'C:/Users/DION-SERVER/Desktop/codecanyon-FOhzjwS6-erpgo-saas-all-in-one-business-erp-with-project-account-hrm-crm-pos/main-file/resources/js/pages/auth/auth/confirm-password.tsx'
    Imported via '@/components/ui/input' from file 'C:/Users/DION-SERVER/Desktop/codecanyon-FOhzjwS6-erpgo-saas-all-in-one-business-erp-with-project-account-hrm-crm-pos/main-file/resources/js/pages/auth/auth/forgot-password.tsx'
    Imported via "@/components/ui/input" from file 'C:/Users/DION-SERVER/Desktop/codecanyon-FOhzjwS6-erpgo-saas-all-in-one-business-erp-with-project-account-hrm-crm-pos/main-file/resources/js/pages/auth/auth/login.tsx'
    Imported via '@/components/ui/input' from file 'C:/Users/DION-SERVER/Desktop/codecanyon-FOhzjwS6-erpgo-saas-all-in-one-business-erp-with-project-account-hrm-crm-pos/main-file/resources/js/pages/auth/auth/register.tsx'
    Imported via '@/components/ui/input' from file 'C:/Users/DION-SERVER/Desktop/codecanyon-FOhzjwS6-erpgo-saas-all-in-one-business-erp-with-project-account-hrm-crm-pos/main-file/resources/js/pages/auth/auth/reset-password.tsx'
    Imported via '@/components/ui/input' from file 'C:/Users/DION-SERVER/Desktop/codecanyon-FOhzjwS6-erpgo-saas-all-in-one-business-erp-with-project-account-hrm-crm-pos/main-file/resources/js/pages/bank-transfer/index.tsx'
    Imported via '@/components/ui/input' from file 'C:/Users/DION-SERVER/Desktop/codecanyon-FOhzjwS6-erpgo-saas-all-in-one-business-erp-with-project-account-hrm-crm-pos/main-file/resources/js/pages/bank-transfer/bank-transfer/index.tsx'
    Imported via '@/components/ui/input' from file 'C:/Users/DION-SERVER/Desktop/codecanyon-FOhzjwS6-erpgo-saas-all-in-one-business-erp-with-project-account-hrm-crm-pos/main-file/resources/js/pages/coupons/create.tsx'
    Imported via '@/components/ui/input' from file 'C:/Users/DION-SERVER/Desktop/codecanyon-FOhzjwS6-erpgo-saas-all-in-one-business-erp-with-project-account-hrm-crm-pos/main-file/resources/js/pages/coupons/details.tsx'
    Imported via '@/components/ui/input' from file 'C:/Users/DION-SERVER/Desktop/codecanyon-FOhzjwS6-erpgo-saas-all-in-one-business-erp-with-project-account-hrm-crm-pos/main-file/resources/js/pages/coupons/edit.tsx'
    Imported via '@/components/ui/input' from file 'C:/Users/DION-SERVER/Desktop/codecanyon-FOhzjwS6-erpgo-saas-all-in-one-business-erp-with-project-account-hrm-crm-pos/main-file/resources/js/pages/coupons/index.tsx'
    Imported via '@/components/ui/input' from file 'C:/Users/DION-SERVER/Desktop/codecanyon-FOhzjwS6-erpgo-saas-all-in-one-business-erp-with-project-account-hrm-crm-pos/main-file/resources/js/pages/coupons/coupons/create.tsx'
    Imported via '@/components/ui/input' from file 'C:/Users/DION-SERVER/Desktop/codecanyon-FOhzjwS6-erpgo-saas-all-in-one-business-erp-with-project-account-hrm-crm-pos/main-file/resources/js/pages/coupons/coupons/details.tsx'
    Imported via '@/components/ui/input' from file 'C:/Users/DION-SERVER/Desktop/codecanyon-FOhzjwS6-erpgo-saas-all-in-one-business-erp-with-project-account-hrm-crm-pos/main-file/resources/js/pages/coupons/coupons/edit.tsx'
    Imported via '@/components/ui/input' from file 'C:/Users/DION-SERVER/Desktop/codecanyon-FOhzjwS6-erpgo-saas-all-in-one-business-erp-with-project-account-hrm-crm-pos/main-file/resources/js/pages/coupons/coupons/index.tsx'
    Imported via "@/components/ui/input" from file 'C:/Users/DION-SERVER/Desktop/codecanyon-FOhzjwS6-erpgo-saas-all-in-one-business-erp-with-project-account-hrm-crm-pos/main-file/resources/js/pages/helpdesk/categories/create.tsx'
    Imported via "@/components/ui/input" from file 'C:/Users/DION-SERVER/Desktop/codecanyon-FOhzjwS6-erpgo-saas-all-in-one-business-erp-with-project-account-hrm-crm-pos/main-file/resources/js/pages/helpdesk/categories/edit.tsx'
    Imported via "@/components/ui/input" from file 'C:/Users/DION-SERVER/Desktop/codecanyon-FOhzjwS6-erpgo-saas-all-in-one-business-erp-with-project-account-hrm-crm-pos/main-file/resources/js/pages/helpdesk/helpdesk/categories/create.tsx'
    Imported via "@/components/ui/input" from file 'C:/Users/DION-SERVER/Desktop/codecanyon-FOhzjwS6-erpgo-saas-all-in-one-business-erp-with-project-account-hrm-crm-pos/main-file/resources/js/pages/helpdesk/helpdesk/categories/edit.tsx'
    Imported via "@/components/ui/input" from file 'C:/Users/DION-SERVER/Desktop/codecanyon-FOhzjwS6-erpgo-saas-all-in-one-business-erp-with-project-account-hrm-crm-pos/main-file/resources/js/pages/helpdesk/helpdesk/tickets/create.tsx'
    Imported via "@/components/ui/input" from file 'C:/Users/DION-SERVER/Desktop/codecanyon-FOhzjwS6-erpgo-saas-all-in-one-business-erp-with-project-account-hrm-crm-pos/main-file/resources/js/pages/helpdesk/helpdesk/tickets/edit.tsx'
    Imported via '@/components/ui/input' from file 'C:/Users/DION-SERVER/Desktop/codecanyon-FOhzjwS6-erpgo-saas-all-in-one-business-erp-with-project-account-hrm-crm-pos/main-file/resources/js/pages/helpdesk/helpdesk/tickets/index.tsx'
    Imported via "@/components/ui/input" from file 'C:/Users/DION-SERVER/Desktop/codecanyon-FOhzjwS6-erpgo-saas-all-in-one-business-erp-with-project-account-hrm-crm-pos/main-file/resources/js/pages/helpdesk/tickets/create.tsx'
    Imported via "@/components/ui/input" from file 'C:/Users/DION-SERVER/Desktop/codecanyon-FOhzjwS6-erpgo-saas-all-in-one-business-erp-with-project-account-hrm-crm-pos/main-file/resources/js/pages/helpdesk/tickets/edit.tsx'
    Imported via '@/components/ui/input' from file 'C:/Users/DION-SERVER/Desktop/codecanyon-FOhzjwS6-erpgo-saas-all-in-one-business-erp-with-project-account-hrm-crm-pos/main-file/resources/js/pages/helpdesk/tickets/index.tsx'
    Imported via '@/components/ui/input' from file 'C:/Users/DION-SERVER/Desktop/codecanyon-FOhzjwS6-erpgo-saas-all-in-one-business-erp-with-project-account-hrm-crm-pos/main-file/resources/js/pages/languages/manage.tsx'
    Imported via '@/components/ui/input' from file 'C:/Users/DION-SERVER/Desktop/codecanyon-FOhzjwS6-erpgo-saas-all-in-one-business-erp-with-project-account-hrm-crm-pos/main-file/resources/js/pages/languages/languages/manage.tsx'
    Imported via '@/components/ui/input' from file 'C:/Users/DION-SERVER/Desktop/codecanyon-FOhzjwS6-erpgo-saas-all-in-one-business-erp-with-project-account-hrm-crm-pos/main-file/resources/js/pages/messenger/index.tsx'
    Imported via '@/components/ui/input' from file 'C:/Users/DION-SERVER/Desktop/codecanyon-FOhzjwS6-erpgo-saas-all-in-one-business-erp-with-project-account-hrm-crm-pos/main-file/resources/js/pages/messenger/messenger/index.tsx'
    Imported via '@/components/ui/input' from file 'C:/Users/DION-SERVER/Desktop/codecanyon-FOhzjwS6-erpgo-saas-all-in-one-business-erp-with-project-account-hrm-crm-pos/main-file/resources/js/pages/mission-command/Gamification.tsx'
    Imported via '@/components/ui/input' from file 'C:/Users/DION-SERVER/Desktop/codecanyon-FOhzjwS6-erpgo-saas-all-in-one-business-erp-with-project-account-hrm-crm-pos/main-file/resources/js/pages/mission-command/NotificationsHub.tsx'
    Imported via '@/components/ui/input' from file 'C:/Users/DION-SERVER/Desktop/codecanyon-FOhzjwS6-erpgo-saas-all-in-one-business-erp-with-project-account-hrm-crm-pos/main-file/resources/js/pages/notification-templates/Edit.tsx'
    Imported via '@/components/ui/input' from file 'C:/Users/DION-SERVER/Desktop/codecanyon-FOhzjwS6-erpgo-saas-all-in-one-business-erp-with-project-account-hrm-crm-pos/main-file/resources/js/pages/notification-templates/notification-templates/Edit.tsx'
    Imported via '@/components/ui/input' from file 'C:/Users/DION-SERVER/Desktop/codecanyon-FOhzjwS6-erpgo-saas-all-in-one-business-erp-with-project-account-hrm-crm-pos/main-file/resources/js/pages/plans/form.tsx'
    Imported via '@/components/ui/input' from file 'C:/Users/DION-SERVER/Desktop/codecanyon-FOhzjwS6-erpgo-saas-all-in-one-business-erp-with-project-account-hrm-crm-pos/main-file/resources/js/pages/plans/index.tsx'
    Imported via '@/components/ui/input' from file 'C:/Users/DION-SERVER/Desktop/codecanyon-FOhzjwS6-erpgo-saas-all-in-one-business-erp-with-project-account-hrm-crm-pos/main-file/resources/js/pages/plans/subscription-layout.tsx'
    Imported via '@/components/ui/input' from file 'C:/Users/DION-SERVER/Desktop/codecanyon-FOhzjwS6-erpgo-saas-all-in-one-business-erp-with-project-account-hrm-crm-pos/main-file/resources/js/pages/plans/plans/form.tsx'
    Imported via '@/components/ui/input' from file 'C:/Users/DION-SERVER/Desktop/codecanyon-FOhzjwS6-erpgo-saas-all-in-one-business-erp-with-project-account-hrm-crm-pos/main-file/resources/js/pages/plans/plans/index.tsx'
    Imported via '@/components/ui/input' from file 'C:/Users/DION-SERVER/Desktop/codecanyon-FOhzjwS6-erpgo-saas-all-in-one-business-erp-with-project-account-hrm-crm-pos/main-file/resources/js/pages/plans/plans/subscription-layout.tsx'
    Imported via "@/components/ui/input" from file 'C:/Users/DION-SERVER/Desktop/codecanyon-FOhzjwS6-erpgo-saas-all-in-one-business-erp-with-project-account-hrm-crm-pos/main-file/resources/js/pages/profile/partials/update-password-form.tsx'
    Imported via "@/components/ui/input" from file 'C:/Users/DION-SERVER/Desktop/codecanyon-FOhzjwS6-erpgo-saas-all-in-one-business-erp-with-project-account-hrm-crm-pos/main-file/resources/js/pages/profile/partials/update-profile-information-form.tsx'
    Imported via "@/components/ui/input" from file 'C:/Users/DION-SERVER/Desktop/codecanyon-FOhzjwS6-erpgo-saas-all-in-one-business-erp-with-project-account-hrm-crm-pos/main-file/resources/js/pages/profile/profile/partials/update-password-form.tsx'
    Imported via "@/components/ui/input" from file 'C:/Users/DION-SERVER/Desktop/codecanyon-FOhzjwS6-erpgo-saas-all-in-one-business-erp-with-project-account-hrm-crm-pos/main-file/resources/js/pages/profile/profile/partials/update-profile-information-form.tsx'
    Imported via '@/components/ui/input' from file 'C:/Users/DION-SERVER/Desktop/codecanyon-FOhzjwS6-erpgo-saas-all-in-one-business-erp-with-project-account-hrm-crm-pos/main-file/resources/js/pages/roles/create.tsx'
    Imported via '@/components/ui/input' from file 'C:/Users/DION-SERVER/Desktop/codecanyon-FOhzjwS6-erpgo-saas-all-in-one-business-erp-with-project-account-hrm-crm-pos/main-file/resources/js/pages/roles/edit.tsx'
    Imported via '@/components/ui/input' from file 'C:/Users/DION-SERVER/Desktop/codecanyon-FOhzjwS6-erpgo-saas-all-in-one-business-erp-with-project-account-hrm-crm-pos/main-file/resources/js/pages/roles/index.tsx'
    Imported via '@/components/ui/input' from file 'C:/Users/DION-SERVER/Desktop/codecanyon-FOhzjwS6-erpgo-saas-all-in-one-business-erp-with-project-account-hrm-crm-pos/main-file/resources/js/pages/roles/roles/create.tsx'
    Imported via '@/components/ui/input' from file 'C:/Users/DION-SERVER/Desktop/codecanyon-FOhzjwS6-erpgo-saas-all-in-one-business-erp-with-project-account-hrm-crm-pos/main-file/resources/js/pages/roles/roles/edit.tsx'
    Imported via '@/components/ui/input' from file 'C:/Users/DION-SERVER/Desktop/codecanyon-FOhzjwS6-erpgo-saas-all-in-one-business-erp-with-project-account-hrm-crm-pos/main-file/resources/js/pages/roles/roles/index.tsx'
    Imported via '@/components/ui/input' from file 'C:/Users/DION-SERVER/Desktop/codecanyon-FOhzjwS6-erpgo-saas-all-in-one-business-erp-with-project-account-hrm-crm-pos/main-file/resources/js/pages/settings/settings/components/bank-transfer-settings.tsx'
    Imported via '@/components/ui/input' from file 'C:/Users/DION-SERVER/Desktop/codecanyon-FOhzjwS6-erpgo-saas-all-in-one-business-erp-with-project-account-hrm-crm-pos/main-file/resources/js/pages/settings/settings/components/brand-settings.tsx'
    Imported via '@/components/ui/input' from file 'C:/Users/DION-SERVER/Desktop/codecanyon-FOhzjwS6-erpgo-saas-all-in-one-business-erp-with-project-account-hrm-crm-pos/main-file/resources/js/pages/settings/settings/components/company-settings.tsx'
    Imported via '@/components/ui/input' from file 'C:/Users/DION-SERVER/Desktop/codecanyon-FOhzjwS6-erpgo-saas-all-in-one-business-erp-with-project-account-hrm-crm-pos/main-file/resources/js/pages/settings/settings/components/cookie-settings.tsx'
    Imported via '@/components/ui/input' from file 'C:/Users/DION-SERVER/Desktop/codecanyon-FOhzjwS6-erpgo-saas-all-in-one-business-erp-with-project-account-hrm-crm-pos/main-file/resources/js/pages/settings/settings/components/currency-settings.tsx'
    Imported via '@/components/ui/input' from file 'C:/Users/DION-SERVER/Desktop/codecanyon-FOhzjwS6-erpgo-saas-all-in-one-business-erp-with-project-account-hrm-crm-pos/main-file/resources/js/pages/settings/settings/components/email-settings.tsx'
    Imported via '@/components/ui/input' from file 'C:/Users/DION-SERVER/Desktop/codecanyon-FOhzjwS6-erpgo-saas-all-in-one-business-erp-with-project-account-hrm-crm-pos/main-file/resources/js/pages/settings/settings/components/pusher-settings.tsx'
    Imported via '@/components/ui/input' from file 'C:/Users/DION-SERVER/Desktop/codecanyon-FOhzjwS6-erpgo-saas-all-in-one-business-erp-with-project-account-hrm-crm-pos/main-file/resources/js/pages/settings/settings/components/seo-settings.tsx'
    Imported via '@/components/ui/input' from file 'C:/Users/DION-SERVER/Desktop/codecanyon-FOhzjwS6-erpgo-saas-all-in-one-business-erp-with-project-account-hrm-crm-pos/main-file/resources/js/pages/settings/settings/components/storage-settings.tsx'
    Imported via '@/components/ui/input' from file 'C:/Users/DION-SERVER/Desktop/codecanyon-FOhzjwS6-erpgo-saas-all-in-one-business-erp-with-project-account-hrm-crm-pos/main-file/resources/js/pages/settings/settings/components/system-settings.tsx'
    Imported via '@/components/ui/input' from file 'C:/Users/DION-SERVER/Desktop/codecanyon-FOhzjwS6-erpgo-saas-all-in-one-business-erp-with-project-account-hrm-crm-pos/main-file/resources/js/pages/users/assign-plan.tsx'
    Imported via "@/components/ui/input" from file 'C:/Users/DION-SERVER/Desktop/codecanyon-FOhzjwS6-erpgo-saas-all-in-one-business-erp-with-project-account-hrm-crm-pos/main-file/resources/js/pages/users/change-password.tsx'
    Imported via "@/components/ui/input" from file 'C:/Users/DION-SERVER/Desktop/codecanyon-FOhzjwS6-erpgo-saas-all-in-one-business-erp-with-project-account-hrm-crm-pos/main-file/resources/js/pages/users/create.tsx'
    Imported via "@/components/ui/input" from file 'C:/Users/DION-SERVER/Desktop/codecanyon-FOhzjwS6-erpgo-saas-all-in-one-business-erp-with-project-account-hrm-crm-pos/main-file/resources/js/pages/users/edit.tsx'
    Imported via '@/components/ui/input' from file 'C:/Users/DION-SERVER/Desktop/codecanyon-FOhzjwS6-erpgo-saas-all-in-one-business-erp-with-project-account-hrm-crm-pos/main-file/resources/js/pages/users/index.tsx'
    Imported via '@/components/ui/input' from file 'C:/Users/DION-SERVER/Desktop/codecanyon-FOhzjwS6-erpgo-saas-all-in-one-business-erp-with-project-account-hrm-crm-pos/main-file/resources/js/pages/users/login-history.tsx'
    Imported via "@/components/ui/input" from file 'C:/Users/DION-SERVER/Desktop/codecanyon-FOhzjwS6-erpgo-saas-all-in-one-business-erp-with-project-account-hrm-crm-pos/main-file/resources/js/pages/users/users/change-password.tsx'
    Imported via "@/components/ui/input" from file 'C:/Users/DION-SERVER/Desktop/codecanyon-FOhzjwS6-erpgo-saas-all-in-one-business-erp-with-project-account-hrm-crm-pos/main-file/resources/js/pages/users/users/create.tsx'
    Imported via "@/components/ui/input" from file 'C:/Users/DION-SERVER/Desktop/codecanyon-FOhzjwS6-erpgo-saas-all-in-one-business-erp-with-project-account-hrm-crm-pos/main-file/resources/js/pages/users/users/edit.tsx'
    Imported via '@/components/ui/input' from file 'C:/Users/DION-SERVER/Desktop/codecanyon-FOhzjwS6-erpgo-saas-all-in-one-business-erp-with-project-account-hrm-crm-pos/main-file/resources/js/pages/users/users/index.tsx'
    Imported via '@/components/ui/input' from file 'C:/Users/DION-SERVER/Desktop/codecanyon-FOhzjwS6-erpgo-saas-all-in-one-business-erp-with-project-account-hrm-crm-pos/main-file/resources/js/pages/users/users/login-history.tsx'
    Imported via "@/components/ui/input" from file 'C:/Users/DION-SERVER/Desktop/codecanyon-FOhzjwS6-erpgo-saas-all-in-one-business-erp-with-project-account-hrm-crm-pos/main-file/resources/js/pages/warehouses/create.tsx'
    Imported via "@/components/ui/input" from file 'C:/Users/DION-SERVER/Desktop/codecanyon-FOhzjwS6-erpgo-saas-all-in-one-business-erp-with-project-account-hrm-crm-pos/main-file/resources/js/pages/warehouses/edit.tsx'
    Imported via '@/components/ui/input' from file 'C:/Users/DION-SERVER/Desktop/codecanyon-FOhzjwS6-erpgo-saas-all-in-one-business-erp-with-project-account-hrm-crm-pos/main-file/resources/js/pages/warehouses/index.tsx'
    Imported via "@/components/ui/input" from file 'C:/Users/DION-SERVER/Desktop/codecanyon-FOhzjwS6-erpgo-saas-all-in-one-business-erp-with-project-account-hrm-crm-pos/main-file/resources/js/pages/warehouses/warehouses/create.tsx'
    Imported via "@/components/ui/input" from file 'C:/Users/DION-SERVER/Desktop/codecanyon-FOhzjwS6-erpgo-saas-all-in-one-business-erp-with-project-account-hrm-crm-pos/main-file/resources/js/pages/warehouses/warehouses/edit.tsx'
    Imported via '@/components/ui/input' from file 'C:/Users/DION-SERVER/Desktop/codecanyon-FOhzjwS6-erpgo-saas-all-in-one-business-erp-with-project-account-hrm-crm-pos/main-file/resources/js/pages/warehouses/warehouses/index.tsx'
    Imported via '@/components/ui/input' from file 'C:/Users/DION-SERVER/Desktop/codecanyon-FOhzjwS6-erpgo-saas-all-in-one-business-erp-with-project-account-hrm-crm-pos/main-file/packages/dionone/AIAssistant/src/Resources/js/settings/components/ai-assistant-settings.tsx'
    Imported via '@/components/ui/input' from file 'C:/Users/DION-SERVER/Desktop/codecanyon-FOhzjwS6-erpgo-saas-all-in-one-business-erp-with-project-account-hrm-crm-pos/main-file/packages/dionone/Account/src/Resources/js/Pages/BankAccounts/Create.tsx'
    Imported via '@/components/ui/input' from file 'C:/Users/DION-SERVER/Desktop/codecanyon-FOhzjwS6-erpgo-saas-all-in-one-business-erp-with-project-account-hrm-crm-pos/main-file/packages/dionone/Account/src/Resources/js/Pages/BankAccounts/Edit.tsx'
    Imported via '@/components/ui/input' from file 'C:/Users/DION-SERVER/Desktop/codecanyon-FOhzjwS6-erpgo-saas-all-in-one-business-erp-with-project-account-hrm-crm-pos/main-file/packages/dionone/Account/src/Resources/js/Pages/BankAccounts/Index.tsx'
    Imported via '@/components/ui/input' from file 'C:/Users/DION-SERVER/Desktop/codecanyon-FOhzjwS6-erpgo-saas-all-in-one-business-erp-with-project-account-hrm-crm-pos/main-file/packages/dionone/Account/src/Resources/js/Pages/BankTransactions/Index.tsx'
    Imported via '@/components/ui/input' from file 'C:/Users/DION-SERVER/Desktop/codecanyon-FOhzjwS6-erpgo-saas-all-in-one-business-erp-with-project-account-hrm-crm-pos/main-file/packages/dionone/Account/src/Resources/js/Pages/BankTransfers/Create.tsx'
    Imported via '@/components/ui/input' from file 'C:/Users/DION-SERVER/Desktop/codecanyon-FOhzjwS6-erpgo-saas-all-in-one-business-erp-with-project-account-hrm-crm-pos/main-file/packages/dionone/Account/src/Resources/js/Pages/BankTransfers/Edit.tsx'
    Imported via '@/components/ui/input' from file 'C:/Users/DION-SERVER/Desktop/codecanyon-FOhzjwS6-erpgo-saas-all-in-one-business-erp-with-project-account-hrm-crm-pos/main-file/packages/dionone/Account/src/Resources/js/Pages/BankTransfers/Index.tsx'
    Imported via '@/components/ui/input' from file 'C:/Users/DION-SERVER/Desktop/codecanyon-FOhzjwS6-erpgo-saas-all-in-one-business-erp-with-project-account-hrm-crm-pos/main-file/packages/dionone/Account/src/Resources/js/Pages/ChartOfAccounts/Create.tsx'
    Imported via '@/components/ui/input' from file 'C:/Users/DION-SERVER/Desktop/codecanyon-FOhzjwS6-erpgo-saas-all-in-one-business-erp-with-project-account-hrm-crm-pos/main-file/packages/dionone/Account/src/Resources/js/Pages/ChartOfAccounts/Edit.tsx'
    Imported via '@/components/ui/input' from file 'C:/Users/DION-SERVER/Desktop/codecanyon-FOhzjwS6-erpgo-saas-all-in-one-business-erp-with-project-account-hrm-crm-pos/main-file/packages/dionone/Account/src/Resources/js/Pages/CreditNotes/Create.tsx'
    Imported via '@/components/ui/input' from file 'C:/Users/DION-SERVER/Desktop/codecanyon-FOhzjwS6-erpgo-saas-all-in-one-business-erp-with-project-account-hrm-crm-pos/main-file/packages/dionone/Account/src/Resources/js/Pages/CustomerPayments/Create.tsx'
    Imported via "@/components/ui/input" from file 'C:/Users/DION-SERVER/Desktop/codecanyon-FOhzjwS6-erpgo-saas-all-in-one-business-erp-with-project-account-hrm-crm-pos/main-file/packages/dionone/Account/src/Resources/js/Pages/Customers/Create.tsx'
    Imported via "@/components/ui/input" from file 'C:/Users/DION-SERVER/Desktop/codecanyon-FOhzjwS6-erpgo-saas-all-in-one-business-erp-with-project-account-hrm-crm-pos/main-file/packages/dionone/Account/src/Resources/js/Pages/Customers/Edit.tsx'
    Imported via "@/components/ui/input" from file 'C:/Users/DION-SERVER/Desktop/codecanyon-FOhzjwS6-erpgo-saas-all-in-one-business-erp-with-project-account-hrm-crm-pos/main-file/packages/dionone/Account/src/Resources/js/Pages/Customers/Index.tsx'
    Imported via '@/components/ui/input' from file 'C:/Users/DION-SERVER/Desktop/codecanyon-FOhzjwS6-erpgo-saas-all-in-one-business-erp-with-project-account-hrm-crm-pos/main-file/packages/dionone/Account/src/Resources/js/Pages/DebitNotes/Create.tsx'
    Imported via '@/components/ui/input' from file 'C:/Users/DION-SERVER/Desktop/codecanyon-FOhzjwS6-erpgo-saas-all-in-one-business-erp-with-project-account-hrm-crm-pos/main-file/packages/dionone/Account/src/Resources/js/Pages/Expenses/Create.tsx'
    Imported via '@/components/ui/input' from file 'C:/Users/DION-SERVER/Desktop/codecanyon-FOhzjwS6-erpgo-saas-all-in-one-business-erp-with-project-account-hrm-crm-pos/main-file/packages/dionone/Account/src/Resources/js/Pages/Expenses/Edit.tsx'
    Imported via '@/components/ui/input' from file 'C:/Users/DION-SERVER/Desktop/codecanyon-FOhzjwS6-erpgo-saas-all-in-one-business-erp-with-project-account-hrm-crm-pos/main-file/packages/dionone/Account/src/Resources/js/Pages/Revenues/Create.tsx'
    Imported via '@/components/ui/input' from file 'C:/Users/DION-SERVER/Desktop/codecanyon-FOhzjwS6-erpgo-saas-all-in-one-business-erp-with-project-account-hrm-crm-pos/main-file/packages/dionone/Account/src/Resources/js/Pages/Revenues/Edit.tsx'
    Imported via '@/components/ui/input' from file 'C:/Users/DION-SERVER/Desktop/codecanyon-FOhzjwS6-erpgo-saas-all-in-one-business-erp-with-project-account-hrm-crm-pos/main-file/packages/dionone/Account/src/Resources/js/Pages/SystemSetup/AccountTypes/Create.tsx'
    Imported via '@/components/ui/input' from file 'C:/Users/DION-SERVER/Desktop/codecanyon-FOhzjwS6-erpgo-saas-all-in-one-business-erp-with-project-account-hrm-crm-pos/main-file/packages/dionone/Account/src/Resources/js/Pages/SystemSetup/AccountTypes/Edit.tsx'
    Imported via '@/components/ui/input' from file 'C:/Users/DION-SERVER/Desktop/codecanyon-FOhzjwS6-erpgo-saas-all-in-one-business-erp-with-project-account-hrm-crm-pos/main-file/packages/dionone/Account/src/Resources/js/Pages/SystemSetup/ExpenseCategories/Create.tsx'
    Imported via '@/components/ui/input' from file 'C:/Users/DION-SERVER/Desktop/codecanyon-FOhzjwS6-erpgo-saas-all-in-one-business-erp-with-project-account-hrm-crm-pos/main-file/packages/dionone/Account/src/Resources/js/Pages/SystemSetup/ExpenseCategories/Edit.tsx'
    Imported via '@/components/ui/input' from file 'C:/Users/DION-SERVER/Desktop/codecanyon-FOhzjwS6-erpgo-saas-all-in-one-business-erp-with-project-account-hrm-crm-pos/main-file/packages/dionone/Account/src/Resources/js/Pages/SystemSetup/RevenueCategories/Create.tsx'
    Imported via '@/components/ui/input' from file 'C:/Users/DION-SERVER/Desktop/codecanyon-FOhzjwS6-erpgo-saas-all-in-one-business-erp-with-project-account-hrm-crm-pos/main-file/packages/dionone/Account/src/Resources/js/Pages/SystemSetup/RevenueCategories/Edit.tsx'
    Imported via '@/components/ui/input' from file 'C:/Users/DION-SERVER/Desktop/codecanyon-FOhzjwS6-erpgo-saas-all-in-one-business-erp-with-project-account-hrm-crm-pos/main-file/packages/dionone/Account/src/Resources/js/Pages/VendorPayments/Create.tsx'
    Imported via '@/components/ui/input' from file 'C:/Users/DION-SERVER/Desktop/codecanyon-FOhzjwS6-erpgo-saas-all-in-one-business-erp-with-project-account-hrm-crm-pos/main-file/packages/dionone/Account/src/Resources/js/Pages/VendorPayments/Index.tsx'
    Imported via "@/components/ui/input" from file 'C:/Users/DION-SERVER/Desktop/codecanyon-FOhzjwS6-erpgo-saas-all-in-one-business-erp-with-project-account-hrm-crm-pos/main-file/packages/dionone/Account/src/Resources/js/Pages/Vendors/Create.tsx'
    Imported via "@/components/ui/input" from file 'C:/Users/DION-SERVER/Desktop/codecanyon-FOhzjwS6-erpgo-saas-all-in-one-business-erp-with-project-account-hrm-crm-pos/main-file/packages/dionone/Account/src/Resources/js/Pages/Vendors/Edit.tsx'
    Imported via "@/components/ui/input" from file 'C:/Users/DION-SERVER/Desktop/codecanyon-FOhzjwS6-erpgo-saas-all-in-one-business-erp-with-project-account-hrm-crm-pos/main-file/packages/dionone/Account/src/Resources/js/Pages/Vendors/Index.tsx'
    Imported via '@/components/ui/input' from file 'C:/Users/DION-SERVER/Desktop/codecanyon-FOhzjwS6-erpgo-saas-all-in-one-business-erp-with-project-account-hrm-crm-pos/main-file/packages/dionone/BudgetPlanner/src/Resources/js/Pages/BudgetPeriods/Create.tsx'
    Imported via '@/components/ui/input' from file 'C:/Users/DION-SERVER/Desktop/codecanyon-FOhzjwS6-erpgo-saas-all-in-one-business-erp-with-project-account-hrm-crm-pos/main-file/packages/dionone/BudgetPlanner/src/Resources/js/Pages/BudgetPeriods/Edit.tsx'
    Imported via '@/components/ui/input' from file 'C:/Users/DION-SERVER/Desktop/codecanyon-FOhzjwS6-erpgo-saas-all-in-one-business-erp-with-project-account-hrm-crm-pos/main-file/packages/dionone/BudgetPlanner/src/Resources/js/Pages/BudgetPeriods/Index.tsx'
    Imported via '@/components/ui/input' from file 'C:/Users/DION-SERVER/Desktop/codecanyon-FOhzjwS6-erpgo-saas-all-in-one-business-erp-with-project-account-hrm-crm-pos/main-file/packages/dionone/BudgetPlanner/src/Resources/js/Pages/Budgets/Create.tsx'
    Imported via '@/components/ui/input' from file 'C:/Users/DION-SERVER/Desktop/codecanyon-FOhzjwS6-erpgo-saas-all-in-one-business-erp-with-project-account-hrm-crm-pos/main-file/packages/dionone/BudgetPlanner/src/Resources/js/Pages/Budgets/Edit.tsx'
    Imported via '@/components/ui/input' from file 'C:/Users/DION-SERVER/Desktop/codecanyon-FOhzjwS6-erpgo-saas-all-in-one-business-erp-with-project-account-hrm-crm-pos/main-file/packages/dionone/Calendar/src/Resources/js/settings/components/google-calendar-settings.tsx'
    Imported via '@/components/ui/input' from file 'C:/Users/DION-SERVER/Desktop/codecanyon-FOhzjwS6-erpgo-saas-all-in-one-business-erp-with-project-account-hrm-crm-pos/main-file/packages/dionone/Contract/src/Resources/js/Pages/ContractTypes/Create.tsx'
    Imported via '@/components/ui/input' from file 'C:/Users/DION-SERVER/Desktop/codecanyon-FOhzjwS6-erpgo-saas-all-in-one-business-erp-with-project-account-hrm-crm-pos/main-file/packages/dionone/Contract/src/Resources/js/Pages/ContractTypes/Edit.tsx'
    Imported via '@/components/ui/input' from file 'C:/Users/DION-SERVER/Desktop/codecanyon-FOhzjwS6-erpgo-saas-all-in-one-business-erp-with-project-account-hrm-crm-pos/main-file/packages/dionone/Contract/src/Resources/js/Pages/Contracts/Create.tsx'
    Imported via '@/components/ui/input' from file 'C:/Users/DION-SERVER/Desktop/codecanyon-FOhzjwS6-erpgo-saas-all-in-one-business-erp-with-project-account-hrm-crm-pos/main-file/packages/dionone/Contract/src/Resources/js/Pages/Contracts/Duplicate.tsx'
    Imported via '@/components/ui/input' from file 'C:/Users/DION-SERVER/Desktop/codecanyon-FOhzjwS6-erpgo-saas-all-in-one-business-erp-with-project-account-hrm-crm-pos/main-file/packages/dionone/Contract/src/Resources/js/Pages/Contracts/Edit.tsx'
    Imported via '@/components/ui/input' from file 'C:/Users/DION-SERVER/Desktop/codecanyon-FOhzjwS6-erpgo-saas-all-in-one-business-erp-with-project-account-hrm-crm-pos/main-file/packages/dionone/Contract/src/Resources/js/settings/components/contract-settings.tsx'
    Imported via '@/components/ui/input' from file 'C:/Users/DION-SERVER/Desktop/codecanyon-FOhzjwS6-erpgo-saas-all-in-one-business-erp-with-project-account-hrm-crm-pos/main-file/packages/dionone/DoubleEntry/src/Resources/js/Pages/BalanceSheets/Generate.tsx'
    Imported via '@/components/ui/input' from file 'C:/Users/DION-SERVER/Desktop/codecanyon-FOhzjwS6-erpgo-saas-all-in-one-business-erp-with-project-account-hrm-crm-pos/main-file/packages/dionone/DoubleEntry/src/Resources/js/Pages/BalanceSheets/Index.tsx'
    Imported via '@/components/ui/input' from file 'C:/Users/DION-SERVER/Desktop/codecanyon-FOhzjwS6-erpgo-saas-all-in-one-business-erp-with-project-account-hrm-crm-pos/main-file/packages/dionone/DoubleEntry/src/Resources/js/Pages/BalanceSheets/YearEndClose.tsx'
    Imported via '@/components/ui/input' from file 'C:/Users/DION-SERVER/Desktop/codecanyon-FOhzjwS6-erpgo-saas-all-in-one-business-erp-with-project-account-hrm-crm-pos/main-file/packages/dionone/DoubleEntry/src/Resources/js/Pages/BalanceSheets/Note.tsx'
    Imported via '@/components/ui/input' from file 'C:/Users/DION-SERVER/Desktop/codecanyon-FOhzjwS6-erpgo-saas-all-in-one-business-erp-with-project-account-hrm-crm-pos/main-file/packages/dionone/DoubleEntry/src/Resources/js/Pages/BalanceSheets/View.tsx'
    Imported via '@/components/ui/input' from file 'C:/Users/DION-SERVER/Desktop/codecanyon-FOhzjwS6-erpgo-saas-all-in-one-business-erp-with-project-account-hrm-crm-pos/main-file/packages/dionone/DoubleEntry/src/Resources/js/Pages/LedgerSummary/Index.tsx'
    Imported via '@/components/ui/input' from file 'C:/Users/DION-SERVER/Desktop/codecanyon-FOhzjwS6-erpgo-saas-all-in-one-business-erp-with-project-account-hrm-crm-pos/main-file/packages/dionone/FormBuilder/src/Resources/js/Pages/Forms/Create.tsx'
    Imported via '@/components/ui/input' from file 'C:/Users/DION-SERVER/Desktop/codecanyon-FOhzjwS6-erpgo-saas-all-in-one-business-erp-with-project-account-hrm-crm-pos/main-file/packages/dionone/FormBuilder/src/Resources/js/Pages/Forms/Edit.tsx'
    Imported via '@/components/ui/input' from file 'C:/Users/DION-SERVER/Desktop/codecanyon-FOhzjwS6-erpgo-saas-all-in-one-business-erp-with-project-account-hrm-crm-pos/main-file/packages/dionone/FormBuilder/src/Resources/js/components/FormField.tsx'
    Imported via '@/components/ui/input' from file 'C:/Users/DION-SERVER/Desktop/codecanyon-FOhzjwS6-erpgo-saas-all-in-one-business-erp-with-project-account-hrm-crm-pos/main-file/packages/dionone/Goal/src/Resources/js/Pages/Categories/Create.tsx'
    Imported via '@/components/ui/input' from file 'C:/Users/DION-SERVER/Desktop/codecanyon-FOhzjwS6-erpgo-saas-all-in-one-business-erp-with-project-account-hrm-crm-pos/main-file/packages/dionone/Goal/src/Resources/js/Pages/Categories/Edit.tsx'
    Imported via '@/components/ui/input' from file 'C:/Users/DION-SERVER/Desktop/codecanyon-FOhzjwS6-erpgo-saas-all-in-one-business-erp-with-project-account-hrm-crm-pos/main-file/packages/dionone/Goal/src/Resources/js/Pages/Contributions/Create.tsx'
    Imported via '@/components/ui/input' from file 'C:/Users/DION-SERVER/Desktop/codecanyon-FOhzjwS6-erpgo-saas-all-in-one-business-erp-with-project-account-hrm-crm-pos/main-file/packages/dionone/Goal/src/Resources/js/Pages/Contributions/Edit.tsx'
    Imported via '@/components/ui/input' from file 'C:/Users/DION-SERVER/Desktop/codecanyon-FOhzjwS6-erpgo-saas-all-in-one-business-erp-with-project-account-hrm-crm-pos/main-file/packages/dionone/Goal/src/Resources/js/Pages/Goals/Create.tsx'
    Imported via '@/components/ui/input' from file 'C:/Users/DION-SERVER/Desktop/codecanyon-FOhzjwS6-erpgo-saas-all-in-one-business-erp-with-project-account-hrm-crm-pos/main-file/packages/dionone/Goal/src/Resources/js/Pages/Goals/Edit.tsx'
    Imported via '@/components/ui/input' from file 'C:/Users/DION-SERVER/Desktop/codecanyon-FOhzjwS6-erpgo-saas-all-in-one-business-erp-with-project-account-hrm-crm-pos/main-file/packages/dionone/Goal/src/Resources/js/Pages/Milestones/Create.tsx'
    Imported via '@/components/ui/input' from file 'C:/Users/DION-SERVER/Desktop/codecanyon-FOhzjwS6-erpgo-saas-all-in-one-business-erp-with-project-account-hrm-crm-pos/main-file/packages/dionone/Goal/src/Resources/js/Pages/Milestones/Edit.tsx'
    Imported via '@/components/ui/input' from file 'C:/Users/DION-SERVER/Desktop/codecanyon-FOhzjwS6-erpgo-saas-all-in-one-business-erp-with-project-account-hrm-crm-pos/main-file/packages/dionone/Goal/src/Resources/js/Pages/Tracking/Create.tsx'
    Imported via '@/components/ui/input' from file 'C:/Users/DION-SERVER/Desktop/codecanyon-FOhzjwS6-erpgo-saas-all-in-one-business-erp-with-project-account-hrm-crm-pos/main-file/packages/dionone/Goal/src/Resources/js/Pages/Tracking/Edit.tsx'
    Imported via '@/components/ui/input' from file 'C:/Users/DION-SERVER/Desktop/codecanyon-FOhzjwS6-erpgo-saas-all-in-one-business-erp-with-project-account-hrm-crm-pos/main-file/packages/dionone/GoogleCaptcha/src/Resources/js/settings/components/google-captcha-settings.tsx'
    Imported via '@/components/ui/input' from file 'C:/Users/DION-SERVER/Desktop/codecanyon-FOhzjwS6-erpgo-saas-all-in-one-business-erp-with-project-account-hrm-crm-pos/main-file/packages/dionone/Hrm/src/Resources/js/Pages/Announcements/Create.tsx'
    Imported via '@/components/ui/input' from file 'C:/Users/DION-SERVER/Desktop/codecanyon-FOhzjwS6-erpgo-saas-all-in-one-business-erp-with-project-account-hrm-crm-pos/main-file/packages/dionone/Hrm/src/Resources/js/Pages/Announcements/Edit.tsx'
    Imported via '@/components/ui/input' from file 'C:/Users/DION-SERVER/Desktop/codecanyon-FOhzjwS6-erpgo-saas-all-in-one-business-erp-with-project-account-hrm-crm-pos/main-file/packages/dionone/Hrm/src/Resources/js/Pages/Attendances/Create.tsx'
    Imported via '@/components/ui/input' from file 'C:/Users/DION-SERVER/Desktop/codecanyon-FOhzjwS6-erpgo-saas-all-in-one-business-erp-with-project-account-hrm-crm-pos/main-file/packages/dionone/Hrm/src/Resources/js/Pages/Attendances/Edit.tsx'
    Imported via '@/components/ui/input' from file 'C:/Users/DION-SERVER/Desktop/codecanyon-FOhzjwS6-erpgo-saas-all-in-one-business-erp-with-project-account-hrm-crm-pos/main-file/packages/dionone/Hrm/src/Resources/js/Pages/Attendances/Index.tsx'
    Imported via '@/components/ui/input' from file 'C:/Users/DION-SERVER/Desktop/codecanyon-FOhzjwS6-erpgo-saas-all-in-one-business-erp-with-project-account-hrm-crm-pos/main-file/packages/dionone/Hrm/src/Resources/js/Pages/Awards/Create.tsx'
    Imported via '@/components/ui/input' from file 'C:/Users/DION-SERVER/Desktop/codecanyon-FOhzjwS6-erpgo-saas-all-in-one-business-erp-with-project-account-hrm-crm-pos/main-file/packages/dionone/Hrm/src/Resources/js/Pages/Awards/Edit.tsx'
    Imported via '@/components/ui/input' from file 'C:/Users/DION-SERVER/Desktop/codecanyon-FOhzjwS6-erpgo-saas-all-in-one-business-erp-with-project-account-hrm-crm-pos/main-file/packages/dionone/Hrm/src/Resources/js/Pages/Complaints/Create.tsx'
    Imported via '@/components/ui/input' from file 'C:/Users/DION-SERVER/Desktop/codecanyon-FOhzjwS6-erpgo-saas-all-in-one-business-erp-with-project-account-hrm-crm-pos/main-file/packages/dionone/Hrm/src/Resources/js/Pages/Complaints/Edit.tsx'
    Imported via '@/components/ui/input' from file 'C:/Users/DION-SERVER/Desktop/codecanyon-FOhzjwS6-erpgo-saas-all-in-one-business-erp-with-project-account-hrm-crm-pos/main-file/packages/dionone/Hrm/src/Resources/js/Pages/Employees/Create.tsx'
    Imported via '@/components/ui/input' from file 'C:/Users/DION-SERVER/Desktop/codecanyon-FOhzjwS6-erpgo-saas-all-in-one-business-erp-with-project-account-hrm-crm-pos/main-file/packages/dionone/Hrm/src/Resources/js/Pages/Employees/Edit.tsx'
    Imported via '@/components/ui/input' from file 'C:/Users/DION-SERVER/Desktop/codecanyon-FOhzjwS6-erpgo-saas-all-in-one-business-erp-with-project-account-hrm-crm-pos/main-file/packages/dionone/Hrm/src/Resources/js/Pages/Events/Create.tsx'
    Imported via '@/components/ui/input' from file 'C:/Users/DION-SERVER/Desktop/codecanyon-FOhzjwS6-erpgo-saas-all-in-one-business-erp-with-project-account-hrm-crm-pos/main-file/packages/dionone/Hrm/src/Resources/js/Pages/Events/Edit.tsx'
    Imported via '@/components/ui/input' from file 'C:/Users/DION-SERVER/Desktop/codecanyon-FOhzjwS6-erpgo-saas-all-in-one-business-erp-with-project-account-hrm-crm-pos/main-file/packages/dionone/Hrm/src/Resources/js/Pages/Holidays/Create.tsx'
    Imported via '@/components/ui/input' from file 'C:/Users/DION-SERVER/Desktop/codecanyon-FOhzjwS6-erpgo-saas-all-in-one-business-erp-with-project-account-hrm-crm-pos/main-file/packages/dionone/Hrm/src/Resources/js/Pages/Holidays/Edit.tsx'
    Imported via '@/components/ui/input' from file 'C:/Users/DION-SERVER/Desktop/codecanyon-FOhzjwS6-erpgo-saas-all-in-one-business-erp-with-project-account-hrm-crm-pos/main-file/packages/dionone/Hrm/src/Resources/js/Pages/HrmDocuments/Create.tsx'
    Imported via '@/components/ui/input' from file 'C:/Users/DION-SERVER/Desktop/codecanyon-FOhzjwS6-erpgo-saas-all-in-one-business-erp-with-project-account-hrm-crm-pos/main-file/packages/dionone/Hrm/src/Resources/js/Pages/HrmDocuments/Edit.tsx'
    Imported via '@/components/ui/input' from file 'C:/Users/DION-SERVER/Desktop/codecanyon-FOhzjwS6-erpgo-saas-all-in-one-business-erp-with-project-account-hrm-crm-pos/main-file/packages/dionone/Hrm/src/Resources/js/Pages/LeaveApplications/Index.tsx'
    Imported via '@/components/ui/input' from file 'C:/Users/DION-SERVER/Desktop/codecanyon-FOhzjwS6-erpgo-saas-all-in-one-business-erp-with-project-account-hrm-crm-pos/main-file/packages/dionone/Hrm/src/Resources/js/Pages/LeaveTypes/Create.tsx'
    Imported via '@/components/ui/input' from file 'C:/Users/DION-SERVER/Desktop/codecanyon-FOhzjwS6-erpgo-saas-all-in-one-business-erp-with-project-account-hrm-crm-pos/main-file/packages/dionone/Hrm/src/Resources/js/Pages/LeaveTypes/Edit.tsx'
    Imported via '@/components/ui/input' from file 'C:/Users/DION-SERVER/Desktop/codecanyon-FOhzjwS6-erpgo-saas-all-in-one-business-erp-with-project-account-hrm-crm-pos/main-file/packages/dionone/Hrm/src/Resources/js/Pages/Payrolls/Create.tsx'
    Imported via '@/components/ui/input' from file 'C:/Users/DION-SERVER/Desktop/codecanyon-FOhzjwS6-erpgo-saas-all-in-one-business-erp-with-project-account-hrm-crm-pos/main-file/packages/dionone/Hrm/src/Resources/js/Pages/Payrolls/Edit.tsx'
    Imported via '@/components/ui/input' from file 'C:/Users/DION-SERVER/Desktop/codecanyon-FOhzjwS6-erpgo-saas-all-in-one-business-erp-with-project-account-hrm-crm-pos/main-file/packages/dionone/Hrm/src/Resources/js/Pages/Resignations/Create.tsx'
    Imported via '@/components/ui/input' from file 'C:/Users/DION-SERVER/Desktop/codecanyon-FOhzjwS6-erpgo-saas-all-in-one-business-erp-with-project-account-hrm-crm-pos/main-file/packages/dionone/Hrm/src/Resources/js/Pages/Resignations/Edit.tsx'
    Imported via '@/components/ui/input' from file 'C:/Users/DION-SERVER/Desktop/codecanyon-FOhzjwS6-erpgo-saas-all-in-one-business-erp-with-project-account-hrm-crm-pos/main-file/packages/dionone/Hrm/src/Resources/js/Pages/SetSalary/Show.tsx'
    Imported via "@/components/ui/input" from file 'C:/Users/DION-SERVER/Desktop/codecanyon-FOhzjwS6-erpgo-saas-all-in-one-business-erp-with-project-account-hrm-crm-pos/main-file/packages/dionone/Hrm/src/Resources/js/Pages/SetSalary/Allowances/Create.tsx'
    Imported via "@/components/ui/input" from file 'C:/Users/DION-SERVER/Desktop/codecanyon-FOhzjwS6-erpgo-saas-all-in-one-business-erp-with-project-account-hrm-crm-pos/main-file/packages/dionone/Hrm/src/Resources/js/Pages/SetSalary/Allowances/Edit.tsx'
    Imported via '@/components/ui/input' from file 'C:/Users/DION-SERVER/Desktop/codecanyon-FOhzjwS6-erpgo-saas-all-in-one-business-erp-with-project-account-hrm-crm-pos/main-file/packages/dionone/Hrm/src/Resources/js/Pages/SetSalary/Deductions/Create.tsx'
    Imported via '@/components/ui/input' from file 'C:/Users/DION-SERVER/Desktop/codecanyon-FOhzjwS6-erpgo-saas-all-in-one-business-erp-with-project-account-hrm-crm-pos/main-file/packages/dionone/Hrm/src/Resources/js/Pages/SetSalary/Deductions/Edit.tsx'
    Imported via '@/components/ui/input' from file 'C:/Users/DION-SERVER/Desktop/codecanyon-FOhzjwS6-erpgo-saas-all-in-one-business-erp-with-project-account-hrm-crm-pos/main-file/packages/dionone/Hrm/src/Resources/js/Pages/SetSalary/Loans/Create.tsx'
    Imported via '@/components/ui/input' from file 'C:/Users/DION-SERVER/Desktop/codecanyon-FOhzjwS6-erpgo-saas-all-in-one-business-erp-with-project-account-hrm-crm-pos/main-file/packages/dionone/Hrm/src/Resources/js/Pages/SetSalary/Loans/Edit.tsx'
    Imported via '@/components/ui/input' from file 'C:/Users/DION-SERVER/Desktop/codecanyon-FOhzjwS6-erpgo-saas-all-in-one-business-erp-with-project-account-hrm-crm-pos/main-file/packages/dionone/Hrm/src/Resources/js/Pages/SetSalary/Overtimes/Create.tsx'
    Imported via '@/components/ui/input' from file 'C:/Users/DION-SERVER/Desktop/codecanyon-FOhzjwS6-erpgo-saas-all-in-one-business-erp-with-project-account-hrm-crm-pos/main-file/packages/dionone/Hrm/src/Resources/js/Pages/SetSalary/Overtimes/Edit.tsx'
    Imported via '@/components/ui/input' from file 'C:/Users/DION-SERVER/Desktop/codecanyon-FOhzjwS6-erpgo-saas-all-in-one-business-erp-with-project-account-hrm-crm-pos/main-file/packages/dionone/Hrm/src/Resources/js/Pages/Shifts/Create.tsx'
    Imported via '@/components/ui/input' from file 'C:/Users/DION-SERVER/Desktop/codecanyon-FOhzjwS6-erpgo-saas-all-in-one-business-erp-with-project-account-hrm-crm-pos/main-file/packages/dionone/Hrm/src/Resources/js/Pages/Shifts/Edit.tsx'
    Imported via '@/components/ui/input' from file 'C:/Users/DION-SERVER/Desktop/codecanyon-FOhzjwS6-erpgo-saas-all-in-one-business-erp-with-project-account-hrm-crm-pos/main-file/packages/dionone/Hrm/src/Resources/js/Pages/SystemSetup/AllowanceTypes/Create.tsx'
    Imported via '@/components/ui/input' from file 'C:/Users/DION-SERVER/Desktop/codecanyon-FOhzjwS6-erpgo-saas-all-in-one-business-erp-with-project-account-hrm-crm-pos/main-file/packages/dionone/Hrm/src/Resources/js/Pages/SystemSetup/AllowanceTypes/Edit.tsx'
    Imported via '@/components/ui/input' from file 'C:/Users/DION-SERVER/Desktop/codecanyon-FOhzjwS6-erpgo-saas-all-in-one-business-erp-with-project-account-hrm-crm-pos/main-file/packages/dionone/Hrm/src/Resources/js/Pages/SystemSetup/AnnouncementCategories/Create.tsx'
    Imported via '@/components/ui/input' from file 'C:/Users/DION-SERVER/Desktop/codecanyon-FOhzjwS6-erpgo-saas-all-in-one-business-erp-with-project-account-hrm-crm-pos/main-file/packages/dionone/Hrm/src/Resources/js/Pages/SystemSetup/AnnouncementCategories/Edit.tsx'
    Imported via '@/components/ui/input' from file 'C:/Users/DION-SERVER/Desktop/codecanyon-FOhzjwS6-erpgo-saas-all-in-one-business-erp-with-project-account-hrm-crm-pos/main-file/packages/dionone/Hrm/src/Resources/js/Pages/SystemSetup/AwardTypes/Create.tsx'
    Imported via '@/components/ui/input' from file 'C:/Users/DION-SERVER/Desktop/codecanyon-FOhzjwS6-erpgo-saas-all-in-one-business-erp-with-project-account-hrm-crm-pos/main-file/packages/dionone/Hrm/src/Resources/js/Pages/SystemSetup/AwardTypes/Edit.tsx'
    Imported via '@/components/ui/input' from file 'C:/Users/DION-SERVER/Desktop/codecanyon-FOhzjwS6-erpgo-saas-all-in-one-business-erp-with-project-account-hrm-crm-pos/main-file/packages/dionone/Hrm/src/Resources/js/Pages/SystemSetup/Branches/Create.tsx'
    Imported via '@/components/ui/input' from file 'C:/Users/DION-SERVER/Desktop/codecanyon-FOhzjwS6-erpgo-saas-all-in-one-business-erp-with-project-account-hrm-crm-pos/main-file/packages/dionone/Hrm/src/Resources/js/Pages/SystemSetup/Branches/Edit.tsx'
    Imported via '@/components/ui/input' from file 'C:/Users/DION-SERVER/Desktop/codecanyon-FOhzjwS6-erpgo-saas-all-in-one-business-erp-with-project-account-hrm-crm-pos/main-file/packages/dionone/Hrm/src/Resources/js/Pages/SystemSetup/ComplaintTypes/Create.tsx'
    Imported via '@/components/ui/input' from file 'C:/Users/DION-SERVER/Desktop/codecanyon-FOhzjwS6-erpgo-saas-all-in-one-business-erp-with-project-account-hrm-crm-pos/main-file/packages/dionone/Hrm/src/Resources/js/Pages/SystemSetup/ComplaintTypes/Edit.tsx'
    Imported via '@/components/ui/input' from file 'C:/Users/DION-SERVER/Desktop/codecanyon-FOhzjwS6-erpgo-saas-all-in-one-business-erp-with-project-account-hrm-crm-pos/main-file/packages/dionone/Hrm/src/Resources/js/Pages/SystemSetup/DeductionTypes/Create.tsx'
    Imported via '@/components/ui/input' from file 'C:/Users/DION-SERVER/Desktop/codecanyon-FOhzjwS6-erpgo-saas-all-in-one-business-erp-with-project-account-hrm-crm-pos/main-file/packages/dionone/Hrm/src/Resources/js/Pages/SystemSetup/DeductionTypes/Edit.tsx'
    Imported via '@/components/ui/input' from file 'C:/Users/DION-SERVER/Desktop/codecanyon-FOhzjwS6-erpgo-saas-all-in-one-business-erp-with-project-account-hrm-crm-pos/main-file/packages/dionone/Hrm/src/Resources/js/Pages/SystemSetup/Departments/Create.tsx'
    Imported via '@/components/ui/input' from file 'C:/Users/DION-SERVER/Desktop/codecanyon-FOhzjwS6-erpgo-saas-all-in-one-business-erp-with-project-account-hrm-crm-pos/main-file/packages/dionone/Hrm/src/Resources/js/Pages/SystemSetup/Departments/Edit.tsx'
    Imported via '@/components/ui/input' from file 'C:/Users/DION-SERVER/Desktop/codecanyon-FOhzjwS6-erpgo-saas-all-in-one-business-erp-with-project-account-hrm-crm-pos/main-file/packages/dionone/Hrm/src/Resources/js/Pages/SystemSetup/Designations/Create.tsx'
    Imported via '@/components/ui/input' from file 'C:/Users/DION-SERVER/Desktop/codecanyon-FOhzjwS6-erpgo-saas-all-in-one-business-erp-with-project-account-hrm-crm-pos/main-file/packages/dionone/Hrm/src/Resources/js/Pages/SystemSetup/Designations/Edit.tsx'
    Imported via '@/components/ui/input' from file 'C:/Users/DION-SERVER/Desktop/codecanyon-FOhzjwS6-erpgo-saas-all-in-one-business-erp-with-project-account-hrm-crm-pos/main-file/packages/dionone/Hrm/src/Resources/js/Pages/SystemSetup/DocumentCategories/Create.tsx'
    Imported via '@/components/ui/input' from file 'C:/Users/DION-SERVER/Desktop/codecanyon-FOhzjwS6-erpgo-saas-all-in-one-business-erp-with-project-account-hrm-crm-pos/main-file/packages/dionone/Hrm/src/Resources/js/Pages/SystemSetup/DocumentCategories/Edit.tsx'
    Imported via '@/components/ui/input' from file 'C:/Users/DION-SERVER/Desktop/codecanyon-FOhzjwS6-erpgo-saas-all-in-one-business-erp-with-project-account-hrm-crm-pos/main-file/packages/dionone/Hrm/src/Resources/js/Pages/SystemSetup/EmployeeDocumentTypes/Create.tsx'
    Imported via '@/components/ui/input' from file 'C:/Users/DION-SERVER/Desktop/codecanyon-FOhzjwS6-erpgo-saas-all-in-one-business-erp-with-project-account-hrm-crm-pos/main-file/packages/dionone/Hrm/src/Resources/js/Pages/SystemSetup/EmployeeDocumentTypes/Edit.tsx'
    Imported via '@/components/ui/input' from file 'C:/Users/DION-SERVER/Desktop/codecanyon-FOhzjwS6-erpgo-saas-all-in-one-business-erp-with-project-account-hrm-crm-pos/main-file/packages/dionone/Hrm/src/Resources/js/Pages/SystemSetup/EventTypes/Create.tsx'
    Imported via '@/components/ui/input' from file 'C:/Users/DION-SERVER/Desktop/codecanyon-FOhzjwS6-erpgo-saas-all-in-one-business-erp-with-project-account-hrm-crm-pos/main-file/packages/dionone/Hrm/src/Resources/js/Pages/SystemSetup/EventTypes/Edit.tsx'
    Imported via '@/components/ui/input' from file 'C:/Users/DION-SERVER/Desktop/codecanyon-FOhzjwS6-erpgo-saas-all-in-one-business-erp-with-project-account-hrm-crm-pos/main-file/packages/dionone/Hrm/src/Resources/js/Pages/SystemSetup/HolidayTypes/Create.tsx'
    Imported via '@/components/ui/input' from file 'C:/Users/DION-SERVER/Desktop/codecanyon-FOhzjwS6-erpgo-saas-all-in-one-business-erp-with-project-account-hrm-crm-pos/main-file/packages/dionone/Hrm/src/Resources/js/Pages/SystemSetup/HolidayTypes/Edit.tsx'
    Imported via '@/components/ui/input' from file 'C:/Users/DION-SERVER/Desktop/codecanyon-FOhzjwS6-erpgo-saas-all-in-one-business-erp-with-project-account-hrm-crm-pos/main-file/packages/dionone/Hrm/src/Resources/js/Pages/SystemSetup/IpRestricts/Create.tsx'
    Imported via '@/components/ui/input' from file 'C:/Users/DION-SERVER/Desktop/codecanyon-FOhzjwS6-erpgo-saas-all-in-one-business-erp-with-project-account-hrm-crm-pos/main-file/packages/dionone/Hrm/src/Resources/js/Pages/SystemSetup/IpRestricts/Edit.tsx'
    Imported via '@/components/ui/input' from file 'C:/Users/DION-SERVER/Desktop/codecanyon-FOhzjwS6-erpgo-saas-all-in-one-business-erp-with-project-account-hrm-crm-pos/main-file/packages/dionone/Hrm/src/Resources/js/Pages/SystemSetup/LoanTypes/Create.tsx'
    Imported via '@/components/ui/input' from file 'C:/Users/DION-SERVER/Desktop/codecanyon-FOhzjwS6-erpgo-saas-all-in-one-business-erp-with-project-account-hrm-crm-pos/main-file/packages/dionone/Hrm/src/Resources/js/Pages/SystemSetup/LoanTypes/Edit.tsx'
    Imported via '@/components/ui/input' from file 'C:/Users/DION-SERVER/Desktop/codecanyon-FOhzjwS6-erpgo-saas-all-in-one-business-erp-with-project-account-hrm-crm-pos/main-file/packages/dionone/Hrm/src/Resources/js/Pages/SystemSetup/TerminationTypes/Create.tsx'
    Imported via '@/components/ui/input' from file 'C:/Users/DION-SERVER/Desktop/codecanyon-FOhzjwS6-erpgo-saas-all-in-one-business-erp-with-project-account-hrm-crm-pos/main-file/packages/dionone/Hrm/src/Resources/js/Pages/SystemSetup/TerminationTypes/Edit.tsx'
    Imported via '@/components/ui/input' from file 'C:/Users/DION-SERVER/Desktop/codecanyon-FOhzjwS6-erpgo-saas-all-in-one-business-erp-with-project-account-hrm-crm-pos/main-file/packages/dionone/Hrm/src/Resources/js/Pages/SystemSetup/WarningTypes/Create.tsx'
    Imported via '@/components/ui/input' from file 'C:/Users/DION-SERVER/Desktop/codecanyon-FOhzjwS6-erpgo-saas-all-in-one-business-erp-with-project-account-hrm-crm-pos/main-file/packages/dionone/Hrm/src/Resources/js/Pages/SystemSetup/WarningTypes/Edit.tsx'
    Imported via '@/components/ui/input' from file 'C:/Users/DION-SERVER/Desktop/codecanyon-FOhzjwS6-erpgo-saas-all-in-one-business-erp-with-project-account-hrm-crm-pos/main-file/packages/dionone/Hrm/src/Resources/js/Pages/Terminations/Create.tsx'
    Imported via '@/components/ui/input' from file 'C:/Users/DION-SERVER/Desktop/codecanyon-FOhzjwS6-erpgo-saas-all-in-one-business-erp-with-project-account-hrm-crm-pos/main-file/packages/dionone/Hrm/src/Resources/js/Pages/Terminations/Edit.tsx'
    Imported via '@/components/ui/input' from file 'C:/Users/DION-SERVER/Desktop/codecanyon-FOhzjwS6-erpgo-saas-all-in-one-business-erp-with-project-account-hrm-crm-pos/main-file/packages/dionone/Hrm/src/Resources/js/Pages/Warnings/Create.tsx'
    Imported via '@/components/ui/input' from file 'C:/Users/DION-SERVER/Desktop/codecanyon-FOhzjwS6-erpgo-saas-all-in-one-business-erp-with-project-account-hrm-crm-pos/main-file/packages/dionone/Hrm/src/Resources/js/Pages/Warnings/Edit.tsx'
    Imported via '@/components/ui/input' from file 'C:/Users/DION-SERVER/Desktop/codecanyon-FOhzjwS6-erpgo-saas-all-in-one-business-erp-with-project-account-hrm-crm-pos/main-file/packages/dionone/LandingPage/src/Resources/js/Pages/components/settings/General.tsx'
    Imported via '@/components/ui/input' from file 'C:/Users/DION-SERVER/Desktop/codecanyon-FOhzjwS6-erpgo-saas-all-in-one-business-erp-with-project-account-hrm-crm-pos/main-file/packages/dionone/LandingPage/src/Resources/js/Pages/components/settings/Hero.tsx'
    Imported via '@/components/ui/input' from file 'C:/Users/DION-SERVER/Desktop/codecanyon-FOhzjwS6-erpgo-saas-all-in-one-business-erp-with-project-account-hrm-crm-pos/main-file/packages/dionone/LandingPage/src/Resources/js/Pages/components/settings/Header.tsx'
    Imported via '@/components/ui/input' from file 'C:/Users/DION-SERVER/Desktop/codecanyon-FOhzjwS6-erpgo-saas-all-in-one-business-erp-with-project-account-hrm-crm-pos/main-file/packages/dionone/LandingPage/src/Resources/js/Pages/components/settings/Features.tsx'
    Imported via '@/components/ui/input' from file 'C:/Users/DION-SERVER/Desktop/codecanyon-FOhzjwS6-erpgo-saas-all-in-one-business-erp-with-project-account-hrm-crm-pos/main-file/packages/dionone/LandingPage/src/Resources/js/Pages/components/settings/Modules.tsx'
    Imported via '@/components/ui/input' from file 'C:/Users/DION-SERVER/Desktop/codecanyon-FOhzjwS6-erpgo-saas-all-in-one-business-erp-with-project-account-hrm-crm-pos/main-file/packages/dionone/LandingPage/src/Resources/js/Pages/components/settings/Benefits.tsx'
    Imported via '@/components/ui/input' from file 'C:/Users/DION-SERVER/Desktop/codecanyon-FOhzjwS6-erpgo-saas-all-in-one-business-erp-with-project-account-hrm-crm-pos/main-file/packages/dionone/LandingPage/src/Resources/js/Pages/components/settings/Gallery.tsx'
    Imported via '@/components/ui/input' from file 'C:/Users/DION-SERVER/Desktop/codecanyon-FOhzjwS6-erpgo-saas-all-in-one-business-erp-with-project-account-hrm-crm-pos/main-file/packages/dionone/LandingPage/src/Resources/js/Pages/components/settings/CTA.tsx'
    Imported via '@/components/ui/input' from file 'C:/Users/DION-SERVER/Desktop/codecanyon-FOhzjwS6-erpgo-saas-all-in-one-business-erp-with-project-account-hrm-crm-pos/main-file/packages/dionone/LandingPage/src/Resources/js/Pages/components/settings/Footer.tsx'
    Imported via '@/components/ui/input' from file 'C:/Users/DION-SERVER/Desktop/codecanyon-FOhzjwS6-erpgo-saas-all-in-one-business-erp-with-project-account-hrm-crm-pos/main-file/packages/dionone/LandingPage/src/Resources/js/Pages/components/settings/Colors.tsx'
    Imported via '@/components/ui/input' from file 'C:/Users/DION-SERVER/Desktop/codecanyon-FOhzjwS6-erpgo-saas-all-in-one-business-erp-with-project-account-hrm-crm-pos/main-file/packages/dionone/LandingPage/src/Resources/js/Pages/components/settings/Pricing.tsx'
    Imported via '@/components/ui/input' from file 'C:/Users/DION-SERVER/Desktop/codecanyon-FOhzjwS6-erpgo-saas-all-in-one-business-erp-with-project-account-hrm-crm-pos/main-file/packages/dionone/LandingPage/src/Resources/js/Pages/CustomPages/Create.tsx'
    Imported via '@/components/ui/input' from file 'C:/Users/DION-SERVER/Desktop/codecanyon-FOhzjwS6-erpgo-saas-all-in-one-business-erp-with-project-account-hrm-crm-pos/main-file/packages/dionone/LandingPage/src/Resources/js/Pages/CustomPages/Edit.tsx'
    Imported via '@/components/ui/input' from file 'C:/Users/DION-SERVER/Desktop/codecanyon-FOhzjwS6-erpgo-saas-all-in-one-business-erp-with-project-account-hrm-crm-pos/main-file/packages/dionone/LandingPage/src/Resources/js/Pages/marketplace/Settings.tsx'
    Imported via '@/components/ui/input' from file 'C:/Users/DION-SERVER/Desktop/codecanyon-FOhzjwS6-erpgo-saas-all-in-one-business-erp-with-project-account-hrm-crm-pos/main-file/packages/dionone/Lead/src/Resources/js/Pages/Deals/Create.tsx'
    Imported via '@/components/ui/input' from file 'C:/Users/DION-SERVER/Desktop/codecanyon-FOhzjwS6-erpgo-saas-all-in-one-business-erp-with-project-account-hrm-crm-pos/main-file/packages/dionone/Lead/src/Resources/js/Pages/Deals/Edit.tsx'
    Imported via '@/components/ui/input' from file 'C:/Users/DION-SERVER/Desktop/codecanyon-FOhzjwS6-erpgo-saas-all-in-one-business-erp-with-project-account-hrm-crm-pos/main-file/packages/dionone/Lead/src/Resources/js/Pages/Deals/Show/General.tsx'
    Imported via '@/components/ui/input' from file 'C:/Users/DION-SERVER/Desktop/codecanyon-FOhzjwS6-erpgo-saas-all-in-one-business-erp-with-project-account-hrm-crm-pos/main-file/packages/dionone/Lead/src/Resources/js/Pages/Deals/Show/Tasks.tsx'
    Imported via '@/components/ui/input' from file 'C:/Users/DION-SERVER/Desktop/codecanyon-FOhzjwS6-erpgo-saas-all-in-one-business-erp-with-project-account-hrm-crm-pos/main-file/packages/dionone/Lead/src/Resources/js/Pages/Deals/Show/Calls.tsx'
    Imported via '@/components/ui/input' from file 'C:/Users/DION-SERVER/Desktop/codecanyon-FOhzjwS6-erpgo-saas-all-in-one-business-erp-with-project-account-hrm-crm-pos/main-file/packages/dionone/Lead/src/Resources/js/Pages/Deals/Show/Emails.tsx'
    Imported via '@/components/ui/input' from file 'C:/Users/DION-SERVER/Desktop/codecanyon-FOhzjwS6-erpgo-saas-all-in-one-business-erp-with-project-account-hrm-crm-pos/main-file/packages/dionone/Lead/src/Resources/js/Pages/Leads/Create.tsx'
    Imported via '@/components/ui/input' from file 'C:/Users/DION-SERVER/Desktop/codecanyon-FOhzjwS6-erpgo-saas-all-in-one-business-erp-with-project-account-hrm-crm-pos/main-file/packages/dionone/Lead/src/Resources/js/Pages/Leads/Edit.tsx'
    Imported via '@/components/ui/input' from file 'C:/Users/DION-SERVER/Desktop/codecanyon-FOhzjwS6-erpgo-saas-all-in-one-business-erp-with-project-account-hrm-crm-pos/main-file/packages/dionone/Lead/src/Resources/js/Pages/Leads/Show/General.tsx'
    Imported via '@/components/ui/input' from file 'C:/Users/DION-SERVER/Desktop/codecanyon-FOhzjwS6-erpgo-saas-all-in-one-business-erp-with-project-account-hrm-crm-pos/main-file/packages/dionone/Lead/src/Resources/js/Pages/Leads/Show/Tasks.tsx'
    Imported via '@/components/ui/input' from file 'C:/Users/DION-SERVER/Desktop/codecanyon-FOhzjwS6-erpgo-saas-all-in-one-business-erp-with-project-account-hrm-crm-pos/main-file/packages/dionone/Lead/src/Resources/js/Pages/Leads/Show/Calls.tsx'
    Imported via '@/components/ui/input' from file 'C:/Users/DION-SERVER/Desktop/codecanyon-FOhzjwS6-erpgo-saas-all-in-one-business-erp-with-project-account-hrm-crm-pos/main-file/packages/dionone/Lead/src/Resources/js/Pages/Leads/Show/ConvertToDeal.tsx'
    Imported via '@/components/ui/input' from file 'C:/Users/DION-SERVER/Desktop/codecanyon-FOhzjwS6-erpgo-saas-all-in-one-business-erp-with-project-account-hrm-crm-pos/main-file/packages/dionone/Lead/src/Resources/js/Pages/Leads/Show/Emails.tsx'
    Imported via "@/components/ui/input" from file 'C:/Users/DION-SERVER/Desktop/codecanyon-FOhzjwS6-erpgo-saas-all-in-one-business-erp-with-project-account-hrm-crm-pos/main-file/packages/dionone/Lead/src/Resources/js/Pages/Reports/DealReports.tsx'
    Imported via "@/components/ui/input" from file 'C:/Users/DION-SERVER/Desktop/codecanyon-FOhzjwS6-erpgo-saas-all-in-one-business-erp-with-project-account-hrm-crm-pos/main-file/packages/dionone/Lead/src/Resources/js/Pages/Reports/LeadReports.tsx'
    Imported via '@/components/ui/input' from file 'C:/Users/DION-SERVER/Desktop/codecanyon-FOhzjwS6-erpgo-saas-all-in-one-business-erp-with-project-account-hrm-crm-pos/main-file/packages/dionone/Lead/src/Resources/js/Pages/SystemSetup/DealStages/Create.tsx'
    Imported via '@/components/ui/input' from file 'C:/Users/DION-SERVER/Desktop/codecanyon-FOhzjwS6-erpgo-saas-all-in-one-business-erp-with-project-account-hrm-crm-pos/main-file/packages/dionone/Lead/src/Resources/js/Pages/SystemSetup/DealStages/Edit.tsx'
    Imported via '@/components/ui/input' from file 'C:/Users/DION-SERVER/Desktop/codecanyon-FOhzjwS6-erpgo-saas-all-in-one-business-erp-with-project-account-hrm-crm-pos/main-file/packages/dionone/Lead/src/Resources/js/Pages/SystemSetup/Labels/Create.tsx'
    Imported via '@/components/ui/input' from file 'C:/Users/DION-SERVER/Desktop/codecanyon-FOhzjwS6-erpgo-saas-all-in-one-business-erp-with-project-account-hrm-crm-pos/main-file/packages/dionone/Lead/src/Resources/js/Pages/SystemSetup/Labels/Edit.tsx'
    Imported via '@/components/ui/input' from file 'C:/Users/DION-SERVER/Desktop/codecanyon-FOhzjwS6-erpgo-saas-all-in-one-business-erp-with-project-account-hrm-crm-pos/main-file/packages/dionone/Lead/src/Resources/js/Pages/SystemSetup/LeadStages/Create.tsx'
    Imported via '@/components/ui/input' from file 'C:/Users/DION-SERVER/Desktop/codecanyon-FOhzjwS6-erpgo-saas-all-in-one-business-erp-with-project-account-hrm-crm-pos/main-file/packages/dionone/Lead/src/Resources/js/Pages/SystemSetup/LeadStages/Edit.tsx'
    Imported via '@/components/ui/input' from file 'C:/Users/DION-SERVER/Desktop/codecanyon-FOhzjwS6-erpgo-saas-all-in-one-business-erp-with-project-account-hrm-crm-pos/main-file/packages/dionone/Lead/src/Resources/js/Pages/SystemSetup/Pipelines/Create.tsx'
    Imported via '@/components/ui/input' from file 'C:/Users/DION-SERVER/Desktop/codecanyon-FOhzjwS6-erpgo-saas-all-in-one-business-erp-with-project-account-hrm-crm-pos/main-file/packages/dionone/Lead/src/Resources/js/Pages/SystemSetup/Pipelines/Edit.tsx'
    Imported via '@/components/ui/input' from file 'C:/Users/DION-SERVER/Desktop/codecanyon-FOhzjwS6-erpgo-saas-all-in-one-business-erp-with-project-account-hrm-crm-pos/main-file/packages/dionone/Lead/src/Resources/js/Pages/SystemSetup/Sources/Create.tsx'
    Imported via '@/components/ui/input' from file 'C:/Users/DION-SERVER/Desktop/codecanyon-FOhzjwS6-erpgo-saas-all-in-one-business-erp-with-project-account-hrm-crm-pos/main-file/packages/dionone/Lead/src/Resources/js/Pages/SystemSetup/Sources/Edit.tsx'
    Imported via '@/components/ui/input' from file 'C:/Users/DION-SERVER/Desktop/codecanyon-FOhzjwS6-erpgo-saas-all-in-one-business-erp-with-project-account-hrm-crm-pos/main-file/packages/dionone/Paypal/src/Resources/js/settings/components/paypal-settings.tsx'
    Imported via "@/components/ui/input" from file 'C:/Users/DION-SERVER/Desktop/codecanyon-FOhzjwS6-erpgo-saas-all-in-one-business-erp-with-project-account-hrm-crm-pos/main-file/packages/dionone/Performance/src/Resources/js/Pages/EmployeeGoals/Create.tsx'
    Imported via "@/components/ui/input" from file 'C:/Users/DION-SERVER/Desktop/codecanyon-FOhzjwS6-erpgo-saas-all-in-one-business-erp-with-project-account-hrm-crm-pos/main-file/packages/dionone/Performance/src/Resources/js/Pages/EmployeeGoals/Edit.tsx'
    Imported via "@/components/ui/input" from file 'C:/Users/DION-SERVER/Desktop/codecanyon-FOhzjwS6-erpgo-saas-all-in-one-business-erp-with-project-account-hrm-crm-pos/main-file/packages/dionone/Performance/src/Resources/js/Pages/EmployeeReviews/Create.tsx'
    Imported via "@/components/ui/input" from file 'C:/Users/DION-SERVER/Desktop/codecanyon-FOhzjwS6-erpgo-saas-all-in-one-business-erp-with-project-account-hrm-crm-pos/main-file/packages/dionone/Performance/src/Resources/js/Pages/EmployeeReviews/Edit.tsx'
    Imported via "@/components/ui/input" from file 'C:/Users/DION-SERVER/Desktop/codecanyon-FOhzjwS6-erpgo-saas-all-in-one-business-erp-with-project-account-hrm-crm-pos/main-file/packages/dionone/Performance/src/Resources/js/Pages/Indicators/Create.tsx'
    Imported via "@/components/ui/input" from file 'C:/Users/DION-SERVER/Desktop/codecanyon-FOhzjwS6-erpgo-saas-all-in-one-business-erp-with-project-account-hrm-crm-pos/main-file/packages/dionone/Performance/src/Resources/js/Pages/Indicators/Edit.tsx'
    Imported via '@/components/ui/input' from file 'C:/Users/DION-SERVER/Desktop/codecanyon-FOhzjwS6-erpgo-saas-all-in-one-business-erp-with-project-account-hrm-crm-pos/main-file/packages/dionone/Performance/src/Resources/js/Pages/Indicators/Index.tsx'
    Imported via "@/components/ui/input" from file 'C:/Users/DION-SERVER/Desktop/codecanyon-FOhzjwS6-erpgo-saas-all-in-one-business-erp-with-project-account-hrm-crm-pos/main-file/packages/dionone/Performance/src/Resources/js/Pages/ReviewCycles/Create.tsx'
    Imported via "@/components/ui/input" from file 'C:/Users/DION-SERVER/Desktop/codecanyon-FOhzjwS6-erpgo-saas-all-in-one-business-erp-with-project-account-hrm-crm-pos/main-file/packages/dionone/Performance/src/Resources/js/Pages/ReviewCycles/Edit.tsx'
    Imported via '@/components/ui/input' from file 'C:/Users/DION-SERVER/Desktop/codecanyon-FOhzjwS6-erpgo-saas-all-in-one-business-erp-with-project-account-hrm-crm-pos/main-file/packages/dionone/Performance/src/Resources/js/Pages/ReviewCycles/Index.tsx'
    Imported via "@/components/ui/input" from file 'C:/Users/DION-SERVER/Desktop/codecanyon-FOhzjwS6-erpgo-saas-all-in-one-business-erp-with-project-account-hrm-crm-pos/main-file/packages/dionone/Performance/src/Resources/js/Pages/SystemSetup/GoalTypes/Create.tsx'
    Imported via "@/components/ui/input" from file 'C:/Users/DION-SERVER/Desktop/codecanyon-FOhzjwS6-erpgo-saas-all-in-one-business-erp-with-project-account-hrm-crm-pos/main-file/packages/dionone/Performance/src/Resources/js/Pages/SystemSetup/GoalTypes/Edit.tsx'
    Imported via "@/components/ui/input" from file 'C:/Users/DION-SERVER/Desktop/codecanyon-FOhzjwS6-erpgo-saas-all-in-one-business-erp-with-project-account-hrm-crm-pos/main-file/packages/dionone/Performance/src/Resources/js/Pages/SystemSetup/IndicatorCategories/Create.tsx'
    Imported via "@/components/ui/input" from file 'C:/Users/DION-SERVER/Desktop/codecanyon-FOhzjwS6-erpgo-saas-all-in-one-business-erp-with-project-account-hrm-crm-pos/main-file/packages/dionone/Performance/src/Resources/js/Pages/SystemSetup/IndicatorCategories/Edit.tsx'
    Imported via '@/components/ui/input' from file 'C:/Users/DION-SERVER/Desktop/codecanyon-FOhzjwS6-erpgo-saas-all-in-one-business-erp-with-project-account-hrm-crm-pos/main-file/packages/dionone/Pos/src/Resources/js/Pages/Barcode/Index.tsx'
    Imported via '@/components/ui/input' from file 'C:/Users/DION-SERVER/Desktop/codecanyon-FOhzjwS6-erpgo-saas-all-in-one-business-erp-with-project-account-hrm-crm-pos/main-file/packages/dionone/Pos/src/Resources/js/Pages/Pos/Create.tsx'
    Imported via '@/components/ui/input' from file 'C:/Users/DION-SERVER/Desktop/codecanyon-FOhzjwS6-erpgo-saas-all-in-one-business-erp-with-project-account-hrm-crm-pos/main-file/packages/dionone/Pos/src/Resources/js/Pages/PosOrder/Index.tsx'
    Imported via "@/components/ui/input" from file 'C:/Users/DION-SERVER/Desktop/codecanyon-FOhzjwS6-erpgo-saas-all-in-one-business-erp-with-project-account-hrm-crm-pos/main-file/packages/dionone/ProductService/src/Resources/js/Pages/Items/Create.tsx'
    Imported via "@/components/ui/input" from file 'C:/Users/DION-SERVER/Desktop/codecanyon-FOhzjwS6-erpgo-saas-all-in-one-business-erp-with-project-account-hrm-crm-pos/main-file/packages/dionone/ProductService/src/Resources/js/Pages/Items/Edit.tsx'
    Imported via '@/components/ui/input' from file 'C:/Users/DION-SERVER/Desktop/codecanyon-FOhzjwS6-erpgo-saas-all-in-one-business-erp-with-project-account-hrm-crm-pos/main-file/packages/dionone/ProductService/src/Resources/js/Pages/Items/Index.tsx'
    Imported via '@/components/ui/input' from file 'C:/Users/DION-SERVER/Desktop/codecanyon-FOhzjwS6-erpgo-saas-all-in-one-business-erp-with-project-account-hrm-crm-pos/main-file/packages/dionone/ProductService/src/Resources/js/Pages/Stock/Index.tsx'
    Imported via "@/components/ui/input" from file 'C:/Users/DION-SERVER/Desktop/codecanyon-FOhzjwS6-erpgo-saas-all-in-one-business-erp-with-project-account-hrm-crm-pos/main-file/packages/dionone/ProductService/src/Resources/js/Pages/SystemSetup/Categories/Create.tsx'
    Imported via "@/components/ui/input" from file 'C:/Users/DION-SERVER/Desktop/codecanyon-FOhzjwS6-erpgo-saas-all-in-one-business-erp-with-project-account-hrm-crm-pos/main-file/packages/dionone/ProductService/src/Resources/js/Pages/SystemSetup/Categories/Edit.tsx'
    Imported via "@/components/ui/input" from file 'C:/Users/DION-SERVER/Desktop/codecanyon-FOhzjwS6-erpgo-saas-all-in-one-business-erp-with-project-account-hrm-crm-pos/main-file/packages/dionone/ProductService/src/Resources/js/Pages/SystemSetup/Taxes/Create.tsx'
    Imported via "@/components/ui/input" from file 'C:/Users/DION-SERVER/Desktop/codecanyon-FOhzjwS6-erpgo-saas-all-in-one-business-erp-with-project-account-hrm-crm-pos/main-file/packages/dionone/ProductService/src/Resources/js/Pages/SystemSetup/Taxes/Edit.tsx'
    Imported via "@/components/ui/input" from file 'C:/Users/DION-SERVER/Desktop/codecanyon-FOhzjwS6-erpgo-saas-all-in-one-business-erp-with-project-account-hrm-crm-pos/main-file/packages/dionone/ProductService/src/Resources/js/Pages/SystemSetup/Units/Create.tsx'
    Imported via "@/components/ui/input" from file 'C:/Users/DION-SERVER/Desktop/codecanyon-FOhzjwS6-erpgo-saas-all-in-one-business-erp-with-project-account-hrm-crm-pos/main-file/packages/dionone/ProductService/src/Resources/js/Pages/SystemSetup/Units/Edit.tsx'
    Imported via '@/components/ui/input' from file 'C:/Users/DION-SERVER/Desktop/codecanyon-FOhzjwS6-erpgo-saas-all-in-one-business-erp-with-project-account-hrm-crm-pos/main-file/packages/dionone/Quotation/src/Resources/js/Pages/Quotations/components/QuotationItemsTable.tsx'
    Imported via '@/components/ui/input' from file 'C:/Users/DION-SERVER/Desktop/codecanyon-FOhzjwS6-erpgo-saas-all-in-one-business-erp-with-project-account-hrm-crm-pos/main-file/packages/dionone/Quotation/src/Resources/js/Pages/Quotations/Create.tsx'
    Imported via '@/components/ui/input' from file 'C:/Users/DION-SERVER/Desktop/codecanyon-FOhzjwS6-erpgo-saas-all-in-one-business-erp-with-project-account-hrm-crm-pos/main-file/packages/dionone/Quotation/src/Resources/js/Pages/Quotations/Edit.tsx'
    Imported via '@/components/ui/input' from file 'C:/Users/DION-SERVER/Desktop/codecanyon-FOhzjwS6-erpgo-saas-all-in-one-business-erp-with-project-account-hrm-crm-pos/main-file/packages/dionone/Recruitment/src/Resources/js/Components/IconSelector.tsx'
    Imported via '@/components/ui/input' from file 'C:/Users/DION-SERVER/Desktop/codecanyon-FOhzjwS6-erpgo-saas-all-in-one-business-erp-with-project-account-hrm-crm-pos/main-file/packages/dionone/Recruitment/src/Resources/js/Pages/CandidateAssessments/Create.tsx'
    Imported via '@/components/ui/input' from file 'C:/Users/DION-SERVER/Desktop/codecanyon-FOhzjwS6-erpgo-saas-all-in-one-business-erp-with-project-account-hrm-crm-pos/main-file/packages/dionone/Recruitment/src/Resources/js/Pages/CandidateAssessments/Edit.tsx'
    Imported via '@/components/ui/input' from file 'C:/Users/DION-SERVER/Desktop/codecanyon-FOhzjwS6-erpgo-saas-all-in-one-business-erp-with-project-account-hrm-crm-pos/main-file/packages/dionone/Recruitment/src/Resources/js/Pages/CandidateAssessments/Index.tsx'
    Imported via '@/components/ui/input' from file 'C:/Users/DION-SERVER/Desktop/codecanyon-FOhzjwS6-erpgo-saas-all-in-one-business-erp-with-project-account-hrm-crm-pos/main-file/packages/dionone/Recruitment/src/Resources/js/Pages/CandidateOnboardings/Create.tsx'
    Imported via '@/components/ui/input' from file 'C:/Users/DION-SERVER/Desktop/codecanyon-FOhzjwS6-erpgo-saas-all-in-one-business-erp-with-project-account-hrm-crm-pos/main-file/packages/dionone/Recruitment/src/Resources/js/Pages/CandidateOnboardings/Edit.tsx'
    Imported via '@/components/ui/input' from file 'C:/Users/DION-SERVER/Desktop/codecanyon-FOhzjwS6-erpgo-saas-all-in-one-business-erp-with-project-account-hrm-crm-pos/main-file/packages/dionone/Recruitment/src/Resources/js/Pages/CandidateOnboardings/Index.tsx'
    Imported via '@/components/ui/input' from file 'C:/Users/DION-SERVER/Desktop/codecanyon-FOhzjwS6-erpgo-saas-all-in-one-business-erp-with-project-account-hrm-crm-pos/main-file/packages/dionone/Recruitment/src/Resources/js/Pages/Candidates/Create.tsx'
    Imported via '@/components/ui/input' from file 'C:/Users/DION-SERVER/Desktop/codecanyon-FOhzjwS6-erpgo-saas-all-in-one-business-erp-with-project-account-hrm-crm-pos/main-file/packages/dionone/Recruitment/src/Resources/js/Pages/Candidates/Edit.tsx'
    Imported via '@/components/ui/input' from file 'C:/Users/DION-SERVER/Desktop/codecanyon-FOhzjwS6-erpgo-saas-all-in-one-business-erp-with-project-account-hrm-crm-pos/main-file/packages/dionone/Recruitment/src/Resources/js/Pages/Candidates/Index.tsx'
    Imported via '@/components/ui/input' from file 'C:/Users/DION-SERVER/Desktop/codecanyon-FOhzjwS6-erpgo-saas-all-in-one-business-erp-with-project-account-hrm-crm-pos/main-file/packages/dionone/Recruitment/src/Resources/js/Pages/ChecklistItems/Create.tsx'
    Imported via '@/components/ui/input' from file 'C:/Users/DION-SERVER/Desktop/codecanyon-FOhzjwS6-erpgo-saas-all-in-one-business-erp-with-project-account-hrm-crm-pos/main-file/packages/dionone/Recruitment/src/Resources/js/Pages/ChecklistItems/Edit.tsx'
    Imported via '@/components/ui/input' from file 'C:/Users/DION-SERVER/Desktop/codecanyon-FOhzjwS6-erpgo-saas-all-in-one-business-erp-with-project-account-hrm-crm-pos/main-file/packages/dionone/Recruitment/src/Resources/js/Pages/CustomQuestions/Create.tsx'
    Imported via '@/components/ui/input' from file 'C:/Users/DION-SERVER/Desktop/codecanyon-FOhzjwS6-erpgo-saas-all-in-one-business-erp-with-project-account-hrm-crm-pos/main-file/packages/dionone/Recruitment/src/Resources/js/Pages/CustomQuestions/Edit.tsx'
    Imported via '@/components/ui/input' from file 'C:/Users/DION-SERVER/Desktop/codecanyon-FOhzjwS6-erpgo-saas-all-in-one-business-erp-with-project-account-hrm-crm-pos/main-file/packages/dionone/Recruitment/src/Resources/js/Pages/Frontend/JobApply.tsx'
    Imported via '@/components/ui/input' from file 'C:/Users/DION-SERVER/Desktop/codecanyon-FOhzjwS6-erpgo-saas-all-in-one-business-erp-with-project-account-hrm-crm-pos/main-file/packages/dionone/Recruitment/src/Resources/js/Pages/Frontend/JobListings.tsx'
    Imported via '@/components/ui/input' from file 'C:/Users/DION-SERVER/Desktop/codecanyon-FOhzjwS6-erpgo-saas-all-in-one-business-erp-with-project-account-hrm-crm-pos/main-file/packages/dionone/Recruitment/src/Resources/js/Pages/Frontend/TrackingForm.tsx'
    Imported via '@/components/ui/input' from file 'C:/Users/DION-SERVER/Desktop/codecanyon-FOhzjwS6-erpgo-saas-all-in-one-business-erp-with-project-account-hrm-crm-pos/main-file/packages/dionone/Recruitment/src/Resources/js/Pages/InterviewFeedbacks/Create.tsx'
    Imported via '@/components/ui/input' from file 'C:/Users/DION-SERVER/Desktop/codecanyon-FOhzjwS6-erpgo-saas-all-in-one-business-erp-with-project-account-hrm-crm-pos/main-file/packages/dionone/Recruitment/src/Resources/js/Pages/InterviewFeedbacks/Edit.tsx'
    Imported via '@/components/ui/input' from file 'C:/Users/DION-SERVER/Desktop/codecanyon-FOhzjwS6-erpgo-saas-all-in-one-business-erp-with-project-account-hrm-crm-pos/main-file/packages/dionone/Recruitment/src/Resources/js/Pages/InterviewRounds/Create.tsx'
    Imported via '@/components/ui/input' from file 'C:/Users/DION-SERVER/Desktop/codecanyon-FOhzjwS6-erpgo-saas-all-in-one-business-erp-with-project-account-hrm-crm-pos/main-file/packages/dionone/Recruitment/src/Resources/js/Pages/InterviewRounds/Edit.tsx'
    Imported via '@/components/ui/input' from file 'C:/Users/DION-SERVER/Desktop/codecanyon-FOhzjwS6-erpgo-saas-all-in-one-business-erp-with-project-account-hrm-crm-pos/main-file/packages/dionone/Recruitment/src/Resources/js/Pages/Interviews/Create.tsx'
    Imported via '@/components/ui/input' from file 'C:/Users/DION-SERVER/Desktop/codecanyon-FOhzjwS6-erpgo-saas-all-in-one-business-erp-with-project-account-hrm-crm-pos/main-file/packages/dionone/Recruitment/src/Resources/js/Pages/Interviews/Edit.tsx'
    Imported via '@/components/ui/input' from file 'C:/Users/DION-SERVER/Desktop/codecanyon-FOhzjwS6-erpgo-saas-all-in-one-business-erp-with-project-account-hrm-crm-pos/main-file/packages/dionone/Recruitment/src/Resources/js/Pages/Interviews/Index.tsx'
    Imported via '@/components/ui/input' from file 'C:/Users/DION-SERVER/Desktop/codecanyon-FOhzjwS6-erpgo-saas-all-in-one-business-erp-with-project-account-hrm-crm-pos/main-file/packages/dionone/Recruitment/src/Resources/js/Pages/JobLocations/Create.tsx'
    Imported via '@/components/ui/input' from file 'C:/Users/DION-SERVER/Desktop/codecanyon-FOhzjwS6-erpgo-saas-all-in-one-business-erp-with-project-account-hrm-crm-pos/main-file/packages/dionone/Recruitment/src/Resources/js/Pages/JobLocations/Edit.tsx'
    Imported via '@/components/ui/input' from file 'C:/Users/DION-SERVER/Desktop/codecanyon-FOhzjwS6-erpgo-saas-all-in-one-business-erp-with-project-account-hrm-crm-pos/main-file/packages/dionone/Recruitment/src/Resources/js/Pages/JobPostings/Create.tsx'
    Imported via '@/components/ui/input' from file 'C:/Users/DION-SERVER/Desktop/codecanyon-FOhzjwS6-erpgo-saas-all-in-one-business-erp-with-project-account-hrm-crm-pos/main-file/packages/dionone/Recruitment/src/Resources/js/Pages/JobPostings/Edit.tsx'
    Imported via '@/components/ui/input' from file 'C:/Users/DION-SERVER/Desktop/codecanyon-FOhzjwS6-erpgo-saas-all-in-one-business-erp-with-project-account-hrm-crm-pos/main-file/packages/dionone/Recruitment/src/Resources/js/Pages/Offers/ConvertToEmployee.tsx'
    Imported via '@/components/ui/input' from file 'C:/Users/DION-SERVER/Desktop/codecanyon-FOhzjwS6-erpgo-saas-all-in-one-business-erp-with-project-account-hrm-crm-pos/main-file/packages/dionone/Recruitment/src/Resources/js/Pages/Offers/Create.tsx'
    Imported via '@/components/ui/input' from file 'C:/Users/DION-SERVER/Desktop/codecanyon-FOhzjwS6-erpgo-saas-all-in-one-business-erp-with-project-account-hrm-crm-pos/main-file/packages/dionone/Recruitment/src/Resources/js/Pages/Offers/Edit.tsx'
    Imported via '@/components/ui/input' from file 'C:/Users/DION-SERVER/Desktop/codecanyon-FOhzjwS6-erpgo-saas-all-in-one-business-erp-with-project-account-hrm-crm-pos/main-file/packages/dionone/Recruitment/src/Resources/js/Pages/Offers/Index.tsx'
    Imported via '@/components/ui/input' from file 'C:/Users/DION-SERVER/Desktop/codecanyon-FOhzjwS6-erpgo-saas-all-in-one-business-erp-with-project-account-hrm-crm-pos/main-file/packages/dionone/Recruitment/src/Resources/js/Pages/SystemSetup/AboutCompany/Index.tsx'
    Imported via '@/components/ui/input' from file 'C:/Users/DION-SERVER/Desktop/codecanyon-FOhzjwS6-erpgo-saas-all-in-one-business-erp-with-project-account-hrm-crm-pos/main-file/packages/dionone/Recruitment/src/Resources/js/Pages/SystemSetup/ApplicationTips/Index.tsx'
    Imported via '@/components/ui/input' from file 'C:/Users/DION-SERVER/Desktop/codecanyon-FOhzjwS6-erpgo-saas-all-in-one-business-erp-with-project-account-hrm-crm-pos/main-file/packages/dionone/Recruitment/src/Resources/js/Pages/SystemSetup/BrandSettings/Index.tsx'
    Imported via '@/components/ui/input' from file 'C:/Users/DION-SERVER/Desktop/codecanyon-FOhzjwS6-erpgo-saas-all-in-one-business-erp-with-project-account-hrm-crm-pos/main-file/packages/dionone/Recruitment/src/Resources/js/Pages/SystemSetup/CandidateSources/Create.tsx'
    Imported via '@/components/ui/input' from file 'C:/Users/DION-SERVER/Desktop/codecanyon-FOhzjwS6-erpgo-saas-all-in-one-business-erp-with-project-account-hrm-crm-pos/main-file/packages/dionone/Recruitment/src/Resources/js/Pages/SystemSetup/CandidateSources/Edit.tsx'
    Imported via '@/components/ui/input' from file 'C:/Users/DION-SERVER/Desktop/codecanyon-FOhzjwS6-erpgo-saas-all-in-one-business-erp-with-project-account-hrm-crm-pos/main-file/packages/dionone/Recruitment/src/Resources/js/Pages/SystemSetup/DashboardWelcomeCard/Index.tsx'
    Imported via '@/components/ui/input' from file 'C:/Users/DION-SERVER/Desktop/codecanyon-FOhzjwS6-erpgo-saas-all-in-one-business-erp-with-project-account-hrm-crm-pos/main-file/packages/dionone/Recruitment/src/Resources/js/Pages/SystemSetup/InterviewTypes/Create.tsx'
    Imported via '@/components/ui/input' from file 'C:/Users/DION-SERVER/Desktop/codecanyon-FOhzjwS6-erpgo-saas-all-in-one-business-erp-with-project-account-hrm-crm-pos/main-file/packages/dionone/Recruitment/src/Resources/js/Pages/SystemSetup/InterviewTypes/Edit.tsx'
    Imported via '@/components/ui/input' from file 'C:/Users/DION-SERVER/Desktop/codecanyon-FOhzjwS6-erpgo-saas-all-in-one-business-erp-with-project-account-hrm-crm-pos/main-file/packages/dionone/Recruitment/src/Resources/js/Pages/SystemSetup/JobCategories/Create.tsx'
    Imported via '@/components/ui/input' from file 'C:/Users/DION-SERVER/Desktop/codecanyon-FOhzjwS6-erpgo-saas-all-in-one-business-erp-with-project-account-hrm-crm-pos/main-file/packages/dionone/Recruitment/src/Resources/js/Pages/SystemSetup/JobCategories/Edit.tsx'
    Imported via '@/components/ui/input' from file 'C:/Users/DION-SERVER/Desktop/codecanyon-FOhzjwS6-erpgo-saas-all-in-one-business-erp-with-project-account-hrm-crm-pos/main-file/packages/dionone/Recruitment/src/Resources/js/Pages/SystemSetup/JobTypes/Create.tsx'
    Imported via '@/components/ui/input' from file 'C:/Users/DION-SERVER/Desktop/codecanyon-FOhzjwS6-erpgo-saas-all-in-one-business-erp-with-project-account-hrm-crm-pos/main-file/packages/dionone/Recruitment/src/Resources/js/Pages/SystemSetup/JobTypes/Edit.tsx'
    Imported via '@/components/ui/input' from file 'C:/Users/DION-SERVER/Desktop/codecanyon-FOhzjwS6-erpgo-saas-all-in-one-business-erp-with-project-account-hrm-crm-pos/main-file/packages/dionone/Recruitment/src/Resources/js/Pages/SystemSetup/NeedHelp/Index.tsx'
    Imported via '@/components/ui/input' from file 'C:/Users/DION-SERVER/Desktop/codecanyon-FOhzjwS6-erpgo-saas-all-in-one-business-erp-with-project-account-hrm-crm-pos/main-file/packages/dionone/Recruitment/src/Resources/js/Pages/SystemSetup/OnboardingChecklists/Create.tsx'
    Imported via '@/components/ui/input' from file 'C:/Users/DION-SERVER/Desktop/codecanyon-FOhzjwS6-erpgo-saas-all-in-one-business-erp-with-project-account-hrm-crm-pos/main-file/packages/dionone/Recruitment/src/Resources/js/Pages/SystemSetup/OnboardingChecklists/Edit.tsx'
    Imported via '@/components/ui/input' from file 'C:/Users/DION-SERVER/Desktop/codecanyon-FOhzjwS6-erpgo-saas-all-in-one-business-erp-with-project-account-hrm-crm-pos/main-file/packages/dionone/Recruitment/src/Resources/js/Pages/SystemSetup/TrackingFaq/Index.tsx'
    Imported via '@/components/ui/input' from file 'C:/Users/DION-SERVER/Desktop/codecanyon-FOhzjwS6-erpgo-saas-all-in-one-business-erp-with-project-account-hrm-crm-pos/main-file/packages/dionone/Recruitment/src/Resources/js/Pages/SystemSetup/WhatHappensNext/Index.tsx'
    Imported via '@/components/ui/input' from file 'C:/Users/DION-SERVER/Desktop/codecanyon-FOhzjwS6-erpgo-saas-all-in-one-business-erp-with-project-account-hrm-crm-pos/main-file/packages/dionone/Slack/src/Resources/js/settings/components/slack-settings.tsx'
    Imported via '@/components/ui/input' from file 'C:/Users/DION-SERVER/Desktop/codecanyon-FOhzjwS6-erpgo-saas-all-in-one-business-erp-with-project-account-hrm-crm-pos/main-file/packages/dionone/Stripe/src/Resources/js/settings/components/stripe-settings.tsx'
    Imported via "@/components/ui/input" from file 'C:/Users/DION-SERVER/Desktop/codecanyon-FOhzjwS6-erpgo-saas-all-in-one-business-erp-with-project-account-hrm-crm-pos/main-file/packages/dionone/SupportTicket/src/Resources/js/Pages/Search.tsx'
    Imported via '@/components/ui/input' from file 'C:/Users/DION-SERVER/Desktop/codecanyon-FOhzjwS6-erpgo-saas-all-in-one-business-erp-with-project-account-hrm-crm-pos/main-file/packages/dionone/SupportTicket/src/Resources/js/Pages/FAQ/Create.tsx'
    Imported via '@/components/ui/input' from file 'C:/Users/DION-SERVER/Desktop/codecanyon-FOhzjwS6-erpgo-saas-all-in-one-business-erp-with-project-account-hrm-crm-pos/main-file/packages/dionone/SupportTicket/src/Resources/js/Pages/FAQ/Edit.tsx'
    Imported via '@/components/ui/input' from file 'C:/Users/DION-SERVER/Desktop/codecanyon-FOhzjwS6-erpgo-saas-all-in-one-business-erp-with-project-account-hrm-crm-pos/main-file/packages/dionone/SupportTicket/src/Resources/js/Pages/FAQ/Import.tsx'
    Imported via '@/components/ui/input' from file 'C:/Users/DION-SERVER/Desktop/codecanyon-FOhzjwS6-erpgo-saas-all-in-one-business-erp-with-project-account-hrm-crm-pos/main-file/packages/dionone/SupportTicket/src/Resources/js/Pages/FAQ/ImportDialog.tsx'
    Imported via "@/components/ui/input" from file 'C:/Users/DION-SERVER/Desktop/codecanyon-FOhzjwS6-erpgo-saas-all-in-one-business-erp-with-project-account-hrm-crm-pos/main-file/packages/dionone/SupportTicket/src/Resources/js/Pages/Frontend/Contact.tsx'
    Imported via "@/components/ui/input" from file 'C:/Users/DION-SERVER/Desktop/codecanyon-FOhzjwS6-erpgo-saas-all-in-one-business-erp-with-project-account-hrm-crm-pos/main-file/packages/dionone/SupportTicket/src/Resources/js/Pages/Frontend/CreateTicket.tsx'
    Imported via "@/components/ui/input" from file 'C:/Users/DION-SERVER/Desktop/codecanyon-FOhzjwS6-erpgo-saas-all-in-one-business-erp-with-project-account-hrm-crm-pos/main-file/packages/dionone/SupportTicket/src/Resources/js/Pages/Frontend/Faq.tsx'
    Imported via "@/components/ui/input" from file 'C:/Users/DION-SERVER/Desktop/codecanyon-FOhzjwS6-erpgo-saas-all-in-one-business-erp-with-project-account-hrm-crm-pos/main-file/packages/dionone/SupportTicket/src/Resources/js/Pages/Frontend/Index.tsx'
    Imported via "@/components/ui/input" from file 'C:/Users/DION-SERVER/Desktop/codecanyon-FOhzjwS6-erpgo-saas-all-in-one-business-erp-with-project-account-hrm-crm-pos/main-file/packages/dionone/SupportTicket/src/Resources/js/Pages/Frontend/Knowledge.tsx'
    Imported via "@/components/ui/input" from file 'C:/Users/DION-SERVER/Desktop/codecanyon-FOhzjwS6-erpgo-saas-all-in-one-business-erp-with-project-account-hrm-crm-pos/main-file/packages/dionone/SupportTicket/src/Resources/js/Pages/Frontend/SearchTicket.tsx'
    Imported via '@/components/ui/input' from file 'C:/Users/DION-SERVER/Desktop/codecanyon-FOhzjwS6-erpgo-saas-all-in-one-business-erp-with-project-account-hrm-crm-pos/main-file/packages/dionone/SupportTicket/src/Resources/js/Pages/Knowledge/Create.tsx'
    Imported via '@/components/ui/input' from file 'C:/Users/DION-SERVER/Desktop/codecanyon-FOhzjwS6-erpgo-saas-all-in-one-business-erp-with-project-account-hrm-crm-pos/main-file/packages/dionone/SupportTicket/src/Resources/js/Pages/Knowledge/Edit.tsx'
    Imported via '@/components/ui/input' from file 'C:/Users/DION-SERVER/Desktop/codecanyon-FOhzjwS6-erpgo-saas-all-in-one-business-erp-with-project-account-hrm-crm-pos/main-file/packages/dionone/SupportTicket/src/Resources/js/Pages/Knowledge/Import.tsx'
    Imported via '@/components/ui/input' from file 'C:/Users/DION-SERVER/Desktop/codecanyon-FOhzjwS6-erpgo-saas-all-in-one-business-erp-with-project-account-hrm-crm-pos/main-file/packages/dionone/SupportTicket/src/Resources/js/Pages/Knowledge/ImportDialog.tsx'
    Imported via '@/components/ui/input' from file 'C:/Users/DION-SERVER/Desktop/codecanyon-FOhzjwS6-erpgo-saas-all-in-one-business-erp-with-project-account-hrm-crm-pos/main-file/packages/dionone/SupportTicket/src/Resources/js/Pages/SystemSetup/cta-section.tsx'
    Imported via '@/components/ui/input' from file 'C:/Users/DION-SERVER/Desktop/codecanyon-FOhzjwS6-erpgo-saas-all-in-one-business-erp-with-project-account-hrm-crm-pos/main-file/packages/dionone/SupportTicket/src/Resources/js/Pages/SystemSetup/support-information.tsx'
    Imported via '@/components/ui/input' from file 'C:/Users/DION-SERVER/Desktop/codecanyon-FOhzjwS6-erpgo-saas-all-in-one-business-erp-with-project-account-hrm-crm-pos/main-file/packages/dionone/SupportTicket/src/Resources/js/Pages/SystemSetup/title-section.tsx'
    Imported via '@/components/ui/input' from file 'C:/Users/DION-SERVER/Desktop/codecanyon-FOhzjwS6-erpgo-saas-all-in-one-business-erp-with-project-account-hrm-crm-pos/main-file/packages/dionone/SupportTicket/src/Resources/js/Pages/SystemSetup/BrandSettings/Index.tsx'
    Imported via '@/components/ui/input' from file 'C:/Users/DION-SERVER/Desktop/codecanyon-FOhzjwS6-erpgo-saas-all-in-one-business-erp-with-project-account-hrm-crm-pos/main-file/packages/dionone/SupportTicket/src/Resources/js/Pages/SystemSetup/Categories/Create.tsx'
    Imported via '@/components/ui/input' from file 'C:/Users/DION-SERVER/Desktop/codecanyon-FOhzjwS6-erpgo-saas-all-in-one-business-erp-with-project-account-hrm-crm-pos/main-file/packages/dionone/SupportTicket/src/Resources/js/Pages/SystemSetup/Categories/Edit.tsx'
    Imported via "@/components/ui/input" from file 'C:/Users/DION-SERVER/Desktop/codecanyon-FOhzjwS6-erpgo-saas-all-in-one-business-erp-with-project-account-hrm-crm-pos/main-file/packages/dionone/SupportTicket/src/Resources/js/Pages/SystemSetup/ContactInformation/Index.tsx'
    Imported via '@/components/ui/input' from file 'C:/Users/DION-SERVER/Desktop/codecanyon-FOhzjwS6-erpgo-saas-all-in-one-business-erp-with-project-account-hrm-crm-pos/main-file/packages/dionone/SupportTicket/src/Resources/js/Pages/SystemSetup/CustomPages/Create.tsx'
    Imported via '@/components/ui/input' from file 'C:/Users/DION-SERVER/Desktop/codecanyon-FOhzjwS6-erpgo-saas-all-in-one-business-erp-with-project-account-hrm-crm-pos/main-file/packages/dionone/SupportTicket/src/Resources/js/Pages/SystemSetup/CustomPages/Edit.tsx'
    Imported via '@/components/ui/input' from file 'C:/Users/DION-SERVER/Desktop/codecanyon-FOhzjwS6-erpgo-saas-all-in-one-business-erp-with-project-account-hrm-crm-pos/main-file/packages/dionone/SupportTicket/src/Resources/js/Pages/SystemSetup/KnowledgeCategories/Create.tsx'
    Imported via '@/components/ui/input' from file 'C:/Users/DION-SERVER/Desktop/codecanyon-FOhzjwS6-erpgo-saas-all-in-one-business-erp-with-project-account-hrm-crm-pos/main-file/packages/dionone/SupportTicket/src/Resources/js/Pages/SystemSetup/KnowledgeCategories/Edit.tsx'
    Imported via '@/components/ui/input' from file 'C:/Users/DION-SERVER/Desktop/codecanyon-FOhzjwS6-erpgo-saas-all-in-one-business-erp-with-project-account-hrm-crm-pos/main-file/packages/dionone/SupportTicket/src/Resources/js/Pages/SystemSetup/QuickLinks/Create.tsx'
    Imported via '@/components/ui/input' from file 'C:/Users/DION-SERVER/Desktop/codecanyon-FOhzjwS6-erpgo-saas-all-in-one-business-erp-with-project-account-hrm-crm-pos/main-file/packages/dionone/SupportTicket/src/Resources/js/Pages/SystemSetup/QuickLinks/Edit.tsx'
    Imported via '@/components/ui/input' from file 'C:/Users/DION-SERVER/Desktop/codecanyon-FOhzjwS6-erpgo-saas-all-in-one-business-erp-with-project-account-hrm-crm-pos/main-file/packages/dionone/SupportTicket/src/Resources/js/Pages/Tickets/Create.tsx'
    Imported via '@/components/ui/input' from file 'C:/Users/DION-SERVER/Desktop/codecanyon-FOhzjwS6-erpgo-saas-all-in-one-business-erp-with-project-account-hrm-crm-pos/main-file/packages/dionone/SupportTicket/src/Resources/js/Pages/Tickets/Edit.tsx'
    Imported via '@/components/ui/input' from file 'C:/Users/DION-SERVER/Desktop/codecanyon-FOhzjwS6-erpgo-saas-all-in-one-business-erp-with-project-account-hrm-crm-pos/main-file/packages/dionone/SupportTicket/src/Resources/js/Pages/Tickets/EditReply.tsx'
    Imported via '@/Components/ui/input' from file 'C:/Users/DION-SERVER/Desktop/codecanyon-FOhzjwS6-erpgo-saas-all-in-one-business-erp-with-project-account-hrm-crm-pos/main-file/packages/dionone/SupportTicket/src/Resources/js/faq/Import.tsx'
    Imported via '@/Components/ui/input' from file 'C:/Users/DION-SERVER/Desktop/codecanyon-FOhzjwS6-erpgo-saas-all-in-one-business-erp-with-project-account-hrm-crm-pos/main-file/packages/dionone/SupportTicket/src/Resources/js/knowledge/Import.tsx'
    Imported via '@/components/ui/input' from file 'C:/Users/DION-SERVER/Desktop/codecanyon-FOhzjwS6-erpgo-saas-all-in-one-business-erp-with-project-account-hrm-crm-pos/main-file/packages/dionone/SupportTicket/src/Resources/js/settings/components/support-setting.tsx'
    Imported via "@/components/ui/input" from file 'C:/Users/DION-SERVER/Desktop/codecanyon-FOhzjwS6-erpgo-saas-all-in-one-business-erp-with-project-account-hrm-crm-pos/main-file/packages/dionone/Taskly/src/Resources/js/Pages/Bugs/Create.tsx'
    Imported via "@/components/ui/input" from file 'C:/Users/DION-SERVER/Desktop/codecanyon-FOhzjwS6-erpgo-saas-all-in-one-business-erp-with-project-account-hrm-crm-pos/main-file/packages/dionone/Taskly/src/Resources/js/Pages/Bugs/Edit.tsx'
    Imported via '@/components/ui/input' from file 'C:/Users/DION-SERVER/Desktop/codecanyon-FOhzjwS6-erpgo-saas-all-in-one-business-erp-with-project-account-hrm-crm-pos/main-file/packages/dionone/Taskly/src/Resources/js/Pages/Project/Create.tsx'
    Imported via '@/components/ui/input' from file 'C:/Users/DION-SERVER/Desktop/codecanyon-FOhzjwS6-erpgo-saas-all-in-one-business-erp-with-project-account-hrm-crm-pos/main-file/packages/dionone/Taskly/src/Resources/js/Pages/Project/Edit.tsx'
    Imported via '@/components/ui/input' from file 'C:/Users/DION-SERVER/Desktop/codecanyon-FOhzjwS6-erpgo-saas-all-in-one-business-erp-with-project-account-hrm-crm-pos/main-file/packages/dionone/Taskly/src/Resources/js/Pages/Project/View.tsx'
    Imported via "@/components/ui/input" from file 'C:/Users/DION-SERVER/Desktop/codecanyon-FOhzjwS6-erpgo-saas-all-in-one-business-erp-with-project-account-hrm-crm-pos/main-file/packages/dionone/Taskly/src/Resources/js/Pages/SystemSetup/BugStages/Create.tsx'
    Imported via "@/components/ui/input" from file 'C:/Users/DION-SERVER/Desktop/codecanyon-FOhzjwS6-erpgo-saas-all-in-one-business-erp-with-project-account-hrm-crm-pos/main-file/packages/dionone/Taskly/src/Resources/js/Pages/SystemSetup/BugStages/Edit.tsx'
    Imported via "@/components/ui/input" from file 'C:/Users/DION-SERVER/Desktop/codecanyon-FOhzjwS6-erpgo-saas-all-in-one-business-erp-with-project-account-hrm-crm-pos/main-file/packages/dionone/Taskly/src/Resources/js/Pages/SystemSetup/TaskStages/Create.tsx'
    Imported via "@/components/ui/input" from file 'C:/Users/DION-SERVER/Desktop/codecanyon-FOhzjwS6-erpgo-saas-all-in-one-business-erp-with-project-account-hrm-crm-pos/main-file/packages/dionone/Taskly/src/Resources/js/Pages/SystemSetup/TaskStages/Edit.tsx'
    Imported via '@/components/ui/input' from file 'C:/Users/DION-SERVER/Desktop/codecanyon-FOhzjwS6-erpgo-saas-all-in-one-business-erp-with-project-account-hrm-crm-pos/main-file/packages/dionone/Taskly/src/Resources/js/Pages/Tasks/Create.tsx'
    Imported via '@/components/ui/input' from file 'C:/Users/DION-SERVER/Desktop/codecanyon-FOhzjwS6-erpgo-saas-all-in-one-business-erp-with-project-account-hrm-crm-pos/main-file/packages/dionone/Taskly/src/Resources/js/Pages/Tasks/Edit.tsx'
    Imported via "@/components/ui/input" from file 'C:/Users/DION-SERVER/Desktop/codecanyon-FOhzjwS6-erpgo-saas-all-in-one-business-erp-with-project-account-hrm-crm-pos/main-file/packages/dionone/Taskly/src/Resources/js/Pages/Tasks/View.tsx'
    Imported via '@/components/ui/input' from file 'C:/Users/DION-SERVER/Desktop/codecanyon-FOhzjwS6-erpgo-saas-all-in-one-business-erp-with-project-account-hrm-crm-pos/main-file/packages/dionone/Telegram/src/Resources/js/settings/components/telegram-settings.tsx'
    Imported via "@/components/ui/input" from file 'C:/Users/DION-SERVER/Desktop/codecanyon-FOhzjwS6-erpgo-saas-all-in-one-business-erp-with-project-account-hrm-crm-pos/main-file/packages/dionone/Timesheet/src/Resources/js/Pages/Create.tsx'
    Imported via "@/components/ui/input" from file 'C:/Users/DION-SERVER/Desktop/codecanyon-FOhzjwS6-erpgo-saas-all-in-one-business-erp-with-project-account-hrm-crm-pos/main-file/packages/dionone/Timesheet/src/Resources/js/Pages/Edit.tsx'
    Imported via '@/components/ui/input' from file 'C:/Users/DION-SERVER/Desktop/codecanyon-FOhzjwS6-erpgo-saas-all-in-one-business-erp-with-project-account-hrm-crm-pos/main-file/packages/dionone/Timesheet/src/Resources/js/Pages/Index.tsx'
    Imported via '@/components/ui/input' from file 'C:/Users/DION-SERVER/Desktop/codecanyon-FOhzjwS6-erpgo-saas-all-in-one-business-erp-with-project-account-hrm-crm-pos/main-file/packages/dionone/Training/src/Resources/js/Pages/tasks/create.tsx'
    Imported via '@/components/ui/input' from file 'C:/Users/DION-SERVER/Desktop/codecanyon-FOhzjwS6-erpgo-saas-all-in-one-business-erp-with-project-account-hrm-crm-pos/main-file/packages/dionone/Training/src/Resources/js/Pages/tasks/edit.tsx'
    Imported via '@/components/ui/input' from file 'C:/Users/DION-SERVER/Desktop/codecanyon-FOhzjwS6-erpgo-saas-all-in-one-business-erp-with-project-account-hrm-crm-pos/main-file/packages/dionone/Training/src/Resources/js/Pages/trainers/create.tsx'
    Imported via '@/components/ui/input' from file 'C:/Users/DION-SERVER/Desktop/codecanyon-FOhzjwS6-erpgo-saas-all-in-one-business-erp-with-project-account-hrm-crm-pos/main-file/packages/dionone/Training/src/Resources/js/Pages/trainers/edit.tsx'
    Imported via '@/components/ui/input' from file 'C:/Users/DION-SERVER/Desktop/codecanyon-FOhzjwS6-erpgo-saas-all-in-one-business-erp-with-project-account-hrm-crm-pos/main-file/packages/dionone/Training/src/Resources/js/Pages/training-types/create.tsx'
    Imported via '@/components/ui/input' from file 'C:/Users/DION-SERVER/Desktop/codecanyon-FOhzjwS6-erpgo-saas-all-in-one-business-erp-with-project-account-hrm-crm-pos/main-file/packages/dionone/Training/src/Resources/js/Pages/training-types/edit.tsx'
    Imported via '@/components/ui/input' from file 'C:/Users/DION-SERVER/Desktop/codecanyon-FOhzjwS6-erpgo-saas-all-in-one-business-erp-with-project-account-hrm-crm-pos/main-file/packages/dionone/Training/src/Resources/js/Pages/training-types/index.tsx'
    Imported via '@/components/ui/input' from file 'C:/Users/DION-SERVER/Desktop/codecanyon-FOhzjwS6-erpgo-saas-all-in-one-business-erp-with-project-account-hrm-crm-pos/main-file/packages/dionone/Training/src/Resources/js/Pages/trainings/create.tsx'
    Imported via '@/components/ui/input' from file 'C:/Users/DION-SERVER/Desktop/codecanyon-FOhzjwS6-erpgo-saas-all-in-one-business-erp-with-project-account-hrm-crm-pos/main-file/packages/dionone/Training/src/Resources/js/Pages/trainings/edit.tsx'
    Imported via '@/components/ui/input' from file 'C:/Users/DION-SERVER/Desktop/codecanyon-FOhzjwS6-erpgo-saas-all-in-one-business-erp-with-project-account-hrm-crm-pos/main-file/packages/dionone/Twilio/src/Resources/js/settings/components/twilio-settings.tsx'
    Imported via '@/components/ui/input' from file 'C:/Users/DION-SERVER/Desktop/codecanyon-FOhzjwS6-erpgo-saas-all-in-one-business-erp-with-project-account-hrm-crm-pos/main-file/packages/dionone/Webhook/src/Resources/js/settings/components/webhook-settings.tsx'
    Imported via '@/components/ui/input' from file 'C:/Users/DION-SERVER/Desktop/codecanyon-FOhzjwS6-erpgo-saas-all-in-one-business-erp-with-project-account-hrm-crm-pos/main-file/packages/dionone/ZoomMeeting/src/Resources/js/Pages/ZoomMeetings/Create.tsx'
    Imported via '@/components/ui/input' from file 'C:/Users/DION-SERVER/Desktop/codecanyon-FOhzjwS6-erpgo-saas-all-in-one-business-erp-with-project-account-hrm-crm-pos/main-file/packages/dionone/ZoomMeeting/src/Resources/js/Pages/ZoomMeetings/Edit.tsx'
    Imported via '@/components/ui/input' from file 'C:/Users/DION-SERVER/Desktop/codecanyon-FOhzjwS6-erpgo-saas-all-in-one-business-erp-with-project-account-hrm-crm-pos/main-file/packages/dionone/ZoomMeeting/src/Resources/js/settings/components/zoom-meeting-settings.tsx'
packages/dionone/SupportTicket/src/Resources/js/knowledge/Import.tsx(6,23): error TS1149: File name 'C:/Users/DION-SERVER/Desktop/codecanyon-FOhzjwS6-erpgo-saas-all-in-one-business-erp-with-project-account-hrm-crm-pos/main-file/resources/js/Components/ui/label.tsx' differs from already included file name 'C:/Users/DION-SERVER/Desktop/codecanyon-FOhzjwS6-erpgo-saas-all-in-one-business-erp-with-project-account-hrm-crm-pos/main-file/resources/js/components/ui/label.tsx' only in casing.
  The file is in the program because:
    Imported via '@/components/ui/label' from file 'C:/Users/DION-SERVER/Desktop/codecanyon-FOhzjwS6-erpgo-saas-all-in-one-business-erp-with-project-account-hrm-crm-pos/main-file/resources/js/pages/settings/components/brand-settings.tsx'
    Imported via './ui/label' from file 'C:/Users/DION-SERVER/Desktop/codecanyon-FOhzjwS6-erpgo-saas-all-in-one-business-erp-with-project-account-hrm-crm-pos/main-file/resources/js/components/MediaPicker.tsx'
    Imported via '@/components/ui/label' from file 'C:/Users/DION-SERVER/Desktop/codecanyon-FOhzjwS6-erpgo-saas-all-in-one-business-erp-with-project-account-hrm-crm-pos/main-file/resources/js/pages/settings/components/company-settings.tsx'
    Imported via '@/components/ui/label' from file 'C:/Users/DION-SERVER/Desktop/codecanyon-FOhzjwS6-erpgo-saas-all-in-one-business-erp-with-project-account-hrm-crm-pos/main-file/resources/js/pages/settings/components/system-settings.tsx'
    Imported via '@/components/ui/label' from file 'C:/Users/DION-SERVER/Desktop/codecanyon-FOhzjwS6-erpgo-saas-all-in-one-business-erp-with-project-account-hrm-crm-pos/main-file/resources/js/pages/settings/components/currency-settings.tsx'
    Imported via '@/components/ui/label' from file 'C:/Users/DION-SERVER/Desktop/codecanyon-FOhzjwS6-erpgo-saas-all-in-one-business-erp-with-project-account-hrm-crm-pos/main-file/resources/js/pages/settings/components/seo-settings.tsx'
    Imported via '@/components/ui/label' from file 'C:/Users/DION-SERVER/Desktop/codecanyon-FOhzjwS6-erpgo-saas-all-in-one-business-erp-with-project-account-hrm-crm-pos/main-file/resources/js/pages/settings/components/storage-settings.tsx'
    Imported via '@/components/ui/label' from file 'C:/Users/DION-SERVER/Desktop/codecanyon-FOhzjwS6-erpgo-saas-all-in-one-business-erp-with-project-account-hrm-crm-pos/main-file/resources/js/pages/settings/components/email-settings.tsx'
    Imported via '@/components/ui/label' from file 'C:/Users/DION-SERVER/Desktop/codecanyon-FOhzjwS6-erpgo-saas-all-in-one-business-erp-with-project-account-hrm-crm-pos/main-file/resources/js/pages/settings/components/pusher-settings.tsx'
    Imported via '@/components/ui/label' from file 'C:/Users/DION-SERVER/Desktop/codecanyon-FOhzjwS6-erpgo-saas-all-in-one-business-erp-with-project-account-hrm-crm-pos/main-file/resources/js/pages/settings/components/cookie-settings.tsx'
    Imported via '@/components/ui/label' from file 'C:/Users/DION-SERVER/Desktop/codecanyon-FOhzjwS6-erpgo-saas-all-in-one-business-erp-with-project-account-hrm-crm-pos/main-file/resources/js/pages/settings/components/bank-transfer-settings.tsx'
    Imported via '@/components/ui/label' from file 'C:/Users/DION-SERVER/Desktop/codecanyon-FOhzjwS6-erpgo-saas-all-in-one-business-erp-with-project-account-hrm-crm-pos/main-file/resources/js/components/create-language-modal.tsx'
    Imported via '@/components/ui/label' from file 'C:/Users/DION-SERVER/Desktop/codecanyon-FOhzjwS6-erpgo-saas-all-in-one-business-erp-with-project-account-hrm-crm-pos/main-file/resources/js/components/components/create-language-modal.tsx'
    Imported via "@/components/ui/label" from file 'C:/Users/DION-SERVER/Desktop/codecanyon-FOhzjwS6-erpgo-saas-all-in-one-business-erp-with-project-account-hrm-crm-pos/main-file/resources/js/components/components/ui/checkbox-group.tsx'
    Imported via '@/components/ui/label' from file 'C:/Users/DION-SERVER/Desktop/codecanyon-FOhzjwS6-erpgo-saas-all-in-one-business-erp-with-project-account-hrm-crm-pos/main-file/resources/js/components/components/ui/module-card.tsx'
    Imported via "@/components/ui/label" from file 'C:/Users/DION-SERVER/Desktop/codecanyon-FOhzjwS6-erpgo-saas-all-in-one-business-erp-with-project-account-hrm-crm-pos/main-file/resources/js/components/ui/checkbox-group.tsx'
    Imported via './label' from file 'C:/Users/DION-SERVER/Desktop/codecanyon-FOhzjwS6-erpgo-saas-all-in-one-business-erp-with-project-account-hrm-crm-pos/main-file/resources/js/components/ui/currency-input.tsx'
    Matched by include pattern 'resources/js/**/*.tsx' in 'C:/Users/DION-SERVER/Desktop/codecanyon-FOhzjwS6-erpgo-saas-all-in-one-business-erp-with-project-account-hrm-crm-pos/main-file/tsconfig.json'
    Imported via '@/components/ui/label' from file 'C:/Users/DION-SERVER/Desktop/codecanyon-FOhzjwS6-erpgo-saas-all-in-one-business-erp-with-project-account-hrm-crm-pos/main-file/resources/js/components/ui/module-card.tsx'
    Imported via './label' from file 'C:/Users/DION-SERVER/Desktop/codecanyon-FOhzjwS6-erpgo-saas-all-in-one-business-erp-with-project-account-hrm-crm-pos/main-file/resources/js/components/ui/phone-input.tsx'
    Imported via '@/components/ui/label' from file 'C:/Users/DION-SERVER/Desktop/codecanyon-FOhzjwS6-erpgo-saas-all-in-one-business-erp-with-project-account-hrm-crm-pos/main-file/resources/js/pages/EmailTemplates/Edit.tsx'
    Imported via '@/components/ui/label' from file 'C:/Users/DION-SERVER/Desktop/codecanyon-FOhzjwS6-erpgo-saas-all-in-one-business-erp-with-project-account-hrm-crm-pos/main-file/resources/js/pages/EmailTemplates/EmailTemplates/Edit.tsx'
    Imported via '@/components/ui/label' from file 'C:/Users/DION-SERVER/Desktop/codecanyon-FOhzjwS6-erpgo-saas-all-in-one-business-erp-with-project-account-hrm-crm-pos/main-file/resources/js/pages/Installer/Environment.tsx'
    Imported via '@/components/ui/label' from file 'C:/Users/DION-SERVER/Desktop/codecanyon-FOhzjwS6-erpgo-saas-all-in-one-business-erp-with-project-account-hrm-crm-pos/main-file/resources/js/pages/Installer/Installer/Environment.tsx'
    Imported via '@/components/ui/label' from file 'C:/Users/DION-SERVER/Desktop/codecanyon-FOhzjwS6-erpgo-saas-all-in-one-business-erp-with-project-account-hrm-crm-pos/main-file/resources/js/pages/Purchase/Create.tsx'
    Imported via '@/components/ui/label' from file 'C:/Users/DION-SERVER/Desktop/codecanyon-FOhzjwS6-erpgo-saas-all-in-one-business-erp-with-project-account-hrm-crm-pos/main-file/resources/js/pages/Purchase/Edit.tsx'
    Imported via '@/components/ui/label' from file 'C:/Users/DION-SERVER/Desktop/codecanyon-FOhzjwS6-erpgo-saas-all-in-one-business-erp-with-project-account-hrm-crm-pos/main-file/resources/js/pages/Purchase/Purchase/Create.tsx'
    Imported via '@/components/ui/label' from file 'C:/Users/DION-SERVER/Desktop/codecanyon-FOhzjwS6-erpgo-saas-all-in-one-business-erp-with-project-account-hrm-crm-pos/main-file/resources/js/pages/Purchase/Purchase/Edit.tsx'
    Imported via '@/components/ui/label' from file 'C:/Users/DION-SERVER/Desktop/codecanyon-FOhzjwS6-erpgo-saas-all-in-one-business-erp-with-project-account-hrm-crm-pos/main-file/resources/js/pages/PurchaseReturns/Create.tsx'
    Imported via '@/components/ui/label' from file 'C:/Users/DION-SERVER/Desktop/codecanyon-FOhzjwS6-erpgo-saas-all-in-one-business-erp-with-project-account-hrm-crm-pos/main-file/resources/js/pages/PurchaseReturns/PurchaseReturns/Create.tsx'
    Imported via '@/components/ui/label' from file 'C:/Users/DION-SERVER/Desktop/codecanyon-FOhzjwS6-erpgo-saas-all-in-one-business-erp-with-project-account-hrm-crm-pos/main-file/resources/js/pages/Sales/Create.tsx'
    Imported via '@/components/ui/label' from file 'C:/Users/DION-SERVER/Desktop/codecanyon-FOhzjwS6-erpgo-saas-all-in-one-business-erp-with-project-account-hrm-crm-pos/main-file/resources/js/pages/Sales/Edit.tsx'
    Imported via '@/components/ui/label' from file 'C:/Users/DION-SERVER/Desktop/codecanyon-FOhzjwS6-erpgo-saas-all-in-one-business-erp-with-project-account-hrm-crm-pos/main-file/resources/js/pages/Sales/Sales/Create.tsx'
    Imported via '@/components/ui/label' from file 'C:/Users/DION-SERVER/Desktop/codecanyon-FOhzjwS6-erpgo-saas-all-in-one-business-erp-with-project-account-hrm-crm-pos/main-file/resources/js/pages/Sales/Sales/Edit.tsx'
    Imported via '@/components/ui/label' from file 'C:/Users/DION-SERVER/Desktop/codecanyon-FOhzjwS6-erpgo-saas-all-in-one-business-erp-with-project-account-hrm-crm-pos/main-file/resources/js/pages/SalesProposals/Create.tsx'
    Imported via '@/components/ui/label' from file 'C:/Users/DION-SERVER/Desktop/codecanyon-FOhzjwS6-erpgo-saas-all-in-one-business-erp-with-project-account-hrm-crm-pos/main-file/resources/js/pages/SalesProposals/Edit.tsx'
    Imported via '@/components/ui/label' from file 'C:/Users/DION-SERVER/Desktop/codecanyon-FOhzjwS6-erpgo-saas-all-in-one-business-erp-with-project-account-hrm-crm-pos/main-file/resources/js/pages/SalesProposals/SalesProposals/Create.tsx'
    Imported via '@/components/ui/label' from file 'C:/Users/DION-SERVER/Desktop/codecanyon-FOhzjwS6-erpgo-saas-all-in-one-business-erp-with-project-account-hrm-crm-pos/main-file/resources/js/pages/SalesProposals/SalesProposals/Edit.tsx'
    Imported via '@/components/ui/label' from file 'C:/Users/DION-SERVER/Desktop/codecanyon-FOhzjwS6-erpgo-saas-all-in-one-business-erp-with-project-account-hrm-crm-pos/main-file/resources/js/pages/SalesReturns/Create.tsx'
    Imported via '@/components/ui/label' from file 'C:/Users/DION-SERVER/Desktop/codecanyon-FOhzjwS6-erpgo-saas-all-in-one-business-erp-with-project-account-hrm-crm-pos/main-file/resources/js/pages/SalesReturns/SalesReturns/Create.tsx'
    Imported via "@/components/ui/label" from file 'C:/Users/DION-SERVER/Desktop/codecanyon-FOhzjwS6-erpgo-saas-all-in-one-business-erp-with-project-account-hrm-crm-pos/main-file/resources/js/pages/Transfers/create.tsx'
    Imported via "@/components/ui/label" from file 'C:/Users/DION-SERVER/Desktop/codecanyon-FOhzjwS6-erpgo-saas-all-in-one-business-erp-with-project-account-hrm-crm-pos/main-file/resources/js/pages/Transfers/Transfers/create.tsx'
    Imported via '@/components/ui/label' from file 'C:/Users/DION-SERVER/Desktop/codecanyon-FOhzjwS6-erpgo-saas-all-in-one-business-erp-with-project-account-hrm-crm-pos/main-file/resources/js/pages/auth/confirm-password.tsx'
    Imported via '@/components/ui/label' from file 'C:/Users/DION-SERVER/Desktop/codecanyon-FOhzjwS6-erpgo-saas-all-in-one-business-erp-with-project-account-hrm-crm-pos/main-file/resources/js/pages/auth/forgot-password.tsx'
    Imported via "@/components/ui/label" from file 'C:/Users/DION-SERVER/Desktop/codecanyon-FOhzjwS6-erpgo-saas-all-in-one-business-erp-with-project-account-hrm-crm-pos/main-file/resources/js/pages/auth/login.tsx'
    Imported via '@/components/ui/label' from file 'C:/Users/DION-SERVER/Desktop/codecanyon-FOhzjwS6-erpgo-saas-all-in-one-business-erp-with-project-account-hrm-crm-pos/main-file/resources/js/pages/auth/register.tsx'
    Imported via '@/components/ui/label' from file 'C:/Users/DION-SERVER/Desktop/codecanyon-FOhzjwS6-erpgo-saas-all-in-one-business-erp-with-project-account-hrm-crm-pos/main-file/resources/js/pages/auth/reset-password.tsx'
    Imported via '@/components/ui/label' from file 'C:/Users/DION-SERVER/Desktop/codecanyon-FOhzjwS6-erpgo-saas-all-in-one-business-erp-with-project-account-hrm-crm-pos/main-file/resources/js/pages/auth/auth/confirm-password.tsx'
    Imported via '@/components/ui/label' from file 'C:/Users/DION-SERVER/Desktop/codecanyon-FOhzjwS6-erpgo-saas-all-in-one-business-erp-with-project-account-hrm-crm-pos/main-file/resources/js/pages/auth/auth/forgot-password.tsx'
    Imported via "@/components/ui/label" from file 'C:/Users/DION-SERVER/Desktop/codecanyon-FOhzjwS6-erpgo-saas-all-in-one-business-erp-with-project-account-hrm-crm-pos/main-file/resources/js/pages/auth/auth/login.tsx'
    Imported via '@/components/ui/label' from file 'C:/Users/DION-SERVER/Desktop/codecanyon-FOhzjwS6-erpgo-saas-all-in-one-business-erp-with-project-account-hrm-crm-pos/main-file/resources/js/pages/auth/auth/register.tsx'
    Imported via '@/components/ui/label' from file 'C:/Users/DION-SERVER/Desktop/codecanyon-FOhzjwS6-erpgo-saas-all-in-one-business-erp-with-project-account-hrm-crm-pos/main-file/resources/js/pages/auth/auth/reset-password.tsx'
    Imported via '@/components/ui/label' from file 'C:/Users/DION-SERVER/Desktop/codecanyon-FOhzjwS6-erpgo-saas-all-in-one-business-erp-with-project-account-hrm-crm-pos/main-file/resources/js/pages/bank-transfer/index.tsx'
    Imported via '@/components/ui/label' from file 'C:/Users/DION-SERVER/Desktop/codecanyon-FOhzjwS6-erpgo-saas-all-in-one-business-erp-with-project-account-hrm-crm-pos/main-file/resources/js/pages/bank-transfer/bank-transfer/index.tsx'
    Imported via '@/components/ui/label' from file 'C:/Users/DION-SERVER/Desktop/codecanyon-FOhzjwS6-erpgo-saas-all-in-one-business-erp-with-project-account-hrm-crm-pos/main-file/resources/js/pages/coupons/create.tsx'
    Imported via '@/components/ui/label' from file 'C:/Users/DION-SERVER/Desktop/codecanyon-FOhzjwS6-erpgo-saas-all-in-one-business-erp-with-project-account-hrm-crm-pos/main-file/resources/js/pages/coupons/edit.tsx'
    Imported via '@/components/ui/label' from file 'C:/Users/DION-SERVER/Desktop/codecanyon-FOhzjwS6-erpgo-saas-all-in-one-business-erp-with-project-account-hrm-crm-pos/main-file/resources/js/pages/coupons/coupons/create.tsx'
    Imported via '@/components/ui/label' from file 'C:/Users/DION-SERVER/Desktop/codecanyon-FOhzjwS6-erpgo-saas-all-in-one-business-erp-with-project-account-hrm-crm-pos/main-file/resources/js/pages/coupons/coupons/edit.tsx'
    Imported via "@/components/ui/label" from file 'C:/Users/DION-SERVER/Desktop/codecanyon-FOhzjwS6-erpgo-saas-all-in-one-business-erp-with-project-account-hrm-crm-pos/main-file/resources/js/pages/helpdesk/categories/create.tsx'
    Imported via "@/components/ui/label" from file 'C:/Users/DION-SERVER/Desktop/codecanyon-FOhzjwS6-erpgo-saas-all-in-one-business-erp-with-project-account-hrm-crm-pos/main-file/resources/js/pages/helpdesk/categories/edit.tsx'
    Imported via "@/components/ui/label" from file 'C:/Users/DION-SERVER/Desktop/codecanyon-FOhzjwS6-erpgo-saas-all-in-one-business-erp-with-project-account-hrm-crm-pos/main-file/resources/js/pages/helpdesk/helpdesk/categories/create.tsx'
    Imported via "@/components/ui/label" from file 'C:/Users/DION-SERVER/Desktop/codecanyon-FOhzjwS6-erpgo-saas-all-in-one-business-erp-with-project-account-hrm-crm-pos/main-file/resources/js/pages/helpdesk/helpdesk/categories/edit.tsx'
    Imported via "@/components/ui/label" from file 'C:/Users/DION-SERVER/Desktop/codecanyon-FOhzjwS6-erpgo-saas-all-in-one-business-erp-with-project-account-hrm-crm-pos/main-file/resources/js/pages/helpdesk/helpdesk/tickets/create.tsx'
    Imported via "@/components/ui/label" from file 'C:/Users/DION-SERVER/Desktop/codecanyon-FOhzjwS6-erpgo-saas-all-in-one-business-erp-with-project-account-hrm-crm-pos/main-file/resources/js/pages/helpdesk/helpdesk/tickets/edit.tsx'
    Imported via "@/components/ui/label" from file 'C:/Users/DION-SERVER/Desktop/codecanyon-FOhzjwS6-erpgo-saas-all-in-one-business-erp-with-project-account-hrm-crm-pos/main-file/resources/js/pages/helpdesk/tickets/create.tsx'
    Imported via "@/components/ui/label" from file 'C:/Users/DION-SERVER/Desktop/codecanyon-FOhzjwS6-erpgo-saas-all-in-one-business-erp-with-project-account-hrm-crm-pos/main-file/resources/js/pages/helpdesk/tickets/edit.tsx'
    Imported via '@/components/ui/label' from file 'C:/Users/DION-SERVER/Desktop/codecanyon-FOhzjwS6-erpgo-saas-all-in-one-business-erp-with-project-account-hrm-crm-pos/main-file/resources/js/pages/languages/manage.tsx'
    Imported via '@/components/ui/label' from file 'C:/Users/DION-SERVER/Desktop/codecanyon-FOhzjwS6-erpgo-saas-all-in-one-business-erp-with-project-account-hrm-crm-pos/main-file/resources/js/pages/languages/languages/manage.tsx'
    Imported via '@/components/ui/label' from file 'C:/Users/DION-SERVER/Desktop/codecanyon-FOhzjwS6-erpgo-saas-all-in-one-business-erp-with-project-account-hrm-crm-pos/main-file/resources/js/pages/mission-command/Gamification.tsx'
    Imported via '@/components/ui/label' from file 'C:/Users/DION-SERVER/Desktop/codecanyon-FOhzjwS6-erpgo-saas-all-in-one-business-erp-with-project-account-hrm-crm-pos/main-file/resources/js/pages/mission-command/NotificationsHub.tsx'
    Imported via '@/components/ui/label' from file 'C:/Users/DION-SERVER/Desktop/codecanyon-FOhzjwS6-erpgo-saas-all-in-one-business-erp-with-project-account-hrm-crm-pos/main-file/resources/js/pages/notification-templates/Edit.tsx'
    Imported via '@/components/ui/label' from file 'C:/Users/DION-SERVER/Desktop/codecanyon-FOhzjwS6-erpgo-saas-all-in-one-business-erp-with-project-account-hrm-crm-pos/main-file/resources/js/pages/notification-templates/notification-templates/Edit.tsx'
    Imported via '@/components/ui/label' from file 'C:/Users/DION-SERVER/Desktop/codecanyon-FOhzjwS6-erpgo-saas-all-in-one-business-erp-with-project-account-hrm-crm-pos/main-file/resources/js/pages/plans/form.tsx'
    Imported via '@/components/ui/label' from file 'C:/Users/DION-SERVER/Desktop/codecanyon-FOhzjwS6-erpgo-saas-all-in-one-business-erp-with-project-account-hrm-crm-pos/main-file/resources/js/pages/plans/index.tsx'
    Imported via '@/components/ui/label' from file 'C:/Users/DION-SERVER/Desktop/codecanyon-FOhzjwS6-erpgo-saas-all-in-one-business-erp-with-project-account-hrm-crm-pos/main-file/resources/js/pages/plans/subscription-layout.tsx'
    Imported via '@/components/ui/label' from file 'C:/Users/DION-SERVER/Desktop/codecanyon-FOhzjwS6-erpgo-saas-all-in-one-business-erp-with-project-account-hrm-crm-pos/main-file/resources/js/pages/plans/plans/form.tsx'
    Imported via '@/components/ui/label' from file 'C:/Users/DION-SERVER/Desktop/codecanyon-FOhzjwS6-erpgo-saas-all-in-one-business-erp-with-project-account-hrm-crm-pos/main-file/resources/js/pages/plans/plans/index.tsx'
    Imported via '@/components/ui/label' from file 'C:/Users/DION-SERVER/Desktop/codecanyon-FOhzjwS6-erpgo-saas-all-in-one-business-erp-with-project-account-hrm-crm-pos/main-file/resources/js/pages/plans/plans/subscription-layout.tsx'
    Imported via "@/components/ui/label" from file 'C:/Users/DION-SERVER/Desktop/codecanyon-FOhzjwS6-erpgo-saas-all-in-one-business-erp-with-project-account-hrm-crm-pos/main-file/resources/js/pages/profile/partials/update-password-form.tsx'
    Imported via "@/components/ui/label" from file 'C:/Users/DION-SERVER/Desktop/codecanyon-FOhzjwS6-erpgo-saas-all-in-one-business-erp-with-project-account-hrm-crm-pos/main-file/resources/js/pages/profile/partials/update-profile-information-form.tsx'
    Imported via "@/components/ui/label" from file 'C:/Users/DION-SERVER/Desktop/codecanyon-FOhzjwS6-erpgo-saas-all-in-one-business-erp-with-project-account-hrm-crm-pos/main-file/resources/js/pages/profile/profile/partials/update-password-form.tsx'
    Imported via "@/components/ui/label" from file 'C:/Users/DION-SERVER/Desktop/codecanyon-FOhzjwS6-erpgo-saas-all-in-one-business-erp-with-project-account-hrm-crm-pos/main-file/resources/js/pages/profile/profile/partials/update-profile-information-form.tsx'
    Imported via '@/components/ui/label' from file 'C:/Users/DION-SERVER/Desktop/codecanyon-FOhzjwS6-erpgo-saas-all-in-one-business-erp-with-project-account-hrm-crm-pos/main-file/resources/js/pages/roles/create.tsx'
    Imported via '@/components/ui/label' from file 'C:/Users/DION-SERVER/Desktop/codecanyon-FOhzjwS6-erpgo-saas-all-in-one-business-erp-with-project-account-hrm-crm-pos/main-file/resources/js/pages/roles/edit.tsx'
    Imported via '@/components/ui/label' from file 'C:/Users/DION-SERVER/Desktop/codecanyon-FOhzjwS6-erpgo-saas-all-in-one-business-erp-with-project-account-hrm-crm-pos/main-file/resources/js/pages/roles/roles/create.tsx'
    Imported via '@/components/ui/label' from file 'C:/Users/DION-SERVER/Desktop/codecanyon-FOhzjwS6-erpgo-saas-all-in-one-business-erp-with-project-account-hrm-crm-pos/main-file/resources/js/pages/roles/roles/edit.tsx'
    Imported via '@/components/ui/label' from file 'C:/Users/DION-SERVER/Desktop/codecanyon-FOhzjwS6-erpgo-saas-all-in-one-business-erp-with-project-account-hrm-crm-pos/main-file/resources/js/pages/settings/settings/components/bank-transfer-settings.tsx'
    Imported via '@/components/ui/label' from file 'C:/Users/DION-SERVER/Desktop/codecanyon-FOhzjwS6-erpgo-saas-all-in-one-business-erp-with-project-account-hrm-crm-pos/main-file/resources/js/pages/settings/settings/components/brand-settings.tsx'
    Imported via '@/components/ui/label' from file 'C:/Users/DION-SERVER/Desktop/codecanyon-FOhzjwS6-erpgo-saas-all-in-one-business-erp-with-project-account-hrm-crm-pos/main-file/resources/js/pages/settings/settings/components/company-settings.tsx'
    Imported via '@/components/ui/label' from file 'C:/Users/DION-SERVER/Desktop/codecanyon-FOhzjwS6-erpgo-saas-all-in-one-business-erp-with-project-account-hrm-crm-pos/main-file/resources/js/pages/settings/settings/components/cookie-settings.tsx'
    Imported via '@/components/ui/label' from file 'C:/Users/DION-SERVER/Desktop/codecanyon-FOhzjwS6-erpgo-saas-all-in-one-business-erp-with-project-account-hrm-crm-pos/main-file/resources/js/pages/settings/settings/components/currency-settings.tsx'
    Imported via '@/components/ui/label' from file 'C:/Users/DION-SERVER/Desktop/codecanyon-FOhzjwS6-erpgo-saas-all-in-one-business-erp-with-project-account-hrm-crm-pos/main-file/resources/js/pages/settings/settings/components/email-settings.tsx'
    Imported via '@/components/ui/label' from file 'C:/Users/DION-SERVER/Desktop/codecanyon-FOhzjwS6-erpgo-saas-all-in-one-business-erp-with-project-account-hrm-crm-pos/main-file/resources/js/pages/settings/settings/components/pusher-settings.tsx'
    Imported via '@/components/ui/label' from file 'C:/Users/DION-SERVER/Desktop/codecanyon-FOhzjwS6-erpgo-saas-all-in-one-business-erp-with-project-account-hrm-crm-pos/main-file/resources/js/pages/settings/settings/components/seo-settings.tsx'
    Imported via '@/components/ui/label' from file 'C:/Users/DION-SERVER/Desktop/codecanyon-FOhzjwS6-erpgo-saas-all-in-one-business-erp-with-project-account-hrm-crm-pos/main-file/resources/js/pages/settings/settings/components/storage-settings.tsx'
    Imported via '@/components/ui/label' from file 'C:/Users/DION-SERVER/Desktop/codecanyon-FOhzjwS6-erpgo-saas-all-in-one-business-erp-with-project-account-hrm-crm-pos/main-file/resources/js/pages/settings/settings/components/system-settings.tsx'
    Imported via '@/components/ui/label' from file 'C:/Users/DION-SERVER/Desktop/codecanyon-FOhzjwS6-erpgo-saas-all-in-one-business-erp-with-project-account-hrm-crm-pos/main-file/resources/js/pages/users/assign-plan.tsx'
    Imported via "@/components/ui/label" from file 'C:/Users/DION-SERVER/Desktop/codecanyon-FOhzjwS6-erpgo-saas-all-in-one-business-erp-with-project-account-hrm-crm-pos/main-file/resources/js/pages/users/change-password.tsx'
    Imported via "@/components/ui/label" from file 'C:/Users/DION-SERVER/Desktop/codecanyon-FOhzjwS6-erpgo-saas-all-in-one-business-erp-with-project-account-hrm-crm-pos/main-file/resources/js/pages/users/create.tsx'
    Imported via "@/components/ui/label" from file 'C:/Users/DION-SERVER/Desktop/codecanyon-FOhzjwS6-erpgo-saas-all-in-one-business-erp-with-project-account-hrm-crm-pos/main-file/resources/js/pages/users/edit.tsx'
    Imported via "@/components/ui/label" from file 'C:/Users/DION-SERVER/Desktop/codecanyon-FOhzjwS6-erpgo-saas-all-in-one-business-erp-with-project-account-hrm-crm-pos/main-file/resources/js/pages/users/users/change-password.tsx'
    Imported via "@/components/ui/label" from file 'C:/Users/DION-SERVER/Desktop/codecanyon-FOhzjwS6-erpgo-saas-all-in-one-business-erp-with-project-account-hrm-crm-pos/main-file/resources/js/pages/users/users/create.tsx'
    Imported via "@/components/ui/label" from file 'C:/Users/DION-SERVER/Desktop/codecanyon-FOhzjwS6-erpgo-saas-all-in-one-business-erp-with-project-account-hrm-crm-pos/main-file/resources/js/pages/users/users/edit.tsx'
    Imported via "@/components/ui/label" from file 'C:/Users/DION-SERVER/Desktop/codecanyon-FOhzjwS6-erpgo-saas-all-in-one-business-erp-with-project-account-hrm-crm-pos/main-file/resources/js/pages/warehouses/create.tsx'
    Imported via "@/components/ui/label" from file 'C:/Users/DION-SERVER/Desktop/codecanyon-FOhzjwS6-erpgo-saas-all-in-one-business-erp-with-project-account-hrm-crm-pos/main-file/resources/js/pages/warehouses/edit.tsx'
    Imported via "@/components/ui/label" from file 'C:/Users/DION-SERVER/Desktop/codecanyon-FOhzjwS6-erpgo-saas-all-in-one-business-erp-with-project-account-hrm-crm-pos/main-file/resources/js/pages/warehouses/warehouses/create.tsx'
    Imported via "@/components/ui/label" from file 'C:/Users/DION-SERVER/Desktop/codecanyon-FOhzjwS6-erpgo-saas-all-in-one-business-erp-with-project-account-hrm-crm-pos/main-file/resources/js/pages/warehouses/warehouses/edit.tsx'
    Imported via '@/components/ui/label' from file 'C:/Users/DION-SERVER/Desktop/codecanyon-FOhzjwS6-erpgo-saas-all-in-one-business-erp-with-project-account-hrm-crm-pos/main-file/packages/dionone/AIAssistant/src/Resources/js/components/AIGenerationModal.tsx'
    Imported via '@/components/ui/label' from file 'C:/Users/DION-SERVER/Desktop/codecanyon-FOhzjwS6-erpgo-saas-all-in-one-business-erp-with-project-account-hrm-crm-pos/main-file/packages/dionone/AIAssistant/src/Resources/js/settings/components/ai-assistant-settings.tsx'
    Imported via '@/components/ui/label' from file 'C:/Users/DION-SERVER/Desktop/codecanyon-FOhzjwS6-erpgo-saas-all-in-one-business-erp-with-project-account-hrm-crm-pos/main-file/packages/dionone/Account/src/Resources/js/Pages/BankAccounts/Create.tsx'
    Imported via '@/components/ui/label' from file 'C:/Users/DION-SERVER/Desktop/codecanyon-FOhzjwS6-erpgo-saas-all-in-one-business-erp-with-project-account-hrm-crm-pos/main-file/packages/dionone/Account/src/Resources/js/Pages/BankAccounts/Edit.tsx'
    Imported via '@/components/ui/label' from file 'C:/Users/DION-SERVER/Desktop/codecanyon-FOhzjwS6-erpgo-saas-all-in-one-business-erp-with-project-account-hrm-crm-pos/main-file/packages/dionone/Account/src/Resources/js/Pages/BankTransfers/Create.tsx'
    Imported via '@/components/ui/label' from file 'C:/Users/DION-SERVER/Desktop/codecanyon-FOhzjwS6-erpgo-saas-all-in-one-business-erp-with-project-account-hrm-crm-pos/main-file/packages/dionone/Account/src/Resources/js/Pages/BankTransfers/Edit.tsx'
    Imported via '@/components/ui/label' from file 'C:/Users/DION-SERVER/Desktop/codecanyon-FOhzjwS6-erpgo-saas-all-in-one-business-erp-with-project-account-hrm-crm-pos/main-file/packages/dionone/Account/src/Resources/js/Pages/BankTransfers/View.tsx'
    Imported via '@/components/ui/label' from file 'C:/Users/DION-SERVER/Desktop/codecanyon-FOhzjwS6-erpgo-saas-all-in-one-business-erp-with-project-account-hrm-crm-pos/main-file/packages/dionone/Account/src/Resources/js/Pages/ChartOfAccounts/Create.tsx'
    Imported via '@/components/ui/label' from file 'C:/Users/DION-SERVER/Desktop/codecanyon-FOhzjwS6-erpgo-saas-all-in-one-business-erp-with-project-account-hrm-crm-pos/main-file/packages/dionone/Account/src/Resources/js/Pages/ChartOfAccounts/Edit.tsx'
    Imported via '@/components/ui/label' from file 'C:/Users/DION-SERVER/Desktop/codecanyon-FOhzjwS6-erpgo-saas-all-in-one-business-erp-with-project-account-hrm-crm-pos/main-file/packages/dionone/Account/src/Resources/js/Pages/CreditNotes/Create.tsx'
    Imported via '@/components/ui/label' from file 'C:/Users/DION-SERVER/Desktop/codecanyon-FOhzjwS6-erpgo-saas-all-in-one-business-erp-with-project-account-hrm-crm-pos/main-file/packages/dionone/Account/src/Resources/js/Pages/CustomerPayments/Create.tsx'
    Imported via "@/components/ui/label" from file 'C:/Users/DION-SERVER/Desktop/codecanyon-FOhzjwS6-erpgo-saas-all-in-one-business-erp-with-project-account-hrm-crm-pos/main-file/packages/dionone/Account/src/Resources/js/Pages/Customers/Create.tsx'
    Imported via "@/components/ui/label" from file 'C:/Users/DION-SERVER/Desktop/codecanyon-FOhzjwS6-erpgo-saas-all-in-one-business-erp-with-project-account-hrm-crm-pos/main-file/packages/dionone/Account/src/Resources/js/Pages/Customers/Edit.tsx'
    Imported via '@/components/ui/label' from file 'C:/Users/DION-SERVER/Desktop/codecanyon-FOhzjwS6-erpgo-saas-all-in-one-business-erp-with-project-account-hrm-crm-pos/main-file/packages/dionone/Account/src/Resources/js/Pages/DebitNotes/Create.tsx'
    Imported via '@/components/ui/label' from file 'C:/Users/DION-SERVER/Desktop/codecanyon-FOhzjwS6-erpgo-saas-all-in-one-business-erp-with-project-account-hrm-crm-pos/main-file/packages/dionone/Account/src/Resources/js/Pages/Expenses/Create.tsx'
    Imported via '@/components/ui/label' from file 'C:/Users/DION-SERVER/Desktop/codecanyon-FOhzjwS6-erpgo-saas-all-in-one-business-erp-with-project-account-hrm-crm-pos/main-file/packages/dionone/Account/src/Resources/js/Pages/Expenses/Edit.tsx'
    Imported via '@/components/ui/label' from file 'C:/Users/DION-SERVER/Desktop/codecanyon-FOhzjwS6-erpgo-saas-all-in-one-business-erp-with-project-account-hrm-crm-pos/main-file/packages/dionone/Account/src/Resources/js/Pages/Revenues/Create.tsx'
    Imported via '@/components/ui/label' from file 'C:/Users/DION-SERVER/Desktop/codecanyon-FOhzjwS6-erpgo-saas-all-in-one-business-erp-with-project-account-hrm-crm-pos/main-file/packages/dionone/Account/src/Resources/js/Pages/Revenues/Edit.tsx'
    Imported via '@/components/ui/label' from file 'C:/Users/DION-SERVER/Desktop/codecanyon-FOhzjwS6-erpgo-saas-all-in-one-business-erp-with-project-account-hrm-crm-pos/main-file/packages/dionone/Account/src/Resources/js/Pages/SystemSetup/AccountTypes/Create.tsx'
    Imported via '@/components/ui/label' from file 'C:/Users/DION-SERVER/Desktop/codecanyon-FOhzjwS6-erpgo-saas-all-in-one-business-erp-with-project-account-hrm-crm-pos/main-file/packages/dionone/Account/src/Resources/js/Pages/SystemSetup/AccountTypes/Edit.tsx'
    Imported via '@/components/ui/label' from file 'C:/Users/DION-SERVER/Desktop/codecanyon-FOhzjwS6-erpgo-saas-all-in-one-business-erp-with-project-account-hrm-crm-pos/main-file/packages/dionone/Account/src/Resources/js/Pages/SystemSetup/ExpenseCategories/Create.tsx'
    Imported via '@/components/ui/label' from file 'C:/Users/DION-SERVER/Desktop/codecanyon-FOhzjwS6-erpgo-saas-all-in-one-business-erp-with-project-account-hrm-crm-pos/main-file/packages/dionone/Account/src/Resources/js/Pages/SystemSetup/ExpenseCategories/Edit.tsx'
    Imported via '@/components/ui/label' from file 'C:/Users/DION-SERVER/Desktop/codecanyon-FOhzjwS6-erpgo-saas-all-in-one-business-erp-with-project-account-hrm-crm-pos/main-file/packages/dionone/Account/src/Resources/js/Pages/SystemSetup/RevenueCategories/Create.tsx'
    Imported via '@/components/ui/label' from file 'C:/Users/DION-SERVER/Desktop/codecanyon-FOhzjwS6-erpgo-saas-all-in-one-business-erp-with-project-account-hrm-crm-pos/main-file/packages/dionone/Account/src/Resources/js/Pages/SystemSetup/RevenueCategories/Edit.tsx'
    Imported via '@/components/ui/label' from file 'C:/Users/DION-SERVER/Desktop/codecanyon-FOhzjwS6-erpgo-saas-all-in-one-business-erp-with-project-account-hrm-crm-pos/main-file/packages/dionone/Account/src/Resources/js/Pages/VendorPayments/Create.tsx'
    Imported via "@/components/ui/label" from file 'C:/Users/DION-SERVER/Desktop/codecanyon-FOhzjwS6-erpgo-saas-all-in-one-business-erp-with-project-account-hrm-crm-pos/main-file/packages/dionone/Account/src/Resources/js/Pages/Vendors/Create.tsx'
    Imported via "@/components/ui/label" from file 'C:/Users/DION-SERVER/Desktop/codecanyon-FOhzjwS6-erpgo-saas-all-in-one-business-erp-with-project-account-hrm-crm-pos/main-file/packages/dionone/Account/src/Resources/js/Pages/Vendors/Edit.tsx'
    Imported via '@/components/ui/label' from file 'C:/Users/DION-SERVER/Desktop/codecanyon-FOhzjwS6-erpgo-saas-all-in-one-business-erp-with-project-account-hrm-crm-pos/main-file/packages/dionone/Account/src/Resources/js/fields/fields.tsx'
    Imported via '@/components/ui/label' from file 'C:/Users/DION-SERVER/Desktop/codecanyon-FOhzjwS6-erpgo-saas-all-in-one-business-erp-with-project-account-hrm-crm-pos/main-file/packages/dionone/BudgetPlanner/src/Resources/js/Pages/BudgetAllocations/Create.tsx'
    Imported via '@/components/ui/label' from file 'C:/Users/DION-SERVER/Desktop/codecanyon-FOhzjwS6-erpgo-saas-all-in-one-business-erp-with-project-account-hrm-crm-pos/main-file/packages/dionone/BudgetPlanner/src/Resources/js/Pages/BudgetAllocations/Edit.tsx'
    Imported via '@/components/ui/label' from file 'C:/Users/DION-SERVER/Desktop/codecanyon-FOhzjwS6-erpgo-saas-all-in-one-business-erp-with-project-account-hrm-crm-pos/main-file/packages/dionone/BudgetPlanner/src/Resources/js/Pages/BudgetPeriods/Create.tsx'
    Imported via '@/components/ui/label' from file 'C:/Users/DION-SERVER/Desktop/codecanyon-FOhzjwS6-erpgo-saas-all-in-one-business-erp-with-project-account-hrm-crm-pos/main-file/packages/dionone/BudgetPlanner/src/Resources/js/Pages/BudgetPeriods/Edit.tsx'
    Imported via '@/components/ui/label' from file 'C:/Users/DION-SERVER/Desktop/codecanyon-FOhzjwS6-erpgo-saas-all-in-one-business-erp-with-project-account-hrm-crm-pos/main-file/packages/dionone/BudgetPlanner/src/Resources/js/Pages/Budgets/Create.tsx'
    Imported via '@/components/ui/label' from file 'C:/Users/DION-SERVER/Desktop/codecanyon-FOhzjwS6-erpgo-saas-all-in-one-business-erp-with-project-account-hrm-crm-pos/main-file/packages/dionone/BudgetPlanner/src/Resources/js/Pages/Budgets/Edit.tsx'
    Imported via '@/components/ui/label' from file 'C:/Users/DION-SERVER/Desktop/codecanyon-FOhzjwS6-erpgo-saas-all-in-one-business-erp-with-project-account-hrm-crm-pos/main-file/packages/dionone/Calendar/src/Resources/js/Pages/Calendar/Index.tsx'
    Imported via "@/components/ui/label" from file 'C:/Users/DION-SERVER/Desktop/codecanyon-FOhzjwS6-erpgo-saas-all-in-one-business-erp-with-project-account-hrm-crm-pos/main-file/packages/dionone/Calendar/src/Resources/js/fields/fields.tsx'
    Imported via '@/components/ui/label' from file 'C:/Users/DION-SERVER/Desktop/codecanyon-FOhzjwS6-erpgo-saas-all-in-one-business-erp-with-project-account-hrm-crm-pos/main-file/packages/dionone/Calendar/src/Resources/js/settings/components/google-calendar-settings.tsx'
    Imported via '@/components/ui/label' from file 'C:/Users/DION-SERVER/Desktop/codecanyon-FOhzjwS6-erpgo-saas-all-in-one-business-erp-with-project-account-hrm-crm-pos/main-file/packages/dionone/Contract/src/Resources/js/Pages/ContractTypes/Create.tsx'
    Imported via '@/components/ui/label' from file 'C:/Users/DION-SERVER/Desktop/codecanyon-FOhzjwS6-erpgo-saas-all-in-one-business-erp-with-project-account-hrm-crm-pos/main-file/packages/dionone/Contract/src/Resources/js/Pages/ContractTypes/Edit.tsx'
    Imported via '@/components/ui/label' from file 'C:/Users/DION-SERVER/Desktop/codecanyon-FOhzjwS6-erpgo-saas-all-in-one-business-erp-with-project-account-hrm-crm-pos/main-file/packages/dionone/Contract/src/Resources/js/Pages/Contracts/Create.tsx'
    Imported via '@/components/ui/label' from file 'C:/Users/DION-SERVER/Desktop/codecanyon-FOhzjwS6-erpgo-saas-all-in-one-business-erp-with-project-account-hrm-crm-pos/main-file/packages/dionone/Contract/src/Resources/js/Pages/Contracts/Duplicate.tsx'
    Imported via '@/components/ui/label' from file 'C:/Users/DION-SERVER/Desktop/codecanyon-FOhzjwS6-erpgo-saas-all-in-one-business-erp-with-project-account-hrm-crm-pos/main-file/packages/dionone/Contract/src/Resources/js/Pages/Contracts/Edit.tsx'
    Imported via "@/components/ui/label" from file 'C:/Users/DION-SERVER/Desktop/codecanyon-FOhzjwS6-erpgo-saas-all-in-one-business-erp-with-project-account-hrm-crm-pos/main-file/packages/dionone/Contract/src/Resources/js/Pages/Contracts/components/RenewalsTab.tsx'
    Imported via '@/components/ui/label' from file 'C:/Users/DION-SERVER/Desktop/codecanyon-FOhzjwS6-erpgo-saas-all-in-one-business-erp-with-project-account-hrm-crm-pos/main-file/packages/dionone/Contract/src/Resources/js/settings/components/contract-settings.tsx'
    Imported via '@/components/ui/label' from file 'C:/Users/DION-SERVER/Desktop/codecanyon-FOhzjwS6-erpgo-saas-all-in-one-business-erp-with-project-account-hrm-crm-pos/main-file/packages/dionone/DoubleEntry/src/Resources/js/Pages/BalanceSheets/Compare.tsx'
    Imported via '@/components/ui/label' from file 'C:/Users/DION-SERVER/Desktop/codecanyon-FOhzjwS6-erpgo-saas-all-in-one-business-erp-with-project-account-hrm-crm-pos/main-file/packages/dionone/DoubleEntry/src/Resources/js/Pages/BalanceSheets/Generate.tsx'
    Imported via '@/components/ui/label' from file 'C:/Users/DION-SERVER/Desktop/codecanyon-FOhzjwS6-erpgo-saas-all-in-one-business-erp-with-project-account-hrm-crm-pos/main-file/packages/dionone/DoubleEntry/src/Resources/js/Pages/BalanceSheets/YearEndClose.tsx'
    Imported via '@/components/ui/label' from file 'C:/Users/DION-SERVER/Desktop/codecanyon-FOhzjwS6-erpgo-saas-all-in-one-business-erp-with-project-account-hrm-crm-pos/main-file/packages/dionone/DoubleEntry/src/Resources/js/Pages/BalanceSheets/Note.tsx'
    Imported via '@/components/ui/label' from file 'C:/Users/DION-SERVER/Desktop/codecanyon-FOhzjwS6-erpgo-saas-all-in-one-business-erp-with-project-account-hrm-crm-pos/main-file/packages/dionone/DoubleEntry/src/Resources/js/Pages/BalanceSheets/View.tsx'
    Imported via '@/components/ui/label' from file 'C:/Users/DION-SERVER/Desktop/codecanyon-FOhzjwS6-erpgo-saas-all-in-one-business-erp-with-project-account-hrm-crm-pos/main-file/packages/dionone/DoubleEntry/src/Resources/js/Pages/ProfitLoss/Index.tsx'
    Imported via '@/components/ui/label' from file 'C:/Users/DION-SERVER/Desktop/codecanyon-FOhzjwS6-erpgo-saas-all-in-one-business-erp-with-project-account-hrm-crm-pos/main-file/packages/dionone/DoubleEntry/src/Resources/js/Pages/Reports/AccountBalance.tsx'
    Imported via '@/components/ui/label' from file 'C:/Users/DION-SERVER/Desktop/codecanyon-FOhzjwS6-erpgo-saas-all-in-one-business-erp-with-project-account-hrm-crm-pos/main-file/packages/dionone/DoubleEntry/src/Resources/js/Pages/TrialBalance/Index.tsx'
    Imported via '@/components/ui/label' from file 'C:/Users/DION-SERVER/Desktop/codecanyon-FOhzjwS6-erpgo-saas-all-in-one-business-erp-with-project-account-hrm-crm-pos/main-file/packages/dionone/FormBuilder/src/Resources/js/components/ConversionSetup.tsx'
    Imported via '@/components/ui/label' from file 'C:/Users/DION-SERVER/Desktop/codecanyon-FOhzjwS6-erpgo-saas-all-in-one-business-erp-with-project-account-hrm-crm-pos/main-file/packages/dionone/FormBuilder/src/Resources/js/Pages/Forms/Create.tsx'
    Imported via '@/components/ui/label' from file 'C:/Users/DION-SERVER/Desktop/codecanyon-FOhzjwS6-erpgo-saas-all-in-one-business-erp-with-project-account-hrm-crm-pos/main-file/packages/dionone/FormBuilder/src/Resources/js/Pages/Forms/Edit.tsx'
    Imported via '@/components/ui/label' from file 'C:/Users/DION-SERVER/Desktop/codecanyon-FOhzjwS6-erpgo-saas-all-in-one-business-erp-with-project-account-hrm-crm-pos/main-file/packages/dionone/FormBuilder/src/Resources/js/Pages/Forms/Responses.tsx'
    Imported via '@/components/ui/label' from file 'C:/Users/DION-SERVER/Desktop/codecanyon-FOhzjwS6-erpgo-saas-all-in-one-business-erp-with-project-account-hrm-crm-pos/main-file/packages/dionone/FormBuilder/src/Resources/js/components/FormField.tsx'
    Imported via '@/components/ui/label' from file 'C:/Users/DION-SERVER/Desktop/codecanyon-FOhzjwS6-erpgo-saas-all-in-one-business-erp-with-project-account-hrm-crm-pos/main-file/packages/dionone/Goal/src/Resources/js/Pages/Categories/Create.tsx'
    Imported via '@/components/ui/label' from file 'C:/Users/DION-SERVER/Desktop/codecanyon-FOhzjwS6-erpgo-saas-all-in-one-business-erp-with-project-account-hrm-crm-pos/main-file/packages/dionone/Goal/src/Resources/js/Pages/Categories/Edit.tsx'
    Imported via '@/components/ui/label' from file 'C:/Users/DION-SERVER/Desktop/codecanyon-FOhzjwS6-erpgo-saas-all-in-one-business-erp-with-project-account-hrm-crm-pos/main-file/packages/dionone/Goal/src/Resources/js/Pages/Contributions/Create.tsx'
    Imported via '@/components/ui/label' from file 'C:/Users/DION-SERVER/Desktop/codecanyon-FOhzjwS6-erpgo-saas-all-in-one-business-erp-with-project-account-hrm-crm-pos/main-file/packages/dionone/Goal/src/Resources/js/Pages/Contributions/Edit.tsx'
    Imported via '@/components/ui/label' from file 'C:/Users/DION-SERVER/Desktop/codecanyon-FOhzjwS6-erpgo-saas-all-in-one-business-erp-with-project-account-hrm-crm-pos/main-file/packages/dionone/Goal/src/Resources/js/Pages/Goals/Create.tsx'
    Imported via '@/components/ui/label' from file 'C:/Users/DION-SERVER/Desktop/codecanyon-FOhzjwS6-erpgo-saas-all-in-one-business-erp-with-project-account-hrm-crm-pos/main-file/packages/dionone/Goal/src/Resources/js/Pages/Goals/Edit.tsx'
    Imported via '@/components/ui/label' from file 'C:/Users/DION-SERVER/Desktop/codecanyon-FOhzjwS6-erpgo-saas-all-in-one-business-erp-with-project-account-hrm-crm-pos/main-file/packages/dionone/Goal/src/Resources/js/Pages/Milestones/Create.tsx'
    Imported via '@/components/ui/label' from file 'C:/Users/DION-SERVER/Desktop/codecanyon-FOhzjwS6-erpgo-saas-all-in-one-business-erp-with-project-account-hrm-crm-pos/main-file/packages/dionone/Goal/src/Resources/js/Pages/Milestones/Edit.tsx'
    Imported via '@/components/ui/label' from file 'C:/Users/DION-SERVER/Desktop/codecanyon-FOhzjwS6-erpgo-saas-all-in-one-business-erp-with-project-account-hrm-crm-pos/main-file/packages/dionone/Goal/src/Resources/js/Pages/Tracking/Create.tsx'
    Imported via '@/components/ui/label' from file 'C:/Users/DION-SERVER/Desktop/codecanyon-FOhzjwS6-erpgo-saas-all-in-one-business-erp-with-project-account-hrm-crm-pos/main-file/packages/dionone/Goal/src/Resources/js/Pages/Tracking/Edit.tsx'
    Imported via '@/components/ui/label' from file 'C:/Users/DION-SERVER/Desktop/codecanyon-FOhzjwS6-erpgo-saas-all-in-one-business-erp-with-project-account-hrm-crm-pos/main-file/packages/dionone/GoogleCaptcha/src/Resources/js/settings/components/google-captcha-settings.tsx'
    Imported via '@/components/ui/label' from file 'C:/Users/DION-SERVER/Desktop/codecanyon-FOhzjwS6-erpgo-saas-all-in-one-business-erp-with-project-account-hrm-crm-pos/main-file/packages/dionone/Hrm/src/Resources/js/Pages/Acknowledgments/Create.tsx'
    Imported via '@/components/ui/label' from file 'C:/Users/DION-SERVER/Desktop/codecanyon-FOhzjwS6-erpgo-saas-all-in-one-business-erp-with-project-account-hrm-crm-pos/main-file/packages/dionone/Hrm/src/Resources/js/Pages/Acknowledgments/Edit.tsx'
    Imported via '@/components/ui/label' from file 'C:/Users/DION-SERVER/Desktop/codecanyon-FOhzjwS6-erpgo-saas-all-in-one-business-erp-with-project-account-hrm-crm-pos/main-file/packages/dionone/Hrm/src/Resources/js/Pages/Acknowledgments/StatusModal.tsx'
    Imported via '@/components/ui/label' from file 'C:/Users/DION-SERVER/Desktop/codecanyon-FOhzjwS6-erpgo-saas-all-in-one-business-erp-with-project-account-hrm-crm-pos/main-file/packages/dionone/Hrm/src/Resources/js/Pages/Announcements/Create.tsx'
    Imported via '@/components/ui/label' from file 'C:/Users/DION-SERVER/Desktop/codecanyon-FOhzjwS6-erpgo-saas-all-in-one-business-erp-with-project-account-hrm-crm-pos/main-file/packages/dionone/Hrm/src/Resources/js/Pages/Announcements/Edit.tsx'
    Imported via '@/components/ui/label' from file 'C:/Users/DION-SERVER/Desktop/codecanyon-FOhzjwS6-erpgo-saas-all-in-one-business-erp-with-project-account-hrm-crm-pos/main-file/packages/dionone/Hrm/src/Resources/js/Pages/Announcements/UpdateStatus.tsx'
    Imported via '@/components/ui/label' from file 'C:/Users/DION-SERVER/Desktop/codecanyon-FOhzjwS6-erpgo-saas-all-in-one-business-erp-with-project-account-hrm-crm-pos/main-file/packages/dionone/Hrm/src/Resources/js/Pages/Attendances/Create.tsx'
    Imported via '@/components/ui/label' from file 'C:/Users/DION-SERVER/Desktop/codecanyon-FOhzjwS6-erpgo-saas-all-in-one-business-erp-with-project-account-hrm-crm-pos/main-file/packages/dionone/Hrm/src/Resources/js/Pages/Attendances/Edit.tsx'
    Imported via '@/components/ui/label' from file 'C:/Users/DION-SERVER/Desktop/codecanyon-FOhzjwS6-erpgo-saas-all-in-one-business-erp-with-project-account-hrm-crm-pos/main-file/packages/dionone/Hrm/src/Resources/js/Pages/Awards/Create.tsx'
    Imported via '@/components/ui/label' from file 'C:/Users/DION-SERVER/Desktop/codecanyon-FOhzjwS6-erpgo-saas-all-in-one-business-erp-with-project-account-hrm-crm-pos/main-file/packages/dionone/Hrm/src/Resources/js/Pages/Awards/Edit.tsx'
    Imported via '@/components/ui/label' from file 'C:/Users/DION-SERVER/Desktop/codecanyon-FOhzjwS6-erpgo-saas-all-in-one-business-erp-with-project-account-hrm-crm-pos/main-file/packages/dionone/Hrm/src/Resources/js/Pages/Complaints/ComplaintStatus.tsx'
    Imported via '@/components/ui/label' from file 'C:/Users/DION-SERVER/Desktop/codecanyon-FOhzjwS6-erpgo-saas-all-in-one-business-erp-with-project-account-hrm-crm-pos/main-file/packages/dionone/Hrm/src/Resources/js/Pages/Complaints/Create.tsx'
    Imported via '@/components/ui/label' from file 'C:/Users/DION-SERVER/Desktop/codecanyon-FOhzjwS6-erpgo-saas-all-in-one-business-erp-with-project-account-hrm-crm-pos/main-file/packages/dionone/Hrm/src/Resources/js/Pages/Complaints/Edit.tsx'
    Imported via '@/components/ui/label' from file 'C:/Users/DION-SERVER/Desktop/codecanyon-FOhzjwS6-erpgo-saas-all-in-one-business-erp-with-project-account-hrm-crm-pos/main-file/packages/dionone/Hrm/src/Resources/js/Pages/EmployeeTransfers/Create.tsx'
    Imported via '@/components/ui/label' from file 'C:/Users/DION-SERVER/Desktop/codecanyon-FOhzjwS6-erpgo-saas-all-in-one-business-erp-with-project-account-hrm-crm-pos/main-file/packages/dionone/Hrm/src/Resources/js/Pages/EmployeeTransfers/Edit.tsx'
    Imported via '@/components/ui/label' from file 'C:/Users/DION-SERVER/Desktop/codecanyon-FOhzjwS6-erpgo-saas-all-in-one-business-erp-with-project-account-hrm-crm-pos/main-file/packages/dionone/Hrm/src/Resources/js/Pages/EmployeeTransfers/StatusModal.tsx'
    Imported via '@/components/ui/label' from file 'C:/Users/DION-SERVER/Desktop/codecanyon-FOhzjwS6-erpgo-saas-all-in-one-business-erp-with-project-account-hrm-crm-pos/main-file/packages/dionone/Hrm/src/Resources/js/Pages/Employees/Create.tsx'
    Imported via '@/components/ui/label' from file 'C:/Users/DION-SERVER/Desktop/codecanyon-FOhzjwS6-erpgo-saas-all-in-one-business-erp-with-project-account-hrm-crm-pos/main-file/packages/dionone/Hrm/src/Resources/js/Pages/Employees/Edit.tsx'
    Imported via '@/components/ui/label' from file 'C:/Users/DION-SERVER/Desktop/codecanyon-FOhzjwS6-erpgo-saas-all-in-one-business-erp-with-project-account-hrm-crm-pos/main-file/packages/dionone/Hrm/src/Resources/js/Pages/Events/Create.tsx'
    Imported via '@/components/ui/label' from file 'C:/Users/DION-SERVER/Desktop/codecanyon-FOhzjwS6-erpgo-saas-all-in-one-business-erp-with-project-account-hrm-crm-pos/main-file/packages/dionone/Hrm/src/Resources/js/Pages/Events/Edit.tsx'
    Imported via '@/components/ui/label' from file 'C:/Users/DION-SERVER/Desktop/codecanyon-FOhzjwS6-erpgo-saas-all-in-one-business-erp-with-project-account-hrm-crm-pos/main-file/packages/dionone/Hrm/src/Resources/js/Pages/Events/StatusUpdate.tsx'
    Imported via '@/components/ui/label' from file 'C:/Users/DION-SERVER/Desktop/codecanyon-FOhzjwS6-erpgo-saas-all-in-one-business-erp-with-project-account-hrm-crm-pos/main-file/packages/dionone/Hrm/src/Resources/js/Pages/Holidays/Create.tsx'
    Imported via '@/components/ui/label' from file 'C:/Users/DION-SERVER/Desktop/codecanyon-FOhzjwS6-erpgo-saas-all-in-one-business-erp-with-project-account-hrm-crm-pos/main-file/packages/dionone/Hrm/src/Resources/js/Pages/Holidays/Edit.tsx'
    Imported via '@/components/ui/label' from file 'C:/Users/DION-SERVER/Desktop/codecanyon-FOhzjwS6-erpgo-saas-all-in-one-business-erp-with-project-account-hrm-crm-pos/main-file/packages/dionone/Hrm/src/Resources/js/Pages/HrmDocuments/Action.tsx'
    Imported via '@/components/ui/label' from file 'C:/Users/DION-SERVER/Desktop/codecanyon-FOhzjwS6-erpgo-saas-all-in-one-business-erp-with-project-account-hrm-crm-pos/main-file/packages/dionone/Hrm/src/Resources/js/Pages/HrmDocuments/Create.tsx'
    Imported via '@/components/ui/label' from file 'C:/Users/DION-SERVER/Desktop/codecanyon-FOhzjwS6-erpgo-saas-all-in-one-business-erp-with-project-account-hrm-crm-pos/main-file/packages/dionone/Hrm/src/Resources/js/Pages/HrmDocuments/Edit.tsx'
    Imported via '@/components/ui/label' from file 'C:/Users/DION-SERVER/Desktop/codecanyon-FOhzjwS6-erpgo-saas-all-in-one-business-erp-with-project-account-hrm-crm-pos/main-file/packages/dionone/Hrm/src/Resources/js/Pages/LeaveApplications/Create.tsx'
    Imported via '@/components/ui/label' from file 'C:/Users/DION-SERVER/Desktop/codecanyon-FOhzjwS6-erpgo-saas-all-in-one-business-erp-with-project-account-hrm-crm-pos/main-file/packages/dionone/Hrm/src/Resources/js/Pages/LeaveApplications/Edit.tsx'
    Imported via '@/components/ui/label' from file 'C:/Users/DION-SERVER/Desktop/codecanyon-FOhzjwS6-erpgo-saas-all-in-one-business-erp-with-project-account-hrm-crm-pos/main-file/packages/dionone/Hrm/src/Resources/js/Pages/LeaveApplications/StatusUpdate.tsx'
    Imported via '@/components/ui/label' from file 'C:/Users/DION-SERVER/Desktop/codecanyon-FOhzjwS6-erpgo-saas-all-in-one-business-erp-with-project-account-hrm-crm-pos/main-file/packages/dionone/Hrm/src/Resources/js/Pages/LeaveTypes/Create.tsx'
    Imported via '@/components/ui/label' from file 'C:/Users/DION-SERVER/Desktop/codecanyon-FOhzjwS6-erpgo-saas-all-in-one-business-erp-with-project-account-hrm-crm-pos/main-file/packages/dionone/Hrm/src/Resources/js/Pages/LeaveTypes/Edit.tsx'
    Imported via '@/components/ui/label' from file 'C:/Users/DION-SERVER/Desktop/codecanyon-FOhzjwS6-erpgo-saas-all-in-one-business-erp-with-project-account-hrm-crm-pos/main-file/packages/dionone/Hrm/src/Resources/js/Pages/Payrolls/Create.tsx'
    Imported via '@/components/ui/label' from file 'C:/Users/DION-SERVER/Desktop/codecanyon-FOhzjwS6-erpgo-saas-all-in-one-business-erp-with-project-account-hrm-crm-pos/main-file/packages/dionone/Hrm/src/Resources/js/Pages/Payrolls/Edit.tsx'
    Imported via '@/components/ui/label' from file 'C:/Users/DION-SERVER/Desktop/codecanyon-FOhzjwS6-erpgo-saas-all-in-one-business-erp-with-project-account-hrm-crm-pos/main-file/packages/dionone/Hrm/src/Resources/js/Pages/Promotions/Create.tsx'
    Imported via '@/components/ui/label' from file 'C:/Users/DION-SERVER/Desktop/codecanyon-FOhzjwS6-erpgo-saas-all-in-one-business-erp-with-project-account-hrm-crm-pos/main-file/packages/dionone/Hrm/src/Resources/js/Pages/Promotions/Edit.tsx'
    Imported via '@/components/ui/label' from file 'C:/Users/DION-SERVER/Desktop/codecanyon-FOhzjwS6-erpgo-saas-all-in-one-business-erp-with-project-account-hrm-crm-pos/main-file/packages/dionone/Hrm/src/Resources/js/Pages/Resignations/Create.tsx'
    Imported via '@/components/ui/label' from file 'C:/Users/DION-SERVER/Desktop/codecanyon-FOhzjwS6-erpgo-saas-all-in-one-business-erp-with-project-account-hrm-crm-pos/main-file/packages/dionone/Hrm/src/Resources/js/Pages/Resignations/Edit.tsx'
    Imported via '@/components/ui/label' from file 'C:/Users/DION-SERVER/Desktop/codecanyon-FOhzjwS6-erpgo-saas-all-in-one-business-erp-with-project-account-hrm-crm-pos/main-file/packages/dionone/Hrm/src/Resources/js/Pages/Resignations/Index.tsx'
    Imported via '@/components/ui/label' from file 'C:/Users/DION-SERVER/Desktop/codecanyon-FOhzjwS6-erpgo-saas-all-in-one-business-erp-with-project-account-hrm-crm-pos/main-file/packages/dionone/Hrm/src/Resources/js/Pages/SetSalary/Show.tsx'
    Imported via "@/components/ui/label" from file 'C:/Users/DION-SERVER/Desktop/codecanyon-FOhzjwS6-erpgo-saas-all-in-one-business-erp-with-project-account-hrm-crm-pos/main-file/packages/dionone/Hrm/src/Resources/js/Pages/SetSalary/Allowances/Create.tsx'
    Imported via "@/components/ui/label" from file 'C:/Users/DION-SERVER/Desktop/codecanyon-FOhzjwS6-erpgo-saas-all-in-one-business-erp-with-project-account-hrm-crm-pos/main-file/packages/dionone/Hrm/src/Resources/js/Pages/SetSalary/Allowances/Edit.tsx'
    Imported via '@/components/ui/label' from file 'C:/Users/DION-SERVER/Desktop/codecanyon-FOhzjwS6-erpgo-saas-all-in-one-business-erp-with-project-account-hrm-crm-pos/main-file/packages/dionone/Hrm/src/Resources/js/Pages/SetSalary/Deductions/Create.tsx'
    Imported via '@/components/ui/label' from file 'C:/Users/DION-SERVER/Desktop/codecanyon-FOhzjwS6-erpgo-saas-all-in-one-business-erp-with-project-account-hrm-crm-pos/main-file/packages/dionone/Hrm/src/Resources/js/Pages/SetSalary/Deductions/Edit.tsx'
    Imported via '@/components/ui/label' from file 'C:/Users/DION-SERVER/Desktop/codecanyon-FOhzjwS6-erpgo-saas-all-in-one-business-erp-with-project-account-hrm-crm-pos/main-file/packages/dionone/Hrm/src/Resources/js/Pages/SetSalary/Loans/Create.tsx'
    Imported via '@/components/ui/label' from file 'C:/Users/DION-SERVER/Desktop/codecanyon-FOhzjwS6-erpgo-saas-all-in-one-business-erp-with-project-account-hrm-crm-pos/main-file/packages/dionone/Hrm/src/Resources/js/Pages/SetSalary/Loans/Edit.tsx'
    Imported via '@/components/ui/label' from file 'C:/Users/DION-SERVER/Desktop/codecanyon-FOhzjwS6-erpgo-saas-all-in-one-business-erp-with-project-account-hrm-crm-pos/main-file/packages/dionone/Hrm/src/Resources/js/Pages/SetSalary/Overtimes/Create.tsx'
    Imported via '@/components/ui/label' from file 'C:/Users/DION-SERVER/Desktop/codecanyon-FOhzjwS6-erpgo-saas-all-in-one-business-erp-with-project-account-hrm-crm-pos/main-file/packages/dionone/Hrm/src/Resources/js/Pages/SetSalary/Overtimes/Edit.tsx'
    Imported via '@/components/ui/label' from file 'C:/Users/DION-SERVER/Desktop/codecanyon-FOhzjwS6-erpgo-saas-all-in-one-business-erp-with-project-account-hrm-crm-pos/main-file/packages/dionone/Hrm/src/Resources/js/Pages/Shifts/Create.tsx'
    Imported via '@/components/ui/label' from file 'C:/Users/DION-SERVER/Desktop/codecanyon-FOhzjwS6-erpgo-saas-all-in-one-business-erp-with-project-account-hrm-crm-pos/main-file/packages/dionone/Hrm/src/Resources/js/Pages/Shifts/Edit.tsx'
    Imported via '@/components/ui/label' from file 'C:/Users/DION-SERVER/Desktop/codecanyon-FOhzjwS6-erpgo-saas-all-in-one-business-erp-with-project-account-hrm-crm-pos/main-file/packages/dionone/Hrm/src/Resources/js/Pages/SystemSetup/AllowanceTypes/Create.tsx'
    Imported via '@/components/ui/label' from file 'C:/Users/DION-SERVER/Desktop/codecanyon-FOhzjwS6-erpgo-saas-all-in-one-business-erp-with-project-account-hrm-crm-pos/main-file/packages/dionone/Hrm/src/Resources/js/Pages/SystemSetup/AllowanceTypes/Edit.tsx'
    Imported via '@/components/ui/label' from file 'C:/Users/DION-SERVER/Desktop/codecanyon-FOhzjwS6-erpgo-saas-all-in-one-business-erp-with-project-account-hrm-crm-pos/main-file/packages/dionone/Hrm/src/Resources/js/Pages/SystemSetup/AnnouncementCategories/Create.tsx'
    Imported via '@/components/ui/label' from file 'C:/Users/DION-SERVER/Desktop/codecanyon-FOhzjwS6-erpgo-saas-all-in-one-business-erp-with-project-account-hrm-crm-pos/main-file/packages/dionone/Hrm/src/Resources/js/Pages/SystemSetup/AnnouncementCategories/Edit.tsx'
    Imported via '@/components/ui/label' from file 'C:/Users/DION-SERVER/Desktop/codecanyon-FOhzjwS6-erpgo-saas-all-in-one-business-erp-with-project-account-hrm-crm-pos/main-file/packages/dionone/Hrm/src/Resources/js/Pages/SystemSetup/AwardTypes/Create.tsx'
    Imported via '@/components/ui/label' from file 'C:/Users/DION-SERVER/Desktop/codecanyon-FOhzjwS6-erpgo-saas-all-in-one-business-erp-with-project-account-hrm-crm-pos/main-file/packages/dionone/Hrm/src/Resources/js/Pages/SystemSetup/AwardTypes/Edit.tsx'
    Imported via '@/components/ui/label' from file 'C:/Users/DION-SERVER/Desktop/codecanyon-FOhzjwS6-erpgo-saas-all-in-one-business-erp-with-project-account-hrm-crm-pos/main-file/packages/dionone/Hrm/src/Resources/js/Pages/SystemSetup/Branches/Create.tsx'
    Imported via '@/components/ui/label' from file 'C:/Users/DION-SERVER/Desktop/codecanyon-FOhzjwS6-erpgo-saas-all-in-one-business-erp-with-project-account-hrm-crm-pos/main-file/packages/dionone/Hrm/src/Resources/js/Pages/SystemSetup/Branches/Edit.tsx'
    Imported via '@/components/ui/label' from file 'C:/Users/DION-SERVER/Desktop/codecanyon-FOhzjwS6-erpgo-saas-all-in-one-business-erp-with-project-account-hrm-crm-pos/main-file/packages/dionone/Hrm/src/Resources/js/Pages/SystemSetup/ComplaintTypes/Create.tsx'
    Imported via '@/components/ui/label' from file 'C:/Users/DION-SERVER/Desktop/codecanyon-FOhzjwS6-erpgo-saas-all-in-one-business-erp-with-project-account-hrm-crm-pos/main-file/packages/dionone/Hrm/src/Resources/js/Pages/SystemSetup/ComplaintTypes/Edit.tsx'
    Imported via '@/components/ui/label' from file 'C:/Users/DION-SERVER/Desktop/codecanyon-FOhzjwS6-erpgo-saas-all-in-one-business-erp-with-project-account-hrm-crm-pos/main-file/packages/dionone/Hrm/src/Resources/js/Pages/SystemSetup/DeductionTypes/Create.tsx'
    Imported via '@/components/ui/label' from file 'C:/Users/DION-SERVER/Desktop/codecanyon-FOhzjwS6-erpgo-saas-all-in-one-business-erp-with-project-account-hrm-crm-pos/main-file/packages/dionone/Hrm/src/Resources/js/Pages/SystemSetup/DeductionTypes/Edit.tsx'
    Imported via '@/components/ui/label' from file 'C:/Users/DION-SERVER/Desktop/codecanyon-FOhzjwS6-erpgo-saas-all-in-one-business-erp-with-project-account-hrm-crm-pos/main-file/packages/dionone/Hrm/src/Resources/js/Pages/SystemSetup/Departments/Create.tsx'
    Imported via '@/components/ui/label' from file 'C:/Users/DION-SERVER/Desktop/codecanyon-FOhzjwS6-erpgo-saas-all-in-one-business-erp-with-project-account-hrm-crm-pos/main-file/packages/dionone/Hrm/src/Resources/js/Pages/SystemSetup/Departments/Edit.tsx'
    Imported via '@/components/ui/label' from file 'C:/Users/DION-SERVER/Desktop/codecanyon-FOhzjwS6-erpgo-saas-all-in-one-business-erp-with-project-account-hrm-crm-pos/main-file/packages/dionone/Hrm/src/Resources/js/Pages/SystemSetup/Designations/Create.tsx'
    Imported via '@/components/ui/label' from file 'C:/Users/DION-SERVER/Desktop/codecanyon-FOhzjwS6-erpgo-saas-all-in-one-business-erp-with-project-account-hrm-crm-pos/main-file/packages/dionone/Hrm/src/Resources/js/Pages/SystemSetup/Designations/Edit.tsx'
    Imported via '@/components/ui/label' from file 'C:/Users/DION-SERVER/Desktop/codecanyon-FOhzjwS6-erpgo-saas-all-in-one-business-erp-with-project-account-hrm-crm-pos/main-file/packages/dionone/Hrm/src/Resources/js/Pages/SystemSetup/DocumentCategories/Create.tsx'
    Imported via '@/components/ui/label' from file 'C:/Users/DION-SERVER/Desktop/codecanyon-FOhzjwS6-erpgo-saas-all-in-one-business-erp-with-project-account-hrm-crm-pos/main-file/packages/dionone/Hrm/src/Resources/js/Pages/SystemSetup/DocumentCategories/Edit.tsx'
    Imported via '@/components/ui/label' from file 'C:/Users/DION-SERVER/Desktop/codecanyon-FOhzjwS6-erpgo-saas-all-in-one-business-erp-with-project-account-hrm-crm-pos/main-file/packages/dionone/Hrm/src/Resources/js/Pages/SystemSetup/EmployeeDocumentTypes/Create.tsx'
    Imported via '@/components/ui/label' from file 'C:/Users/DION-SERVER/Desktop/codecanyon-FOhzjwS6-erpgo-saas-all-in-one-business-erp-with-project-account-hrm-crm-pos/main-file/packages/dionone/Hrm/src/Resources/js/Pages/SystemSetup/EmployeeDocumentTypes/Edit.tsx'
    Imported via '@/components/ui/label' from file 'C:/Users/DION-SERVER/Desktop/codecanyon-FOhzjwS6-erpgo-saas-all-in-one-business-erp-with-project-account-hrm-crm-pos/main-file/packages/dionone/Hrm/src/Resources/js/Pages/SystemSetup/EventTypes/Create.tsx'
    Imported via '@/components/ui/label' from file 'C:/Users/DION-SERVER/Desktop/codecanyon-FOhzjwS6-erpgo-saas-all-in-one-business-erp-with-project-account-hrm-crm-pos/main-file/packages/dionone/Hrm/src/Resources/js/Pages/SystemSetup/EventTypes/Edit.tsx'
    Imported via '@/components/ui/label' from file 'C:/Users/DION-SERVER/Desktop/codecanyon-FOhzjwS6-erpgo-saas-all-in-one-business-erp-with-project-account-hrm-crm-pos/main-file/packages/dionone/Hrm/src/Resources/js/Pages/SystemSetup/HolidayTypes/Create.tsx'
    Imported via '@/components/ui/label' from file 'C:/Users/DION-SERVER/Desktop/codecanyon-FOhzjwS6-erpgo-saas-all-in-one-business-erp-with-project-account-hrm-crm-pos/main-file/packages/dionone/Hrm/src/Resources/js/Pages/SystemSetup/HolidayTypes/Edit.tsx'
    Imported via '@/components/ui/label' from file 'C:/Users/DION-SERVER/Desktop/codecanyon-FOhzjwS6-erpgo-saas-all-in-one-business-erp-with-project-account-hrm-crm-pos/main-file/packages/dionone/Hrm/src/Resources/js/Pages/SystemSetup/IpRestricts/Create.tsx'
    Imported via '@/components/ui/label' from file 'C:/Users/DION-SERVER/Desktop/codecanyon-FOhzjwS6-erpgo-saas-all-in-one-business-erp-with-project-account-hrm-crm-pos/main-file/packages/dionone/Hrm/src/Resources/js/Pages/SystemSetup/IpRestricts/Edit.tsx'
    Imported via "@/components/ui/label" from file 'C:/Users/DION-SERVER/Desktop/codecanyon-FOhzjwS6-erpgo-saas-all-in-one-business-erp-with-project-account-hrm-crm-pos/main-file/packages/dionone/Hrm/src/Resources/js/Pages/SystemSetup/IpRestricts/Index.tsx'
    Imported via '@/components/ui/label' from file 'C:/Users/DION-SERVER/Desktop/codecanyon-FOhzjwS6-erpgo-saas-all-in-one-business-erp-with-project-account-hrm-crm-pos/main-file/packages/dionone/Hrm/src/Resources/js/Pages/SystemSetup/LoanTypes/Create.tsx'
    Imported via '@/components/ui/label' from file 'C:/Users/DION-SERVER/Desktop/codecanyon-FOhzjwS6-erpgo-saas-all-in-one-business-erp-with-project-account-hrm-crm-pos/main-file/packages/dionone/Hrm/src/Resources/js/Pages/SystemSetup/LoanTypes/Edit.tsx'
    Imported via '@/components/ui/label' from file 'C:/Users/DION-SERVER/Desktop/codecanyon-FOhzjwS6-erpgo-saas-all-in-one-business-erp-with-project-account-hrm-crm-pos/main-file/packages/dionone/Hrm/src/Resources/js/Pages/SystemSetup/TerminationTypes/Create.tsx'
    Imported via '@/components/ui/label' from file 'C:/Users/DION-SERVER/Desktop/codecanyon-FOhzjwS6-erpgo-saas-all-in-one-business-erp-with-project-account-hrm-crm-pos/main-file/packages/dionone/Hrm/src/Resources/js/Pages/SystemSetup/TerminationTypes/Edit.tsx'
    Imported via '@/components/ui/label' from file 'C:/Users/DION-SERVER/Desktop/codecanyon-FOhzjwS6-erpgo-saas-all-in-one-business-erp-with-project-account-hrm-crm-pos/main-file/packages/dionone/Hrm/src/Resources/js/Pages/SystemSetup/WarningTypes/Create.tsx'
    Imported via '@/components/ui/label' from file 'C:/Users/DION-SERVER/Desktop/codecanyon-FOhzjwS6-erpgo-saas-all-in-one-business-erp-with-project-account-hrm-crm-pos/main-file/packages/dionone/Hrm/src/Resources/js/Pages/SystemSetup/WarningTypes/Edit.tsx'
    Imported via '@/components/ui/label' from file 'C:/Users/DION-SERVER/Desktop/codecanyon-FOhzjwS6-erpgo-saas-all-in-one-business-erp-with-project-account-hrm-crm-pos/main-file/packages/dionone/Hrm/src/Resources/js/Pages/Terminations/Create.tsx'
    Imported via '@/components/ui/label' from file 'C:/Users/DION-SERVER/Desktop/codecanyon-FOhzjwS6-erpgo-saas-all-in-one-business-erp-with-project-account-hrm-crm-pos/main-file/packages/dionone/Hrm/src/Resources/js/Pages/Terminations/Edit.tsx'
    Imported via '@/components/ui/label' from file 'C:/Users/DION-SERVER/Desktop/codecanyon-FOhzjwS6-erpgo-saas-all-in-one-business-erp-with-project-account-hrm-crm-pos/main-file/packages/dionone/Hrm/src/Resources/js/Pages/Warnings/Create.tsx'
    Imported via '@/components/ui/label' from file 'C:/Users/DION-SERVER/Desktop/codecanyon-FOhzjwS6-erpgo-saas-all-in-one-business-erp-with-project-account-hrm-crm-pos/main-file/packages/dionone/Hrm/src/Resources/js/Pages/Warnings/Edit.tsx'
    Imported via '@/components/ui/label' from file 'C:/Users/DION-SERVER/Desktop/codecanyon-FOhzjwS6-erpgo-saas-all-in-one-business-erp-with-project-account-hrm-crm-pos/main-file/packages/dionone/Hrm/src/Resources/js/Pages/Warnings/Response.tsx'
    Imported via '@/components/ui/label' from file 'C:/Users/DION-SERVER/Desktop/codecanyon-FOhzjwS6-erpgo-saas-all-in-one-business-erp-with-project-account-hrm-crm-pos/main-file/packages/dionone/LandingPage/src/Resources/js/Pages/components/settings/General.tsx'
    Imported via '@/components/ui/label' from file 'C:/Users/DION-SERVER/Desktop/codecanyon-FOhzjwS6-erpgo-saas-all-in-one-business-erp-with-project-account-hrm-crm-pos/main-file/packages/dionone/LandingPage/src/Resources/js/Pages/components/settings/Hero.tsx'
    Imported via '@/components/ui/label' from file 'C:/Users/DION-SERVER/Desktop/codecanyon-FOhzjwS6-erpgo-saas-all-in-one-business-erp-with-project-account-hrm-crm-pos/main-file/packages/dionone/LandingPage/src/Resources/js/Pages/components/settings/Header.tsx'
    Imported via '@/components/ui/label' from file 'C:/Users/DION-SERVER/Desktop/codecanyon-FOhzjwS6-erpgo-saas-all-in-one-business-erp-with-project-account-hrm-crm-pos/main-file/packages/dionone/LandingPage/src/Resources/js/Pages/components/settings/Features.tsx'
    Imported via '@/components/ui/label' from file 'C:/Users/DION-SERVER/Desktop/codecanyon-FOhzjwS6-erpgo-saas-all-in-one-business-erp-with-project-account-hrm-crm-pos/main-file/packages/dionone/LandingPage/src/Resources/js/Pages/components/settings/Stats.tsx'
    Imported via '@/components/ui/label' from file 'C:/Users/DION-SERVER/Desktop/codecanyon-FOhzjwS6-erpgo-saas-all-in-one-business-erp-with-project-account-hrm-crm-pos/main-file/packages/dionone/LandingPage/src/Resources/js/Pages/components/settings/Modules.tsx'
    Imported via '@/components/ui/label' from file 'C:/Users/DION-SERVER/Desktop/codecanyon-FOhzjwS6-erpgo-saas-all-in-one-business-erp-with-project-account-hrm-crm-pos/main-file/packages/dionone/LandingPage/src/Resources/js/Pages/components/settings/Benefits.tsx'
    Imported via '@/components/ui/label' from file 'C:/Users/DION-SERVER/Desktop/codecanyon-FOhzjwS6-erpgo-saas-all-in-one-business-erp-with-project-account-hrm-crm-pos/main-file/packages/dionone/LandingPage/src/Resources/js/Pages/components/settings/Gallery.tsx'
    Imported via '@/components/ui/label' from file 'C:/Users/DION-SERVER/Desktop/codecanyon-FOhzjwS6-erpgo-saas-all-in-one-business-erp-with-project-account-hrm-crm-pos/main-file/packages/dionone/LandingPage/src/Resources/js/Pages/components/settings/CTA.tsx'
    Imported via '@/components/ui/label' from file 'C:/Users/DION-SERVER/Desktop/codecanyon-FOhzjwS6-erpgo-saas-all-in-one-business-erp-with-project-account-hrm-crm-pos/main-file/packages/dionone/LandingPage/src/Resources/js/Pages/components/settings/Footer.tsx'
    Imported via '@/components/ui/label' from file 'C:/Users/DION-SERVER/Desktop/codecanyon-FOhzjwS6-erpgo-saas-all-in-one-business-erp-with-project-account-hrm-crm-pos/main-file/packages/dionone/LandingPage/src/Resources/js/Pages/components/settings/Order.tsx'
    Imported via '@/components/ui/label' from file 'C:/Users/DION-SERVER/Desktop/codecanyon-FOhzjwS6-erpgo-saas-all-in-one-business-erp-with-project-account-hrm-crm-pos/main-file/packages/dionone/LandingPage/src/Resources/js/Pages/components/settings/Colors.tsx'
    Imported via '@/components/ui/label' from file 'C:/Users/DION-SERVER/Desktop/codecanyon-FOhzjwS6-erpgo-saas-all-in-one-business-erp-with-project-account-hrm-crm-pos/main-file/packages/dionone/LandingPage/src/Resources/js/Pages/components/settings/Pricing.tsx'
    Imported via '@/components/ui/label' from file 'C:/Users/DION-SERVER/Desktop/codecanyon-FOhzjwS6-erpgo-saas-all-in-one-business-erp-with-project-account-hrm-crm-pos/main-file/packages/dionone/LandingPage/src/Resources/js/Pages/CustomPages/Create.tsx'
    Imported via '@/components/ui/label' from file 'C:/Users/DION-SERVER/Desktop/codecanyon-FOhzjwS6-erpgo-saas-all-in-one-business-erp-with-project-account-hrm-crm-pos/main-file/packages/dionone/LandingPage/src/Resources/js/Pages/CustomPages/Edit.tsx'
    Imported via '@/components/ui/label' from file 'C:/Users/DION-SERVER/Desktop/codecanyon-FOhzjwS6-erpgo-saas-all-in-one-business-erp-with-project-account-hrm-crm-pos/main-file/packages/dionone/LandingPage/src/Resources/js/Pages/marketplace/Settings.tsx'
    Imported via '@/components/ui/label' from file 'C:/Users/DION-SERVER/Desktop/codecanyon-FOhzjwS6-erpgo-saas-all-in-one-business-erp-with-project-account-hrm-crm-pos/main-file/packages/dionone/Lead/src/Resources/js/Pages/Deals/Create.tsx'
    Imported via '@/components/ui/label' from file 'C:/Users/DION-SERVER/Desktop/codecanyon-FOhzjwS6-erpgo-saas-all-in-one-business-erp-with-project-account-hrm-crm-pos/main-file/packages/dionone/Lead/src/Resources/js/Pages/Deals/Edit.tsx'
    Imported via '@/components/ui/label' from file 'C:/Users/DION-SERVER/Desktop/codecanyon-FOhzjwS6-erpgo-saas-all-in-one-business-erp-with-project-account-hrm-crm-pos/main-file/packages/dionone/Lead/src/Resources/js/Pages/Deals/Show/General.tsx'
    Imported via '@/components/ui/label' from file 'C:/Users/DION-SERVER/Desktop/codecanyon-FOhzjwS6-erpgo-saas-all-in-one-business-erp-with-project-account-hrm-crm-pos/main-file/packages/dionone/Lead/src/Resources/js/Pages/Deals/Show/Tasks.tsx'
    Imported via '@/components/ui/label' from file 'C:/Users/DION-SERVER/Desktop/codecanyon-FOhzjwS6-erpgo-saas-all-in-one-business-erp-with-project-account-hrm-crm-pos/main-file/packages/dionone/Lead/src/Resources/js/Pages/Deals/Show/Users.tsx'
    Imported via '@/components/ui/label' from file 'C:/Users/DION-SERVER/Desktop/codecanyon-FOhzjwS6-erpgo-saas-all-in-one-business-erp-with-project-account-hrm-crm-pos/main-file/packages/dionone/Lead/src/Resources/js/Pages/Deals/Show/Products.tsx'
    Imported via '@/components/ui/label' from file 'C:/Users/DION-SERVER/Desktop/codecanyon-FOhzjwS6-erpgo-saas-all-in-one-business-erp-with-project-account-hrm-crm-pos/main-file/packages/dionone/Lead/src/Resources/js/Pages/Deals/Show/Sources.tsx'
    Imported via '@/components/ui/label' from file 'C:/Users/DION-SERVER/Desktop/codecanyon-FOhzjwS6-erpgo-saas-all-in-one-business-erp-with-project-account-hrm-crm-pos/main-file/packages/dionone/Lead/src/Resources/js/Pages/Deals/Show/Calls.tsx'
    Imported via '@/components/ui/label' from file 'C:/Users/DION-SERVER/Desktop/codecanyon-FOhzjwS6-erpgo-saas-all-in-one-business-erp-with-project-account-hrm-crm-pos/main-file/packages/dionone/Lead/src/Resources/js/Pages/Deals/Show/Clients.tsx'
    Imported via '@/components/ui/label' from file 'C:/Users/DION-SERVER/Desktop/codecanyon-FOhzjwS6-erpgo-saas-all-in-one-business-erp-with-project-account-hrm-crm-pos/main-file/packages/dionone/Lead/src/Resources/js/Pages/Deals/Show/Discussions.tsx'
    Imported via '@/components/ui/label' from file 'C:/Users/DION-SERVER/Desktop/codecanyon-FOhzjwS6-erpgo-saas-all-in-one-business-erp-with-project-account-hrm-crm-pos/main-file/packages/dionone/Lead/src/Resources/js/Pages/Deals/Show/Emails.tsx'
    Imported via '@/components/ui/label' from file 'C:/Users/DION-SERVER/Desktop/codecanyon-FOhzjwS6-erpgo-saas-all-in-one-business-erp-with-project-account-hrm-crm-pos/main-file/packages/dionone/Lead/src/Resources/js/Pages/Leads/Create.tsx'
    Imported via '@/components/ui/label' from file 'C:/Users/DION-SERVER/Desktop/codecanyon-FOhzjwS6-erpgo-saas-all-in-one-business-erp-with-project-account-hrm-crm-pos/main-file/packages/dionone/Lead/src/Resources/js/Pages/Leads/Edit.tsx'
    Imported via '@/components/ui/label' from file 'C:/Users/DION-SERVER/Desktop/codecanyon-FOhzjwS6-erpgo-saas-all-in-one-business-erp-with-project-account-hrm-crm-pos/main-file/packages/dionone/Lead/src/Resources/js/Pages/Leads/Show/General.tsx'
    Imported via '@/components/ui/label' from file 'C:/Users/DION-SERVER/Desktop/codecanyon-FOhzjwS6-erpgo-saas-all-in-one-business-erp-with-project-account-hrm-crm-pos/main-file/packages/dionone/Lead/src/Resources/js/Pages/Leads/Show/Tasks.tsx'
    Imported via '@/components/ui/label' from file 'C:/Users/DION-SERVER/Desktop/codecanyon-FOhzjwS6-erpgo-saas-all-in-one-business-erp-with-project-account-hrm-crm-pos/main-file/packages/dionone/Lead/src/Resources/js/Pages/Leads/Show/Users.tsx'
    Imported via '@/components/ui/label' from file 'C:/Users/DION-SERVER/Desktop/codecanyon-FOhzjwS6-erpgo-saas-all-in-one-business-erp-with-project-account-hrm-crm-pos/main-file/packages/dionone/Lead/src/Resources/js/Pages/Leads/Show/Products.tsx'
    Imported via '@/components/ui/label' from file 'C:/Users/DION-SERVER/Desktop/codecanyon-FOhzjwS6-erpgo-saas-all-in-one-business-erp-with-project-account-hrm-crm-pos/main-file/packages/dionone/Lead/src/Resources/js/Pages/Leads/Show/Sources.tsx'
    Imported via '@/components/ui/label' from file 'C:/Users/DION-SERVER/Desktop/codecanyon-FOhzjwS6-erpgo-saas-all-in-one-business-erp-with-project-account-hrm-crm-pos/main-file/packages/dionone/Lead/src/Resources/js/Pages/Leads/Show/Calls.tsx'
    Imported via '@/components/ui/label' from file 'C:/Users/DION-SERVER/Desktop/codecanyon-FOhzjwS6-erpgo-saas-all-in-one-business-erp-with-project-account-hrm-crm-pos/main-file/packages/dionone/Lead/src/Resources/js/Pages/Leads/Show/ConvertToDeal.tsx'
    Imported via '@/components/ui/label' from file 'C:/Users/DION-SERVER/Desktop/codecanyon-FOhzjwS6-erpgo-saas-all-in-one-business-erp-with-project-account-hrm-crm-pos/main-file/packages/dionone/Lead/src/Resources/js/Pages/Leads/Show/Discussions.tsx'
    Imported via '@/components/ui/label' from file 'C:/Users/DION-SERVER/Desktop/codecanyon-FOhzjwS6-erpgo-saas-all-in-one-business-erp-with-project-account-hrm-crm-pos/main-file/packages/dionone/Lead/src/Resources/js/Pages/Leads/Show/Emails.tsx'
    Imported via "@/components/ui/label" from file 'C:/Users/DION-SERVER/Desktop/codecanyon-FOhzjwS6-erpgo-saas-all-in-one-business-erp-with-project-account-hrm-crm-pos/main-file/packages/dionone/Lead/src/Resources/js/Pages/Reports/DealReports.tsx'
    Imported via "@/components/ui/label" from file 'C:/Users/DION-SERVER/Desktop/codecanyon-FOhzjwS6-erpgo-saas-all-in-one-business-erp-with-project-account-hrm-crm-pos/main-file/packages/dionone/Lead/src/Resources/js/Pages/Reports/LeadReports.tsx'
    Imported via '@/components/ui/label' from file 'C:/Users/DION-SERVER/Desktop/codecanyon-FOhzjwS6-erpgo-saas-all-in-one-business-erp-with-project-account-hrm-crm-pos/main-file/packages/dionone/Lead/src/Resources/js/Pages/SystemSetup/DealStages/Create.tsx'
    Imported via '@/components/ui/label' from file 'C:/Users/DION-SERVER/Desktop/codecanyon-FOhzjwS6-erpgo-saas-all-in-one-business-erp-with-project-account-hrm-crm-pos/main-file/packages/dionone/Lead/src/Resources/js/Pages/SystemSetup/DealStages/Edit.tsx'
    Imported via '@/components/ui/label' from file 'C:/Users/DION-SERVER/Desktop/codecanyon-FOhzjwS6-erpgo-saas-all-in-one-business-erp-with-project-account-hrm-crm-pos/main-file/packages/dionone/Lead/src/Resources/js/Pages/SystemSetup/Labels/Create.tsx'
    Imported via '@/components/ui/label' from file 'C:/Users/DION-SERVER/Desktop/codecanyon-FOhzjwS6-erpgo-saas-all-in-one-business-erp-with-project-account-hrm-crm-pos/main-file/packages/dionone/Lead/src/Resources/js/Pages/SystemSetup/Labels/Edit.tsx'
    Imported via '@/components/ui/label' from file 'C:/Users/DION-SERVER/Desktop/codecanyon-FOhzjwS6-erpgo-saas-all-in-one-business-erp-with-project-account-hrm-crm-pos/main-file/packages/dionone/Lead/src/Resources/js/Pages/SystemSetup/LeadStages/Create.tsx'
    Imported via '@/components/ui/label' from file 'C:/Users/DION-SERVER/Desktop/codecanyon-FOhzjwS6-erpgo-saas-all-in-one-business-erp-with-project-account-hrm-crm-pos/main-file/packages/dionone/Lead/src/Resources/js/Pages/SystemSetup/LeadStages/Edit.tsx'
    Imported via '@/components/ui/label' from file 'C:/Users/DION-SERVER/Desktop/codecanyon-FOhzjwS6-erpgo-saas-all-in-one-business-erp-with-project-account-hrm-crm-pos/main-file/packages/dionone/Lead/src/Resources/js/Pages/SystemSetup/Pipelines/Create.tsx'
    Imported via '@/components/ui/label' from file 'C:/Users/DION-SERVER/Desktop/codecanyon-FOhzjwS6-erpgo-saas-all-in-one-business-erp-with-project-account-hrm-crm-pos/main-file/packages/dionone/Lead/src/Resources/js/Pages/SystemSetup/Pipelines/Edit.tsx'
    Imported via '@/components/ui/label' from file 'C:/Users/DION-SERVER/Desktop/codecanyon-FOhzjwS6-erpgo-saas-all-in-one-business-erp-with-project-account-hrm-crm-pos/main-file/packages/dionone/Lead/src/Resources/js/Pages/SystemSetup/Sources/Create.tsx'
    Imported via '@/components/ui/label' from file 'C:/Users/DION-SERVER/Desktop/codecanyon-FOhzjwS6-erpgo-saas-all-in-one-business-erp-with-project-account-hrm-crm-pos/main-file/packages/dionone/Lead/src/Resources/js/Pages/SystemSetup/Sources/Edit.tsx'
    Imported via '@/components/ui/label' from file 'C:/Users/DION-SERVER/Desktop/codecanyon-FOhzjwS6-erpgo-saas-all-in-one-business-erp-with-project-account-hrm-crm-pos/main-file/packages/dionone/Paypal/src/Resources/js/buttons/buttons.tsx'
    Imported via '@/components/ui/label' from file 'C:/Users/DION-SERVER/Desktop/codecanyon-FOhzjwS6-erpgo-saas-all-in-one-business-erp-with-project-account-hrm-crm-pos/main-file/packages/dionone/Paypal/src/Resources/js/settings/components/paypal-settings.tsx'
    Imported via "@/components/ui/label" from file 'C:/Users/DION-SERVER/Desktop/codecanyon-FOhzjwS6-erpgo-saas-all-in-one-business-erp-with-project-account-hrm-crm-pos/main-file/packages/dionone/Performance/src/Resources/js/Pages/EmployeeGoals/Create.tsx'
    Imported via "@/components/ui/label" from file 'C:/Users/DION-SERVER/Desktop/codecanyon-FOhzjwS6-erpgo-saas-all-in-one-business-erp-with-project-account-hrm-crm-pos/main-file/packages/dionone/Performance/src/Resources/js/Pages/EmployeeGoals/Edit.tsx'
    Imported via "@/components/ui/label" from file 'C:/Users/DION-SERVER/Desktop/codecanyon-FOhzjwS6-erpgo-saas-all-in-one-business-erp-with-project-account-hrm-crm-pos/main-file/packages/dionone/Performance/src/Resources/js/Pages/EmployeeReviews/Conduct.tsx'
    Imported via "@/components/ui/label" from file 'C:/Users/DION-SERVER/Desktop/codecanyon-FOhzjwS6-erpgo-saas-all-in-one-business-erp-with-project-account-hrm-crm-pos/main-file/packages/dionone/Performance/src/Resources/js/Pages/EmployeeReviews/Create.tsx'
    Imported via "@/components/ui/label" from file 'C:/Users/DION-SERVER/Desktop/codecanyon-FOhzjwS6-erpgo-saas-all-in-one-business-erp-with-project-account-hrm-crm-pos/main-file/packages/dionone/Performance/src/Resources/js/Pages/EmployeeReviews/Edit.tsx'
    Imported via "@/components/ui/label" from file 'C:/Users/DION-SERVER/Desktop/codecanyon-FOhzjwS6-erpgo-saas-all-in-one-business-erp-with-project-account-hrm-crm-pos/main-file/packages/dionone/Performance/src/Resources/js/Pages/Indicators/Create.tsx'
    Imported via "@/components/ui/label" from file 'C:/Users/DION-SERVER/Desktop/codecanyon-FOhzjwS6-erpgo-saas-all-in-one-business-erp-with-project-account-hrm-crm-pos/main-file/packages/dionone/Performance/src/Resources/js/Pages/Indicators/Edit.tsx'
    Imported via "@/components/ui/label" from file 'C:/Users/DION-SERVER/Desktop/codecanyon-FOhzjwS6-erpgo-saas-all-in-one-business-erp-with-project-account-hrm-crm-pos/main-file/packages/dionone/Performance/src/Resources/js/Pages/ReviewCycles/Create.tsx'
    Imported via "@/components/ui/label" from file 'C:/Users/DION-SERVER/Desktop/codecanyon-FOhzjwS6-erpgo-saas-all-in-one-business-erp-with-project-account-hrm-crm-pos/main-file/packages/dionone/Performance/src/Resources/js/Pages/ReviewCycles/Edit.tsx'
    Imported via "@/components/ui/label" from file 'C:/Users/DION-SERVER/Desktop/codecanyon-FOhzjwS6-erpgo-saas-all-in-one-business-erp-with-project-account-hrm-crm-pos/main-file/packages/dionone/Performance/src/Resources/js/Pages/SystemSetup/GoalTypes/Create.tsx'
    Imported via "@/components/ui/label" from file 'C:/Users/DION-SERVER/Desktop/codecanyon-FOhzjwS6-erpgo-saas-all-in-one-business-erp-with-project-account-hrm-crm-pos/main-file/packages/dionone/Performance/src/Resources/js/Pages/SystemSetup/GoalTypes/Edit.tsx'
    Imported via "@/components/ui/label" from file 'C:/Users/DION-SERVER/Desktop/codecanyon-FOhzjwS6-erpgo-saas-all-in-one-business-erp-with-project-account-hrm-crm-pos/main-file/packages/dionone/Performance/src/Resources/js/Pages/SystemSetup/IndicatorCategories/Create.tsx'
    Imported via "@/components/ui/label" from file 'C:/Users/DION-SERVER/Desktop/codecanyon-FOhzjwS6-erpgo-saas-all-in-one-business-erp-with-project-account-hrm-crm-pos/main-file/packages/dionone/Performance/src/Resources/js/Pages/SystemSetup/IndicatorCategories/Edit.tsx'
    Imported via '@/components/ui/label' from file 'C:/Users/DION-SERVER/Desktop/codecanyon-FOhzjwS6-erpgo-saas-all-in-one-business-erp-with-project-account-hrm-crm-pos/main-file/packages/dionone/Pos/src/Resources/js/Pages/Barcode/Index.tsx'
    Imported via "@/components/ui/label" from file 'C:/Users/DION-SERVER/Desktop/codecanyon-FOhzjwS6-erpgo-saas-all-in-one-business-erp-with-project-account-hrm-crm-pos/main-file/packages/dionone/ProductService/src/Resources/js/Pages/Items/Create.tsx'
    Imported via "@/components/ui/label" from file 'C:/Users/DION-SERVER/Desktop/codecanyon-FOhzjwS6-erpgo-saas-all-in-one-business-erp-with-project-account-hrm-crm-pos/main-file/packages/dionone/ProductService/src/Resources/js/Pages/Items/Edit.tsx'
    Imported via '@/components/ui/label' from file 'C:/Users/DION-SERVER/Desktop/codecanyon-FOhzjwS6-erpgo-saas-all-in-one-business-erp-with-project-account-hrm-crm-pos/main-file/packages/dionone/ProductService/src/Resources/js/Pages/Stock/Index.tsx'
    Imported via "@/components/ui/label" from file 'C:/Users/DION-SERVER/Desktop/codecanyon-FOhzjwS6-erpgo-saas-all-in-one-business-erp-with-project-account-hrm-crm-pos/main-file/packages/dionone/ProductService/src/Resources/js/Pages/SystemSetup/Categories/Create.tsx'
    Imported via "@/components/ui/label" from file 'C:/Users/DION-SERVER/Desktop/codecanyon-FOhzjwS6-erpgo-saas-all-in-one-business-erp-with-project-account-hrm-crm-pos/main-file/packages/dionone/ProductService/src/Resources/js/Pages/SystemSetup/Categories/Edit.tsx'
    Imported via "@/components/ui/label" from file 'C:/Users/DION-SERVER/Desktop/codecanyon-FOhzjwS6-erpgo-saas-all-in-one-business-erp-with-project-account-hrm-crm-pos/main-file/packages/dionone/ProductService/src/Resources/js/Pages/SystemSetup/Taxes/Create.tsx'
    Imported via "@/components/ui/label" from file 'C:/Users/DION-SERVER/Desktop/codecanyon-FOhzjwS6-erpgo-saas-all-in-one-business-erp-with-project-account-hrm-crm-pos/main-file/packages/dionone/ProductService/src/Resources/js/Pages/SystemSetup/Taxes/Edit.tsx'
    Imported via "@/components/ui/label" from file 'C:/Users/DION-SERVER/Desktop/codecanyon-FOhzjwS6-erpgo-saas-all-in-one-business-erp-with-project-account-hrm-crm-pos/main-file/packages/dionone/ProductService/src/Resources/js/Pages/SystemSetup/Units/Create.tsx'
    Imported via "@/components/ui/label" from file 'C:/Users/DION-SERVER/Desktop/codecanyon-FOhzjwS6-erpgo-saas-all-in-one-business-erp-with-project-account-hrm-crm-pos/main-file/packages/dionone/ProductService/src/Resources/js/Pages/SystemSetup/Units/Edit.tsx'
    Imported via "@/components/ui/label" from file 'C:/Users/DION-SERVER/Desktop/codecanyon-FOhzjwS6-erpgo-saas-all-in-one-business-erp-with-project-account-hrm-crm-pos/main-file/packages/dionone/ProductService/src/Resources/js/fields/fields.tsx'
    Imported via '@/components/ui/label' from file 'C:/Users/DION-SERVER/Desktop/codecanyon-FOhzjwS6-erpgo-saas-all-in-one-business-erp-with-project-account-hrm-crm-pos/main-file/packages/dionone/Quotation/src/Resources/js/Pages/Quotations/Create.tsx'
    Imported via '@/components/ui/label' from file 'C:/Users/DION-SERVER/Desktop/codecanyon-FOhzjwS6-erpgo-saas-all-in-one-business-erp-with-project-account-hrm-crm-pos/main-file/packages/dionone/Quotation/src/Resources/js/Pages/Quotations/Edit.tsx'
    Imported via '@/components/ui/label' from file 'C:/Users/DION-SERVER/Desktop/codecanyon-FOhzjwS6-erpgo-saas-all-in-one-business-erp-with-project-account-hrm-crm-pos/main-file/packages/dionone/Recruitment/src/Resources/js/Pages/CandidateAssessments/Create.tsx'
    Imported via '@/components/ui/label' from file 'C:/Users/DION-SERVER/Desktop/codecanyon-FOhzjwS6-erpgo-saas-all-in-one-business-erp-with-project-account-hrm-crm-pos/main-file/packages/dionone/Recruitment/src/Resources/js/Pages/CandidateAssessments/Edit.tsx'
    Imported via '@/components/ui/label' from file 'C:/Users/DION-SERVER/Desktop/codecanyon-FOhzjwS6-erpgo-saas-all-in-one-business-erp-with-project-account-hrm-crm-pos/main-file/packages/dionone/Recruitment/src/Resources/js/Pages/CandidateOnboardings/Create.tsx'
    Imported via '@/components/ui/label' from file 'C:/Users/DION-SERVER/Desktop/codecanyon-FOhzjwS6-erpgo-saas-all-in-one-business-erp-with-project-account-hrm-crm-pos/main-file/packages/dionone/Recruitment/src/Resources/js/Pages/CandidateOnboardings/Edit.tsx'
    Imported via '@/components/ui/label' from file 'C:/Users/DION-SERVER/Desktop/codecanyon-FOhzjwS6-erpgo-saas-all-in-one-business-erp-with-project-account-hrm-crm-pos/main-file/packages/dionone/Recruitment/src/Resources/js/Pages/Candidates/Create.tsx'
    Imported via '@/components/ui/label' from file 'C:/Users/DION-SERVER/Desktop/codecanyon-FOhzjwS6-erpgo-saas-all-in-one-business-erp-with-project-account-hrm-crm-pos/main-file/packages/dionone/Recruitment/src/Resources/js/Pages/Candidates/Edit.tsx'
    Imported via '@/components/ui/label' from file 'C:/Users/DION-SERVER/Desktop/codecanyon-FOhzjwS6-erpgo-saas-all-in-one-business-erp-with-project-account-hrm-crm-pos/main-file/packages/dionone/Recruitment/src/Resources/js/Pages/ChecklistItems/Create.tsx'
    Imported via '@/components/ui/label' from file 'C:/Users/DION-SERVER/Desktop/codecanyon-FOhzjwS6-erpgo-saas-all-in-one-business-erp-with-project-account-hrm-crm-pos/main-file/packages/dionone/Recruitment/src/Resources/js/Pages/ChecklistItems/Edit.tsx'
    Imported via '@/components/ui/label' from file 'C:/Users/DION-SERVER/Desktop/codecanyon-FOhzjwS6-erpgo-saas-all-in-one-business-erp-with-project-account-hrm-crm-pos/main-file/packages/dionone/Recruitment/src/Resources/js/Pages/CustomQuestions/Create.tsx'
    Imported via '@/components/ui/label' from file 'C:/Users/DION-SERVER/Desktop/codecanyon-FOhzjwS6-erpgo-saas-all-in-one-business-erp-with-project-account-hrm-crm-pos/main-file/packages/dionone/Recruitment/src/Resources/js/Pages/CustomQuestions/Edit.tsx'
    Imported via '@/components/ui/label' from file 'C:/Users/DION-SERVER/Desktop/codecanyon-FOhzjwS6-erpgo-saas-all-in-one-business-erp-with-project-account-hrm-crm-pos/main-file/packages/dionone/Recruitment/src/Resources/js/Pages/Frontend/JobApply.tsx'
    Imported via '@/components/ui/label' from file 'C:/Users/DION-SERVER/Desktop/codecanyon-FOhzjwS6-erpgo-saas-all-in-one-business-erp-with-project-account-hrm-crm-pos/main-file/packages/dionone/Recruitment/src/Resources/js/Pages/Frontend/TrackingForm.tsx'
    Imported via '@/components/ui/label' from file 'C:/Users/DION-SERVER/Desktop/codecanyon-FOhzjwS6-erpgo-saas-all-in-one-business-erp-with-project-account-hrm-crm-pos/main-file/packages/dionone/Recruitment/src/Resources/js/Pages/InterviewFeedbacks/Create.tsx'
    Imported via '@/components/ui/label' from file 'C:/Users/DION-SERVER/Desktop/codecanyon-FOhzjwS6-erpgo-saas-all-in-one-business-erp-with-project-account-hrm-crm-pos/main-file/packages/dionone/Recruitment/src/Resources/js/Pages/InterviewFeedbacks/Edit.tsx'
    Imported via '@/components/ui/label' from file 'C:/Users/DION-SERVER/Desktop/codecanyon-FOhzjwS6-erpgo-saas-all-in-one-business-erp-with-project-account-hrm-crm-pos/main-file/packages/dionone/Recruitment/src/Resources/js/Pages/InterviewRounds/Create.tsx'
    Imported via '@/components/ui/label' from file 'C:/Users/DION-SERVER/Desktop/codecanyon-FOhzjwS6-erpgo-saas-all-in-one-business-erp-with-project-account-hrm-crm-pos/main-file/packages/dionone/Recruitment/src/Resources/js/Pages/InterviewRounds/Edit.tsx'
    Imported via '@/components/ui/label' from file 'C:/Users/DION-SERVER/Desktop/codecanyon-FOhzjwS6-erpgo-saas-all-in-one-business-erp-with-project-account-hrm-crm-pos/main-file/packages/dionone/Recruitment/src/Resources/js/Pages/Interviews/Create.tsx'
    Imported via '@/components/ui/label' from file 'C:/Users/DION-SERVER/Desktop/codecanyon-FOhzjwS6-erpgo-saas-all-in-one-business-erp-with-project-account-hrm-crm-pos/main-file/packages/dionone/Recruitment/src/Resources/js/Pages/Interviews/Edit.tsx'
    Imported via '@/components/ui/label' from file 'C:/Users/DION-SERVER/Desktop/codecanyon-FOhzjwS6-erpgo-saas-all-in-one-business-erp-with-project-account-hrm-crm-pos/main-file/packages/dionone/Recruitment/src/Resources/js/Pages/JobLocations/Create.tsx'
    Imported via '@/components/ui/label' from file 'C:/Users/DION-SERVER/Desktop/codecanyon-FOhzjwS6-erpgo-saas-all-in-one-business-erp-with-project-account-hrm-crm-pos/main-file/packages/dionone/Recruitment/src/Resources/js/Pages/JobLocations/Edit.tsx'
    Imported via '@/components/ui/label' from file 'C:/Users/DION-SERVER/Desktop/codecanyon-FOhzjwS6-erpgo-saas-all-in-one-business-erp-with-project-account-hrm-crm-pos/main-file/packages/dionone/Recruitment/src/Resources/js/Pages/JobPostings/Create.tsx'
    Imported via '@/components/ui/label' from file 'C:/Users/DION-SERVER/Desktop/codecanyon-FOhzjwS6-erpgo-saas-all-in-one-business-erp-with-project-account-hrm-crm-pos/main-file/packages/dionone/Recruitment/src/Resources/js/Pages/JobPostings/Edit.tsx'
    Imported via '@/components/ui/label' from file 'C:/Users/DION-SERVER/Desktop/codecanyon-FOhzjwS6-erpgo-saas-all-in-one-business-erp-with-project-account-hrm-crm-pos/main-file/packages/dionone/Recruitment/src/Resources/js/Pages/Offers/ConvertToEmployee.tsx'
    Imported via '@/components/ui/label' from file 'C:/Users/DION-SERVER/Desktop/codecanyon-FOhzjwS6-erpgo-saas-all-in-one-business-erp-with-project-account-hrm-crm-pos/main-file/packages/dionone/Recruitment/src/Resources/js/Pages/Offers/Create.tsx'
    Imported via '@/components/ui/label' from file 'C:/Users/DION-SERVER/Desktop/codecanyon-FOhzjwS6-erpgo-saas-all-in-one-business-erp-with-project-account-hrm-crm-pos/main-file/packages/dionone/Recruitment/src/Resources/js/Pages/Offers/Edit.tsx'
    Imported via '@/components/ui/label' from file 'C:/Users/DION-SERVER/Desktop/codecanyon-FOhzjwS6-erpgo-saas-all-in-one-business-erp-with-project-account-hrm-crm-pos/main-file/packages/dionone/Recruitment/src/Resources/js/Pages/SystemSetup/AboutCompany/Index.tsx'
    Imported via '@/components/ui/label' from file 'C:/Users/DION-SERVER/Desktop/codecanyon-FOhzjwS6-erpgo-saas-all-in-one-business-erp-with-project-account-hrm-crm-pos/main-file/packages/dionone/Recruitment/src/Resources/js/Pages/SystemSetup/ApplicationTips/Index.tsx'
    Imported via '@/components/ui/label' from file 'C:/Users/DION-SERVER/Desktop/codecanyon-FOhzjwS6-erpgo-saas-all-in-one-business-erp-with-project-account-hrm-crm-pos/main-file/packages/dionone/Recruitment/src/Resources/js/Pages/SystemSetup/BrandSettings/Index.tsx'
    Imported via '@/components/ui/label' from file 'C:/Users/DION-SERVER/Desktop/codecanyon-FOhzjwS6-erpgo-saas-all-in-one-business-erp-with-project-account-hrm-crm-pos/main-file/packages/dionone/Recruitment/src/Resources/js/Pages/SystemSetup/CandidateSources/Create.tsx'
    Imported via '@/components/ui/label' from file 'C:/Users/DION-SERVER/Desktop/codecanyon-FOhzjwS6-erpgo-saas-all-in-one-business-erp-with-project-account-hrm-crm-pos/main-file/packages/dionone/Recruitment/src/Resources/js/Pages/SystemSetup/CandidateSources/Edit.tsx'
    Imported via '@/components/ui/label' from file 'C:/Users/DION-SERVER/Desktop/codecanyon-FOhzjwS6-erpgo-saas-all-in-one-business-erp-with-project-account-hrm-crm-pos/main-file/packages/dionone/Recruitment/src/Resources/js/Pages/SystemSetup/DashboardWelcomeCard/Index.tsx'
    Imported via '@/components/ui/label' from file 'C:/Users/DION-SERVER/Desktop/codecanyon-FOhzjwS6-erpgo-saas-all-in-one-business-erp-with-project-account-hrm-crm-pos/main-file/packages/dionone/Recruitment/src/Resources/js/Pages/SystemSetup/InterviewTypes/Create.tsx'
    Imported via '@/components/ui/label' from file 'C:/Users/DION-SERVER/Desktop/codecanyon-FOhzjwS6-erpgo-saas-all-in-one-business-erp-with-project-account-hrm-crm-pos/main-file/packages/dionone/Recruitment/src/Resources/js/Pages/SystemSetup/InterviewTypes/Edit.tsx'
    Imported via '@/components/ui/label' from file 'C:/Users/DION-SERVER/Desktop/codecanyon-FOhzjwS6-erpgo-saas-all-in-one-business-erp-with-project-account-hrm-crm-pos/main-file/packages/dionone/Recruitment/src/Resources/js/Pages/SystemSetup/JobCategories/Create.tsx'
    Imported via '@/components/ui/label' from file 'C:/Users/DION-SERVER/Desktop/codecanyon-FOhzjwS6-erpgo-saas-all-in-one-business-erp-with-project-account-hrm-crm-pos/main-file/packages/dionone/Recruitment/src/Resources/js/Pages/SystemSetup/JobCategories/Edit.tsx'
    Imported via '@/components/ui/label' from file 'C:/Users/DION-SERVER/Desktop/codecanyon-FOhzjwS6-erpgo-saas-all-in-one-business-erp-with-project-account-hrm-crm-pos/main-file/packages/dionone/Recruitment/src/Resources/js/Pages/SystemSetup/JobTypes/Create.tsx'
    Imported via '@/components/ui/label' from file 'C:/Users/DION-SERVER/Desktop/codecanyon-FOhzjwS6-erpgo-saas-all-in-one-business-erp-with-project-account-hrm-crm-pos/main-file/packages/dionone/Recruitment/src/Resources/js/Pages/SystemSetup/JobTypes/Edit.tsx'
    Imported via '@/components/ui/label' from file 'C:/Users/DION-SERVER/Desktop/codecanyon-FOhzjwS6-erpgo-saas-all-in-one-business-erp-with-project-account-hrm-crm-pos/main-file/packages/dionone/Recruitment/src/Resources/js/Pages/SystemSetup/NeedHelp/Index.tsx'
    Imported via '@/components/ui/label' from file 'C:/Users/DION-SERVER/Desktop/codecanyon-FOhzjwS6-erpgo-saas-all-in-one-business-erp-with-project-account-hrm-crm-pos/main-file/packages/dionone/Recruitment/src/Resources/js/Pages/SystemSetup/OnboardingChecklists/Create.tsx'
    Imported via '@/components/ui/label' from file 'C:/Users/DION-SERVER/Desktop/codecanyon-FOhzjwS6-erpgo-saas-all-in-one-business-erp-with-project-account-hrm-crm-pos/main-file/packages/dionone/Recruitment/src/Resources/js/Pages/SystemSetup/OnboardingChecklists/Edit.tsx'
    Imported via '@/components/ui/label' from file 'C:/Users/DION-SERVER/Desktop/codecanyon-FOhzjwS6-erpgo-saas-all-in-one-business-erp-with-project-account-hrm-crm-pos/main-file/packages/dionone/Recruitment/src/Resources/js/Pages/SystemSetup/TrackingFaq/Index.tsx'
    Imported via '@/components/ui/label' from file 'C:/Users/DION-SERVER/Desktop/codecanyon-FOhzjwS6-erpgo-saas-all-in-one-business-erp-with-project-account-hrm-crm-pos/main-file/packages/dionone/Recruitment/src/Resources/js/Pages/SystemSetup/WhatHappensNext/Index.tsx'
    Imported via '@/components/ui/label' from file 'C:/Users/DION-SERVER/Desktop/codecanyon-FOhzjwS6-erpgo-saas-all-in-one-business-erp-with-project-account-hrm-crm-pos/main-file/packages/dionone/Slack/src/Resources/js/settings/components/slack-settings.tsx'
    Imported via '@/components/ui/label' from file 'C:/Users/DION-SERVER/Desktop/codecanyon-FOhzjwS6-erpgo-saas-all-in-one-business-erp-with-project-account-hrm-crm-pos/main-file/packages/dionone/Stripe/src/Resources/js/buttons/buttons.tsx'
    Imported via '@/components/ui/label' from file 'C:/Users/DION-SERVER/Desktop/codecanyon-FOhzjwS6-erpgo-saas-all-in-one-business-erp-with-project-account-hrm-crm-pos/main-file/packages/dionone/Stripe/src/Resources/js/settings/components/stripe-settings.tsx'
    Imported via '@/components/ui/label' from file 'C:/Users/DION-SERVER/Desktop/codecanyon-FOhzjwS6-erpgo-saas-all-in-one-business-erp-with-project-account-hrm-crm-pos/main-file/packages/dionone/SupportTicket/src/Resources/js/Pages/FAQ/Create.tsx'
    Imported via '@/components/ui/label' from file 'C:/Users/DION-SERVER/Desktop/codecanyon-FOhzjwS6-erpgo-saas-all-in-one-business-erp-with-project-account-hrm-crm-pos/main-file/packages/dionone/SupportTicket/src/Resources/js/Pages/FAQ/Edit.tsx'
    Imported via '@/components/ui/label' from file 'C:/Users/DION-SERVER/Desktop/codecanyon-FOhzjwS6-erpgo-saas-all-in-one-business-erp-with-project-account-hrm-crm-pos/main-file/packages/dionone/SupportTicket/src/Resources/js/Pages/FAQ/Import.tsx'
    Imported via '@/components/ui/label' from file 'C:/Users/DION-SERVER/Desktop/codecanyon-FOhzjwS6-erpgo-saas-all-in-one-business-erp-with-project-account-hrm-crm-pos/main-file/packages/dionone/SupportTicket/src/Resources/js/Pages/FAQ/ImportDialog.tsx'
    Imported via "@/components/ui/label" from file 'C:/Users/DION-SERVER/Desktop/codecanyon-FOhzjwS6-erpgo-saas-all-in-one-business-erp-with-project-account-hrm-crm-pos/main-file/packages/dionone/SupportTicket/src/Resources/js/Pages/Frontend/Contact.tsx'
    Imported via "@/components/ui/label" from file 'C:/Users/DION-SERVER/Desktop/codecanyon-FOhzjwS6-erpgo-saas-all-in-one-business-erp-with-project-account-hrm-crm-pos/main-file/packages/dionone/SupportTicket/src/Resources/js/Pages/Frontend/CreateTicket.tsx'
    Imported via "@/components/ui/label" from file 'C:/Users/DION-SERVER/Desktop/codecanyon-FOhzjwS6-erpgo-saas-all-in-one-business-erp-with-project-account-hrm-crm-pos/main-file/packages/dionone/SupportTicket/src/Resources/js/Pages/Frontend/Index.tsx'
    Imported via '@/components/ui/label' from file 'C:/Users/DION-SERVER/Desktop/codecanyon-FOhzjwS6-erpgo-saas-all-in-one-business-erp-with-project-account-hrm-crm-pos/main-file/packages/dionone/SupportTicket/src/Resources/js/Pages/Knowledge/Create.tsx'
    Imported via '@/components/ui/label' from file 'C:/Users/DION-SERVER/Desktop/codecanyon-FOhzjwS6-erpgo-saas-all-in-one-business-erp-with-project-account-hrm-crm-pos/main-file/packages/dionone/SupportTicket/src/Resources/js/Pages/Knowledge/Edit.tsx'
    Imported via '@/components/ui/label' from file 'C:/Users/DION-SERVER/Desktop/codecanyon-FOhzjwS6-erpgo-saas-all-in-one-business-erp-with-project-account-hrm-crm-pos/main-file/packages/dionone/SupportTicket/src/Resources/js/Pages/Knowledge/Import.tsx'
    Imported via '@/components/ui/label' from file 'C:/Users/DION-SERVER/Desktop/codecanyon-FOhzjwS6-erpgo-saas-all-in-one-business-erp-with-project-account-hrm-crm-pos/main-file/packages/dionone/SupportTicket/src/Resources/js/Pages/Knowledge/ImportDialog.tsx'
    Imported via '@/components/ui/label' from file 'C:/Users/DION-SERVER/Desktop/codecanyon-FOhzjwS6-erpgo-saas-all-in-one-business-erp-with-project-account-hrm-crm-pos/main-file/packages/dionone/SupportTicket/src/Resources/js/Pages/SystemSetup/cta-section.tsx'
    Imported via '@/components/ui/label' from file 'C:/Users/DION-SERVER/Desktop/codecanyon-FOhzjwS6-erpgo-saas-all-in-one-business-erp-with-project-account-hrm-crm-pos/main-file/packages/dionone/SupportTicket/src/Resources/js/Pages/SystemSetup/support-information.tsx'
    Imported via '@/components/ui/label' from file 'C:/Users/DION-SERVER/Desktop/codecanyon-FOhzjwS6-erpgo-saas-all-in-one-business-erp-with-project-account-hrm-crm-pos/main-file/packages/dionone/SupportTicket/src/Resources/js/Pages/SystemSetup/title-section.tsx'
    Imported via '@/components/ui/label' from file 'C:/Users/DION-SERVER/Desktop/codecanyon-FOhzjwS6-erpgo-saas-all-in-one-business-erp-with-project-account-hrm-crm-pos/main-file/packages/dionone/SupportTicket/src/Resources/js/Pages/SystemSetup/BrandSettings/Index.tsx'
    Imported via '@/components/ui/label' from file 'C:/Users/DION-SERVER/Desktop/codecanyon-FOhzjwS6-erpgo-saas-all-in-one-business-erp-with-project-account-hrm-crm-pos/main-file/packages/dionone/SupportTicket/src/Resources/js/Pages/SystemSetup/Categories/Create.tsx'
    Imported via '@/components/ui/label' from file 'C:/Users/DION-SERVER/Desktop/codecanyon-FOhzjwS6-erpgo-saas-all-in-one-business-erp-with-project-account-hrm-crm-pos/main-file/packages/dionone/SupportTicket/src/Resources/js/Pages/SystemSetup/Categories/Edit.tsx'
    Imported via "@/components/ui/label" from file 'C:/Users/DION-SERVER/Desktop/codecanyon-FOhzjwS6-erpgo-saas-all-in-one-business-erp-with-project-account-hrm-crm-pos/main-file/packages/dionone/SupportTicket/src/Resources/js/Pages/SystemSetup/ContactInformation/Index.tsx'
    Imported via '@/components/ui/label' from file 'C:/Users/DION-SERVER/Desktop/codecanyon-FOhzjwS6-erpgo-saas-all-in-one-business-erp-with-project-account-hrm-crm-pos/main-file/packages/dionone/SupportTicket/src/Resources/js/Pages/SystemSetup/CustomPages/Create.tsx'
    Imported via '@/components/ui/label' from file 'C:/Users/DION-SERVER/Desktop/codecanyon-FOhzjwS6-erpgo-saas-all-in-one-business-erp-with-project-account-hrm-crm-pos/main-file/packages/dionone/SupportTicket/src/Resources/js/Pages/SystemSetup/CustomPages/Edit.tsx'
    Imported via '@/components/ui/label' from file 'C:/Users/DION-SERVER/Desktop/codecanyon-FOhzjwS6-erpgo-saas-all-in-one-business-erp-with-project-account-hrm-crm-pos/main-file/packages/dionone/SupportTicket/src/Resources/js/Pages/SystemSetup/KnowledgeCategories/Create.tsx'
    Imported via '@/components/ui/label' from file 'C:/Users/DION-SERVER/Desktop/codecanyon-FOhzjwS6-erpgo-saas-all-in-one-business-erp-with-project-account-hrm-crm-pos/main-file/packages/dionone/SupportTicket/src/Resources/js/Pages/SystemSetup/KnowledgeCategories/Edit.tsx'
    Imported via '@/components/ui/label' from file 'C:/Users/DION-SERVER/Desktop/codecanyon-FOhzjwS6-erpgo-saas-all-in-one-business-erp-with-project-account-hrm-crm-pos/main-file/packages/dionone/SupportTicket/src/Resources/js/Pages/SystemSetup/PrivacyPolicy/Index.tsx'
    Imported via '@/components/ui/label' from file 'C:/Users/DION-SERVER/Desktop/codecanyon-FOhzjwS6-erpgo-saas-all-in-one-business-erp-with-project-account-hrm-crm-pos/main-file/packages/dionone/SupportTicket/src/Resources/js/Pages/SystemSetup/QuickLinks/Create.tsx'
    Imported via '@/components/ui/label' from file 'C:/Users/DION-SERVER/Desktop/codecanyon-FOhzjwS6-erpgo-saas-all-in-one-business-erp-with-project-account-hrm-crm-pos/main-file/packages/dionone/SupportTicket/src/Resources/js/Pages/SystemSetup/QuickLinks/Edit.tsx'
    Imported via '@/components/ui/label' from file 'C:/Users/DION-SERVER/Desktop/codecanyon-FOhzjwS6-erpgo-saas-all-in-one-business-erp-with-project-account-hrm-crm-pos/main-file/packages/dionone/SupportTicket/src/Resources/js/Pages/SystemSetup/TermsConditions/Index.tsx'
    Imported via '@/components/ui/label' from file 'C:/Users/DION-SERVER/Desktop/codecanyon-FOhzjwS6-erpgo-saas-all-in-one-business-erp-with-project-account-hrm-crm-pos/main-file/packages/dionone/SupportTicket/src/Resources/js/Pages/Tickets/Create.tsx'
    Imported via '@/components/ui/label' from file 'C:/Users/DION-SERVER/Desktop/codecanyon-FOhzjwS6-erpgo-saas-all-in-one-business-erp-with-project-account-hrm-crm-pos/main-file/packages/dionone/SupportTicket/src/Resources/js/Pages/Tickets/Edit.tsx'
    Imported via '@/components/ui/label' from file 'C:/Users/DION-SERVER/Desktop/codecanyon-FOhzjwS6-erpgo-saas-all-in-one-business-erp-with-project-account-hrm-crm-pos/main-file/packages/dionone/SupportTicket/src/Resources/js/Pages/Tickets/EditReply.tsx'
    Imported via '@/Components/ui/label' from file 'C:/Users/DION-SERVER/Desktop/codecanyon-FOhzjwS6-erpgo-saas-all-in-one-business-erp-with-project-account-hrm-crm-pos/main-file/packages/dionone/SupportTicket/src/Resources/js/faq/Import.tsx'
    Imported via '@/Components/ui/label' from file 'C:/Users/DION-SERVER/Desktop/codecanyon-FOhzjwS6-erpgo-saas-all-in-one-business-erp-with-project-account-hrm-crm-pos/main-file/packages/dionone/SupportTicket/src/Resources/js/knowledge/Import.tsx'
    Imported via '@/components/ui/label' from file 'C:/Users/DION-SERVER/Desktop/codecanyon-FOhzjwS6-erpgo-saas-all-in-one-business-erp-with-project-account-hrm-crm-pos/main-file/packages/dionone/SupportTicket/src/Resources/js/settings/components/support-setting.tsx'
    Imported via "@/components/ui/label" from file 'C:/Users/DION-SERVER/Desktop/codecanyon-FOhzjwS6-erpgo-saas-all-in-one-business-erp-with-project-account-hrm-crm-pos/main-file/packages/dionone/Taskly/src/Resources/js/Pages/Bugs/Create.tsx'
    Imported via "@/components/ui/label" from file 'C:/Users/DION-SERVER/Desktop/codecanyon-FOhzjwS6-erpgo-saas-all-in-one-business-erp-with-project-account-hrm-crm-pos/main-file/packages/dionone/Taskly/src/Resources/js/Pages/Bugs/Edit.tsx'
    Imported via "@/components/ui/label" from file 'C:/Users/DION-SERVER/Desktop/codecanyon-FOhzjwS6-erpgo-saas-all-in-one-business-erp-with-project-account-hrm-crm-pos/main-file/packages/dionone/Taskly/src/Resources/js/Pages/Bugs/View.tsx'
    Imported via '@/components/ui/label' from file 'C:/Users/DION-SERVER/Desktop/codecanyon-FOhzjwS6-erpgo-saas-all-in-one-business-erp-with-project-account-hrm-crm-pos/main-file/packages/dionone/Taskly/src/Resources/js/Pages/Project/Create.tsx'
    Imported via '@/components/ui/label' from file 'C:/Users/DION-SERVER/Desktop/codecanyon-FOhzjwS6-erpgo-saas-all-in-one-business-erp-with-project-account-hrm-crm-pos/main-file/packages/dionone/Taskly/src/Resources/js/Pages/Project/DuplicateModal.tsx'
    Imported via '@/components/ui/label' from file 'C:/Users/DION-SERVER/Desktop/codecanyon-FOhzjwS6-erpgo-saas-all-in-one-business-erp-with-project-account-hrm-crm-pos/main-file/packages/dionone/Taskly/src/Resources/js/Pages/Project/Edit.tsx'
    Imported via '@/components/ui/label' from file 'C:/Users/DION-SERVER/Desktop/codecanyon-FOhzjwS6-erpgo-saas-all-in-one-business-erp-with-project-account-hrm-crm-pos/main-file/packages/dionone/Taskly/src/Resources/js/Pages/Project/View.tsx'
    Imported via "@/components/ui/label" from file 'C:/Users/DION-SERVER/Desktop/codecanyon-FOhzjwS6-erpgo-saas-all-in-one-business-erp-with-project-account-hrm-crm-pos/main-file/packages/dionone/Taskly/src/Resources/js/Pages/SystemSetup/BugStages/Create.tsx'
    Imported via "@/components/ui/label" from file 'C:/Users/DION-SERVER/Desktop/codecanyon-FOhzjwS6-erpgo-saas-all-in-one-business-erp-with-project-account-hrm-crm-pos/main-file/packages/dionone/Taskly/src/Resources/js/Pages/SystemSetup/BugStages/Edit.tsx'
    Imported via "@/components/ui/label" from file 'C:/Users/DION-SERVER/Desktop/codecanyon-FOhzjwS6-erpgo-saas-all-in-one-business-erp-with-project-account-hrm-crm-pos/main-file/packages/dionone/Taskly/src/Resources/js/Pages/SystemSetup/TaskStages/Create.tsx'
    Imported via "@/components/ui/label" from file 'C:/Users/DION-SERVER/Desktop/codecanyon-FOhzjwS6-erpgo-saas-all-in-one-business-erp-with-project-account-hrm-crm-pos/main-file/packages/dionone/Taskly/src/Resources/js/Pages/SystemSetup/TaskStages/Edit.tsx'
    Imported via '@/components/ui/label' from file 'C:/Users/DION-SERVER/Desktop/codecanyon-FOhzjwS6-erpgo-saas-all-in-one-business-erp-with-project-account-hrm-crm-pos/main-file/packages/dionone/Taskly/src/Resources/js/Pages/Tasks/Create.tsx'
    Imported via '@/components/ui/label' from file 'C:/Users/DION-SERVER/Desktop/codecanyon-FOhzjwS6-erpgo-saas-all-in-one-business-erp-with-project-account-hrm-crm-pos/main-file/packages/dionone/Taskly/src/Resources/js/Pages/Tasks/Edit.tsx'
    Imported via "@/components/ui/label" from file 'C:/Users/DION-SERVER/Desktop/codecanyon-FOhzjwS6-erpgo-saas-all-in-one-business-erp-with-project-account-hrm-crm-pos/main-file/packages/dionone/Taskly/src/Resources/js/Pages/Tasks/View.tsx'
    Imported via "@/components/ui/label" from file 'C:/Users/DION-SERVER/Desktop/codecanyon-FOhzjwS6-erpgo-saas-all-in-one-business-erp-with-project-account-hrm-crm-pos/main-file/packages/dionone/Taskly/src/Resources/js/fields/fields.tsx'
    Imported via '@/components/ui/label' from file 'C:/Users/DION-SERVER/Desktop/codecanyon-FOhzjwS6-erpgo-saas-all-in-one-business-erp-with-project-account-hrm-crm-pos/main-file/packages/dionone/Telegram/src/Resources/js/settings/components/telegram-settings.tsx'
    Imported via "@/components/ui/label" from file 'C:/Users/DION-SERVER/Desktop/codecanyon-FOhzjwS6-erpgo-saas-all-in-one-business-erp-with-project-account-hrm-crm-pos/main-file/packages/dionone/Timesheet/src/Resources/js/Pages/Create.tsx'
    Imported via "@/components/ui/label" from file 'C:/Users/DION-SERVER/Desktop/codecanyon-FOhzjwS6-erpgo-saas-all-in-one-business-erp-with-project-account-hrm-crm-pos/main-file/packages/dionone/Timesheet/src/Resources/js/Pages/Edit.tsx'
    Imported via '@/components/ui/label' from file 'C:/Users/DION-SERVER/Desktop/codecanyon-FOhzjwS6-erpgo-saas-all-in-one-business-erp-with-project-account-hrm-crm-pos/main-file/packages/dionone/Training/src/Resources/js/Pages/feedbacks/index.tsx'
    Imported via '@/components/ui/label' from file 'C:/Users/DION-SERVER/Desktop/codecanyon-FOhzjwS6-erpgo-saas-all-in-one-business-erp-with-project-account-hrm-crm-pos/main-file/packages/dionone/Training/src/Resources/js/Pages/tasks/create.tsx'
    Imported via '@/components/ui/label' from file 'C:/Users/DION-SERVER/Desktop/codecanyon-FOhzjwS6-erpgo-saas-all-in-one-business-erp-with-project-account-hrm-crm-pos/main-file/packages/dionone/Training/src/Resources/js/Pages/tasks/edit.tsx'
    Imported via '@/components/ui/label' from file 'C:/Users/DION-SERVER/Desktop/codecanyon-FOhzjwS6-erpgo-saas-all-in-one-business-erp-with-project-account-hrm-crm-pos/main-file/packages/dionone/Training/src/Resources/js/Pages/trainers/create.tsx'
    Imported via '@/components/ui/label' from file 'C:/Users/DION-SERVER/Desktop/codecanyon-FOhzjwS6-erpgo-saas-all-in-one-business-erp-with-project-account-hrm-crm-pos/main-file/packages/dionone/Training/src/Resources/js/Pages/trainers/edit.tsx'
    Imported via '@/components/ui/label' from file 'C:/Users/DION-SERVER/Desktop/codecanyon-FOhzjwS6-erpgo-saas-all-in-one-business-erp-with-project-account-hrm-crm-pos/main-file/packages/dionone/Training/src/Resources/js/Pages/training-types/create.tsx'
    Imported via '@/components/ui/label' from file 'C:/Users/DION-SERVER/Desktop/codecanyon-FOhzjwS6-erpgo-saas-all-in-one-business-erp-with-project-account-hrm-crm-pos/main-file/packages/dionone/Training/src/Resources/js/Pages/training-types/edit.tsx'
    Imported via '@/components/ui/label' from file 'C:/Users/DION-SERVER/Desktop/codecanyon-FOhzjwS6-erpgo-saas-all-in-one-business-erp-with-project-account-hrm-crm-pos/main-file/packages/dionone/Training/src/Resources/js/Pages/trainings/create.tsx'
    Imported via '@/components/ui/label' from file 'C:/Users/DION-SERVER/Desktop/codecanyon-FOhzjwS6-erpgo-saas-all-in-one-business-erp-with-project-account-hrm-crm-pos/main-file/packages/dionone/Training/src/Resources/js/Pages/trainings/edit.tsx'
    Imported via '@/components/ui/label' from file 'C:/Users/DION-SERVER/Desktop/codecanyon-FOhzjwS6-erpgo-saas-all-in-one-business-erp-with-project-account-hrm-crm-pos/main-file/packages/dionone/Twilio/src/Resources/js/settings/components/twilio-settings.tsx'
    Imported via '@/components/ui/label' from file 'C:/Users/DION-SERVER/Desktop/codecanyon-FOhzjwS6-erpgo-saas-all-in-one-business-erp-with-project-account-hrm-crm-pos/main-file/packages/dionone/Webhook/src/Resources/js/settings/components/webhook-settings.tsx'
    Imported via '@/components/ui/label' from file 'C:/Users/DION-SERVER/Desktop/codecanyon-FOhzjwS6-erpgo-saas-all-in-one-business-erp-with-project-account-hrm-crm-pos/main-file/packages/dionone/ZoomMeeting/src/Resources/js/Pages/ZoomMeetings/Create.tsx'
    Imported via '@/components/ui/label' from file 'C:/Users/DION-SERVER/Desktop/codecanyon-FOhzjwS6-erpgo-saas-all-in-one-business-erp-with-project-account-hrm-crm-pos/main-file/packages/dionone/ZoomMeeting/src/Resources/js/Pages/ZoomMeetings/Edit.tsx'
    Imported via '@/components/ui/label' from file 'C:/Users/DION-SERVER/Desktop/codecanyon-FOhzjwS6-erpgo-saas-all-in-one-business-erp-with-project-account-hrm-crm-pos/main-file/packages/dionone/ZoomMeeting/src/Resources/js/settings/components/zoom-meeting-settings.tsx'
packages/dionone/SupportTicket/src/Resources/js/menus/company-menu.ts(4,14): error TS2300: Duplicate identifier 'route'.
packages/dionone/SupportTicket/src/Resources/js/Pages/Contact/Index.tsx(187,33): error TS2322: Type '{ routeName: string; filters: { search: string; }; currentPerPage: string; onPerPageChange: (newPerPage: string) => void; }' is not assignable to type 'IntrinsicAttributes & PerPageSelectorProps'.
  Property 'currentPerPage' does not exist on type 'IntrinsicAttributes & PerPageSelectorProps'.
packages/dionone/SupportTicket/src/Resources/js/Pages/Contact/Index.tsx(218,25): error TS2740: Type '{ data: Contact[]; links: any[]; meta: any; }' is missing the following properties from type '{ current_page: number; last_page: number; per_page: number; total: number; from: number; to: number; }': current_page, last_page, per_page, total, and 2 more.
packages/dionone/SupportTicket/src/Resources/js/Pages/FAQ/Create.tsx(53,13): error TS2322: Type '{ value: string; onChange: (value: string) => void; placeholder: string; }' is not assignable to type 'IntrinsicAttributes & RichTextEditorProps'.
  Property 'value' does not exist on type 'IntrinsicAttributes & RichTextEditorProps'.
packages/dionone/SupportTicket/src/Resources/js/Pages/FAQ/Import.tsx(139,40): error TS2353: Object literal may only specify known properties, and 'href' does not exist in type '{ label: string; url?: string | undefined; }'.
packages/dionone/SupportTicket/src/Resources/js/Pages/FAQ/Import.tsx(140,28): error TS2353: Object literal may only specify known properties, and 'href' does not exist in type '{ label: string; url?: string | undefined; }'.
packages/dionone/SupportTicket/src/Resources/js/Pages/FAQ/Index.tsx(216,17): error TS2322: Type '{ routeName: string; filters: { search: string; }; currentPerPage: string; onPerPageChange: (newPerPage: string) => void; }' is not assignable to type 'IntrinsicAttributes & PerPageSelectorProps'.
  Property 'currentPerPage' does not exist on type 'IntrinsicAttributes & PerPageSelectorProps'.
packages/dionone/SupportTicket/src/Resources/js/Pages/FAQ/Index.tsx(250,13): error TS2740: Type '{ data: FAQ[]; links: any; meta: any; }' is missing the following properties from type '{ current_page: number; last_page: number; per_page: number; total: number; from: number; to: number; }': current_page, last_page, per_page, total, and 2 more.
packages/dionone/SupportTicket/src/Resources/js/Pages/Frontend/Contact.tsx(88,36): error TS2345: Argument of type 'File[]' is not assignable to parameter of type 'never[]'.
  Type 'File' is not assignable to type 'never'.
packages/dionone/SupportTicket/src/Resources/js/Pages/Frontend/CreateTicket.tsx(136,21): error TS2345: Argument of type '"attachments"' is not assignable to parameter of type '"name" | "category" | "status" | "email" | "description" | "fields" | "subject" | "account_type"'.
packages/dionone/SupportTicket/src/Resources/js/Pages/Frontend/CreateTicket.tsx(141,28): error TS2339: Property 'attachments' does not exist on type '{ name: string; email: string; category: string; subject: string; status: string; description: string; account_type: string; fields: Record<string, any>; }'.
packages/dionone/SupportTicket/src/Resources/js/Pages/Frontend/CreateTicket.tsx(285,101): error TS2339: Property 'order' does not exist on type 'Field'.
packages/dionone/SupportTicket/src/Resources/js/Pages/Frontend/CreateTicket.tsx(285,111): error TS2339: Property 'order' does not exist on type 'Field'.
packages/dionone/SupportTicket/src/Resources/js/Pages/Frontend/CreateTicket.tsx(292,45): error TS2367: This comparison appears to be unintentional because the types 'string' and 'number' have no overlap.
packages/dionone/SupportTicket/src/Resources/js/Pages/Frontend/CreateTicket.tsx(309,45): error TS2367: This comparison appears to be unintentional because the types 'string' and 'number' have no overlap.
packages/dionone/SupportTicket/src/Resources/js/Pages/Frontend/CreateTicket.tsx(327,45): error TS2367: This comparison appears to be unintentional because the types 'string' and 'number' have no overlap.
packages/dionone/SupportTicket/src/Resources/js/Pages/Frontend/CreateTicket.tsx(348,45): error TS2367: This comparison appears to be unintentional because the types 'string' and 'number' have no overlap.
packages/dionone/SupportTicket/src/Resources/js/Pages/Frontend/CreateTicket.tsx(381,45): error TS2367: This comparison appears to be unintentional because the types 'string' and 'number' have no overlap.
packages/dionone/SupportTicket/src/Resources/js/Pages/Frontend/CreateTicket.tsx(386,57): error TS2322: Type '{ value: string; onChange: (value: string) => void; placeholder: string; }' is not assignable to type 'IntrinsicAttributes & RichTextEditorProps'.
  Property 'value' does not exist on type 'IntrinsicAttributes & RichTextEditorProps'.
packages/dionone/SupportTicket/src/Resources/js/Pages/Frontend/CreateTicket.tsx(395,45): error TS2367: This comparison appears to be unintentional because the types 'string' and 'number' have no overlap.
packages/dionone/SupportTicket/src/Resources/js/Pages/Frontend/CreateTicket.tsx(429,61): error TS2339: Property 'attachments' does not exist on type 'Partial<Record<"name" | "category" | "status" | "email" | "description" | "fields" | "subject" | "account_type", string>>'.
packages/dionone/SupportTicket/src/Resources/js/Pages/Frontend/CreateTicket.tsx(429,125): error TS2339: Property 'attachments' does not exist on type 'Partial<Record<"name" | "category" | "status" | "email" | "description" | "fields" | "subject" | "account_type", string>>'.
packages/dionone/SupportTicket/src/Resources/js/Pages/Frontend/CreateTicket.tsx(435,45): error TS2365: Operator '>' cannot be applied to types 'string' and 'number'.
packages/dionone/SupportTicket/src/Resources/js/Pages/Frontend/CreateTicket.tsx(508,61): error TS2322: Type '{ value: any; onChange: (value: string) => void; placeholder: string; }' is not assignable to type 'IntrinsicAttributes & RichTextEditorProps'.
  Property 'value' does not exist on type 'IntrinsicAttributes & RichTextEditorProps'.
packages/dionone/SupportTicket/src/Resources/js/Pages/Frontend/CreateTicket.tsx(577,53): error TS2322: Type '{ value: string; onChange: (value: string) => void; placeholder: string; }' is not assignable to type 'IntrinsicAttributes & RichTextEditorProps'.
  Property 'value' does not exist on type 'IntrinsicAttributes & RichTextEditorProps'.
packages/dionone/SupportTicket/src/Resources/js/Pages/Frontend/Index.tsx(40,46): error TS2344: Type 'IndexProps' does not satisfy the constraint 'PageProps'.
  Index signature for type 'string' is missing in type 'IndexProps'.
packages/dionone/SupportTicket/src/Resources/js/Pages/Frontend/Index.tsx(228,89): error TS2345: Argument of type 'string | string[]' is not assignable to parameter of type 'never[]'.
  Type 'string' is not assignable to type 'never[]'.
packages/dionone/SupportTicket/src/Resources/js/Pages/Frontend/Index.tsx(231,45): error TS2322: Type '{ value: never[]; onChange: (files: string | string[]) => void; placeholder: string; multiple: true; className: string; }' is not assignable to type 'IntrinsicAttributes & MediaPickerProps'.
  Property 'className' does not exist on type 'IntrinsicAttributes & MediaPickerProps'.
packages/dionone/SupportTicket/src/Resources/js/Pages/Frontend/Index.tsx(241,41): error TS2322: Type '{ value: string; onChange: (value: string) => void; placeholder: string; }' is not assignable to type 'IntrinsicAttributes & RichTextEditorProps'.
  Property 'value' does not exist on type 'IntrinsicAttributes & RichTextEditorProps'.
packages/dionone/SupportTicket/src/Resources/js/Pages/Frontend/Layouts/SupportTicketLayout.tsx(68,78): error TS2344: Type 'PageProps' does not satisfy the constraint 'import("C:/Users/DION-SERVER/Desktop/codecanyon-FOhzjwS6-erpgo-saas-all-in-one-business-erp-with-project-account-hrm-crm-pos/main-file/node_modules/@inertiajs/core/types/types").PageProps'.
  Index signature for type 'string' is missing in type 'PageProps'.
packages/dionone/SupportTicket/src/Resources/js/Pages/Knowledge/Create.tsx(77,15): error TS2322: Type '{ value: string; onChange: (value: string) => void; placeholder: string; }' is not assignable to type 'IntrinsicAttributes & RichTextEditorProps'.
  Property 'value' does not exist on type 'IntrinsicAttributes & RichTextEditorProps'.
packages/dionone/SupportTicket/src/Resources/js/Pages/Knowledge/Import.tsx(140,40): error TS2353: Object literal may only specify known properties, and 'href' does not exist in type '{ label: string; url?: string | undefined; }'.
packages/dionone/SupportTicket/src/Resources/js/Pages/Knowledge/Import.tsx(141,39): error TS2353: Object literal may only specify known properties, and 'href' does not exist in type '{ label: string; url?: string | undefined; }'.
packages/dionone/SupportTicket/src/Resources/js/Pages/Knowledge/Index.tsx(248,17): error TS2322: Type '{ routeName: string; filters: { search: string; category: string; }; currentPerPage: string; onPerPageChange: (newPerPage: string) => void; }' is not assignable to type 'IntrinsicAttributes & PerPageSelectorProps'.
  Property 'currentPerPage' does not exist on type 'IntrinsicAttributes & PerPageSelectorProps'.
packages/dionone/SupportTicket/src/Resources/js/Pages/Knowledge/Index.tsx(323,13): error TS2740: Type '{ data: Knowledge[]; links: any; meta: any; }' is missing the following properties from type '{ current_page: number; last_page: number; per_page: number; total: number; from: number; to: number; }': current_page, last_page, per_page, total, and 2 more.
packages/dionone/SupportTicket/src/Resources/js/Pages/Show.tsx(111,9): error TS2304: Cannot find name 'setActiveToolbar'.
packages/dionone/SupportTicket/src/Resources/js/Pages/Show.tsx(111,26): error TS7006: Parameter 'prev' implicitly has an 'any' type.
packages/dionone/SupportTicket/src/Resources/js/Pages/Show.tsx(113,31): error TS7006: Parameter 't' implicitly has an 'any' type.
packages/dionone/SupportTicket/src/Resources/js/Pages/SystemSetup/BrandSettings/Index.tsx(27,40): error TS2344: Type 'SettingsProps' does not satisfy the constraint 'PageProps'.
  Index signature for type 'string' is missing in type 'SettingsProps'.
packages/dionone/SupportTicket/src/Resources/js/Pages/SystemSetup/Categories/Index.tsx(44,42): error TS2344: Type 'CategoriesIndexProps' does not satisfy the constraint 'PageProps'.
  Index signature for type 'string' is missing in type 'CategoriesIndexProps'.
packages/dionone/SupportTicket/src/Resources/js/Pages/SystemSetup/Categories/Index.tsx(56,9): error TS2353: Object literal may only specify known properties, and 'preserveScroll' does not exist in type 'UseDeleteHandlerOptions'.
packages/dionone/SupportTicket/src/Resources/js/Pages/SystemSetup/cta-section.tsx(89,77): error TS2551: Property 'knowledge_base.title' does not exist on type 'Partial<Record<keyof CtaSectionData, string>>'. Did you mean 'knowledge_base'?
packages/dionone/SupportTicket/src/Resources/js/Pages/SystemSetup/cta-section.tsx(101,70): error TS7053: Element implicitly has an 'any' type because expression of type '"knowledge_base.description"' can't be used to index type 'Partial<Record<keyof CtaSectionData, string>>'.
  Property 'knowledge_base.description' does not exist on type 'Partial<Record<keyof CtaSectionData, string>>'.
packages/dionone/SupportTicket/src/Resources/js/Pages/SystemSetup/cta-section.tsx(120,70): error TS7053: Element implicitly has an 'any' type because expression of type '"faq.title"' can't be used to index type 'Partial<Record<keyof CtaSectionData, string>>'.
  Property 'faq.title' does not exist on type 'Partial<Record<keyof CtaSectionData, string>>'.
packages/dionone/SupportTicket/src/Resources/js/Pages/SystemSetup/cta-section.tsx(132,70): error TS7053: Element implicitly has an 'any' type because expression of type '"faq.description"' can't be used to index type 'Partial<Record<keyof CtaSectionData, string>>'.
  Property 'faq.description' does not exist on type 'Partial<Record<keyof CtaSectionData, string>>'.
packages/dionone/SupportTicket/src/Resources/js/Pages/SystemSetup/CustomPages/Create.tsx(77,25): error TS2322: Type '{ content: string; onChange: (content: string) => void; placeholder: string; className: string; required: true; }' is not assignable to type 'IntrinsicAttributes & RichTextEditorProps'.
  Property 'required' does not exist on type 'IntrinsicAttributes & RichTextEditorProps'.
packages/dionone/SupportTicket/src/Resources/js/Pages/SystemSetup/CustomPages/Edit.tsx(92,25): error TS2322: Type '{ content: string; onChange: (content: string) => void; placeholder: string; className: string; required: true; }' is not assignable to type 'IntrinsicAttributes & RichTextEditorProps'.
  Property 'required' does not exist on type 'IntrinsicAttributes & RichTextEditorProps'.
packages/dionone/SupportTicket/src/Resources/js/Pages/SystemSetup/CustomPages/Index.tsx(40,59): error TS2344: Type 'CustomPagesProps' does not satisfy the constraint 'PageProps'.
  Index signature for type 'string' is missing in type 'CustomPagesProps'.
packages/dionone/SupportTicket/src/Resources/js/Pages/SystemSetup/CustomPages/Index.tsx(219,29): error TS2741: Property 'contents' is missing in type 'CustomPage' but required in type 'CustomPage'.
packages/dionone/SupportTicket/src/Resources/js/Pages/SystemSetup/KnowledgeCategories/Index.tsx(43,47): error TS2344: Type 'CategoriesIndexProps' does not satisfy the constraint 'PageProps'.
  Index signature for type 'string' is missing in type 'CategoriesIndexProps'.
packages/dionone/SupportTicket/src/Resources/js/Pages/SystemSetup/PrivacyPolicy/Index.tsx(23,34): error TS2344: Type 'SettingsProps' does not satisfy the constraint 'PageProps'.
  Index signature for type 'string' is missing in type 'SettingsProps'.
packages/dionone/SupportTicket/src/Resources/js/Pages/SystemSetup/QuickLinks/Index.tsx(39,42): error TS2344: Type 'QuickLinksProps' does not satisfy the constraint 'PageProps'.
  Index signature for type 'string' is missing in type 'QuickLinksProps'.
packages/dionone/SupportTicket/src/Resources/js/Pages/SystemSetup/TermsConditions/Index.tsx(23,34): error TS2344: Type 'SettingsProps' does not satisfy the constraint 'PageProps'.
  Index signature for type 'string' is missing in type 'SettingsProps'.
packages/dionone/SupportTicket/src/Resources/js/Pages/SystemSetup/title-section.tsx(104,77): error TS2551: Property 'create_ticket.title' does not exist on type 'Partial<Record<keyof TitleSectionData, string>>'. Did you mean 'create_ticket'?
packages/dionone/SupportTicket/src/Resources/js/Pages/SystemSetup/title-section.tsx(116,70): error TS7053: Element implicitly has an 'any' type because expression of type '"create_ticket.description"' can't be used to index type 'Partial<Record<keyof TitleSectionData, string>>'.
  Property 'create_ticket.description' does not exist on type 'Partial<Record<keyof TitleSectionData, string>>'.
packages/dionone/SupportTicket/src/Resources/js/Pages/SystemSetup/title-section.tsx(135,77): error TS2551: Property 'search_ticket.title' does not exist on type 'Partial<Record<keyof TitleSectionData, string>>'. Did you mean 'search_ticket'?
packages/dionone/SupportTicket/src/Resources/js/Pages/SystemSetup/title-section.tsx(147,70): error TS7053: Element implicitly has an 'any' type because expression of type '"search_ticket.description"' can't be used to index type 'Partial<Record<keyof TitleSectionData, string>>'.
  Property 'search_ticket.description' does not exist on type 'Partial<Record<keyof TitleSectionData, string>>'.
packages/dionone/SupportTicket/src/Resources/js/Pages/SystemSetup/title-section.tsx(169,77): error TS2551: Property 'knowledge_base.title' does not exist on type 'Partial<Record<keyof TitleSectionData, string>>'. Did you mean 'knowledge_base'?
packages/dionone/SupportTicket/src/Resources/js/Pages/SystemSetup/title-section.tsx(181,70): error TS7053: Element implicitly has an 'any' type because expression of type '"knowledge_base.description"' can't be used to index type 'Partial<Record<keyof TitleSectionData, string>>'.
  Property 'knowledge_base.description' does not exist on type 'Partial<Record<keyof TitleSectionData, string>>'.
packages/dionone/SupportTicket/src/Resources/js/Pages/SystemSetup/title-section.tsx(201,70): error TS7053: Element implicitly has an 'any' type because expression of type '"faq.title"' can't be used to index type 'Partial<Record<keyof TitleSectionData, string>>'.
  Property 'faq.title' does not exist on type 'Partial<Record<keyof TitleSectionData, string>>'.
packages/dionone/SupportTicket/src/Resources/js/Pages/SystemSetup/title-section.tsx(213,70): error TS7053: Element implicitly has an 'any' type because expression of type '"faq.description"' can't be used to index type 'Partial<Record<keyof TitleSectionData, string>>'.
  Property 'faq.description' does not exist on type 'Partial<Record<keyof TitleSectionData, string>>'.
packages/dionone/SupportTicket/src/Resources/js/Pages/SystemSetup/title-section.tsx(235,70): error TS7053: Element implicitly has an 'any' type because expression of type '"contact.title"' can't be used to index type 'Partial<Record<keyof TitleSectionData, string>>'.
  Property 'contact.title' does not exist on type 'Partial<Record<keyof TitleSectionData, string>>'.
packages/dionone/SupportTicket/src/Resources/js/Pages/SystemSetup/title-section.tsx(247,70): error TS7053: Element implicitly has an 'any' type because expression of type '"contact.description"' can't be used to index type 'Partial<Record<keyof TitleSectionData, string>>'.
  Property 'contact.description' does not exist on type 'Partial<Record<keyof TitleSectionData, string>>'.
packages/dionone/SupportTicket/src/Resources/js/Pages/Tickets/Create.tsx(146,45): error TS2339: Property 'order' does not exist on type 'Field'.
packages/dionone/SupportTicket/src/Resources/js/Pages/Tickets/Create.tsx(146,55): error TS2339: Property 'order' does not exist on type 'Field'.
packages/dionone/SupportTicket/src/Resources/js/Pages/Tickets/Create.tsx(153,23): error TS2367: This comparison appears to be unintentional because the types 'string' and 'number' have no overlap.
packages/dionone/SupportTicket/src/Resources/js/Pages/Tickets/Create.tsx(202,23): error TS2367: This comparison appears to be unintentional because the types 'string' and 'number' have no overlap.
packages/dionone/SupportTicket/src/Resources/js/Pages/Tickets/Create.tsx(221,23): error TS2367: This comparison appears to be unintentional because the types 'string' and 'number' have no overlap.
packages/dionone/SupportTicket/src/Resources/js/Pages/Tickets/Create.tsx(242,23): error TS2367: This comparison appears to be unintentional because the types 'string' and 'number' have no overlap.
packages/dionone/SupportTicket/src/Resources/js/Pages/Tickets/Create.tsx(276,23): error TS2367: This comparison appears to be unintentional because the types 'string' and 'number' have no overlap.
packages/dionone/SupportTicket/src/Resources/js/Pages/Tickets/Create.tsx(281,27): error TS2322: Type '{ value: string; onChange: (value: string) => void; placeholder: string; rows: number; className: string; }' is not assignable to type 'IntrinsicAttributes & RichTextEditorProps'.
  Property 'value' does not exist on type 'IntrinsicAttributes & RichTextEditorProps'.
packages/dionone/SupportTicket/src/Resources/js/Pages/Tickets/Create.tsx(292,23): error TS2367: This comparison appears to be unintentional because the types 'string' and 'number' have no overlap.
packages/dionone/SupportTicket/src/Resources/js/Pages/Tickets/Create.tsx(302,27): error TS2322: Type '{ value: string[]; onChange: (files: string | string[]) => void; placeholder: string; multiple: true; showPreview: false; className: string; }' is not assignable to type 'IntrinsicAttributes & MediaPickerProps'.
  Property 'className' does not exist on type 'IntrinsicAttributes & MediaPickerProps'.
packages/dionone/SupportTicket/src/Resources/js/Pages/Tickets/Create.tsx(310,23): error TS2365: Operator '>' cannot be applied to types 'string' and 'number'.
packages/dionone/SupportTicket/src/Resources/js/Pages/Tickets/Edit.tsx(40,67): error TS2344: Type 'EditTicketProps' does not satisfy the constraint 'PageProps'.
  Index signature for type 'string' is missing in type 'EditTicketProps'.
packages/dionone/SupportTicket/src/Resources/js/Pages/Tickets/Edit.tsx(98,21): error TS2339: Property 'email' does not exist on type '{ id: number; name: string; }'.
packages/dionone/SupportTicket/src/Resources/js/Pages/Tickets/EditReply.tsx(281,85): error TS2339: Property 'order' does not exist on type 'Field'.
packages/dionone/SupportTicket/src/Resources/js/Pages/Tickets/EditReply.tsx(281,95): error TS2339: Property 'order' does not exist on type 'Field'.
packages/dionone/SupportTicket/src/Resources/js/Pages/Tickets/EditReply.tsx(282,27): error TS2367: This comparison appears to be unintentional because the types 'string' and 'number' have no overlap.
packages/dionone/SupportTicket/src/Resources/js/Pages/Tickets/EditReply.tsx(314,27): error TS2367: This comparison appears to be unintentional because the types 'string' and 'number' have no overlap.
packages/dionone/SupportTicket/src/Resources/js/Pages/Tickets/EditReply.tsx(329,27): error TS2367: This comparison appears to be unintentional because the types 'string' and 'number' have no overlap.
packages/dionone/SupportTicket/src/Resources/js/Pages/Tickets/EditReply.tsx(349,27): error TS2367: This comparison appears to be unintentional because the types 'string' and 'number' have no overlap.
packages/dionone/SupportTicket/src/Resources/js/Pages/Tickets/EditReply.tsx(380,27): error TS2367: This comparison appears to be unintentional because the types 'string' and 'number' have no overlap.
packages/dionone/SupportTicket/src/Resources/js/Pages/Tickets/EditReply.tsx(393,27): error TS2365: Operator '>' cannot be applied to types 'string' and 'number'.
packages/dionone/SupportTicket/src/Resources/js/Pages/Tickets/Index.tsx(69,37): error TS2344: Type 'TicketsIndexProps' does not satisfy the constraint 'PageProps'.
  Index signature for type 'string' is missing in type 'TicketsIndexProps'.
packages/dionone/SupportTicket/src/Resources/js/Pages/Tickets/Index.tsx(325,17): error TS2322: Type '{ routeName: string; filters: { view: "list" | "grid"; search: string; status: string; }; currentPerPage: string; onPerPageChange: (newPerPage: string) => void; }' is not assignable to type 'IntrinsicAttributes & PerPageSelectorProps'.
  Property 'currentPerPage' does not exist on type 'IntrinsicAttributes & PerPageSelectorProps'.
packages/dionone/SupportTicket/src/Resources/js/Pages/Tickets/Index.tsx(519,13): error TS2740: Type '{ data: Ticket[]; links: any[]; meta: any; }' is missing the following properties from type '{ current_page: number; last_page: number; per_page: number; total: number; from: number; to: number; }': current_page, last_page, per_page, total, and 2 more.
packages/dionone/SupportTicket/src/Resources/js/settings/components/support-setting.tsx(79,56): error TS7006: Parameter 'a' implicitly has an 'any' type.
packages/dionone/SupportTicket/src/Resources/js/settings/components/support-setting.tsx(79,59): error TS7006: Parameter 'b' implicitly has an 'any' type.
packages/dionone/SupportTicket/src/Resources/js/settings/components/support-setting.tsx(147,7): error TS2322: Type '{ fields: TicketField[]; faq_is_on: boolean; knowledge_base_is_on: boolean; }' is not assignable to type 'FormDataConvertible'.
  Types of property 'fields' are incompatible.
    Type 'TicketField[]' is not assignable to type 'FormDataConvertible'.
      Type 'TicketField[]' is not assignable to type 'FormDataConvertible[]'.
        Type 'TicketField' is not assignable to type 'FormDataConvertible'.
          Type 'TicketField' is not assignable to type '{ [key: string]: FormDataConvertible; }'.
            Index signature for type 'string' is missing in type 'TicketField'.
packages/dionone/SupportTicket/src/Resources/js/settings/components/support-setting.tsx(298,27): error TS2322: Type 'boolean | 0 | undefined' is not assignable to type 'boolean | undefined'.
  Type '0' is not assignable to type 'boolean | undefined'.
packages/dionone/Taskly/src/Resources/js/fields/fields.tsx(82,58): error TS2339: Property 'id' does not exist on type 'never'.
packages/dionone/Taskly/src/Resources/js/fields/fields.tsx(82,77): error TS2339: Property 'id' does not exist on type 'never'.
packages/dionone/Taskly/src/Resources/js/fields/fields.tsx(83,76): error TS2339: Property 'name' does not exist on type 'never'.
packages/dionone/Taskly/src/Resources/js/fields/fields.tsx(113,55): error TS2339: Property 'id' does not exist on type 'never'.
packages/dionone/Taskly/src/Resources/js/fields/fields.tsx(113,71): error TS2339: Property 'id' does not exist on type 'never'.
packages/dionone/Taskly/src/Resources/js/fields/fields.tsx(114,73): error TS2339: Property 'title' does not exist on type 'never'.
packages/dionone/Taskly/src/Resources/js/menus/company-menu.ts(4,14): error TS2300: Duplicate identifier 'route'.
packages/dionone/Taskly/src/Resources/js/Pages/Bugs/Create.tsx(99,62): error TS2339: Property 'toString' does not exist on type 'never'.
packages/dionone/Taskly/src/Resources/js/Pages/Bugs/Create.tsx(100,74): error TS2345: Argument of type 'number[]' is not assignable to parameter of type 'never[]'.
  Type 'number' is not assignable to type 'never'.
packages/dionone/Taskly/src/Resources/js/Pages/Bugs/Edit.tsx(54,50): error TS7006: Parameter 'id' implicitly has an 'any' type.
packages/dionone/Taskly/src/Resources/js/Pages/Bugs/Edit.tsx(143,62): error TS2339: Property 'toString' does not exist on type 'never'.
packages/dionone/Taskly/src/Resources/js/Pages/Bugs/Edit.tsx(144,69): error TS2322: Type 'number[]' is not assignable to type 'never[]'.
  Type 'number' is not assignable to type 'never'.
packages/dionone/Taskly/src/Resources/js/Pages/Bugs/Edit.tsx(153,106): error TS2322: Type 'number' is not assignable to type 'string'.
packages/dionone/Taskly/src/Resources/js/Pages/Bugs/Index.tsx(34,69): error TS2344: Type 'ProjectBugsIndexProps' does not satisfy the constraint 'PageProps'.
  Index signature for type 'string' is missing in type 'ProjectBugsIndexProps'.
packages/dionone/Taskly/src/Resources/js/Pages/Bugs/Index.tsx(40,9): error TS2353: Object literal may only specify known properties, and 'date_range' does not exist in type 'ProjectBugFilters | (() => ProjectBugFilters)'.
packages/dionone/Taskly/src/Resources/js/Pages/Bugs/Index.tsx(146,29): error TS2339: Property 'project_id' does not exist on type '{ per_page: string; sort: string; direction: string; view: "list" | "grid"; title: string; priority: string; user_id: string; }'.
packages/dionone/Taskly/src/Resources/js/Pages/Bugs/Index.tsx(158,29): error TS2339: Property 'project_id' does not exist on type '{ per_page: string; sort: string; direction: string; view: "list" | "grid"; title: string; priority: string; user_id: string; }'.
packages/dionone/Taskly/src/Resources/js/Pages/Bugs/Index.tsx(166,47): error TS2353: Object literal may only specify known properties, and 'date_range' does not exist in type 'SetStateAction<ProjectBugFilters>'.
packages/dionone/Taskly/src/Resources/js/Pages/Bugs/Index.tsx(168,29): error TS2339: Property 'project_id' does not exist on type '{ per_page: string; view: "list" | "grid"; }'.
packages/dionone/Taskly/src/Resources/js/Pages/Bugs/Index.tsx(398,86): error TS2339: Property 'date_range' does not exist on type 'ProjectBugFilters'.
packages/dionone/Taskly/src/Resources/js/Pages/Bugs/Index.tsx(429,52): error TS2339: Property 'date_range' does not exist on type 'ProjectBugFilters'.
packages/dionone/Taskly/src/Resources/js/Pages/Bugs/Index.tsx(430,82): error TS2353: Object literal may only specify known properties, and 'date_range' does not exist in type 'SetStateAction<ProjectBugFilters>'.
packages/dionone/Taskly/src/Resources/js/Pages/Bugs/Index.tsx(478,105): error TS2339: Property 'date_range' does not exist on type 'ProjectBugFilters'.
packages/dionone/Taskly/src/Resources/js/Pages/Bugs/Index.tsx(627,97): error TS2339: Property 'date_range' does not exist on type 'ProjectBugFilters'.
packages/dionone/Taskly/src/Resources/js/Pages/Bugs/Index.tsx(651,25): error TS2322: Type '{ id: number; name: string; teamMembers: { id: number; name: string; avatar?: string | undefined; }[]; } | undefined' is not assignable to type '{ id: number; name: string; }'.
  Type 'undefined' is not assignable to type '{ id: number; name: string; }'.
packages/dionone/Taskly/src/Resources/js/Pages/Bugs/Index.tsx(663,25): error TS2322: Type '{ onSuccess: () => void; bug: { id: number; }; project: { id: number; name: string; teamMembers: { id: number; name: string; avatar?: string | undefined; }[]; } | undefined; teamMembers: { id: number; name: string; avatar?: string | undefined; }[]; bugStages: { ...; }[]; }' is not assignable to type 'IntrinsicAttributes & EditBugProps'.
  Property 'project' does not exist on type 'IntrinsicAttributes & EditBugProps'.
packages/dionone/Taskly/src/Resources/js/Pages/Bugs/Index.tsx(671,25): error TS2322: Type '{ bug: { id: number; }; auth: { user: { permissions: string[]; }; }; }' is not assignable to type 'IntrinsicAttributes & ViewBugProps'.
  Property 'auth' does not exist on type 'IntrinsicAttributes & ViewBugProps'.
packages/dionone/Taskly/src/Resources/js/Pages/Bugs/Kanban.tsx(52,77): error TS2344: Type 'BugKanbanProps' does not satisfy the constraint 'PageProps'.
  Index signature for type 'string' is missing in type 'BugKanbanProps'.
packages/dionone/Taskly/src/Resources/js/Pages/Bugs/Kanban.tsx(147,33): error TS2367: This comparison appears to be unintentional because the types '"medium" | "low" | "high" | "urgent"' and '"Low"' have no overlap.
packages/dionone/Taskly/src/Resources/js/Pages/Bugs/Kanban.tsx(148,33): error TS2367: This comparison appears to be unintentional because the types '"medium" | "low" | "high" | "urgent"' and '"Medium"' have no overlap.
packages/dionone/Taskly/src/Resources/js/Pages/Bugs/Kanban.tsx(149,33): error TS2367: This comparison appears to be unintentional because the types '"medium" | "low" | "high" | "urgent"' and '"High"' have no overlap.
packages/dionone/Taskly/src/Resources/js/Pages/Bugs/Kanban.tsx(167,55): error TS2345: Argument of type '{ id: number; }' is not assignable to parameter of type 'KanbanTask'.
  Property 'title' is missing in type '{ id: number; }' but required in type 'KanbanTask'.
packages/dionone/Taskly/src/Resources/js/Pages/Bugs/Kanban.tsx(175,59): error TS2345: Argument of type '{ id: number; }' is not assignable to parameter of type 'KanbanTask'.
  Property 'title' is missing in type '{ id: number; }' but required in type 'KanbanTask'.
packages/dionone/Taskly/src/Resources/js/Pages/Bugs/Kanban.tsx(349,25): error TS2322: Type '{ onSuccess: () => void; bug: { id: number; }; project: Project; teamMembers: { id: number; name: string; }[]; bugStages: { id: number; name: string; color: string; }[]; }' is not assignable to type 'IntrinsicAttributes & EditBugProps'.
  Property 'project' does not exist on type 'IntrinsicAttributes & EditBugProps'.
packages/dionone/Taskly/src/Resources/js/Pages/Bugs/Kanban.tsx(357,25): error TS2322: Type '{ bug: { id: number; }; project: Project; teamMembers: { id: number; name: string; }[]; bugStages: { id: number; name: string; color: string; }[]; }' is not assignable to type 'IntrinsicAttributes & ViewBugProps'.
  Property 'project' does not exist on type 'IntrinsicAttributes & ViewBugProps'.
packages/dionone/Taskly/src/Resources/js/Pages/Bugs/View.tsx(160,40): error TS2322: Type 'number' is not assignable to type 'null'.
packages/dionone/Taskly/src/Resources/js/Pages/Bugs/View.tsx(258,34): error TS2304: Cannot find name 'auth'.
packages/dionone/Taskly/src/Resources/js/Pages/Dashboard/ClientDashboard.tsx(53,77): error TS2344: Type 'ClientDashboardProps' does not satisfy the constraint 'PageProps'.
  Index signature for type 'string' is missing in type 'ClientDashboardProps'.
packages/dionone/Taskly/src/Resources/js/Pages/Dashboard/ClientDashboard.tsx(156,53): error TS2322: Type '{ children: string; size: string; className: string; }' is not assignable to type 'IntrinsicAttributes & BadgeProps'.
  Property 'size' does not exist on type 'IntrinsicAttributes & BadgeProps'.
packages/dionone/Taskly/src/Resources/js/Pages/Dashboard/ClientDashboard.tsx(196,53): error TS2322: Type '{ children: string; size: string; className: string; }' is not assignable to type 'IntrinsicAttributes & BadgeProps'.
  Property 'size' does not exist on type 'IntrinsicAttributes & BadgeProps'.
packages/dionone/Taskly/src/Resources/js/Pages/Dashboard/ClientDashboard.tsx(238,56): error TS2322: Type '{ children: string; size: string; className: string; }' is not assignable to type 'IntrinsicAttributes & BadgeProps'.
  Property 'size' does not exist on type 'IntrinsicAttributes & BadgeProps'.
packages/dionone/Taskly/src/Resources/js/Pages/Dashboard/ClientDashboard.tsx(245,53): error TS2322: Type '{ children: string; size: string; variant: "secondary"; style: { backgroundColor: string; color: "#fff"; } | {}; }' is not assignable to type 'IntrinsicAttributes & BadgeProps'.
  Property 'size' does not exist on type 'IntrinsicAttributes & BadgeProps'.
packages/dionone/Taskly/src/Resources/js/Pages/Dashboard/StaffDashboard.tsx(52,95): error TS2344: Type 'StaffDashboardProps' does not satisfy the constraint 'PageProps'.
  Index signature for type 'string' is missing in type 'StaffDashboardProps'.
packages/dionone/Taskly/src/Resources/js/Pages/Dashboard/StaffDashboard.tsx(188,53): error TS2322: Type '{ children: string; size: string; className: string; }' is not assignable to type 'IntrinsicAttributes & BadgeProps'.
  Property 'size' does not exist on type 'IntrinsicAttributes & BadgeProps'.
packages/dionone/Taskly/src/Resources/js/Pages/Dashboard/StaffDashboard.tsx(239,56): error TS2322: Type '{ children: string; size: string; className: string; }' is not assignable to type 'IntrinsicAttributes & BadgeProps'.
  Property 'size' does not exist on type 'IntrinsicAttributes & BadgeProps'.
packages/dionone/Taskly/src/Resources/js/Pages/Dashboard/StaffDashboard.tsx(246,53): error TS2322: Type '{ children: string; size: string; variant: "secondary"; style: { backgroundColor: string; color: "#fff"; } | {}; }' is not assignable to type 'IntrinsicAttributes & BadgeProps'.
  Property 'size' does not exist on type 'IntrinsicAttributes & BadgeProps'.
packages/dionone/Taskly/src/Resources/js/Pages/Project/Create.tsx(94,59): error TS2339: Property 'toString' does not exist on type 'never'.
packages/dionone/Taskly/src/Resources/js/Pages/Project/Create.tsx(95,71): error TS2345: Argument of type 'number[]' is not assignable to parameter of type 'never[]'.
  Type 'number' is not assignable to type 'never'.
packages/dionone/Taskly/src/Resources/js/Pages/Project/Index.tsx(364,33): error TS2322: Type '{ currentView: "list" | "grid"; routeName: string; filters: { per_page: string; name: string; status: string; date: string; }; className: string; }' is not assignable to type 'IntrinsicAttributes & ListGridToggleProps'.
  Property 'className' does not exist on type 'IntrinsicAttributes & ListGridToggleProps'.
packages/dionone/Taskly/src/Resources/js/Pages/Project/View.tsx(87,136): error TS2344: Type 'ShowProps' does not satisfy the constraint 'PageProps'.
  Index signature for type 'string' is missing in type 'ShowProps'.
packages/dionone/Taskly/src/Resources/js/Pages/Project/View.tsx(405,45): error TS2339: Property 'status' does not exist on type 'Project'.
packages/dionone/Taskly/src/Resources/js/Pages/Project/View.tsx(406,45): error TS2339: Property 'status' does not exist on type 'Project'.
packages/dionone/Taskly/src/Resources/js/Pages/Project/View.tsx(409,48): error TS2339: Property 'status' does not exist on type 'Project'.
packages/dionone/Taskly/src/Resources/js/Pages/Project/View.tsx(414,93): error TS2339: Property 'start_date' does not exist on type 'Project'.
packages/dionone/Taskly/src/Resources/js/Pages/Project/View.tsx(414,125): error TS2339: Property 'start_date' does not exist on type 'Project'.
packages/dionone/Taskly/src/Resources/js/Pages/Project/View.tsx(419,45): error TS2339: Property 'end_date' does not exist on type 'Project'.
packages/dionone/Taskly/src/Resources/js/Pages/Project/View.tsx(419,74): error TS2339: Property 'end_date' does not exist on type 'Project'.
packages/dionone/Taskly/src/Resources/js/Pages/Project/View.tsx(420,46): error TS2339: Property 'end_date' does not exist on type 'Project'.
packages/dionone/Taskly/src/Resources/js/Pages/Project/View.tsx(420,76): error TS2339: Property 'end_date' does not exist on type 'Project'.
packages/dionone/Taskly/src/Resources/js/Pages/Project/View.tsx(601,29): error TS2322: Type '{ data: { [key: string]: any; name: string; }[]; dataKey: string; xAxisKey: string; height: number; showGrid: false; lines: { dataKey: string; color: string; name: string; }[]; margin: { left: number; right: number; top: number; bottom: number; }; }' is not assignable to type 'IntrinsicAttributes & LineChartProps'.
  Property 'margin' does not exist on type 'IntrinsicAttributes & LineChartProps'.
packages/dionone/Taskly/src/Resources/js/Pages/Project/View.tsx(935,67): error TS2339: Property 'toString' does not exist on type 'never'.
packages/dionone/Taskly/src/Resources/js/Pages/Project/View.tsx(936,79): error TS2345: Argument of type 'number[]' is not assignable to parameter of type 'never[]'.
  Type 'number' is not assignable to type 'never'.
packages/dionone/Taskly/src/Resources/js/Pages/Project/View.tsx(966,75): error TS2339: Property 'toString' does not exist on type 'never'.
packages/dionone/Taskly/src/Resources/js/Pages/Project/View.tsx(967,87): error TS2345: Argument of type 'number[]' is not assignable to parameter of type 'never[]'.
  Type 'number' is not assignable to type 'never'.
packages/dionone/Taskly/src/Resources/js/Pages/Report/Index.tsx(55,47): error TS2344: Type 'ProjectReportIndexProps' does not satisfy the constraint 'PageProps'.
  Index signature for type 'string' is missing in type 'ProjectReportIndexProps'.
packages/dionone/Taskly/src/Resources/js/Pages/Report/View.tsx(55,108): error TS2344: Type 'ProjectReportViewProps' does not satisfy the constraint 'PageProps'.
  Index signature for type 'string' is missing in type 'ProjectReportViewProps'.
packages/dionone/Taskly/src/Resources/js/Pages/Report/View.tsx(119,101): error TS2345: Argument of type 'string | undefined' is not assignable to parameter of type 'string | Date'.
  Type 'undefined' is not assignable to type 'string | Date'.
packages/dionone/Taskly/src/Resources/js/Pages/Report/View.tsx(122,99): error TS2345: Argument of type 'string | undefined' is not assignable to parameter of type 'string | Date'.
  Type 'undefined' is not assignable to type 'string | Date'.
packages/dionone/Taskly/src/Resources/js/Pages/Report/View.tsx(205,45): error TS2322: Type '{ data: { name: string; value: number; color?: string | undefined; }[]; dataKey: string; nameKey: string; height: number; outerRadius: number; showLabels: false; showLegend: false; showTooltip: true; colors: (string | undefined)[]; }' is not assignable to type 'IntrinsicAttributes & PieChartProps'.
  Property 'colors' does not exist on type 'IntrinsicAttributes & PieChartProps'.
packages/dionone/Taskly/src/Resources/js/Pages/Report/View.tsx(349,86): error TS2345: Argument of type 'string | undefined' is not assignable to parameter of type 'string | Date'.
  Type 'undefined' is not assignable to type 'string | Date'.
packages/dionone/Taskly/src/Resources/js/Pages/Report/View.tsx(350,86): error TS2345: Argument of type 'string | undefined' is not assignable to parameter of type 'string | Date'.
  Type 'undefined' is not assignable to type 'string | Date'.
packages/dionone/Taskly/src/Resources/js/Pages/SystemSetup/BugStages/Edit.tsx(10,32): error TS2339: Property 'bugStage' does not exist on type 'EditBugStageProps'.
packages/dionone/Taskly/src/Resources/js/Pages/SystemSetup/BugStages/Index.tsx(61,37): error TS2488: Type 'PaginatedBugStages' must have a '[Symbol.iterator]()' method that returns an iterator.
packages/dionone/Taskly/src/Resources/js/Pages/SystemSetup/BugStages/Index.tsx(175,44): error TS2339: Property 'length' does not exist on type 'PaginatedBugStages'.
packages/dionone/Taskly/src/Resources/js/Pages/SystemSetup/BugStages/Index.tsx(177,52): error TS2339: Property 'map' does not exist on type 'PaginatedBugStages'.
packages/dionone/Taskly/src/Resources/js/Pages/SystemSetup/BugStages/Index.tsx(177,57): error TS7006: Parameter 'stage' implicitly has an 'any' type.
packages/dionone/Taskly/src/Resources/js/Pages/SystemSetup/BugStages/Index.tsx(177,64): error TS7006: Parameter 'index' implicitly has an 'any' type.
packages/dionone/Taskly/src/Resources/js/Pages/SystemSetup/BugStages/Index.tsx(185,73): error TS2339: Property 'length' does not exist on type 'PaginatedBugStages'.
packages/dionone/Taskly/src/Resources/js/Pages/SystemSetup/BugStages/Index.tsx(201,86): error TS2339: Property 'length' does not exist on type 'PaginatedBugStages'.
packages/dionone/Taskly/src/Resources/js/Pages/SystemSetup/BugStages/Index.tsx(266,29): error TS2322: Type '{ bugStage: BugStage; onSuccess: () => void; }' is not assignable to type 'IntrinsicAttributes & EditBugStageProps'.
  Property 'bugStage' does not exist on type 'IntrinsicAttributes & EditBugStageProps'.
packages/dionone/Taskly/src/Resources/js/Pages/SystemSetup/TaskStages/Edit.tsx(10,32): error TS2339: Property 'taskStage' does not exist on type 'EditTaskStageProps'.
packages/dionone/Taskly/src/Resources/js/Pages/SystemSetup/TaskStages/Index.tsx(60,37): error TS2488: Type 'PaginatedTaskStages' must have a '[Symbol.iterator]()' method that returns an iterator.
packages/dionone/Taskly/src/Resources/js/Pages/SystemSetup/TaskStages/Index.tsx(172,45): error TS2339: Property 'length' does not exist on type 'PaginatedTaskStages'.
packages/dionone/Taskly/src/Resources/js/Pages/SystemSetup/TaskStages/Index.tsx(174,53): error TS2339: Property 'map' does not exist on type 'PaginatedTaskStages'.
packages/dionone/Taskly/src/Resources/js/Pages/SystemSetup/TaskStages/Index.tsx(174,58): error TS7006: Parameter 'stage' implicitly has an 'any' type.
packages/dionone/Taskly/src/Resources/js/Pages/SystemSetup/TaskStages/Index.tsx(174,65): error TS7006: Parameter 'index' implicitly has an 'any' type.
packages/dionone/Taskly/src/Resources/js/Pages/SystemSetup/TaskStages/Index.tsx(182,74): error TS2339: Property 'length' does not exist on type 'PaginatedTaskStages'.
packages/dionone/Taskly/src/Resources/js/Pages/SystemSetup/TaskStages/Index.tsx(198,87): error TS2339: Property 'length' does not exist on type 'PaginatedTaskStages'.
packages/dionone/Taskly/src/Resources/js/Pages/SystemSetup/TaskStages/Index.tsx(263,29): error TS2322: Type '{ taskStage: TaskStage; onSuccess: () => void; }' is not assignable to type 'IntrinsicAttributes & EditTaskStageProps'.
  Property 'taskStage' does not exist on type 'IntrinsicAttributes & EditTaskStageProps'.
packages/dionone/Taskly/src/Resources/js/Pages/Tasks/Calendar.tsx(37,45): error TS2344: Type 'CalendarProps' does not satisfy the constraint 'PageProps'.
  Index signature for type 'string' is missing in type 'CalendarProps'.
packages/dionone/Taskly/src/Resources/js/Pages/Tasks/Calendar.tsx(82,25): error TS2719: Type 'CalendarEvent[]' is not assignable to type 'CalendarEvent[]'. Two different types with this name exist, but they are unrelated.
  Type 'CalendarEvent' is not assignable to type 'CalendarEvent'. Two different types with this name exist, but they are unrelated.
    Types of property 'id' are incompatible.
      Type 'string | number' is not assignable to type 'number'.
        Type 'string' is not assignable to type 'number'.
packages/dionone/Taskly/src/Resources/js/Pages/Tasks/Create.tsx(304,84): error TS2345: Argument of type 'string | string[]' is not assignable to parameter of type 'string[] | undefined'.
  Type 'string' is not assignable to type 'string[]'.
packages/dionone/Taskly/src/Resources/js/Pages/Tasks/View.tsx(156,49): error TS7006: Parameter 'user' implicitly has an 'any' type.
packages/dionone/Taskly/src/Resources/js/Pages/Tasks/View.tsx(156,55): error TS7006: Parameter 'index' implicitly has an 'any' type.
packages/dionone/Taskly/src/Resources/js/Pages/Tasks/View.tsx(238,13): error TS2322: Type 'number' is not assignable to type 'null'.
packages/dionone/Timesheet/src/Resources/js/menus/company-menu.ts(4,14): error TS2300: Duplicate identifier 'route'.
packages/dionone/Timesheet/src/Resources/js/Pages/Index.tsx(66,78): error TS2344: Type 'TimesheetIndexProps' does not satisfy the constraint 'PageProps'.
  Index signature for type 'string' is missing in type 'TimesheetIndexProps'.
packages/dionone/Timesheet/src/Resources/js/Pages/Index.tsx(473,29): error TS2740: Type '{ data: Timesheet[]; links: any; meta: any; }' is missing the following properties from type '{ current_page: number; last_page: number; per_page: number; total: number; from: number; to: number; }': current_page, last_page, per_page, total, and 2 more.
packages/dionone/Timesheet/src/Resources/js/Pages/Index.tsx(503,29): error TS2741: Property 'user_id' is missing in type 'Timesheet' but required in type 'Timesheet'.
packages/dionone/Training/src/Resources/js/menus/company-menu.ts(4,14): error TS2300: Duplicate identifier 'route'.
packages/dionone/Training/src/Resources/js/Pages/feedbacks/index.tsx(26,27): error TS7006: Parameter 'e' implicitly has an 'any' type.
packages/dionone/Training/src/Resources/js/Pages/feedbacks/index.tsx(28,54): error TS18046: 'task' is of type 'unknown'.
packages/dionone/Training/src/Resources/js/Pages/feedbacks/index.tsx(36,26): error TS7006: Parameter 'rating' implicitly has an 'any' type.
packages/dionone/Training/src/Resources/js/Pages/feedbacks/index.tsx(45,54): error TS2721: Cannot invoke an object which is possibly 'null'.
packages/dionone/Training/src/Resources/js/Pages/feedbacks/index.tsx(59,25): error TS18046: 'task' is of type 'unknown'.
packages/dionone/Training/src/Resources/js/Pages/feedbacks/index.tsx(59,91): error TS18046: 'task' is of type 'unknown'.
packages/dionone/Training/src/Resources/js/Pages/feedbacks/index.tsx(60,25): error TS18046: 'task' is of type 'unknown'.
packages/dionone/Training/src/Resources/js/Pages/feedbacks/index.tsx(60,82): error TS18046: 'task' is of type 'unknown'.
packages/dionone/Training/src/Resources/js/Pages/feedbacks/index.tsx(63,27): error TS18046: 'task' is of type 'unknown'.
packages/dionone/Training/src/Resources/js/Pages/feedbacks/index.tsx(67,26): error TS18046: 'auth' is of type 'unknown'.
packages/dionone/Training/src/Resources/js/Pages/feedbacks/index.tsx(94,34): error TS18046: 'feedbacks' is of type 'unknown'.
packages/dionone/Training/src/Resources/js/Pages/feedbacks/index.tsx(98,73): error TS18046: 'task' is of type 'unknown'.
packages/dionone/Training/src/Resources/js/Pages/feedbacks/index.tsx(103,22): error TS18046: 'feedbacks' is of type 'unknown'.
packages/dionone/Training/src/Resources/js/Pages/feedbacks/index.tsx(113,30): error TS18046: 'feedbacks' is of type 'unknown'.
packages/dionone/Training/src/Resources/js/Pages/feedbacks/index.tsx(113,45): error TS7006: Parameter 'feedback' implicitly has an 'any' type.
packages/dionone/Training/src/Resources/js/Pages/feedbacks/index.tsx(113,55): error TS7006: Parameter 'index' implicitly has an 'any' type.
packages/dionone/Training/src/Resources/js/Pages/feedbacks/index.tsx(155,61): error TS2345: Argument of type '(rating: any) => void' is not assignable to parameter of type 'null | undefined'.
packages/dionone/Training/src/Resources/js/Pages/feedbacks/index.tsx(155,62): error TS7006: Parameter 'rating' implicitly has an 'any' type.
packages/dionone/Training/src/Resources/js/Pages/tasks/create.tsx(12,38): error TS7031: Binding element 'onSuccess' implicitly has an 'any' type.
packages/dionone/Training/src/Resources/js/Pages/tasks/create.tsx(12,49): error TS7031: Binding element 'training' implicitly has an 'any' type.
packages/dionone/Training/src/Resources/js/Pages/tasks/create.tsx(12,59): error TS7031: Binding element 'users' implicitly has an 'any' type.
packages/dionone/Training/src/Resources/js/Pages/tasks/create.tsx(22,27): error TS7006: Parameter 'e' implicitly has an 'any' type.
packages/dionone/Training/src/Resources/js/Pages/tasks/create.tsx(68,42): error TS7006: Parameter 'user' implicitly has an 'any' type.
packages/dionone/Training/src/Resources/js/Pages/tasks/edit.tsx(12,36): error TS7031: Binding element 'onSuccess' implicitly has an 'any' type.
packages/dionone/Training/src/Resources/js/Pages/tasks/edit.tsx(12,47): error TS7031: Binding element 'training' implicitly has an 'any' type.
packages/dionone/Training/src/Resources/js/Pages/tasks/edit.tsx(12,57): error TS7031: Binding element 'users' implicitly has an 'any' type.
packages/dionone/Training/src/Resources/js/Pages/tasks/edit.tsx(12,64): error TS7031: Binding element 'task' implicitly has an 'any' type.
packages/dionone/Training/src/Resources/js/Pages/tasks/edit.tsx(22,27): error TS7006: Parameter 'e' implicitly has an 'any' type.
packages/dionone/Training/src/Resources/js/Pages/tasks/edit.tsx(67,42): error TS7006: Parameter 'user' implicitly has an 'any' type.
packages/dionone/Training/src/Resources/js/Pages/tasks/index.tsx(23,26): error TS18046: 'tasks' is of type 'unknown'.
packages/dionone/Training/src/Resources/js/Pages/tasks/index.tsx(23,53): error TS7006: Parameter 'a' implicitly has an 'any' type.
packages/dionone/Training/src/Resources/js/Pages/tasks/index.tsx(23,56): error TS7006: Parameter 'b' implicitly has an 'any' type.
packages/dionone/Training/src/Resources/js/Pages/tasks/index.tsx(38,31): error TS7006: Parameter 'id' implicitly has an 'any' type.
packages/dionone/Training/src/Resources/js/Pages/tasks/index.tsx(61,24): error TS7006: Parameter 'mode' implicitly has an 'any' type.
packages/dionone/Training/src/Resources/js/Pages/tasks/index.tsx(79,31): error TS7006: Parameter 'taskId' implicitly has an 'any' type.
packages/dionone/Training/src/Resources/js/Pages/tasks/index.tsx(80,66): error TS18046: 'training' is of type 'unknown'.
packages/dionone/Training/src/Resources/js/Pages/tasks/index.tsx(91,22): error TS7006: Parameter 'value' implicitly has an 'any' type.
packages/dionone/Training/src/Resources/js/Pages/tasks/index.tsx(91,29): error TS7006: Parameter 'task' implicitly has an 'any' type.
packages/dionone/Training/src/Resources/js/Pages/tasks/index.tsx(96,22): error TS7006: Parameter 'value' implicitly has an 'any' type.
packages/dionone/Training/src/Resources/js/Pages/tasks/index.tsx(101,22): error TS7006: Parameter 'value' implicitly has an 'any' type.
packages/dionone/Training/src/Resources/js/Pages/tasks/index.tsx(107,72): error TS7053: Element implicitly has an 'any' type because expression of type 'any' can't be used to index type '{ pending: string; completed: string; }'.
packages/dionone/Training/src/Resources/js/Pages/tasks/index.tsx(116,22): error TS7006: Parameter '_' implicitly has an 'any' type.
packages/dionone/Training/src/Resources/js/Pages/tasks/index.tsx(116,25): error TS7006: Parameter 'task' implicitly has an 'any' type.
packages/dionone/Training/src/Resources/js/Pages/tasks/index.tsx(136,26): error TS18046: 'auth' is of type 'unknown'.
packages/dionone/Training/src/Resources/js/Pages/tasks/index.tsx(168,26): error TS18046: 'auth' is of type 'unknown'.
packages/dionone/Training/src/Resources/js/Pages/tasks/index.tsx(196,25): error TS18046: 'training' is of type 'unknown'.
packages/dionone/Training/src/Resources/js/Pages/tasks/index.tsx(199,27): error TS18046: 'training' is of type 'unknown'.
packages/dionone/Training/src/Resources/js/Pages/tasks/index.tsx(203,26): error TS18046: 'auth' is of type 'unknown'.
packages/dionone/Training/src/Resources/js/Pages/trainers/index.tsx(25,63): error TS2344: Type 'TrainersIndexProps' does not satisfy the constraint 'PageProps'.
  Index signature for type 'string' is missing in type 'TrainersIndexProps'.
packages/dionone/Training/src/Resources/js/Pages/trainers/index.tsx(302,25): error TS2740: Type '{ data: Trainer[]; links: any[]; meta: any; }' is missing the following properties from type '{ current_page: number; last_page: number; per_page: number; total: number; from: number; to: number; }': current_page, last_page, per_page, total, and 2 more.
packages/dionone/Training/src/Resources/js/Pages/training-types/edit.tsx(32,36): error TS2339: Property 'department_id' does not exist on type 'TrainingType'.
packages/dionone/Training/src/Resources/js/Pages/training-types/index.tsx(26,68): error TS2344: Type 'TrainingTypesIndexProps' does not satisfy the constraint 'PageProps'.
  Index signature for type 'string' is missing in type 'TrainingTypesIndexProps'.
packages/dionone/Training/src/Resources/js/Pages/training-types/index.tsx(29,65): error TS2345: Argument of type '{ name: string; branch_id: string; department_id: string; }' is not assignable to parameter of type 'TrainingTypeFilters | (() => TrainingTypeFilters)'.
  Property 'is_active' is missing in type '{ name: string; branch_id: string; department_id: string; }' but required in type 'TrainingTypeFilters'.
packages/dionone/Training/src/Resources/js/Pages/training-types/index.tsx(75,20): error TS2345: Argument of type '{ name: string; branch_id: string; department_id: string; }' is not assignable to parameter of type 'SetStateAction<TrainingTypeFilters>'.
  Property 'is_active' is missing in type '{ name: string; branch_id: string; department_id: string; }' but required in type 'TrainingTypeFilters'.
packages/dionone/Training/src/Resources/js/Pages/training-types/index.tsx(104,86): error TS2339: Property 'branch_name' does not exist on type '{ id: number; name: string; }'.
packages/dionone/Training/src/Resources/js/Pages/training-types/index.tsx(109,78): error TS2339: Property 'department' does not exist on type 'TrainingType'.
packages/dionone/Training/src/Resources/js/Pages/training-types/index.tsx(296,25): error TS2740: Type '{ data: TrainingType[]; links: any[]; meta: any; }' is missing the following properties from type '{ current_page: number; last_page: number; per_page: number; total: number; from: number; to: number; }': current_page, last_page, per_page, total, and 2 more.
packages/dionone/Training/src/Resources/js/Pages/trainings/edit.tsx(77,59): error TS2339: Property 'branch_id' does not exist on type 'User'.
packages/dionone/Training/src/Resources/js/Pages/trainings/edit.tsx(141,97): error TS2345: Argument of type 'string' is not assignable to parameter of type '"completed" | "cancelled" | "scheduled" | "ongoing"'.
packages/dionone/Training/src/Resources/js/Pages/trainings/index.tsx(27,96): error TS2344: Type 'TrainingsIndexProps' does not satisfy the constraint 'PageProps'.
  Index signature for type 'string' is missing in type 'TrainingsIndexProps'.
packages/dionone/Training/src/Resources/js/Pages/trainings/index.tsx(515,25): error TS2740: Type '{ data: Training[]; links: any[]; meta: any; }' is missing the following properties from type '{ current_page: number; last_page: number; per_page: number; total: number; from: number; to: number; }': current_page, last_page, per_page, total, and 2 more.
packages/dionone/ZoomMeeting/src/Resources/js/menus/company-menu.ts(4,14): error TS2300: Duplicate identifier 'route'.
packages/dionone/ZoomMeeting/src/Resources/js/Pages/ZoomMeetings/Edit.tsx(23,56): error TS2769: No overload matches this call.
  Overload 1 of 2, '(initialValues?: EditZoomMeetingFormData | undefined): InertiaFormProps<EditZoomMeetingFormData>', gave the following error.
    Type 'number' is not assignable to type 'string'.
  Overload 2 of 2, '(rememberKey: string, initialValues?: EditZoomMeetingFormData | undefined): InertiaFormProps<EditZoomMeetingFormData>', gave the following error.
    Argument of type '{ title: string; description: string; meeting_password: string; start_time: any; duration: number; host_video: boolean; participant_video: boolean; waiting_room: boolean; recording: boolean; participants: string[]; host_id: string; }' is not assignable to parameter of type 'string'.
packages/dionone/ZoomMeeting/src/Resources/js/Pages/ZoomMeetings/Index.tsx(38,9): error TS2353: Object literal may only specify known properties, and 'meeting_id' does not exist in type 'ZoomMeetingFilters | (() => ZoomMeetingFilters)'.
packages/dionone/ZoomMeeting/src/Resources/js/Pages/ZoomMeetings/Index.tsx(103,13): error TS2353: Object literal may only specify known properties, and 'meeting_id' does not exist in type 'SetStateAction<ZoomMeetingFilters>'.
packages/dionone/ZoomMeeting/src/Resources/js/Pages/ZoomMeetings/Index.tsx(223,109): error TS7053: Element implicitly has an 'any' type because expression of type 'any' can't be used to index type '{ Scheduled: string; Started: string; Ended: string; Cancelled: string; }'.
packages/dionone/ZoomMeeting/src/Resources/js/Pages/ZoomMeetings/Index.tsx(246,72): error TS7053: Element implicitly has an 'any' type because expression of type 'any' can't be used to index type '{ Scheduled: string; Started: string; Ended: string; Cancelled: string; }'.
packages/dionone/ZoomMeeting/src/Resources/js/Pages/ZoomMeetings/Index.tsx(266,88): error TS2339: Property 'join_url' does not exist on type 'ZoomMeeting'.
packages/dionone/ZoomMeeting/src/Resources/js/Pages/ZoomMeetings/Index.tsx(283,88): error TS2339: Property 'start_url' does not exist on type 'ZoomMeeting'.
packages/dionone/ZoomMeeting/src/Resources/js/Pages/ZoomMeetings/Index.tsx(460,104): error TS2339: Property 'meeting_id' does not exist on type 'ZoomMeetingFilters'.
packages/dionone/ZoomMeeting/src/Resources/js/Pages/ZoomMeetings/Index.tsx(511,105): error TS2339: Property 'avatar' does not exist on type 'User'.
packages/dionone/ZoomMeeting/src/Resources/js/Pages/ZoomMeetings/Index.tsx(531,141): error TS7053: Element implicitly has an 'any' type because expression of type 'string' can't be used to index type '{ Scheduled: string; Started: string; Ended: string; Cancelled: string; }'.
  No index signature with a parameter of type 'string' was found on type '{ Scheduled: string; Started: string; Ended: string; Cancelled: string; }'.
packages/dionone/ZoomMeeting/src/Resources/js/Pages/ZoomMeetings/Index.tsx(612,116): error TS2339: Property 'join_url' does not exist on type 'ZoomMeeting'.
packages/dionone/ZoomMeeting/src/Resources/js/Pages/ZoomMeetings/Index.tsx(629,116): error TS2339: Property 'start_url' does not exist on type 'ZoomMeeting'.
packages/dionone/ZoomMeeting/src/Resources/js/Pages/ZoomMeetings/Index.tsx(693,100): error TS2339: Property 'meeting_id' does not exist on type 'ZoomMeetingFilters'.
packages/dionone/ZoomMeeting/src/Resources/js/Pages/ZoomMeetings/Show.tsx(85,123): error TS7053: Element implicitly has an 'any' type because expression of type 'string' can't be used to index type '{ Scheduled: string; Started: string; Ended: string; Cancelled: string; }'.
  No index signature with a parameter of type 'string' was found on type '{ Scheduled: string; Started: string; Ended: string; Cancelled: string; }'.
packages/dionone/ZoomMeeting/src/Resources/js/Pages/ZoomMeetings/Show.tsx(95,77): error TS2339: Property 'avatar' does not exist on type 'User'.
packages/dionone/ZoomMeeting/src/Resources/js/Pages/ZoomMeetings/Show.tsx(137,94): error TS2339: Property 'avatar' does not exist on type '{ id: number; name: string; }'.
packages/dionone/ZoomMeeting/src/Resources/js/Pages/ZoomMeetings/Show.tsx(195,58): error TS2339: Property 'join_url' does not exist on type 'ZoomMeeting'.
packages/dionone/ZoomMeeting/src/Resources/js/Pages/ZoomMeetings/Show.tsx(203,100): error TS2339: Property 'join_url' does not exist on type 'ZoomMeeting'.
packages/dionone/ZoomMeeting/src/Resources/js/Pages/ZoomMeetings/Show.tsx(219,58): error TS2339: Property 'start_url' does not exist on type 'ZoomMeeting'.
packages/dionone/ZoomMeeting/src/Resources/js/Pages/ZoomMeetings/Show.tsx(227,100): error TS2339: Property 'start_url' does not exist on type 'ZoomMeeting'.
packages/dionone/ZoomMeeting/src/Resources/js/Pages/ZoomMeetings/Show.tsx(250,84): error TS2339: Property 'join_url' does not exist on type 'ZoomMeeting'.
packages/dionone/ZoomMeeting/src/Resources/js/Pages/ZoomMeetings/Show.tsx(266,84): error TS2339: Property 'start_url' does not exist on type 'ZoomMeeting'.
resources/js/components/components/nav-main.tsx(60,53): error TS2339: Property 'activePaths' does not exist on type 'NavItem'.
resources/js/components/components/nav-main.tsx(62,23): error TS2339: Property 'activePaths' does not exist on type 'NavItem'.
resources/js/components/components/nav-main.tsx(63,46): error TS2339: Property 'activePaths' does not exist on type 'NavItem'.
resources/js/components/components/nav-main.tsx(98,170): error TS2339: Property 'activePaths' does not exist on type 'NavItem'.
resources/js/components/components/nav-main.tsx(117,212): error TS2339: Property 'activePaths' does not exist on type 'NavItem'.
resources/js/hooks/hooks/usePageButtons.ts(3,31): error TS2307: Cannot find module '../utils/helpers' or its corresponding type declarations.
resources/js/pages/coupons/coupons/details.tsx(123,13): error TS2322: Type '{ children: Element[]; breadcrumbs: ({ label: string; url: string; } | { label: string; })[]; pageTitle: string; backUrl: string; }' is not assignable to type 'IntrinsicAttributes & { header?: ReactNode; breadcrumbs?: { label: string; url?: string | undefined; }[] | undefined; pageTitle?: string | undefined; pageActions?: ReactNode; className?: string | undefined; } & { ...; }'.
  Property 'backUrl' does not exist on type 'IntrinsicAttributes & { header?: ReactNode; breadcrumbs?: { label: string; url?: string | undefined; }[] | undefined; pageTitle?: string | undefined; pageActions?: ReactNode; className?: string | undefined; } & { ...; }'.
resources/js/pages/EmailTemplates/EmailTemplates/Edit.tsx(107,21): error TS2322: Type '{ children: Element[]; breadcrumbs: ({ label: string; url: string; } | { label: string; })[]; pageTitle: string; backUrl: string; }' is not assignable to type 'IntrinsicAttributes & { header?: ReactNode; breadcrumbs?: { label: string; url?: string | undefined; }[] | undefined; pageTitle?: string | undefined; pageActions?: ReactNode; className?: string | undefined; } & { ...; }'.
  Property 'backUrl' does not exist on type 'IntrinsicAttributes & { header?: ReactNode; breadcrumbs?: { label: string; url?: string | undefined; }[] | undefined; pageTitle?: string | undefined; pageActions?: ReactNode; className?: string | undefined; } & { ...; }'.
resources/js/pages/helpdesk/helpdesk/tickets/show.tsx(98,13): error TS2322: Type '{ children: Element[]; breadcrumbs: ({ label: string; url: string; } | { label: string; })[]; pageTitle: string; backUrl: string; }' is not assignable to type 'IntrinsicAttributes & { header?: ReactNode; breadcrumbs?: { label: string; url?: string | undefined; }[] | undefined; pageTitle?: string | undefined; pageActions?: ReactNode; className?: string | undefined; } & { ...; }'.
  Property 'backUrl' does not exist on type 'IntrinsicAttributes & { header?: ReactNode; breadcrumbs?: { label: string; url?: string | undefined; }[] | undefined; pageTitle?: string | undefined; pageActions?: ReactNode; className?: string | undefined; } & { ...; }'.
resources/js/pages/notification-templates/notification-templates/Edit.tsx(101,13): error TS2322: Type '{ children: Element[]; breadcrumbs: ({ label: string; url: string; } | { label: string; })[]; pageTitle: string; backUrl: string; }' is not assignable to type 'IntrinsicAttributes & { header?: ReactNode; breadcrumbs?: { label: string; url?: string | undefined; }[] | undefined; pageTitle?: string | undefined; pageActions?: ReactNode; className?: string | undefined; } & { ...; }'.
  Property 'backUrl' does not exist on type 'IntrinsicAttributes & { header?: ReactNode; breadcrumbs?: { label: string; url?: string | undefined; }[] | undefined; pageTitle?: string | undefined; pageActions?: ReactNode; className?: string | undefined; } & { ...; }'.
resources/js/pages/plans/plans/create.tsx(34,13): error TS2322: Type '{ children: Element[]; breadcrumbs: ({ label: string; url: string; } | { label: string; })[]; pageTitle: string; backUrl: string; }' is not assignable to type 'IntrinsicAttributes & { header?: ReactNode; breadcrumbs?: { label: string; url?: string | undefined; }[] | undefined; pageTitle?: string | undefined; pageActions?: ReactNode; className?: string | undefined; } & { ...; }'.
  Property 'backUrl' does not exist on type 'IntrinsicAttributes & { header?: ReactNode; breadcrumbs?: { label: string; url?: string | undefined; }[] | undefined; pageTitle?: string | undefined; pageActions?: ReactNode; className?: string | undefined; } & { ...; }'.
resources/js/pages/plans/plans/edit.tsx(50,13): error TS2322: Type '{ children: Element[]; breadcrumbs: ({ label: string; url: string; } | { label: string; })[]; pageTitle: string; backUrl: string; }' is not assignable to type 'IntrinsicAttributes & { header?: ReactNode; breadcrumbs?: { label: string; url?: string | undefined; }[] | undefined; pageTitle?: string | undefined; pageActions?: ReactNode; className?: string | undefined; } & { ...; }'.
  Property 'backUrl' does not exist on type 'IntrinsicAttributes & { header?: ReactNode; breadcrumbs?: { label: string; url?: string | undefined; }[] | undefined; pageTitle?: string | undefined; pageActions?: ReactNode; className?: string | undefined; } & { ...; }'.
resources/js/pages/plans/plans/subscribe.tsx(66,13): error TS2322: Type '{ children: Element[]; breadcrumbs: ({ label: string; url: string; } | { label: string; })[]; pageTitle: string; backUrl: string; }' is not assignable to type 'IntrinsicAttributes & { header?: ReactNode; breadcrumbs?: { label: string; url?: string | undefined; }[] | undefined; pageTitle?: string | undefined; pageActions?: ReactNode; className?: string | undefined; } & { ...; }'.
  Property 'backUrl' does not exist on type 'IntrinsicAttributes & { header?: ReactNode; breadcrumbs?: { label: string; url?: string | undefined; }[] | undefined; pageTitle?: string | undefined; pageActions?: ReactNode; className?: string | undefined; } & { ...; }'.
resources/js/pages/Purchase/Purchase/Create.tsx(72,13): error TS2322: Type '{ children: Element[]; breadcrumbs: ({ label: string; url: string; } | { label: string; })[]; pageTitle: string; backUrl: string; }' is not assignable to type 'IntrinsicAttributes & { header?: ReactNode; breadcrumbs?: { label: string; url?: string | undefined; }[] | undefined; pageTitle?: string | undefined; pageActions?: ReactNode; className?: string | undefined; } & { ...; }'.
  Property 'backUrl' does not exist on type 'IntrinsicAttributes & { header?: ReactNode; breadcrumbs?: { label: string; url?: string | undefined; }[] | undefined; pageTitle?: string | undefined; pageActions?: ReactNode; className?: string | undefined; } & { ...; }'.
resources/js/pages/Purchase/Purchase/Edit.tsx(78,13): error TS2322: Type '{ children: Element[]; breadcrumbs: ({ label: string; url: string; } | { label: string; })[]; pageTitle: string; backUrl: string; }' is not assignable to type 'IntrinsicAttributes & { header?: ReactNode; breadcrumbs?: { label: string; url?: string | undefined; }[] | undefined; pageTitle?: string | undefined; pageActions?: ReactNode; className?: string | undefined; } & { ...; }'.
  Property 'backUrl' does not exist on type 'IntrinsicAttributes & { header?: ReactNode; breadcrumbs?: { label: string; url?: string | undefined; }[] | undefined; pageTitle?: string | undefined; pageActions?: ReactNode; className?: string | undefined; } & { ...; }'.
resources/js/pages/Purchase/Purchase/View.tsx(46,13): error TS2322: Type '{ children: Element[]; breadcrumbs: ({ label: string; url: string; } | { label: string; })[]; pageTitle: string; backUrl: string; }' is not assignable to type 'IntrinsicAttributes & { header?: ReactNode; breadcrumbs?: { label: string; url?: string | undefined; }[] | undefined; pageTitle?: string | undefined; pageActions?: ReactNode; className?: string | undefined; } & { ...; }'.
  Property 'backUrl' does not exist on type 'IntrinsicAttributes & { header?: ReactNode; breadcrumbs?: { label: string; url?: string | undefined; }[] | undefined; pageTitle?: string | undefined; pageActions?: ReactNode; className?: string | undefined; } & { ...; }'.
resources/js/pages/PurchaseReturns/PurchaseReturns/Create.tsx(173,13): error TS2322: Type '{ children: Element[]; breadcrumbs: ({ label: string; url: string; } | { label: string; })[]; pageTitle: string; backUrl: string; }' is not assignable to type 'IntrinsicAttributes & { header?: ReactNode; breadcrumbs?: { label: string; url?: string | undefined; }[] | undefined; pageTitle?: string | undefined; pageActions?: ReactNode; className?: string | undefined; } & { ...; }'.
  Property 'backUrl' does not exist on type 'IntrinsicAttributes & { header?: ReactNode; breadcrumbs?: { label: string; url?: string | undefined; }[] | undefined; pageTitle?: string | undefined; pageActions?: ReactNode; className?: string | undefined; } & { ...; }'.
resources/js/pages/PurchaseReturns/PurchaseReturns/View.tsx(36,13): error TS2322: Type '{ children: Element[]; breadcrumbs: ({ label: string; url: string; } | { label: string; })[]; pageTitle: string; backUrl: string; }' is not assignable to type 'IntrinsicAttributes & { header?: ReactNode; breadcrumbs?: { label: string; url?: string | undefined; }[] | undefined; pageTitle?: string | undefined; pageActions?: ReactNode; className?: string | undefined; } & { ...; }'.
  Property 'backUrl' does not exist on type 'IntrinsicAttributes & { header?: ReactNode; breadcrumbs?: { label: string; url?: string | undefined; }[] | undefined; pageTitle?: string | undefined; pageActions?: ReactNode; className?: string | undefined; } & { ...; }'.
resources/js/pages/roles/roles/create.tsx(69,13): error TS2322: Type '{ children: Element[]; breadcrumbs: ({ label: string; url: string; } | { label: string; })[]; pageTitle: string; backUrl: string; className: string; }' is not assignable to type 'IntrinsicAttributes & { header?: ReactNode; breadcrumbs?: { label: string; url?: string | undefined; }[] | undefined; pageTitle?: string | undefined; pageActions?: ReactNode; className?: string | undefined; } & { ...; }'.
  Property 'backUrl' does not exist on type 'IntrinsicAttributes & { header?: ReactNode; breadcrumbs?: { label: string; url?: string | undefined; }[] | undefined; pageTitle?: string | undefined; pageActions?: ReactNode; className?: string | undefined; } & { ...; }'.
resources/js/pages/roles/roles/edit.tsx(69,13): error TS2322: Type '{ children: Element[]; breadcrumbs: ({ label: string; url: string; } | { label: string; })[]; pageTitle: string; backUrl: string; className: string; }' is not assignable to type 'IntrinsicAttributes & { header?: ReactNode; breadcrumbs?: { label: string; url?: string | undefined; }[] | undefined; pageTitle?: string | undefined; pageActions?: ReactNode; className?: string | undefined; } & { ...; }'.
  Property 'backUrl' does not exist on type 'IntrinsicAttributes & { header?: ReactNode; breadcrumbs?: { label: string; url?: string | undefined; }[] | undefined; pageTitle?: string | undefined; pageActions?: ReactNode; className?: string | undefined; } & { ...; }'.
resources/js/pages/Sales/Sales/Create.tsx(138,13): error TS2322: Type '{ children: Element[]; breadcrumbs: ({ label: string; url: string; } | { label: string; })[]; pageTitle: string; backUrl: string; }' is not assignable to type 'IntrinsicAttributes & { header?: ReactNode; breadcrumbs?: { label: string; url?: string | undefined; }[] | undefined; pageTitle?: string | undefined; pageActions?: ReactNode; className?: string | undefined; } & { ...; }'.
  Property 'backUrl' does not exist on type 'IntrinsicAttributes & { header?: ReactNode; breadcrumbs?: { label: string; url?: string | undefined; }[] | undefined; pageTitle?: string | undefined; pageActions?: ReactNode; className?: string | undefined; } & { ...; }'.
resources/js/pages/Sales/Sales/Edit.tsx(116,13): error TS2322: Type '{ children: Element[]; breadcrumbs: ({ label: string; url: string; } | { label: string; })[]; pageTitle: string; backUrl: string; }' is not assignable to type 'IntrinsicAttributes & { header?: ReactNode; breadcrumbs?: { label: string; url?: string | undefined; }[] | undefined; pageTitle?: string | undefined; pageActions?: ReactNode; className?: string | undefined; } & { ...; }'.
  Property 'backUrl' does not exist on type 'IntrinsicAttributes & { header?: ReactNode; breadcrumbs?: { label: string; url?: string | undefined; }[] | undefined; pageTitle?: string | undefined; pageActions?: ReactNode; className?: string | undefined; } & { ...; }'.
resources/js/pages/Sales/Sales/View.tsx(43,13): error TS2322: Type '{ children: Element[]; breadcrumbs: ({ label: string; url: string; } | { label: string; })[]; pageTitle: string; backUrl: string; }' is not assignable to type 'IntrinsicAttributes & { header?: ReactNode; breadcrumbs?: { label: string; url?: string | undefined; }[] | undefined; pageTitle?: string | undefined; pageActions?: ReactNode; className?: string | undefined; } & { ...; }'.
  Property 'backUrl' does not exist on type 'IntrinsicAttributes & { header?: ReactNode; breadcrumbs?: { label: string; url?: string | undefined; }[] | undefined; pageTitle?: string | undefined; pageActions?: ReactNode; className?: string | undefined; } & { ...; }'.
resources/js/pages/SalesProposals/SalesProposals/Create.tsx(93,13): error TS2322: Type '{ children: Element[]; breadcrumbs: ({ label: string; url: string; } | { label: string; })[]; pageTitle: string; backUrl: string; }' is not assignable to type 'IntrinsicAttributes & { header?: ReactNode; breadcrumbs?: { label: string; url?: string | undefined; }[] | undefined; pageTitle?: string | undefined; pageActions?: ReactNode; className?: string | undefined; } & { ...; }'.
  Property 'backUrl' does not exist on type 'IntrinsicAttributes & { header?: ReactNode; breadcrumbs?: { label: string; url?: string | undefined; }[] | undefined; pageTitle?: string | undefined; pageActions?: ReactNode; className?: string | undefined; } & { ...; }'.
resources/js/pages/SalesProposals/SalesProposals/Edit.tsx(5,31): error TS2307: Cannot find module '../Sales/components/InvoiceItemsTable' or its corresponding type declarations.
resources/js/pages/SalesProposals/SalesProposals/Edit.tsx(6,60): error TS2307: Cannot find module '../Sales/components/TaxCalculator' or its corresponding type declarations.
resources/js/pages/SalesProposals/SalesProposals/Edit.tsx(103,13): error TS2322: Type '{ children: Element[]; breadcrumbs: ({ label: string; url: string; } | { label: string; })[]; pageTitle: string; backUrl: string; }' is not assignable to type 'IntrinsicAttributes & { header?: ReactNode; breadcrumbs?: { label: string; url?: string | undefined; }[] | undefined; pageTitle?: string | undefined; pageActions?: ReactNode; className?: string | undefined; } & { ...; }'.
  Property 'backUrl' does not exist on type 'IntrinsicAttributes & { header?: ReactNode; breadcrumbs?: { label: string; url?: string | undefined; }[] | undefined; pageTitle?: string | undefined; pageActions?: ReactNode; className?: string | undefined; } & { ...; }'.
resources/js/pages/SalesProposals/SalesProposals/Edit.tsx(245,44): error TS7006: Parameter 'items' implicitly has an 'any' type.
resources/js/pages/SalesProposals/SalesProposals/View.tsx(80,13): error TS2322: Type '{ children: Element[]; breadcrumbs: ({ label: string; url: string; } | { label: string; })[]; pageTitle: string; backUrl: string; }' is not assignable to type 'IntrinsicAttributes & { header?: ReactNode; breadcrumbs?: { label: string; url?: string | undefined; }[] | undefined; pageTitle?: string | undefined; pageActions?: ReactNode; className?: string | undefined; } & { ...; }'.
  Property 'backUrl' does not exist on type 'IntrinsicAttributes & { header?: ReactNode; breadcrumbs?: { label: string; url?: string | undefined; }[] | undefined; pageTitle?: string | undefined; pageActions?: ReactNode; className?: string | undefined; } & { ...; }'.
resources/js/pages/SalesReturns/SalesReturns/Create.tsx(172,13): error TS2322: Type '{ children: Element[]; breadcrumbs: ({ label: string; url: string; } | { label: string; })[]; pageTitle: string; backUrl: string; }' is not assignable to type 'IntrinsicAttributes & { header?: ReactNode; breadcrumbs?: { label: string; url?: string | undefined; }[] | undefined; pageTitle?: string | undefined; pageActions?: ReactNode; className?: string | undefined; } & { ...; }'.
  Property 'backUrl' does not exist on type 'IntrinsicAttributes & { header?: ReactNode; breadcrumbs?: { label: string; url?: string | undefined; }[] | undefined; pageTitle?: string | undefined; pageActions?: ReactNode; className?: string | undefined; } & { ...; }'.
resources/js/pages/SalesReturns/SalesReturns/View.tsx(36,13): error TS2322: Type '{ children: Element[]; breadcrumbs: ({ label: string; url: string; } | { label: string; })[]; pageTitle: string; backUrl: string; }' is not assignable to type 'IntrinsicAttributes & { header?: ReactNode; breadcrumbs?: { label: string; url?: string | undefined; }[] | undefined; pageTitle?: string | undefined; pageActions?: ReactNode; className?: string | undefined; } & { ...; }'.
  Property 'backUrl' does not exist on type 'IntrinsicAttributes & { header?: ReactNode; breadcrumbs?: { label: string; url?: string | undefined; }[] | undefined; pageTitle?: string | undefined; pageActions?: ReactNode; className?: string | undefined; } & { ...; }'.
resources/js/pages/users/users/login-history.tsx(158,13): error TS2322: Type '{ children: Element[]; breadcrumbs: ({ label: string; url: string; } | { label: string; })[]; pageTitle: string; backUrl: string; }' is not assignable to type 'IntrinsicAttributes & { header?: ReactNode; breadcrumbs?: { label: string; url?: string | undefined; }[] | undefined; pageTitle?: string | undefined; pageActions?: ReactNode; className?: string | undefined; } & { ...; }'.
  Property 'backUrl' does not exist on type 'IntrinsicAttributes & { header?: ReactNode; breadcrumbs?: { label: string; url?: string | undefined; }[] | undefined; pageTitle?: string | undefined; pageActions?: ReactNode; className?: string | undefined; } & { ...; }'.
